Copyright 1986-2022 Xilinx, Inc. All Rights Reserved.
------------------------------------------------------------------------------------------------------------------------------------------------------------------------------------------------------------------
| Tool Version : Vivado v.2022.2 (lin64) Build 3671981 Fri Oct 14 04:59:54 MDT 2022
| Date         : Thu Sep 10 00:12:03 2026
| Host         : gauss running 64-bit Ubuntu 26.04 LTS
| Command      : report_timing_summary -delay_type min_max -max_paths 10 -file /tmp/starlink-coarse-alternatives.Y3JzOI/direct-coarse/hdl/library/starlink_pss_direct_coarse/build/ooc-fabric-postadds/timing.rpt
| Design       : starlink_pss_direct_mac6
| Device       : 7z010-clg400
| Speed File   : -1  PRODUCTION 1.12 2019-11-22
------------------------------------------------------------------------------------------------------------------------------------------------------------------------------------------------------------------

Timing Summary Report

------------------------------------------------------------------------------------------------
| Timer Settings
| --------------
------------------------------------------------------------------------------------------------

  Enable Multi Corner Analysis               :  Yes
  Enable Pessimism Removal                   :  Yes
  Pessimism Removal Resolution               :  Nearest Common Node
  Enable Input Delay Default Clock           :  No
  Enable Preset / Clear Arcs                 :  No
  Disable Flight Delays                      :  No
  Ignore I/O Paths                           :  No
  Timing Early Launch at Borrowing Latches   :  No
  Borrow Time for Max Delay Exceptions       :  Yes
  Merge Timing Exceptions                    :  Yes

  Corner  Analyze    Analyze    
  Name    Max Paths  Min Paths  
  ------  ---------  ---------  
  Slow    Yes        Yes        
  Fast    Yes        Yes        


------------------------------------------------------------------------------------------------
| Report Methodology
| ------------------
------------------------------------------------------------------------------------------------

No report available as report_methodology has not been run prior. Run report_methodology on the current design for the summary of methodology violations.



check_timing report

Table of Contents
-----------------
1. checking no_clock (0)
2. checking constant_clock (0)
3. checking pulse_width_clock (0)
4. checking unconstrained_internal_endpoints (0)
5. checking no_input_delay (0)
6. checking no_output_delay (0)
7. checking multiple_clock (0)
8. checking generated_clocks (0)
9. checking loops (0)
10. checking partial_input_delay (0)
11. checking partial_output_delay (0)
12. checking latch_loops (0)

1. checking no_clock (0)
------------------------
 There are 0 register/latch pins with no clock.


2. checking constant_clock (0)
------------------------------
 There are 0 register/latch pins with constant_clock.


3. checking pulse_width_clock (0)
---------------------------------
 There are 0 register/latch pins which need pulse_width check


4. checking unconstrained_internal_endpoints (0)
------------------------------------------------
 There are 0 pins that are not constrained for maximum delay.

 There are 0 pins that are not constrained for maximum delay due to constant clock.


5. checking no_input_delay (0)
------------------------------
 There are 0 input ports with no input delay specified.

 There are 0 input ports with no input delay but user has a false path constraint.


6. checking no_output_delay (0)
-------------------------------
 There are 0 ports with no output delay specified.

 There are 0 ports with no output delay but user has a false path constraint

 There are 0 ports with no output delay but with a timing clock defined on it or propagating through it


7. checking multiple_clock (0)
------------------------------
 There are 0 register/latch pins with multiple clocks.


8. checking generated_clocks (0)
--------------------------------
 There are 0 generated clocks that are not connected to a clock source.


9. checking loops (0)
---------------------
 There are 0 combinational loops in the design.


10. checking partial_input_delay (0)
------------------------------------
 There are 0 input ports with partial input delay specified.


11. checking partial_output_delay (0)
-------------------------------------
 There are 0 ports with partial output delay specified.


12. checking latch_loops (0)
----------------------------
 There are 0 combinational latch loops in the design through latch input



------------------------------------------------------------------------------------------------
| Design Timing Summary
| ---------------------
------------------------------------------------------------------------------------------------

    WNS(ns)      TNS(ns)  TNS Failing Endpoints  TNS Total Endpoints      WHS(ns)      THS(ns)  THS Failing Endpoints  THS Total Endpoints     WPWS(ns)     TPWS(ns)  TPWS Failing Endpoints  TPWS Total Endpoints  
    -------      -------  ---------------------  -------------------      -------      -------  ---------------------  -------------------     --------     --------  ----------------------  --------------------  
      0.453        0.000                      0                 6317       -0.713     -195.212                   1005                 6317        1.442        0.000                       0                  2556  


Timing constraints are not met.


------------------------------------------------------------------------------------------------
| Clock Summary
| -------------
------------------------------------------------------------------------------------------------

Clock        Waveform(ns)         Period(ns)      Frequency(MHz)
-----        ------------         ----------      --------------
service_clk  {0.000 2.500}        5.000           200.000         


------------------------------------------------------------------------------------------------
| Intra Clock Table
| -----------------
------------------------------------------------------------------------------------------------

Clock             WNS(ns)      TNS(ns)  TNS Failing Endpoints  TNS Total Endpoints      WHS(ns)      THS(ns)  THS Failing Endpoints  THS Total Endpoints     WPWS(ns)     TPWS(ns)  TPWS Failing Endpoints  TPWS Total Endpoints  
-----             -------      -------  ---------------------  -------------------      -------      -------  ---------------------  -------------------     --------     --------  ----------------------  --------------------  
service_clk         0.453        0.000                      0                 6317       -0.713     -195.212                   1005                 6317        1.442        0.000                       0                  2556  


------------------------------------------------------------------------------------------------
| Inter Clock Table
| -----------------
------------------------------------------------------------------------------------------------

From Clock    To Clock          WNS(ns)      TNS(ns)  TNS Failing Endpoints  TNS Total Endpoints      WHS(ns)      THS(ns)  THS Failing Endpoints  THS Total Endpoints  
----------    --------          -------      -------  ---------------------  -------------------      -------      -------  ---------------------  -------------------  


------------------------------------------------------------------------------------------------
| Other Path Groups Table
| -----------------------
------------------------------------------------------------------------------------------------

Path Group    From Clock    To Clock          WNS(ns)      TNS(ns)  TNS Failing Endpoints  TNS Total Endpoints      WHS(ns)      THS(ns)  THS Failing Endpoints  THS Total Endpoints  
----------    ----------    --------          -------      -------  ---------------------  -------------------      -------      -------  ---------------------  -------------------  


------------------------------------------------------------------------------------------------
| Timing Details
| --------------
------------------------------------------------------------------------------------------------


---------------------------------------------------------------------------------------------------
From Clock:  service_clk
  To Clock:  service_clk

Setup :            0  Failing Endpoints,  Worst Slack        0.453ns,  Total Violation        0.000ns
Hold  :         1005  Failing Endpoints,  Worst Slack       -0.713ns,  Total Violation     -195.212ns
PW    :            0  Failing Endpoints,  Worst Slack        1.442ns,  Total Violation        0.000ns
---------------------------------------------------------------------------------------------------


Max Delay Paths
--------------------------------------------------------------------------------------
Slack (MET) :             0.453ns  (required time - arrival time)
  Source:                 tap_first_reg/C
                            (rising edge-triggered cell FDRE clocked by service_clk  {rise@0.000ns fall@2.500ns period=5.000ns})
  Destination:            r0_q_reg[1][37]/D
                            (rising edge-triggered cell FDRE clocked by service_clk  {rise@0.000ns fall@2.500ns period=5.000ns})
  Path Group:             service_clk
  Path Type:              Setup (Max at Slow Process Corner)
  Requirement:            5.000ns  (service_clk rise@5.000ns - service_clk rise@0.000ns)
  Data Path Delay:        4.419ns  (logic 1.806ns (40.872%)  route 2.613ns (59.128%))
  Logic Levels:           6  (CARRY4=5 LUT3=1)
  Clock Path Skew:        -0.155ns (DCD - SCD + CPR)
    Destination Clock Delay (DCD):    1.501ns = ( 6.501 - 5.000 ) 
    Source Clock Delay      (SCD):    1.669ns
    Clock Pessimism Removal (CPR):    0.013ns
  Clock Uncertainty:      0.035ns  ((TSJ^2 + TIJ^2)^1/2 + DJ) / 2 + PE
    Total System Jitter     (TSJ):    0.071ns
    Total Input Jitter      (TIJ):    0.000ns
    Discrete Jitter          (DJ):    0.000ns
    Phase Error              (PE):    0.000ns

    Location             Delay type                Incr(ns)  Path(ns)    Netlist Resource(s)
  -------------------------------------------------------------------    -------------------
                         (clock service_clk rise edge)
                                                      0.000     0.000 r  
                                                      0.000     0.000 r  clk (IN)
                         net (fo=2555, unset)         1.669     1.669    clk
    SLICE_X17Y33         FDRE                                         r  tap_first_reg/C
  -------------------------------------------------------------------    -------------------
    SLICE_X17Y33         FDRE (Prop_fdre_C_Q)         0.456     2.125 r  tap_first_reg/Q
                         net (fo=167, routed)         2.613     4.738    tap_first
    SLICE_X26Y37         LUT3 (Prop_lut3_I0_O)        0.124     4.862 r  r0_q[1][23]_i_4/O
                         net (fo=1, routed)           0.000     4.862    r0_q[1][23]_i_4_n_0
    SLICE_X26Y37         CARRY4 (Prop_carry4_S[1]_CO[3])
                                                      0.550     5.412 r  r0_q_reg[1][23]_i_1/CO[3]
                         net (fo=1, routed)           0.000     5.412    r0_q_reg[1][23]_i_1_n_0
    SLICE_X26Y38         CARRY4 (Prop_carry4_CI_CO[3])
                                                      0.114     5.526 r  r0_q_reg[1][27]_i_1/CO[3]
                         net (fo=1, routed)           0.000     5.526    r0_q_reg[1][27]_i_1_n_0
    SLICE_X26Y39         CARRY4 (Prop_carry4_CI_CO[3])
                                                      0.114     5.640 r  r0_q_reg[1][31]_i_1/CO[3]
                         net (fo=1, routed)           0.000     5.640    r0_q_reg[1][31]_i_1_n_0
    SLICE_X26Y40         CARRY4 (Prop_carry4_CI_CO[3])
                                                      0.114     5.754 r  r0_q_reg[1][35]_i_1/CO[3]
                         net (fo=1, routed)           0.000     5.754    r0_q_reg[1][35]_i_1_n_0
    SLICE_X26Y41         CARRY4 (Prop_carry4_CI_O[1])
                                                      0.334     6.088 r  r0_q_reg[1][39]_i_1/O[1]
                         net (fo=1, routed)           0.000     6.088    r0_q_reg[1][39]_i_1_n_6
    SLICE_X26Y41         FDRE                                         r  r0_q_reg[1][37]/D
  -------------------------------------------------------------------    -------------------

                         (clock service_clk rise edge)
                                                      5.000     5.000 r  
                                                      0.000     5.000 r  clk (IN)
                         net (fo=2555, unset)         1.501     6.501    clk
    SLICE_X26Y41         FDRE                                         r  r0_q_reg[1][37]/C
                         clock pessimism              0.013     6.514    
                         clock uncertainty           -0.035     6.479    
    SLICE_X26Y41         FDRE (Setup_fdre_C_D)        0.062     6.541    r0_q_reg[1][37]
  -------------------------------------------------------------------
                         required time                          6.541    
                         arrival time                          -6.088    
  -------------------------------------------------------------------
                         slack                                  0.453    

Slack (MET) :             0.474ns  (required time - arrival time)
  Source:                 tap_first_reg/C
                            (rising edge-triggered cell FDRE clocked by service_clk  {rise@0.000ns fall@2.500ns period=5.000ns})
  Destination:            r0_q_reg[1][39]/D
                            (rising edge-triggered cell FDRE clocked by service_clk  {rise@0.000ns fall@2.500ns period=5.000ns})
  Path Group:             service_clk
  Path Type:              Setup (Max at Slow Process Corner)
  Requirement:            5.000ns  (service_clk rise@5.000ns - service_clk rise@0.000ns)
  Data Path Delay:        4.398ns  (logic 1.785ns (40.590%)  route 2.613ns (59.410%))
  Logic Levels:           6  (CARRY4=5 LUT3=1)
  Clock Path Skew:        -0.155ns (DCD - SCD + CPR)
    Destination Clock Delay (DCD):    1.501ns = ( 6.501 - 5.000 ) 
    Source Clock Delay      (SCD):    1.669ns
    Clock Pessimism Removal (CPR):    0.013ns
  Clock Uncertainty:      0.035ns  ((TSJ^2 + TIJ^2)^1/2 + DJ) / 2 + PE
    Total System Jitter     (TSJ):    0.071ns
    Total Input Jitter      (TIJ):    0.000ns
    Discrete Jitter          (DJ):    0.000ns
    Phase Error              (PE):    0.000ns

    Location             Delay type                Incr(ns)  Path(ns)    Netlist Resource(s)
  -------------------------------------------------------------------    -------------------
                         (clock service_clk rise edge)
                                                      0.000     0.000 r  
                                                      0.000     0.000 r  clk (IN)
                         net (fo=2555, unset)         1.669     1.669    clk
    SLICE_X17Y33         FDRE                                         r  tap_first_reg/C
  -------------------------------------------------------------------    -------------------
    SLICE_X17Y33         FDRE (Prop_fdre_C_Q)         0.456     2.125 r  tap_first_reg/Q
                         net (fo=167, routed)         2.613     4.738    tap_first
    SLICE_X26Y37         LUT3 (Prop_lut3_I0_O)        0.124     4.862 r  r0_q[1][23]_i_4/O
                         net (fo=1, routed)           0.000     4.862    r0_q[1][23]_i_4_n_0
    SLICE_X26Y37         CARRY4 (Prop_carry4_S[1]_CO[3])
                                                      0.550     5.412 r  r0_q_reg[1][23]_i_1/CO[3]
                         net (fo=1, routed)           0.000     5.412    r0_q_reg[1][23]_i_1_n_0
    SLICE_X26Y38         CARRY4 (Prop_carry4_CI_CO[3])
                                                      0.114     5.526 r  r0_q_reg[1][27]_i_1/CO[3]
                         net (fo=1, routed)           0.000     5.526    r0_q_reg[1][27]_i_1_n_0
    SLICE_X26Y39         CARRY4 (Prop_carry4_CI_CO[3])
                                                      0.114     5.640 r  r0_q_reg[1][31]_i_1/CO[3]
                         net (fo=1, routed)           0.000     5.640    r0_q_reg[1][31]_i_1_n_0
    SLICE_X26Y40         CARRY4 (Prop_carry4_CI_CO[3])
                                                      0.114     5.754 r  r0_q_reg[1][35]_i_1/CO[3]
                         net (fo=1, routed)           0.000     5.754    r0_q_reg[1][35]_i_1_n_0
    SLICE_X26Y41         CARRY4 (Prop_carry4_CI_O[3])
                                                      0.313     6.067 r  r0_q_reg[1][39]_i_1/O[3]
                         net (fo=1, routed)           0.000     6.067    r0_q_reg[1][39]_i_1_n_4
    SLICE_X26Y41         FDRE                                         r  r0_q_reg[1][39]/D
  -------------------------------------------------------------------    -------------------

                         (clock service_clk rise edge)
                                                      5.000     5.000 r  
                                                      0.000     5.000 r  clk (IN)
                         net (fo=2555, unset)         1.501     6.501    clk
    SLICE_X26Y41         FDRE                                         r  r0_q_reg[1][39]/C
                         clock pessimism              0.013     6.514    
                         clock uncertainty           -0.035     6.479    
    SLICE_X26Y41         FDRE (Setup_fdre_C_D)        0.062     6.541    r0_q_reg[1][39]
  -------------------------------------------------------------------
                         required time                          6.541    
                         arrival time                          -6.067    
  -------------------------------------------------------------------
                         slack                                  0.474    

Slack (MET) :             0.543ns  (required time - arrival time)
  Source:                 output_valid_reg/C
                            (rising edge-triggered cell FDRE clocked by service_clk  {rise@0.000ns fall@2.500ns period=5.000ns})
  Destination:            input_ready
                            (output port clocked by service_clk  {rise@0.000ns fall@2.500ns period=5.000ns})
  Path Group:             service_clk
  Path Type:              Max at Slow Process Corner
  Requirement:            5.000ns  (service_clk rise@5.000ns - service_clk rise@0.000ns)
  Data Path Delay:        2.245ns  (logic 0.580ns (25.840%)  route 1.665ns (74.160%))
  Logic Levels:           1  (LUT4=1)
  Output Delay:           0.500ns
  Clock Path Skew:        -1.677ns (DCD - SCD + CPR)
    Destination Clock Delay (DCD):    0.000ns = ( 5.000 - 5.000 ) 
    Source Clock Delay      (SCD):    1.677ns
    Clock Pessimism Removal (CPR):    0.000ns
  Clock Uncertainty:      0.035ns  ((TSJ^2 + TIJ^2)^1/2 + DJ) / 2 + PE
    Total System Jitter     (TSJ):    0.071ns
    Total Input Jitter      (TIJ):    0.000ns
    Discrete Jitter          (DJ):    0.000ns
    Phase Error              (PE):    0.000ns

    Location             Delay type                Incr(ns)  Path(ns)    Netlist Resource(s)
  -------------------------------------------------------------------    -------------------
                         (clock service_clk rise edge)
                                                      0.000     0.000 r  
                                                      0.000     0.000 r  clk (IN)
                         net (fo=2555, unset)         1.677     1.677    clk
    SLICE_X17Y43         FDRE                                         r  output_valid_reg/C
  -------------------------------------------------------------------    -------------------
    SLICE_X17Y43         FDRE (Prop_fdre_C_Q)         0.456     2.133 f  output_valid_reg/Q
                         net (fo=8, routed)           0.692     2.825    output_valid
    SLICE_X17Y43         LUT4 (Prop_lut4_I0_O)        0.124     2.949 r  input_ready_INST_0/O
                         net (fo=11, unset)           0.973     3.922    input_ready
                                                                      r  input_ready (OUT)
  -------------------------------------------------------------------    -------------------

                         (clock service_clk rise edge)
                                                      5.000     5.000 r  
                         clock pessimism              0.000     5.000    
                         clock uncertainty           -0.035     4.965    
                         output delay                -0.500     4.465    
  -------------------------------------------------------------------
                         required time                          4.465    
                         arrival time                          -3.922    
  -------------------------------------------------------------------
                         slack                                  0.543    

Slack (MET) :             0.548ns  (required time - arrival time)
  Source:                 tap_first_reg/C
                            (rising edge-triggered cell FDRE clocked by service_clk  {rise@0.000ns fall@2.500ns period=5.000ns})
  Destination:            r0_q_reg[1][38]/D
                            (rising edge-triggered cell FDRE clocked by service_clk  {rise@0.000ns fall@2.500ns period=5.000ns})
  Path Group:             service_clk
  Path Type:              Setup (Max at Slow Process Corner)
  Requirement:            5.000ns  (service_clk rise@5.000ns - service_clk rise@0.000ns)
  Data Path Delay:        4.324ns  (logic 1.711ns (39.573%)  route 2.613ns (60.427%))
  Logic Levels:           6  (CARRY4=5 LUT3=1)
  Clock Path Skew:        -0.155ns (DCD - SCD + CPR)
    Destination Clock Delay (DCD):    1.501ns = ( 6.501 - 5.000 ) 
    Source Clock Delay      (SCD):    1.669ns
    Clock Pessimism Removal (CPR):    0.013ns
  Clock Uncertainty:      0.035ns  ((TSJ^2 + TIJ^2)^1/2 + DJ) / 2 + PE
    Total System Jitter     (TSJ):    0.071ns
    Total Input Jitter      (TIJ):    0.000ns
    Discrete Jitter          (DJ):    0.000ns
    Phase Error              (PE):    0.000ns

    Location             Delay type                Incr(ns)  Path(ns)    Netlist Resource(s)
  -------------------------------------------------------------------    -------------------
                         (clock service_clk rise edge)
                                                      0.000     0.000 r  
                                                      0.000     0.000 r  clk (IN)
                         net (fo=2555, unset)         1.669     1.669    clk
    SLICE_X17Y33         FDRE                                         r  tap_first_reg/C
  -------------------------------------------------------------------    -------------------
    SLICE_X17Y33         FDRE (Prop_fdre_C_Q)         0.456     2.125 r  tap_first_reg/Q
                         net (fo=167, routed)         2.613     4.738    tap_first
    SLICE_X26Y37         LUT3 (Prop_lut3_I0_O)        0.124     4.862 r  r0_q[1][23]_i_4/O
                         net (fo=1, routed)           0.000     4.862    r0_q[1][23]_i_4_n_0
    SLICE_X26Y37         CARRY4 (Prop_carry4_S[1]_CO[3])
                                                      0.550     5.412 r  r0_q_reg[1][23]_i_1/CO[3]
                         net (fo=1, routed)           0.000     5.412    r0_q_reg[1][23]_i_1_n_0
    SLICE_X26Y38         CARRY4 (Prop_carry4_CI_CO[3])
                                                      0.114     5.526 r  r0_q_reg[1][27]_i_1/CO[3]
                         net (fo=1, routed)           0.000     5.526    r0_q_reg[1][27]_i_1_n_0
    SLICE_X26Y39         CARRY4 (Prop_carry4_CI_CO[3])
                                                      0.114     5.640 r  r0_q_reg[1][31]_i_1/CO[3]
                         net (fo=1, routed)           0.000     5.640    r0_q_reg[1][31]_i_1_n_0
    SLICE_X26Y40         CARRY4 (Prop_carry4_CI_CO[3])
                                                      0.114     5.754 r  r0_q_reg[1][35]_i_1/CO[3]
                         net (fo=1, routed)           0.000     5.754    r0_q_reg[1][35]_i_1_n_0
    SLICE_X26Y41         CARRY4 (Prop_carry4_CI_O[2])
                                                      0.239     5.993 r  r0_q_reg[1][39]_i_1/O[2]
                         net (fo=1, routed)           0.000     5.993    r0_q_reg[1][39]_i_1_n_5
    SLICE_X26Y41         FDRE                                         r  r0_q_reg[1][38]/D
  -------------------------------------------------------------------    -------------------

                         (clock service_clk rise edge)
                                                      5.000     5.000 r  
                                                      0.000     5.000 r  clk (IN)
                         net (fo=2555, unset)         1.501     6.501    clk
    SLICE_X26Y41         FDRE                                         r  r0_q_reg[1][38]/C
                         clock pessimism              0.013     6.514    
                         clock uncertainty           -0.035     6.479    
    SLICE_X26Y41         FDRE (Setup_fdre_C_D)        0.062     6.541    r0_q_reg[1][38]
  -------------------------------------------------------------------
                         required time                          6.541    
                         arrival time                          -5.993    
  -------------------------------------------------------------------
                         slack                                  0.548    

Slack (MET) :             0.564ns  (required time - arrival time)
  Source:                 tap_first_reg/C
                            (rising edge-triggered cell FDRE clocked by service_clk  {rise@0.000ns fall@2.500ns period=5.000ns})
  Destination:            r0_q_reg[1][36]/D
                            (rising edge-triggered cell FDRE clocked by service_clk  {rise@0.000ns fall@2.500ns period=5.000ns})
  Path Group:             service_clk
  Path Type:              Setup (Max at Slow Process Corner)
  Requirement:            5.000ns  (service_clk rise@5.000ns - service_clk rise@0.000ns)
  Data Path Delay:        4.308ns  (logic 1.695ns (39.349%)  route 2.613ns (60.651%))
  Logic Levels:           6  (CARRY4=5 LUT3=1)
  Clock Path Skew:        -0.155ns (DCD - SCD + CPR)
    Destination Clock Delay (DCD):    1.501ns = ( 6.501 - 5.000 ) 
    Source Clock Delay      (SCD):    1.669ns
    Clock Pessimism Removal (CPR):    0.013ns
  Clock Uncertainty:      0.035ns  ((TSJ^2 + TIJ^2)^1/2 + DJ) / 2 + PE
    Total System Jitter     (TSJ):    0.071ns
    Total Input Jitter      (TIJ):    0.000ns
    Discrete Jitter          (DJ):    0.000ns
    Phase Error              (PE):    0.000ns

    Location             Delay type                Incr(ns)  Path(ns)    Netlist Resource(s)
  -------------------------------------------------------------------    -------------------
                         (clock service_clk rise edge)
                                                      0.000     0.000 r  
                                                      0.000     0.000 r  clk (IN)
                         net (fo=2555, unset)         1.669     1.669    clk
    SLICE_X17Y33         FDRE                                         r  tap_first_reg/C
  -------------------------------------------------------------------    -------------------
    SLICE_X17Y33         FDRE (Prop_fdre_C_Q)         0.456     2.125 r  tap_first_reg/Q
                         net (fo=167, routed)         2.613     4.738    tap_first
    SLICE_X26Y37         LUT3 (Prop_lut3_I0_O)        0.124     4.862 r  r0_q[1][23]_i_4/O
                         net (fo=1, routed)           0.000     4.862    r0_q[1][23]_i_4_n_0
    SLICE_X26Y37         CARRY4 (Prop_carry4_S[1]_CO[3])
                                                      0.550     5.412 r  r0_q_reg[1][23]_i_1/CO[3]
                         net (fo=1, routed)           0.000     5.412    r0_q_reg[1][23]_i_1_n_0
    SLICE_X26Y38         CARRY4 (Prop_carry4_CI_CO[3])
                                                      0.114     5.526 r  r0_q_reg[1][27]_i_1/CO[3]
                         net (fo=1, routed)           0.000     5.526    r0_q_reg[1][27]_i_1_n_0
    SLICE_X26Y39         CARRY4 (Prop_carry4_CI_CO[3])
                                                      0.114     5.640 r  r0_q_reg[1][31]_i_1/CO[3]
                         net (fo=1, routed)           0.000     5.640    r0_q_reg[1][31]_i_1_n_0
    SLICE_X26Y40         CARRY4 (Prop_carry4_CI_CO[3])
                                                      0.114     5.754 r  r0_q_reg[1][35]_i_1/CO[3]
                         net (fo=1, routed)           0.000     5.754    r0_q_reg[1][35]_i_1_n_0
    SLICE_X26Y41         CARRY4 (Prop_carry4_CI_O[0])
                                                      0.223     5.977 r  r0_q_reg[1][39]_i_1/O[0]
                         net (fo=1, routed)           0.000     5.977    r0_q_reg[1][39]_i_1_n_7
    SLICE_X26Y41         FDRE                                         r  r0_q_reg[1][36]/D
  -------------------------------------------------------------------    -------------------

                         (clock service_clk rise edge)
                                                      5.000     5.000 r  
                                                      0.000     5.000 r  clk (IN)
                         net (fo=2555, unset)         1.501     6.501    clk
    SLICE_X26Y41         FDRE                                         r  r0_q_reg[1][36]/C
                         clock pessimism              0.013     6.514    
                         clock uncertainty           -0.035     6.479    
    SLICE_X26Y41         FDRE (Setup_fdre_C_D)        0.062     6.541    r0_q_reg[1][36]
  -------------------------------------------------------------------
                         required time                          6.541    
                         arrival time                          -5.977    
  -------------------------------------------------------------------
                         slack                                  0.564    

Slack (MET) :             0.566ns  (required time - arrival time)
  Source:                 tap_first_reg/C
                            (rising edge-triggered cell FDRE clocked by service_clk  {rise@0.000ns fall@2.500ns period=5.000ns})
  Destination:            r0_q_reg[1][33]/D
                            (rising edge-triggered cell FDRE clocked by service_clk  {rise@0.000ns fall@2.500ns period=5.000ns})
  Path Group:             service_clk
  Path Type:              Setup (Max at Slow Process Corner)
  Requirement:            5.000ns  (service_clk rise@5.000ns - service_clk rise@0.000ns)
  Data Path Delay:        4.305ns  (logic 1.692ns (39.306%)  route 2.613ns (60.694%))
  Logic Levels:           5  (CARRY4=4 LUT3=1)
  Clock Path Skew:        -0.156ns (DCD - SCD + CPR)
    Destination Clock Delay (DCD):    1.500ns = ( 6.500 - 5.000 ) 
    Source Clock Delay      (SCD):    1.669ns
    Clock Pessimism Removal (CPR):    0.013ns
  Clock Uncertainty:      0.035ns  ((TSJ^2 + TIJ^2)^1/2 + DJ) / 2 + PE
    Total System Jitter     (TSJ):    0.071ns
    Total Input Jitter      (TIJ):    0.000ns
    Discrete Jitter          (DJ):    0.000ns
    Phase Error              (PE):    0.000ns

    Location             Delay type                Incr(ns)  Path(ns)    Netlist Resource(s)
  -------------------------------------------------------------------    -------------------
                         (clock service_clk rise edge)
                                                      0.000     0.000 r  
                                                      0.000     0.000 r  clk (IN)
                         net (fo=2555, unset)         1.669     1.669    clk
    SLICE_X17Y33         FDRE                                         r  tap_first_reg/C
  -------------------------------------------------------------------    -------------------
    SLICE_X17Y33         FDRE (Prop_fdre_C_Q)         0.456     2.125 r  tap_first_reg/Q
                         net (fo=167, routed)         2.613     4.738    tap_first
    SLICE_X26Y37         LUT3 (Prop_lut3_I0_O)        0.124     4.862 r  r0_q[1][23]_i_4/O
                         net (fo=1, routed)           0.000     4.862    r0_q[1][23]_i_4_n_0
    SLICE_X26Y37         CARRY4 (Prop_carry4_S[1]_CO[3])
                                                      0.550     5.412 r  r0_q_reg[1][23]_i_1/CO[3]
                         net (fo=1, routed)           0.000     5.412    r0_q_reg[1][23]_i_1_n_0
    SLICE_X26Y38         CARRY4 (Prop_carry4_CI_CO[3])
                                                      0.114     5.526 r  r0_q_reg[1][27]_i_1/CO[3]
                         net (fo=1, routed)           0.000     5.526    r0_q_reg[1][27]_i_1_n_0
    SLICE_X26Y39         CARRY4 (Prop_carry4_CI_CO[3])
                                                      0.114     5.640 r  r0_q_reg[1][31]_i_1/CO[3]
                         net (fo=1, routed)           0.000     5.640    r0_q_reg[1][31]_i_1_n_0
    SLICE_X26Y40         CARRY4 (Prop_carry4_CI_O[1])
                                                      0.334     5.974 r  r0_q_reg[1][35]_i_1/O[1]
                         net (fo=1, routed)           0.000     5.974    r0_q_reg[1][35]_i_1_n_6
    SLICE_X26Y40         FDRE                                         r  r0_q_reg[1][33]/D
  -------------------------------------------------------------------    -------------------

                         (clock service_clk rise edge)
                                                      5.000     5.000 r  
                                                      0.000     5.000 r  clk (IN)
                         net (fo=2555, unset)         1.500     6.500    clk
    SLICE_X26Y40         FDRE                                         r  r0_q_reg[1][33]/C
                         clock pessimism              0.013     6.513    
                         clock uncertainty           -0.035     6.478    
    SLICE_X26Y40         FDRE (Setup_fdre_C_D)        0.062     6.540    r0_q_reg[1][33]
  -------------------------------------------------------------------
                         required time                          6.540    
                         arrival time                          -5.974    
  -------------------------------------------------------------------
                         slack                                  0.566    

Slack (MET) :             0.587ns  (required time - arrival time)
  Source:                 tap_first_reg/C
                            (rising edge-triggered cell FDRE clocked by service_clk  {rise@0.000ns fall@2.500ns period=5.000ns})
  Destination:            r0_q_reg[1][35]/D
                            (rising edge-triggered cell FDRE clocked by service_clk  {rise@0.000ns fall@2.500ns period=5.000ns})
  Path Group:             service_clk
  Path Type:              Setup (Max at Slow Process Corner)
  Requirement:            5.000ns  (service_clk rise@5.000ns - service_clk rise@0.000ns)
  Data Path Delay:        4.284ns  (logic 1.671ns (39.009%)  route 2.613ns (60.991%))
  Logic Levels:           5  (CARRY4=4 LUT3=1)
  Clock Path Skew:        -0.156ns (DCD - SCD + CPR)
    Destination Clock Delay (DCD):    1.500ns = ( 6.500 - 5.000 ) 
    Source Clock Delay      (SCD):    1.669ns
    Clock Pessimism Removal (CPR):    0.013ns
  Clock Uncertainty:      0.035ns  ((TSJ^2 + TIJ^2)^1/2 + DJ) / 2 + PE
    Total System Jitter     (TSJ):    0.071ns
    Total Input Jitter      (TIJ):    0.000ns
    Discrete Jitter          (DJ):    0.000ns
    Phase Error              (PE):    0.000ns

    Location             Delay type                Incr(ns)  Path(ns)    Netlist Resource(s)
  -------------------------------------------------------------------    -------------------
                         (clock service_clk rise edge)
                                                      0.000     0.000 r  
                                                      0.000     0.000 r  clk (IN)
                         net (fo=2555, unset)         1.669     1.669    clk
    SLICE_X17Y33         FDRE                                         r  tap_first_reg/C
  -------------------------------------------------------------------    -------------------
    SLICE_X17Y33         FDRE (Prop_fdre_C_Q)         0.456     2.125 r  tap_first_reg/Q
                         net (fo=167, routed)         2.613     4.738    tap_first
    SLICE_X26Y37         LUT3 (Prop_lut3_I0_O)        0.124     4.862 r  r0_q[1][23]_i_4/O
                         net (fo=1, routed)           0.000     4.862    r0_q[1][23]_i_4_n_0
    SLICE_X26Y37         CARRY4 (Prop_carry4_S[1]_CO[3])
                                                      0.550     5.412 r  r0_q_reg[1][23]_i_1/CO[3]
                         net (fo=1, routed)           0.000     5.412    r0_q_reg[1][23]_i_1_n_0
    SLICE_X26Y38         CARRY4 (Prop_carry4_CI_CO[3])
                                                      0.114     5.526 r  r0_q_reg[1][27]_i_1/CO[3]
                         net (fo=1, routed)           0.000     5.526    r0_q_reg[1][27]_i_1_n_0
    SLICE_X26Y39         CARRY4 (Prop_carry4_CI_CO[3])
                                                      0.114     5.640 r  r0_q_reg[1][31]_i_1/CO[3]
                         net (fo=1, routed)           0.000     5.640    r0_q_reg[1][31]_i_1_n_0
    SLICE_X26Y40         CARRY4 (Prop_carry4_CI_O[3])
                                                      0.313     5.953 r  r0_q_reg[1][35]_i_1/O[3]
                         net (fo=1, routed)           0.000     5.953    r0_q_reg[1][35]_i_1_n_4
    SLICE_X26Y40         FDRE                                         r  r0_q_reg[1][35]/D
  -------------------------------------------------------------------    -------------------

                         (clock service_clk rise edge)
                                                      5.000     5.000 r  
                                                      0.000     5.000 r  clk (IN)
                         net (fo=2555, unset)         1.500     6.500    clk
    SLICE_X26Y40         FDRE                                         r  r0_q_reg[1][35]/C
                         clock pessimism              0.013     6.513    
                         clock uncertainty           -0.035     6.478    
    SLICE_X26Y40         FDRE (Setup_fdre_C_D)        0.062     6.540    r0_q_reg[1][35]
  -------------------------------------------------------------------
                         required time                          6.540    
                         arrival time                          -5.953    
  -------------------------------------------------------------------
                         slack                                  0.587    

Slack (MET) :             0.587ns  (required time - arrival time)
  Source:                 tap_valid_reg/C
                            (rising edge-triggered cell FDRE clocked by service_clk  {rise@0.000ns fall@2.500ns period=5.000ns})
  Destination:            acc_q_reg[4][4]/CE
                            (rising edge-triggered cell FDRE clocked by service_clk  {rise@0.000ns fall@2.500ns period=5.000ns})
  Path Group:             service_clk
  Path Type:              Setup (Max at Slow Process Corner)
  Requirement:            5.000ns  (service_clk rise@5.000ns - service_clk rise@0.000ns)
  Data Path Delay:        3.804ns  (logic 0.744ns (19.561%)  route 3.060ns (80.439%))
  Logic Levels:           1  (LUT5=1)
  Clock Path Skew:        -0.167ns (DCD - SCD + CPR)
    Destination Clock Delay (DCD):    1.497ns = ( 6.497 - 5.000 ) 
    Source Clock Delay      (SCD):    1.677ns
    Clock Pessimism Removal (CPR):    0.013ns
  Clock Uncertainty:      0.035ns  ((TSJ^2 + TIJ^2)^1/2 + DJ) / 2 + PE
    Total System Jitter     (TSJ):    0.071ns
    Total Input Jitter      (TIJ):    0.000ns
    Discrete Jitter          (DJ):    0.000ns
    Phase Error              (PE):    0.000ns

    Location             Delay type                Incr(ns)  Path(ns)    Netlist Resource(s)
  -------------------------------------------------------------------    -------------------
                         (clock service_clk rise edge)
                                                      0.000     0.000 r  
                                                      0.000     0.000 r  clk (IN)
                         net (fo=2555, unset)         1.677     1.677    clk
    SLICE_X17Y44         FDRE                                         r  tap_valid_reg/C
  -------------------------------------------------------------------    -------------------
    SLICE_X17Y44         FDRE (Prop_fdre_C_Q)         0.419     2.096 r  tap_valid_reg/Q
                         net (fo=5, routed)           1.088     3.184    tap_valid
    SLICE_X17Y43         LUT5 (Prop_lut5_I2_O)        0.325     3.509 r  acc_i[5][0]_i_1/O
                         net (fo=480, routed)         1.972     5.481    acc_i
    SLICE_X27Y13         FDRE                                         r  acc_q_reg[4][4]/CE
  -------------------------------------------------------------------    -------------------

                         (clock service_clk rise edge)
                                                      5.000     5.000 r  
                                                      0.000     5.000 r  clk (IN)
                         net (fo=2555, unset)         1.497     6.497    clk
    SLICE_X27Y13         FDRE                                         r  acc_q_reg[4][4]/C
                         clock pessimism              0.013     6.510    
                         clock uncertainty           -0.035     6.475    
    SLICE_X27Y13         FDRE (Setup_fdre_C_CE)      -0.407     6.068    acc_q_reg[4][4]
  -------------------------------------------------------------------
                         required time                          6.068    
                         arrival time                          -5.481    
  -------------------------------------------------------------------
                         slack                                  0.587    

Slack (MET) :             0.587ns  (required time - arrival time)
  Source:                 tap_valid_reg/C
                            (rising edge-triggered cell FDRE clocked by service_clk  {rise@0.000ns fall@2.500ns period=5.000ns})
  Destination:            acc_q_reg[4][5]/CE
                            (rising edge-triggered cell FDRE clocked by service_clk  {rise@0.000ns fall@2.500ns period=5.000ns})
  Path Group:             service_clk
  Path Type:              Setup (Max at Slow Process Corner)
  Requirement:            5.000ns  (service_clk rise@5.000ns - service_clk rise@0.000ns)
  Data Path Delay:        3.804ns  (logic 0.744ns (19.561%)  route 3.060ns (80.439%))
  Logic Levels:           1  (LUT5=1)
  Clock Path Skew:        -0.167ns (DCD - SCD + CPR)
    Destination Clock Delay (DCD):    1.497ns = ( 6.497 - 5.000 ) 
    Source Clock Delay      (SCD):    1.677ns
    Clock Pessimism Removal (CPR):    0.013ns
  Clock Uncertainty:      0.035ns  ((TSJ^2 + TIJ^2)^1/2 + DJ) / 2 + PE
    Total System Jitter     (TSJ):    0.071ns
    Total Input Jitter      (TIJ):    0.000ns
    Discrete Jitter          (DJ):    0.000ns
    Phase Error              (PE):    0.000ns

    Location             Delay type                Incr(ns)  Path(ns)    Netlist Resource(s)
  -------------------------------------------------------------------    -------------------
                         (clock service_clk rise edge)
                                                      0.000     0.000 r  
                                                      0.000     0.000 r  clk (IN)
                         net (fo=2555, unset)         1.677     1.677    clk
    SLICE_X17Y44         FDRE                                         r  tap_valid_reg/C
  -------------------------------------------------------------------    -------------------
    SLICE_X17Y44         FDRE (Prop_fdre_C_Q)         0.419     2.096 r  tap_valid_reg/Q
                         net (fo=5, routed)           1.088     3.184    tap_valid
    SLICE_X17Y43         LUT5 (Prop_lut5_I2_O)        0.325     3.509 r  acc_i[5][0]_i_1/O
                         net (fo=480, routed)         1.972     5.481    acc_i
    SLICE_X27Y13         FDRE                                         r  acc_q_reg[4][5]/CE
  -------------------------------------------------------------------    -------------------

                         (clock service_clk rise edge)
                                                      5.000     5.000 r  
                                                      0.000     5.000 r  clk (IN)
                         net (fo=2555, unset)         1.497     6.497    clk
    SLICE_X27Y13         FDRE                                         r  acc_q_reg[4][5]/C
                         clock pessimism              0.013     6.510    
                         clock uncertainty           -0.035     6.475    
    SLICE_X27Y13         FDRE (Setup_fdre_C_CE)      -0.407     6.068    acc_q_reg[4][5]
  -------------------------------------------------------------------
                         required time                          6.068    
                         arrival time                          -5.481    
  -------------------------------------------------------------------
                         slack                                  0.587    

Slack (MET) :             0.587ns  (required time - arrival time)
  Source:                 tap_valid_reg/C
                            (rising edge-triggered cell FDRE clocked by service_clk  {rise@0.000ns fall@2.500ns period=5.000ns})
  Destination:            acc_q_reg[4][6]/CE
                            (rising edge-triggered cell FDRE clocked by service_clk  {rise@0.000ns fall@2.500ns period=5.000ns})
  Path Group:             service_clk
  Path Type:              Setup (Max at Slow Process Corner)
  Requirement:            5.000ns  (service_clk rise@5.000ns - service_clk rise@0.000ns)
  Data Path Delay:        3.804ns  (logic 0.744ns (19.561%)  route 3.060ns (80.439%))
  Logic Levels:           1  (LUT5=1)
  Clock Path Skew:        -0.167ns (DCD - SCD + CPR)
    Destination Clock Delay (DCD):    1.497ns = ( 6.497 - 5.000 ) 
    Source Clock Delay      (SCD):    1.677ns
    Clock Pessimism Removal (CPR):    0.013ns
  Clock Uncertainty:      0.035ns  ((TSJ^2 + TIJ^2)^1/2 + DJ) / 2 + PE
    Total System Jitter     (TSJ):    0.071ns
    Total Input Jitter      (TIJ):    0.000ns
    Discrete Jitter          (DJ):    0.000ns
    Phase Error              (PE):    0.000ns

    Location             Delay type                Incr(ns)  Path(ns)    Netlist Resource(s)
  -------------------------------------------------------------------    -------------------
                         (clock service_clk rise edge)
                                                      0.000     0.000 r  
                                                      0.000     0.000 r  clk (IN)
                         net (fo=2555, unset)         1.677     1.677    clk
    SLICE_X17Y44         FDRE                                         r  tap_valid_reg/C
  -------------------------------------------------------------------    -------------------
    SLICE_X17Y44         FDRE (Prop_fdre_C_Q)         0.419     2.096 r  tap_valid_reg/Q
                         net (fo=5, routed)           1.088     3.184    tap_valid
    SLICE_X17Y43         LUT5 (Prop_lut5_I2_O)        0.325     3.509 r  acc_i[5][0]_i_1/O
                         net (fo=480, routed)         1.972     5.481    acc_i
    SLICE_X27Y13         FDRE                                         r  acc_q_reg[4][6]/CE
  -------------------------------------------------------------------    -------------------

                         (clock service_clk rise edge)
                                                      5.000     5.000 r  
                                                      0.000     5.000 r  clk (IN)
                         net (fo=2555, unset)         1.497     6.497    clk
    SLICE_X27Y13         FDRE                                         r  acc_q_reg[4][6]/C
                         clock pessimism              0.013     6.510    
                         clock uncertainty           -0.035     6.475    
    SLICE_X27Y13         FDRE (Setup_fdre_C_CE)      -0.407     6.068    acc_q_reg[4][6]
  -------------------------------------------------------------------
                         required time                          6.068    
                         arrival time                          -5.481    
  -------------------------------------------------------------------
                         slack                                  0.587    





Min Delay Paths
--------------------------------------------------------------------------------------
Slack (VIOLATED) :        -0.713ns  (arrival time - required time)
  Source:                 input_epoch[16]
                            (input port clocked by service_clk  {rise@0.000ns fall@2.500ns period=5.000ns})
  Destination:            op_tag_reg[80]/D
                            (rising edge-triggered cell FDRE clocked by service_clk  {rise@0.000ns fall@2.500ns period=5.000ns})
  Path Group:             service_clk
  Path Type:              Hold (Min at Slow Process Corner)
  Requirement:            0.000ns  (service_clk rise@0.000ns - service_clk rise@0.000ns)
  Data Path Delay:        0.924ns  (logic 0.000ns (0.000%)  route 0.924ns (100.000%))
  Logic Levels:           0  
  Input Delay:            0.500ns
  Clock Path Skew:        1.684ns (DCD - SCD - CPR)
    Destination Clock Delay (DCD):    1.684ns
    Source Clock Delay      (SCD):    0.000ns
    Clock Pessimism Removal (CPR):    -0.000ns
  Clock Uncertainty:      0.035ns  ((TSJ^2 + TIJ^2)^1/2 + DJ) / 2 + PE
    Total System Jitter     (TSJ):    0.071ns
    Total Input Jitter      (TIJ):    0.000ns
    Discrete Jitter          (DJ):    0.000ns
    Phase Error              (PE):    0.000ns

    Location             Delay type                Incr(ns)  Path(ns)    Netlist Resource(s)
  -------------------------------------------------------------------    -------------------
                         (clock service_clk rise edge)
                                                      0.000     0.000 r  
                         input delay                  0.500     0.500    
                                                      0.000     0.500 r  input_epoch[16] (IN)
                         net (fo=0)                   0.924     1.424    input_epoch[16]
    SLICE_X12Y46         FDRE                                         r  op_tag_reg[80]/D
  -------------------------------------------------------------------    -------------------

                         (clock service_clk rise edge)
                                                      0.000     0.000 r  
                                                      0.000     0.000 r  clk (IN)
                         net (fo=2555, unset)         1.684     1.684    clk
    SLICE_X12Y46         FDRE                                         r  op_tag_reg[80]/C
                         clock pessimism              0.000     1.684    
                         clock uncertainty            0.035     1.719    
    SLICE_X12Y46         FDRE (Hold_fdre_C_D)         0.418     2.137    op_tag_reg[80]
  -------------------------------------------------------------------
                         required time                         -2.137    
                         arrival time                           1.424    
  -------------------------------------------------------------------
                         slack                                 -0.713    

Slack (VIOLATED) :        -0.713ns  (arrival time - required time)
  Source:                 input_epoch[18]
                            (input port clocked by service_clk  {rise@0.000ns fall@2.500ns period=5.000ns})
  Destination:            op_tag_reg[82]/D
                            (rising edge-triggered cell FDRE clocked by service_clk  {rise@0.000ns fall@2.500ns period=5.000ns})
  Path Group:             service_clk
  Path Type:              Hold (Min at Slow Process Corner)
  Requirement:            0.000ns  (service_clk rise@0.000ns - service_clk rise@0.000ns)
  Data Path Delay:        0.924ns  (logic 0.000ns (0.000%)  route 0.924ns (100.000%))
  Logic Levels:           0  
  Input Delay:            0.500ns
  Clock Path Skew:        1.684ns (DCD - SCD - CPR)
    Destination Clock Delay (DCD):    1.684ns
    Source Clock Delay      (SCD):    0.000ns
    Clock Pessimism Removal (CPR):    -0.000ns
  Clock Uncertainty:      0.035ns  ((TSJ^2 + TIJ^2)^1/2 + DJ) / 2 + PE
    Total System Jitter     (TSJ):    0.071ns
    Total Input Jitter      (TIJ):    0.000ns
    Discrete Jitter          (DJ):    0.000ns
    Phase Error              (PE):    0.000ns

    Location             Delay type                Incr(ns)  Path(ns)    Netlist Resource(s)
  -------------------------------------------------------------------    -------------------
                         (clock service_clk rise edge)
                                                      0.000     0.000 r  
                         input delay                  0.500     0.500    
                                                      0.000     0.500 r  input_epoch[18] (IN)
                         net (fo=0)                   0.924     1.424    input_epoch[18]
    SLICE_X12Y46         FDRE                                         r  op_tag_reg[82]/D
  -------------------------------------------------------------------    -------------------

                         (clock service_clk rise edge)
                                                      0.000     0.000 r  
                                                      0.000     0.000 r  clk (IN)
                         net (fo=2555, unset)         1.684     1.684    clk
    SLICE_X12Y46         FDRE                                         r  op_tag_reg[82]/C
                         clock pessimism              0.000     1.684    
                         clock uncertainty            0.035     1.719    
    SLICE_X12Y46         FDRE (Hold_fdre_C_D)         0.418     2.137    op_tag_reg[82]
  -------------------------------------------------------------------
                         required time                         -2.137    
                         arrival time                           1.424    
  -------------------------------------------------------------------
                         slack                                 -0.713    

Slack (VIOLATED) :        -0.713ns  (arrival time - required time)
  Source:                 input_epoch[19]
                            (input port clocked by service_clk  {rise@0.000ns fall@2.500ns period=5.000ns})
  Destination:            op_tag_reg[83]/D
                            (rising edge-triggered cell FDRE clocked by service_clk  {rise@0.000ns fall@2.500ns period=5.000ns})
  Path Group:             service_clk
  Path Type:              Hold (Min at Slow Process Corner)
  Requirement:            0.000ns  (service_clk rise@0.000ns - service_clk rise@0.000ns)
  Data Path Delay:        0.924ns  (logic 0.000ns (0.000%)  route 0.924ns (100.000%))
  Logic Levels:           0  
  Input Delay:            0.500ns
  Clock Path Skew:        1.684ns (DCD - SCD - CPR)
    Destination Clock Delay (DCD):    1.684ns
    Source Clock Delay      (SCD):    0.000ns
    Clock Pessimism Removal (CPR):    -0.000ns
  Clock Uncertainty:      0.035ns  ((TSJ^2 + TIJ^2)^1/2 + DJ) / 2 + PE
    Total System Jitter     (TSJ):    0.071ns
    Total Input Jitter      (TIJ):    0.000ns
    Discrete Jitter          (DJ):    0.000ns
    Phase Error              (PE):    0.000ns

    Location             Delay type                Incr(ns)  Path(ns)    Netlist Resource(s)
  -------------------------------------------------------------------    -------------------
                         (clock service_clk rise edge)
                                                      0.000     0.000 r  
                         input delay                  0.500     0.500    
                                                      0.000     0.500 r  input_epoch[19] (IN)
                         net (fo=0)                   0.924     1.424    input_epoch[19]
    SLICE_X12Y46         FDRE                                         r  op_tag_reg[83]/D
  -------------------------------------------------------------------    -------------------

                         (clock service_clk rise edge)
                                                      0.000     0.000 r  
                                                      0.000     0.000 r  clk (IN)
                         net (fo=2555, unset)         1.684     1.684    clk
    SLICE_X12Y46         FDRE                                         r  op_tag_reg[83]/C
                         clock pessimism              0.000     1.684    
                         clock uncertainty            0.035     1.719    
    SLICE_X12Y46         FDRE (Hold_fdre_C_D)         0.418     2.137    op_tag_reg[83]
  -------------------------------------------------------------------
                         required time                         -2.137    
                         arrival time                           1.424    
  -------------------------------------------------------------------
                         slack                                 -0.713    

Slack (VIOLATED) :        -0.713ns  (arrival time - required time)
  Source:                 input_epoch[20]
                            (input port clocked by service_clk  {rise@0.000ns fall@2.500ns period=5.000ns})
  Destination:            op_tag_reg[84]/D
                            (rising edge-triggered cell FDRE clocked by service_clk  {rise@0.000ns fall@2.500ns period=5.000ns})
  Path Group:             service_clk
  Path Type:              Hold (Min at Slow Process Corner)
  Requirement:            0.000ns  (service_clk rise@0.000ns - service_clk rise@0.000ns)
  Data Path Delay:        0.924ns  (logic 0.000ns (0.000%)  route 0.924ns (100.000%))
  Logic Levels:           0  
  Input Delay:            0.500ns
  Clock Path Skew:        1.684ns (DCD - SCD - CPR)
    Destination Clock Delay (DCD):    1.684ns
    Source Clock Delay      (SCD):    0.000ns
    Clock Pessimism Removal (CPR):    -0.000ns
  Clock Uncertainty:      0.035ns  ((TSJ^2 + TIJ^2)^1/2 + DJ) / 2 + PE
    Total System Jitter     (TSJ):    0.071ns
    Total Input Jitter      (TIJ):    0.000ns
    Discrete Jitter          (DJ):    0.000ns
    Phase Error              (PE):    0.000ns

    Location             Delay type                Incr(ns)  Path(ns)    Netlist Resource(s)
  -------------------------------------------------------------------    -------------------
                         (clock service_clk rise edge)
                                                      0.000     0.000 r  
                         input delay                  0.500     0.500    
                                                      0.000     0.500 r  input_epoch[20] (IN)
                         net (fo=0)                   0.924     1.424    input_epoch[20]
    SLICE_X12Y46         FDRE                                         r  op_tag_reg[84]/D
  -------------------------------------------------------------------    -------------------

                         (clock service_clk rise edge)
                                                      0.000     0.000 r  
                                                      0.000     0.000 r  clk (IN)
                         net (fo=2555, unset)         1.684     1.684    clk
    SLICE_X12Y46         FDRE                                         r  op_tag_reg[84]/C
                         clock pessimism              0.000     1.684    
                         clock uncertainty            0.035     1.719    
    SLICE_X12Y46         FDRE (Hold_fdre_C_D)         0.418     2.137    op_tag_reg[84]
  -------------------------------------------------------------------
                         required time                         -2.137    
                         arrival time                           1.424    
  -------------------------------------------------------------------
                         slack                                 -0.713    

Slack (VIOLATED) :        -0.697ns  (arrival time - required time)
  Source:                 input_timestamp[26]
                            (input port clocked by service_clk  {rise@0.000ns fall@2.500ns period=5.000ns})
  Destination:            op_tag_reg[26]/D
                            (rising edge-triggered cell FDRE clocked by service_clk  {rise@0.000ns fall@2.500ns period=5.000ns})
  Path Group:             service_clk
  Path Type:              Hold (Min at Slow Process Corner)
  Requirement:            0.000ns  (service_clk rise@0.000ns - service_clk rise@0.000ns)
  Data Path Delay:        0.924ns  (logic 0.000ns (0.000%)  route 0.924ns (100.000%))
  Logic Levels:           0  
  Input Delay:            0.500ns
  Clock Path Skew:        1.668ns (DCD - SCD - CPR)
    Destination Clock Delay (DCD):    1.668ns
    Source Clock Delay      (SCD):    0.000ns
    Clock Pessimism Removal (CPR):    -0.000ns
  Clock Uncertainty:      0.035ns  ((TSJ^2 + TIJ^2)^1/2 + DJ) / 2 + PE
    Total System Jitter     (TSJ):    0.071ns
    Total Input Jitter      (TIJ):    0.000ns
    Discrete Jitter          (DJ):    0.000ns
    Phase Error              (PE):    0.000ns

    Location             Delay type                Incr(ns)  Path(ns)    Netlist Resource(s)
  -------------------------------------------------------------------    -------------------
                         (clock service_clk rise edge)
                                                      0.000     0.000 r  
                         input delay                  0.500     0.500    
                                                      0.000     0.500 r  input_timestamp[26] (IN)
                         net (fo=0)                   0.924     1.424    input_timestamp[26]
    SLICE_X6Y51          FDRE                                         r  op_tag_reg[26]/D
  -------------------------------------------------------------------    -------------------

                         (clock service_clk rise edge)
                                                      0.000     0.000 r  
                                                      0.000     0.000 r  clk (IN)
                         net (fo=2555, unset)         1.668     1.668    clk
    SLICE_X6Y51          FDRE                                         r  op_tag_reg[26]/C
                         clock pessimism              0.000     1.668    
                         clock uncertainty            0.035     1.703    
    SLICE_X6Y51          FDRE (Hold_fdre_C_D)         0.418     2.121    op_tag_reg[26]
  -------------------------------------------------------------------
                         required time                         -2.121    
                         arrival time                           1.424    
  -------------------------------------------------------------------
                         slack                                 -0.697    

Slack (VIOLATED) :        -0.697ns  (arrival time - required time)
  Source:                 input_timestamp[27]
                            (input port clocked by service_clk  {rise@0.000ns fall@2.500ns period=5.000ns})
  Destination:            op_tag_reg[27]/D
                            (rising edge-triggered cell FDRE clocked by service_clk  {rise@0.000ns fall@2.500ns period=5.000ns})
  Path Group:             service_clk
  Path Type:              Hold (Min at Slow Process Corner)
  Requirement:            0.000ns  (service_clk rise@0.000ns - service_clk rise@0.000ns)
  Data Path Delay:        0.924ns  (logic 0.000ns (0.000%)  route 0.924ns (100.000%))
  Logic Levels:           0  
  Input Delay:            0.500ns
  Clock Path Skew:        1.668ns (DCD - SCD - CPR)
    Destination Clock Delay (DCD):    1.668ns
    Source Clock Delay      (SCD):    0.000ns
    Clock Pessimism Removal (CPR):    -0.000ns
  Clock Uncertainty:      0.035ns  ((TSJ^2 + TIJ^2)^1/2 + DJ) / 2 + PE
    Total System Jitter     (TSJ):    0.071ns
    Total Input Jitter      (TIJ):    0.000ns
    Discrete Jitter          (DJ):    0.000ns
    Phase Error              (PE):    0.000ns

    Location             Delay type                Incr(ns)  Path(ns)    Netlist Resource(s)
  -------------------------------------------------------------------    -------------------
                         (clock service_clk rise edge)
                                                      0.000     0.000 r  
                         input delay                  0.500     0.500    
                                                      0.000     0.500 r  input_timestamp[27] (IN)
                         net (fo=0)                   0.924     1.424    input_timestamp[27]
    SLICE_X6Y51          FDRE                                         r  op_tag_reg[27]/D
  -------------------------------------------------------------------    -------------------

                         (clock service_clk rise edge)
                                                      0.000     0.000 r  
                                                      0.000     0.000 r  clk (IN)
                         net (fo=2555, unset)         1.668     1.668    clk
    SLICE_X6Y51          FDRE                                         r  op_tag_reg[27]/C
                         clock pessimism              0.000     1.668    
                         clock uncertainty            0.035     1.703    
    SLICE_X6Y51          FDRE (Hold_fdre_C_D)         0.418     2.121    op_tag_reg[27]
  -------------------------------------------------------------------
                         required time                         -2.121    
                         arrival time                           1.424    
  -------------------------------------------------------------------
                         slack                                 -0.697    

Slack (VIOLATED) :        -0.697ns  (arrival time - required time)
  Source:                 input_timestamp[28]
                            (input port clocked by service_clk  {rise@0.000ns fall@2.500ns period=5.000ns})
  Destination:            op_tag_reg[28]/D
                            (rising edge-triggered cell FDRE clocked by service_clk  {rise@0.000ns fall@2.500ns period=5.000ns})
  Path Group:             service_clk
  Path Type:              Hold (Min at Slow Process Corner)
  Requirement:            0.000ns  (service_clk rise@0.000ns - service_clk rise@0.000ns)
  Data Path Delay:        0.924ns  (logic 0.000ns (0.000%)  route 0.924ns (100.000%))
  Logic Levels:           0  
  Input Delay:            0.500ns
  Clock Path Skew:        1.668ns (DCD - SCD - CPR)
    Destination Clock Delay (DCD):    1.668ns
    Source Clock Delay      (SCD):    0.000ns
    Clock Pessimism Removal (CPR):    -0.000ns
  Clock Uncertainty:      0.035ns  ((TSJ^2 + TIJ^2)^1/2 + DJ) / 2 + PE
    Total System Jitter     (TSJ):    0.071ns
    Total Input Jitter      (TIJ):    0.000ns
    Discrete Jitter          (DJ):    0.000ns
    Phase Error              (PE):    0.000ns

    Location             Delay type                Incr(ns)  Path(ns)    Netlist Resource(s)
  -------------------------------------------------------------------    -------------------
                         (clock service_clk rise edge)
                                                      0.000     0.000 r  
                         input delay                  0.500     0.500    
                                                      0.000     0.500 r  input_timestamp[28] (IN)
                         net (fo=0)                   0.924     1.424    input_timestamp[28]
    SLICE_X6Y51          FDRE                                         r  op_tag_reg[28]/D
  -------------------------------------------------------------------    -------------------

                         (clock service_clk rise edge)
                                                      0.000     0.000 r  
                                                      0.000     0.000 r  clk (IN)
                         net (fo=2555, unset)         1.668     1.668    clk
    SLICE_X6Y51          FDRE                                         r  op_tag_reg[28]/C
                         clock pessimism              0.000     1.668    
                         clock uncertainty            0.035     1.703    
    SLICE_X6Y51          FDRE (Hold_fdre_C_D)         0.418     2.121    op_tag_reg[28]
  -------------------------------------------------------------------
                         required time                         -2.121    
                         arrival time                           1.424    
  -------------------------------------------------------------------
                         slack                                 -0.697    

Slack (VIOLATED) :        -0.697ns  (arrival time - required time)
  Source:                 input_timestamp[29]
                            (input port clocked by service_clk  {rise@0.000ns fall@2.500ns period=5.000ns})
  Destination:            op_tag_reg[29]/D
                            (rising edge-triggered cell FDRE clocked by service_clk  {rise@0.000ns fall@2.500ns period=5.000ns})
  Path Group:             service_clk
  Path Type:              Hold (Min at Slow Process Corner)
  Requirement:            0.000ns  (service_clk rise@0.000ns - service_clk rise@0.000ns)
  Data Path Delay:        0.924ns  (logic 0.000ns (0.000%)  route 0.924ns (100.000%))
  Logic Levels:           0  
  Input Delay:            0.500ns
  Clock Path Skew:        1.668ns (DCD - SCD - CPR)
    Destination Clock Delay (DCD):    1.668ns
    Source Clock Delay      (SCD):    0.000ns
    Clock Pessimism Removal (CPR):    -0.000ns
  Clock Uncertainty:      0.035ns  ((TSJ^2 + TIJ^2)^1/2 + DJ) / 2 + PE
    Total System Jitter     (TSJ):    0.071ns
    Total Input Jitter      (TIJ):    0.000ns
    Discrete Jitter          (DJ):    0.000ns
    Phase Error              (PE):    0.000ns

    Location             Delay type                Incr(ns)  Path(ns)    Netlist Resource(s)
  -------------------------------------------------------------------    -------------------
                         (clock service_clk rise edge)
                                                      0.000     0.000 r  
                         input delay                  0.500     0.500    
                                                      0.000     0.500 r  input_timestamp[29] (IN)
                         net (fo=0)                   0.924     1.424    input_timestamp[29]
    SLICE_X6Y51          FDRE                                         r  op_tag_reg[29]/D
  -------------------------------------------------------------------    -------------------

                         (clock service_clk rise edge)
                                                      0.000     0.000 r  
                                                      0.000     0.000 r  clk (IN)
                         net (fo=2555, unset)         1.668     1.668    clk
    SLICE_X6Y51          FDRE                                         r  op_tag_reg[29]/C
                         clock pessimism              0.000     1.668    
                         clock uncertainty            0.035     1.703    
    SLICE_X6Y51          FDRE (Hold_fdre_C_D)         0.418     2.121    op_tag_reg[29]
  -------------------------------------------------------------------
                         required time                         -2.121    
                         arrival time                           1.424    
  -------------------------------------------------------------------
                         slack                                 -0.697    

Slack (VIOLATED) :        -0.682ns  (arrival time - required time)
  Source:                 input_timestamp[18]
                            (input port clocked by service_clk  {rise@0.000ns fall@2.500ns period=5.000ns})
  Destination:            op_tag_reg[18]/D
                            (rising edge-triggered cell FDRE clocked by service_clk  {rise@0.000ns fall@2.500ns period=5.000ns})
  Path Group:             service_clk
  Path Type:              Hold (Min at Slow Process Corner)
  Requirement:            0.000ns  (service_clk rise@0.000ns - service_clk rise@0.000ns)
  Data Path Delay:        0.924ns  (logic 0.000ns (0.000%)  route 0.924ns (100.000%))
  Logic Levels:           0  
  Input Delay:            0.500ns
  Clock Path Skew:        1.714ns (DCD - SCD - CPR)
    Destination Clock Delay (DCD):    1.714ns
    Source Clock Delay      (SCD):    0.000ns
    Clock Pessimism Removal (CPR):    -0.000ns
  Clock Uncertainty:      0.035ns  ((TSJ^2 + TIJ^2)^1/2 + DJ) / 2 + PE
    Total System Jitter     (TSJ):    0.071ns
    Total Input Jitter      (TIJ):    0.000ns
    Discrete Jitter          (DJ):    0.000ns
    Phase Error              (PE):    0.000ns

    Location             Delay type                Incr(ns)  Path(ns)    Netlist Resource(s)
  -------------------------------------------------------------------    -------------------
                         (clock service_clk rise edge)
                                                      0.000     0.000 r  
                         input delay                  0.500     0.500    
                                                      0.000     0.500 r  input_timestamp[18] (IN)
                         net (fo=0)                   0.924     1.424    input_timestamp[18]
    SLICE_X3Y55          FDRE                                         r  op_tag_reg[18]/D
  -------------------------------------------------------------------    -------------------

                         (clock service_clk rise edge)
                                                      0.000     0.000 r  
                                                      0.000     0.000 r  clk (IN)
                         net (fo=2555, unset)         1.714     1.714    clk
    SLICE_X3Y55          FDRE                                         r  op_tag_reg[18]/C
                         clock pessimism              0.000     1.714    
                         clock uncertainty            0.035     1.749    
    SLICE_X3Y55          FDRE (Hold_fdre_C_D)         0.357     2.106    op_tag_reg[18]
  -------------------------------------------------------------------
                         required time                         -2.106    
                         arrival time                           1.424    
  -------------------------------------------------------------------
                         slack                                 -0.682    

Slack (VIOLATED) :        -0.682ns  (arrival time - required time)
  Source:                 input_timestamp[23]
                            (input port clocked by service_clk  {rise@0.000ns fall@2.500ns period=5.000ns})
  Destination:            op_tag_reg[23]/D
                            (rising edge-triggered cell FDRE clocked by service_clk  {rise@0.000ns fall@2.500ns period=5.000ns})
  Path Group:             service_clk
  Path Type:              Hold (Min at Slow Process Corner)
  Requirement:            0.000ns  (service_clk rise@0.000ns - service_clk rise@0.000ns)
  Data Path Delay:        0.924ns  (logic 0.000ns (0.000%)  route 0.924ns (100.000%))
  Logic Levels:           0  
  Input Delay:            0.500ns
  Clock Path Skew:        1.714ns (DCD - SCD - CPR)
    Destination Clock Delay (DCD):    1.714ns
    Source Clock Delay      (SCD):    0.000ns
    Clock Pessimism Removal (CPR):    -0.000ns
  Clock Uncertainty:      0.035ns  ((TSJ^2 + TIJ^2)^1/2 + DJ) / 2 + PE
    Total System Jitter     (TSJ):    0.071ns
    Total Input Jitter      (TIJ):    0.000ns
    Discrete Jitter          (DJ):    0.000ns
    Phase Error              (PE):    0.000ns

    Location             Delay type                Incr(ns)  Path(ns)    Netlist Resource(s)
  -------------------------------------------------------------------    -------------------
                         (clock service_clk rise edge)
                                                      0.000     0.000 r  
                         input delay                  0.500     0.500    
                                                      0.000     0.500 r  input_timestamp[23] (IN)
                         net (fo=0)                   0.924     1.424    input_timestamp[23]
    SLICE_X5Y54          FDRE                                         r  op_tag_reg[23]/D
  -------------------------------------------------------------------    -------------------

                         (clock service_clk rise edge)
                                                      0.000     0.000 r  
                                                      0.000     0.000 r  clk (IN)
                         net (fo=2555, unset)         1.714     1.714    clk
    SLICE_X5Y54          FDRE                                         r  op_tag_reg[23]/C
                         clock pessimism              0.000     1.714    
                         clock uncertainty            0.035     1.749    
    SLICE_X5Y54          FDRE (Hold_fdre_C_D)         0.357     2.106    op_tag_reg[23]
  -------------------------------------------------------------------
                         required time                         -2.106    
                         arrival time                           1.424    
  -------------------------------------------------------------------
                         slack                                 -0.682    





Pulse Width Checks
--------------------------------------------------------------------------------------
Clock Name:         service_clk
Waveform(ns):       { 0.000 2.500 }
Period(ns):         5.000
Sources:            { clk }

Check Type        Corner  Lib Pin      Reference Pin  Required(ns)  Actual(ns)  Slack(ns)  Location      Pin
Min Period        n/a     DSP48E1/CLK  n/a            3.558         5.000       1.442      DSP48_X0Y14   m2_reg[0]/CLK
Min Period        n/a     DSP48E1/CLK  n/a            3.558         5.000       1.442      DSP48_X1Y12   m2_reg[1]/CLK
Min Period        n/a     DSP48E1/CLK  n/a            3.558         5.000       1.442      DSP48_X0Y12   m2_reg[2]/CLK
Min Period        n/a     DSP48E1/CLK  n/a            3.558         5.000       1.442      DSP48_X0Y7    m2_reg[3]/CLK
Min Period        n/a     DSP48E1/CLK  n/a            3.558         5.000       1.442      DSP48_X1Y4    m2_reg[4]/CLK
Min Period        n/a     DSP48E1/CLK  n/a            3.558         5.000       1.442      DSP48_X1Y8    m2_reg[5]/CLK
Min Period        n/a     DSP48E1/CLK  n/a            2.154         5.000       2.846      DSP48_X1Y14   m0_reg[0]/CLK
Min Period        n/a     DSP48E1/CLK  n/a            2.154         5.000       2.846      DSP48_X1Y13   m0_reg[1]/CLK
Min Period        n/a     DSP48E1/CLK  n/a            2.154         5.000       2.846      DSP48_X0Y11   m0_reg[2]/CLK
Min Period        n/a     DSP48E1/CLK  n/a            2.154         5.000       2.846      DSP48_X0Y9    m0_reg[3]/CLK
Low Pulse Width   Slow    SRL16E/CLK   n/a            0.980         2.500       1.520      SLICE_X20Y55  tap_tag_reg[0]_srl2/CLK
Low Pulse Width   Fast    SRL16E/CLK   n/a            0.980         2.500       1.520      SLICE_X20Y55  tap_tag_reg[0]_srl2/CLK
Low Pulse Width   Slow    SRL16E/CLK   n/a            0.980         2.500       1.520      SLICE_X12Y48  tap_tag_reg[10]_srl2/CLK
Low Pulse Width   Fast    SRL16E/CLK   n/a            0.980         2.500       1.520      SLICE_X12Y48  tap_tag_reg[10]_srl2/CLK
Low Pulse Width   Slow    SRL16E/CLK   n/a            0.980         2.500       1.520      SLICE_X12Y48  tap_tag_reg[11]_srl2/CLK
Low Pulse Width   Fast    SRL16E/CLK   n/a            0.980         2.500       1.520      SLICE_X12Y48  tap_tag_reg[11]_srl2/CLK
Low Pulse Width   Slow    SRL16E/CLK   n/a            0.980         2.500       1.520      SLICE_X12Y48  tap_tag_reg[12]_srl2/CLK
Low Pulse Width   Fast    SRL16E/CLK   n/a            0.980         2.500       1.520      SLICE_X12Y48  tap_tag_reg[12]_srl2/CLK
Low Pulse Width   Slow    SRL16E/CLK   n/a            0.980         2.500       1.520      SLICE_X12Y48  tap_tag_reg[13]_srl2/CLK
Low Pulse Width   Fast    SRL16E/CLK   n/a            0.980         2.500       1.520      SLICE_X12Y48  tap_tag_reg[13]_srl2/CLK
High Pulse Width  Slow    SRL16E/CLK   n/a            0.980         2.500       1.520      SLICE_X20Y55  tap_tag_reg[0]_srl2/CLK
High Pulse Width  Fast    SRL16E/CLK   n/a            0.980         2.500       1.520      SLICE_X20Y55  tap_tag_reg[0]_srl2/CLK
High Pulse Width  Slow    SRL16E/CLK   n/a            0.980         2.500       1.520      SLICE_X12Y48  tap_tag_reg[10]_srl2/CLK
High Pulse Width  Fast    SRL16E/CLK   n/a            0.980         2.500       1.520      SLICE_X12Y48  tap_tag_reg[10]_srl2/CLK
High Pulse Width  Slow    SRL16E/CLK   n/a            0.980         2.500       1.520      SLICE_X12Y48  tap_tag_reg[11]_srl2/CLK
High Pulse Width  Fast    SRL16E/CLK   n/a            0.980         2.500       1.520      SLICE_X12Y48  tap_tag_reg[11]_srl2/CLK
High Pulse Width  Slow    SRL16E/CLK   n/a            0.980         2.500       1.520      SLICE_X12Y48  tap_tag_reg[12]_srl2/CLK
High Pulse Width  Fast    SRL16E/CLK   n/a            0.980         2.500       1.520      SLICE_X12Y48  tap_tag_reg[12]_srl2/CLK
High Pulse Width  Slow    SRL16E/CLK   n/a            0.980         2.500       1.520      SLICE_X12Y48  tap_tag_reg[13]_srl2/CLK
High Pulse Width  Fast    SRL16E/CLK   n/a            0.980         2.500       1.520      SLICE_X12Y48  tap_tag_reg[13]_srl2/CLK



