Vivado Simulator v2022.2
Copyright 1986-1999, 2001-2022 Xilinx, Inc. All Rights Reserved.
Running: /opt/Xilinx/Vivado/2022.2/bin/unwrapped/lnx64.o/xelab --incr --debug typical --relax --mt 2 -generic_top REGISTERED_SCHEDULING=0 -generic_top DISTRIBUTED_FAST_FAULT=0 -generic_top PRIVATE_NEXT_START_SCRATCH=0 -generic_top EXACT_EXTRA_EPOCHS=1 -generic_top FAST_MHZ=175 -generic_top QUICK_MUTATION=0 -L xil_defaultlib -L xbip_utils_v3_0_10 -L axi_utils_v2_0_6 -L c_reg_fd_v12_0_6 -L xbip_dsp48_wrapper_v3_0_4 -L xbip_pipe_v3_0_6 -L xbip_dsp48_addsub_v3_0_6 -L xbip_addsub_v3_0_6 -L c_addsub_v12_0_14 -L c_mux_bit_v12_0_6 -L c_shift_ram_v12_0_14 -L xbip_bram18k_v3_0_6 -L mult_gen_v12_0_18 -L cmpy_v6_0_21 -L floating_point_v7_0_20 -L xfft_v9_1_8 -L uvm -L unisims_ver -L unimacro_ver -L secureip -L xpm --snapshot tb_starlink_pss_fft_bank_owned_slice_behav xil_defaultlib.tb_starlink_pss_fft_bank_owned_slice xil_defaultlib.glbl -log elaborate.log 
Using 2 slave threads.
Starting static elaboration
Pass Through NonSizing Optimizer
WARNING: [VRFC 10-3532] module 'glbl' does not have a parameter named 'REGISTERED_SCHEDULING' to override [/tmp/starlink-completed-input.5EaJuD/exact-control-actual-matrix-v3/r0-d0-s0/project/exact_control_actual.sim/sim_1/behav/xsim/glbl.v:6]
Completed static elaboration
Starting simulation data flow analysis
Completed simulation data flow analysis
Time Resolution for simulation is 1fs
Compiling package std.standard
Compiling package std.textio
Compiling package ieee.std_logic_1164
Compiling package ieee.numeric_std
Compiling package xbip_utils_v3_0_10.xbip_utils_v3_0_10_pkg
Compiling package xfft_v9_1_8.xfft_v9_1_8_viv_comp
Compiling package ieee.std_logic_arith
Compiling package ieee.std_logic_unsigned
Compiling package ieee.math_real
Compiling package axi_utils_v2_0_6.axi_utils_v2_0_6_pkg
Compiling package mult_gen_v12_0_18.mult_gen_v12_0_18_pkg
Compiling package ieee.std_logic_signed
Compiling package cmpy_v6_0_21.cmpy_v6_0_21_pkg
Compiling package floating_point_v7_0_20.floating_point_v7_0_20_consts
Compiling package floating_point_v7_0_20.floating_point_v7_0_20_exp_table...
Compiling package floating_point_v7_0_20.floating_point_v7_0_20_pkg
Compiling package xfft_v9_1_8.pkg
Compiling package xfft_v9_1_8.xfft_v9_1_8_axi_pkg
Compiling package unisim.vcomponents
Compiling package ieee.vital_timing
Compiling package ieee.vital_primitives
Compiling package unisim.vpkg
Compiling package xbip_pipe_v3_0_6.xbip_pipe_v3_0_6_viv_comp
Compiling package xbip_addsub_v3_0_6.xbip_addsub_v3_0_6_viv_comp
Compiling package c_addsub_v12_0_14.c_addsub_v12_0_14_pkg
Compiling package c_addsub_v12_0_14.c_addsub_v12_0_14_pkg_legacy
Compiling package c_reg_fd_v12_0_6.c_reg_fd_v12_0_6_viv_comp
Compiling package c_shift_ram_v12_0_14.c_shift_ram_v12_0_14_pkg
Compiling package c_mux_bit_v12_0_6.c_mux_bit_v12_0_6_viv_comp
Compiling package xfft_v9_1_8.half_sincos_tw_table
Compiling package xpm.vcomponents
Compiling package ieee.std_logic_textio
Compiling package mult_gen_v12_0_18.dsp_pkg
Compiling module xil_defaultlib.starlink_pss_block_mailbox(RESET...
Compiling module xil_defaultlib.starlink_pss_realtime_input_guar...
Compiling module xil_defaultlib.starlink_pss_realtime_result_gua...
Compiling module xil_defaultlib.starlink_pss_kernel_rom(ROM_FILE...
Compiling module xil_defaultlib.starlink_pss_forward_kernel_join...
Compiling module xil_defaultlib.starlink_pss_spectrum_product(DA...
Compiling module xil_defaultlib.starlink_pss_block_mailbox(RESET...
Compiling module xil_defaultlib.starlink_pss_block_mailbox(METAD...
Compiling architecture synth of entity xfft_v9_1_8.axi_wrapper_output_fifo [\axi_wrapper_output_fifo(c_fifo_...]
Compiling architecture synth of entity xfft_v9_1_8.axi_wrapper_input_fifo [\axi_wrapper_input_fifo(c_fifo_w...]
Compiling architecture synth of entity xfft_v9_1_8.axi_wrapper_input_fifo [\axi_wrapper_input_fifo(c_fifo_w...]
Compiling architecture synth of entity xfft_v9_1_8.axi_wrapper_output_fifo [\axi_wrapper_output_fifo(c_fifo_...]
Compiling architecture synth of entity xfft_v9_1_8.axi_wrapper [\axi_wrapper(c_nfft_max=9,c_arch...]
Compiling architecture xilinx of entity xfft_v9_1_8.mux_bus2 [\mux_bus2(c_xdevicefamily="zynq"...]
Compiling architecture rb18_internal_vhdl_v of entity unisim.RB18_INTERNAL_VHDL [\RB18_INTERNAL_VHDL(bram_size=18...]
Compiling architecture ramb18e1_v of entity unisim.RAMB18E1 [\RAMB18E1(doa_reg=1,dob_reg=1,ra...]
Compiling architecture xilinx of entity xfft_v9_1_8.dpm [\dpm(c_xdevicefamily="zynq",widt...]
Compiling architecture xilinx of entity xfft_v9_1_8.max2_2 [max2_2_default]
Compiling architecture xilinx of entity xfft_v9_1_8.in_ranger [in_ranger_default]
Compiling architecture xilinx of entity xfft_v9_1_8.range_r4 [range_r4_default]
Compiling architecture xilinx of entity xfft_v9_1_8.r4_ranger [r4_ranger_default]
Compiling architecture xilinx of entity xfft_v9_1_8.scale_logic [scale_logic_default]
Compiling architecture xilinx of entity xfft_v9_1_8.shift_ram [\shift_ram(c_xdevicefamily="zynq...]
Compiling architecture xilinx of entity xfft_v9_1_8.mux_bus4 [\mux_bus4(c_xdevicefamily="zynq"...]
Compiling architecture xilinx of entity xfft_v9_1_8.in_switch4 [\in_switch4(c_xdevicefamily="zyn...]
Compiling architecture xilinx of entity xfft_v9_1_8.shift_ram [\shift_ram(c_xdevicefamily="zynq...]
Compiling architecture dsp48e1_v of entity unisim.DSP48E1 [\DSP48E1(adreg=0,carryinreg=0,ca...]
Compiling architecture dsp48e_v of entity unisim.DSP48E [\DSP48E(carryinreg=0,carryinselr...]
Compiling architecture xilinx of entity xfft_v9_1_8.butterfly_DSP48E_SIMD_bypass [\butterfly_DSP48E_SIMD_bypass(da...]
Compiling architecture xilinx of entity xfft_v9_1_8.bf_dsp_bypass [\bf_dsp_bypass(c_xdevicefamily="...]
Compiling architecture xilinx of entity xfft_v9_1_8.butterfly_DSP48E_SIMD_mul_j_bypass [\butterfly_DSP48E_SIMD_mul_j_byp...]
Compiling architecture xilinx of entity xfft_v9_1_8.bf_dsp_mul_j_bypass [\bf_dsp_mul_j_bypass(c_xdevicefa...]
Compiling architecture dsp48e1_v of entity unisim.DSP48E1 [\DSP48E1(adreg=0,carryinreg=0,ca...]
Compiling architecture dsp48e_v of entity unisim.DSP48E [\DSP48E(carryinreg=0,carryinselr...]
Compiling architecture xilinx of entity xfft_v9_1_8.butterfly_DSP48E_SIMD [\butterfly_DSP48E_SIMD(data_widt...]
Compiling architecture xilinx of entity xfft_v9_1_8.bf_dsp [\bf_dsp(c_xdevicefamily="zynq",d...]
Compiling architecture xilinx of entity xfft_v9_1_8.dragonfly_DSP48_bypass [\dragonfly_DSP48_bypass(c_xdevic...]
Compiling architecture xilinx of entity xfft_v9_1_8.shift_ram [\shift_ram(c_xdevicefamily="zynq...]
Compiling architecture xilinx of entity cmpy_v6_0_21.delay_line [\delay_line(c_xdevicefamily="zyn...]
Compiling architecture xilinx of entity cmpy_v6_0_21.delay_line [\delay_line(c_xdevicefamily="zyn...]
Compiling architecture xilinx of entity mult_gen_v12_0_18.delay_line [\delay_line(c_xdevicefamily="zyn...]
Compiling architecture xilinx of entity mult_gen_v12_0_18.delay_line [\delay_line(c_xdevicefamily="zyn...]
Compiling architecture dsp48e1_v of entity unisim.DSP48E1 [\DSP48E1(acascreg=2,alumodereg=0...]
Compiling architecture xilinx of entity mult_gen_v12_0_18.delay_line [\delay_line(c_xdevicefamily="zyn...]
Compiling architecture xilinx of entity mult_gen_v12_0_18.op_resize [\op_resize(ai_width=18,bi_width=...]
Compiling architecture xilinx of entity mult_gen_v12_0_18.dsp [\dsp(c_xdevicefamily="zynq",c_a_...]
Compiling architecture xilinx of entity cmpy_v6_0_21.cmpy_3_dsp48_mult [\cmpy_3_dsp48_mult(c_xdevicefami...]
Compiling architecture xilinx of entity mult_gen_v12_0_18.delay_line [\delay_line(c_xdevicefamily="zyn...]
Compiling architecture xilinx of entity mult_gen_v12_0_18.delay_line [\delay_line(c_xdevicefamily="zyn...]
Compiling architecture dsp48e1_v of entity unisim.DSP48E1 [\DSP48E1(alumodereg=0,bcascreg=2...]
Compiling architecture xilinx of entity mult_gen_v12_0_18.op_resize [\op_resize(ai_width=19,bi_width=...]
Compiling architecture xilinx of entity mult_gen_v12_0_18.dsp [\dsp(c_xdevicefamily="zynq",c_a_...]
Compiling architecture xilinx of entity cmpy_v6_0_21.cmpy_3_dsp48_mult [\cmpy_3_dsp48_mult(c_xdevicefami...]
Compiling architecture xilinx of entity mult_gen_v12_0_18.dsp [\dsp(c_xdevicefamily="zynq",c_a_...]
Compiling architecture xilinx of entity cmpy_v6_0_21.cmpy_3_dsp48_mult [\cmpy_3_dsp48_mult(c_xdevicefami...]
Compiling architecture xilinx of entity cmpy_v6_0_21.input_negation [\input_negation(c_xdevicefamily=...]
Compiling architecture xilinx of entity cmpy_v6_0_21.delay_line [\delay_line(c_xdevicefamily="zyn...]
Compiling architecture xilinx of entity cmpy_v6_0_21.delay_line [\delay_line(c_xdevicefamily="zyn...]
Compiling architecture xilinx of entity cmpy_v6_0_21.cmpy_3_dsp48 [\cmpy_3_dsp48(c_xdevicefamily="z...]
Compiling architecture xilinx of entity cmpy_v6_0_21.cmpy_v6_0_21_synth [\cmpy_v6_0_21_synth(c_xdevicefam...]
Compiling architecture xilinx of entity xfft_v9_1_8.cmpy [\cmpy(c_xdevicefamily="zynq",a_w...]
Compiling architecture xilinx of entity xfft_v9_1_8.mux_bus4 [\mux_bus4(c_xdevicefamily="zynq"...]
Compiling architecture xilinx of entity xfft_v9_1_8.arith_shift3 [\arith_shift3(c_xdevicefamily="z...]
Compiling architecture xilinx of entity xfft_v9_1_8.logic_gate [\logic_gate(c_xdevicefamily="zyn...]
Compiling architecture xilinx of entity xfft_v9_1_8.shift_ram [\shift_ram(c_xdevicefamily="zynq...]
Compiling architecture lut6_v of entity unisim.LUT6 [\LUT6(init="10000000000000000000...]
Compiling architecture xilinx of entity xfft_v9_1_8.logic_gate [\logic_gate(c_xdevicefamily="zyn...]
Compiling architecture rtl of entity c_addsub_v12_0_14.c_addsub_v12_0_14_lut6_legacy [\c_addsub_v12_0_14_lut6_legacy(c...]
Compiling architecture synth of entity c_addsub_v12_0_14.c_addsub_v12_0_14_fabric_legacy [\c_addsub_v12_0_14_fabric_legacy...]
Compiling architecture synth of entity c_addsub_v12_0_14.c_addsub_v12_0_14_legacy [\c_addsub_v12_0_14_legacy(c_fami...]
Compiling architecture synth of entity c_addsub_v12_0_14.c_addsub_v12_0_14_viv [\c_addsub_v12_0_14_viv(c_xdevice...]
Compiling architecture xilinx of entity xfft_v9_1_8.unbiased_round [\unbiased_round(c_xdevicefamily=...]
Compiling architecture xilinx of entity xfft_v9_1_8.pe4 [\pe4(c_xdevicefamily="zynq",io_w...]
Compiling architecture xilinx of entity xfft_v9_1_8.out_switch4 [\out_switch4(c_xdevicefamily="zy...]
Compiling architecture xilinx of entity xfft_v9_1_8.r4_datapath [\r4_datapath(c_xdevicefamily="zy...]
Compiling architecture struct of entity c_shift_ram_v12_0_14.c_shift_ram_v12_0_14_legacy [\c_shift_ram_v12_0_14_legacy(c_x...]
Compiling architecture synth of entity c_shift_ram_v12_0_14.c_shift_ram_v12_0_14_viv [\c_shift_ram_v12_0_14_viv(c_xdev...]
Compiling architecture xilinx of entity xfft_v9_1_8.shift_ram [\shift_ram(c_xdevicefamily="zynq...]
Compiling architecture xilinx of entity xfft_v9_1_8.shift_ram [\shift_ram(c_xdevicefamily="zynq...]
Compiling architecture struct of entity c_shift_ram_v12_0_14.c_shift_ram_v12_0_14_legacy [\c_shift_ram_v12_0_14_legacy(c_x...]
Compiling architecture synth of entity c_shift_ram_v12_0_14.c_shift_ram_v12_0_14_viv [\c_shift_ram_v12_0_14_viv(c_xdev...]
Compiling architecture xilinx of entity xfft_v9_1_8.shift_ram [\shift_ram(c_xdevicefamily="zynq...]
Compiling architecture struct of entity c_shift_ram_v12_0_14.c_shift_ram_v12_0_14_legacy [\c_shift_ram_v12_0_14_legacy(c_x...]
Compiling architecture synth of entity c_shift_ram_v12_0_14.c_shift_ram_v12_0_14_viv [\c_shift_ram_v12_0_14_viv(c_xdev...]
Compiling architecture xilinx of entity xfft_v9_1_8.shift_ram [\shift_ram(c_xdevicefamily="zynq...]
Compiling architecture struct of entity c_shift_ram_v12_0_14.c_shift_ram_v12_0_14_legacy [\c_shift_ram_v12_0_14_legacy(c_x...]
Compiling architecture synth of entity c_shift_ram_v12_0_14.c_shift_ram_v12_0_14_viv [\c_shift_ram_v12_0_14_viv(c_xdev...]
Compiling architecture xilinx of entity xfft_v9_1_8.shift_ram [\shift_ram(c_xdevicefamily="zynq...]
Compiling architecture struct of entity c_shift_ram_v12_0_14.c_shift_ram_v12_0_14_legacy [\c_shift_ram_v12_0_14_legacy(c_x...]
Compiling architecture synth of entity c_shift_ram_v12_0_14.c_shift_ram_v12_0_14_viv [\c_shift_ram_v12_0_14_viv(c_xdev...]
Compiling architecture xilinx of entity xfft_v9_1_8.shift_ram [\shift_ram(c_xdevicefamily="zynq...]
Compiling architecture xilinx of entity xfft_v9_1_8.shift_ram [\shift_ram(c_xdevicefamily="zynq...]
Compiling architecture xilinx of entity xfft_v9_1_8.shift_ram [\shift_ram(c_xdevicefamily="zynq...]
Compiling architecture fdre_v of entity unisim.FDRE [fdre_default]
Compiling architecture fde_v of entity unisim.FDE [fde_default]
Compiling architecture struct of entity c_shift_ram_v12_0_14.c_shift_ram_v12_0_14_legacy [\c_shift_ram_v12_0_14_legacy(c_x...]
Compiling architecture synth of entity c_shift_ram_v12_0_14.c_shift_ram_v12_0_14_viv [\c_shift_ram_v12_0_14_viv(c_xdev...]
Compiling architecture xilinx of entity xfft_v9_1_8.shift_ram [\shift_ram(c_xdevicefamily="zynq...]
Compiling architecture xilinx of entity xfft_v9_1_8.reg_rs_rtl [reg_rs_rtl_default]
Compiling architecture muxcy_v of entity unisim.MUXCY [muxcy_default]
Compiling architecture xorcy_v of entity unisim.XORCY [xorcy_default]
Compiling architecture rtl of entity c_addsub_v12_0_14.c_addsub_v12_0_14_lut6_legacy [\c_addsub_v12_0_14_lut6_legacy(c...]
Compiling architecture synth of entity c_addsub_v12_0_14.c_addsub_v12_0_14_fabric_legacy [\c_addsub_v12_0_14_fabric_legacy...]
Compiling architecture synth of entity c_addsub_v12_0_14.c_addsub_v12_0_14_legacy [\c_addsub_v12_0_14_legacy(c_fami...]
Compiling architecture synth of entity c_addsub_v12_0_14.c_addsub_v12_0_14_viv [\c_addsub_v12_0_14_viv(c_xdevice...]
Compiling architecture lut6_v of entity unisim.LUT6 [\LUT6(init="10010000000010010000...]
Compiling architecture xilinx of entity xfft_v9_1_8.equ_rtl [\equ_rtl(c_xdevicefamily="zynq",...]
Compiling architecture xilinx of entity xfft_v9_1_8.cnt_tc_rtl [\cnt_tc_rtl(c_xdevicefamily="zyn...]
Compiling architecture rtl of entity c_addsub_v12_0_14.c_addsub_v12_0_14_lut6_legacy [\c_addsub_v12_0_14_lut6_legacy(c...]
Compiling architecture synth of entity c_addsub_v12_0_14.c_addsub_v12_0_14_fabric_legacy [\c_addsub_v12_0_14_fabric_legacy...]
Compiling architecture synth of entity c_addsub_v12_0_14.c_addsub_v12_0_14_legacy [\c_addsub_v12_0_14_legacy(c_fami...]
Compiling architecture synth of entity c_addsub_v12_0_14.c_addsub_v12_0_14_viv [\c_addsub_v12_0_14_viv(c_xdevice...]
Compiling architecture xilinx of entity xfft_v9_1_8.equ_rtl [\equ_rtl(c_xdevicefamily="zynq",...]
Compiling architecture xilinx of entity xfft_v9_1_8.cnt_tc_rtl [\cnt_tc_rtl(c_xdevicefamily="zyn...]
Compiling architecture rtl of entity c_addsub_v12_0_14.c_addsub_v12_0_14_lut6_legacy [\c_addsub_v12_0_14_lut6_legacy(c...]
Compiling architecture synth of entity c_addsub_v12_0_14.c_addsub_v12_0_14_fabric_legacy [\c_addsub_v12_0_14_fabric_legacy...]
Compiling architecture synth of entity c_addsub_v12_0_14.c_addsub_v12_0_14_legacy [\c_addsub_v12_0_14_legacy(c_fami...]
Compiling architecture synth of entity c_addsub_v12_0_14.c_addsub_v12_0_14_viv [\c_addsub_v12_0_14_viv(c_xdevice...]
Compiling architecture xilinx of entity xfft_v9_1_8.equ_rtl [\equ_rtl(c_xdevicefamily="zynq",...]
Compiling architecture xilinx of entity xfft_v9_1_8.cnt_tc_rtl [\cnt_tc_rtl(c_xdevicefamily="zyn...]
Compiling architecture rtl of entity c_addsub_v12_0_14.c_addsub_v12_0_14_lut6_legacy [\c_addsub_v12_0_14_lut6_legacy(c...]
Compiling architecture synth of entity c_addsub_v12_0_14.c_addsub_v12_0_14_fabric_legacy [\c_addsub_v12_0_14_fabric_legacy...]
Compiling architecture synth of entity c_addsub_v12_0_14.c_addsub_v12_0_14_legacy [\c_addsub_v12_0_14_legacy(c_fami...]
Compiling architecture synth of entity c_addsub_v12_0_14.c_addsub_v12_0_14_viv [\c_addsub_v12_0_14_viv(c_xdevice...]
Compiling architecture xilinx of entity xfft_v9_1_8.equ_rtl [\equ_rtl(c_xdevicefamily="zynq",...]
Compiling architecture xilinx of entity xfft_v9_1_8.cnt_tc_rtl [\cnt_tc_rtl(c_xdevicefamily="zyn...]
Compiling architecture xilinx of entity xfft_v9_1_8.flow_control_b [\flow_control_b(c_xdevicefamily=...]
Compiling architecture struct of entity c_shift_ram_v12_0_14.c_shift_ram_v12_0_14_legacy [\c_shift_ram_v12_0_14_legacy(c_x...]
Compiling architecture synth of entity c_shift_ram_v12_0_14.c_shift_ram_v12_0_14_viv [\c_shift_ram_v12_0_14_viv(c_xdev...]
Compiling architecture xilinx of entity xfft_v9_1_8.shift_ram [\shift_ram(c_xdevicefamily="zynq...]
Compiling architecture struct of entity c_shift_ram_v12_0_14.c_shift_ram_v12_0_14_legacy [\c_shift_ram_v12_0_14_legacy(c_x...]
Compiling architecture synth of entity c_shift_ram_v12_0_14.c_shift_ram_v12_0_14_viv [\c_shift_ram_v12_0_14_viv(c_xdev...]
Compiling architecture xilinx of entity xfft_v9_1_8.shift_ram [\shift_ram(c_xdevicefamily="zynq...]
Compiling architecture struct of entity c_shift_ram_v12_0_14.c_shift_ram_v12_0_14_legacy [\c_shift_ram_v12_0_14_legacy(c_x...]
Compiling architecture synth of entity c_shift_ram_v12_0_14.c_shift_ram_v12_0_14_viv [\c_shift_ram_v12_0_14_viv(c_xdev...]
Compiling architecture xilinx of entity xfft_v9_1_8.shift_ram [\shift_ram(c_xdevicefamily="zynq...]
Compiling architecture struct of entity c_shift_ram_v12_0_14.c_shift_ram_v12_0_14_legacy [\c_shift_ram_v12_0_14_legacy(c_x...]
Compiling architecture synth of entity c_shift_ram_v12_0_14.c_shift_ram_v12_0_14_viv [\c_shift_ram_v12_0_14_viv(c_xdev...]
Compiling architecture xilinx of entity xfft_v9_1_8.shift_ram [\shift_ram(c_xdevicefamily="zynq...]
Compiling architecture srl16e_v of entity unisim.SRL16E [\SRL16E(0,15)\]
Compiling architecture xilinx of entity xfft_v9_1_8.shift_ram [\shift_ram(c_xdevicefamily="zynq...]
Compiling architecture xilinx of entity xfft_v9_1_8.shift_ram [\shift_ram(c_xdevicefamily="zynq...]
Compiling architecture xilinx of entity xfft_v9_1_8.shift_ram [\shift_ram(c_xdevicefamily="zynq...]
Compiling architecture structural of entity c_reg_fd_v12_0_6.c_reg_fd_v12_0_6_viv [\c_reg_fd_v12_0_6_viv(c_sync_pri...]
Compiling architecture struct of entity c_shift_ram_v12_0_14.c_shift_ram_v12_0_14_legacy [\c_shift_ram_v12_0_14_legacy(c_x...]
Compiling architecture synth of entity c_shift_ram_v12_0_14.c_shift_ram_v12_0_14_viv [\c_shift_ram_v12_0_14_viv(c_xdev...]
Compiling architecture xilinx of entity xfft_v9_1_8.shift_ram [\shift_ram(c_xdevicefamily="zynq...]
Compiling architecture struct of entity c_shift_ram_v12_0_14.c_shift_ram_v12_0_14_legacy [\c_shift_ram_v12_0_14_legacy(c_x...]
Compiling architecture synth of entity c_shift_ram_v12_0_14.c_shift_ram_v12_0_14_viv [\c_shift_ram_v12_0_14_viv(c_xdev...]
Compiling architecture xilinx of entity xfft_v9_1_8.shift_ram [\shift_ram(c_xdevicefamily="zynq...]
Compiling architecture struct of entity c_shift_ram_v12_0_14.c_shift_ram_v12_0_14_legacy [\c_shift_ram_v12_0_14_legacy(c_x...]
Compiling architecture synth of entity c_shift_ram_v12_0_14.c_shift_ram_v12_0_14_viv [\c_shift_ram_v12_0_14_viv(c_xdev...]
Compiling architecture xilinx of entity xfft_v9_1_8.shift_ram [\shift_ram(c_xdevicefamily="zynq...]
Compiling architecture struct of entity c_shift_ram_v12_0_14.c_shift_ram_v12_0_14_legacy [\c_shift_ram_v12_0_14_legacy(c_x...]
Compiling architecture synth of entity c_shift_ram_v12_0_14.c_shift_ram_v12_0_14_viv [\c_shift_ram_v12_0_14_viv(c_xdev...]
Compiling architecture xilinx of entity xfft_v9_1_8.shift_ram [\shift_ram(c_xdevicefamily="zynq...]
Compiling architecture struct of entity c_shift_ram_v12_0_14.c_shift_ram_v12_0_14_legacy [\c_shift_ram_v12_0_14_legacy(c_x...]
Compiling architecture synth of entity c_shift_ram_v12_0_14.c_shift_ram_v12_0_14_viv [\c_shift_ram_v12_0_14_viv(c_xdev...]
Compiling architecture xilinx of entity xfft_v9_1_8.shift_ram [\shift_ram(c_xdevicefamily="zynq...]
Compiling architecture struct of entity c_shift_ram_v12_0_14.c_shift_ram_v12_0_14_legacy [\c_shift_ram_v12_0_14_legacy(c_x...]
Compiling architecture synth of entity c_shift_ram_v12_0_14.c_shift_ram_v12_0_14_viv [\c_shift_ram_v12_0_14_viv(c_xdev...]
Compiling architecture xilinx of entity xfft_v9_1_8.shift_ram [\shift_ram(c_xdevicefamily="zynq...]
Compiling architecture xilinx of entity xfft_v9_1_8.shift_ram [\shift_ram(c_xdevicefamily="zynq...]
Compiling architecture lut4_v of entity unisim.LUT4 [\LUT4(init="0000000011001010")(0...]
Compiling architecture xilinx of entity xfft_v9_1_8.mux_bus4 [\mux_bus4(c_xdevicefamily="zynq"...]
Compiling architecture lut6_v of entity unisim.LUT6 [\LUT6(init="11111111000000001111...]
Compiling architecture xilinx of entity xfft_v9_1_8.mux_bus4 [\mux_bus4(c_xdevicefamily="zynq"...]
Compiling architecture lut3_v of entity unisim.LUT3 [\LUT3(init="11001010")(0,7)\]
Compiling architecture xilinx of entity xfft_v9_1_8.mux_bus2 [\mux_bus2(c_xdevicefamily="zynq"...]
Compiling architecture xilinx of entity xfft_v9_1_8.shift_ram [\shift_ram(c_xdevicefamily="zynq...]
Compiling architecture xilinx of entity xfft_v9_1_8.shift_ram [\shift_ram(c_xdevicefamily="zynq...]
Compiling architecture xilinx of entity xfft_v9_1_8.xor_bit_gate [\xor_bit_gate(c_inputs=4)\]
Compiling architecture xilinx of entity xfft_v9_1_8.xor_bit_gate [\xor_bit_gate(c_inputs=13)\]
Compiling architecture xilinx of entity xfft_v9_1_8.shift_ram [\shift_ram(c_xdevicefamily="zynq...]
Compiling architecture structural of entity c_reg_fd_v12_0_6.c_reg_fd_v12_0_6_viv [\c_reg_fd_v12_0_6_viv(c_width=8,...]
Compiling architecture rtl of entity c_addsub_v12_0_14.c_addsub_v12_0_14_lut6_legacy [\c_addsub_v12_0_14_lut6_legacy(c...]
Compiling architecture synth of entity c_addsub_v12_0_14.c_addsub_v12_0_14_fabric_legacy [\c_addsub_v12_0_14_fabric_legacy...]
Compiling architecture synth of entity c_addsub_v12_0_14.c_addsub_v12_0_14_legacy [\c_addsub_v12_0_14_legacy(c_fami...]
Compiling architecture synth of entity c_addsub_v12_0_14.c_addsub_v12_0_14_viv [\c_addsub_v12_0_14_viv(c_xdevice...]
Compiling architecture xilinx of entity xfft_v9_1_8.subtracter [\subtracter(c_xdevicefamily="zyn...]
Compiling architecture xilinx of entity xfft_v9_1_8.xor_bit_gate [\xor_bit_gate(c_inputs=14)\]
Compiling architecture xilinx of entity xfft_v9_1_8.mux_bus2 [\mux_bus2(c_xdevicefamily="zynq"...]
Compiling architecture xilinx of entity xfft_v9_1_8.mux_bus2 [\mux_bus2(c_xdevicefamily="zynq"...]
Compiling architecture xilinx of entity xfft_v9_1_8.rw_addr_gen_b [\rw_addr_gen_b(c_xdevicefamily="...]
Compiling architecture xilinx of entity xfft_v9_1_8.mux_bus2 [\mux_bus2(c_xdevicefamily="zynq"...]
Compiling architecture xilinx of entity xfft_v9_1_8.out_addr_gen_b [\out_addr_gen_b(c_xdevicefamily=...]
Compiling architecture muxf7_v of entity unisim.MUXF7 [muxf7_default]
Compiling architecture xilinx of entity xfft_v9_1_8.mux_bus8 [\mux_bus8(c_xdevicefamily="zynq"...]
Compiling architecture lut6_v of entity unisim.LUT6 [\LUT6(init="00000000000000000000...]
Compiling architecture xilinx of entity xfft_v9_1_8.mux_bus4 [\mux_bus4(c_xdevicefamily="zynq"...]
Compiling architecture xilinx of entity xfft_v9_1_8.mux_bus8 [\mux_bus8(c_xdevicefamily="zynq"...]
Compiling architecture structural of entity c_reg_fd_v12_0_6.c_reg_fd_v12_0_6_viv [\c_reg_fd_v12_0_6_viv(c_width=9,...]
Compiling architecture rtl of entity c_addsub_v12_0_14.c_addsub_v12_0_14_lut6_legacy [\c_addsub_v12_0_14_lut6_legacy(c...]
Compiling architecture synth of entity c_addsub_v12_0_14.c_addsub_v12_0_14_fabric_legacy [\c_addsub_v12_0_14_fabric_legacy...]
Compiling architecture synth of entity c_addsub_v12_0_14.c_addsub_v12_0_14_legacy [\c_addsub_v12_0_14_legacy(c_fami...]
Compiling architecture synth of entity c_addsub_v12_0_14.c_addsub_v12_0_14_viv [\c_addsub_v12_0_14_viv(c_xdevice...]
Compiling architecture xilinx of entity xfft_v9_1_8.tw_gen_p2 [\tw_gen_p2(c_xdevicefamily="zynq...]
Compiling architecture xilinx of entity xfft_v9_1_8.tw_addr_gen [\tw_addr_gen(c_xdevicefamily="zy...]
Compiling architecture vcc_v of entity unisim.VCC [vcc_default]
Compiling architecture xilinx of entity xfft_v9_1_8.twgen_half_sincos [\twgen_half_sincos(c_xdevicefami...]
Compiling architecture xilinx of entity xfft_v9_1_8.twiddle_gen [\twiddle_gen(c_xdevicefamily="zy...]
Compiling architecture xilinx of entity xfft_v9_1_8.r4_control [\r4_control(c_xdevicefamily="zyn...]
Compiling architecture xilinx of entity xfft_v9_1_8.xfft_v9_1_8_b [\xfft_v9_1_8_b(c_xdevicefamily="...]
Compiling architecture synth of entity xfft_v9_1_8.xfft_v9_1_8_core [\xfft_v9_1_8_core(c_xdevicefamil...]
Compiling architecture synth of entity xfft_v9_1_8.xfft_v9_1_8_viv [\xfft_v9_1_8_viv(c_xdevicefamily...]
Compiling architecture xilinx of entity xfft_v9_1_8.xfft_v9_1_8 [\xfft_v9_1_8(c_xdevicefamily="zy...]
Compiling architecture starlink_pss_fft512_bfp18_rt_candidate_arch of entity xil_defaultlib.starlink_pss_fft512_bfp18_rt_candidate [starlink_pss_fft512_bfp18_rt_can...]
Compiling module xil_defaultlib.starlink_pss_fft_bank_owned_slic...
Compiling module xil_defaultlib.starlink_pss_block_mailbox_dec20...
Compiling module xil_defaultlib.starlink_pss_realtime_input_guar...
Compiling module xil_defaultlib.starlink_pss_realtime_result_gua...
Compiling module xil_defaultlib.starlink_pss_kernel_rom_dec20d63...
Compiling module xil_defaultlib.starlink_pss_forward_kernel_join...
Compiling module xil_defaultlib.starlink_pss_spectrum_product_de...
Compiling module xil_defaultlib.starlink_pss_block_mailbox_dec20...
Compiling module xil_defaultlib.starlink_pss_block_mailbox_dec20...
Compiling module xil_defaultlib.starlink_pss_fft_bank_owned_slic...
Compiling module xil_defaultlib.starlink_pss_kernel_rom_7ee87258...
Compiling module xil_defaultlib.starlink_pss_forward_kernel_join...
Compiling module xil_defaultlib.starlink_pss_spectrum_product_7e...
Compiling module xil_defaultlib.starlink_pss_payload_bubble_shad...
Compiling module xil_defaultlib.starlink_pss_realtime_result_gua...
Compiling module xil_defaultlib.starlink_pss_forward_retirement_...
Compiling module xil_defaultlib.starlink_pss_realtime_result_gua...
Compiling module xil_defaultlib.tb_starlink_pss_exact_control_re...
Compiling module xil_defaultlib.starlink_pss_exact_control_actua...
Compiling module xil_defaultlib.starlink_pss_realtime_result_gua...
Compiling module xil_defaultlib.tb_starlink_pss_fft_bank_owned_s...
Compiling module xil_defaultlib.glbl
Built simulation snapshot tb_starlink_pss_fft_bank_owned_slice_behav
