
*** Running vivado
    with args -log starlink_pss_fft512_bfp18_rt_candidate.vds -m64 -product Vivado -mode batch -messageDb vivado.pb -notrace -source starlink_pss_fft512_bfp18_rt_candidate.tcl


****** Vivado v2022.2 (64-bit)
  **** SW Build 3671981 on Fri Oct 14 04:59:54 MDT 2022
  **** IP Build 3669848 on Fri Oct 14 08:30:02 MDT 2022
    ** Copyright 1986-2022 Xilinx, Inc. All Rights Reserved.

source starlink_pss_fft512_bfp18_rt_candidate.tcl -notrace
source /home/mouse9911/gits/starlink-build-recovery-20260910.vHzUVnBz/rom-k1m1-synth-v1/synthesis/frozen_sources/fft_bank_owned_synth_threads.tcl
Command: synth_design -top starlink_pss_fft512_bfp18_rt_candidate -part xc7z010clg400-1 -directive AreaOptimized_high -control_set_opt_threshold 4 -incremental_mode off -mode out_of_context
Starting synth_design
Attempting to get a license for feature 'Synthesis' and/or device 'xc7z010'
INFO: [Common 17-349] Got license for feature 'Synthesis' and/or device 'xc7z010'
INFO: [Device 21-403] Loading part xc7z010clg400-1
INFO: [Synth 8-7079] Multithreading enabled for synth_design using a maximum of 2 processes.
INFO: [Synth 8-7078] Launching helper process for spawning children vivado processes
INFO: [Synth 8-7075] Helper process launched with PID 736704
INFO: [Synth 8-11241] undeclared symbol 'REGCCE', assumed default net type 'wire' [/opt/Xilinx/Vivado/2022.2/data/verilog/src/unimacro/BRAM_SINGLE_MACRO.v:2170]
---------------------------------------------------------------------------------
Starting RTL Elaboration : Time (s): cpu = 00:00:02 ; elapsed = 00:00:03 . Memory (MB): peak = 1933.074 ; gain = 369.801 ; free physical = 29107 ; free virtual = 128282
Synthesis current peak Physical Memory [PSS] (MB): peak = 1357.039; parent = 1153.511; children = 203.528
Synthesis current peak Virtual Memory [VSS] (MB): peak = 2928.340; parent = 1937.047; children = 991.293
---------------------------------------------------------------------------------
INFO: [Synth 8-638] synthesizing module 'starlink_pss_fft512_bfp18_rt_candidate' [/home/mouse9911/gits/starlink-build-recovery-20260910.vHzUVnBz/rom-k1m1-synth-v1/synthesis/project/fft_bank_owned_synthesis.gen/sources_1/ip/starlink_pss_fft512_bfp18_rt_candidate/synth/starlink_pss_fft512_bfp18_rt_candidate.vhd:83]
WARNING: [Synth 8-3819] Generic 'KERNEL_ROM_FILE' not present in instantiated entity will be ignored
WARNING: [Synth 8-3819] Generic 'REGISTERED_SCHEDULING' not present in instantiated entity will be ignored
WARNING: [Synth 8-3819] Generic 'DISTRIBUTED_FAST_FAULT' not present in instantiated entity will be ignored
WARNING: [Synth 8-3819] Generic 'PRIVATE_NEXT_START_SCRATCH' not present in instantiated entity will be ignored
WARNING: [Synth 8-3819] Generic 'PER_CAUSE_FAULT_CDC' not present in instantiated entity will be ignored
WARNING: [Synth 8-3819] Generic 'PRIVATE_ROM_READ_AHEAD' not present in instantiated entity will be ignored
WARNING: [Synth 8-3819] Generic 'PRIVATE_BLOCK_METADATA_READ_AHEAD' not present in instantiated entity will be ignored
	Parameter C_XDEVICEFAMILY bound to: zynq - type: string 
	Parameter C_PART bound to: xc7z010clg400-1 - type: string 
	Parameter C_S_AXIS_CONFIG_TDATA_WIDTH bound to: 8 - type: integer 
	Parameter C_S_AXIS_DATA_TDATA_WIDTH bound to: 48 - type: integer 
	Parameter C_M_AXIS_DATA_TDATA_WIDTH bound to: 48 - type: integer 
	Parameter C_M_AXIS_DATA_TUSER_WIDTH bound to: 24 - type: integer 
	Parameter C_M_AXIS_STATUS_TDATA_WIDTH bound to: 8 - type: integer 
	Parameter C_THROTTLE_SCHEME bound to: 0 - type: integer 
	Parameter C_CHANNELS bound to: 1 - type: integer 
	Parameter C_NFFT_MAX bound to: 9 - type: integer 
	Parameter C_ARCH bound to: 1 - type: integer 
	Parameter C_HAS_NFFT bound to: 0 - type: integer 
	Parameter C_USE_FLT_PT bound to: 0 - type: integer 
	Parameter C_INPUT_WIDTH bound to: 18 - type: integer 
	Parameter C_TWIDDLE_WIDTH bound to: 16 - type: integer 
	Parameter C_OUTPUT_WIDTH bound to: 18 - type: integer 
	Parameter C_HAS_SCALING bound to: 1 - type: integer 
	Parameter C_HAS_BFP bound to: 1 - type: integer 
	Parameter C_HAS_ROUNDING bound to: 1 - type: integer 
	Parameter C_HAS_ACLKEN bound to: 0 - type: integer 
	Parameter C_HAS_ARESETN bound to: 1 - type: integer 
	Parameter C_HAS_OVFLO bound to: 0 - type: integer 
	Parameter C_HAS_NATURAL_INPUT bound to: 1 - type: integer 
	Parameter C_HAS_NATURAL_OUTPUT bound to: 1 - type: integer 
	Parameter C_HAS_CYCLIC_PREFIX bound to: 0 - type: integer 
	Parameter C_HAS_XK_INDEX bound to: 1 - type: integer 
	Parameter C_DATA_MEM_TYPE bound to: 1 - type: integer 
	Parameter C_TWIDDLE_MEM_TYPE bound to: 1 - type: integer 
	Parameter C_BRAM_STAGES bound to: 0 - type: integer 
	Parameter C_REORDER_MEM_TYPE bound to: 1 - type: integer 
	Parameter C_USE_HYBRID_RAM bound to: 0 - type: integer 
	Parameter C_OPTIMIZE_GOAL bound to: 0 - type: integer 
	Parameter C_CMPY_TYPE bound to: 1 - type: integer 
	Parameter C_BFLY_TYPE bound to: 1 - type: integer 
INFO: [Synth 8-3491] module 'xfft_v9_1_8' declared at '/home/mouse9911/gits/starlink-build-recovery-20260910.vHzUVnBz/rom-k1m1-synth-v1/synthesis/project/fft_bank_owned_synthesis.gen/sources_1/ip/starlink_pss_fft512_bfp18_rt_candidate/hdl/xfft_v9_1_vh_rfs.vhd:103739' bound to instance 'U0' of component 'xfft_v9_1_8' [/home/mouse9911/gits/starlink-build-recovery-20260910.vHzUVnBz/rom-k1m1-synth-v1/synthesis/project/fft_bank_owned_synthesis.gen/sources_1/ip/starlink_pss_fft512_bfp18_rt_candidate/synth/starlink_pss_fft512_bfp18_rt_candidate.vhd:190]
INFO: [Synth 8-3919] null assignment ignored
INFO: [Synth 8-3919] null assignment ignored
INFO: [Synth 8-3919] null assignment ignored
INFO: [Synth 8-3919] null assignment ignored
INFO: [Synth 8-3919] null assignment ignored
INFO: [Synth 8-3919] null assignment ignored
INFO: [Synth 8-3919] null assignment ignored
INFO: [Synth 8-3919] null assignment ignored
INFO: [Synth 8-3919] null assignment ignored
INFO: [Synth 8-3919] null assignment ignored
INFO: [Synth 8-3919] null assignment ignored
INFO: [Synth 8-3919] null assignment ignored
INFO: [Synth 8-3919] null assignment ignored
INFO: [Synth 8-3919] null assignment ignored
INFO: [Synth 8-3919] null assignment ignored
INFO: [Synth 8-3919] null assignment ignored
INFO: [Synth 8-3919] null assignment ignored
INFO: [Synth 8-3919] null assignment ignored
INFO: [Synth 8-3919] null assignment ignored
INFO: [Synth 8-3919] null assignment ignored
INFO: [Synth 8-3919] null assignment ignored
INFO: [Synth 8-3919] null assignment ignored
INFO: [Synth 8-3919] null assignment ignored
INFO: [Synth 8-3919] null assignment ignored
INFO: [Synth 8-3919] null assignment ignored
INFO: [Synth 8-3919] null assignment ignored
INFO: [Synth 8-3919] null assignment ignored
INFO: [Synth 8-3919] null assignment ignored
INFO: [Synth 8-3919] null assignment ignored
INFO: [Synth 8-3919] null assignment ignored
INFO: [Synth 8-3919] null assignment ignored
INFO: [Synth 8-3919] null assignment ignored
INFO: [Synth 8-3919] null assignment ignored
INFO: [Synth 8-3919] null assignment ignored
INFO: [Synth 8-3919] null assignment ignored
INFO: [Synth 8-3919] null assignment ignored
INFO: [Synth 8-3919] null assignment ignored
INFO: [Synth 8-3919] null assignment ignored
INFO: [Synth 8-3919] null assignment ignored
INFO: [Synth 8-3919] null assignment ignored
INFO: [Synth 8-3919] null assignment ignored
INFO: [Synth 8-3919] null assignment ignored
INFO: [Synth 8-3919] null assignment ignored
INFO: [Synth 8-3919] null assignment ignored
INFO: [Synth 8-3919] null assignment ignored
INFO: [Synth 8-256] done synthesizing module 'starlink_pss_fft512_bfp18_rt_candidate' (0#1) [/home/mouse9911/gits/starlink-build-recovery-20260910.vHzUVnBz/rom-k1m1-synth-v1/synthesis/project/fft_bank_owned_synthesis.gen/sources_1/ip/starlink_pss_fft512_bfp18_rt_candidate/synth/starlink_pss_fft512_bfp18_rt_candidate.vhd:83]
WARNING: [Synth 8-3301] Unused top level parameter/generic KERNEL_ROM_FILE
WARNING: [Synth 8-3301] Unused top level parameter/generic REGISTERED_SCHEDULING
WARNING: [Synth 8-3301] Unused top level parameter/generic DISTRIBUTED_FAST_FAULT
WARNING: [Synth 8-3301] Unused top level parameter/generic PRIVATE_NEXT_START_SCRATCH
WARNING: [Synth 8-3301] Unused top level parameter/generic PER_CAUSE_FAULT_CDC
WARNING: [Synth 8-3301] Unused top level parameter/generic PRIVATE_ROM_READ_AHEAD
WARNING: [Synth 8-3301] Unused top level parameter/generic PRIVATE_BLOCK_METADATA_READ_AHEAD
WARNING: [Synth 8-7129] Port LUT_SCLR in module mux_bus4__parameterized4 is either unconnected or has no load
WARNING: [Synth 8-7129] Port LUT_SCLR in module mux_bus4__parameterized2 is either unconnected or has no load
WARNING: [Synth 8-7129] Port clk in module c_addsub_v12_0_14_lut6_legacy__parameterized11 is either unconnected or has no load
WARNING: [Synth 8-7129] Port add in module c_addsub_v12_0_14_lut6_legacy__parameterized11 is either unconnected or has no load
WARNING: [Synth 8-7129] Port c_in in module c_addsub_v12_0_14_lut6_legacy__parameterized11 is either unconnected or has no load
WARNING: [Synth 8-7129] Port ce in module c_addsub_v12_0_14_lut6_legacy__parameterized11 is either unconnected or has no load
WARNING: [Synth 8-7129] Port bypass in module c_addsub_v12_0_14_lut6_legacy__parameterized11 is either unconnected or has no load
WARNING: [Synth 8-7129] Port aclr in module c_addsub_v12_0_14_lut6_legacy__parameterized11 is either unconnected or has no load
WARNING: [Synth 8-7129] Port aset in module c_addsub_v12_0_14_lut6_legacy__parameterized11 is either unconnected or has no load
WARNING: [Synth 8-7129] Port ainit in module c_addsub_v12_0_14_lut6_legacy__parameterized11 is either unconnected or has no load
WARNING: [Synth 8-7129] Port sclr in module c_addsub_v12_0_14_lut6_legacy__parameterized11 is either unconnected or has no load
WARNING: [Synth 8-7129] Port sset in module c_addsub_v12_0_14_lut6_legacy__parameterized11 is either unconnected or has no load
WARNING: [Synth 8-7129] Port sinit in module c_addsub_v12_0_14_lut6_legacy__parameterized11 is either unconnected or has no load
WARNING: [Synth 8-7129] Port c_in in module c_addsub_v12_0_14_legacy__parameterized11 is either unconnected or has no load
WARNING: [Synth 8-7129] Port b_in in module c_addsub_v12_0_14_legacy__parameterized11 is either unconnected or has no load
WARNING: [Synth 8-7129] Port a_signed in module c_addsub_v12_0_14_legacy__parameterized11 is either unconnected or has no load
WARNING: [Synth 8-7129] Port b_signed in module c_addsub_v12_0_14_legacy__parameterized11 is either unconnected or has no load
WARNING: [Synth 8-7129] Port C_IN in module c_addsub_v12_0_14_viv__parameterized5 is either unconnected or has no load
WARNING: [Synth 8-7129] Port Q1 in module shift_ram__parameterized28 is either unconnected or has no load
WARNING: [Synth 8-7129] Port D1 in module shift_ram__parameterized28 is either unconnected or has no load
WARNING: [Synth 8-7129] Port COMBI_SCLR in module shift_ram__parameterized28 is either unconnected or has no load
WARNING: [Synth 8-7129] Port DEPTHx2 in module shift_ram__parameterized28 is either unconnected or has no load
WARNING: [Synth 8-7129] Port clk in module logic_gate__parameterized0 is either unconnected or has no load
WARNING: [Synth 8-7129] Port ce in module logic_gate__parameterized0 is either unconnected or has no load
WARNING: [Synth 8-7129] Port clk in module logic_gate is either unconnected or has no load
WARNING: [Synth 8-7129] Port ce in module logic_gate is either unconnected or has no load
WARNING: [Synth 8-7129] Port LUT_SCLR in module mux_bus4__parameterized3 is either unconnected or has no load
WARNING: [Synth 8-7129] Port SUB_Ai in module bf_dsp is either unconnected or has no load
WARNING: [Synth 8-7129] Port SUB_Bi in module bf_dsp is either unconnected or has no load
WARNING: [Synth 8-7129] Port SUB_B in module butterfly_DSP48E_SIMD_bypass is either unconnected or has no load
WARNING: [Synth 8-7129] Port SUB_Ai in module bf_dsp_bypass is either unconnected or has no load
WARNING: [Synth 8-7129] Port SUB_Bi in module bf_dsp_bypass is either unconnected or has no load
WARNING: [Synth 8-7129] Port D1 in module shift_ram__parameterized27 is either unconnected or has no load
WARNING: [Synth 8-7129] Port SCLR in module shift_ram__parameterized27 is either unconnected or has no load
WARNING: [Synth 8-7129] Port COMBI_SCLR in module shift_ram__parameterized27 is either unconnected or has no load
WARNING: [Synth 8-7129] Port DEPTHx2 in module shift_ram__parameterized27 is either unconnected or has no load
WARNING: [Synth 8-7129] Port CLK in module cmpy_v6_0_21_delay_line__parameterized2 is either unconnected or has no load
WARNING: [Synth 8-7129] Port CE in module cmpy_v6_0_21_delay_line__parameterized2 is either unconnected or has no load
WARNING: [Synth 8-7129] Port SCLR in module cmpy_v6_0_21_delay_line__parameterized2 is either unconnected or has no load
WARNING: [Synth 8-7129] Port CLK in module mult_gen_v12_0_18_delay_line__parameterized1 is either unconnected or has no load
WARNING: [Synth 8-7129] Port CE in module mult_gen_v12_0_18_delay_line__parameterized1 is either unconnected or has no load
WARNING: [Synth 8-7129] Port SCLR in module mult_gen_v12_0_18_delay_line__parameterized1 is either unconnected or has no load
WARNING: [Synth 8-7129] Port SCLR in module mult_gen_v12_0_18_delay_line__parameterized0 is either unconnected or has no load
WARNING: [Synth 8-7129] Port SCLR in module mult_gen_v12_0_18_delay_line is either unconnected or has no load
WARNING: [Synth 8-7129] Port SUBTRACT in module dsp__parameterized1 is either unconnected or has no load
WARNING: [Synth 8-7129] Port CARRY_IN in module dsp__parameterized1 is either unconnected or has no load
WARNING: [Synth 8-7129] Port CLK in module cmpy_v6_0_21_delay_line__parameterized0 is either unconnected or has no load
WARNING: [Synth 8-7129] Port CE in module cmpy_v6_0_21_delay_line__parameterized0 is either unconnected or has no load
WARNING: [Synth 8-7129] Port SCLR in module cmpy_v6_0_21_delay_line__parameterized0 is either unconnected or has no load
WARNING: [Synth 8-7129] Port SCLR in module cmpy_v6_0_21_delay_line__parameterized1 is either unconnected or has no load
WARNING: [Synth 8-7129] Port CLK in module mult_gen_v12_0_18_delay_line__parameterized3 is either unconnected or has no load
WARNING: [Synth 8-7129] Port CE in module mult_gen_v12_0_18_delay_line__parameterized3 is either unconnected or has no load
WARNING: [Synth 8-7129] Port SCLR in module mult_gen_v12_0_18_delay_line__parameterized3 is either unconnected or has no load
WARNING: [Synth 8-7129] Port CLK in module mult_gen_v12_0_18_delay_line__parameterized2 is either unconnected or has no load
WARNING: [Synth 8-7129] Port CE in module mult_gen_v12_0_18_delay_line__parameterized2 is either unconnected or has no load
WARNING: [Synth 8-7129] Port SCLR in module mult_gen_v12_0_18_delay_line__parameterized2 is either unconnected or has no load
WARNING: [Synth 8-7129] Port SUBTRACT in module dsp__parameterized0 is either unconnected or has no load
WARNING: [Synth 8-7129] Port CARRY_IN in module dsp__parameterized0 is either unconnected or has no load
WARNING: [Synth 8-7129] Port C[11] in module cmpy_3_dsp48_mult__parameterized0 is either unconnected or has no load
WARNING: [Synth 8-7129] Port C[10] in module cmpy_3_dsp48_mult__parameterized0 is either unconnected or has no load
WARNING: [Synth 8-7129] Port C[9] in module cmpy_3_dsp48_mult__parameterized0 is either unconnected or has no load
WARNING: [Synth 8-7129] Port C[8] in module cmpy_3_dsp48_mult__parameterized0 is either unconnected or has no load
WARNING: [Synth 8-7129] Port C[7] in module cmpy_3_dsp48_mult__parameterized0 is either unconnected or has no load
WARNING: [Synth 8-7129] Port C[6] in module cmpy_3_dsp48_mult__parameterized0 is either unconnected or has no load
WARNING: [Synth 8-7129] Port C[5] in module cmpy_3_dsp48_mult__parameterized0 is either unconnected or has no load
WARNING: [Synth 8-7129] Port C[4] in module cmpy_3_dsp48_mult__parameterized0 is either unconnected or has no load
WARNING: [Synth 8-7129] Port C[3] in module cmpy_3_dsp48_mult__parameterized0 is either unconnected or has no load
WARNING: [Synth 8-7129] Port C[2] in module cmpy_3_dsp48_mult__parameterized0 is either unconnected or has no load
WARNING: [Synth 8-7129] Port C[1] in module cmpy_3_dsp48_mult__parameterized0 is either unconnected or has no load
WARNING: [Synth 8-7129] Port C[0] in module cmpy_3_dsp48_mult__parameterized0 is either unconnected or has no load
WARNING: [Synth 8-7129] Port CARRY_IN in module dsp is either unconnected or has no load
WARNING: [Synth 8-7129] Port CLK in module cmpy_v6_0_21_delay_line is either unconnected or has no load
WARNING: [Synth 8-7129] Port CE in module cmpy_v6_0_21_delay_line is either unconnected or has no load
WARNING: [Synth 8-7129] Port SCLR in module cmpy_v6_0_21_delay_line is either unconnected or has no load
WARNING: [Synth 8-7129] Port SCLR in module cmpy_v6_0_21_synth is either unconnected or has no load
WARNING: [Synth 8-7129] Port ROUND_CY in module cmpy_v6_0_21_synth is either unconnected or has no load
WARNING: [Synth 8-7129] Port SO_START in module cmpy_v6_0_21_synth is either unconnected or has no load
WARNING: [Synth 8-7129] Port round_cy in module cmpy is either unconnected or has no load
WARNING: [Synth 8-7129] Port Q1 in module shift_ram__parameterized26 is either unconnected or has no load
WARNING: [Synth 8-7129] Port D1 in module shift_ram__parameterized26 is either unconnected or has no load
WARNING: [Synth 8-7129] Port COMBI_SCLR in module shift_ram__parameterized26 is either unconnected or has no load
WARNING: [Synth 8-7129] Port DEPTHx2 in module shift_ram__parameterized26 is either unconnected or has no load
WARNING: [Synth 8-7129] Port Q1 in module shift_ram__parameterized25 is either unconnected or has no load
WARNING: [Synth 8-7129] Port D1 in module shift_ram__parameterized25 is either unconnected or has no load
WARNING: [Synth 8-7129] Port COMBI_SCLR in module shift_ram__parameterized25 is either unconnected or has no load
WARNING: [Synth 8-7129] Port DEPTHx2 in module shift_ram__parameterized25 is either unconnected or has no load
WARNING: [Synth 8-7129] Port a[3] in module c_shift_ram_v12_0_14_legacy__parameterized3 is either unconnected or has no load
WARNING: [Synth 8-7129] Port a[2] in module c_shift_ram_v12_0_14_legacy__parameterized3 is either unconnected or has no load
WARNING: [Synth 8-7129] Port a[1] in module c_shift_ram_v12_0_14_legacy__parameterized3 is either unconnected or has no load
WARNING: [Synth 8-7129] Port a[0] in module c_shift_ram_v12_0_14_legacy__parameterized3 is either unconnected or has no load
WARNING: [Synth 8-7129] Port aclr in module c_shift_ram_v12_0_14_legacy__parameterized3 is either unconnected or has no load
WARNING: [Synth 8-7129] Port aset in module c_shift_ram_v12_0_14_legacy__parameterized3 is either unconnected or has no load
WARNING: [Synth 8-7129] Port ainit in module c_shift_ram_v12_0_14_legacy__parameterized3 is either unconnected or has no load
WARNING: [Synth 8-7129] Port sclr in module c_shift_ram_v12_0_14_legacy__parameterized3 is either unconnected or has no load
WARNING: [Synth 8-7129] Port sset in module c_shift_ram_v12_0_14_legacy__parameterized3 is either unconnected or has no load
WARNING: [Synth 8-7129] Port sinit in module c_shift_ram_v12_0_14_legacy__parameterized3 is either unconnected or has no load
WARNING: [Synth 8-7129] Port D[15] in module shift_ram__parameterized3 is either unconnected or has no load
WARNING: [Synth 8-7129] Port D[14] in module shift_ram__parameterized3 is either unconnected or has no load
WARNING: [Synth 8-7129] Port D[13] in module shift_ram__parameterized3 is either unconnected or has no load
WARNING: [Synth 8-7129] Port D[12] in module shift_ram__parameterized3 is either unconnected or has no load
INFO: [Common 17-14] Message 'Synth 8-7129' appears 100 times and further instances of the messages will be disabled. Use the Tcl command set_msg_config to change the current settings.
---------------------------------------------------------------------------------
Finished RTL Elaboration : Time (s): cpu = 00:00:12 ; elapsed = 00:00:13 . Memory (MB): peak = 2543.012 ; gain = 979.738 ; free physical = 28835 ; free virtual = 128013
Synthesis current peak Physical Memory [PSS] (MB): peak = 1923.770; parent = 1720.244; children = 203.528
Synthesis current peak Virtual Memory [VSS] (MB): peak = 3534.309; parent = 2543.016; children = 991.293
---------------------------------------------------------------------------------
---------------------------------------------------------------------------------
Start Handling Custom Attributes
---------------------------------------------------------------------------------
---------------------------------------------------------------------------------
Finished Handling Custom Attributes : Time (s): cpu = 00:00:12 ; elapsed = 00:00:13 . Memory (MB): peak = 2554.887 ; gain = 991.613 ; free physical = 28835 ; free virtual = 128013
Synthesis current peak Physical Memory [PSS] (MB): peak = 1923.770; parent = 1720.244; children = 203.528
Synthesis current peak Virtual Memory [VSS] (MB): peak = 3546.184; parent = 2554.891; children = 991.293
---------------------------------------------------------------------------------
---------------------------------------------------------------------------------
Finished RTL Optimization Phase 1 : Time (s): cpu = 00:00:12 ; elapsed = 00:00:13 . Memory (MB): peak = 2554.887 ; gain = 991.613 ; free physical = 28835 ; free virtual = 128013
Synthesis current peak Physical Memory [PSS] (MB): peak = 1923.770; parent = 1720.244; children = 203.528
Synthesis current peak Virtual Memory [VSS] (MB): peak = 3546.184; parent = 2554.891; children = 991.293
---------------------------------------------------------------------------------
Netlist sorting complete. Time (s): cpu = 00:00:00.05 ; elapsed = 00:00:00.05 . Memory (MB): peak = 2560.824 ; gain = 0.000 ; free physical = 28833 ; free virtual = 128011
INFO: [Netlist 29-17] Analyzing 606 Unisim elements for replacement
INFO: [Netlist 29-28] Unisim Transformation completed in 0 CPU seconds
INFO: [Project 1-570] Preparing netlist for logic optimization

Processing XDC Constraints
Initializing timing engine
Parsing XDC File [/home/mouse9911/gits/starlink-build-recovery-20260910.vHzUVnBz/rom-k1m1-synth-v1/synthesis/project/fft_bank_owned_synthesis.gen/sources_1/ip/starlink_pss_fft512_bfp18_rt_candidate/starlink_pss_fft512_bfp18_rt_candidate_ooc.xdc] for cell 'U0'
Finished Parsing XDC File [/home/mouse9911/gits/starlink-build-recovery-20260910.vHzUVnBz/rom-k1m1-synth-v1/synthesis/project/fft_bank_owned_synthesis.gen/sources_1/ip/starlink_pss_fft512_bfp18_rt_candidate/starlink_pss_fft512_bfp18_rt_candidate_ooc.xdc] for cell 'U0'
Parsing XDC File [/home/mouse9911/gits/starlink-build-recovery-20260910.vHzUVnBz/rom-k1m1-synth-v1/synthesis/project/fft_bank_owned_synthesis.runs/starlink_pss_fft512_bfp18_rt_candidate_synth_1/dont_touch.xdc]
Finished Parsing XDC File [/home/mouse9911/gits/starlink-build-recovery-20260910.vHzUVnBz/rom-k1m1-synth-v1/synthesis/project/fft_bank_owned_synthesis.runs/starlink_pss_fft512_bfp18_rt_candidate_synth_1/dont_touch.xdc]
Completed Processing XDC Constraints

Netlist sorting complete. Time (s): cpu = 00:00:00 ; elapsed = 00:00:00 . Memory (MB): peak = 2605.613 ; gain = 0.000 ; free physical = 28847 ; free virtual = 128025
INFO: [Project 1-111] Unisim Transformation Summary:
  A total of 166 instances were transformed.
  DSP48E => DSP48E1: 8 instances
  FDE => FDRE: 158 instances

Constraint Validation Runtime : Time (s): cpu = 00:00:00.09 ; elapsed = 00:00:00.07 . Memory (MB): peak = 2605.613 ; gain = 0.000 ; free physical = 28845 ; free virtual = 128023
INFO: [Designutils 20-5008] Incremental synthesis strategy off
INFO: [Synth 8-11241] undeclared symbol 'REGCCE', assumed default net type 'wire' [/opt/Xilinx/Vivado/2022.2/data/verilog/src/unimacro/BRAM_SINGLE_MACRO.v:2170]
---------------------------------------------------------------------------------
Finished Constraint Validation : Time (s): cpu = 00:00:16 ; elapsed = 00:00:17 . Memory (MB): peak = 2605.613 ; gain = 1042.340 ; free physical = 28034 ; free virtual = 127212
Synthesis current peak Physical Memory [PSS] (MB): peak = 1923.770; parent = 1720.244; children = 203.528
Synthesis current peak Virtual Memory [VSS] (MB): peak = 3596.910; parent = 2605.617; children = 991.293
---------------------------------------------------------------------------------
---------------------------------------------------------------------------------
Start Loading Part and Timing Information
---------------------------------------------------------------------------------
Loading part: xc7z010clg400-1
---------------------------------------------------------------------------------
Finished Loading Part and Timing Information : Time (s): cpu = 00:00:16 ; elapsed = 00:00:17 . Memory (MB): peak = 2605.613 ; gain = 1042.340 ; free physical = 28034 ; free virtual = 127212
Synthesis current peak Physical Memory [PSS] (MB): peak = 1923.770; parent = 1720.244; children = 203.528
Synthesis current peak Virtual Memory [VSS] (MB): peak = 3596.910; parent = 2605.617; children = 991.293
---------------------------------------------------------------------------------
---------------------------------------------------------------------------------
Start Applying 'set_property' XDC Constraints
---------------------------------------------------------------------------------
Applied set_property KEEP_HIERARCHY = SOFT for U0. (constraint file  /home/mouse9911/gits/starlink-build-recovery-20260910.vHzUVnBz/rom-k1m1-synth-v1/synthesis/project/fft_bank_owned_synthesis.runs/starlink_pss_fft512_bfp18_rt_candidate_synth_1/dont_touch.xdc, line 9).
---------------------------------------------------------------------------------
Finished applying 'set_property' XDC Constraints : Time (s): cpu = 00:00:16 ; elapsed = 00:00:17 . Memory (MB): peak = 2605.613 ; gain = 1042.340 ; free physical = 28034 ; free virtual = 127211
Synthesis current peak Physical Memory [PSS] (MB): peak = 1923.770; parent = 1720.244; children = 203.528
Synthesis current peak Virtual Memory [VSS] (MB): peak = 3596.910; parent = 2605.617; children = 991.293
---------------------------------------------------------------------------------
INFO: [Synth 8-802] inferred FSM for state register 'gen_status_channel.gen_status_blk_exp.we_current_state_reg' in module 'axi_wrapper'
---------------------------------------------------------------------------------------------------
                   State |                     New Encoding |                Previous Encoding 
---------------------------------------------------------------------------------------------------
 st_wait_for_frame_start |                              001 |                               00
  st_wait_for_fifo_write |                              010 |                               01
   st_wait_for_frame_end |                              100 |                               10
---------------------------------------------------------------------------------------------------
INFO: [Synth 8-3354] encoded FSM with state register 'gen_status_channel.gen_status_blk_exp.we_current_state_reg' using encoding 'one-hot' in module 'axi_wrapper'
---------------------------------------------------------------------------------
Finished RTL Optimization Phase 2 : Time (s): cpu = 00:00:17 ; elapsed = 00:00:19 . Memory (MB): peak = 2605.613 ; gain = 1042.340 ; free physical = 28021 ; free virtual = 127201
Synthesis current peak Physical Memory [PSS] (MB): peak = 1923.770; parent = 1720.244; children = 203.528
Synthesis current peak Virtual Memory [VSS] (MB): peak = 3596.910; parent = 2605.617; children = 991.293
---------------------------------------------------------------------------------
INFO: [Synth 8-223] decloning instance 'U0/i_synth/xfft_inst/non_floating_point.arch_b.xfft_inst/control/delay_line4_for_rfd' (shift_ram__parameterized3) to 'U0/i_synth/xfft_inst/non_floating_point.arch_b.xfft_inst/control/has_bfp.delay_rfd_for_scale_select'
---------------------------------------------------------------------------------
Start RTL Component Statistics 
---------------------------------------------------------------------------------
---------------------------------------------------------------------------------
Finished RTL Component Statistics 
---------------------------------------------------------------------------------
---------------------------------------------------------------------------------
Start Part Resource Summary
---------------------------------------------------------------------------------
Part Resources:
DSPs: 80 (col length:40)
BRAMs: 120 (col length: RAMB18 40 RAMB36 20)
---------------------------------------------------------------------------------
Finished Part Resource Summary
---------------------------------------------------------------------------------
---------------------------------------------------------------------------------
Start Cross Boundary and Area Optimization
---------------------------------------------------------------------------------
WARNING: [Synth 8-7080] Parallel synthesis criteria is not met
INFO: [Synth 8-3332] Sequential element (xfft_inst/non_floating_point.arch_b.xfft_inst/single_channel.datapath/pe/scaler_gen.scaler_0r/scale_mux/four_inputs.use_lut6.no_lut_sclr.four_to_one_mux[26].latency1.reg) is unused and will be removed from module xfft_v9_1_8_viv.
INFO: [Synth 8-3332] Sequential element (xfft_inst/non_floating_point.arch_b.xfft_inst/single_channel.datapath/pe/scaler_gen.scaler_0r/scale_mux/four_inputs.use_lut6.no_lut_sclr.four_to_one_mux[25].latency1.reg) is unused and will be removed from module xfft_v9_1_8_viv.
INFO: [Synth 8-3332] Sequential element (xfft_inst/non_floating_point.arch_b.xfft_inst/single_channel.datapath/pe/scaler_gen.scaler_0r/scale_mux/four_inputs.use_lut6.no_lut_sclr.four_to_one_mux[24].latency1.reg) is unused and will be removed from module xfft_v9_1_8_viv.
INFO: [Synth 8-3332] Sequential element (xfft_inst/non_floating_point.arch_b.xfft_inst/single_channel.datapath/pe/scaler_gen.scaler_0i/scale_mux/four_inputs.use_lut6.no_lut_sclr.four_to_one_mux[26].latency1.reg) is unused and will be removed from module xfft_v9_1_8_viv.
INFO: [Synth 8-3332] Sequential element (xfft_inst/non_floating_point.arch_b.xfft_inst/single_channel.datapath/pe/scaler_gen.scaler_0i/scale_mux/four_inputs.use_lut6.no_lut_sclr.four_to_one_mux[25].latency1.reg) is unused and will be removed from module xfft_v9_1_8_viv.
INFO: [Synth 8-3332] Sequential element (xfft_inst/non_floating_point.arch_b.xfft_inst/single_channel.datapath/pe/scaler_gen.scaler_0i/scale_mux/four_inputs.use_lut6.no_lut_sclr.four_to_one_mux[24].latency1.reg) is unused and will be removed from module xfft_v9_1_8_viv.
INFO: [Synth 8-3332] Sequential element (xfft_inst/non_floating_point.arch_b.xfft_inst/single_channel.datapath/pe/scaler_gen.scaler_1r/scale_mux/four_inputs.use_lut6.no_lut_sclr.four_to_one_mux[26].latency1.reg) is unused and will be removed from module xfft_v9_1_8_viv.
INFO: [Synth 8-3332] Sequential element (xfft_inst/non_floating_point.arch_b.xfft_inst/single_channel.datapath/pe/scaler_gen.scaler_1r/scale_mux/four_inputs.use_lut6.no_lut_sclr.four_to_one_mux[25].latency1.reg) is unused and will be removed from module xfft_v9_1_8_viv.
INFO: [Synth 8-3332] Sequential element (xfft_inst/non_floating_point.arch_b.xfft_inst/single_channel.datapath/pe/scaler_gen.scaler_1r/scale_mux/four_inputs.use_lut6.no_lut_sclr.four_to_one_mux[24].latency1.reg) is unused and will be removed from module xfft_v9_1_8_viv.
INFO: [Synth 8-3332] Sequential element (xfft_inst/non_floating_point.arch_b.xfft_inst/single_channel.datapath/pe/scaler_gen.scaler_1i/scale_mux/four_inputs.use_lut6.no_lut_sclr.four_to_one_mux[26].latency1.reg) is unused and will be removed from module xfft_v9_1_8_viv.
INFO: [Synth 8-3332] Sequential element (xfft_inst/non_floating_point.arch_b.xfft_inst/single_channel.datapath/pe/scaler_gen.scaler_1i/scale_mux/four_inputs.use_lut6.no_lut_sclr.four_to_one_mux[25].latency1.reg) is unused and will be removed from module xfft_v9_1_8_viv.
INFO: [Synth 8-3332] Sequential element (xfft_inst/non_floating_point.arch_b.xfft_inst/single_channel.datapath/pe/scaler_gen.scaler_1i/scale_mux/four_inputs.use_lut6.no_lut_sclr.four_to_one_mux[24].latency1.reg) is unused and will be removed from module xfft_v9_1_8_viv.
INFO: [Synth 8-3332] Sequential element (xfft_inst/non_floating_point.arch_b.xfft_inst/single_channel.datapath/pe/scaler_gen.scaler_2r/scale_mux/four_inputs.use_lut6.no_lut_sclr.four_to_one_mux[26].latency1.reg) is unused and will be removed from module xfft_v9_1_8_viv.
INFO: [Synth 8-3332] Sequential element (xfft_inst/non_floating_point.arch_b.xfft_inst/single_channel.datapath/pe/scaler_gen.scaler_2r/scale_mux/four_inputs.use_lut6.no_lut_sclr.four_to_one_mux[25].latency1.reg) is unused and will be removed from module xfft_v9_1_8_viv.
INFO: [Synth 8-3332] Sequential element (xfft_inst/non_floating_point.arch_b.xfft_inst/single_channel.datapath/pe/scaler_gen.scaler_2r/scale_mux/four_inputs.use_lut6.no_lut_sclr.four_to_one_mux[24].latency1.reg) is unused and will be removed from module xfft_v9_1_8_viv.
INFO: [Synth 8-3332] Sequential element (xfft_inst/non_floating_point.arch_b.xfft_inst/single_channel.datapath/pe/scaler_gen.scaler_2i/scale_mux/four_inputs.use_lut6.no_lut_sclr.four_to_one_mux[26].latency1.reg) is unused and will be removed from module xfft_v9_1_8_viv.
INFO: [Synth 8-3332] Sequential element (xfft_inst/non_floating_point.arch_b.xfft_inst/single_channel.datapath/pe/scaler_gen.scaler_2i/scale_mux/four_inputs.use_lut6.no_lut_sclr.four_to_one_mux[25].latency1.reg) is unused and will be removed from module xfft_v9_1_8_viv.
INFO: [Synth 8-3332] Sequential element (xfft_inst/non_floating_point.arch_b.xfft_inst/single_channel.datapath/pe/scaler_gen.scaler_2i/scale_mux/four_inputs.use_lut6.no_lut_sclr.four_to_one_mux[24].latency1.reg) is unused and will be removed from module xfft_v9_1_8_viv.
INFO: [Synth 8-3332] Sequential element (xfft_inst/non_floating_point.arch_b.xfft_inst/single_channel.datapath/pe/scaler_gen.scaler_3r/scale_mux/four_inputs.use_lut6.no_lut_sclr.four_to_one_mux[26].latency1.reg) is unused and will be removed from module xfft_v9_1_8_viv.
INFO: [Synth 8-3332] Sequential element (xfft_inst/non_floating_point.arch_b.xfft_inst/single_channel.datapath/pe/scaler_gen.scaler_3r/scale_mux/four_inputs.use_lut6.no_lut_sclr.four_to_one_mux[25].latency1.reg) is unused and will be removed from module xfft_v9_1_8_viv.
INFO: [Synth 8-3332] Sequential element (xfft_inst/non_floating_point.arch_b.xfft_inst/single_channel.datapath/pe/scaler_gen.scaler_3r/scale_mux/four_inputs.use_lut6.no_lut_sclr.four_to_one_mux[24].latency1.reg) is unused and will be removed from module xfft_v9_1_8_viv.
INFO: [Synth 8-3332] Sequential element (xfft_inst/non_floating_point.arch_b.xfft_inst/single_channel.datapath/pe/scaler_gen.scaler_3i/scale_mux/four_inputs.use_lut6.no_lut_sclr.four_to_one_mux[26].latency1.reg) is unused and will be removed from module xfft_v9_1_8_viv.
INFO: [Synth 8-3332] Sequential element (xfft_inst/non_floating_point.arch_b.xfft_inst/single_channel.datapath/pe/scaler_gen.scaler_3i/scale_mux/four_inputs.use_lut6.no_lut_sclr.four_to_one_mux[25].latency1.reg) is unused and will be removed from module xfft_v9_1_8_viv.
INFO: [Synth 8-3332] Sequential element (xfft_inst/non_floating_point.arch_b.xfft_inst/single_channel.datapath/pe/scaler_gen.scaler_3i/scale_mux/four_inputs.use_lut6.no_lut_sclr.four_to_one_mux[24].latency1.reg) is unused and will be removed from module xfft_v9_1_8_viv.
INFO: [Synth 8-3332] Sequential element (xfft_inst/non_floating_point.arch_b.xfft_inst/single_channel.datapath/pe/rounder_inst.with_mults.rounder_0r/reg_gate.delay_d_2/no_sclr_lut.real_shift_ram.use_baseblock.use_hlutnm_srls.srl_loop[0].i_fdre0) is unused and will be removed from module xfft_v9_1_8_viv.
INFO: [Synth 8-3332] Sequential element (xfft_inst/non_floating_point.arch_b.xfft_inst/single_channel.datapath/pe/rounder_inst.with_mults.rounder_0i/reg_gate.delay_d_2/no_sclr_lut.real_shift_ram.use_baseblock.use_hlutnm_srls.srl_loop[0].i_fdre0) is unused and will be removed from module xfft_v9_1_8_viv.
INFO: [Synth 8-3332] Sequential element (xfft_inst/non_floating_point.arch_b.xfft_inst/single_channel.datapath/pe/rounder_inst.with_mults.rounder_1r/reg_gate.delay_d_2/no_sclr_lut.real_shift_ram.use_baseblock.use_hlutnm_srls.srl_loop[0].i_fdre0) is unused and will be removed from module xfft_v9_1_8_viv.
INFO: [Synth 8-3332] Sequential element (xfft_inst/non_floating_point.arch_b.xfft_inst/single_channel.datapath/pe/rounder_inst.with_mults.rounder_1i/reg_gate.delay_d_2/no_sclr_lut.real_shift_ram.use_baseblock.use_hlutnm_srls.srl_loop[0].i_fdre0) is unused and will be removed from module xfft_v9_1_8_viv.
INFO: [Synth 8-3332] Sequential element (xfft_inst/non_floating_point.arch_b.xfft_inst/single_channel.datapath/pe/rounder_inst.with_mults.rounder_2r/reg_gate.delay_d_2/no_sclr_lut.real_shift_ram.use_baseblock.use_hlutnm_srls.srl_loop[0].i_fdre0) is unused and will be removed from module xfft_v9_1_8_viv.
INFO: [Synth 8-3332] Sequential element (xfft_inst/non_floating_point.arch_b.xfft_inst/single_channel.datapath/pe/rounder_inst.with_mults.rounder_2i/reg_gate.delay_d_2/no_sclr_lut.real_shift_ram.use_baseblock.use_hlutnm_srls.srl_loop[0].i_fdre0) is unused and will be removed from module xfft_v9_1_8_viv.
INFO: [Synth 8-3332] Sequential element (xfft_inst/non_floating_point.arch_b.xfft_inst/single_channel.datapath/pe/rounder_inst.with_mults.rounder_3r/reg_gate.delay_d_2/no_sclr_lut.real_shift_ram.use_baseblock.use_hlutnm_srls.srl_loop[0].i_fdre0) is unused and will be removed from module xfft_v9_1_8_viv.
INFO: [Synth 8-3332] Sequential element (xfft_inst/non_floating_point.arch_b.xfft_inst/single_channel.datapath/pe/rounder_inst.with_mults.rounder_3i/reg_gate.delay_d_2/no_sclr_lut.real_shift_ram.use_baseblock.use_hlutnm_srls.srl_loop[0].i_fdre0) is unused and will be removed from module xfft_v9_1_8_viv.
INFO: [Synth 8-3332] Sequential element (xfft_inst/non_floating_point.arch_b.xfft_inst/control/control/max_rank_flops[2].max_rank_ff) is unused and will be removed from module xfft_v9_1_8_viv.
---------------------------------------------------------------------------------
Finished Cross Boundary and Area Optimization : Time (s): cpu = 00:00:18 ; elapsed = 00:00:20 . Memory (MB): peak = 2605.613 ; gain = 1042.340 ; free physical = 28018 ; free virtual = 127205
Synthesis current peak Physical Memory [PSS] (MB): peak = 1923.770; parent = 1720.244; children = 203.528
Synthesis current peak Virtual Memory [VSS] (MB): peak = 3596.910; parent = 2605.617; children = 991.293
---------------------------------------------------------------------------------
---------------------------------------------------------------------------------
Start Applying XDC Timing Constraints
---------------------------------------------------------------------------------
---------------------------------------------------------------------------------
Finished Applying XDC Timing Constraints : Time (s): cpu = 00:00:21 ; elapsed = 00:00:23 . Memory (MB): peak = 2605.613 ; gain = 1042.340 ; free physical = 27957 ; free virtual = 127144
Synthesis current peak Physical Memory [PSS] (MB): peak = 1923.770; parent = 1720.244; children = 203.528
Synthesis current peak Virtual Memory [VSS] (MB): peak = 3596.910; parent = 2605.617; children = 991.293
---------------------------------------------------------------------------------
---------------------------------------------------------------------------------
Start Timing Optimization
---------------------------------------------------------------------------------
---------------------------------------------------------------------------------
Finished Timing Optimization : Time (s): cpu = 00:00:21 ; elapsed = 00:00:23 . Memory (MB): peak = 2605.613 ; gain = 1042.340 ; free physical = 27938 ; free virtual = 127125
Synthesis current peak Physical Memory [PSS] (MB): peak = 1923.770; parent = 1720.244; children = 203.528
Synthesis current peak Virtual Memory [VSS] (MB): peak = 3596.910; parent = 2605.617; children = 991.293
---------------------------------------------------------------------------------
---------------------------------------------------------------------------------
Start Technology Mapping
---------------------------------------------------------------------------------
INFO: [Synth 8-7052] The timing for the instance U0/i_synth/xfft_inst/non_floating_point.arch_b.xfft_inst/single_channel.datapath/bfp_scaling.pe_ranger_inst/ranger_ar/scale_reg (implemented as a Block RAM) might be sub-optimal as no optional output register could be merged into the ram block. Providing additional output register may help in improving timing.
INFO: [Synth 8-7052] The timing for the instance U0/i_synth/xfft_inst/non_floating_point.arch_b.xfft_inst/single_channel.datapath/bfp_scaling.pe_ranger_inst/ranger_ar/scale_reg (implemented as a Block RAM) might be sub-optimal as no optional output register could be merged into the ram block. Providing additional output register may help in improving timing.
INFO: [Synth 8-7052] The timing for the instance U0/i_synth/xfft_inst/non_floating_point.arch_b.xfft_inst/single_channel.datapath/bfp_scaling.pe_ranger_inst/ranger_br/scale_reg (implemented as a Block RAM) might be sub-optimal as no optional output register could be merged into the ram block. Providing additional output register may help in improving timing.
INFO: [Synth 8-7052] The timing for the instance U0/i_synth/xfft_inst/non_floating_point.arch_b.xfft_inst/single_channel.datapath/bfp_scaling.pe_ranger_inst/ranger_br/scale_reg (implemented as a Block RAM) might be sub-optimal as no optional output register could be merged into the ram block. Providing additional output register may help in improving timing.
INFO: [Synth 8-7052] The timing for the instance U0/i_synth/xfft_inst/non_floating_point.arch_b.xfft_inst/single_channel.datapath/bfp_scaling.pe_ranger_inst/ranger_cr/scale_reg (implemented as a Block RAM) might be sub-optimal as no optional output register could be merged into the ram block. Providing additional output register may help in improving timing.
INFO: [Synth 8-7052] The timing for the instance U0/i_synth/xfft_inst/non_floating_point.arch_b.xfft_inst/single_channel.datapath/bfp_scaling.pe_ranger_inst/ranger_cr/scale_reg (implemented as a Block RAM) might be sub-optimal as no optional output register could be merged into the ram block. Providing additional output register may help in improving timing.
INFO: [Synth 8-7052] The timing for the instance U0/i_synth/xfft_inst/non_floating_point.arch_b.xfft_inst/single_channel.datapath/bfp_scaling.pe_ranger_inst/ranger_dr/scale_reg (implemented as a Block RAM) might be sub-optimal as no optional output register could be merged into the ram block. Providing additional output register may help in improving timing.
INFO: [Synth 8-7052] The timing for the instance U0/i_synth/xfft_inst/non_floating_point.arch_b.xfft_inst/single_channel.datapath/bfp_scaling.pe_ranger_inst/ranger_dr/scale_reg (implemented as a Block RAM) might be sub-optimal as no optional output register could be merged into the ram block. Providing additional output register may help in improving timing.
---------------------------------------------------------------------------------
Finished Technology Mapping : Time (s): cpu = 00:00:21 ; elapsed = 00:00:25 . Memory (MB): peak = 2605.613 ; gain = 1042.340 ; free physical = 27930 ; free virtual = 127118
Synthesis current peak Physical Memory [PSS] (MB): peak = 1923.770; parent = 1720.244; children = 203.528
Synthesis current peak Virtual Memory [VSS] (MB): peak = 3596.910; parent = 2605.617; children = 991.293
---------------------------------------------------------------------------------
---------------------------------------------------------------------------------
Start IO Insertion
---------------------------------------------------------------------------------
---------------------------------------------------------------------------------
Start Flattening Before IO Insertion
---------------------------------------------------------------------------------
---------------------------------------------------------------------------------
Finished Flattening Before IO Insertion
---------------------------------------------------------------------------------
---------------------------------------------------------------------------------
Start Final Netlist Cleanup
---------------------------------------------------------------------------------
---------------------------------------------------------------------------------
Finished Final Netlist Cleanup
---------------------------------------------------------------------------------
---------------------------------------------------------------------------------
Finished IO Insertion : Time (s): cpu = 00:00:23 ; elapsed = 00:00:26 . Memory (MB): peak = 2605.613 ; gain = 1042.340 ; free physical = 27978 ; free virtual = 127165
Synthesis current peak Physical Memory [PSS] (MB): peak = 1923.770; parent = 1720.244; children = 203.528
Synthesis current peak Virtual Memory [VSS] (MB): peak = 3596.910; parent = 2605.617; children = 991.293
---------------------------------------------------------------------------------
---------------------------------------------------------------------------------
Start Renaming Generated Instances
---------------------------------------------------------------------------------
---------------------------------------------------------------------------------
Finished Renaming Generated Instances : Time (s): cpu = 00:00:23 ; elapsed = 00:00:26 . Memory (MB): peak = 2605.613 ; gain = 1042.340 ; free physical = 27978 ; free virtual = 127165
Synthesis current peak Physical Memory [PSS] (MB): peak = 1923.770; parent = 1720.244; children = 203.528
Synthesis current peak Virtual Memory [VSS] (MB): peak = 3596.910; parent = 2605.617; children = 991.293
---------------------------------------------------------------------------------
---------------------------------------------------------------------------------
Start Rebuilding User Hierarchy
---------------------------------------------------------------------------------
---------------------------------------------------------------------------------
Finished Rebuilding User Hierarchy : Time (s): cpu = 00:00:23 ; elapsed = 00:00:26 . Memory (MB): peak = 2605.613 ; gain = 1042.340 ; free physical = 27978 ; free virtual = 127165
Synthesis current peak Physical Memory [PSS] (MB): peak = 1923.770; parent = 1720.244; children = 203.528
Synthesis current peak Virtual Memory [VSS] (MB): peak = 3596.910; parent = 2605.617; children = 991.293
---------------------------------------------------------------------------------
---------------------------------------------------------------------------------
Start Renaming Generated Ports
---------------------------------------------------------------------------------
---------------------------------------------------------------------------------
Finished Renaming Generated Ports : Time (s): cpu = 00:00:23 ; elapsed = 00:00:26 . Memory (MB): peak = 2605.613 ; gain = 1042.340 ; free physical = 27978 ; free virtual = 127165
Synthesis current peak Physical Memory [PSS] (MB): peak = 1923.770; parent = 1720.244; children = 203.528
Synthesis current peak Virtual Memory [VSS] (MB): peak = 3596.910; parent = 2605.617; children = 991.293
---------------------------------------------------------------------------------
WARNING: [Synth 8-3332] Sequential element (max_reg_flops[9].max_reg_ff) is unused and will be removed from module flow_control_b.
WARNING: [Synth 8-3332] Sequential element (max_reg_flops[8].max_reg_ff) is unused and will be removed from module flow_control_b.
WARNING: [Synth 8-3332] Sequential element (max_reg_flops[7].max_reg_ff) is unused and will be removed from module flow_control_b.
WARNING: [Synth 8-3332] Sequential element (max_reg_flops[6].max_reg_ff) is unused and will be removed from module flow_control_b.
WARNING: [Synth 8-3332] Sequential element (max_reg_flops[5].max_reg_ff) is unused and will be removed from module flow_control_b.
WARNING: [Synth 8-3332] Sequential element (max_reg_flops[4].max_reg_ff) is unused and will be removed from module flow_control_b.
WARNING: [Synth 8-3332] Sequential element (max_reg_flops[3].max_reg_ff) is unused and will be removed from module flow_control_b.
---------------------------------------------------------------------------------
Start Handling Custom Attributes
---------------------------------------------------------------------------------
---------------------------------------------------------------------------------
Finished Handling Custom Attributes : Time (s): cpu = 00:00:23 ; elapsed = 00:00:26 . Memory (MB): peak = 2605.613 ; gain = 1042.340 ; free physical = 27978 ; free virtual = 127165
Synthesis current peak Physical Memory [PSS] (MB): peak = 1923.770; parent = 1720.244; children = 203.528
Synthesis current peak Virtual Memory [VSS] (MB): peak = 3596.910; parent = 2605.617; children = 991.293
---------------------------------------------------------------------------------
---------------------------------------------------------------------------------
Start Renaming Generated Nets
---------------------------------------------------------------------------------
---------------------------------------------------------------------------------
Finished Renaming Generated Nets : Time (s): cpu = 00:00:23 ; elapsed = 00:00:26 . Memory (MB): peak = 2605.613 ; gain = 1042.340 ; free physical = 27978 ; free virtual = 127165
Synthesis current peak Physical Memory [PSS] (MB): peak = 1923.770; parent = 1720.244; children = 203.528
Synthesis current peak Virtual Memory [VSS] (MB): peak = 3596.910; parent = 2605.617; children = 991.293
---------------------------------------------------------------------------------
---------------------------------------------------------------------------------
Start Writing Synthesis Report
---------------------------------------------------------------------------------

DSP Final Report (the ' indicates corresponding REG is set)
+------------------------+-----------------------------+--------+--------+--------+--------+--------+------+------+------+------+-------+------+------+
|Module Name             | DSP Mapping                 | A Size | B Size | C Size | D Size | P Size | AREG | BREG | CREG | DREG | ADREG | MREG | PREG | 
+------------------------+-----------------------------+--------+--------+--------+--------+--------+------+------+------+------+-------+------+------+
|dsp_107                 | (not(C'+((D'+A'')'*B'')'))' | 25     | 18     | 48     | 25     | 43     | 2    | 2    | 2    | 2    | 1     | 1    | 1    | 
|dsp__parameterized0_106 | (C+((D'+A')'*B'')')'        | 25     | 18     | 11     | 25     | 43     | 1    | 2    | 2    | 2    | 1     | 1    | 1    | 
|dsp__parameterized1_103 | (C'+((D'-A'')'*B'')')'      | 25     | 18     | 48     | 25     | 43     | 2    | 2    | 2    | 2    | 1     | 1    | 1    | 
|dsp_93                  | (not(C'+((D'+A'')'*B'')'))' | 25     | 18     | 48     | 25     | 43     | 2    | 2    | 2    | 2    | 1     | 1    | 1    | 
|dsp__parameterized0_92  | (C+((D'+A')'*B'')')'        | 25     | 18     | 11     | 25     | 43     | 1    | 2    | 2    | 2    | 1     | 1    | 1    | 
|dsp__parameterized1_89  | (C'+((D'-A'')'*B'')')'      | 25     | 18     | 48     | 25     | 43     | 2    | 2    | 2    | 2    | 1     | 1    | 1    | 
|dsp                     | (not(C'+((D'+A'')'*B'')'))' | 25     | 18     | 48     | 25     | 43     | 2    | 2    | 2    | 2    | 1     | 1    | 1    | 
|dsp__parameterized0     | (C+((D'+A')'*B'')')'        | 25     | 18     | 11     | 25     | 43     | 1    | 2    | 2    | 2    | 1     | 1    | 1    | 
|dsp__parameterized1     | (C'+((D'-A'')'*B'')')'      | 25     | 18     | 48     | 25     | 43     | 2    | 2    | 2    | 2    | 1     | 1    | 1    | 
+------------------------+-----------------------------+--------+--------+--------+--------+--------+------+------+------+------+-------+------+------+


Report BlackBoxes: 
+------+--------------+----------+
|      |BlackBox name |Instances |
+------+--------------+----------+
|1     |DSP48E        |         8|
+------+--------------+----------+

Report Cell Usage: 
+------+---------------+------+
|      |Cell           |Count |
+------+---------------+------+
|1     |DSP48E_bbox    |     1|
|2     |DSP48E_bbox_10 |     1|
|3     |DSP48E_bbox    |     5|
|8     |DSP48E_bbox_9  |     1|
|9     |CARRY4         |    20|
|10    |DSP48E1        |     9|
|12    |LUT1           |    34|
|13    |LUT2           |   118|
|14    |LUT3           |   366|
|15    |LUT4           |    57|
|16    |LUT5           |    28|
|17    |LUT6           |   600|
|18    |MUXCY          |   214|
|19    |MUXF7          |     7|
|20    |RAMB18E1       |    11|
|23    |SRL16E         |   265|
|24    |SRLC32E        |    39|
|25    |XORCY          |   206|
|26    |FDE            |   150|
|27    |FDRE           |  2826|
|28    |FDSE           |    13|
+------+---------------+------+
---------------------------------------------------------------------------------
Finished Writing Synthesis Report : Time (s): cpu = 00:00:23 ; elapsed = 00:00:26 . Memory (MB): peak = 2605.613 ; gain = 1042.340 ; free physical = 27978 ; free virtual = 127165
Synthesis current peak Physical Memory [PSS] (MB): peak = 1923.770; parent = 1720.244; children = 203.528
Synthesis current peak Virtual Memory [VSS] (MB): peak = 3596.910; parent = 2605.617; children = 991.293
---------------------------------------------------------------------------------
Synthesis finished with 0 errors, 0 critical warnings and 440 warnings.
Synthesis Optimization Runtime : Time (s): cpu = 00:00:22 ; elapsed = 00:00:25 . Memory (MB): peak = 2605.613 ; gain = 991.613 ; free physical = 27978 ; free virtual = 127165
Synthesis Optimization Complete : Time (s): cpu = 00:00:23 ; elapsed = 00:00:27 . Memory (MB): peak = 2605.621 ; gain = 1042.340 ; free physical = 27978 ; free virtual = 127165
INFO: [Project 1-571] Translating synthesized netlist
Netlist sorting complete. Time (s): cpu = 00:00:00.03 ; elapsed = 00:00:00.04 . Memory (MB): peak = 2605.621 ; gain = 0.000 ; free physical = 28087 ; free virtual = 127274
INFO: [Netlist 29-17] Analyzing 625 Unisim elements for replacement
INFO: [Netlist 29-28] Unisim Transformation completed in 0 CPU seconds
INFO: [Project 1-570] Preparing netlist for logic optimization
INFO: [Opt 31-138] Pushed 0 inverter(s) to 0 load pin(s).
Netlist sorting complete. Time (s): cpu = 00:00:00 ; elapsed = 00:00:00 . Memory (MB): peak = 2605.621 ; gain = 0.000 ; free physical = 28088 ; free virtual = 127276
INFO: [Project 1-111] Unisim Transformation Summary:
  A total of 226 instances were transformed.
  (MUXCY,XORCY) => CARRY4: 68 instances
  DSP48E => DSP48E1: 8 instances
  FDE => FDRE: 150 instances

Synth Design complete, checksum: a4d0e0f3
INFO: [Common 17-83] Releasing license: Synthesis
112 Infos, 122 Warnings, 0 Critical Warnings and 0 Errors encountered.
synth_design completed successfully
synth_design: Time (s): cpu = 00:00:27 ; elapsed = 00:00:29 . Memory (MB): peak = 2605.621 ; gain = 1347.746 ; free physical = 28238 ; free virtual = 127425
INFO: [Common 17-600] The following parameters have non-default value.
general.maxThreads
INFO: [Coretcl 2-1174] Renamed 358 cell refs.
INFO: [Common 17-1381] The checkpoint '/home/mouse9911/gits/starlink-build-recovery-20260910.vHzUVnBz/rom-k1m1-synth-v1/synthesis/project/fft_bank_owned_synthesis.runs/starlink_pss_fft512_bfp18_rt_candidate_synth_1/starlink_pss_fft512_bfp18_rt_candidate.dcp' has been generated.
INFO: [runtcl-4] Executing : report_utilization -file starlink_pss_fft512_bfp18_rt_candidate_utilization_synth.rpt -pb starlink_pss_fft512_bfp18_rt_candidate_utilization_synth.pb
INFO: [Common 17-206] Exiting Vivado at Thu Sep 10 13:36:45 2026...
