Copyright 1986-2022 Xilinx, Inc. All Rights Reserved.
---------------------------------------------------------------------------------------------------------------------------------------------------------------------------------------------------------
| Tool Version : Vivado v.2022.2 (lin64) Build 3671981 Fri Oct 14 04:59:54 MDT 2022
| Date         : Thu Sep 10 00:42:11 2026
| Host         : gauss running 64-bit Ubuntu 26.04 LTS
| Command      : report_timing_summary -delay_type min_max -max_paths 10 -file /tmp/starlink-coarse-alternatives.Y3JzOI/direct-coarse/hdl/library/starlink_pss_direct_coarse/build/feeder-ooc/timing.rpt
| Design       : starlink_pss_direct_feeder
| Device       : 7z010-clg400
| Speed File   : -1  PRODUCTION 1.12 2019-11-22
---------------------------------------------------------------------------------------------------------------------------------------------------------------------------------------------------------

Timing Summary Report

------------------------------------------------------------------------------------------------
| Timer Settings
| --------------
------------------------------------------------------------------------------------------------

  Enable Multi Corner Analysis               :  Yes
  Enable Pessimism Removal                   :  Yes
  Pessimism Removal Resolution               :  Nearest Common Node
  Enable Input Delay Default Clock           :  No
  Enable Preset / Clear Arcs                 :  No
  Disable Flight Delays                      :  No
  Ignore I/O Paths                           :  No
  Timing Early Launch at Borrowing Latches   :  No
  Borrow Time for Max Delay Exceptions       :  Yes
  Merge Timing Exceptions                    :  Yes

  Corner  Analyze    Analyze    
  Name    Max Paths  Min Paths  
  ------  ---------  ---------  
  Slow    Yes        Yes        
  Fast    Yes        Yes        


------------------------------------------------------------------------------------------------
| Report Methodology
| ------------------
------------------------------------------------------------------------------------------------

No report available as report_methodology has not been run prior. Run report_methodology on the current design for the summary of methodology violations.



check_timing report

Table of Contents
-----------------
1. checking no_clock (0)
2. checking constant_clock (0)
3. checking pulse_width_clock (0)
4. checking unconstrained_internal_endpoints (0)
5. checking no_input_delay (0)
6. checking no_output_delay (0)
7. checking multiple_clock (0)
8. checking generated_clocks (0)
9. checking loops (0)
10. checking partial_input_delay (0)
11. checking partial_output_delay (0)
12. checking latch_loops (0)

1. checking no_clock (0)
------------------------
 There are 0 register/latch pins with no clock.


2. checking constant_clock (0)
------------------------------
 There are 0 register/latch pins with constant_clock.


3. checking pulse_width_clock (0)
---------------------------------
 There are 0 register/latch pins which need pulse_width check


4. checking unconstrained_internal_endpoints (0)
------------------------------------------------
 There are 0 pins that are not constrained for maximum delay.

 There are 0 pins that are not constrained for maximum delay due to constant clock.


5. checking no_input_delay (0)
------------------------------
 There are 0 input ports with no input delay specified.

 There are 0 input ports with no input delay but user has a false path constraint.


6. checking no_output_delay (0)
-------------------------------
 There are 0 ports with no output delay specified.

 There are 0 ports with no output delay but user has a false path constraint

 There are 0 ports with no output delay but with a timing clock defined on it or propagating through it


7. checking multiple_clock (0)
------------------------------
 There are 0 register/latch pins with multiple clocks.


8. checking generated_clocks (0)
--------------------------------
 There are 0 generated clocks that are not connected to a clock source.


9. checking loops (0)
---------------------
 There are 0 combinational loops in the design.


10. checking partial_input_delay (0)
------------------------------------
 There are 0 input ports with partial input delay specified.


11. checking partial_output_delay (0)
-------------------------------------
 There are 0 ports with partial output delay specified.


12. checking latch_loops (0)
----------------------------
 There are 0 combinational latch loops in the design through latch input



------------------------------------------------------------------------------------------------
| Design Timing Summary
| ---------------------
------------------------------------------------------------------------------------------------

    WNS(ns)      TNS(ns)  TNS Failing Endpoints  TNS Total Endpoints      WHS(ns)      THS(ns)  THS Failing Endpoints  THS Total Endpoints     WPWS(ns)     TPWS(ns)  TPWS Failing Endpoints  TPWS Total Endpoints  
    -------      -------  ---------------------  -------------------      -------      -------  ---------------------  -------------------     --------     --------  ----------------------  --------------------  
     -2.714    -4820.748                   4162                 7905       -0.743     -241.904                    397                 7905        1.520        0.000                       0                  2943  


Timing constraints are not met.


------------------------------------------------------------------------------------------------
| Clock Summary
| -------------
------------------------------------------------------------------------------------------------

Clock        Waveform(ns)         Period(ns)      Frequency(MHz)
-----        ------------         ----------      --------------
service_clk  {0.000 2.500}        5.000           200.000         


------------------------------------------------------------------------------------------------
| Intra Clock Table
| -----------------
------------------------------------------------------------------------------------------------

Clock             WNS(ns)      TNS(ns)  TNS Failing Endpoints  TNS Total Endpoints      WHS(ns)      THS(ns)  THS Failing Endpoints  THS Total Endpoints     WPWS(ns)     TPWS(ns)  TPWS Failing Endpoints  TPWS Total Endpoints  
-----             -------      -------  ---------------------  -------------------      -------      -------  ---------------------  -------------------     --------     --------  ----------------------  --------------------  
service_clk        -2.714    -4820.748                   4162                 7905       -0.743     -241.904                    397                 7905        1.520        0.000                       0                  2943  


------------------------------------------------------------------------------------------------
| Inter Clock Table
| -----------------
------------------------------------------------------------------------------------------------

From Clock    To Clock          WNS(ns)      TNS(ns)  TNS Failing Endpoints  TNS Total Endpoints      WHS(ns)      THS(ns)  THS Failing Endpoints  THS Total Endpoints  
----------    --------          -------      -------  ---------------------  -------------------      -------      -------  ---------------------  -------------------  


------------------------------------------------------------------------------------------------
| Other Path Groups Table
| -----------------------
------------------------------------------------------------------------------------------------

Path Group    From Clock    To Clock          WNS(ns)      TNS(ns)  TNS Failing Endpoints  TNS Total Endpoints      WHS(ns)      THS(ns)  THS Failing Endpoints  THS Total Endpoints  
----------    ----------    --------          -------      -------  ---------------------  -------------------      -------      -------  ---------------------  -------------------  


------------------------------------------------------------------------------------------------
| Timing Details
| --------------
------------------------------------------------------------------------------------------------


---------------------------------------------------------------------------------------------------
From Clock:  service_clk
  To Clock:  service_clk

Setup :         4162  Failing Endpoints,  Worst Slack       -2.714ns,  Total Violation    -4820.748ns
Hold  :          397  Failing Endpoints,  Worst Slack       -0.743ns,  Total Violation     -241.904ns
PW    :            0  Failing Endpoints,  Worst Slack        1.520ns,  Total Violation        0.000ns
---------------------------------------------------------------------------------------------------


Max Delay Paths
--------------------------------------------------------------------------------------
Slack (VIOLATED) :        -2.714ns  (required time - arrival time)
  Source:                 write_sequence_reg[0]/C
                            (rising edge-triggered cell FDRE clocked by service_clk  {rise@0.000ns fall@2.500ns period=5.000ns})
  Destination:            output_valid
                            (output port clocked by service_clk  {rise@0.000ns fall@2.500ns period=5.000ns})
  Path Group:             service_clk
  Path Type:              Max at Slow Process Corner
  Requirement:            5.000ns  (service_clk rise@5.000ns - service_clk rise@0.000ns)
  Data Path Delay:        5.501ns  (logic 2.155ns (39.177%)  route 3.346ns (60.823%))
  Logic Levels:           7  (CARRY4=3 LUT2=1 LUT3=2 LUT6=1)
  Output Delay:           0.500ns
  Clock Path Skew:        -1.678ns (DCD - SCD + CPR)
    Destination Clock Delay (DCD):    0.000ns = ( 5.000 - 5.000 ) 
    Source Clock Delay      (SCD):    1.678ns
    Clock Pessimism Removal (CPR):    0.000ns
  Clock Uncertainty:      0.035ns  ((TSJ^2 + TIJ^2)^1/2 + DJ) / 2 + PE
    Total System Jitter     (TSJ):    0.071ns
    Total Input Jitter      (TIJ):    0.000ns
    Discrete Jitter          (DJ):    0.000ns
    Phase Error              (PE):    0.000ns

    Location             Delay type                Incr(ns)  Path(ns)    Netlist Resource(s)
  -------------------------------------------------------------------    -------------------
                         (clock service_clk rise edge)
                                                      0.000     0.000 r  
                                                      0.000     0.000 r  clk (IN)
                         net (fo=2942, unset)         1.678     1.678    clk
    SLICE_X16Y0          FDRE                                         r  write_sequence_reg[0]/C
  -------------------------------------------------------------------    -------------------
    SLICE_X16Y0          FDRE (Prop_fdre_C_Q)         0.518     2.196 r  write_sequence_reg[0]/Q
                         net (fo=5, routed)           0.436     2.632    write_sequence_reg_n_0_[0]
    SLICE_X17Y2          LUT2 (Prop_lut2_I0_O)        0.124     2.756 r  segment_fence_INST_0_i_24/O
                         net (fo=1, routed)           0.000     2.756    segment_fence_INST_0_i_24_n_0
    SLICE_X17Y2          CARRY4 (Prop_carry4_S[0]_CO[3])
                                                      0.532     3.288 r  segment_fence_INST_0_i_16/CO[3]
                         net (fo=1, routed)           0.000     3.288    segment_fence_INST_0_i_16_n_0
    SLICE_X17Y3          CARRY4 (Prop_carry4_CI_CO[3])
                                                      0.114     3.402 r  segment_fence_INST_0_i_7/CO[3]
                         net (fo=1, routed)           0.000     3.402    segment_fence_INST_0_i_7_n_0
    SLICE_X17Y4          CARRY4 (Prop_carry4_CI_O[3])
                                                      0.313     3.715 f  segment_fence_INST_0_i_6/O[3]
                         net (fo=3, routed)           0.845     4.560    mac/pending_span[4]
    SLICE_X17Y6          LUT3 (Prop_lut3_I1_O)        0.306     4.866 r  mac/segment_fence_INST_0_i_2/O
                         net (fo=2, routed)           0.822     5.688    mac/segment_fence_INST_0_i_2_n_0
    SLICE_X17Y8          LUT6 (Prop_lut6_I1_O)        0.124     5.812 f  mac/segment_fence_INST_0/O
                         net (fo=62, routed)          0.270     6.082    mac/sample_valid_0
    SLICE_X17Y8          LUT3 (Prop_lut3_I2_O)        0.124     6.206 r  mac/output_valid_INST_0/O
                         net (fo=0)                   0.973     7.179    output_valid
                                                                      r  output_valid (OUT)
  -------------------------------------------------------------------    -------------------

                         (clock service_clk rise edge)
                                                      5.000     5.000 r  
                         clock pessimism              0.000     5.000    
                         clock uncertainty           -0.035     4.965    
                         output delay                -0.500     4.465    
  -------------------------------------------------------------------
                         required time                          4.465    
                         arrival time                          -7.179    
  -------------------------------------------------------------------
                         slack                                 -2.714    

Slack (VIOLATED) :        -2.504ns  (required time - arrival time)
  Source:                 write_sequence_reg[9]/C
                            (rising edge-triggered cell FDRE clocked by service_clk  {rise@0.000ns fall@2.500ns period=5.000ns})
  Destination:            expiry_now
                            (output port clocked by service_clk  {rise@0.000ns fall@2.500ns period=5.000ns})
  Path Group:             service_clk
  Path Type:              Max at Slow Process Corner
  Requirement:            5.000ns  (service_clk rise@5.000ns - service_clk rise@0.000ns)
  Data Path Delay:        5.290ns  (logic 2.015ns (38.090%)  route 3.275ns (61.910%))
  Logic Levels:           6  (CARRY4=2 LUT2=1 LUT5=1 LUT6=2)
  Output Delay:           0.500ns
  Clock Path Skew:        -1.679ns (DCD - SCD + CPR)
    Destination Clock Delay (DCD):    0.000ns = ( 5.000 - 5.000 ) 
    Source Clock Delay      (SCD):    1.679ns
    Clock Pessimism Removal (CPR):    0.000ns
  Clock Uncertainty:      0.035ns  ((TSJ^2 + TIJ^2)^1/2 + DJ) / 2 + PE
    Total System Jitter     (TSJ):    0.071ns
    Total Input Jitter      (TIJ):    0.000ns
    Discrete Jitter          (DJ):    0.000ns
    Phase Error              (PE):    0.000ns

    Location             Delay type                Incr(ns)  Path(ns)    Netlist Resource(s)
  -------------------------------------------------------------------    -------------------
                         (clock service_clk rise edge)
                                                      0.000     0.000 r  
                                                      0.000     0.000 r  clk (IN)
                         net (fo=2942, unset)         1.679     1.679    clk
    SLICE_X15Y4          FDRE                                         r  write_sequence_reg[9]/C
  -------------------------------------------------------------------    -------------------
    SLICE_X15Y4          FDRE (Prop_fdre_C_Q)         0.456     2.135 r  write_sequence_reg[9]/Q
                         net (fo=3, routed)           0.734     2.869    write_sequence_reg_n_0_[9]
    SLICE_X17Y4          LUT2 (Prop_lut2_I0_O)        0.124     2.993 r  segment_fence_INST_0_i_14/O
                         net (fo=1, routed)           0.000     2.993    segment_fence_INST_0_i_14_n_0
    SLICE_X17Y4          CARRY4 (Prop_carry4_S[1]_CO[3])
                                                      0.550     3.543 r  segment_fence_INST_0_i_6/CO[3]
                         net (fo=1, routed)           0.000     3.543    segment_fence_INST_0_i_6_n_0
    SLICE_X17Y5          CARRY4 (Prop_carry4_CI_O[1])
                                                      0.334     3.877 r  segment_fence_INST_0_i_5/O[1]
                         net (fo=1, routed)           0.812     4.689    mac/pending_span[6]
    SLICE_X17Y6          LUT6 (Prop_lut6_I3_O)        0.303     4.992 r  mac/segment_fence_INST_0_i_1/O
                         net (fo=4, routed)           0.323     5.315    mac_n_8
    SLICE_X15Y6          LUT6 (Prop_lut6_I5_O)        0.124     5.439 r  expiry_now_INST_0_i_1/O
                         net (fo=1, routed)           0.433     5.872    expiry_now_INST_0_i_1_n_0
    SLICE_X15Y6          LUT5 (Prop_lut5_I0_O)        0.124     5.996 r  expiry_now_INST_0/O
                         net (fo=1, unset)            0.973     6.969    expiry_now
                                                                      r  expiry_now (OUT)
  -------------------------------------------------------------------    -------------------

                         (clock service_clk rise edge)
                                                      5.000     5.000 r  
                         clock pessimism              0.000     5.000    
                         clock uncertainty           -0.035     4.965    
                         output delay                -0.500     4.465    
  -------------------------------------------------------------------
                         required time                          4.465    
                         arrival time                          -6.969    
  -------------------------------------------------------------------
                         slack                                 -2.504    

Slack (VIOLATED) :        -2.320ns  (required time - arrival time)
  Source:                 write_sequence_reg[0]/C
                            (rising edge-triggered cell FDRE clocked by service_clk  {rise@0.000ns fall@2.500ns period=5.000ns})
  Destination:            segment_fence
                            (output port clocked by service_clk  {rise@0.000ns fall@2.500ns period=5.000ns})
  Path Group:             service_clk
  Path Type:              Max at Slow Process Corner
  Requirement:            5.000ns  (service_clk rise@5.000ns - service_clk rise@0.000ns)
  Data Path Delay:        5.107ns  (logic 2.031ns (39.770%)  route 3.076ns (60.230%))
  Logic Levels:           6  (CARRY4=3 LUT2=1 LUT3=1 LUT6=1)
  Output Delay:           0.500ns
  Clock Path Skew:        -1.678ns (DCD - SCD + CPR)
    Destination Clock Delay (DCD):    0.000ns = ( 5.000 - 5.000 ) 
    Source Clock Delay      (SCD):    1.678ns
    Clock Pessimism Removal (CPR):    0.000ns
  Clock Uncertainty:      0.035ns  ((TSJ^2 + TIJ^2)^1/2 + DJ) / 2 + PE
    Total System Jitter     (TSJ):    0.071ns
    Total Input Jitter      (TIJ):    0.000ns
    Discrete Jitter          (DJ):    0.000ns
    Phase Error              (PE):    0.000ns

    Location             Delay type                Incr(ns)  Path(ns)    Netlist Resource(s)
  -------------------------------------------------------------------    -------------------
                         (clock service_clk rise edge)
                                                      0.000     0.000 r  
                                                      0.000     0.000 r  clk (IN)
                         net (fo=2942, unset)         1.678     1.678    clk
    SLICE_X16Y0          FDRE                                         r  write_sequence_reg[0]/C
  -------------------------------------------------------------------    -------------------
    SLICE_X16Y0          FDRE (Prop_fdre_C_Q)         0.518     2.196 r  write_sequence_reg[0]/Q
                         net (fo=5, routed)           0.436     2.632    write_sequence_reg_n_0_[0]
    SLICE_X17Y2          LUT2 (Prop_lut2_I0_O)        0.124     2.756 r  segment_fence_INST_0_i_24/O
                         net (fo=1, routed)           0.000     2.756    segment_fence_INST_0_i_24_n_0
    SLICE_X17Y2          CARRY4 (Prop_carry4_S[0]_CO[3])
                                                      0.532     3.288 r  segment_fence_INST_0_i_16/CO[3]
                         net (fo=1, routed)           0.000     3.288    segment_fence_INST_0_i_16_n_0
    SLICE_X17Y3          CARRY4 (Prop_carry4_CI_CO[3])
                                                      0.114     3.402 r  segment_fence_INST_0_i_7/CO[3]
                         net (fo=1, routed)           0.000     3.402    segment_fence_INST_0_i_7_n_0
    SLICE_X17Y4          CARRY4 (Prop_carry4_CI_O[3])
                                                      0.313     3.715 r  segment_fence_INST_0_i_6/O[3]
                         net (fo=3, routed)           0.845     4.560    mac/pending_span[4]
    SLICE_X17Y6          LUT3 (Prop_lut3_I1_O)        0.306     4.866 f  mac/segment_fence_INST_0_i_2/O
                         net (fo=2, routed)           0.822     5.688    mac/segment_fence_INST_0_i_2_n_0
    SLICE_X17Y8          LUT6 (Prop_lut6_I1_O)        0.124     5.812 r  mac/segment_fence_INST_0/O
                         net (fo=62, unset)           0.973     6.785    segment_fence
                                                                      r  segment_fence (OUT)
  -------------------------------------------------------------------    -------------------

                         (clock service_clk rise edge)
                                                      5.000     5.000 r  
                         clock pessimism              0.000     5.000    
                         clock uncertainty           -0.035     4.965    
                         output delay                -0.500     4.465    
  -------------------------------------------------------------------
                         required time                          4.465    
                         arrival time                          -6.785    
  -------------------------------------------------------------------
                         slack                                 -2.320    

Slack (VIOLATED) :        -2.234ns  (required time - arrival time)
  Source:                 expected_timestamp_reg[2]/C
                            (rising edge-triggered cell FDRE clocked by service_clk  {rise@0.000ns fall@2.500ns period=5.000ns})
  Destination:            gap_now
                            (output port clocked by service_clk  {rise@0.000ns fall@2.500ns period=5.000ns})
  Path Group:             service_clk
  Path Type:              Max at Slow Process Corner
  Requirement:            5.000ns  (service_clk rise@5.000ns - service_clk rise@0.000ns)
  Data Path Delay:        5.015ns  (logic 2.178ns (43.431%)  route 2.837ns (56.569%))
  Logic Levels:           9  (CARRY4=6 LUT4=1 LUT6=2)
  Output Delay:           0.500ns
  Clock Path Skew:        -1.684ns (DCD - SCD + CPR)
    Destination Clock Delay (DCD):    0.000ns = ( 5.000 - 5.000 ) 
    Source Clock Delay      (SCD):    1.684ns
    Clock Pessimism Removal (CPR):    0.000ns
  Clock Uncertainty:      0.035ns  ((TSJ^2 + TIJ^2)^1/2 + DJ) / 2 + PE
    Total System Jitter     (TSJ):    0.071ns
    Total Input Jitter      (TIJ):    0.000ns
    Discrete Jitter          (DJ):    0.000ns
    Phase Error              (PE):    0.000ns

    Location             Delay type                Incr(ns)  Path(ns)    Netlist Resource(s)
  -------------------------------------------------------------------    -------------------
                         (clock service_clk rise edge)
                                                      0.000     0.000 r  
                                                      0.000     0.000 r  clk (IN)
                         net (fo=2942, unset)         1.684     1.684    clk
    SLICE_X13Y4          FDRE                                         r  expected_timestamp_reg[2]/C
  -------------------------------------------------------------------    -------------------
    SLICE_X13Y4          FDRE (Prop_fdre_C_Q)         0.456     2.140 r  expected_timestamp_reg[2]/Q
                         net (fo=1, routed)           0.944     3.084    expected_timestamp[2]
    SLICE_X14Y4          LUT6 (Prop_lut6_I0_O)        0.124     3.208 r  expiry_now_INST_0_i_30/O
                         net (fo=1, routed)           0.000     3.208    expiry_now_INST_0_i_30_n_0
    SLICE_X14Y4          CARRY4 (Prop_carry4_S[0]_CO[3])
                                                      0.532     3.740 r  expiry_now_INST_0_i_22/CO[3]
                         net (fo=1, routed)           0.000     3.740    expiry_now_INST_0_i_22_n_0
    SLICE_X14Y5          CARRY4 (Prop_carry4_CI_CO[3])
                                                      0.114     3.854 r  expiry_now_INST_0_i_17/CO[3]
                         net (fo=1, routed)           0.000     3.854    expiry_now_INST_0_i_17_n_0
    SLICE_X14Y6          CARRY4 (Prop_carry4_CI_CO[3])
                                                      0.114     3.968 r  expiry_now_INST_0_i_12/CO[3]
                         net (fo=1, routed)           0.000     3.968    expiry_now_INST_0_i_12_n_0
    SLICE_X14Y7          CARRY4 (Prop_carry4_CI_CO[3])
                                                      0.114     4.082 r  expiry_now_INST_0_i_7/CO[3]
                         net (fo=1, routed)           0.000     4.082    expiry_now_INST_0_i_7_n_0
    SLICE_X14Y8          CARRY4 (Prop_carry4_CI_CO[3])
                                                      0.114     4.196 r  expiry_now_INST_0_i_4/CO[3]
                         net (fo=1, routed)           0.000     4.196    expiry_now_INST_0_i_4_n_0
    SLICE_X14Y9          CARRY4 (Prop_carry4_CI_CO[1])
                                                      0.157     4.353 r  expiry_now_INST_0_i_2/CO[1]
                         net (fo=2, routed)           0.573     4.925    mac/CO[0]
    SLICE_X17Y8          LUT4 (Prop_lut4_I2_O)        0.329     5.254 r  mac/segment_fence_INST_0_i_4/O
                         net (fo=5, routed)           0.347     5.602    mac_n_10
    SLICE_X15Y8          LUT6 (Prop_lut6_I5_O)        0.124     5.726 r  gap_now_INST_0/O
                         net (fo=0)                   0.973     6.699    gap_now
                                                                      r  gap_now (OUT)
  -------------------------------------------------------------------    -------------------

                         (clock service_clk rise edge)
                                                      5.000     5.000 r  
                         clock pessimism              0.000     5.000    
                         clock uncertainty           -0.035     4.965    
                         output delay                -0.500     4.465    
  -------------------------------------------------------------------
                         required time                          4.465    
                         arrival time                          -6.699    
  -------------------------------------------------------------------
                         slack                                 -2.234    

Slack (VIOLATED) :        -2.220ns  (required time - arrival time)
  Source:                 expected_timestamp_reg[2]/C
                            (rising edge-triggered cell FDRE clocked by service_clk  {rise@0.000ns fall@2.500ns period=5.000ns})
  Destination:            coefficient_read_reg[165]/R
                            (rising edge-triggered cell FDRE clocked by service_clk  {rise@0.000ns fall@2.500ns period=5.000ns})
  Path Group:             service_clk
  Path Type:              Setup (Max at Slow Process Corner)
  Requirement:            5.000ns  (service_clk rise@5.000ns - service_clk rise@0.000ns)
  Data Path Delay:        6.635ns  (logic 2.426ns (36.561%)  route 4.209ns (63.439%))
  Logic Levels:           11  (CARRY4=6 LUT2=1 LUT4=1 LUT6=3)
  Clock Path Skew:        -0.025ns (DCD - SCD + CPR)
    Destination Clock Delay (DCD):    1.510ns = ( 6.510 - 5.000 ) 
    Source Clock Delay      (SCD):    1.684ns
    Clock Pessimism Removal (CPR):    0.149ns
  Clock Uncertainty:      0.035ns  ((TSJ^2 + TIJ^2)^1/2 + DJ) / 2 + PE
    Total System Jitter     (TSJ):    0.071ns
    Total Input Jitter      (TIJ):    0.000ns
    Discrete Jitter          (DJ):    0.000ns
    Phase Error              (PE):    0.000ns

    Location             Delay type                Incr(ns)  Path(ns)    Netlist Resource(s)
  -------------------------------------------------------------------    -------------------
                         (clock service_clk rise edge)
                                                      0.000     0.000 r  
                                                      0.000     0.000 r  clk (IN)
                         net (fo=2942, unset)         1.684     1.684    clk
    SLICE_X13Y4          FDRE                                         r  expected_timestamp_reg[2]/C
  -------------------------------------------------------------------    -------------------
    SLICE_X13Y4          FDRE (Prop_fdre_C_Q)         0.456     2.140 r  expected_timestamp_reg[2]/Q
                         net (fo=1, routed)           0.944     3.084    expected_timestamp[2]
    SLICE_X14Y4          LUT6 (Prop_lut6_I0_O)        0.124     3.208 r  expiry_now_INST_0_i_30/O
                         net (fo=1, routed)           0.000     3.208    expiry_now_INST_0_i_30_n_0
    SLICE_X14Y4          CARRY4 (Prop_carry4_S[0]_CO[3])
                                                      0.532     3.740 r  expiry_now_INST_0_i_22/CO[3]
                         net (fo=1, routed)           0.000     3.740    expiry_now_INST_0_i_22_n_0
    SLICE_X14Y5          CARRY4 (Prop_carry4_CI_CO[3])
                                                      0.114     3.854 r  expiry_now_INST_0_i_17/CO[3]
                         net (fo=1, routed)           0.000     3.854    expiry_now_INST_0_i_17_n_0
    SLICE_X14Y6          CARRY4 (Prop_carry4_CI_CO[3])
                                                      0.114     3.968 r  expiry_now_INST_0_i_12/CO[3]
                         net (fo=1, routed)           0.000     3.968    expiry_now_INST_0_i_12_n_0
    SLICE_X14Y7          CARRY4 (Prop_carry4_CI_CO[3])
                                                      0.114     4.082 r  expiry_now_INST_0_i_7/CO[3]
                         net (fo=1, routed)           0.000     4.082    expiry_now_INST_0_i_7_n_0
    SLICE_X14Y8          CARRY4 (Prop_carry4_CI_CO[3])
                                                      0.114     4.196 r  expiry_now_INST_0_i_4/CO[3]
                         net (fo=1, routed)           0.000     4.196    expiry_now_INST_0_i_4_n_0
    SLICE_X14Y9          CARRY4 (Prop_carry4_CI_CO[1])
                                                      0.157     4.353 f  expiry_now_INST_0_i_2/CO[1]
                         net (fo=2, routed)           0.573     4.925    mac/CO[0]
    SLICE_X17Y8          LUT4 (Prop_lut4_I2_O)        0.329     5.254 f  mac/segment_fence_INST_0_i_4/O
                         net (fo=5, routed)           0.654     5.908    mac/sample_gap_0
    SLICE_X17Y7          LUT6 (Prop_lut6_I0_O)        0.124     6.032 f  mac/op_valid_i_1/O
                         net (fo=50, routed)          0.491     6.523    mac/SR[0]
    SLICE_X15Y7          LUT6 (Prop_lut6_I5_O)        0.124     6.647 r  mac/history[0].samples_reg_i_1/O
                         net (fo=216, routed)         0.626     7.273    mac/read_enable
    SLICE_X15Y8          LUT2 (Prop_lut2_I1_O)        0.124     7.397 r  mac/coefficient_read[167]_i_1/O
                         net (fo=47, routed)          0.922     8.319    mac_n_2
    SLICE_X12Y3          FDRE                                         r  coefficient_read_reg[165]/R
  -------------------------------------------------------------------    -------------------

                         (clock service_clk rise edge)
                                                      5.000     5.000 r  
                                                      0.000     5.000 r  clk (IN)
                         net (fo=2942, unset)         1.510     6.510    clk
    SLICE_X12Y3          FDRE                                         r  coefficient_read_reg[165]/C
                         clock pessimism              0.149     6.659    
                         clock uncertainty           -0.035     6.624    
    SLICE_X12Y3          FDRE (Setup_fdre_C_R)       -0.524     6.100    coefficient_read_reg[165]
  -------------------------------------------------------------------
                         required time                          6.100    
                         arrival time                          -8.319    
  -------------------------------------------------------------------
                         slack                                 -2.220    

Slack (VIOLATED) :        -2.220ns  (required time - arrival time)
  Source:                 expected_timestamp_reg[2]/C
                            (rising edge-triggered cell FDRE clocked by service_clk  {rise@0.000ns fall@2.500ns period=5.000ns})
  Destination:            coefficient_read_reg[166]/R
                            (rising edge-triggered cell FDRE clocked by service_clk  {rise@0.000ns fall@2.500ns period=5.000ns})
  Path Group:             service_clk
  Path Type:              Setup (Max at Slow Process Corner)
  Requirement:            5.000ns  (service_clk rise@5.000ns - service_clk rise@0.000ns)
  Data Path Delay:        6.635ns  (logic 2.426ns (36.561%)  route 4.209ns (63.439%))
  Logic Levels:           11  (CARRY4=6 LUT2=1 LUT4=1 LUT6=3)
  Clock Path Skew:        -0.025ns (DCD - SCD + CPR)
    Destination Clock Delay (DCD):    1.510ns = ( 6.510 - 5.000 ) 
    Source Clock Delay      (SCD):    1.684ns
    Clock Pessimism Removal (CPR):    0.149ns
  Clock Uncertainty:      0.035ns  ((TSJ^2 + TIJ^2)^1/2 + DJ) / 2 + PE
    Total System Jitter     (TSJ):    0.071ns
    Total Input Jitter      (TIJ):    0.000ns
    Discrete Jitter          (DJ):    0.000ns
    Phase Error              (PE):    0.000ns

    Location             Delay type                Incr(ns)  Path(ns)    Netlist Resource(s)
  -------------------------------------------------------------------    -------------------
                         (clock service_clk rise edge)
                                                      0.000     0.000 r  
                                                      0.000     0.000 r  clk (IN)
                         net (fo=2942, unset)         1.684     1.684    clk
    SLICE_X13Y4          FDRE                                         r  expected_timestamp_reg[2]/C
  -------------------------------------------------------------------    -------------------
    SLICE_X13Y4          FDRE (Prop_fdre_C_Q)         0.456     2.140 r  expected_timestamp_reg[2]/Q
                         net (fo=1, routed)           0.944     3.084    expected_timestamp[2]
    SLICE_X14Y4          LUT6 (Prop_lut6_I0_O)        0.124     3.208 r  expiry_now_INST_0_i_30/O
                         net (fo=1, routed)           0.000     3.208    expiry_now_INST_0_i_30_n_0
    SLICE_X14Y4          CARRY4 (Prop_carry4_S[0]_CO[3])
                                                      0.532     3.740 r  expiry_now_INST_0_i_22/CO[3]
                         net (fo=1, routed)           0.000     3.740    expiry_now_INST_0_i_22_n_0
    SLICE_X14Y5          CARRY4 (Prop_carry4_CI_CO[3])
                                                      0.114     3.854 r  expiry_now_INST_0_i_17/CO[3]
                         net (fo=1, routed)           0.000     3.854    expiry_now_INST_0_i_17_n_0
    SLICE_X14Y6          CARRY4 (Prop_carry4_CI_CO[3])
                                                      0.114     3.968 r  expiry_now_INST_0_i_12/CO[3]
                         net (fo=1, routed)           0.000     3.968    expiry_now_INST_0_i_12_n_0
    SLICE_X14Y7          CARRY4 (Prop_carry4_CI_CO[3])
                                                      0.114     4.082 r  expiry_now_INST_0_i_7/CO[3]
                         net (fo=1, routed)           0.000     4.082    expiry_now_INST_0_i_7_n_0
    SLICE_X14Y8          CARRY4 (Prop_carry4_CI_CO[3])
                                                      0.114     4.196 r  expiry_now_INST_0_i_4/CO[3]
                         net (fo=1, routed)           0.000     4.196    expiry_now_INST_0_i_4_n_0
    SLICE_X14Y9          CARRY4 (Prop_carry4_CI_CO[1])
                                                      0.157     4.353 f  expiry_now_INST_0_i_2/CO[1]
                         net (fo=2, routed)           0.573     4.925    mac/CO[0]
    SLICE_X17Y8          LUT4 (Prop_lut4_I2_O)        0.329     5.254 f  mac/segment_fence_INST_0_i_4/O
                         net (fo=5, routed)           0.654     5.908    mac/sample_gap_0
    SLICE_X17Y7          LUT6 (Prop_lut6_I0_O)        0.124     6.032 f  mac/op_valid_i_1/O
                         net (fo=50, routed)          0.491     6.523    mac/SR[0]
    SLICE_X15Y7          LUT6 (Prop_lut6_I5_O)        0.124     6.647 r  mac/history[0].samples_reg_i_1/O
                         net (fo=216, routed)         0.626     7.273    mac/read_enable
    SLICE_X15Y8          LUT2 (Prop_lut2_I1_O)        0.124     7.397 r  mac/coefficient_read[167]_i_1/O
                         net (fo=47, routed)          0.922     8.319    mac_n_2
    SLICE_X12Y3          FDRE                                         r  coefficient_read_reg[166]/R
  -------------------------------------------------------------------    -------------------

                         (clock service_clk rise edge)
                                                      5.000     5.000 r  
                                                      0.000     5.000 r  clk (IN)
                         net (fo=2942, unset)         1.510     6.510    clk
    SLICE_X12Y3          FDRE                                         r  coefficient_read_reg[166]/C
                         clock pessimism              0.149     6.659    
                         clock uncertainty           -0.035     6.624    
    SLICE_X12Y3          FDRE (Setup_fdre_C_R)       -0.524     6.100    coefficient_read_reg[166]
  -------------------------------------------------------------------
                         required time                          6.100    
                         arrival time                          -8.319    
  -------------------------------------------------------------------
                         slack                                 -2.220    

Slack (VIOLATED) :        -2.220ns  (required time - arrival time)
  Source:                 expected_timestamp_reg[2]/C
                            (rising edge-triggered cell FDRE clocked by service_clk  {rise@0.000ns fall@2.500ns period=5.000ns})
  Destination:            coefficient_read_reg[167]/R
                            (rising edge-triggered cell FDRE clocked by service_clk  {rise@0.000ns fall@2.500ns period=5.000ns})
  Path Group:             service_clk
  Path Type:              Setup (Max at Slow Process Corner)
  Requirement:            5.000ns  (service_clk rise@5.000ns - service_clk rise@0.000ns)
  Data Path Delay:        6.635ns  (logic 2.426ns (36.561%)  route 4.209ns (63.439%))
  Logic Levels:           11  (CARRY4=6 LUT2=1 LUT4=1 LUT6=3)
  Clock Path Skew:        -0.025ns (DCD - SCD + CPR)
    Destination Clock Delay (DCD):    1.510ns = ( 6.510 - 5.000 ) 
    Source Clock Delay      (SCD):    1.684ns
    Clock Pessimism Removal (CPR):    0.149ns
  Clock Uncertainty:      0.035ns  ((TSJ^2 + TIJ^2)^1/2 + DJ) / 2 + PE
    Total System Jitter     (TSJ):    0.071ns
    Total Input Jitter      (TIJ):    0.000ns
    Discrete Jitter          (DJ):    0.000ns
    Phase Error              (PE):    0.000ns

    Location             Delay type                Incr(ns)  Path(ns)    Netlist Resource(s)
  -------------------------------------------------------------------    -------------------
                         (clock service_clk rise edge)
                                                      0.000     0.000 r  
                                                      0.000     0.000 r  clk (IN)
                         net (fo=2942, unset)         1.684     1.684    clk
    SLICE_X13Y4          FDRE                                         r  expected_timestamp_reg[2]/C
  -------------------------------------------------------------------    -------------------
    SLICE_X13Y4          FDRE (Prop_fdre_C_Q)         0.456     2.140 r  expected_timestamp_reg[2]/Q
                         net (fo=1, routed)           0.944     3.084    expected_timestamp[2]
    SLICE_X14Y4          LUT6 (Prop_lut6_I0_O)        0.124     3.208 r  expiry_now_INST_0_i_30/O
                         net (fo=1, routed)           0.000     3.208    expiry_now_INST_0_i_30_n_0
    SLICE_X14Y4          CARRY4 (Prop_carry4_S[0]_CO[3])
                                                      0.532     3.740 r  expiry_now_INST_0_i_22/CO[3]
                         net (fo=1, routed)           0.000     3.740    expiry_now_INST_0_i_22_n_0
    SLICE_X14Y5          CARRY4 (Prop_carry4_CI_CO[3])
                                                      0.114     3.854 r  expiry_now_INST_0_i_17/CO[3]
                         net (fo=1, routed)           0.000     3.854    expiry_now_INST_0_i_17_n_0
    SLICE_X14Y6          CARRY4 (Prop_carry4_CI_CO[3])
                                                      0.114     3.968 r  expiry_now_INST_0_i_12/CO[3]
                         net (fo=1, routed)           0.000     3.968    expiry_now_INST_0_i_12_n_0
    SLICE_X14Y7          CARRY4 (Prop_carry4_CI_CO[3])
                                                      0.114     4.082 r  expiry_now_INST_0_i_7/CO[3]
                         net (fo=1, routed)           0.000     4.082    expiry_now_INST_0_i_7_n_0
    SLICE_X14Y8          CARRY4 (Prop_carry4_CI_CO[3])
                                                      0.114     4.196 r  expiry_now_INST_0_i_4/CO[3]
                         net (fo=1, routed)           0.000     4.196    expiry_now_INST_0_i_4_n_0
    SLICE_X14Y9          CARRY4 (Prop_carry4_CI_CO[1])
                                                      0.157     4.353 f  expiry_now_INST_0_i_2/CO[1]
                         net (fo=2, routed)           0.573     4.925    mac/CO[0]
    SLICE_X17Y8          LUT4 (Prop_lut4_I2_O)        0.329     5.254 f  mac/segment_fence_INST_0_i_4/O
                         net (fo=5, routed)           0.654     5.908    mac/sample_gap_0
    SLICE_X17Y7          LUT6 (Prop_lut6_I0_O)        0.124     6.032 f  mac/op_valid_i_1/O
                         net (fo=50, routed)          0.491     6.523    mac/SR[0]
    SLICE_X15Y7          LUT6 (Prop_lut6_I5_O)        0.124     6.647 r  mac/history[0].samples_reg_i_1/O
                         net (fo=216, routed)         0.626     7.273    mac/read_enable
    SLICE_X15Y8          LUT2 (Prop_lut2_I1_O)        0.124     7.397 r  mac/coefficient_read[167]_i_1/O
                         net (fo=47, routed)          0.922     8.319    mac_n_2
    SLICE_X12Y3          FDRE                                         r  coefficient_read_reg[167]/R
  -------------------------------------------------------------------    -------------------

                         (clock service_clk rise edge)
                                                      5.000     5.000 r  
                                                      0.000     5.000 r  clk (IN)
                         net (fo=2942, unset)         1.510     6.510    clk
    SLICE_X12Y3          FDRE                                         r  coefficient_read_reg[167]/C
                         clock pessimism              0.149     6.659    
                         clock uncertainty           -0.035     6.624    
    SLICE_X12Y3          FDRE (Setup_fdre_C_R)       -0.524     6.100    coefficient_read_reg[167]
  -------------------------------------------------------------------
                         required time                          6.100    
                         arrival time                          -8.319    
  -------------------------------------------------------------------
                         slack                                 -2.220    

Slack (VIOLATED) :        -2.213ns  (required time - arrival time)
  Source:                 expected_timestamp_reg[2]/C
                            (rising edge-triggered cell FDRE clocked by service_clk  {rise@0.000ns fall@2.500ns period=5.000ns})
  Destination:            coefficient_read_reg[158]/R
                            (rising edge-triggered cell FDRE clocked by service_clk  {rise@0.000ns fall@2.500ns period=5.000ns})
  Path Group:             service_clk
  Path Type:              Setup (Max at Slow Process Corner)
  Requirement:            5.000ns  (service_clk rise@5.000ns - service_clk rise@0.000ns)
  Data Path Delay:        6.595ns  (logic 2.426ns (36.785%)  route 4.169ns (63.215%))
  Logic Levels:           11  (CARRY4=6 LUT2=1 LUT4=1 LUT6=3)
  Clock Path Skew:        -0.059ns (DCD - SCD + CPR)
    Destination Clock Delay (DCD):    1.510ns = ( 6.510 - 5.000 ) 
    Source Clock Delay      (SCD):    1.684ns
    Clock Pessimism Removal (CPR):    0.115ns
  Clock Uncertainty:      0.035ns  ((TSJ^2 + TIJ^2)^1/2 + DJ) / 2 + PE
    Total System Jitter     (TSJ):    0.071ns
    Total Input Jitter      (TIJ):    0.000ns
    Discrete Jitter          (DJ):    0.000ns
    Phase Error              (PE):    0.000ns

    Location             Delay type                Incr(ns)  Path(ns)    Netlist Resource(s)
  -------------------------------------------------------------------    -------------------
                         (clock service_clk rise edge)
                                                      0.000     0.000 r  
                                                      0.000     0.000 r  clk (IN)
                         net (fo=2942, unset)         1.684     1.684    clk
    SLICE_X13Y4          FDRE                                         r  expected_timestamp_reg[2]/C
  -------------------------------------------------------------------    -------------------
    SLICE_X13Y4          FDRE (Prop_fdre_C_Q)         0.456     2.140 r  expected_timestamp_reg[2]/Q
                         net (fo=1, routed)           0.944     3.084    expected_timestamp[2]
    SLICE_X14Y4          LUT6 (Prop_lut6_I0_O)        0.124     3.208 r  expiry_now_INST_0_i_30/O
                         net (fo=1, routed)           0.000     3.208    expiry_now_INST_0_i_30_n_0
    SLICE_X14Y4          CARRY4 (Prop_carry4_S[0]_CO[3])
                                                      0.532     3.740 r  expiry_now_INST_0_i_22/CO[3]
                         net (fo=1, routed)           0.000     3.740    expiry_now_INST_0_i_22_n_0
    SLICE_X14Y5          CARRY4 (Prop_carry4_CI_CO[3])
                                                      0.114     3.854 r  expiry_now_INST_0_i_17/CO[3]
                         net (fo=1, routed)           0.000     3.854    expiry_now_INST_0_i_17_n_0
    SLICE_X14Y6          CARRY4 (Prop_carry4_CI_CO[3])
                                                      0.114     3.968 r  expiry_now_INST_0_i_12/CO[3]
                         net (fo=1, routed)           0.000     3.968    expiry_now_INST_0_i_12_n_0
    SLICE_X14Y7          CARRY4 (Prop_carry4_CI_CO[3])
                                                      0.114     4.082 r  expiry_now_INST_0_i_7/CO[3]
                         net (fo=1, routed)           0.000     4.082    expiry_now_INST_0_i_7_n_0
    SLICE_X14Y8          CARRY4 (Prop_carry4_CI_CO[3])
                                                      0.114     4.196 r  expiry_now_INST_0_i_4/CO[3]
                         net (fo=1, routed)           0.000     4.196    expiry_now_INST_0_i_4_n_0
    SLICE_X14Y9          CARRY4 (Prop_carry4_CI_CO[1])
                                                      0.157     4.353 f  expiry_now_INST_0_i_2/CO[1]
                         net (fo=2, routed)           0.573     4.925    mac/CO[0]
    SLICE_X17Y8          LUT4 (Prop_lut4_I2_O)        0.329     5.254 f  mac/segment_fence_INST_0_i_4/O
                         net (fo=5, routed)           0.654     5.908    mac/sample_gap_0
    SLICE_X17Y7          LUT6 (Prop_lut6_I0_O)        0.124     6.032 f  mac/op_valid_i_1/O
                         net (fo=50, routed)          0.491     6.523    mac/SR[0]
    SLICE_X15Y7          LUT6 (Prop_lut6_I5_O)        0.124     6.647 r  mac/history[0].samples_reg_i_1/O
                         net (fo=216, routed)         0.626     7.273    mac/read_enable
    SLICE_X15Y8          LUT2 (Prop_lut2_I1_O)        0.124     7.397 r  mac/coefficient_read[167]_i_1/O
                         net (fo=47, routed)          0.882     8.279    mac_n_2
    SLICE_X8Y6           FDRE                                         r  coefficient_read_reg[158]/R
  -------------------------------------------------------------------    -------------------

                         (clock service_clk rise edge)
                                                      5.000     5.000 r  
                                                      0.000     5.000 r  clk (IN)
                         net (fo=2942, unset)         1.510     6.510    clk
    SLICE_X8Y6           FDRE                                         r  coefficient_read_reg[158]/C
                         clock pessimism              0.115     6.625    
                         clock uncertainty           -0.035     6.590    
    SLICE_X8Y6           FDRE (Setup_fdre_C_R)       -0.524     6.066    coefficient_read_reg[158]
  -------------------------------------------------------------------
                         required time                          6.066    
                         arrival time                          -8.279    
  -------------------------------------------------------------------
                         slack                                 -2.213    

Slack (VIOLATED) :        -2.160ns  (required time - arrival time)
  Source:                 write_sequence_reg[0]/C
                            (rising edge-triggered cell FDRE clocked by service_clk  {rise@0.000ns fall@2.500ns period=5.000ns})
  Destination:            mac/m2_reg[4]/CEB2
                            (rising edge-triggered cell DSP48E1 clocked by service_clk  {rise@0.000ns fall@2.500ns period=5.000ns})
  Path Group:             service_clk
  Path Type:              Setup (Max at Slow Process Corner)
  Requirement:            5.000ns  (service_clk rise@5.000ns - service_clk rise@0.000ns)
  Data Path Delay:        6.523ns  (logic 2.155ns (33.038%)  route 4.368ns (66.962%))
  Logic Levels:           7  (CARRY4=3 LUT2=1 LUT3=1 LUT4=1 LUT6=1)
  Clock Path Skew:        -0.087ns (DCD - SCD + CPR)
    Destination Clock Delay (DCD):    1.578ns = ( 6.578 - 5.000 ) 
    Source Clock Delay      (SCD):    1.678ns
    Clock Pessimism Removal (CPR):    0.013ns
  Clock Uncertainty:      0.035ns  ((TSJ^2 + TIJ^2)^1/2 + DJ) / 2 + PE
    Total System Jitter     (TSJ):    0.071ns
    Total Input Jitter      (TIJ):    0.000ns
    Discrete Jitter          (DJ):    0.000ns
    Phase Error              (PE):    0.000ns

    Location             Delay type                Incr(ns)  Path(ns)    Netlist Resource(s)
  -------------------------------------------------------------------    -------------------
                         (clock service_clk rise edge)
                                                      0.000     0.000 r  
                                                      0.000     0.000 r  clk (IN)
                         net (fo=2942, unset)         1.678     1.678    clk
    SLICE_X16Y0          FDRE                                         r  write_sequence_reg[0]/C
  -------------------------------------------------------------------    -------------------
    SLICE_X16Y0          FDRE (Prop_fdre_C_Q)         0.518     2.196 r  write_sequence_reg[0]/Q
                         net (fo=5, routed)           0.436     2.632    write_sequence_reg_n_0_[0]
    SLICE_X17Y2          LUT2 (Prop_lut2_I0_O)        0.124     2.756 r  segment_fence_INST_0_i_24/O
                         net (fo=1, routed)           0.000     2.756    segment_fence_INST_0_i_24_n_0
    SLICE_X17Y2          CARRY4 (Prop_carry4_S[0]_CO[3])
                                                      0.532     3.288 r  segment_fence_INST_0_i_16/CO[3]
                         net (fo=1, routed)           0.000     3.288    segment_fence_INST_0_i_16_n_0
    SLICE_X17Y3          CARRY4 (Prop_carry4_CI_CO[3])
                                                      0.114     3.402 r  segment_fence_INST_0_i_7/CO[3]
                         net (fo=1, routed)           0.000     3.402    segment_fence_INST_0_i_7_n_0
    SLICE_X17Y4          CARRY4 (Prop_carry4_CI_O[3])
                                                      0.313     3.715 f  segment_fence_INST_0_i_6/O[3]
                         net (fo=3, routed)           0.845     4.560    mac/pending_span[4]
    SLICE_X17Y6          LUT3 (Prop_lut3_I1_O)        0.306     4.866 r  mac/segment_fence_INST_0_i_2/O
                         net (fo=2, routed)           0.822     5.688    mac/segment_fence_INST_0_i_2_n_0
    SLICE_X17Y8          LUT6 (Prop_lut6_I1_O)        0.124     5.812 f  mac/segment_fence_INST_0/O
                         net (fo=62, routed)          0.673     6.485    mac/sample_valid_0
    SLICE_X17Y9          LUT4 (Prop_lut4_I0_O)        0.124     6.609 r  mac/m1_reg[5]_i_1/O
                         net (fo=1148, routed)        1.592     8.201    mac/op_first
    DSP48_X1Y9           DSP48E1                                      r  mac/m2_reg[4]/CEB2
  -------------------------------------------------------------------    -------------------

                         (clock service_clk rise edge)
                                                      5.000     5.000 r  
                                                      0.000     5.000 r  clk (IN)
                         net (fo=2942, unset)         1.578     6.578    mac/clk
    DSP48_X1Y9           DSP48E1                                      r  mac/m2_reg[4]/CLK
                         clock pessimism              0.013     6.591    
                         clock uncertainty           -0.035     6.555    
    DSP48_X1Y9           DSP48E1 (Setup_dsp48e1_CLK_CEB2)
                                                     -0.514     6.041    mac/m2_reg[4]
  -------------------------------------------------------------------
                         required time                          6.041    
                         arrival time                          -8.201    
  -------------------------------------------------------------------
                         slack                                 -2.160    

Slack (VIOLATED) :        -2.157ns  (required time - arrival time)
  Source:                 expected_timestamp_reg[2]/C
                            (rising edge-triggered cell FDRE clocked by service_clk  {rise@0.000ns fall@2.500ns period=5.000ns})
  Destination:            coefficient_read_reg[75]/R
                            (rising edge-triggered cell FDRE clocked by service_clk  {rise@0.000ns fall@2.500ns period=5.000ns})
  Path Group:             service_clk
  Path Type:              Setup (Max at Slow Process Corner)
  Requirement:            5.000ns  (service_clk rise@5.000ns - service_clk rise@0.000ns)
  Data Path Delay:        6.519ns  (logic 2.426ns (37.213%)  route 4.093ns (62.787%))
  Logic Levels:           11  (CARRY4=6 LUT2=1 LUT4=1 LUT6=3)
  Clock Path Skew:        -0.173ns (DCD - SCD + CPR)
    Destination Clock Delay (DCD):    1.498ns = ( 6.498 - 5.000 ) 
    Source Clock Delay      (SCD):    1.684ns
    Clock Pessimism Removal (CPR):    0.013ns
  Clock Uncertainty:      0.035ns  ((TSJ^2 + TIJ^2)^1/2 + DJ) / 2 + PE
    Total System Jitter     (TSJ):    0.071ns
    Total Input Jitter      (TIJ):    0.000ns
    Discrete Jitter          (DJ):    0.000ns
    Phase Error              (PE):    0.000ns

    Location             Delay type                Incr(ns)  Path(ns)    Netlist Resource(s)
  -------------------------------------------------------------------    -------------------
                         (clock service_clk rise edge)
                                                      0.000     0.000 r  
                                                      0.000     0.000 r  clk (IN)
                         net (fo=2942, unset)         1.684     1.684    clk
    SLICE_X13Y4          FDRE                                         r  expected_timestamp_reg[2]/C
  -------------------------------------------------------------------    -------------------
    SLICE_X13Y4          FDRE (Prop_fdre_C_Q)         0.456     2.140 r  expected_timestamp_reg[2]/Q
                         net (fo=1, routed)           0.944     3.084    expected_timestamp[2]
    SLICE_X14Y4          LUT6 (Prop_lut6_I0_O)        0.124     3.208 r  expiry_now_INST_0_i_30/O
                         net (fo=1, routed)           0.000     3.208    expiry_now_INST_0_i_30_n_0
    SLICE_X14Y4          CARRY4 (Prop_carry4_S[0]_CO[3])
                                                      0.532     3.740 r  expiry_now_INST_0_i_22/CO[3]
                         net (fo=1, routed)           0.000     3.740    expiry_now_INST_0_i_22_n_0
    SLICE_X14Y5          CARRY4 (Prop_carry4_CI_CO[3])
                                                      0.114     3.854 r  expiry_now_INST_0_i_17/CO[3]
                         net (fo=1, routed)           0.000     3.854    expiry_now_INST_0_i_17_n_0
    SLICE_X14Y6          CARRY4 (Prop_carry4_CI_CO[3])
                                                      0.114     3.968 r  expiry_now_INST_0_i_12/CO[3]
                         net (fo=1, routed)           0.000     3.968    expiry_now_INST_0_i_12_n_0
    SLICE_X14Y7          CARRY4 (Prop_carry4_CI_CO[3])
                                                      0.114     4.082 r  expiry_now_INST_0_i_7/CO[3]
                         net (fo=1, routed)           0.000     4.082    expiry_now_INST_0_i_7_n_0
    SLICE_X14Y8          CARRY4 (Prop_carry4_CI_CO[3])
                                                      0.114     4.196 r  expiry_now_INST_0_i_4/CO[3]
                         net (fo=1, routed)           0.000     4.196    expiry_now_INST_0_i_4_n_0
    SLICE_X14Y9          CARRY4 (Prop_carry4_CI_CO[1])
                                                      0.157     4.353 f  expiry_now_INST_0_i_2/CO[1]
                         net (fo=2, routed)           0.573     4.925    mac/CO[0]
    SLICE_X17Y8          LUT4 (Prop_lut4_I2_O)        0.329     5.254 f  mac/segment_fence_INST_0_i_4/O
                         net (fo=5, routed)           0.654     5.908    mac/sample_gap_0
    SLICE_X17Y7          LUT6 (Prop_lut6_I0_O)        0.124     6.032 f  mac/op_valid_i_1/O
                         net (fo=50, routed)          0.491     6.523    mac/SR[0]
    SLICE_X15Y7          LUT6 (Prop_lut6_I5_O)        0.124     6.647 r  mac/history[0].samples_reg_i_1/O
                         net (fo=216, routed)         0.626     7.273    mac/read_enable
    SLICE_X15Y8          LUT2 (Prop_lut2_I1_O)        0.124     7.397 r  mac/coefficient_read[167]_i_1/O
                         net (fo=47, routed)          0.806     8.203    mac_n_2
    SLICE_X25Y5          FDRE                                         r  coefficient_read_reg[75]/R
  -------------------------------------------------------------------    -------------------

                         (clock service_clk rise edge)
                                                      5.000     5.000 r  
                                                      0.000     5.000 r  clk (IN)
                         net (fo=2942, unset)         1.498     6.498    clk
    SLICE_X25Y5          FDRE                                         r  coefficient_read_reg[75]/C
                         clock pessimism              0.013     6.511    
                         clock uncertainty           -0.035     6.476    
    SLICE_X25Y5          FDRE (Setup_fdre_C_R)       -0.429     6.047    coefficient_read_reg[75]
  -------------------------------------------------------------------
                         required time                          6.047    
                         arrival time                          -8.203    
  -------------------------------------------------------------------
                         slack                                 -2.157    





Min Delay Paths
--------------------------------------------------------------------------------------
Slack (VIOLATED) :        -0.743ns  (arrival time - required time)
  Source:                 sample_i[0]
                            (input port clocked by service_clk  {rise@0.000ns fall@2.500ns period=5.000ns})
  Destination:            history[5].samples_reg/DIADI[0]
                            (rising edge-triggered cell RAMB18E1 clocked by service_clk  {rise@0.000ns fall@2.500ns period=5.000ns})
  Path Group:             service_clk
  Path Type:              Hold (Min at Slow Process Corner)
  Requirement:            0.000ns  (service_clk rise@0.000ns - service_clk rise@0.000ns)
  Data Path Delay:        0.924ns  (logic 0.000ns (0.000%)  route 0.924ns (100.000%))
  Logic Levels:           0  
  Input Delay:            0.500ns
  Clock Path Skew:        1.727ns (DCD - SCD - CPR)
    Destination Clock Delay (DCD):    1.727ns
    Source Clock Delay      (SCD):    0.000ns
    Clock Pessimism Removal (CPR):    -0.000ns
  Clock Uncertainty:      0.035ns  ((TSJ^2 + TIJ^2)^1/2 + DJ) / 2 + PE
    Total System Jitter     (TSJ):    0.071ns
    Total Input Jitter      (TIJ):    0.000ns
    Discrete Jitter          (DJ):    0.000ns
    Phase Error              (PE):    0.000ns

    Location             Delay type                Incr(ns)  Path(ns)    Netlist Resource(s)
  -------------------------------------------------------------------    -------------------
                         (clock service_clk rise edge)
                                                      0.000     0.000 r  
                         input delay                  0.500     0.500    
                                                      0.000     0.500 r  sample_i[0] (IN)
                         net (fo=5, unset)            0.924     1.424    sample_i[0]
    RAMB18_X0Y0          RAMB18E1                                     r  history[5].samples_reg/DIADI[0]
  -------------------------------------------------------------------    -------------------

                         (clock service_clk rise edge)
                                                      0.000     0.000 r  
                                                      0.000     0.000 r  clk (IN)
                         net (fo=2942, unset)         1.727     1.727    clk
    RAMB18_X0Y0          RAMB18E1                                     r  history[5].samples_reg/CLKBWRCLK
                         clock pessimism              0.000     1.727    
                         clock uncertainty            0.035     1.763    
    RAMB18_X0Y0          RAMB18E1 (Hold_ramb18e1_CLKBWRCLK_DIADI[0])
                                                      0.405     2.168    history[5].samples_reg
  -------------------------------------------------------------------
                         required time                         -2.168    
                         arrival time                           1.424    
  -------------------------------------------------------------------
                         slack                                 -0.743    

Slack (VIOLATED) :        -0.743ns  (arrival time - required time)
  Source:                 sample_i[10]
                            (input port clocked by service_clk  {rise@0.000ns fall@2.500ns period=5.000ns})
  Destination:            history[5].samples_reg/DIADI[10]
                            (rising edge-triggered cell RAMB18E1 clocked by service_clk  {rise@0.000ns fall@2.500ns period=5.000ns})
  Path Group:             service_clk
  Path Type:              Hold (Min at Slow Process Corner)
  Requirement:            0.000ns  (service_clk rise@0.000ns - service_clk rise@0.000ns)
  Data Path Delay:        0.924ns  (logic 0.000ns (0.000%)  route 0.924ns (100.000%))
  Logic Levels:           0  
  Input Delay:            0.500ns
  Clock Path Skew:        1.727ns (DCD - SCD - CPR)
    Destination Clock Delay (DCD):    1.727ns
    Source Clock Delay      (SCD):    0.000ns
    Clock Pessimism Removal (CPR):    -0.000ns
  Clock Uncertainty:      0.035ns  ((TSJ^2 + TIJ^2)^1/2 + DJ) / 2 + PE
    Total System Jitter     (TSJ):    0.071ns
    Total Input Jitter      (TIJ):    0.000ns
    Discrete Jitter          (DJ):    0.000ns
    Phase Error              (PE):    0.000ns

    Location             Delay type                Incr(ns)  Path(ns)    Netlist Resource(s)
  -------------------------------------------------------------------    -------------------
                         (clock service_clk rise edge)
                                                      0.000     0.000 r  
                         input delay                  0.500     0.500    
                                                      0.000     0.500 r  sample_i[10] (IN)
                         net (fo=5, unset)            0.924     1.424    sample_i[10]
    RAMB18_X0Y0          RAMB18E1                                     r  history[5].samples_reg/DIADI[10]
  -------------------------------------------------------------------    -------------------

                         (clock service_clk rise edge)
                                                      0.000     0.000 r  
                                                      0.000     0.000 r  clk (IN)
                         net (fo=2942, unset)         1.727     1.727    clk
    RAMB18_X0Y0          RAMB18E1                                     r  history[5].samples_reg/CLKBWRCLK
                         clock pessimism              0.000     1.727    
                         clock uncertainty            0.035     1.763    
    RAMB18_X0Y0          RAMB18E1 (Hold_ramb18e1_CLKBWRCLK_DIADI[10])
                                                      0.405     2.168    history[5].samples_reg
  -------------------------------------------------------------------
                         required time                         -2.168    
                         arrival time                           1.424    
  -------------------------------------------------------------------
                         slack                                 -0.743    

Slack (VIOLATED) :        -0.743ns  (arrival time - required time)
  Source:                 sample_i[11]
                            (input port clocked by service_clk  {rise@0.000ns fall@2.500ns period=5.000ns})
  Destination:            history[5].samples_reg/DIADI[11]
                            (rising edge-triggered cell RAMB18E1 clocked by service_clk  {rise@0.000ns fall@2.500ns period=5.000ns})
  Path Group:             service_clk
  Path Type:              Hold (Min at Slow Process Corner)
  Requirement:            0.000ns  (service_clk rise@0.000ns - service_clk rise@0.000ns)
  Data Path Delay:        0.924ns  (logic 0.000ns (0.000%)  route 0.924ns (100.000%))
  Logic Levels:           0  
  Input Delay:            0.500ns
  Clock Path Skew:        1.727ns (DCD - SCD - CPR)
    Destination Clock Delay (DCD):    1.727ns
    Source Clock Delay      (SCD):    0.000ns
    Clock Pessimism Removal (CPR):    -0.000ns
  Clock Uncertainty:      0.035ns  ((TSJ^2 + TIJ^2)^1/2 + DJ) / 2 + PE
    Total System Jitter     (TSJ):    0.071ns
    Total Input Jitter      (TIJ):    0.000ns
    Discrete Jitter          (DJ):    0.000ns
    Phase Error              (PE):    0.000ns

    Location             Delay type                Incr(ns)  Path(ns)    Netlist Resource(s)
  -------------------------------------------------------------------    -------------------
                         (clock service_clk rise edge)
                                                      0.000     0.000 r  
                         input delay                  0.500     0.500    
                                                      0.000     0.500 r  sample_i[11] (IN)
                         net (fo=5, unset)            0.924     1.424    sample_i[11]
    RAMB18_X0Y0          RAMB18E1                                     r  history[5].samples_reg/DIADI[11]
  -------------------------------------------------------------------    -------------------

                         (clock service_clk rise edge)
                                                      0.000     0.000 r  
                                                      0.000     0.000 r  clk (IN)
                         net (fo=2942, unset)         1.727     1.727    clk
    RAMB18_X0Y0          RAMB18E1                                     r  history[5].samples_reg/CLKBWRCLK
                         clock pessimism              0.000     1.727    
                         clock uncertainty            0.035     1.763    
    RAMB18_X0Y0          RAMB18E1 (Hold_ramb18e1_CLKBWRCLK_DIADI[11])
                                                      0.405     2.168    history[5].samples_reg
  -------------------------------------------------------------------
                         required time                         -2.168    
                         arrival time                           1.424    
  -------------------------------------------------------------------
                         slack                                 -0.743    

Slack (VIOLATED) :        -0.743ns  (arrival time - required time)
  Source:                 sample_i[12]
                            (input port clocked by service_clk  {rise@0.000ns fall@2.500ns period=5.000ns})
  Destination:            history[5].samples_reg/DIADI[12]
                            (rising edge-triggered cell RAMB18E1 clocked by service_clk  {rise@0.000ns fall@2.500ns period=5.000ns})
  Path Group:             service_clk
  Path Type:              Hold (Min at Slow Process Corner)
  Requirement:            0.000ns  (service_clk rise@0.000ns - service_clk rise@0.000ns)
  Data Path Delay:        0.924ns  (logic 0.000ns (0.000%)  route 0.924ns (100.000%))
  Logic Levels:           0  
  Input Delay:            0.500ns
  Clock Path Skew:        1.727ns (DCD - SCD - CPR)
    Destination Clock Delay (DCD):    1.727ns
    Source Clock Delay      (SCD):    0.000ns
    Clock Pessimism Removal (CPR):    -0.000ns
  Clock Uncertainty:      0.035ns  ((TSJ^2 + TIJ^2)^1/2 + DJ) / 2 + PE
    Total System Jitter     (TSJ):    0.071ns
    Total Input Jitter      (TIJ):    0.000ns
    Discrete Jitter          (DJ):    0.000ns
    Phase Error              (PE):    0.000ns

    Location             Delay type                Incr(ns)  Path(ns)    Netlist Resource(s)
  -------------------------------------------------------------------    -------------------
                         (clock service_clk rise edge)
                                                      0.000     0.000 r  
                         input delay                  0.500     0.500    
                                                      0.000     0.500 r  sample_i[12] (IN)
                         net (fo=5, unset)            0.924     1.424    sample_i[12]
    RAMB18_X0Y0          RAMB18E1                                     r  history[5].samples_reg/DIADI[12]
  -------------------------------------------------------------------    -------------------

                         (clock service_clk rise edge)
                                                      0.000     0.000 r  
                                                      0.000     0.000 r  clk (IN)
                         net (fo=2942, unset)         1.727     1.727    clk
    RAMB18_X0Y0          RAMB18E1                                     r  history[5].samples_reg/CLKBWRCLK
                         clock pessimism              0.000     1.727    
                         clock uncertainty            0.035     1.763    
    RAMB18_X0Y0          RAMB18E1 (Hold_ramb18e1_CLKBWRCLK_DIADI[12])
                                                      0.405     2.168    history[5].samples_reg
  -------------------------------------------------------------------
                         required time                         -2.168    
                         arrival time                           1.424    
  -------------------------------------------------------------------
                         slack                                 -0.743    

Slack (VIOLATED) :        -0.743ns  (arrival time - required time)
  Source:                 sample_i[13]
                            (input port clocked by service_clk  {rise@0.000ns fall@2.500ns period=5.000ns})
  Destination:            history[5].samples_reg/DIADI[13]
                            (rising edge-triggered cell RAMB18E1 clocked by service_clk  {rise@0.000ns fall@2.500ns period=5.000ns})
  Path Group:             service_clk
  Path Type:              Hold (Min at Slow Process Corner)
  Requirement:            0.000ns  (service_clk rise@0.000ns - service_clk rise@0.000ns)
  Data Path Delay:        0.924ns  (logic 0.000ns (0.000%)  route 0.924ns (100.000%))
  Logic Levels:           0  
  Input Delay:            0.500ns
  Clock Path Skew:        1.727ns (DCD - SCD - CPR)
    Destination Clock Delay (DCD):    1.727ns
    Source Clock Delay      (SCD):    0.000ns
    Clock Pessimism Removal (CPR):    -0.000ns
  Clock Uncertainty:      0.035ns  ((TSJ^2 + TIJ^2)^1/2 + DJ) / 2 + PE
    Total System Jitter     (TSJ):    0.071ns
    Total Input Jitter      (TIJ):    0.000ns
    Discrete Jitter          (DJ):    0.000ns
    Phase Error              (PE):    0.000ns

    Location             Delay type                Incr(ns)  Path(ns)    Netlist Resource(s)
  -------------------------------------------------------------------    -------------------
                         (clock service_clk rise edge)
                                                      0.000     0.000 r  
                         input delay                  0.500     0.500    
                                                      0.000     0.500 r  sample_i[13] (IN)
                         net (fo=5, unset)            0.924     1.424    sample_i[13]
    RAMB18_X0Y0          RAMB18E1                                     r  history[5].samples_reg/DIADI[13]
  -------------------------------------------------------------------    -------------------

                         (clock service_clk rise edge)
                                                      0.000     0.000 r  
                                                      0.000     0.000 r  clk (IN)
                         net (fo=2942, unset)         1.727     1.727    clk
    RAMB18_X0Y0          RAMB18E1                                     r  history[5].samples_reg/CLKBWRCLK
                         clock pessimism              0.000     1.727    
                         clock uncertainty            0.035     1.763    
    RAMB18_X0Y0          RAMB18E1 (Hold_ramb18e1_CLKBWRCLK_DIADI[13])
                                                      0.405     2.168    history[5].samples_reg
  -------------------------------------------------------------------
                         required time                         -2.168    
                         arrival time                           1.424    
  -------------------------------------------------------------------
                         slack                                 -0.743    

Slack (VIOLATED) :        -0.743ns  (arrival time - required time)
  Source:                 sample_i[14]
                            (input port clocked by service_clk  {rise@0.000ns fall@2.500ns period=5.000ns})
  Destination:            history[5].samples_reg/DIADI[14]
                            (rising edge-triggered cell RAMB18E1 clocked by service_clk  {rise@0.000ns fall@2.500ns period=5.000ns})
  Path Group:             service_clk
  Path Type:              Hold (Min at Slow Process Corner)
  Requirement:            0.000ns  (service_clk rise@0.000ns - service_clk rise@0.000ns)
  Data Path Delay:        0.924ns  (logic 0.000ns (0.000%)  route 0.924ns (100.000%))
  Logic Levels:           0  
  Input Delay:            0.500ns
  Clock Path Skew:        1.727ns (DCD - SCD - CPR)
    Destination Clock Delay (DCD):    1.727ns
    Source Clock Delay      (SCD):    0.000ns
    Clock Pessimism Removal (CPR):    -0.000ns
  Clock Uncertainty:      0.035ns  ((TSJ^2 + TIJ^2)^1/2 + DJ) / 2 + PE
    Total System Jitter     (TSJ):    0.071ns
    Total Input Jitter      (TIJ):    0.000ns
    Discrete Jitter          (DJ):    0.000ns
    Phase Error              (PE):    0.000ns

    Location             Delay type                Incr(ns)  Path(ns)    Netlist Resource(s)
  -------------------------------------------------------------------    -------------------
                         (clock service_clk rise edge)
                                                      0.000     0.000 r  
                         input delay                  0.500     0.500    
                                                      0.000     0.500 r  sample_i[14] (IN)
                         net (fo=5, unset)            0.924     1.424    sample_i[14]
    RAMB18_X0Y0          RAMB18E1                                     r  history[5].samples_reg/DIADI[14]
  -------------------------------------------------------------------    -------------------

                         (clock service_clk rise edge)
                                                      0.000     0.000 r  
                                                      0.000     0.000 r  clk (IN)
                         net (fo=2942, unset)         1.727     1.727    clk
    RAMB18_X0Y0          RAMB18E1                                     r  history[5].samples_reg/CLKBWRCLK
                         clock pessimism              0.000     1.727    
                         clock uncertainty            0.035     1.763    
    RAMB18_X0Y0          RAMB18E1 (Hold_ramb18e1_CLKBWRCLK_DIADI[14])
                                                      0.405     2.168    history[5].samples_reg
  -------------------------------------------------------------------
                         required time                         -2.168    
                         arrival time                           1.424    
  -------------------------------------------------------------------
                         slack                                 -0.743    

Slack (VIOLATED) :        -0.743ns  (arrival time - required time)
  Source:                 sample_i[15]
                            (input port clocked by service_clk  {rise@0.000ns fall@2.500ns period=5.000ns})
  Destination:            history[5].samples_reg/DIADI[15]
                            (rising edge-triggered cell RAMB18E1 clocked by service_clk  {rise@0.000ns fall@2.500ns period=5.000ns})
  Path Group:             service_clk
  Path Type:              Hold (Min at Slow Process Corner)
  Requirement:            0.000ns  (service_clk rise@0.000ns - service_clk rise@0.000ns)
  Data Path Delay:        0.924ns  (logic 0.000ns (0.000%)  route 0.924ns (100.000%))
  Logic Levels:           0  
  Input Delay:            0.500ns
  Clock Path Skew:        1.727ns (DCD - SCD - CPR)
    Destination Clock Delay (DCD):    1.727ns
    Source Clock Delay      (SCD):    0.000ns
    Clock Pessimism Removal (CPR):    -0.000ns
  Clock Uncertainty:      0.035ns  ((TSJ^2 + TIJ^2)^1/2 + DJ) / 2 + PE
    Total System Jitter     (TSJ):    0.071ns
    Total Input Jitter      (TIJ):    0.000ns
    Discrete Jitter          (DJ):    0.000ns
    Phase Error              (PE):    0.000ns

    Location             Delay type                Incr(ns)  Path(ns)    Netlist Resource(s)
  -------------------------------------------------------------------    -------------------
                         (clock service_clk rise edge)
                                                      0.000     0.000 r  
                         input delay                  0.500     0.500    
                                                      0.000     0.500 r  sample_i[15] (IN)
                         net (fo=5, unset)            0.924     1.424    sample_i[15]
    RAMB18_X0Y0          RAMB18E1                                     r  history[5].samples_reg/DIADI[15]
  -------------------------------------------------------------------    -------------------

                         (clock service_clk rise edge)
                                                      0.000     0.000 r  
                                                      0.000     0.000 r  clk (IN)
                         net (fo=2942, unset)         1.727     1.727    clk
    RAMB18_X0Y0          RAMB18E1                                     r  history[5].samples_reg/CLKBWRCLK
                         clock pessimism              0.000     1.727    
                         clock uncertainty            0.035     1.763    
    RAMB18_X0Y0          RAMB18E1 (Hold_ramb18e1_CLKBWRCLK_DIADI[15])
                                                      0.405     2.168    history[5].samples_reg
  -------------------------------------------------------------------
                         required time                         -2.168    
                         arrival time                           1.424    
  -------------------------------------------------------------------
                         slack                                 -0.743    

Slack (VIOLATED) :        -0.743ns  (arrival time - required time)
  Source:                 sample_i[1]
                            (input port clocked by service_clk  {rise@0.000ns fall@2.500ns period=5.000ns})
  Destination:            history[5].samples_reg/DIADI[1]
                            (rising edge-triggered cell RAMB18E1 clocked by service_clk  {rise@0.000ns fall@2.500ns period=5.000ns})
  Path Group:             service_clk
  Path Type:              Hold (Min at Slow Process Corner)
  Requirement:            0.000ns  (service_clk rise@0.000ns - service_clk rise@0.000ns)
  Data Path Delay:        0.924ns  (logic 0.000ns (0.000%)  route 0.924ns (100.000%))
  Logic Levels:           0  
  Input Delay:            0.500ns
  Clock Path Skew:        1.727ns (DCD - SCD - CPR)
    Destination Clock Delay (DCD):    1.727ns
    Source Clock Delay      (SCD):    0.000ns
    Clock Pessimism Removal (CPR):    -0.000ns
  Clock Uncertainty:      0.035ns  ((TSJ^2 + TIJ^2)^1/2 + DJ) / 2 + PE
    Total System Jitter     (TSJ):    0.071ns
    Total Input Jitter      (TIJ):    0.000ns
    Discrete Jitter          (DJ):    0.000ns
    Phase Error              (PE):    0.000ns

    Location             Delay type                Incr(ns)  Path(ns)    Netlist Resource(s)
  -------------------------------------------------------------------    -------------------
                         (clock service_clk rise edge)
                                                      0.000     0.000 r  
                         input delay                  0.500     0.500    
                                                      0.000     0.500 r  sample_i[1] (IN)
                         net (fo=5, unset)            0.924     1.424    sample_i[1]
    RAMB18_X0Y0          RAMB18E1                                     r  history[5].samples_reg/DIADI[1]
  -------------------------------------------------------------------    -------------------

                         (clock service_clk rise edge)
                                                      0.000     0.000 r  
                                                      0.000     0.000 r  clk (IN)
                         net (fo=2942, unset)         1.727     1.727    clk
    RAMB18_X0Y0          RAMB18E1                                     r  history[5].samples_reg/CLKBWRCLK
                         clock pessimism              0.000     1.727    
                         clock uncertainty            0.035     1.763    
    RAMB18_X0Y0          RAMB18E1 (Hold_ramb18e1_CLKBWRCLK_DIADI[1])
                                                      0.405     2.168    history[5].samples_reg
  -------------------------------------------------------------------
                         required time                         -2.168    
                         arrival time                           1.424    
  -------------------------------------------------------------------
                         slack                                 -0.743    

Slack (VIOLATED) :        -0.743ns  (arrival time - required time)
  Source:                 sample_i[2]
                            (input port clocked by service_clk  {rise@0.000ns fall@2.500ns period=5.000ns})
  Destination:            history[5].samples_reg/DIADI[2]
                            (rising edge-triggered cell RAMB18E1 clocked by service_clk  {rise@0.000ns fall@2.500ns period=5.000ns})
  Path Group:             service_clk
  Path Type:              Hold (Min at Slow Process Corner)
  Requirement:            0.000ns  (service_clk rise@0.000ns - service_clk rise@0.000ns)
  Data Path Delay:        0.924ns  (logic 0.000ns (0.000%)  route 0.924ns (100.000%))
  Logic Levels:           0  
  Input Delay:            0.500ns
  Clock Path Skew:        1.727ns (DCD - SCD - CPR)
    Destination Clock Delay (DCD):    1.727ns
    Source Clock Delay      (SCD):    0.000ns
    Clock Pessimism Removal (CPR):    -0.000ns
  Clock Uncertainty:      0.035ns  ((TSJ^2 + TIJ^2)^1/2 + DJ) / 2 + PE
    Total System Jitter     (TSJ):    0.071ns
    Total Input Jitter      (TIJ):    0.000ns
    Discrete Jitter          (DJ):    0.000ns
    Phase Error              (PE):    0.000ns

    Location             Delay type                Incr(ns)  Path(ns)    Netlist Resource(s)
  -------------------------------------------------------------------    -------------------
                         (clock service_clk rise edge)
                                                      0.000     0.000 r  
                         input delay                  0.500     0.500    
                                                      0.000     0.500 r  sample_i[2] (IN)
                         net (fo=5, unset)            0.924     1.424    sample_i[2]
    RAMB18_X0Y0          RAMB18E1                                     r  history[5].samples_reg/DIADI[2]
  -------------------------------------------------------------------    -------------------

                         (clock service_clk rise edge)
                                                      0.000     0.000 r  
                                                      0.000     0.000 r  clk (IN)
                         net (fo=2942, unset)         1.727     1.727    clk
    RAMB18_X0Y0          RAMB18E1                                     r  history[5].samples_reg/CLKBWRCLK
                         clock pessimism              0.000     1.727    
                         clock uncertainty            0.035     1.763    
    RAMB18_X0Y0          RAMB18E1 (Hold_ramb18e1_CLKBWRCLK_DIADI[2])
                                                      0.405     2.168    history[5].samples_reg
  -------------------------------------------------------------------
                         required time                         -2.168    
                         arrival time                           1.424    
  -------------------------------------------------------------------
                         slack                                 -0.743    

Slack (VIOLATED) :        -0.743ns  (arrival time - required time)
  Source:                 sample_i[3]
                            (input port clocked by service_clk  {rise@0.000ns fall@2.500ns period=5.000ns})
  Destination:            history[5].samples_reg/DIADI[3]
                            (rising edge-triggered cell RAMB18E1 clocked by service_clk  {rise@0.000ns fall@2.500ns period=5.000ns})
  Path Group:             service_clk
  Path Type:              Hold (Min at Slow Process Corner)
  Requirement:            0.000ns  (service_clk rise@0.000ns - service_clk rise@0.000ns)
  Data Path Delay:        0.924ns  (logic 0.000ns (0.000%)  route 0.924ns (100.000%))
  Logic Levels:           0  
  Input Delay:            0.500ns
  Clock Path Skew:        1.727ns (DCD - SCD - CPR)
    Destination Clock Delay (DCD):    1.727ns
    Source Clock Delay      (SCD):    0.000ns
    Clock Pessimism Removal (CPR):    -0.000ns
  Clock Uncertainty:      0.035ns  ((TSJ^2 + TIJ^2)^1/2 + DJ) / 2 + PE
    Total System Jitter     (TSJ):    0.071ns
    Total Input Jitter      (TIJ):    0.000ns
    Discrete Jitter          (DJ):    0.000ns
    Phase Error              (PE):    0.000ns

    Location             Delay type                Incr(ns)  Path(ns)    Netlist Resource(s)
  -------------------------------------------------------------------    -------------------
                         (clock service_clk rise edge)
                                                      0.000     0.000 r  
                         input delay                  0.500     0.500    
                                                      0.000     0.500 r  sample_i[3] (IN)
                         net (fo=5, unset)            0.924     1.424    sample_i[3]
    RAMB18_X0Y0          RAMB18E1                                     r  history[5].samples_reg/DIADI[3]
  -------------------------------------------------------------------    -------------------

                         (clock service_clk rise edge)
                                                      0.000     0.000 r  
                                                      0.000     0.000 r  clk (IN)
                         net (fo=2942, unset)         1.727     1.727    clk
    RAMB18_X0Y0          RAMB18E1                                     r  history[5].samples_reg/CLKBWRCLK
                         clock pessimism              0.000     1.727    
                         clock uncertainty            0.035     1.763    
    RAMB18_X0Y0          RAMB18E1 (Hold_ramb18e1_CLKBWRCLK_DIADI[3])
                                                      0.405     2.168    history[5].samples_reg
  -------------------------------------------------------------------
                         required time                         -2.168    
                         arrival time                           1.424    
  -------------------------------------------------------------------
                         slack                                 -0.743    





Pulse Width Checks
--------------------------------------------------------------------------------------
Clock Name:         service_clk
Waveform(ns):       { 0.000 2.500 }
Period(ns):         5.000
Sources:            { clk }

Check Type        Corner  Lib Pin             Reference Pin  Required(ns)  Actual(ns)  Slack(ns)  Location      Pin
Min Period        n/a     RAMB18E1/CLKARDCLK  n/a            2.944         5.000       2.056      RAMB18_X0Y2   history[0].samples_reg/CLKARDCLK
Min Period        n/a     RAMB18E1/CLKBWRCLK  n/a            2.944         5.000       2.056      RAMB18_X0Y2   history[0].samples_reg/CLKBWRCLK
Min Period        n/a     RAMB18E1/CLKARDCLK  n/a            2.944         5.000       2.056      RAMB18_X1Y0   history[1].samples_reg/CLKARDCLK
Min Period        n/a     RAMB18E1/CLKBWRCLK  n/a            2.944         5.000       2.056      RAMB18_X1Y0   history[1].samples_reg/CLKBWRCLK
Min Period        n/a     RAMB18E1/CLKARDCLK  n/a            2.944         5.000       2.056      RAMB18_X1Y1   history[2].samples_reg/CLKARDCLK
Min Period        n/a     RAMB18E1/CLKBWRCLK  n/a            2.944         5.000       2.056      RAMB18_X1Y1   history[2].samples_reg/CLKBWRCLK
Min Period        n/a     RAMB18E1/CLKARDCLK  n/a            2.944         5.000       2.056      RAMB18_X0Y3   history[3].samples_reg/CLKARDCLK
Min Period        n/a     RAMB18E1/CLKBWRCLK  n/a            2.944         5.000       2.056      RAMB18_X0Y3   history[3].samples_reg/CLKBWRCLK
Min Period        n/a     RAMB18E1/CLKARDCLK  n/a            2.944         5.000       2.056      RAMB18_X1Y4   history[4].samples_reg/CLKARDCLK
Min Period        n/a     RAMB18E1/CLKBWRCLK  n/a            2.944         5.000       2.056      RAMB18_X1Y4   history[4].samples_reg/CLKBWRCLK
Low Pulse Width   Slow    SRL16E/CLK          n/a            0.980         2.500       1.520      SLICE_X16Y6   mac/mul_first_reg_srl2/CLK
Low Pulse Width   Fast    SRL16E/CLK          n/a            0.980         2.500       1.520      SLICE_X16Y6   mac/mul_first_reg_srl2/CLK
Low Pulse Width   Slow    SRL16E/CLK          n/a            0.980         2.500       1.520      SLICE_X20Y3   mac/mul_last_reg_srl2/CLK
Low Pulse Width   Fast    SRL16E/CLK          n/a            0.980         2.500       1.520      SLICE_X20Y3   mac/mul_last_reg_srl2/CLK
Low Pulse Width   Slow    SRL16E/CLK          n/a            0.980         2.500       1.520      SLICE_X16Y9   mac/tap_tag_reg[0]_srl2/CLK
Low Pulse Width   Fast    SRL16E/CLK          n/a            0.980         2.500       1.520      SLICE_X16Y9   mac/tap_tag_reg[0]_srl2/CLK
Low Pulse Width   Slow    SRL16E/CLK          n/a            0.980         2.500       1.520      SLICE_X24Y11  mac/tap_tag_reg[10]_srl2/CLK
Low Pulse Width   Fast    SRL16E/CLK          n/a            0.980         2.500       1.520      SLICE_X24Y11  mac/tap_tag_reg[10]_srl2/CLK
Low Pulse Width   Slow    SRL16E/CLK          n/a            0.980         2.500       1.520      SLICE_X24Y11  mac/tap_tag_reg[11]_srl2/CLK
Low Pulse Width   Fast    SRL16E/CLK          n/a            0.980         2.500       1.520      SLICE_X24Y11  mac/tap_tag_reg[11]_srl2/CLK
High Pulse Width  Slow    SRL16E/CLK          n/a            0.980         2.500       1.520      SLICE_X16Y6   mac/mul_first_reg_srl2/CLK
High Pulse Width  Fast    SRL16E/CLK          n/a            0.980         2.500       1.520      SLICE_X16Y6   mac/mul_first_reg_srl2/CLK
High Pulse Width  Slow    SRL16E/CLK          n/a            0.980         2.500       1.520      SLICE_X20Y3   mac/mul_last_reg_srl2/CLK
High Pulse Width  Fast    SRL16E/CLK          n/a            0.980         2.500       1.520      SLICE_X20Y3   mac/mul_last_reg_srl2/CLK
High Pulse Width  Slow    SRL16E/CLK          n/a            0.980         2.500       1.520      SLICE_X16Y9   mac/tap_tag_reg[0]_srl2/CLK
High Pulse Width  Fast    SRL16E/CLK          n/a            0.980         2.500       1.520      SLICE_X16Y9   mac/tap_tag_reg[0]_srl2/CLK
High Pulse Width  Slow    SRL16E/CLK          n/a            0.980         2.500       1.520      SLICE_X24Y11  mac/tap_tag_reg[10]_srl2/CLK
High Pulse Width  Fast    SRL16E/CLK          n/a            0.980         2.500       1.520      SLICE_X24Y11  mac/tap_tag_reg[10]_srl2/CLK
High Pulse Width  Slow    SRL16E/CLK          n/a            0.980         2.500       1.520      SLICE_X24Y11  mac/tap_tag_reg[11]_srl2/CLK
High Pulse Width  Fast    SRL16E/CLK          n/a            0.980         2.500       1.520      SLICE_X24Y11  mac/tap_tag_reg[11]_srl2/CLK



