Copyright 1986-2022 Xilinx, Inc. All Rights Reserved.
---------------------------------------------------------------------------------------------------------------------------------------------------------------------------------------------------------------
| Tool Version : Vivado v.2022.2 (lin64) Build 3671981 Fri Oct 14 04:59:54 MDT 2022
| Date         : Thu Sep 10 00:41:45 2026
| Host         : gauss running 64-bit Ubuntu 26.04 LTS
| Command      : report_timing_summary -delay_type min_max -max_paths 10 -file /tmp/starlink-coarse-alternatives.Y3JzOI/direct-coarse/hdl/library/starlink_pss_direct_coarse/build/feeder-ooc/timing_synth.rpt
| Design       : starlink_pss_direct_feeder
| Device       : 7z010-clg400
| Speed File   : -1  PRODUCTION 1.12 2019-11-22
---------------------------------------------------------------------------------------------------------------------------------------------------------------------------------------------------------------

Timing Summary Report

------------------------------------------------------------------------------------------------
| Timer Settings
| --------------
------------------------------------------------------------------------------------------------

  Enable Multi Corner Analysis               :  Yes
  Enable Pessimism Removal                   :  Yes
  Pessimism Removal Resolution               :  Nearest Common Node
  Enable Input Delay Default Clock           :  No
  Enable Preset / Clear Arcs                 :  No
  Disable Flight Delays                      :  No
  Ignore I/O Paths                           :  No
  Timing Early Launch at Borrowing Latches   :  No
  Borrow Time for Max Delay Exceptions       :  Yes
  Merge Timing Exceptions                    :  Yes

  Corner  Analyze    Analyze    
  Name    Max Paths  Min Paths  
  ------  ---------  ---------  
  Slow    Yes        Yes        
  Fast    Yes        Yes        


------------------------------------------------------------------------------------------------
| Report Methodology
| ------------------
------------------------------------------------------------------------------------------------

No report available as report_methodology has not been run prior. Run report_methodology on the current design for the summary of methodology violations.



check_timing report

Table of Contents
-----------------
1. checking no_clock (0)
2. checking constant_clock (0)
3. checking pulse_width_clock (0)
4. checking unconstrained_internal_endpoints (0)
5. checking no_input_delay (0)
6. checking no_output_delay (0)
7. checking multiple_clock (0)
8. checking generated_clocks (0)
9. checking loops (0)
10. checking partial_input_delay (0)
11. checking partial_output_delay (0)
12. checking latch_loops (0)

1. checking no_clock (0)
------------------------
 There are 0 register/latch pins with no clock.


2. checking constant_clock (0)
------------------------------
 There are 0 register/latch pins with constant_clock.


3. checking pulse_width_clock (0)
---------------------------------
 There are 0 register/latch pins which need pulse_width check


4. checking unconstrained_internal_endpoints (0)
------------------------------------------------
 There are 0 pins that are not constrained for maximum delay.

 There are 0 pins that are not constrained for maximum delay due to constant clock.


5. checking no_input_delay (0)
------------------------------
 There are 0 input ports with no input delay specified.

 There are 0 input ports with no input delay but user has a false path constraint.


6. checking no_output_delay (0)
-------------------------------
 There are 0 ports with no output delay specified.

 There are 0 ports with no output delay but user has a false path constraint

 There are 0 ports with no output delay but with a timing clock defined on it or propagating through it


7. checking multiple_clock (0)
------------------------------
 There are 0 register/latch pins with multiple clocks.


8. checking generated_clocks (0)
--------------------------------
 There are 0 generated clocks that are not connected to a clock source.


9. checking loops (0)
---------------------
 There are 0 combinational loops in the design.


10. checking partial_input_delay (0)
------------------------------------
 There are 0 input ports with partial input delay specified.


11. checking partial_output_delay (0)
-------------------------------------
 There are 0 ports with partial output delay specified.


12. checking latch_loops (0)
----------------------------
 There are 0 combinational latch loops in the design through latch input



------------------------------------------------------------------------------------------------
| Design Timing Summary
| ---------------------
------------------------------------------------------------------------------------------------

    WNS(ns)      TNS(ns)  TNS Failing Endpoints  TNS Total Endpoints      WHS(ns)      THS(ns)  THS Failing Endpoints  THS Total Endpoints     WPWS(ns)     TPWS(ns)  TPWS Failing Endpoints  TPWS Total Endpoints  
    -------      -------  ---------------------  -------------------      -------      -------  ---------------------  -------------------     --------     --------  ----------------------  --------------------  
     -2.636    -3474.718                   3599                 7905        0.011        0.000                      0                 7905        1.520        0.000                       0                  2943  


Timing constraints are not met.


------------------------------------------------------------------------------------------------
| Clock Summary
| -------------
------------------------------------------------------------------------------------------------

Clock        Waveform(ns)         Period(ns)      Frequency(MHz)
-----        ------------         ----------      --------------
service_clk  {0.000 2.500}        5.000           200.000         


------------------------------------------------------------------------------------------------
| Intra Clock Table
| -----------------
------------------------------------------------------------------------------------------------

Clock             WNS(ns)      TNS(ns)  TNS Failing Endpoints  TNS Total Endpoints      WHS(ns)      THS(ns)  THS Failing Endpoints  THS Total Endpoints     WPWS(ns)     TPWS(ns)  TPWS Failing Endpoints  TPWS Total Endpoints  
-----             -------      -------  ---------------------  -------------------      -------      -------  ---------------------  -------------------     --------     --------  ----------------------  --------------------  
service_clk        -2.636    -3474.718                   3599                 7905        0.011        0.000                      0                 7905        1.520        0.000                       0                  2943  


------------------------------------------------------------------------------------------------
| Inter Clock Table
| -----------------
------------------------------------------------------------------------------------------------

From Clock    To Clock          WNS(ns)      TNS(ns)  TNS Failing Endpoints  TNS Total Endpoints      WHS(ns)      THS(ns)  THS Failing Endpoints  THS Total Endpoints  
----------    --------          -------      -------  ---------------------  -------------------      -------      -------  ---------------------  -------------------  


------------------------------------------------------------------------------------------------
| Other Path Groups Table
| -----------------------
------------------------------------------------------------------------------------------------

Path Group    From Clock    To Clock          WNS(ns)      TNS(ns)  TNS Failing Endpoints  TNS Total Endpoints      WHS(ns)      THS(ns)  THS Failing Endpoints  THS Total Endpoints  
----------    ----------    --------          -------      -------  ---------------------  -------------------      -------      -------  ---------------------  -------------------  


------------------------------------------------------------------------------------------------
| Timing Details
| --------------
------------------------------------------------------------------------------------------------


---------------------------------------------------------------------------------------------------
From Clock:  service_clk
  To Clock:  service_clk

Setup :         3599  Failing Endpoints,  Worst Slack       -2.636ns,  Total Violation    -3474.718ns
Hold  :            0  Failing Endpoints,  Worst Slack        0.011ns,  Total Violation        0.000ns
PW    :            0  Failing Endpoints,  Worst Slack        1.520ns,  Total Violation        0.000ns
---------------------------------------------------------------------------------------------------


Max Delay Paths
--------------------------------------------------------------------------------------
Slack (VIOLATED) :        -2.636ns  (required time - arrival time)
  Source:                 write_sequence_reg[1]/C
                            (rising edge-triggered cell FDRE clocked by service_clk  {rise@0.000ns fall@2.500ns period=5.000ns})
  Destination:            output_valid
                            (output port clocked by service_clk  {rise@0.000ns fall@2.500ns period=5.000ns})
  Path Group:             service_clk
  Path Type:              Max at Slow Process Corner
  Requirement:            5.000ns  (service_clk rise@5.000ns - service_clk rise@0.000ns)
  Data Path Delay:        6.128ns  (logic 2.201ns (35.917%)  route 3.927ns (64.083%))
  Logic Levels:           7  (CARRY4=3 LUT2=1 LUT3=1 LUT6=2)
  Output Delay:           0.500ns
  Clock Path Skew:        -0.973ns (DCD - SCD + CPR)
    Destination Clock Delay (DCD):    0.000ns = ( 5.000 - 5.000 ) 
    Source Clock Delay      (SCD):    0.973ns
    Clock Pessimism Removal (CPR):    0.000ns
  Clock Uncertainty:      0.035ns  ((TSJ^2 + TIJ^2)^1/2 + DJ) / 2 + PE
    Total System Jitter     (TSJ):    0.071ns
    Total Input Jitter      (TIJ):    0.000ns
    Discrete Jitter          (DJ):    0.000ns
    Phase Error              (PE):    0.000ns

    Location             Delay type                Incr(ns)  Path(ns)    Netlist Resource(s)
  -------------------------------------------------------------------    -------------------
                         (clock service_clk rise edge)
                                                      0.000     0.000 r  
                                                      0.000     0.000 r  clk (IN)
                         net (fo=2942, unset)         0.973     0.973    clk
                         FDRE                                         r  write_sequence_reg[1]/C
  -------------------------------------------------------------------    -------------------
                         FDRE (Prop_fdre_C_Q)         0.340     1.313 r  write_sequence_reg[1]/Q
                         net (fo=4, unplaced)         0.494     1.807    write_sequence_reg_n_0_[1]
                         LUT2 (Prop_lut2_I0_O)        0.295     2.102 r  segment_fence_INST_0_i_23/O
                         net (fo=1, unplaced)         0.000     2.102    segment_fence_INST_0_i_23_n_0
                         CARRY4 (Prop_carry4_S[1]_CO[3])
                                                      0.550     2.652 r  segment_fence_INST_0_i_16/CO[3]
                         net (fo=1, unplaced)         0.000     2.652    segment_fence_INST_0_i_16_n_0
                         CARRY4 (Prop_carry4_CI_CO[3])
                                                      0.114     2.766 r  segment_fence_INST_0_i_7/CO[3]
                         net (fo=1, unplaced)         0.000     2.766    segment_fence_INST_0_i_7_n_0
                         CARRY4 (Prop_carry4_CI_O[1])
                                                      0.348     3.114 f  segment_fence_INST_0_i_6/O[1]
                         net (fo=1, unplaced)         0.997     4.111    mac/pending_span[2]
                         LUT6 (Prop_lut6_I1_O)        0.306     4.417 f  mac/segment_fence_INST_0_i_1/O
                         net (fo=4, unplaced)         0.926     5.343    mac/write_sequence_reg[14]
                         LUT6 (Prop_lut6_I0_O)        0.124     5.467 f  mac/segment_fence_INST_0/O
                         net (fo=62, unplaced)        0.537     6.004    mac/sample_valid_0
                         LUT3 (Prop_lut3_I2_O)        0.124     6.128 r  mac/output_valid_INST_0/O
                         net (fo=0)                   0.973     7.101    output_valid
                                                                      r  output_valid (OUT)
  -------------------------------------------------------------------    -------------------

                         (clock service_clk rise edge)
                                                      5.000     5.000 r  
                         clock pessimism              0.000     5.000    
                         clock uncertainty           -0.035     4.965    
                         output delay                -0.500     4.465    
  -------------------------------------------------------------------
                         required time                          4.465    
                         arrival time                          -7.101    
  -------------------------------------------------------------------
                         slack                                 -2.636    

Slack (VIOLATED) :        -2.065ns  (required time - arrival time)
  Source:                 write_sequence_reg[1]/C
                            (rising edge-triggered cell FDRE clocked by service_clk  {rise@0.000ns fall@2.500ns period=5.000ns})
  Destination:            expiry_now
                            (output port clocked by service_clk  {rise@0.000ns fall@2.500ns period=5.000ns})
  Path Group:             service_clk
  Path Type:              Max at Slow Process Corner
  Requirement:            5.000ns  (service_clk rise@5.000ns - service_clk rise@0.000ns)
  Data Path Delay:        5.557ns  (logic 2.201ns (39.608%)  route 3.356ns (60.392%))
  Logic Levels:           7  (CARRY4=3 LUT2=1 LUT5=1 LUT6=2)
  Output Delay:           0.500ns
  Clock Path Skew:        -0.973ns (DCD - SCD + CPR)
    Destination Clock Delay (DCD):    0.000ns = ( 5.000 - 5.000 ) 
    Source Clock Delay      (SCD):    0.973ns
    Clock Pessimism Removal (CPR):    0.000ns
  Clock Uncertainty:      0.035ns  ((TSJ^2 + TIJ^2)^1/2 + DJ) / 2 + PE
    Total System Jitter     (TSJ):    0.071ns
    Total Input Jitter      (TIJ):    0.000ns
    Discrete Jitter          (DJ):    0.000ns
    Phase Error              (PE):    0.000ns

    Location             Delay type                Incr(ns)  Path(ns)    Netlist Resource(s)
  -------------------------------------------------------------------    -------------------
                         (clock service_clk rise edge)
                                                      0.000     0.000 r  
                                                      0.000     0.000 r  clk (IN)
                         net (fo=2942, unset)         0.973     0.973    clk
                         FDRE                                         r  write_sequence_reg[1]/C
  -------------------------------------------------------------------    -------------------
                         FDRE (Prop_fdre_C_Q)         0.340     1.313 r  write_sequence_reg[1]/Q
                         net (fo=4, unplaced)         0.494     1.807    write_sequence_reg_n_0_[1]
                         LUT2 (Prop_lut2_I0_O)        0.295     2.102 r  segment_fence_INST_0_i_23/O
                         net (fo=1, unplaced)         0.000     2.102    segment_fence_INST_0_i_23_n_0
                         CARRY4 (Prop_carry4_S[1]_CO[3])
                                                      0.550     2.652 r  segment_fence_INST_0_i_16/CO[3]
                         net (fo=1, unplaced)         0.000     2.652    segment_fence_INST_0_i_16_n_0
                         CARRY4 (Prop_carry4_CI_CO[3])
                                                      0.114     2.766 r  segment_fence_INST_0_i_7/CO[3]
                         net (fo=1, unplaced)         0.000     2.766    segment_fence_INST_0_i_7_n_0
                         CARRY4 (Prop_carry4_CI_O[1])
                                                      0.348     3.114 r  segment_fence_INST_0_i_6/O[1]
                         net (fo=1, unplaced)         0.997     4.111    mac/pending_span[2]
                         LUT6 (Prop_lut6_I1_O)        0.306     4.417 r  mac/segment_fence_INST_0_i_1/O
                         net (fo=4, unplaced)         0.473     4.890    mac_n_8
                         LUT6 (Prop_lut6_I5_O)        0.124     5.014 r  expiry_now_INST_0_i_1/O
                         net (fo=1, unplaced)         0.419     5.433    expiry_now_INST_0_i_1_n_0
                         LUT5 (Prop_lut5_I0_O)        0.124     5.557 r  expiry_now_INST_0/O
                         net (fo=1, unset)            0.973     6.530    expiry_now
                                                                      r  expiry_now (OUT)
  -------------------------------------------------------------------    -------------------

                         (clock service_clk rise edge)
                                                      5.000     5.000 r  
                         clock pessimism              0.000     5.000    
                         clock uncertainty           -0.035     4.965    
                         output delay                -0.500     4.465    
  -------------------------------------------------------------------
                         required time                          4.465    
                         arrival time                          -6.530    
  -------------------------------------------------------------------
                         slack                                 -2.065    

Slack (VIOLATED) :        -1.975ns  (required time - arrival time)
  Source:                 write_sequence_reg[1]/C
                            (rising edge-triggered cell FDRE clocked by service_clk  {rise@0.000ns fall@2.500ns period=5.000ns})
  Destination:            segment_fence
                            (output port clocked by service_clk  {rise@0.000ns fall@2.500ns period=5.000ns})
  Path Group:             service_clk
  Path Type:              Max at Slow Process Corner
  Requirement:            5.000ns  (service_clk rise@5.000ns - service_clk rise@0.000ns)
  Data Path Delay:        5.467ns  (logic 2.077ns (37.992%)  route 3.390ns (62.008%))
  Logic Levels:           6  (CARRY4=3 LUT2=1 LUT6=2)
  Output Delay:           0.500ns
  Clock Path Skew:        -0.973ns (DCD - SCD + CPR)
    Destination Clock Delay (DCD):    0.000ns = ( 5.000 - 5.000 ) 
    Source Clock Delay      (SCD):    0.973ns
    Clock Pessimism Removal (CPR):    0.000ns
  Clock Uncertainty:      0.035ns  ((TSJ^2 + TIJ^2)^1/2 + DJ) / 2 + PE
    Total System Jitter     (TSJ):    0.071ns
    Total Input Jitter      (TIJ):    0.000ns
    Discrete Jitter          (DJ):    0.000ns
    Phase Error              (PE):    0.000ns

    Location             Delay type                Incr(ns)  Path(ns)    Netlist Resource(s)
  -------------------------------------------------------------------    -------------------
                         (clock service_clk rise edge)
                                                      0.000     0.000 r  
                                                      0.000     0.000 r  clk (IN)
                         net (fo=2942, unset)         0.973     0.973    clk
                         FDRE                                         r  write_sequence_reg[1]/C
  -------------------------------------------------------------------    -------------------
                         FDRE (Prop_fdre_C_Q)         0.340     1.313 r  write_sequence_reg[1]/Q
                         net (fo=4, unplaced)         0.494     1.807    write_sequence_reg_n_0_[1]
                         LUT2 (Prop_lut2_I0_O)        0.295     2.102 r  segment_fence_INST_0_i_23/O
                         net (fo=1, unplaced)         0.000     2.102    segment_fence_INST_0_i_23_n_0
                         CARRY4 (Prop_carry4_S[1]_CO[3])
                                                      0.550     2.652 r  segment_fence_INST_0_i_16/CO[3]
                         net (fo=1, unplaced)         0.000     2.652    segment_fence_INST_0_i_16_n_0
                         CARRY4 (Prop_carry4_CI_CO[3])
                                                      0.114     2.766 r  segment_fence_INST_0_i_7/CO[3]
                         net (fo=1, unplaced)         0.000     2.766    segment_fence_INST_0_i_7_n_0
                         CARRY4 (Prop_carry4_CI_O[1])
                                                      0.348     3.114 r  segment_fence_INST_0_i_6/O[1]
                         net (fo=1, unplaced)         0.997     4.111    mac/pending_span[2]
                         LUT6 (Prop_lut6_I1_O)        0.306     4.417 r  mac/segment_fence_INST_0_i_1/O
                         net (fo=4, unplaced)         0.926     5.343    mac/write_sequence_reg[14]
                         LUT6 (Prop_lut6_I0_O)        0.124     5.467 r  mac/segment_fence_INST_0/O
                         net (fo=62, unset)           0.973     6.440    segment_fence
                                                                      r  segment_fence (OUT)
  -------------------------------------------------------------------    -------------------

                         (clock service_clk rise edge)
                                                      5.000     5.000 r  
                         clock pessimism              0.000     5.000    
                         clock uncertainty           -0.035     4.965    
                         output delay                -0.500     4.465    
  -------------------------------------------------------------------
                         required time                          4.465    
                         arrival time                          -6.440    
  -------------------------------------------------------------------
                         slack                                 -1.975    

Slack (VIOLATED) :        -1.898ns  (required time - arrival time)
  Source:                 write_sequence_reg[1]/C
                            (rising edge-triggered cell FDRE clocked by service_clk  {rise@0.000ns fall@2.500ns period=5.000ns})
  Destination:            coefficient_read_reg[101]/R
                            (rising edge-triggered cell FDRE clocked by service_clk  {rise@0.000ns fall@2.500ns period=5.000ns})
  Path Group:             service_clk
  Path Type:              Setup (Max at Slow Process Corner)
  Requirement:            5.000ns  (service_clk rise@5.000ns - service_clk rise@0.000ns)
  Data Path Delay:        6.288ns  (logic 2.307ns (36.689%)  route 3.981ns (63.311%))
  Logic Levels:           8  (CARRY4=3 LUT2=2 LUT3=1 LUT6=2)
  Clock Path Skew:        -0.049ns (DCD - SCD + CPR)
    Destination Clock Delay (DCD):    0.924ns = ( 5.924 - 5.000 ) 
    Source Clock Delay      (SCD):    0.973ns
    Clock Pessimism Removal (CPR):    0.000ns
  Clock Uncertainty:      0.035ns  ((TSJ^2 + TIJ^2)^1/2 + DJ) / 2 + PE
    Total System Jitter     (TSJ):    0.071ns
    Total Input Jitter      (TIJ):    0.000ns
    Discrete Jitter          (DJ):    0.000ns
    Phase Error              (PE):    0.000ns

    Location             Delay type                Incr(ns)  Path(ns)    Netlist Resource(s)
  -------------------------------------------------------------------    -------------------
                         (clock service_clk rise edge)
                                                      0.000     0.000 r  
                                                      0.000     0.000 r  clk (IN)
                         net (fo=2942, unset)         0.973     0.973    clk
                         FDRE                                         r  write_sequence_reg[1]/C
  -------------------------------------------------------------------    -------------------
                         FDRE (Prop_fdre_C_Q)         0.340     1.313 r  write_sequence_reg[1]/Q
                         net (fo=4, unplaced)         0.494     1.807    write_sequence_reg_n_0_[1]
                         LUT2 (Prop_lut2_I0_O)        0.295     2.102 r  segment_fence_INST_0_i_23/O
                         net (fo=1, unplaced)         0.000     2.102    segment_fence_INST_0_i_23_n_0
                         CARRY4 (Prop_carry4_S[1]_CO[3])
                                                      0.550     2.652 r  segment_fence_INST_0_i_16/CO[3]
                         net (fo=1, unplaced)         0.000     2.652    segment_fence_INST_0_i_16_n_0
                         CARRY4 (Prop_carry4_CI_CO[3])
                                                      0.114     2.766 r  segment_fence_INST_0_i_7/CO[3]
                         net (fo=1, unplaced)         0.000     2.766    segment_fence_INST_0_i_7_n_0
                         CARRY4 (Prop_carry4_CI_O[3])
                                                      0.329     3.095 f  segment_fence_INST_0_i_6/O[3]
                         net (fo=3, unplaced)         0.618     3.713    mac/pending_span[4]
                         LUT3 (Prop_lut3_I1_O)        0.307     4.020 r  mac/segment_fence_INST_0_i_2/O
                         net (fo=2, unplaced)         0.913     4.933    mac/segment_fence_INST_0_i_2_n_0
                         LUT6 (Prop_lut6_I3_O)        0.124     5.057 f  mac/op_valid_i_1/O
                         net (fo=50, unplaced)        0.531     5.588    mac/SR[0]
                         LUT6 (Prop_lut6_I5_O)        0.124     5.712 r  mac/history[0].samples_reg_i_1/O
                         net (fo=216, unplaced)       0.568     6.280    mac/read_enable
                         LUT2 (Prop_lut2_I1_O)        0.124     6.404 r  mac/coefficient_read[167]_i_1/O
                         net (fo=47, unplaced)        0.857     7.261    mac_n_2
                         FDRE                                         r  coefficient_read_reg[101]/R
  -------------------------------------------------------------------    -------------------

                         (clock service_clk rise edge)
                                                      5.000     5.000 r  
                                                      0.000     5.000 r  clk (IN)
                         net (fo=2942, unset)         0.924     5.924    clk
                         FDRE                                         r  coefficient_read_reg[101]/C
                         clock pessimism              0.000     5.924    
                         clock uncertainty           -0.035     5.889    
                         FDRE (Setup_fdre_C_R)       -0.526     5.363    coefficient_read_reg[101]
  -------------------------------------------------------------------
                         required time                          5.363    
                         arrival time                          -7.261    
  -------------------------------------------------------------------
                         slack                                 -1.898    

Slack (VIOLATED) :        -1.898ns  (required time - arrival time)
  Source:                 write_sequence_reg[1]/C
                            (rising edge-triggered cell FDRE clocked by service_clk  {rise@0.000ns fall@2.500ns period=5.000ns})
  Destination:            coefficient_read_reg[105]/R
                            (rising edge-triggered cell FDRE clocked by service_clk  {rise@0.000ns fall@2.500ns period=5.000ns})
  Path Group:             service_clk
  Path Type:              Setup (Max at Slow Process Corner)
  Requirement:            5.000ns  (service_clk rise@5.000ns - service_clk rise@0.000ns)
  Data Path Delay:        6.288ns  (logic 2.307ns (36.689%)  route 3.981ns (63.311%))
  Logic Levels:           8  (CARRY4=3 LUT2=2 LUT3=1 LUT6=2)
  Clock Path Skew:        -0.049ns (DCD - SCD + CPR)
    Destination Clock Delay (DCD):    0.924ns = ( 5.924 - 5.000 ) 
    Source Clock Delay      (SCD):    0.973ns
    Clock Pessimism Removal (CPR):    0.000ns
  Clock Uncertainty:      0.035ns  ((TSJ^2 + TIJ^2)^1/2 + DJ) / 2 + PE
    Total System Jitter     (TSJ):    0.071ns
    Total Input Jitter      (TIJ):    0.000ns
    Discrete Jitter          (DJ):    0.000ns
    Phase Error              (PE):    0.000ns

    Location             Delay type                Incr(ns)  Path(ns)    Netlist Resource(s)
  -------------------------------------------------------------------    -------------------
                         (clock service_clk rise edge)
                                                      0.000     0.000 r  
                                                      0.000     0.000 r  clk (IN)
                         net (fo=2942, unset)         0.973     0.973    clk
                         FDRE                                         r  write_sequence_reg[1]/C
  -------------------------------------------------------------------    -------------------
                         FDRE (Prop_fdre_C_Q)         0.340     1.313 r  write_sequence_reg[1]/Q
                         net (fo=4, unplaced)         0.494     1.807    write_sequence_reg_n_0_[1]
                         LUT2 (Prop_lut2_I0_O)        0.295     2.102 r  segment_fence_INST_0_i_23/O
                         net (fo=1, unplaced)         0.000     2.102    segment_fence_INST_0_i_23_n_0
                         CARRY4 (Prop_carry4_S[1]_CO[3])
                                                      0.550     2.652 r  segment_fence_INST_0_i_16/CO[3]
                         net (fo=1, unplaced)         0.000     2.652    segment_fence_INST_0_i_16_n_0
                         CARRY4 (Prop_carry4_CI_CO[3])
                                                      0.114     2.766 r  segment_fence_INST_0_i_7/CO[3]
                         net (fo=1, unplaced)         0.000     2.766    segment_fence_INST_0_i_7_n_0
                         CARRY4 (Prop_carry4_CI_O[3])
                                                      0.329     3.095 f  segment_fence_INST_0_i_6/O[3]
                         net (fo=3, unplaced)         0.618     3.713    mac/pending_span[4]
                         LUT3 (Prop_lut3_I1_O)        0.307     4.020 r  mac/segment_fence_INST_0_i_2/O
                         net (fo=2, unplaced)         0.913     4.933    mac/segment_fence_INST_0_i_2_n_0
                         LUT6 (Prop_lut6_I3_O)        0.124     5.057 f  mac/op_valid_i_1/O
                         net (fo=50, unplaced)        0.531     5.588    mac/SR[0]
                         LUT6 (Prop_lut6_I5_O)        0.124     5.712 r  mac/history[0].samples_reg_i_1/O
                         net (fo=216, unplaced)       0.568     6.280    mac/read_enable
                         LUT2 (Prop_lut2_I1_O)        0.124     6.404 r  mac/coefficient_read[167]_i_1/O
                         net (fo=47, unplaced)        0.857     7.261    mac_n_2
                         FDRE                                         r  coefficient_read_reg[105]/R
  -------------------------------------------------------------------    -------------------

                         (clock service_clk rise edge)
                                                      5.000     5.000 r  
                                                      0.000     5.000 r  clk (IN)
                         net (fo=2942, unset)         0.924     5.924    clk
                         FDRE                                         r  coefficient_read_reg[105]/C
                         clock pessimism              0.000     5.924    
                         clock uncertainty           -0.035     5.889    
                         FDRE (Setup_fdre_C_R)       -0.526     5.363    coefficient_read_reg[105]
  -------------------------------------------------------------------
                         required time                          5.363    
                         arrival time                          -7.261    
  -------------------------------------------------------------------
                         slack                                 -1.898    

Slack (VIOLATED) :        -1.898ns  (required time - arrival time)
  Source:                 write_sequence_reg[1]/C
                            (rising edge-triggered cell FDRE clocked by service_clk  {rise@0.000ns fall@2.500ns period=5.000ns})
  Destination:            coefficient_read_reg[106]/R
                            (rising edge-triggered cell FDRE clocked by service_clk  {rise@0.000ns fall@2.500ns period=5.000ns})
  Path Group:             service_clk
  Path Type:              Setup (Max at Slow Process Corner)
  Requirement:            5.000ns  (service_clk rise@5.000ns - service_clk rise@0.000ns)
  Data Path Delay:        6.288ns  (logic 2.307ns (36.689%)  route 3.981ns (63.311%))
  Logic Levels:           8  (CARRY4=3 LUT2=2 LUT3=1 LUT6=2)
  Clock Path Skew:        -0.049ns (DCD - SCD + CPR)
    Destination Clock Delay (DCD):    0.924ns = ( 5.924 - 5.000 ) 
    Source Clock Delay      (SCD):    0.973ns
    Clock Pessimism Removal (CPR):    0.000ns
  Clock Uncertainty:      0.035ns  ((TSJ^2 + TIJ^2)^1/2 + DJ) / 2 + PE
    Total System Jitter     (TSJ):    0.071ns
    Total Input Jitter      (TIJ):    0.000ns
    Discrete Jitter          (DJ):    0.000ns
    Phase Error              (PE):    0.000ns

    Location             Delay type                Incr(ns)  Path(ns)    Netlist Resource(s)
  -------------------------------------------------------------------    -------------------
                         (clock service_clk rise edge)
                                                      0.000     0.000 r  
                                                      0.000     0.000 r  clk (IN)
                         net (fo=2942, unset)         0.973     0.973    clk
                         FDRE                                         r  write_sequence_reg[1]/C
  -------------------------------------------------------------------    -------------------
                         FDRE (Prop_fdre_C_Q)         0.340     1.313 r  write_sequence_reg[1]/Q
                         net (fo=4, unplaced)         0.494     1.807    write_sequence_reg_n_0_[1]
                         LUT2 (Prop_lut2_I0_O)        0.295     2.102 r  segment_fence_INST_0_i_23/O
                         net (fo=1, unplaced)         0.000     2.102    segment_fence_INST_0_i_23_n_0
                         CARRY4 (Prop_carry4_S[1]_CO[3])
                                                      0.550     2.652 r  segment_fence_INST_0_i_16/CO[3]
                         net (fo=1, unplaced)         0.000     2.652    segment_fence_INST_0_i_16_n_0
                         CARRY4 (Prop_carry4_CI_CO[3])
                                                      0.114     2.766 r  segment_fence_INST_0_i_7/CO[3]
                         net (fo=1, unplaced)         0.000     2.766    segment_fence_INST_0_i_7_n_0
                         CARRY4 (Prop_carry4_CI_O[3])
                                                      0.329     3.095 f  segment_fence_INST_0_i_6/O[3]
                         net (fo=3, unplaced)         0.618     3.713    mac/pending_span[4]
                         LUT3 (Prop_lut3_I1_O)        0.307     4.020 r  mac/segment_fence_INST_0_i_2/O
                         net (fo=2, unplaced)         0.913     4.933    mac/segment_fence_INST_0_i_2_n_0
                         LUT6 (Prop_lut6_I3_O)        0.124     5.057 f  mac/op_valid_i_1/O
                         net (fo=50, unplaced)        0.531     5.588    mac/SR[0]
                         LUT6 (Prop_lut6_I5_O)        0.124     5.712 r  mac/history[0].samples_reg_i_1/O
                         net (fo=216, unplaced)       0.568     6.280    mac/read_enable
                         LUT2 (Prop_lut2_I1_O)        0.124     6.404 r  mac/coefficient_read[167]_i_1/O
                         net (fo=47, unplaced)        0.857     7.261    mac_n_2
                         FDRE                                         r  coefficient_read_reg[106]/R
  -------------------------------------------------------------------    -------------------

                         (clock service_clk rise edge)
                                                      5.000     5.000 r  
                                                      0.000     5.000 r  clk (IN)
                         net (fo=2942, unset)         0.924     5.924    clk
                         FDRE                                         r  coefficient_read_reg[106]/C
                         clock pessimism              0.000     5.924    
                         clock uncertainty           -0.035     5.889    
                         FDRE (Setup_fdre_C_R)       -0.526     5.363    coefficient_read_reg[106]
  -------------------------------------------------------------------
                         required time                          5.363    
                         arrival time                          -7.261    
  -------------------------------------------------------------------
                         slack                                 -1.898    

Slack (VIOLATED) :        -1.898ns  (required time - arrival time)
  Source:                 write_sequence_reg[1]/C
                            (rising edge-triggered cell FDRE clocked by service_clk  {rise@0.000ns fall@2.500ns period=5.000ns})
  Destination:            coefficient_read_reg[115]/R
                            (rising edge-triggered cell FDRE clocked by service_clk  {rise@0.000ns fall@2.500ns period=5.000ns})
  Path Group:             service_clk
  Path Type:              Setup (Max at Slow Process Corner)
  Requirement:            5.000ns  (service_clk rise@5.000ns - service_clk rise@0.000ns)
  Data Path Delay:        6.288ns  (logic 2.307ns (36.689%)  route 3.981ns (63.311%))
  Logic Levels:           8  (CARRY4=3 LUT2=2 LUT3=1 LUT6=2)
  Clock Path Skew:        -0.049ns (DCD - SCD + CPR)
    Destination Clock Delay (DCD):    0.924ns = ( 5.924 - 5.000 ) 
    Source Clock Delay      (SCD):    0.973ns
    Clock Pessimism Removal (CPR):    0.000ns
  Clock Uncertainty:      0.035ns  ((TSJ^2 + TIJ^2)^1/2 + DJ) / 2 + PE
    Total System Jitter     (TSJ):    0.071ns
    Total Input Jitter      (TIJ):    0.000ns
    Discrete Jitter          (DJ):    0.000ns
    Phase Error              (PE):    0.000ns

    Location             Delay type                Incr(ns)  Path(ns)    Netlist Resource(s)
  -------------------------------------------------------------------    -------------------
                         (clock service_clk rise edge)
                                                      0.000     0.000 r  
                                                      0.000     0.000 r  clk (IN)
                         net (fo=2942, unset)         0.973     0.973    clk
                         FDRE                                         r  write_sequence_reg[1]/C
  -------------------------------------------------------------------    -------------------
                         FDRE (Prop_fdre_C_Q)         0.340     1.313 r  write_sequence_reg[1]/Q
                         net (fo=4, unplaced)         0.494     1.807    write_sequence_reg_n_0_[1]
                         LUT2 (Prop_lut2_I0_O)        0.295     2.102 r  segment_fence_INST_0_i_23/O
                         net (fo=1, unplaced)         0.000     2.102    segment_fence_INST_0_i_23_n_0
                         CARRY4 (Prop_carry4_S[1]_CO[3])
                                                      0.550     2.652 r  segment_fence_INST_0_i_16/CO[3]
                         net (fo=1, unplaced)         0.000     2.652    segment_fence_INST_0_i_16_n_0
                         CARRY4 (Prop_carry4_CI_CO[3])
                                                      0.114     2.766 r  segment_fence_INST_0_i_7/CO[3]
                         net (fo=1, unplaced)         0.000     2.766    segment_fence_INST_0_i_7_n_0
                         CARRY4 (Prop_carry4_CI_O[3])
                                                      0.329     3.095 f  segment_fence_INST_0_i_6/O[3]
                         net (fo=3, unplaced)         0.618     3.713    mac/pending_span[4]
                         LUT3 (Prop_lut3_I1_O)        0.307     4.020 r  mac/segment_fence_INST_0_i_2/O
                         net (fo=2, unplaced)         0.913     4.933    mac/segment_fence_INST_0_i_2_n_0
                         LUT6 (Prop_lut6_I3_O)        0.124     5.057 f  mac/op_valid_i_1/O
                         net (fo=50, unplaced)        0.531     5.588    mac/SR[0]
                         LUT6 (Prop_lut6_I5_O)        0.124     5.712 r  mac/history[0].samples_reg_i_1/O
                         net (fo=216, unplaced)       0.568     6.280    mac/read_enable
                         LUT2 (Prop_lut2_I1_O)        0.124     6.404 r  mac/coefficient_read[167]_i_1/O
                         net (fo=47, unplaced)        0.857     7.261    mac_n_2
                         FDRE                                         r  coefficient_read_reg[115]/R
  -------------------------------------------------------------------    -------------------

                         (clock service_clk rise edge)
                                                      5.000     5.000 r  
                                                      0.000     5.000 r  clk (IN)
                         net (fo=2942, unset)         0.924     5.924    clk
                         FDRE                                         r  coefficient_read_reg[115]/C
                         clock pessimism              0.000     5.924    
                         clock uncertainty           -0.035     5.889    
                         FDRE (Setup_fdre_C_R)       -0.526     5.363    coefficient_read_reg[115]
  -------------------------------------------------------------------
                         required time                          5.363    
                         arrival time                          -7.261    
  -------------------------------------------------------------------
                         slack                                 -1.898    

Slack (VIOLATED) :        -1.898ns  (required time - arrival time)
  Source:                 write_sequence_reg[1]/C
                            (rising edge-triggered cell FDRE clocked by service_clk  {rise@0.000ns fall@2.500ns period=5.000ns})
  Destination:            coefficient_read_reg[117]/R
                            (rising edge-triggered cell FDRE clocked by service_clk  {rise@0.000ns fall@2.500ns period=5.000ns})
  Path Group:             service_clk
  Path Type:              Setup (Max at Slow Process Corner)
  Requirement:            5.000ns  (service_clk rise@5.000ns - service_clk rise@0.000ns)
  Data Path Delay:        6.288ns  (logic 2.307ns (36.689%)  route 3.981ns (63.311%))
  Logic Levels:           8  (CARRY4=3 LUT2=2 LUT3=1 LUT6=2)
  Clock Path Skew:        -0.049ns (DCD - SCD + CPR)
    Destination Clock Delay (DCD):    0.924ns = ( 5.924 - 5.000 ) 
    Source Clock Delay      (SCD):    0.973ns
    Clock Pessimism Removal (CPR):    0.000ns
  Clock Uncertainty:      0.035ns  ((TSJ^2 + TIJ^2)^1/2 + DJ) / 2 + PE
    Total System Jitter     (TSJ):    0.071ns
    Total Input Jitter      (TIJ):    0.000ns
    Discrete Jitter          (DJ):    0.000ns
    Phase Error              (PE):    0.000ns

    Location             Delay type                Incr(ns)  Path(ns)    Netlist Resource(s)
  -------------------------------------------------------------------    -------------------
                         (clock service_clk rise edge)
                                                      0.000     0.000 r  
                                                      0.000     0.000 r  clk (IN)
                         net (fo=2942, unset)         0.973     0.973    clk
                         FDRE                                         r  write_sequence_reg[1]/C
  -------------------------------------------------------------------    -------------------
                         FDRE (Prop_fdre_C_Q)         0.340     1.313 r  write_sequence_reg[1]/Q
                         net (fo=4, unplaced)         0.494     1.807    write_sequence_reg_n_0_[1]
                         LUT2 (Prop_lut2_I0_O)        0.295     2.102 r  segment_fence_INST_0_i_23/O
                         net (fo=1, unplaced)         0.000     2.102    segment_fence_INST_0_i_23_n_0
                         CARRY4 (Prop_carry4_S[1]_CO[3])
                                                      0.550     2.652 r  segment_fence_INST_0_i_16/CO[3]
                         net (fo=1, unplaced)         0.000     2.652    segment_fence_INST_0_i_16_n_0
                         CARRY4 (Prop_carry4_CI_CO[3])
                                                      0.114     2.766 r  segment_fence_INST_0_i_7/CO[3]
                         net (fo=1, unplaced)         0.000     2.766    segment_fence_INST_0_i_7_n_0
                         CARRY4 (Prop_carry4_CI_O[3])
                                                      0.329     3.095 f  segment_fence_INST_0_i_6/O[3]
                         net (fo=3, unplaced)         0.618     3.713    mac/pending_span[4]
                         LUT3 (Prop_lut3_I1_O)        0.307     4.020 r  mac/segment_fence_INST_0_i_2/O
                         net (fo=2, unplaced)         0.913     4.933    mac/segment_fence_INST_0_i_2_n_0
                         LUT6 (Prop_lut6_I3_O)        0.124     5.057 f  mac/op_valid_i_1/O
                         net (fo=50, unplaced)        0.531     5.588    mac/SR[0]
                         LUT6 (Prop_lut6_I5_O)        0.124     5.712 r  mac/history[0].samples_reg_i_1/O
                         net (fo=216, unplaced)       0.568     6.280    mac/read_enable
                         LUT2 (Prop_lut2_I1_O)        0.124     6.404 r  mac/coefficient_read[167]_i_1/O
                         net (fo=47, unplaced)        0.857     7.261    mac_n_2
                         FDRE                                         r  coefficient_read_reg[117]/R
  -------------------------------------------------------------------    -------------------

                         (clock service_clk rise edge)
                                                      5.000     5.000 r  
                                                      0.000     5.000 r  clk (IN)
                         net (fo=2942, unset)         0.924     5.924    clk
                         FDRE                                         r  coefficient_read_reg[117]/C
                         clock pessimism              0.000     5.924    
                         clock uncertainty           -0.035     5.889    
                         FDRE (Setup_fdre_C_R)       -0.526     5.363    coefficient_read_reg[117]
  -------------------------------------------------------------------
                         required time                          5.363    
                         arrival time                          -7.261    
  -------------------------------------------------------------------
                         slack                                 -1.898    

Slack (VIOLATED) :        -1.898ns  (required time - arrival time)
  Source:                 write_sequence_reg[1]/C
                            (rising edge-triggered cell FDRE clocked by service_clk  {rise@0.000ns fall@2.500ns period=5.000ns})
  Destination:            coefficient_read_reg[120]/R
                            (rising edge-triggered cell FDRE clocked by service_clk  {rise@0.000ns fall@2.500ns period=5.000ns})
  Path Group:             service_clk
  Path Type:              Setup (Max at Slow Process Corner)
  Requirement:            5.000ns  (service_clk rise@5.000ns - service_clk rise@0.000ns)
  Data Path Delay:        6.288ns  (logic 2.307ns (36.689%)  route 3.981ns (63.311%))
  Logic Levels:           8  (CARRY4=3 LUT2=2 LUT3=1 LUT6=2)
  Clock Path Skew:        -0.049ns (DCD - SCD + CPR)
    Destination Clock Delay (DCD):    0.924ns = ( 5.924 - 5.000 ) 
    Source Clock Delay      (SCD):    0.973ns
    Clock Pessimism Removal (CPR):    0.000ns
  Clock Uncertainty:      0.035ns  ((TSJ^2 + TIJ^2)^1/2 + DJ) / 2 + PE
    Total System Jitter     (TSJ):    0.071ns
    Total Input Jitter      (TIJ):    0.000ns
    Discrete Jitter          (DJ):    0.000ns
    Phase Error              (PE):    0.000ns

    Location             Delay type                Incr(ns)  Path(ns)    Netlist Resource(s)
  -------------------------------------------------------------------    -------------------
                         (clock service_clk rise edge)
                                                      0.000     0.000 r  
                                                      0.000     0.000 r  clk (IN)
                         net (fo=2942, unset)         0.973     0.973    clk
                         FDRE                                         r  write_sequence_reg[1]/C
  -------------------------------------------------------------------    -------------------
                         FDRE (Prop_fdre_C_Q)         0.340     1.313 r  write_sequence_reg[1]/Q
                         net (fo=4, unplaced)         0.494     1.807    write_sequence_reg_n_0_[1]
                         LUT2 (Prop_lut2_I0_O)        0.295     2.102 r  segment_fence_INST_0_i_23/O
                         net (fo=1, unplaced)         0.000     2.102    segment_fence_INST_0_i_23_n_0
                         CARRY4 (Prop_carry4_S[1]_CO[3])
                                                      0.550     2.652 r  segment_fence_INST_0_i_16/CO[3]
                         net (fo=1, unplaced)         0.000     2.652    segment_fence_INST_0_i_16_n_0
                         CARRY4 (Prop_carry4_CI_CO[3])
                                                      0.114     2.766 r  segment_fence_INST_0_i_7/CO[3]
                         net (fo=1, unplaced)         0.000     2.766    segment_fence_INST_0_i_7_n_0
                         CARRY4 (Prop_carry4_CI_O[3])
                                                      0.329     3.095 f  segment_fence_INST_0_i_6/O[3]
                         net (fo=3, unplaced)         0.618     3.713    mac/pending_span[4]
                         LUT3 (Prop_lut3_I1_O)        0.307     4.020 r  mac/segment_fence_INST_0_i_2/O
                         net (fo=2, unplaced)         0.913     4.933    mac/segment_fence_INST_0_i_2_n_0
                         LUT6 (Prop_lut6_I3_O)        0.124     5.057 f  mac/op_valid_i_1/O
                         net (fo=50, unplaced)        0.531     5.588    mac/SR[0]
                         LUT6 (Prop_lut6_I5_O)        0.124     5.712 r  mac/history[0].samples_reg_i_1/O
                         net (fo=216, unplaced)       0.568     6.280    mac/read_enable
                         LUT2 (Prop_lut2_I1_O)        0.124     6.404 r  mac/coefficient_read[167]_i_1/O
                         net (fo=47, unplaced)        0.857     7.261    mac_n_2
                         FDRE                                         r  coefficient_read_reg[120]/R
  -------------------------------------------------------------------    -------------------

                         (clock service_clk rise edge)
                                                      5.000     5.000 r  
                                                      0.000     5.000 r  clk (IN)
                         net (fo=2942, unset)         0.924     5.924    clk
                         FDRE                                         r  coefficient_read_reg[120]/C
                         clock pessimism              0.000     5.924    
                         clock uncertainty           -0.035     5.889    
                         FDRE (Setup_fdre_C_R)       -0.526     5.363    coefficient_read_reg[120]
  -------------------------------------------------------------------
                         required time                          5.363    
                         arrival time                          -7.261    
  -------------------------------------------------------------------
                         slack                                 -1.898    

Slack (VIOLATED) :        -1.898ns  (required time - arrival time)
  Source:                 write_sequence_reg[1]/C
                            (rising edge-triggered cell FDRE clocked by service_clk  {rise@0.000ns fall@2.500ns period=5.000ns})
  Destination:            coefficient_read_reg[123]/R
                            (rising edge-triggered cell FDRE clocked by service_clk  {rise@0.000ns fall@2.500ns period=5.000ns})
  Path Group:             service_clk
  Path Type:              Setup (Max at Slow Process Corner)
  Requirement:            5.000ns  (service_clk rise@5.000ns - service_clk rise@0.000ns)
  Data Path Delay:        6.288ns  (logic 2.307ns (36.689%)  route 3.981ns (63.311%))
  Logic Levels:           8  (CARRY4=3 LUT2=2 LUT3=1 LUT6=2)
  Clock Path Skew:        -0.049ns (DCD - SCD + CPR)
    Destination Clock Delay (DCD):    0.924ns = ( 5.924 - 5.000 ) 
    Source Clock Delay      (SCD):    0.973ns
    Clock Pessimism Removal (CPR):    0.000ns
  Clock Uncertainty:      0.035ns  ((TSJ^2 + TIJ^2)^1/2 + DJ) / 2 + PE
    Total System Jitter     (TSJ):    0.071ns
    Total Input Jitter      (TIJ):    0.000ns
    Discrete Jitter          (DJ):    0.000ns
    Phase Error              (PE):    0.000ns

    Location             Delay type                Incr(ns)  Path(ns)    Netlist Resource(s)
  -------------------------------------------------------------------    -------------------
                         (clock service_clk rise edge)
                                                      0.000     0.000 r  
                                                      0.000     0.000 r  clk (IN)
                         net (fo=2942, unset)         0.973     0.973    clk
                         FDRE                                         r  write_sequence_reg[1]/C
  -------------------------------------------------------------------    -------------------
                         FDRE (Prop_fdre_C_Q)         0.340     1.313 r  write_sequence_reg[1]/Q
                         net (fo=4, unplaced)         0.494     1.807    write_sequence_reg_n_0_[1]
                         LUT2 (Prop_lut2_I0_O)        0.295     2.102 r  segment_fence_INST_0_i_23/O
                         net (fo=1, unplaced)         0.000     2.102    segment_fence_INST_0_i_23_n_0
                         CARRY4 (Prop_carry4_S[1]_CO[3])
                                                      0.550     2.652 r  segment_fence_INST_0_i_16/CO[3]
                         net (fo=1, unplaced)         0.000     2.652    segment_fence_INST_0_i_16_n_0
                         CARRY4 (Prop_carry4_CI_CO[3])
                                                      0.114     2.766 r  segment_fence_INST_0_i_7/CO[3]
                         net (fo=1, unplaced)         0.000     2.766    segment_fence_INST_0_i_7_n_0
                         CARRY4 (Prop_carry4_CI_O[3])
                                                      0.329     3.095 f  segment_fence_INST_0_i_6/O[3]
                         net (fo=3, unplaced)         0.618     3.713    mac/pending_span[4]
                         LUT3 (Prop_lut3_I1_O)        0.307     4.020 r  mac/segment_fence_INST_0_i_2/O
                         net (fo=2, unplaced)         0.913     4.933    mac/segment_fence_INST_0_i_2_n_0
                         LUT6 (Prop_lut6_I3_O)        0.124     5.057 f  mac/op_valid_i_1/O
                         net (fo=50, unplaced)        0.531     5.588    mac/SR[0]
                         LUT6 (Prop_lut6_I5_O)        0.124     5.712 r  mac/history[0].samples_reg_i_1/O
                         net (fo=216, unplaced)       0.568     6.280    mac/read_enable
                         LUT2 (Prop_lut2_I1_O)        0.124     6.404 r  mac/coefficient_read[167]_i_1/O
                         net (fo=47, unplaced)        0.857     7.261    mac_n_2
                         FDRE                                         r  coefficient_read_reg[123]/R
  -------------------------------------------------------------------    -------------------

                         (clock service_clk rise edge)
                                                      5.000     5.000 r  
                                                      0.000     5.000 r  clk (IN)
                         net (fo=2942, unset)         0.924     5.924    clk
                         FDRE                                         r  coefficient_read_reg[123]/C
                         clock pessimism              0.000     5.924    
                         clock uncertainty           -0.035     5.889    
                         FDRE (Setup_fdre_C_R)       -0.526     5.363    coefficient_read_reg[123]
  -------------------------------------------------------------------
                         required time                          5.363    
                         arrival time                          -7.261    
  -------------------------------------------------------------------
                         slack                                 -1.898    





Min Delay Paths
--------------------------------------------------------------------------------------
Slack (MET) :             0.011ns  (arrival time - required time)
  Source:                 sample_i[0]
                            (input port clocked by service_clk  {rise@0.000ns fall@2.500ns period=5.000ns})
  Destination:            history[0].samples_reg/DIADI[0]
                            (rising edge-triggered cell RAMB18E1 clocked by service_clk  {rise@0.000ns fall@2.500ns period=5.000ns})
  Path Group:             service_clk
  Path Type:              Hold (Min at Slow Process Corner)
  Requirement:            0.000ns  (service_clk rise@0.000ns - service_clk rise@0.000ns)
  Data Path Delay:        0.924ns  (logic 0.000ns (0.000%)  route 0.924ns (100.000%))
  Logic Levels:           0  
  Input Delay:            0.500ns
  Clock Path Skew:        0.973ns (DCD - SCD - CPR)
    Destination Clock Delay (DCD):    0.973ns
    Source Clock Delay      (SCD):    0.000ns
    Clock Pessimism Removal (CPR):    -0.000ns
  Clock Uncertainty:      0.035ns  ((TSJ^2 + TIJ^2)^1/2 + DJ) / 2 + PE
    Total System Jitter     (TSJ):    0.071ns
    Total Input Jitter      (TIJ):    0.000ns
    Discrete Jitter          (DJ):    0.000ns
    Phase Error              (PE):    0.000ns

    Location             Delay type                Incr(ns)  Path(ns)    Netlist Resource(s)
  -------------------------------------------------------------------    -------------------
                         (clock service_clk rise edge)
                                                      0.000     0.000 r  
                         input delay                  0.500     0.500    
                                                      0.000     0.500 r  sample_i[0] (IN)
                         net (fo=5, unset)            0.924     1.424    sample_i[0]
                         RAMB18E1                                     r  history[0].samples_reg/DIADI[0]
  -------------------------------------------------------------------    -------------------

                         (clock service_clk rise edge)
                                                      0.000     0.000 r  
                                                      0.000     0.000 r  clk (IN)
                         net (fo=2942, unset)         0.973     0.973    clk
                         RAMB18E1                                     r  history[0].samples_reg/CLKBWRCLK
                         clock pessimism              0.000     0.973    
                         clock uncertainty            0.035     1.008    
                         RAMB18E1 (Hold_ramb18e1_CLKBWRCLK_DIADI[0])
                                                      0.405     1.413    history[0].samples_reg
  -------------------------------------------------------------------
                         required time                         -1.413    
                         arrival time                           1.424    
  -------------------------------------------------------------------
                         slack                                  0.011    

Slack (MET) :             0.011ns  (arrival time - required time)
  Source:                 sample_i[10]
                            (input port clocked by service_clk  {rise@0.000ns fall@2.500ns period=5.000ns})
  Destination:            history[0].samples_reg/DIADI[10]
                            (rising edge-triggered cell RAMB18E1 clocked by service_clk  {rise@0.000ns fall@2.500ns period=5.000ns})
  Path Group:             service_clk
  Path Type:              Hold (Min at Slow Process Corner)
  Requirement:            0.000ns  (service_clk rise@0.000ns - service_clk rise@0.000ns)
  Data Path Delay:        0.924ns  (logic 0.000ns (0.000%)  route 0.924ns (100.000%))
  Logic Levels:           0  
  Input Delay:            0.500ns
  Clock Path Skew:        0.973ns (DCD - SCD - CPR)
    Destination Clock Delay (DCD):    0.973ns
    Source Clock Delay      (SCD):    0.000ns
    Clock Pessimism Removal (CPR):    -0.000ns
  Clock Uncertainty:      0.035ns  ((TSJ^2 + TIJ^2)^1/2 + DJ) / 2 + PE
    Total System Jitter     (TSJ):    0.071ns
    Total Input Jitter      (TIJ):    0.000ns
    Discrete Jitter          (DJ):    0.000ns
    Phase Error              (PE):    0.000ns

    Location             Delay type                Incr(ns)  Path(ns)    Netlist Resource(s)
  -------------------------------------------------------------------    -------------------
                         (clock service_clk rise edge)
                                                      0.000     0.000 r  
                         input delay                  0.500     0.500    
                                                      0.000     0.500 r  sample_i[10] (IN)
                         net (fo=5, unset)            0.924     1.424    sample_i[10]
                         RAMB18E1                                     r  history[0].samples_reg/DIADI[10]
  -------------------------------------------------------------------    -------------------

                         (clock service_clk rise edge)
                                                      0.000     0.000 r  
                                                      0.000     0.000 r  clk (IN)
                         net (fo=2942, unset)         0.973     0.973    clk
                         RAMB18E1                                     r  history[0].samples_reg/CLKBWRCLK
                         clock pessimism              0.000     0.973    
                         clock uncertainty            0.035     1.008    
                         RAMB18E1 (Hold_ramb18e1_CLKBWRCLK_DIADI[10])
                                                      0.405     1.413    history[0].samples_reg
  -------------------------------------------------------------------
                         required time                         -1.413    
                         arrival time                           1.424    
  -------------------------------------------------------------------
                         slack                                  0.011    

Slack (MET) :             0.011ns  (arrival time - required time)
  Source:                 sample_i[11]
                            (input port clocked by service_clk  {rise@0.000ns fall@2.500ns period=5.000ns})
  Destination:            history[0].samples_reg/DIADI[11]
                            (rising edge-triggered cell RAMB18E1 clocked by service_clk  {rise@0.000ns fall@2.500ns period=5.000ns})
  Path Group:             service_clk
  Path Type:              Hold (Min at Slow Process Corner)
  Requirement:            0.000ns  (service_clk rise@0.000ns - service_clk rise@0.000ns)
  Data Path Delay:        0.924ns  (logic 0.000ns (0.000%)  route 0.924ns (100.000%))
  Logic Levels:           0  
  Input Delay:            0.500ns
  Clock Path Skew:        0.973ns (DCD - SCD - CPR)
    Destination Clock Delay (DCD):    0.973ns
    Source Clock Delay      (SCD):    0.000ns
    Clock Pessimism Removal (CPR):    -0.000ns
  Clock Uncertainty:      0.035ns  ((TSJ^2 + TIJ^2)^1/2 + DJ) / 2 + PE
    Total System Jitter     (TSJ):    0.071ns
    Total Input Jitter      (TIJ):    0.000ns
    Discrete Jitter          (DJ):    0.000ns
    Phase Error              (PE):    0.000ns

    Location             Delay type                Incr(ns)  Path(ns)    Netlist Resource(s)
  -------------------------------------------------------------------    -------------------
                         (clock service_clk rise edge)
                                                      0.000     0.000 r  
                         input delay                  0.500     0.500    
                                                      0.000     0.500 r  sample_i[11] (IN)
                         net (fo=5, unset)            0.924     1.424    sample_i[11]
                         RAMB18E1                                     r  history[0].samples_reg/DIADI[11]
  -------------------------------------------------------------------    -------------------

                         (clock service_clk rise edge)
                                                      0.000     0.000 r  
                                                      0.000     0.000 r  clk (IN)
                         net (fo=2942, unset)         0.973     0.973    clk
                         RAMB18E1                                     r  history[0].samples_reg/CLKBWRCLK
                         clock pessimism              0.000     0.973    
                         clock uncertainty            0.035     1.008    
                         RAMB18E1 (Hold_ramb18e1_CLKBWRCLK_DIADI[11])
                                                      0.405     1.413    history[0].samples_reg
  -------------------------------------------------------------------
                         required time                         -1.413    
                         arrival time                           1.424    
  -------------------------------------------------------------------
                         slack                                  0.011    

Slack (MET) :             0.011ns  (arrival time - required time)
  Source:                 sample_i[12]
                            (input port clocked by service_clk  {rise@0.000ns fall@2.500ns period=5.000ns})
  Destination:            history[0].samples_reg/DIADI[12]
                            (rising edge-triggered cell RAMB18E1 clocked by service_clk  {rise@0.000ns fall@2.500ns period=5.000ns})
  Path Group:             service_clk
  Path Type:              Hold (Min at Slow Process Corner)
  Requirement:            0.000ns  (service_clk rise@0.000ns - service_clk rise@0.000ns)
  Data Path Delay:        0.924ns  (logic 0.000ns (0.000%)  route 0.924ns (100.000%))
  Logic Levels:           0  
  Input Delay:            0.500ns
  Clock Path Skew:        0.973ns (DCD - SCD - CPR)
    Destination Clock Delay (DCD):    0.973ns
    Source Clock Delay      (SCD):    0.000ns
    Clock Pessimism Removal (CPR):    -0.000ns
  Clock Uncertainty:      0.035ns  ((TSJ^2 + TIJ^2)^1/2 + DJ) / 2 + PE
    Total System Jitter     (TSJ):    0.071ns
    Total Input Jitter      (TIJ):    0.000ns
    Discrete Jitter          (DJ):    0.000ns
    Phase Error              (PE):    0.000ns

    Location             Delay type                Incr(ns)  Path(ns)    Netlist Resource(s)
  -------------------------------------------------------------------    -------------------
                         (clock service_clk rise edge)
                                                      0.000     0.000 r  
                         input delay                  0.500     0.500    
                                                      0.000     0.500 r  sample_i[12] (IN)
                         net (fo=5, unset)            0.924     1.424    sample_i[12]
                         RAMB18E1                                     r  history[0].samples_reg/DIADI[12]
  -------------------------------------------------------------------    -------------------

                         (clock service_clk rise edge)
                                                      0.000     0.000 r  
                                                      0.000     0.000 r  clk (IN)
                         net (fo=2942, unset)         0.973     0.973    clk
                         RAMB18E1                                     r  history[0].samples_reg/CLKBWRCLK
                         clock pessimism              0.000     0.973    
                         clock uncertainty            0.035     1.008    
                         RAMB18E1 (Hold_ramb18e1_CLKBWRCLK_DIADI[12])
                                                      0.405     1.413    history[0].samples_reg
  -------------------------------------------------------------------
                         required time                         -1.413    
                         arrival time                           1.424    
  -------------------------------------------------------------------
                         slack                                  0.011    

Slack (MET) :             0.011ns  (arrival time - required time)
  Source:                 sample_i[13]
                            (input port clocked by service_clk  {rise@0.000ns fall@2.500ns period=5.000ns})
  Destination:            history[0].samples_reg/DIADI[13]
                            (rising edge-triggered cell RAMB18E1 clocked by service_clk  {rise@0.000ns fall@2.500ns period=5.000ns})
  Path Group:             service_clk
  Path Type:              Hold (Min at Slow Process Corner)
  Requirement:            0.000ns  (service_clk rise@0.000ns - service_clk rise@0.000ns)
  Data Path Delay:        0.924ns  (logic 0.000ns (0.000%)  route 0.924ns (100.000%))
  Logic Levels:           0  
  Input Delay:            0.500ns
  Clock Path Skew:        0.973ns (DCD - SCD - CPR)
    Destination Clock Delay (DCD):    0.973ns
    Source Clock Delay      (SCD):    0.000ns
    Clock Pessimism Removal (CPR):    -0.000ns
  Clock Uncertainty:      0.035ns  ((TSJ^2 + TIJ^2)^1/2 + DJ) / 2 + PE
    Total System Jitter     (TSJ):    0.071ns
    Total Input Jitter      (TIJ):    0.000ns
    Discrete Jitter          (DJ):    0.000ns
    Phase Error              (PE):    0.000ns

    Location             Delay type                Incr(ns)  Path(ns)    Netlist Resource(s)
  -------------------------------------------------------------------    -------------------
                         (clock service_clk rise edge)
                                                      0.000     0.000 r  
                         input delay                  0.500     0.500    
                                                      0.000     0.500 r  sample_i[13] (IN)
                         net (fo=5, unset)            0.924     1.424    sample_i[13]
                         RAMB18E1                                     r  history[0].samples_reg/DIADI[13]
  -------------------------------------------------------------------    -------------------

                         (clock service_clk rise edge)
                                                      0.000     0.000 r  
                                                      0.000     0.000 r  clk (IN)
                         net (fo=2942, unset)         0.973     0.973    clk
                         RAMB18E1                                     r  history[0].samples_reg/CLKBWRCLK
                         clock pessimism              0.000     0.973    
                         clock uncertainty            0.035     1.008    
                         RAMB18E1 (Hold_ramb18e1_CLKBWRCLK_DIADI[13])
                                                      0.405     1.413    history[0].samples_reg
  -------------------------------------------------------------------
                         required time                         -1.413    
                         arrival time                           1.424    
  -------------------------------------------------------------------
                         slack                                  0.011    

Slack (MET) :             0.011ns  (arrival time - required time)
  Source:                 sample_i[14]
                            (input port clocked by service_clk  {rise@0.000ns fall@2.500ns period=5.000ns})
  Destination:            history[0].samples_reg/DIADI[14]
                            (rising edge-triggered cell RAMB18E1 clocked by service_clk  {rise@0.000ns fall@2.500ns period=5.000ns})
  Path Group:             service_clk
  Path Type:              Hold (Min at Slow Process Corner)
  Requirement:            0.000ns  (service_clk rise@0.000ns - service_clk rise@0.000ns)
  Data Path Delay:        0.924ns  (logic 0.000ns (0.000%)  route 0.924ns (100.000%))
  Logic Levels:           0  
  Input Delay:            0.500ns
  Clock Path Skew:        0.973ns (DCD - SCD - CPR)
    Destination Clock Delay (DCD):    0.973ns
    Source Clock Delay      (SCD):    0.000ns
    Clock Pessimism Removal (CPR):    -0.000ns
  Clock Uncertainty:      0.035ns  ((TSJ^2 + TIJ^2)^1/2 + DJ) / 2 + PE
    Total System Jitter     (TSJ):    0.071ns
    Total Input Jitter      (TIJ):    0.000ns
    Discrete Jitter          (DJ):    0.000ns
    Phase Error              (PE):    0.000ns

    Location             Delay type                Incr(ns)  Path(ns)    Netlist Resource(s)
  -------------------------------------------------------------------    -------------------
                         (clock service_clk rise edge)
                                                      0.000     0.000 r  
                         input delay                  0.500     0.500    
                                                      0.000     0.500 r  sample_i[14] (IN)
                         net (fo=5, unset)            0.924     1.424    sample_i[14]
                         RAMB18E1                                     r  history[0].samples_reg/DIADI[14]
  -------------------------------------------------------------------    -------------------

                         (clock service_clk rise edge)
                                                      0.000     0.000 r  
                                                      0.000     0.000 r  clk (IN)
                         net (fo=2942, unset)         0.973     0.973    clk
                         RAMB18E1                                     r  history[0].samples_reg/CLKBWRCLK
                         clock pessimism              0.000     0.973    
                         clock uncertainty            0.035     1.008    
                         RAMB18E1 (Hold_ramb18e1_CLKBWRCLK_DIADI[14])
                                                      0.405     1.413    history[0].samples_reg
  -------------------------------------------------------------------
                         required time                         -1.413    
                         arrival time                           1.424    
  -------------------------------------------------------------------
                         slack                                  0.011    

Slack (MET) :             0.011ns  (arrival time - required time)
  Source:                 sample_i[15]
                            (input port clocked by service_clk  {rise@0.000ns fall@2.500ns period=5.000ns})
  Destination:            history[0].samples_reg/DIADI[15]
                            (rising edge-triggered cell RAMB18E1 clocked by service_clk  {rise@0.000ns fall@2.500ns period=5.000ns})
  Path Group:             service_clk
  Path Type:              Hold (Min at Slow Process Corner)
  Requirement:            0.000ns  (service_clk rise@0.000ns - service_clk rise@0.000ns)
  Data Path Delay:        0.924ns  (logic 0.000ns (0.000%)  route 0.924ns (100.000%))
  Logic Levels:           0  
  Input Delay:            0.500ns
  Clock Path Skew:        0.973ns (DCD - SCD - CPR)
    Destination Clock Delay (DCD):    0.973ns
    Source Clock Delay      (SCD):    0.000ns
    Clock Pessimism Removal (CPR):    -0.000ns
  Clock Uncertainty:      0.035ns  ((TSJ^2 + TIJ^2)^1/2 + DJ) / 2 + PE
    Total System Jitter     (TSJ):    0.071ns
    Total Input Jitter      (TIJ):    0.000ns
    Discrete Jitter          (DJ):    0.000ns
    Phase Error              (PE):    0.000ns

    Location             Delay type                Incr(ns)  Path(ns)    Netlist Resource(s)
  -------------------------------------------------------------------    -------------------
                         (clock service_clk rise edge)
                                                      0.000     0.000 r  
                         input delay                  0.500     0.500    
                                                      0.000     0.500 r  sample_i[15] (IN)
                         net (fo=5, unset)            0.924     1.424    sample_i[15]
                         RAMB18E1                                     r  history[0].samples_reg/DIADI[15]
  -------------------------------------------------------------------    -------------------

                         (clock service_clk rise edge)
                                                      0.000     0.000 r  
                                                      0.000     0.000 r  clk (IN)
                         net (fo=2942, unset)         0.973     0.973    clk
                         RAMB18E1                                     r  history[0].samples_reg/CLKBWRCLK
                         clock pessimism              0.000     0.973    
                         clock uncertainty            0.035     1.008    
                         RAMB18E1 (Hold_ramb18e1_CLKBWRCLK_DIADI[15])
                                                      0.405     1.413    history[0].samples_reg
  -------------------------------------------------------------------
                         required time                         -1.413    
                         arrival time                           1.424    
  -------------------------------------------------------------------
                         slack                                  0.011    

Slack (MET) :             0.011ns  (arrival time - required time)
  Source:                 sample_i[1]
                            (input port clocked by service_clk  {rise@0.000ns fall@2.500ns period=5.000ns})
  Destination:            history[0].samples_reg/DIADI[1]
                            (rising edge-triggered cell RAMB18E1 clocked by service_clk  {rise@0.000ns fall@2.500ns period=5.000ns})
  Path Group:             service_clk
  Path Type:              Hold (Min at Slow Process Corner)
  Requirement:            0.000ns  (service_clk rise@0.000ns - service_clk rise@0.000ns)
  Data Path Delay:        0.924ns  (logic 0.000ns (0.000%)  route 0.924ns (100.000%))
  Logic Levels:           0  
  Input Delay:            0.500ns
  Clock Path Skew:        0.973ns (DCD - SCD - CPR)
    Destination Clock Delay (DCD):    0.973ns
    Source Clock Delay      (SCD):    0.000ns
    Clock Pessimism Removal (CPR):    -0.000ns
  Clock Uncertainty:      0.035ns  ((TSJ^2 + TIJ^2)^1/2 + DJ) / 2 + PE
    Total System Jitter     (TSJ):    0.071ns
    Total Input Jitter      (TIJ):    0.000ns
    Discrete Jitter          (DJ):    0.000ns
    Phase Error              (PE):    0.000ns

    Location             Delay type                Incr(ns)  Path(ns)    Netlist Resource(s)
  -------------------------------------------------------------------    -------------------
                         (clock service_clk rise edge)
                                                      0.000     0.000 r  
                         input delay                  0.500     0.500    
                                                      0.000     0.500 r  sample_i[1] (IN)
                         net (fo=5, unset)            0.924     1.424    sample_i[1]
                         RAMB18E1                                     r  history[0].samples_reg/DIADI[1]
  -------------------------------------------------------------------    -------------------

                         (clock service_clk rise edge)
                                                      0.000     0.000 r  
                                                      0.000     0.000 r  clk (IN)
                         net (fo=2942, unset)         0.973     0.973    clk
                         RAMB18E1                                     r  history[0].samples_reg/CLKBWRCLK
                         clock pessimism              0.000     0.973    
                         clock uncertainty            0.035     1.008    
                         RAMB18E1 (Hold_ramb18e1_CLKBWRCLK_DIADI[1])
                                                      0.405     1.413    history[0].samples_reg
  -------------------------------------------------------------------
                         required time                         -1.413    
                         arrival time                           1.424    
  -------------------------------------------------------------------
                         slack                                  0.011    

Slack (MET) :             0.011ns  (arrival time - required time)
  Source:                 sample_i[2]
                            (input port clocked by service_clk  {rise@0.000ns fall@2.500ns period=5.000ns})
  Destination:            history[0].samples_reg/DIADI[2]
                            (rising edge-triggered cell RAMB18E1 clocked by service_clk  {rise@0.000ns fall@2.500ns period=5.000ns})
  Path Group:             service_clk
  Path Type:              Hold (Min at Slow Process Corner)
  Requirement:            0.000ns  (service_clk rise@0.000ns - service_clk rise@0.000ns)
  Data Path Delay:        0.924ns  (logic 0.000ns (0.000%)  route 0.924ns (100.000%))
  Logic Levels:           0  
  Input Delay:            0.500ns
  Clock Path Skew:        0.973ns (DCD - SCD - CPR)
    Destination Clock Delay (DCD):    0.973ns
    Source Clock Delay      (SCD):    0.000ns
    Clock Pessimism Removal (CPR):    -0.000ns
  Clock Uncertainty:      0.035ns  ((TSJ^2 + TIJ^2)^1/2 + DJ) / 2 + PE
    Total System Jitter     (TSJ):    0.071ns
    Total Input Jitter      (TIJ):    0.000ns
    Discrete Jitter          (DJ):    0.000ns
    Phase Error              (PE):    0.000ns

    Location             Delay type                Incr(ns)  Path(ns)    Netlist Resource(s)
  -------------------------------------------------------------------    -------------------
                         (clock service_clk rise edge)
                                                      0.000     0.000 r  
                         input delay                  0.500     0.500    
                                                      0.000     0.500 r  sample_i[2] (IN)
                         net (fo=5, unset)            0.924     1.424    sample_i[2]
                         RAMB18E1                                     r  history[0].samples_reg/DIADI[2]
  -------------------------------------------------------------------    -------------------

                         (clock service_clk rise edge)
                                                      0.000     0.000 r  
                                                      0.000     0.000 r  clk (IN)
                         net (fo=2942, unset)         0.973     0.973    clk
                         RAMB18E1                                     r  history[0].samples_reg/CLKBWRCLK
                         clock pessimism              0.000     0.973    
                         clock uncertainty            0.035     1.008    
                         RAMB18E1 (Hold_ramb18e1_CLKBWRCLK_DIADI[2])
                                                      0.405     1.413    history[0].samples_reg
  -------------------------------------------------------------------
                         required time                         -1.413    
                         arrival time                           1.424    
  -------------------------------------------------------------------
                         slack                                  0.011    

Slack (MET) :             0.011ns  (arrival time - required time)
  Source:                 sample_i[3]
                            (input port clocked by service_clk  {rise@0.000ns fall@2.500ns period=5.000ns})
  Destination:            history[0].samples_reg/DIADI[3]
                            (rising edge-triggered cell RAMB18E1 clocked by service_clk  {rise@0.000ns fall@2.500ns period=5.000ns})
  Path Group:             service_clk
  Path Type:              Hold (Min at Slow Process Corner)
  Requirement:            0.000ns  (service_clk rise@0.000ns - service_clk rise@0.000ns)
  Data Path Delay:        0.924ns  (logic 0.000ns (0.000%)  route 0.924ns (100.000%))
  Logic Levels:           0  
  Input Delay:            0.500ns
  Clock Path Skew:        0.973ns (DCD - SCD - CPR)
    Destination Clock Delay (DCD):    0.973ns
    Source Clock Delay      (SCD):    0.000ns
    Clock Pessimism Removal (CPR):    -0.000ns
  Clock Uncertainty:      0.035ns  ((TSJ^2 + TIJ^2)^1/2 + DJ) / 2 + PE
    Total System Jitter     (TSJ):    0.071ns
    Total Input Jitter      (TIJ):    0.000ns
    Discrete Jitter          (DJ):    0.000ns
    Phase Error              (PE):    0.000ns

    Location             Delay type                Incr(ns)  Path(ns)    Netlist Resource(s)
  -------------------------------------------------------------------    -------------------
                         (clock service_clk rise edge)
                                                      0.000     0.000 r  
                         input delay                  0.500     0.500    
                                                      0.000     0.500 r  sample_i[3] (IN)
                         net (fo=5, unset)            0.924     1.424    sample_i[3]
                         RAMB18E1                                     r  history[0].samples_reg/DIADI[3]
  -------------------------------------------------------------------    -------------------

                         (clock service_clk rise edge)
                                                      0.000     0.000 r  
                                                      0.000     0.000 r  clk (IN)
                         net (fo=2942, unset)         0.973     0.973    clk
                         RAMB18E1                                     r  history[0].samples_reg/CLKBWRCLK
                         clock pessimism              0.000     0.973    
                         clock uncertainty            0.035     1.008    
                         RAMB18E1 (Hold_ramb18e1_CLKBWRCLK_DIADI[3])
                                                      0.405     1.413    history[0].samples_reg
  -------------------------------------------------------------------
                         required time                         -1.413    
                         arrival time                           1.424    
  -------------------------------------------------------------------
                         slack                                  0.011    





Pulse Width Checks
--------------------------------------------------------------------------------------
Clock Name:         service_clk
Waveform(ns):       { 0.000 2.500 }
Period(ns):         5.000
Sources:            { clk }

Check Type        Corner  Lib Pin             Reference Pin  Required(ns)  Actual(ns)  Slack(ns)  Location  Pin
Min Period        n/a     RAMB18E1/CLKARDCLK  n/a            2.944         5.000       2.056                history[0].samples_reg/CLKARDCLK
Min Period        n/a     RAMB18E1/CLKBWRCLK  n/a            2.944         5.000       2.056                history[0].samples_reg/CLKBWRCLK
Min Period        n/a     RAMB18E1/CLKARDCLK  n/a            2.944         5.000       2.056                history[1].samples_reg/CLKARDCLK
Min Period        n/a     RAMB18E1/CLKBWRCLK  n/a            2.944         5.000       2.056                history[1].samples_reg/CLKBWRCLK
Min Period        n/a     RAMB18E1/CLKARDCLK  n/a            2.944         5.000       2.056                history[2].samples_reg/CLKARDCLK
Min Period        n/a     RAMB18E1/CLKBWRCLK  n/a            2.944         5.000       2.056                history[2].samples_reg/CLKBWRCLK
Min Period        n/a     RAMB18E1/CLKARDCLK  n/a            2.944         5.000       2.056                history[3].samples_reg/CLKARDCLK
Min Period        n/a     RAMB18E1/CLKBWRCLK  n/a            2.944         5.000       2.056                history[3].samples_reg/CLKBWRCLK
Min Period        n/a     RAMB18E1/CLKARDCLK  n/a            2.944         5.000       2.056                history[4].samples_reg/CLKARDCLK
Min Period        n/a     RAMB18E1/CLKBWRCLK  n/a            2.944         5.000       2.056                history[4].samples_reg/CLKBWRCLK
Low Pulse Width   Slow    SRL16E/CLK          n/a            0.980         2.500       1.520                mac/mul_first_reg_srl2/CLK
Low Pulse Width   Fast    SRL16E/CLK          n/a            0.980         2.500       1.520                mac/mul_first_reg_srl2/CLK
Low Pulse Width   Slow    SRL16E/CLK          n/a            0.980         2.500       1.520                mac/mul_last_reg_srl2/CLK
Low Pulse Width   Fast    SRL16E/CLK          n/a            0.980         2.500       1.520                mac/mul_last_reg_srl2/CLK
Low Pulse Width   Slow    SRL16E/CLK          n/a            0.980         2.500       1.520                mac/tap_tag_reg[0]_srl2/CLK
Low Pulse Width   Fast    SRL16E/CLK          n/a            0.980         2.500       1.520                mac/tap_tag_reg[0]_srl2/CLK
Low Pulse Width   Slow    SRL16E/CLK          n/a            0.980         2.500       1.520                mac/tap_tag_reg[10]_srl2/CLK
Low Pulse Width   Fast    SRL16E/CLK          n/a            0.980         2.500       1.520                mac/tap_tag_reg[10]_srl2/CLK
Low Pulse Width   Slow    SRL16E/CLK          n/a            0.980         2.500       1.520                mac/tap_tag_reg[11]_srl2/CLK
Low Pulse Width   Fast    SRL16E/CLK          n/a            0.980         2.500       1.520                mac/tap_tag_reg[11]_srl2/CLK
High Pulse Width  Slow    SRL16E/CLK          n/a            0.980         2.500       1.520                mac/mul_first_reg_srl2/CLK
High Pulse Width  Fast    SRL16E/CLK          n/a            0.980         2.500       1.520                mac/mul_first_reg_srl2/CLK
High Pulse Width  Slow    SRL16E/CLK          n/a            0.980         2.500       1.520                mac/mul_last_reg_srl2/CLK
High Pulse Width  Fast    SRL16E/CLK          n/a            0.980         2.500       1.520                mac/mul_last_reg_srl2/CLK
High Pulse Width  Slow    SRL16E/CLK          n/a            0.980         2.500       1.520                mac/tap_tag_reg[0]_srl2/CLK
High Pulse Width  Fast    SRL16E/CLK          n/a            0.980         2.500       1.520                mac/tap_tag_reg[0]_srl2/CLK
High Pulse Width  Slow    SRL16E/CLK          n/a            0.980         2.500       1.520                mac/tap_tag_reg[10]_srl2/CLK
High Pulse Width  Fast    SRL16E/CLK          n/a            0.980         2.500       1.520                mac/tap_tag_reg[10]_srl2/CLK
High Pulse Width  Slow    SRL16E/CLK          n/a            0.980         2.500       1.520                mac/tap_tag_reg[11]_srl2/CLK
High Pulse Width  Fast    SRL16E/CLK          n/a            0.980         2.500       1.520                mac/tap_tag_reg[11]_srl2/CLK



