Copyright 1986-2022 Xilinx, Inc. All Rights Reserved.
----------------------------------------------------------------------------------------------------------------------------------------------------
| Tool Version : Vivado v.2022.2 (lin64) Build 3671981 Fri Oct 14 04:59:54 MDT 2022
| Date         : Thu Sep 10 11:29:10 2026
| Host         : gauss running 64-bit Ubuntu 26.04 LTS
| Command      : report_utilization -hierarchical -hierarchical_depth 6 -file /tmp/starlink-completed-input.5EaJuD/fault-cdc-route-v1/hierarchy.rpt
| Design       : starlink_pss_fft_bank_owned_slice
| Device       : xc7z010clg400-1
| Speed File   : -1
| Design State : Routed
----------------------------------------------------------------------------------------------------------------------------------------------------

Utilization Design Information

Table of Contents
-----------------
1. Utilization by Hierarchy

1. Utilization by Hierarchy
---------------------------

+-----------------------------------------------+--------------------------------------------------------------------------------+------------+------------+---------+------+------+--------+--------+------------+
|                    Instance                   |                                     Module                                     | Total LUTs | Logic LUTs | LUTRAMs | SRLs |  FFs | RAMB36 | RAMB18 | DSP Blocks |
+-----------------------------------------------+--------------------------------------------------------------------------------+------------+------------+---------+------+------+--------+--------+------------+
| starlink_pss_fft_bank_owned_slice             |                                                                          (top) |       2015 |       1827 |       0 |  188 | 4581 |      0 |     15 |         21 |
|   (starlink_pss_fft_bank_owned_slice)         |                                                                          (top) |         49 |         49 |       0 |    0 |  224 |      0 |      0 |          0 |
|   input_guard                                 |                                              starlink_pss_realtime_input_guard |         60 |         60 |       0 |    0 |   85 |      0 |      0 |          0 |
|   joiner                                      |                                               starlink_pss_forward_kernel_join |         75 |         75 |       0 |    0 |  224 |      0 |      1 |          0 |
|     kernel_rom                                |                                                        starlink_pss_kernel_rom |         75 |         75 |       0 |    0 |  224 |      0 |      1 |          0 |
|   output_bank                                 |                                     starlink_pss_block_mailbox__parameterized1 |         68 |         68 |       0 |    0 |  187 |      0 |      1 |          0 |
|   product                                     |                                                  starlink_pss_spectrum_product |         90 |         90 |       0 |    0 |  351 |      0 |      0 |          4 |
|   product_bank                                |                                     starlink_pss_block_mailbox__parameterized0 |        306 |        306 |       0 |    0 |  177 |      0 |      1 |          0 |
|   result_guard                                |                                             starlink_pss_realtime_result_guard |        142 |        142 |       0 |    0 |  180 |      0 |      0 |          0 |
|   shared_xfft                                 |                                         starlink_pss_fft512_bfp18_rt_candidate |       1168 |        980 |       0 |  188 | 2988 |      0 |     11 |         17 |
|     U0                                        |                             starlink_pss_fft512_bfp18_rt_candidate_xfft_v9_1_8 |       1168 |        980 |       0 |  188 | 2988 |      0 |     11 |         17 |
|       i_synth                                 |                         starlink_pss_fft512_bfp18_rt_candidate_xfft_v9_1_8_viv |       1168 |        980 |       0 |  188 | 2988 |      0 |     11 |         17 |
|         axi_wrapper                           |                             starlink_pss_fft512_bfp18_rt_candidate_axi_wrapper |         33 |         33 |       0 |    0 |  130 |      0 |      0 |          0 |
|           (axi_wrapper)                       |                             starlink_pss_fft512_bfp18_rt_candidate_axi_wrapper |         20 |         20 |       0 |    0 |   32 |      0 |      0 |          0 |
|           config_channel_fifo                 |                  starlink_pss_fft512_bfp18_rt_candidate_axi_wrapper_input_fifo |          3 |          3 |       0 |    0 |    2 |      0 |      0 |          0 |
|           data_in_channel_fifo                |  starlink_pss_fft512_bfp18_rt_candidate_axi_wrapper_input_fifo__parameterized0 |          7 |          7 |       0 |    0 |   38 |      0 |      0 |          0 |
|           data_out_channel                    | starlink_pss_fft512_bfp18_rt_candidate_axi_wrapper_output_fifo__parameterized0 |          3 |          3 |       0 |    0 |   52 |      0 |      0 |          0 |
|           gen_status_channel.status_fifo      |                 starlink_pss_fft512_bfp18_rt_candidate_axi_wrapper_output_fifo |          0 |          0 |       0 |    0 |    6 |      0 |      0 |          0 |
|         xfft_inst                             |                        starlink_pss_fft512_bfp18_rt_candidate_xfft_v9_1_8_core |       1136 |        948 |       0 |  188 | 2858 |      0 |     11 |         17 |
|           non_floating_point.arch_b.xfft_inst |                           starlink_pss_fft512_bfp18_rt_candidate_xfft_v9_1_8_b |       1136 |        948 |       0 |  188 | 2858 |      0 |     11 |         17 |
|             control                           |                              starlink_pss_fft512_bfp18_rt_candidate_r4_control |        272 |        201 |       0 |   71 |  532 |      0 |      3 |          0 |
|             single_channel.datapath           |                             starlink_pss_fft512_bfp18_rt_candidate_r4_datapath |        864 |        747 |       0 |  117 | 2326 |      0 |      8 |         17 |
|   source_bank                                 |                                                     starlink_pss_block_mailbox |         60 |         60 |       0 |    0 |  165 |      0 |      1 |          0 |
+-----------------------------------------------+--------------------------------------------------------------------------------+------------+------------+---------+------+------+--------+--------+------------+
* Note: The sum of lower-level cells may be larger than their parent cells total, due to cross-hierarchy LUT combining


