Copyright 1986-2022 Xilinx, Inc. All Rights Reserved.
--------------------------------------------------------------------------------------------------------------------------------------------------------------------------------------------------------
| Tool Version : Vivado v.2022.2 (lin64) Build 3671981 Fri Oct 14 04:59:54 MDT 2022
| Date         : Thu Sep 10 11:29:12 2026
| Host         : gauss running 64-bit Ubuntu 26.04 LTS
| Command      : report_timing -from [get_clocks island_175] -to [get_clocks island_175] -delay_type min -max_paths 20 -file /tmp/starlink-completed-input.5EaJuD/fault-cdc-route-v1/island_175_min.rpt
| Design       : starlink_pss_fft_bank_owned_slice
| Device       : 7z010-clg400
| Speed File   : -1  PRODUCTION 1.12 2019-11-22
--------------------------------------------------------------------------------------------------------------------------------------------------------------------------------------------------------

Timing Report

Slack (MET) :             0.058ns  (arrival time - required time)
  Source:                 shared_xfft/U0/i_synth/xfft_inst/non_floating_point.arch_b.xfft_inst/control/processing_address_generator/switch/use_lut6_2.latency1.Q_reg[0]/C
                            (rising edge-triggered cell FDRE clocked by island_175  {rise@0.000ns fall@2.857ns period=5.714ns})
  Destination:            shared_xfft/U0/i_synth/xfft_inst/non_floating_point.arch_b.xfft_inst/control/delay_line_for_i_sw_control/no_sclr_lut.real_shift_ram.use_baseblock.use_hlutnm_srls.srl_loop[0].i_srl16e0/D
                            (rising edge-triggered cell SRL16E clocked by island_175  {rise@0.000ns fall@2.857ns period=5.714ns})
  Path Group:             island_175
  Path Type:              Hold (Min at Fast Process Corner)
  Requirement:            0.000ns  (island_175 rise@0.000ns - island_175 rise@0.000ns)
  Data Path Delay:        0.197ns  (logic 0.141ns (71.611%)  route 0.056ns (28.389%))
  Logic Levels:           0  
  Clock Path Skew:        0.022ns (DCD - SCD - CPR)
    Destination Clock Delay (DCD):    0.432ns
    Source Clock Delay      (SCD):    0.410ns
    Clock Pessimism Removal (CPR):    -0.000ns

    Location             Delay type                Incr(ns)  Path(ns)    Netlist Resource(s)
  -------------------------------------------------------------------    -------------------
                         (clock island_175 rise edge)
                                                      0.000     0.000 r  
                                                      0.000     0.000 r  fft_clk (IN)
                         net (fo=4728, unset)         0.410     0.410    shared_xfft/U0/i_synth/xfft_inst/non_floating_point.arch_b.xfft_inst/control/processing_address_generator/switch/aclk
    SLICE_X1Y23          FDRE                                         r  shared_xfft/U0/i_synth/xfft_inst/non_floating_point.arch_b.xfft_inst/control/processing_address_generator/switch/use_lut6_2.latency1.Q_reg[0]/C
  -------------------------------------------------------------------    -------------------
    SLICE_X1Y23          FDRE (Prop_fdre_C_Q)         0.141     0.551 r  shared_xfft/U0/i_synth/xfft_inst/non_floating_point.arch_b.xfft_inst/control/processing_address_generator/switch/use_lut6_2.latency1.Q_reg[0]/Q
                         net (fo=1, routed)           0.056     0.607    shared_xfft/U0/i_synth/xfft_inst/non_floating_point.arch_b.xfft_inst/control/delay_line_for_i_sw_control/D[0]
    SLICE_X0Y23          SRL16E                                       r  shared_xfft/U0/i_synth/xfft_inst/non_floating_point.arch_b.xfft_inst/control/delay_line_for_i_sw_control/no_sclr_lut.real_shift_ram.use_baseblock.use_hlutnm_srls.srl_loop[0].i_srl16e0/D
  -------------------------------------------------------------------    -------------------

                         (clock island_175 rise edge)
                                                      0.000     0.000 r  
                                                      0.000     0.000 r  fft_clk (IN)
                         net (fo=4728, unset)         0.432     0.432    shared_xfft/U0/i_synth/xfft_inst/non_floating_point.arch_b.xfft_inst/control/delay_line_for_i_sw_control/aclk
    SLICE_X0Y23          SRL16E                                       r  shared_xfft/U0/i_synth/xfft_inst/non_floating_point.arch_b.xfft_inst/control/delay_line_for_i_sw_control/no_sclr_lut.real_shift_ram.use_baseblock.use_hlutnm_srls.srl_loop[0].i_srl16e0/CLK
                         clock pessimism              0.000     0.432    
    SLICE_X0Y23          SRL16E (Hold_srl16e_CLK_D)
                                                      0.117     0.549    shared_xfft/U0/i_synth/xfft_inst/non_floating_point.arch_b.xfft_inst/control/delay_line_for_i_sw_control/no_sclr_lut.real_shift_ram.use_baseblock.use_hlutnm_srls.srl_loop[0].i_srl16e0
  -------------------------------------------------------------------
                         required time                         -0.549    
                         arrival time                           0.607    
  -------------------------------------------------------------------
                         slack                                  0.058    

Slack (MET) :             0.063ns  (arrival time - required time)
  Source:                 shared_xfft/U0/i_synth/xfft_inst/non_floating_point.arch_b.xfft_inst/control/processing_address_generator/mux_addr2/use_lut6_2.latency1.Q_reg[6]/C
                            (rising edge-triggered cell FDRE clocked by island_175  {rise@0.000ns fall@2.857ns period=5.714ns})
  Destination:            shared_xfft/U0/i_synth/xfft_inst/non_floating_point.arch_b.xfft_inst/control/memory_control[2].delay_line_for_wr_addr/no_sclr_lut.real_shift_ram.use_baseblock.not_use_hlutnm_srls.i_shift_ram/i_bb_inst/f0.srl_sig_reg[22][6]_srl23/D
                            (rising edge-triggered cell SRLC32E clocked by island_175  {rise@0.000ns fall@2.857ns period=5.714ns})
  Path Group:             island_175
  Path Type:              Hold (Min at Fast Process Corner)
  Requirement:            0.000ns  (island_175 rise@0.000ns - island_175 rise@0.000ns)
  Data Path Delay:        0.267ns  (logic 0.141ns (52.737%)  route 0.126ns (47.263%))
  Logic Levels:           0  
  Clock Path Skew:        0.022ns (DCD - SCD - CPR)
    Destination Clock Delay (DCD):    0.432ns
    Source Clock Delay      (SCD):    0.410ns
    Clock Pessimism Removal (CPR):    -0.000ns

    Location             Delay type                Incr(ns)  Path(ns)    Netlist Resource(s)
  -------------------------------------------------------------------    -------------------
                         (clock island_175 rise edge)
                                                      0.000     0.000 r  
                                                      0.000     0.000 r  fft_clk (IN)
                         net (fo=4728, unset)         0.410     0.410    shared_xfft/U0/i_synth/xfft_inst/non_floating_point.arch_b.xfft_inst/control/processing_address_generator/mux_addr2/aclk
    SLICE_X1Y27          FDRE                                         r  shared_xfft/U0/i_synth/xfft_inst/non_floating_point.arch_b.xfft_inst/control/processing_address_generator/mux_addr2/use_lut6_2.latency1.Q_reg[6]/C
  -------------------------------------------------------------------    -------------------
    SLICE_X1Y27          FDRE (Prop_fdre_C_Q)         0.141     0.551 r  shared_xfft/U0/i_synth/xfft_inst/non_floating_point.arch_b.xfft_inst/control/processing_address_generator/mux_addr2/use_lut6_2.latency1.Q_reg[6]/Q
                         net (fo=2, routed)           0.126     0.678    shared_xfft/U0/i_synth/xfft_inst/non_floating_point.arch_b.xfft_inst/control/memory_control[2].delay_line_for_wr_addr/no_sclr_lut.real_shift_ram.use_baseblock.not_use_hlutnm_srls.i_shift_ram/i_bb_inst/d[6]
    SLICE_X4Y27          SRLC32E                                      r  shared_xfft/U0/i_synth/xfft_inst/non_floating_point.arch_b.xfft_inst/control/memory_control[2].delay_line_for_wr_addr/no_sclr_lut.real_shift_ram.use_baseblock.not_use_hlutnm_srls.i_shift_ram/i_bb_inst/f0.srl_sig_reg[22][6]_srl23/D
  -------------------------------------------------------------------    -------------------

                         (clock island_175 rise edge)
                                                      0.000     0.000 r  
                                                      0.000     0.000 r  fft_clk (IN)
                         net (fo=4728, unset)         0.432     0.432    shared_xfft/U0/i_synth/xfft_inst/non_floating_point.arch_b.xfft_inst/control/memory_control[2].delay_line_for_wr_addr/no_sclr_lut.real_shift_ram.use_baseblock.not_use_hlutnm_srls.i_shift_ram/i_bb_inst/clk
    SLICE_X4Y27          SRLC32E                                      r  shared_xfft/U0/i_synth/xfft_inst/non_floating_point.arch_b.xfft_inst/control/memory_control[2].delay_line_for_wr_addr/no_sclr_lut.real_shift_ram.use_baseblock.not_use_hlutnm_srls.i_shift_ram/i_bb_inst/f0.srl_sig_reg[22][6]_srl23/CLK
                         clock pessimism              0.000     0.432    
    SLICE_X4Y27          SRLC32E (Hold_srlc32e_CLK_D)
                                                      0.183     0.615    shared_xfft/U0/i_synth/xfft_inst/non_floating_point.arch_b.xfft_inst/control/memory_control[2].delay_line_for_wr_addr/no_sclr_lut.real_shift_ram.use_baseblock.not_use_hlutnm_srls.i_shift_ram/i_bb_inst/f0.srl_sig_reg[22][6]_srl23
  -------------------------------------------------------------------
                         required time                         -0.615    
                         arrival time                           0.678    
  -------------------------------------------------------------------
                         slack                                  0.063    

Slack (MET) :             0.070ns  (arrival time - required time)
  Source:                 shared_xfft/U0/i_synth/xfft_inst/non_floating_point.arch_b.xfft_inst/control/control/bfp_sclr_gen.sclr_register_bfp/ORS_reg/C
                            (rising edge-triggered cell FDRE clocked by island_175  {rise@0.000ns fall@2.857ns period=5.714ns})
  Destination:            shared_xfft/U0/i_synth/xfft_inst/non_floating_point.arch_b.xfft_inst/control/control/bfp_sclr_gen.delay_line_bfp[26].cy_bfp_reg[27]_srl26/D
                            (rising edge-triggered cell SRLC32E clocked by island_175  {rise@0.000ns fall@2.857ns period=5.714ns})
  Path Group:             island_175
  Path Type:              Hold (Min at Fast Process Corner)
  Requirement:            0.000ns  (island_175 rise@0.000ns - island_175 rise@0.000ns)
  Data Path Delay:        0.209ns  (logic 0.141ns (67.454%)  route 0.068ns (32.546%))
  Logic Levels:           0  
  Clock Path Skew:        0.022ns (DCD - SCD - CPR)
    Destination Clock Delay (DCD):    0.432ns
    Source Clock Delay      (SCD):    0.410ns
    Clock Pessimism Removal (CPR):    -0.000ns

    Location             Delay type                Incr(ns)  Path(ns)    Netlist Resource(s)
  -------------------------------------------------------------------    -------------------
                         (clock island_175 rise edge)
                                                      0.000     0.000 r  
                                                      0.000     0.000 r  fft_clk (IN)
                         net (fo=4728, unset)         0.410     0.410    shared_xfft/U0/i_synth/xfft_inst/non_floating_point.arch_b.xfft_inst/control/control/bfp_sclr_gen.sclr_register_bfp/aclk
    SLICE_X11Y26         FDRE                                         r  shared_xfft/U0/i_synth/xfft_inst/non_floating_point.arch_b.xfft_inst/control/control/bfp_sclr_gen.sclr_register_bfp/ORS_reg/C
  -------------------------------------------------------------------    -------------------
    SLICE_X11Y26         FDRE (Prop_fdre_C_Q)         0.141     0.551 r  shared_xfft/U0/i_synth/xfft_inst/non_floating_point.arch_b.xfft_inst/control/control/bfp_sclr_gen.sclr_register_bfp/ORS_reg/Q
                         net (fo=4, routed)           0.068     0.619    shared_xfft/U0/i_synth/xfft_inst/non_floating_point.arch_b.xfft_inst/control/control/p_0_in0_in
    SLICE_X10Y26         SRLC32E                                      r  shared_xfft/U0/i_synth/xfft_inst/non_floating_point.arch_b.xfft_inst/control/control/bfp_sclr_gen.delay_line_bfp[26].cy_bfp_reg[27]_srl26/D
  -------------------------------------------------------------------    -------------------

                         (clock island_175 rise edge)
                                                      0.000     0.000 r  
                                                      0.000     0.000 r  fft_clk (IN)
                         net (fo=4728, unset)         0.432     0.432    shared_xfft/U0/i_synth/xfft_inst/non_floating_point.arch_b.xfft_inst/control/control/aclk
    SLICE_X10Y26         SRLC32E                                      r  shared_xfft/U0/i_synth/xfft_inst/non_floating_point.arch_b.xfft_inst/control/control/bfp_sclr_gen.delay_line_bfp[26].cy_bfp_reg[27]_srl26/CLK
                         clock pessimism              0.000     0.432    
    SLICE_X10Y26         SRLC32E (Hold_srlc32e_CLK_D)
                                                      0.117     0.549    shared_xfft/U0/i_synth/xfft_inst/non_floating_point.arch_b.xfft_inst/control/control/bfp_sclr_gen.delay_line_bfp[26].cy_bfp_reg[27]_srl26
  -------------------------------------------------------------------
                         required time                         -0.549    
                         arrival time                           0.619    
  -------------------------------------------------------------------
                         slack                                  0.070    

Slack (MET) :             0.071ns  (arrival time - required time)
  Source:                 shared_xfft/U0/i_synth/xfft_inst/non_floating_point.arch_b.xfft_inst/single_channel.datapath/input_muxes[0].write_data_re_mux/use_lut6_2.latency1.Q_reg[6]/C
                            (rising edge-triggered cell FDRE clocked by island_175  {rise@0.000ns fall@2.857ns period=5.714ns})
  Destination:            shared_xfft/U0/i_synth/xfft_inst/non_floating_point.arch_b.xfft_inst/single_channel.datapath/memories[0].blkmem_gen.use_bram_only.dpms/depths_3to9.ram_loop[0].use_RAMB18.SDP_RAMB18E1_36x512/DIADI[6]
                            (rising edge-triggered cell RAMB18E1 clocked by island_175  {rise@0.000ns fall@2.857ns period=5.714ns})
  Path Group:             island_175
  Path Type:              Hold (Min at Fast Process Corner)
  Requirement:            0.000ns  (island_175 rise@0.000ns - island_175 rise@0.000ns)
  Data Path Delay:        0.248ns  (logic 0.141ns (56.898%)  route 0.107ns (43.102%))
  Logic Levels:           0  
  Clock Path Skew:        0.022ns (DCD - SCD - CPR)
    Destination Clock Delay (DCD):    0.432ns
    Source Clock Delay      (SCD):    0.410ns
    Clock Pessimism Removal (CPR):    -0.000ns

    Location             Delay type                Incr(ns)  Path(ns)    Netlist Resource(s)
  -------------------------------------------------------------------    -------------------
                         (clock island_175 rise edge)
                                                      0.000     0.000 r  
                                                      0.000     0.000 r  fft_clk (IN)
                         net (fo=4728, unset)         0.410     0.410    shared_xfft/U0/i_synth/xfft_inst/non_floating_point.arch_b.xfft_inst/single_channel.datapath/input_muxes[0].write_data_re_mux/aclk
    SLICE_X7Y34          FDRE                                         r  shared_xfft/U0/i_synth/xfft_inst/non_floating_point.arch_b.xfft_inst/single_channel.datapath/input_muxes[0].write_data_re_mux/use_lut6_2.latency1.Q_reg[6]/C
  -------------------------------------------------------------------    -------------------
    SLICE_X7Y34          FDRE (Prop_fdre_C_Q)         0.141     0.551 r  shared_xfft/U0/i_synth/xfft_inst/non_floating_point.arch_b.xfft_inst/single_channel.datapath/input_muxes[0].write_data_re_mux/use_lut6_2.latency1.Q_reg[6]/Q
                         net (fo=1, routed)           0.107     0.658    shared_xfft/U0/i_synth/xfft_inst/non_floating_point.arch_b.xfft_inst/single_channel.datapath/memories[0].blkmem_gen.use_bram_only.dpms/dina[24]
    RAMB18_X0Y13         RAMB18E1                                     r  shared_xfft/U0/i_synth/xfft_inst/non_floating_point.arch_b.xfft_inst/single_channel.datapath/memories[0].blkmem_gen.use_bram_only.dpms/depths_3to9.ram_loop[0].use_RAMB18.SDP_RAMB18E1_36x512/DIADI[6]
  -------------------------------------------------------------------    -------------------

                         (clock island_175 rise edge)
                                                      0.000     0.000 r  
                                                      0.000     0.000 r  fft_clk (IN)
                         net (fo=4728, unset)         0.432     0.432    shared_xfft/U0/i_synth/xfft_inst/non_floating_point.arch_b.xfft_inst/single_channel.datapath/memories[0].blkmem_gen.use_bram_only.dpms/clk
    RAMB18_X0Y13         RAMB18E1                                     r  shared_xfft/U0/i_synth/xfft_inst/non_floating_point.arch_b.xfft_inst/single_channel.datapath/memories[0].blkmem_gen.use_bram_only.dpms/depths_3to9.ram_loop[0].use_RAMB18.SDP_RAMB18E1_36x512/CLKBWRCLK
                         clock pessimism              0.000     0.432    
    RAMB18_X0Y13         RAMB18E1 (Hold_ramb18e1_CLKBWRCLK_DIADI[6])
                                                      0.155     0.587    shared_xfft/U0/i_synth/xfft_inst/non_floating_point.arch_b.xfft_inst/single_channel.datapath/memories[0].blkmem_gen.use_bram_only.dpms/depths_3to9.ram_loop[0].use_RAMB18.SDP_RAMB18E1_36x512
  -------------------------------------------------------------------
                         required time                         -0.587    
                         arrival time                           0.658    
  -------------------------------------------------------------------
                         slack                                  0.071    

Slack (MET) :             0.072ns  (arrival time - required time)
  Source:                 shared_xfft/U0/i_synth/xfft_inst/non_floating_point.arch_b.xfft_inst/single_channel.datapath/input_muxes[0].write_data_im_mux/use_lut6_2.latency1.Q_reg[14]/C
                            (rising edge-triggered cell FDRE clocked by island_175  {rise@0.000ns fall@2.857ns period=5.714ns})
  Destination:            shared_xfft/U0/i_synth/xfft_inst/non_floating_point.arch_b.xfft_inst/single_channel.datapath/memories[0].blkmem_gen.use_bram_only.dpms/depths_3to9.ram_loop[0].use_RAMB18.SDP_RAMB18E1_36x512/DIBDI[13]
                            (rising edge-triggered cell RAMB18E1 clocked by island_175  {rise@0.000ns fall@2.857ns period=5.714ns})
  Path Group:             island_175
  Path Type:              Hold (Min at Fast Process Corner)
  Requirement:            0.000ns  (island_175 rise@0.000ns - island_175 rise@0.000ns)
  Data Path Delay:        0.249ns  (logic 0.141ns (56.669%)  route 0.108ns (43.331%))
  Logic Levels:           0  
  Clock Path Skew:        0.022ns (DCD - SCD - CPR)
    Destination Clock Delay (DCD):    0.432ns
    Source Clock Delay      (SCD):    0.410ns
    Clock Pessimism Removal (CPR):    -0.000ns

    Location             Delay type                Incr(ns)  Path(ns)    Netlist Resource(s)
  -------------------------------------------------------------------    -------------------
                         (clock island_175 rise edge)
                                                      0.000     0.000 r  
                                                      0.000     0.000 r  fft_clk (IN)
                         net (fo=4728, unset)         0.410     0.410    shared_xfft/U0/i_synth/xfft_inst/non_floating_point.arch_b.xfft_inst/single_channel.datapath/input_muxes[0].write_data_im_mux/aclk
    SLICE_X7Y34          FDRE                                         r  shared_xfft/U0/i_synth/xfft_inst/non_floating_point.arch_b.xfft_inst/single_channel.datapath/input_muxes[0].write_data_im_mux/use_lut6_2.latency1.Q_reg[14]/C
  -------------------------------------------------------------------    -------------------
    SLICE_X7Y34          FDRE (Prop_fdre_C_Q)         0.141     0.551 r  shared_xfft/U0/i_synth/xfft_inst/non_floating_point.arch_b.xfft_inst/single_channel.datapath/input_muxes[0].write_data_im_mux/use_lut6_2.latency1.Q_reg[14]/Q
                         net (fo=1, routed)           0.108     0.659    shared_xfft/U0/i_synth/xfft_inst/non_floating_point.arch_b.xfft_inst/single_channel.datapath/memories[0].blkmem_gen.use_bram_only.dpms/dina[14]
    RAMB18_X0Y13         RAMB18E1                                     r  shared_xfft/U0/i_synth/xfft_inst/non_floating_point.arch_b.xfft_inst/single_channel.datapath/memories[0].blkmem_gen.use_bram_only.dpms/depths_3to9.ram_loop[0].use_RAMB18.SDP_RAMB18E1_36x512/DIBDI[13]
  -------------------------------------------------------------------    -------------------

                         (clock island_175 rise edge)
                                                      0.000     0.000 r  
                                                      0.000     0.000 r  fft_clk (IN)
                         net (fo=4728, unset)         0.432     0.432    shared_xfft/U0/i_synth/xfft_inst/non_floating_point.arch_b.xfft_inst/single_channel.datapath/memories[0].blkmem_gen.use_bram_only.dpms/clk
    RAMB18_X0Y13         RAMB18E1                                     r  shared_xfft/U0/i_synth/xfft_inst/non_floating_point.arch_b.xfft_inst/single_channel.datapath/memories[0].blkmem_gen.use_bram_only.dpms/depths_3to9.ram_loop[0].use_RAMB18.SDP_RAMB18E1_36x512/CLKBWRCLK
                         clock pessimism              0.000     0.432    
    RAMB18_X0Y13         RAMB18E1 (Hold_ramb18e1_CLKBWRCLK_DIBDI[13])
                                                      0.155     0.587    shared_xfft/U0/i_synth/xfft_inst/non_floating_point.arch_b.xfft_inst/single_channel.datapath/memories[0].blkmem_gen.use_bram_only.dpms/depths_3to9.ram_loop[0].use_RAMB18.SDP_RAMB18E1_36x512
  -------------------------------------------------------------------
                         required time                         -0.587    
                         arrival time                           0.659    
  -------------------------------------------------------------------
                         slack                                  0.072    

Slack (MET) :             0.082ns  (arrival time - required time)
  Source:                 shared_xfft/U0/i_synth/xfft_inst/non_floating_point.arch_b.xfft_inst/control/control/need_we_process_sclr.sclr_register_we/ORS_reg/C
                            (rising edge-triggered cell FDRE clocked by island_175  {rise@0.000ns fall@2.857ns period=5.714ns})
  Destination:            shared_xfft/U0/i_synth/xfft_inst/non_floating_point.arch_b.xfft_inst/control/control/need_we_process_sclr.delay_i_we/no_sclr_lut.real_shift_ram.use_baseblock.not_use_hlutnm_srls.i_shift_ram/i_bb_inst/f0.srl_sig_reg[26][0]_srl27/D
                            (rising edge-triggered cell SRLC32E clocked by island_175  {rise@0.000ns fall@2.857ns period=5.714ns})
  Path Group:             island_175
  Path Type:              Hold (Min at Fast Process Corner)
  Requirement:            0.000ns  (island_175 rise@0.000ns - island_175 rise@0.000ns)
  Data Path Delay:        0.220ns  (logic 0.141ns (64.051%)  route 0.079ns (35.949%))
  Logic Levels:           0  
  Clock Path Skew:        0.022ns (DCD - SCD - CPR)
    Destination Clock Delay (DCD):    0.432ns
    Source Clock Delay      (SCD):    0.410ns
    Clock Pessimism Removal (CPR):    -0.000ns

    Location             Delay type                Incr(ns)  Path(ns)    Netlist Resource(s)
  -------------------------------------------------------------------    -------------------
                         (clock island_175 rise edge)
                                                      0.000     0.000 r  
                                                      0.000     0.000 r  fft_clk (IN)
                         net (fo=4728, unset)         0.410     0.410    shared_xfft/U0/i_synth/xfft_inst/non_floating_point.arch_b.xfft_inst/control/control/need_we_process_sclr.sclr_register_we/aclk
    SLICE_X1Y29          FDRE                                         r  shared_xfft/U0/i_synth/xfft_inst/non_floating_point.arch_b.xfft_inst/control/control/need_we_process_sclr.sclr_register_we/ORS_reg/C
  -------------------------------------------------------------------    -------------------
    SLICE_X1Y29          FDRE (Prop_fdre_C_Q)         0.141     0.551 r  shared_xfft/U0/i_synth/xfft_inst/non_floating_point.arch_b.xfft_inst/control/control/need_we_process_sclr.sclr_register_we/ORS_reg/Q
                         net (fo=3, routed)           0.079     0.630    shared_xfft/U0/i_synth/xfft_inst/non_floating_point.arch_b.xfft_inst/control/control/need_we_process_sclr.delay_i_we/no_sclr_lut.real_shift_ram.use_baseblock.not_use_hlutnm_srls.i_shift_ram/i_bb_inst/d[0]
    SLICE_X0Y29          SRLC32E                                      r  shared_xfft/U0/i_synth/xfft_inst/non_floating_point.arch_b.xfft_inst/control/control/need_we_process_sclr.delay_i_we/no_sclr_lut.real_shift_ram.use_baseblock.not_use_hlutnm_srls.i_shift_ram/i_bb_inst/f0.srl_sig_reg[26][0]_srl27/D
  -------------------------------------------------------------------    -------------------

                         (clock island_175 rise edge)
                                                      0.000     0.000 r  
                                                      0.000     0.000 r  fft_clk (IN)
                         net (fo=4728, unset)         0.432     0.432    shared_xfft/U0/i_synth/xfft_inst/non_floating_point.arch_b.xfft_inst/control/control/need_we_process_sclr.delay_i_we/no_sclr_lut.real_shift_ram.use_baseblock.not_use_hlutnm_srls.i_shift_ram/i_bb_inst/clk
    SLICE_X0Y29          SRLC32E                                      r  shared_xfft/U0/i_synth/xfft_inst/non_floating_point.arch_b.xfft_inst/control/control/need_we_process_sclr.delay_i_we/no_sclr_lut.real_shift_ram.use_baseblock.not_use_hlutnm_srls.i_shift_ram/i_bb_inst/f0.srl_sig_reg[26][0]_srl27/CLK
                         clock pessimism              0.000     0.432    
    SLICE_X0Y29          SRLC32E (Hold_srlc32e_CLK_D)
                                                      0.117     0.549    shared_xfft/U0/i_synth/xfft_inst/non_floating_point.arch_b.xfft_inst/control/control/need_we_process_sclr.delay_i_we/no_sclr_lut.real_shift_ram.use_baseblock.not_use_hlutnm_srls.i_shift_ram/i_bb_inst/f0.srl_sig_reg[26][0]_srl27
  -------------------------------------------------------------------
                         required time                         -0.549    
                         arrival time                           0.630    
  -------------------------------------------------------------------
                         slack                                  0.082    

Slack (MET) :             0.089ns  (arrival time - required time)
  Source:                 shared_xfft/U0/i_synth/xfft_inst/non_floating_point.arch_b.xfft_inst/single_channel.datapath/input_muxes[0].write_data_im_mux/use_lut6_2.latency1.Q_reg[2]/C
                            (rising edge-triggered cell FDRE clocked by island_175  {rise@0.000ns fall@2.857ns period=5.714ns})
  Destination:            shared_xfft/U0/i_synth/xfft_inst/non_floating_point.arch_b.xfft_inst/single_channel.datapath/memories[0].blkmem_gen.use_bram_only.dpms/depths_3to9.ram_loop[0].use_RAMB18.SDP_RAMB18E1_36x512/DIBDI[2]
                            (rising edge-triggered cell RAMB18E1 clocked by island_175  {rise@0.000ns fall@2.857ns period=5.714ns})
  Path Group:             island_175
  Path Type:              Hold (Min at Fast Process Corner)
  Requirement:            0.000ns  (island_175 rise@0.000ns - island_175 rise@0.000ns)
  Data Path Delay:        0.266ns  (logic 0.141ns (52.997%)  route 0.125ns (47.003%))
  Logic Levels:           0  
  Clock Path Skew:        0.022ns (DCD - SCD - CPR)
    Destination Clock Delay (DCD):    0.432ns
    Source Clock Delay      (SCD):    0.410ns
    Clock Pessimism Removal (CPR):    -0.000ns

    Location             Delay type                Incr(ns)  Path(ns)    Netlist Resource(s)
  -------------------------------------------------------------------    -------------------
                         (clock island_175 rise edge)
                                                      0.000     0.000 r  
                                                      0.000     0.000 r  fft_clk (IN)
                         net (fo=4728, unset)         0.410     0.410    shared_xfft/U0/i_synth/xfft_inst/non_floating_point.arch_b.xfft_inst/single_channel.datapath/input_muxes[0].write_data_im_mux/aclk
    SLICE_X9Y33          FDRE                                         r  shared_xfft/U0/i_synth/xfft_inst/non_floating_point.arch_b.xfft_inst/single_channel.datapath/input_muxes[0].write_data_im_mux/use_lut6_2.latency1.Q_reg[2]/C
  -------------------------------------------------------------------    -------------------
    SLICE_X9Y33          FDRE (Prop_fdre_C_Q)         0.141     0.551 r  shared_xfft/U0/i_synth/xfft_inst/non_floating_point.arch_b.xfft_inst/single_channel.datapath/input_muxes[0].write_data_im_mux/use_lut6_2.latency1.Q_reg[2]/Q
                         net (fo=1, routed)           0.125     0.676    shared_xfft/U0/i_synth/xfft_inst/non_floating_point.arch_b.xfft_inst/single_channel.datapath/memories[0].blkmem_gen.use_bram_only.dpms/dina[2]
    RAMB18_X0Y13         RAMB18E1                                     r  shared_xfft/U0/i_synth/xfft_inst/non_floating_point.arch_b.xfft_inst/single_channel.datapath/memories[0].blkmem_gen.use_bram_only.dpms/depths_3to9.ram_loop[0].use_RAMB18.SDP_RAMB18E1_36x512/DIBDI[2]
  -------------------------------------------------------------------    -------------------

                         (clock island_175 rise edge)
                                                      0.000     0.000 r  
                                                      0.000     0.000 r  fft_clk (IN)
                         net (fo=4728, unset)         0.432     0.432    shared_xfft/U0/i_synth/xfft_inst/non_floating_point.arch_b.xfft_inst/single_channel.datapath/memories[0].blkmem_gen.use_bram_only.dpms/clk
    RAMB18_X0Y13         RAMB18E1                                     r  shared_xfft/U0/i_synth/xfft_inst/non_floating_point.arch_b.xfft_inst/single_channel.datapath/memories[0].blkmem_gen.use_bram_only.dpms/depths_3to9.ram_loop[0].use_RAMB18.SDP_RAMB18E1_36x512/CLKBWRCLK
                         clock pessimism              0.000     0.432    
    RAMB18_X0Y13         RAMB18E1 (Hold_ramb18e1_CLKBWRCLK_DIBDI[2])
                                                      0.155     0.587    shared_xfft/U0/i_synth/xfft_inst/non_floating_point.arch_b.xfft_inst/single_channel.datapath/memories[0].blkmem_gen.use_bram_only.dpms/depths_3to9.ram_loop[0].use_RAMB18.SDP_RAMB18E1_36x512
  -------------------------------------------------------------------
                         required time                         -0.587    
                         arrival time                           0.676    
  -------------------------------------------------------------------
                         slack                                  0.089    

Slack (MET) :             0.089ns  (arrival time - required time)
  Source:                 shared_xfft/U0/i_synth/xfft_inst/non_floating_point.arch_b.xfft_inst/single_channel.datapath/input_muxes[1].write_data_re_mux/use_lut6_2.latency1.Q_reg[2]/C
                            (rising edge-triggered cell FDRE clocked by island_175  {rise@0.000ns fall@2.857ns period=5.714ns})
  Destination:            shared_xfft/U0/i_synth/xfft_inst/non_floating_point.arch_b.xfft_inst/single_channel.datapath/memories[1].blkmem_gen.use_bram_only.dpms/depths_3to9.ram_loop[0].use_RAMB18.SDP_RAMB18E1_36x512/DIADI[2]
                            (rising edge-triggered cell RAMB18E1 clocked by island_175  {rise@0.000ns fall@2.857ns period=5.714ns})
  Path Group:             island_175
  Path Type:              Hold (Min at Fast Process Corner)
  Requirement:            0.000ns  (island_175 rise@0.000ns - island_175 rise@0.000ns)
  Data Path Delay:        0.266ns  (logic 0.141ns (52.997%)  route 0.125ns (47.003%))
  Logic Levels:           0  
  Clock Path Skew:        0.022ns (DCD - SCD - CPR)
    Destination Clock Delay (DCD):    0.432ns
    Source Clock Delay      (SCD):    0.410ns
    Clock Pessimism Removal (CPR):    -0.000ns

    Location             Delay type                Incr(ns)  Path(ns)    Netlist Resource(s)
  -------------------------------------------------------------------    -------------------
                         (clock island_175 rise edge)
                                                      0.000     0.000 r  
                                                      0.000     0.000 r  fft_clk (IN)
                         net (fo=4728, unset)         0.410     0.410    shared_xfft/U0/i_synth/xfft_inst/non_floating_point.arch_b.xfft_inst/single_channel.datapath/input_muxes[1].write_data_re_mux/aclk
    SLICE_X9Y35          FDRE                                         r  shared_xfft/U0/i_synth/xfft_inst/non_floating_point.arch_b.xfft_inst/single_channel.datapath/input_muxes[1].write_data_re_mux/use_lut6_2.latency1.Q_reg[2]/C
  -------------------------------------------------------------------    -------------------
    SLICE_X9Y35          FDRE (Prop_fdre_C_Q)         0.141     0.551 r  shared_xfft/U0/i_synth/xfft_inst/non_floating_point.arch_b.xfft_inst/single_channel.datapath/input_muxes[1].write_data_re_mux/use_lut6_2.latency1.Q_reg[2]/Q
                         net (fo=1, routed)           0.125     0.676    shared_xfft/U0/i_synth/xfft_inst/non_floating_point.arch_b.xfft_inst/single_channel.datapath/memories[1].blkmem_gen.use_bram_only.dpms/dina[20]
    RAMB18_X0Y14         RAMB18E1                                     r  shared_xfft/U0/i_synth/xfft_inst/non_floating_point.arch_b.xfft_inst/single_channel.datapath/memories[1].blkmem_gen.use_bram_only.dpms/depths_3to9.ram_loop[0].use_RAMB18.SDP_RAMB18E1_36x512/DIADI[2]
  -------------------------------------------------------------------    -------------------

                         (clock island_175 rise edge)
                                                      0.000     0.000 r  
                                                      0.000     0.000 r  fft_clk (IN)
                         net (fo=4728, unset)         0.432     0.432    shared_xfft/U0/i_synth/xfft_inst/non_floating_point.arch_b.xfft_inst/single_channel.datapath/memories[1].blkmem_gen.use_bram_only.dpms/clk
    RAMB18_X0Y14         RAMB18E1                                     r  shared_xfft/U0/i_synth/xfft_inst/non_floating_point.arch_b.xfft_inst/single_channel.datapath/memories[1].blkmem_gen.use_bram_only.dpms/depths_3to9.ram_loop[0].use_RAMB18.SDP_RAMB18E1_36x512/CLKBWRCLK
                         clock pessimism              0.000     0.432    
    RAMB18_X0Y14         RAMB18E1 (Hold_ramb18e1_CLKBWRCLK_DIADI[2])
                                                      0.155     0.587    shared_xfft/U0/i_synth/xfft_inst/non_floating_point.arch_b.xfft_inst/single_channel.datapath/memories[1].blkmem_gen.use_bram_only.dpms/depths_3to9.ram_loop[0].use_RAMB18.SDP_RAMB18E1_36x512
  -------------------------------------------------------------------
                         required time                         -0.587    
                         arrival time                           0.676    
  -------------------------------------------------------------------
                         slack                                  0.089    

Slack (MET) :             0.093ns  (arrival time - required time)
  Source:                 shared_xfft/U0/i_synth/xfft_inst/non_floating_point.arch_b.xfft_inst/single_channel.datapath/input_muxes[0].write_data_re_mux/use_lut6_2.latency1.Q_reg[14]/C
                            (rising edge-triggered cell FDRE clocked by island_175  {rise@0.000ns fall@2.857ns period=5.714ns})
  Destination:            shared_xfft/U0/i_synth/xfft_inst/non_floating_point.arch_b.xfft_inst/single_channel.datapath/memories[0].blkmem_gen.use_bram_only.dpms/depths_3to9.ram_loop[0].use_RAMB18.SDP_RAMB18E1_36x512/DIADI[13]
                            (rising edge-triggered cell RAMB18E1 clocked by island_175  {rise@0.000ns fall@2.857ns period=5.714ns})
  Path Group:             island_175
  Path Type:              Hold (Min at Fast Process Corner)
  Requirement:            0.000ns  (island_175 rise@0.000ns - island_175 rise@0.000ns)
  Data Path Delay:        0.270ns  (logic 0.164ns (60.728%)  route 0.106ns (39.272%))
  Logic Levels:           0  
  Clock Path Skew:        0.022ns (DCD - SCD - CPR)
    Destination Clock Delay (DCD):    0.432ns
    Source Clock Delay      (SCD):    0.410ns
    Clock Pessimism Removal (CPR):    -0.000ns

    Location             Delay type                Incr(ns)  Path(ns)    Netlist Resource(s)
  -------------------------------------------------------------------    -------------------
                         (clock island_175 rise edge)
                                                      0.000     0.000 r  
                                                      0.000     0.000 r  fft_clk (IN)
                         net (fo=4728, unset)         0.410     0.410    shared_xfft/U0/i_synth/xfft_inst/non_floating_point.arch_b.xfft_inst/single_channel.datapath/input_muxes[0].write_data_re_mux/aclk
    SLICE_X6Y35          FDRE                                         r  shared_xfft/U0/i_synth/xfft_inst/non_floating_point.arch_b.xfft_inst/single_channel.datapath/input_muxes[0].write_data_re_mux/use_lut6_2.latency1.Q_reg[14]/C
  -------------------------------------------------------------------    -------------------
    SLICE_X6Y35          FDRE (Prop_fdre_C_Q)         0.164     0.574 r  shared_xfft/U0/i_synth/xfft_inst/non_floating_point.arch_b.xfft_inst/single_channel.datapath/input_muxes[0].write_data_re_mux/use_lut6_2.latency1.Q_reg[14]/Q
                         net (fo=1, routed)           0.106     0.680    shared_xfft/U0/i_synth/xfft_inst/non_floating_point.arch_b.xfft_inst/single_channel.datapath/memories[0].blkmem_gen.use_bram_only.dpms/dina[32]
    RAMB18_X0Y13         RAMB18E1                                     r  shared_xfft/U0/i_synth/xfft_inst/non_floating_point.arch_b.xfft_inst/single_channel.datapath/memories[0].blkmem_gen.use_bram_only.dpms/depths_3to9.ram_loop[0].use_RAMB18.SDP_RAMB18E1_36x512/DIADI[13]
  -------------------------------------------------------------------    -------------------

                         (clock island_175 rise edge)
                                                      0.000     0.000 r  
                                                      0.000     0.000 r  fft_clk (IN)
                         net (fo=4728, unset)         0.432     0.432    shared_xfft/U0/i_synth/xfft_inst/non_floating_point.arch_b.xfft_inst/single_channel.datapath/memories[0].blkmem_gen.use_bram_only.dpms/clk
    RAMB18_X0Y13         RAMB18E1                                     r  shared_xfft/U0/i_synth/xfft_inst/non_floating_point.arch_b.xfft_inst/single_channel.datapath/memories[0].blkmem_gen.use_bram_only.dpms/depths_3to9.ram_loop[0].use_RAMB18.SDP_RAMB18E1_36x512/CLKBWRCLK
                         clock pessimism              0.000     0.432    
    RAMB18_X0Y13         RAMB18E1 (Hold_ramb18e1_CLKBWRCLK_DIADI[13])
                                                      0.155     0.587    shared_xfft/U0/i_synth/xfft_inst/non_floating_point.arch_b.xfft_inst/single_channel.datapath/memories[0].blkmem_gen.use_bram_only.dpms/depths_3to9.ram_loop[0].use_RAMB18.SDP_RAMB18E1_36x512
  -------------------------------------------------------------------
                         required time                         -0.587    
                         arrival time                           0.680    
  -------------------------------------------------------------------
                         slack                                  0.093    

Slack (MET) :             0.093ns  (arrival time - required time)
  Source:                 shared_xfft/U0/i_synth/xfft_inst/non_floating_point.arch_b.xfft_inst/single_channel.datapath/input_muxes[0].write_data_im_mux/use_lut6_2.latency1.Q_reg[16]/C
                            (rising edge-triggered cell FDRE clocked by island_175  {rise@0.000ns fall@2.857ns period=5.714ns})
  Destination:            shared_xfft/U0/i_synth/xfft_inst/non_floating_point.arch_b.xfft_inst/single_channel.datapath/memories[0].blkmem_gen.use_bram_only.dpms/depths_3to9.ram_loop[0].use_RAMB18.SDP_RAMB18E1_36x512/DIBDI[15]
                            (rising edge-triggered cell RAMB18E1 clocked by island_175  {rise@0.000ns fall@2.857ns period=5.714ns})
  Path Group:             island_175
  Path Type:              Hold (Min at Fast Process Corner)
  Requirement:            0.000ns  (island_175 rise@0.000ns - island_175 rise@0.000ns)
  Data Path Delay:        0.270ns  (logic 0.164ns (60.728%)  route 0.106ns (39.272%))
  Logic Levels:           0  
  Clock Path Skew:        0.022ns (DCD - SCD - CPR)
    Destination Clock Delay (DCD):    0.432ns
    Source Clock Delay      (SCD):    0.410ns
    Clock Pessimism Removal (CPR):    -0.000ns

    Location             Delay type                Incr(ns)  Path(ns)    Netlist Resource(s)
  -------------------------------------------------------------------    -------------------
                         (clock island_175 rise edge)
                                                      0.000     0.000 r  
                                                      0.000     0.000 r  fft_clk (IN)
                         net (fo=4728, unset)         0.410     0.410    shared_xfft/U0/i_synth/xfft_inst/non_floating_point.arch_b.xfft_inst/single_channel.datapath/input_muxes[0].write_data_im_mux/aclk
    SLICE_X6Y34          FDRE                                         r  shared_xfft/U0/i_synth/xfft_inst/non_floating_point.arch_b.xfft_inst/single_channel.datapath/input_muxes[0].write_data_im_mux/use_lut6_2.latency1.Q_reg[16]/C
  -------------------------------------------------------------------    -------------------
    SLICE_X6Y34          FDRE (Prop_fdre_C_Q)         0.164     0.574 r  shared_xfft/U0/i_synth/xfft_inst/non_floating_point.arch_b.xfft_inst/single_channel.datapath/input_muxes[0].write_data_im_mux/use_lut6_2.latency1.Q_reg[16]/Q
                         net (fo=1, routed)           0.106     0.680    shared_xfft/U0/i_synth/xfft_inst/non_floating_point.arch_b.xfft_inst/single_channel.datapath/memories[0].blkmem_gen.use_bram_only.dpms/dina[16]
    RAMB18_X0Y13         RAMB18E1                                     r  shared_xfft/U0/i_synth/xfft_inst/non_floating_point.arch_b.xfft_inst/single_channel.datapath/memories[0].blkmem_gen.use_bram_only.dpms/depths_3to9.ram_loop[0].use_RAMB18.SDP_RAMB18E1_36x512/DIBDI[15]
  -------------------------------------------------------------------    -------------------

                         (clock island_175 rise edge)
                                                      0.000     0.000 r  
                                                      0.000     0.000 r  fft_clk (IN)
                         net (fo=4728, unset)         0.432     0.432    shared_xfft/U0/i_synth/xfft_inst/non_floating_point.arch_b.xfft_inst/single_channel.datapath/memories[0].blkmem_gen.use_bram_only.dpms/clk
    RAMB18_X0Y13         RAMB18E1                                     r  shared_xfft/U0/i_synth/xfft_inst/non_floating_point.arch_b.xfft_inst/single_channel.datapath/memories[0].blkmem_gen.use_bram_only.dpms/depths_3to9.ram_loop[0].use_RAMB18.SDP_RAMB18E1_36x512/CLKBWRCLK
                         clock pessimism              0.000     0.432    
    RAMB18_X0Y13         RAMB18E1 (Hold_ramb18e1_CLKBWRCLK_DIBDI[15])
                                                      0.155     0.587    shared_xfft/U0/i_synth/xfft_inst/non_floating_point.arch_b.xfft_inst/single_channel.datapath/memories[0].blkmem_gen.use_bram_only.dpms/depths_3to9.ram_loop[0].use_RAMB18.SDP_RAMB18E1_36x512
  -------------------------------------------------------------------
                         required time                         -0.587    
                         arrival time                           0.680    
  -------------------------------------------------------------------
                         slack                                  0.093    

Slack (MET) :             0.094ns  (arrival time - required time)
  Source:                 shared_xfft/U0/i_synth/xfft_inst/non_floating_point.arch_b.xfft_inst/single_channel.datapath/input_muxes[1].write_data_im_mux/use_lut6_2.latency1.Q_reg[12]/C
                            (rising edge-triggered cell FDRE clocked by island_175  {rise@0.000ns fall@2.857ns period=5.714ns})
  Destination:            shared_xfft/U0/i_synth/xfft_inst/non_floating_point.arch_b.xfft_inst/single_channel.datapath/memories[1].blkmem_gen.use_bram_only.dpms/depths_3to9.ram_loop[0].use_RAMB18.SDP_RAMB18E1_36x512/DIBDI[11]
                            (rising edge-triggered cell RAMB18E1 clocked by island_175  {rise@0.000ns fall@2.857ns period=5.714ns})
  Path Group:             island_175
  Path Type:              Hold (Min at Fast Process Corner)
  Requirement:            0.000ns  (island_175 rise@0.000ns - island_175 rise@0.000ns)
  Data Path Delay:        0.271ns  (logic 0.164ns (60.558%)  route 0.107ns (39.442%))
  Logic Levels:           0  
  Clock Path Skew:        0.022ns (DCD - SCD - CPR)
    Destination Clock Delay (DCD):    0.432ns
    Source Clock Delay      (SCD):    0.410ns
    Clock Pessimism Removal (CPR):    -0.000ns

    Location             Delay type                Incr(ns)  Path(ns)    Netlist Resource(s)
  -------------------------------------------------------------------    -------------------
                         (clock island_175 rise edge)
                                                      0.000     0.000 r  
                                                      0.000     0.000 r  fft_clk (IN)
                         net (fo=4728, unset)         0.410     0.410    shared_xfft/U0/i_synth/xfft_inst/non_floating_point.arch_b.xfft_inst/single_channel.datapath/input_muxes[1].write_data_im_mux/aclk
    SLICE_X6Y36          FDRE                                         r  shared_xfft/U0/i_synth/xfft_inst/non_floating_point.arch_b.xfft_inst/single_channel.datapath/input_muxes[1].write_data_im_mux/use_lut6_2.latency1.Q_reg[12]/C
  -------------------------------------------------------------------    -------------------
    SLICE_X6Y36          FDRE (Prop_fdre_C_Q)         0.164     0.574 r  shared_xfft/U0/i_synth/xfft_inst/non_floating_point.arch_b.xfft_inst/single_channel.datapath/input_muxes[1].write_data_im_mux/use_lut6_2.latency1.Q_reg[12]/Q
                         net (fo=1, routed)           0.107     0.681    shared_xfft/U0/i_synth/xfft_inst/non_floating_point.arch_b.xfft_inst/single_channel.datapath/memories[1].blkmem_gen.use_bram_only.dpms/dina[12]
    RAMB18_X0Y14         RAMB18E1                                     r  shared_xfft/U0/i_synth/xfft_inst/non_floating_point.arch_b.xfft_inst/single_channel.datapath/memories[1].blkmem_gen.use_bram_only.dpms/depths_3to9.ram_loop[0].use_RAMB18.SDP_RAMB18E1_36x512/DIBDI[11]
  -------------------------------------------------------------------    -------------------

                         (clock island_175 rise edge)
                                                      0.000     0.000 r  
                                                      0.000     0.000 r  fft_clk (IN)
                         net (fo=4728, unset)         0.432     0.432    shared_xfft/U0/i_synth/xfft_inst/non_floating_point.arch_b.xfft_inst/single_channel.datapath/memories[1].blkmem_gen.use_bram_only.dpms/clk
    RAMB18_X0Y14         RAMB18E1                                     r  shared_xfft/U0/i_synth/xfft_inst/non_floating_point.arch_b.xfft_inst/single_channel.datapath/memories[1].blkmem_gen.use_bram_only.dpms/depths_3to9.ram_loop[0].use_RAMB18.SDP_RAMB18E1_36x512/CLKBWRCLK
                         clock pessimism              0.000     0.432    
    RAMB18_X0Y14         RAMB18E1 (Hold_ramb18e1_CLKBWRCLK_DIBDI[11])
                                                      0.155     0.587    shared_xfft/U0/i_synth/xfft_inst/non_floating_point.arch_b.xfft_inst/single_channel.datapath/memories[1].blkmem_gen.use_bram_only.dpms/depths_3to9.ram_loop[0].use_RAMB18.SDP_RAMB18E1_36x512
  -------------------------------------------------------------------
                         required time                         -0.587    
                         arrival time                           0.681    
  -------------------------------------------------------------------
                         slack                                  0.094    

Slack (MET) :             0.094ns  (arrival time - required time)
  Source:                 shared_xfft/U0/i_synth/xfft_inst/non_floating_point.arch_b.xfft_inst/single_channel.datapath/input_muxes[1].write_data_im_mux/use_lut6_2.latency1.Q_reg[10]/C
                            (rising edge-triggered cell FDRE clocked by island_175  {rise@0.000ns fall@2.857ns period=5.714ns})
  Destination:            shared_xfft/U0/i_synth/xfft_inst/non_floating_point.arch_b.xfft_inst/single_channel.datapath/memories[1].blkmem_gen.use_bram_only.dpms/depths_3to9.ram_loop[0].use_RAMB18.SDP_RAMB18E1_36x512/DIBDI[9]
                            (rising edge-triggered cell RAMB18E1 clocked by island_175  {rise@0.000ns fall@2.857ns period=5.714ns})
  Path Group:             island_175
  Path Type:              Hold (Min at Fast Process Corner)
  Requirement:            0.000ns  (island_175 rise@0.000ns - island_175 rise@0.000ns)
  Data Path Delay:        0.271ns  (logic 0.164ns (60.558%)  route 0.107ns (39.442%))
  Logic Levels:           0  
  Clock Path Skew:        0.022ns (DCD - SCD - CPR)
    Destination Clock Delay (DCD):    0.432ns
    Source Clock Delay      (SCD):    0.410ns
    Clock Pessimism Removal (CPR):    -0.000ns

    Location             Delay type                Incr(ns)  Path(ns)    Netlist Resource(s)
  -------------------------------------------------------------------    -------------------
                         (clock island_175 rise edge)
                                                      0.000     0.000 r  
                                                      0.000     0.000 r  fft_clk (IN)
                         net (fo=4728, unset)         0.410     0.410    shared_xfft/U0/i_synth/xfft_inst/non_floating_point.arch_b.xfft_inst/single_channel.datapath/input_muxes[1].write_data_im_mux/aclk
    SLICE_X6Y35          FDRE                                         r  shared_xfft/U0/i_synth/xfft_inst/non_floating_point.arch_b.xfft_inst/single_channel.datapath/input_muxes[1].write_data_im_mux/use_lut6_2.latency1.Q_reg[10]/C
  -------------------------------------------------------------------    -------------------
    SLICE_X6Y35          FDRE (Prop_fdre_C_Q)         0.164     0.574 r  shared_xfft/U0/i_synth/xfft_inst/non_floating_point.arch_b.xfft_inst/single_channel.datapath/input_muxes[1].write_data_im_mux/use_lut6_2.latency1.Q_reg[10]/Q
                         net (fo=1, routed)           0.107     0.681    shared_xfft/U0/i_synth/xfft_inst/non_floating_point.arch_b.xfft_inst/single_channel.datapath/memories[1].blkmem_gen.use_bram_only.dpms/dina[10]
    RAMB18_X0Y14         RAMB18E1                                     r  shared_xfft/U0/i_synth/xfft_inst/non_floating_point.arch_b.xfft_inst/single_channel.datapath/memories[1].blkmem_gen.use_bram_only.dpms/depths_3to9.ram_loop[0].use_RAMB18.SDP_RAMB18E1_36x512/DIBDI[9]
  -------------------------------------------------------------------    -------------------

                         (clock island_175 rise edge)
                                                      0.000     0.000 r  
                                                      0.000     0.000 r  fft_clk (IN)
                         net (fo=4728, unset)         0.432     0.432    shared_xfft/U0/i_synth/xfft_inst/non_floating_point.arch_b.xfft_inst/single_channel.datapath/memories[1].blkmem_gen.use_bram_only.dpms/clk
    RAMB18_X0Y14         RAMB18E1                                     r  shared_xfft/U0/i_synth/xfft_inst/non_floating_point.arch_b.xfft_inst/single_channel.datapath/memories[1].blkmem_gen.use_bram_only.dpms/depths_3to9.ram_loop[0].use_RAMB18.SDP_RAMB18E1_36x512/CLKBWRCLK
                         clock pessimism              0.000     0.432    
    RAMB18_X0Y14         RAMB18E1 (Hold_ramb18e1_CLKBWRCLK_DIBDI[9])
                                                      0.155     0.587    shared_xfft/U0/i_synth/xfft_inst/non_floating_point.arch_b.xfft_inst/single_channel.datapath/memories[1].blkmem_gen.use_bram_only.dpms/depths_3to9.ram_loop[0].use_RAMB18.SDP_RAMB18E1_36x512
  -------------------------------------------------------------------
                         required time                         -0.587    
                         arrival time                           0.681    
  -------------------------------------------------------------------
                         slack                                  0.094    

Slack (MET) :             0.095ns  (arrival time - required time)
  Source:                 shared_xfft/U0/i_synth/xfft_inst/non_floating_point.arch_b.xfft_inst/single_channel.datapath/input_muxes[1].write_data_im_mux/use_lut6_2.latency1.Q_reg[14]/C
                            (rising edge-triggered cell FDRE clocked by island_175  {rise@0.000ns fall@2.857ns period=5.714ns})
  Destination:            shared_xfft/U0/i_synth/xfft_inst/non_floating_point.arch_b.xfft_inst/single_channel.datapath/memories[1].blkmem_gen.use_bram_only.dpms/depths_3to9.ram_loop[0].use_RAMB18.SDP_RAMB18E1_36x512/DIBDI[13]
                            (rising edge-triggered cell RAMB18E1 clocked by island_175  {rise@0.000ns fall@2.857ns period=5.714ns})
  Path Group:             island_175
  Path Type:              Hold (Min at Fast Process Corner)
  Requirement:            0.000ns  (island_175 rise@0.000ns - island_175 rise@0.000ns)
  Data Path Delay:        0.272ns  (logic 0.164ns (60.336%)  route 0.108ns (39.664%))
  Logic Levels:           0  
  Clock Path Skew:        0.022ns (DCD - SCD - CPR)
    Destination Clock Delay (DCD):    0.432ns
    Source Clock Delay      (SCD):    0.410ns
    Clock Pessimism Removal (CPR):    -0.000ns

    Location             Delay type                Incr(ns)  Path(ns)    Netlist Resource(s)
  -------------------------------------------------------------------    -------------------
                         (clock island_175 rise edge)
                                                      0.000     0.000 r  
                                                      0.000     0.000 r  fft_clk (IN)
                         net (fo=4728, unset)         0.410     0.410    shared_xfft/U0/i_synth/xfft_inst/non_floating_point.arch_b.xfft_inst/single_channel.datapath/input_muxes[1].write_data_im_mux/aclk
    SLICE_X6Y36          FDRE                                         r  shared_xfft/U0/i_synth/xfft_inst/non_floating_point.arch_b.xfft_inst/single_channel.datapath/input_muxes[1].write_data_im_mux/use_lut6_2.latency1.Q_reg[14]/C
  -------------------------------------------------------------------    -------------------
    SLICE_X6Y36          FDRE (Prop_fdre_C_Q)         0.164     0.574 r  shared_xfft/U0/i_synth/xfft_inst/non_floating_point.arch_b.xfft_inst/single_channel.datapath/input_muxes[1].write_data_im_mux/use_lut6_2.latency1.Q_reg[14]/Q
                         net (fo=1, routed)           0.108     0.682    shared_xfft/U0/i_synth/xfft_inst/non_floating_point.arch_b.xfft_inst/single_channel.datapath/memories[1].blkmem_gen.use_bram_only.dpms/dina[14]
    RAMB18_X0Y14         RAMB18E1                                     r  shared_xfft/U0/i_synth/xfft_inst/non_floating_point.arch_b.xfft_inst/single_channel.datapath/memories[1].blkmem_gen.use_bram_only.dpms/depths_3to9.ram_loop[0].use_RAMB18.SDP_RAMB18E1_36x512/DIBDI[13]
  -------------------------------------------------------------------    -------------------

                         (clock island_175 rise edge)
                                                      0.000     0.000 r  
                                                      0.000     0.000 r  fft_clk (IN)
                         net (fo=4728, unset)         0.432     0.432    shared_xfft/U0/i_synth/xfft_inst/non_floating_point.arch_b.xfft_inst/single_channel.datapath/memories[1].blkmem_gen.use_bram_only.dpms/clk
    RAMB18_X0Y14         RAMB18E1                                     r  shared_xfft/U0/i_synth/xfft_inst/non_floating_point.arch_b.xfft_inst/single_channel.datapath/memories[1].blkmem_gen.use_bram_only.dpms/depths_3to9.ram_loop[0].use_RAMB18.SDP_RAMB18E1_36x512/CLKBWRCLK
                         clock pessimism              0.000     0.432    
    RAMB18_X0Y14         RAMB18E1 (Hold_ramb18e1_CLKBWRCLK_DIBDI[13])
                                                      0.155     0.587    shared_xfft/U0/i_synth/xfft_inst/non_floating_point.arch_b.xfft_inst/single_channel.datapath/memories[1].blkmem_gen.use_bram_only.dpms/depths_3to9.ram_loop[0].use_RAMB18.SDP_RAMB18E1_36x512
  -------------------------------------------------------------------
                         required time                         -0.587    
                         arrival time                           0.682    
  -------------------------------------------------------------------
                         slack                                  0.095    

Slack (MET) :             0.095ns  (arrival time - required time)
  Source:                 shared_xfft/U0/i_synth/xfft_inst/non_floating_point.arch_b.xfft_inst/single_channel.datapath/input_muxes[1].write_data_im_mux/use_lut6_2.latency1.Q_reg[16]/C
                            (rising edge-triggered cell FDRE clocked by island_175  {rise@0.000ns fall@2.857ns period=5.714ns})
  Destination:            shared_xfft/U0/i_synth/xfft_inst/non_floating_point.arch_b.xfft_inst/single_channel.datapath/memories[1].blkmem_gen.use_bram_only.dpms/depths_3to9.ram_loop[0].use_RAMB18.SDP_RAMB18E1_36x512/DIBDI[15]
                            (rising edge-triggered cell RAMB18E1 clocked by island_175  {rise@0.000ns fall@2.857ns period=5.714ns})
  Path Group:             island_175
  Path Type:              Hold (Min at Fast Process Corner)
  Requirement:            0.000ns  (island_175 rise@0.000ns - island_175 rise@0.000ns)
  Data Path Delay:        0.272ns  (logic 0.164ns (60.336%)  route 0.108ns (39.664%))
  Logic Levels:           0  
  Clock Path Skew:        0.022ns (DCD - SCD - CPR)
    Destination Clock Delay (DCD):    0.432ns
    Source Clock Delay      (SCD):    0.410ns
    Clock Pessimism Removal (CPR):    -0.000ns

    Location             Delay type                Incr(ns)  Path(ns)    Netlist Resource(s)
  -------------------------------------------------------------------    -------------------
                         (clock island_175 rise edge)
                                                      0.000     0.000 r  
                                                      0.000     0.000 r  fft_clk (IN)
                         net (fo=4728, unset)         0.410     0.410    shared_xfft/U0/i_synth/xfft_inst/non_floating_point.arch_b.xfft_inst/single_channel.datapath/input_muxes[1].write_data_im_mux/aclk
    SLICE_X6Y37          FDRE                                         r  shared_xfft/U0/i_synth/xfft_inst/non_floating_point.arch_b.xfft_inst/single_channel.datapath/input_muxes[1].write_data_im_mux/use_lut6_2.latency1.Q_reg[16]/C
  -------------------------------------------------------------------    -------------------
    SLICE_X6Y37          FDRE (Prop_fdre_C_Q)         0.164     0.574 r  shared_xfft/U0/i_synth/xfft_inst/non_floating_point.arch_b.xfft_inst/single_channel.datapath/input_muxes[1].write_data_im_mux/use_lut6_2.latency1.Q_reg[16]/Q
                         net (fo=1, routed)           0.108     0.682    shared_xfft/U0/i_synth/xfft_inst/non_floating_point.arch_b.xfft_inst/single_channel.datapath/memories[1].blkmem_gen.use_bram_only.dpms/dina[16]
    RAMB18_X0Y14         RAMB18E1                                     r  shared_xfft/U0/i_synth/xfft_inst/non_floating_point.arch_b.xfft_inst/single_channel.datapath/memories[1].blkmem_gen.use_bram_only.dpms/depths_3to9.ram_loop[0].use_RAMB18.SDP_RAMB18E1_36x512/DIBDI[15]
  -------------------------------------------------------------------    -------------------

                         (clock island_175 rise edge)
                                                      0.000     0.000 r  
                                                      0.000     0.000 r  fft_clk (IN)
                         net (fo=4728, unset)         0.432     0.432    shared_xfft/U0/i_synth/xfft_inst/non_floating_point.arch_b.xfft_inst/single_channel.datapath/memories[1].blkmem_gen.use_bram_only.dpms/clk
    RAMB18_X0Y14         RAMB18E1                                     r  shared_xfft/U0/i_synth/xfft_inst/non_floating_point.arch_b.xfft_inst/single_channel.datapath/memories[1].blkmem_gen.use_bram_only.dpms/depths_3to9.ram_loop[0].use_RAMB18.SDP_RAMB18E1_36x512/CLKBWRCLK
                         clock pessimism              0.000     0.432    
    RAMB18_X0Y14         RAMB18E1 (Hold_ramb18e1_CLKBWRCLK_DIBDI[15])
                                                      0.155     0.587    shared_xfft/U0/i_synth/xfft_inst/non_floating_point.arch_b.xfft_inst/single_channel.datapath/memories[1].blkmem_gen.use_bram_only.dpms/depths_3to9.ram_loop[0].use_RAMB18.SDP_RAMB18E1_36x512
  -------------------------------------------------------------------
                         required time                         -0.587    
                         arrival time                           0.682    
  -------------------------------------------------------------------
                         slack                                  0.095    

Slack (MET) :             0.097ns  (arrival time - required time)
  Source:                 shared_xfft/U0/i_synth/xfft_inst/non_floating_point.arch_b.xfft_inst/control/twiddle_generator2/tw0.twgen0/extra_reg.COSINE_reg[6]/C
                            (rising edge-triggered cell FDRE clocked by island_175  {rise@0.000ns fall@2.857ns period=5.714ns})
  Destination:            shared_xfft/U0/i_synth/xfft_inst/non_floating_point.arch_b.xfft_inst/single_channel.datapath/pe/mult_gen.Mult2/i_cmpy/three_mult_structure.use_dsp.i_dsp48/optionally_negate_inputs/apply_negation.registered_twos_comp_hblknm.gen_full_slices[1].gen_fdre[2].ff_br/D
                            (rising edge-triggered cell FDRE clocked by island_175  {rise@0.000ns fall@2.857ns period=5.714ns})
  Path Group:             island_175
  Path Type:              Hold (Min at Fast Process Corner)
  Requirement:            0.000ns  (island_175 rise@0.000ns - island_175 rise@0.000ns)
  Data Path Delay:        0.197ns  (logic 0.141ns (71.611%)  route 0.056ns (28.389%))
  Logic Levels:           0  
  Clock Path Skew:        0.022ns (DCD - SCD - CPR)
    Destination Clock Delay (DCD):    0.432ns
    Source Clock Delay      (SCD):    0.410ns
    Clock Pessimism Removal (CPR):    -0.000ns

    Location             Delay type                Incr(ns)  Path(ns)    Netlist Resource(s)
  -------------------------------------------------------------------    -------------------
                         (clock island_175 rise edge)
                                                      0.000     0.000 r  
                                                      0.000     0.000 r  fft_clk (IN)
                         net (fo=4728, unset)         0.410     0.410    shared_xfft/U0/i_synth/xfft_inst/non_floating_point.arch_b.xfft_inst/control/twiddle_generator2/tw0.twgen0/aclk
    SLICE_X5Y25          FDRE                                         r  shared_xfft/U0/i_synth/xfft_inst/non_floating_point.arch_b.xfft_inst/control/twiddle_generator2/tw0.twgen0/extra_reg.COSINE_reg[6]/C
  -------------------------------------------------------------------    -------------------
    SLICE_X5Y25          FDRE (Prop_fdre_C_Q)         0.141     0.551 r  shared_xfft/U0/i_synth/xfft_inst/non_floating_point.arch_b.xfft_inst/control/twiddle_generator2/tw0.twgen0/extra_reg.COSINE_reg[6]/Q
                         net (fo=1, routed)           0.056     0.607    shared_xfft/U0/i_synth/xfft_inst/non_floating_point.arch_b.xfft_inst/single_channel.datapath/pe/mult_gen.Mult2/i_cmpy/three_mult_structure.use_dsp.i_dsp48/optionally_negate_inputs/apply_negation.registered_twos_comp_hblknm.gen_part_slices[0].ff_br_0[6]
    SLICE_X5Y25          FDRE                                         r  shared_xfft/U0/i_synth/xfft_inst/non_floating_point.arch_b.xfft_inst/single_channel.datapath/pe/mult_gen.Mult2/i_cmpy/three_mult_structure.use_dsp.i_dsp48/optionally_negate_inputs/apply_negation.registered_twos_comp_hblknm.gen_full_slices[1].gen_fdre[2].ff_br/D
  -------------------------------------------------------------------    -------------------

                         (clock island_175 rise edge)
                                                      0.000     0.000 r  
                                                      0.000     0.000 r  fft_clk (IN)
                         net (fo=4728, unset)         0.432     0.432    shared_xfft/U0/i_synth/xfft_inst/non_floating_point.arch_b.xfft_inst/single_channel.datapath/pe/mult_gen.Mult2/i_cmpy/three_mult_structure.use_dsp.i_dsp48/optionally_negate_inputs/aclk
    SLICE_X5Y25          FDRE                                         r  shared_xfft/U0/i_synth/xfft_inst/non_floating_point.arch_b.xfft_inst/single_channel.datapath/pe/mult_gen.Mult2/i_cmpy/three_mult_structure.use_dsp.i_dsp48/optionally_negate_inputs/apply_negation.registered_twos_comp_hblknm.gen_full_slices[1].gen_fdre[2].ff_br/C
                         clock pessimism              0.000     0.432    
    SLICE_X5Y25          FDRE (Hold_fdre_C_D)         0.078     0.510    shared_xfft/U0/i_synth/xfft_inst/non_floating_point.arch_b.xfft_inst/single_channel.datapath/pe/mult_gen.Mult2/i_cmpy/three_mult_structure.use_dsp.i_dsp48/optionally_negate_inputs/apply_negation.registered_twos_comp_hblknm.gen_full_slices[1].gen_fdre[2].ff_br
  -------------------------------------------------------------------
                         required time                         -0.510    
                         arrival time                           0.607    
  -------------------------------------------------------------------
                         slack                                  0.097    

Slack (MET) :             0.099ns  (arrival time - required time)
  Source:                 shared_xfft/U0/i_synth/xfft_inst/non_floating_point.arch_b.xfft_inst/control/twiddle_generator2/tw0.twgen0/extra_reg.COSINE_reg[5]/C
                            (rising edge-triggered cell FDRE clocked by island_175  {rise@0.000ns fall@2.857ns period=5.714ns})
  Destination:            shared_xfft/U0/i_synth/xfft_inst/non_floating_point.arch_b.xfft_inst/single_channel.datapath/pe/mult_gen.Mult2/i_cmpy/three_mult_structure.use_dsp.i_dsp48/optionally_negate_inputs/apply_negation.registered_twos_comp_hblknm.gen_full_slices[1].gen_fdre[1].ff_br/D
                            (rising edge-triggered cell FDRE clocked by island_175  {rise@0.000ns fall@2.857ns period=5.714ns})
  Path Group:             island_175
  Path Type:              Hold (Min at Fast Process Corner)
  Requirement:            0.000ns  (island_175 rise@0.000ns - island_175 rise@0.000ns)
  Data Path Delay:        0.197ns  (logic 0.141ns (71.611%)  route 0.056ns (28.389%))
  Logic Levels:           0  
  Clock Path Skew:        0.022ns (DCD - SCD - CPR)
    Destination Clock Delay (DCD):    0.432ns
    Source Clock Delay      (SCD):    0.410ns
    Clock Pessimism Removal (CPR):    -0.000ns

    Location             Delay type                Incr(ns)  Path(ns)    Netlist Resource(s)
  -------------------------------------------------------------------    -------------------
                         (clock island_175 rise edge)
                                                      0.000     0.000 r  
                                                      0.000     0.000 r  fft_clk (IN)
                         net (fo=4728, unset)         0.410     0.410    shared_xfft/U0/i_synth/xfft_inst/non_floating_point.arch_b.xfft_inst/control/twiddle_generator2/tw0.twgen0/aclk
    SLICE_X5Y25          FDRE                                         r  shared_xfft/U0/i_synth/xfft_inst/non_floating_point.arch_b.xfft_inst/control/twiddle_generator2/tw0.twgen0/extra_reg.COSINE_reg[5]/C
  -------------------------------------------------------------------    -------------------
    SLICE_X5Y25          FDRE (Prop_fdre_C_Q)         0.141     0.551 r  shared_xfft/U0/i_synth/xfft_inst/non_floating_point.arch_b.xfft_inst/control/twiddle_generator2/tw0.twgen0/extra_reg.COSINE_reg[5]/Q
                         net (fo=1, routed)           0.056     0.607    shared_xfft/U0/i_synth/xfft_inst/non_floating_point.arch_b.xfft_inst/single_channel.datapath/pe/mult_gen.Mult2/i_cmpy/three_mult_structure.use_dsp.i_dsp48/optionally_negate_inputs/apply_negation.registered_twos_comp_hblknm.gen_part_slices[0].ff_br_0[5]
    SLICE_X5Y25          FDRE                                         r  shared_xfft/U0/i_synth/xfft_inst/non_floating_point.arch_b.xfft_inst/single_channel.datapath/pe/mult_gen.Mult2/i_cmpy/three_mult_structure.use_dsp.i_dsp48/optionally_negate_inputs/apply_negation.registered_twos_comp_hblknm.gen_full_slices[1].gen_fdre[1].ff_br/D
  -------------------------------------------------------------------    -------------------

                         (clock island_175 rise edge)
                                                      0.000     0.000 r  
                                                      0.000     0.000 r  fft_clk (IN)
                         net (fo=4728, unset)         0.432     0.432    shared_xfft/U0/i_synth/xfft_inst/non_floating_point.arch_b.xfft_inst/single_channel.datapath/pe/mult_gen.Mult2/i_cmpy/three_mult_structure.use_dsp.i_dsp48/optionally_negate_inputs/aclk
    SLICE_X5Y25          FDRE                                         r  shared_xfft/U0/i_synth/xfft_inst/non_floating_point.arch_b.xfft_inst/single_channel.datapath/pe/mult_gen.Mult2/i_cmpy/three_mult_structure.use_dsp.i_dsp48/optionally_negate_inputs/apply_negation.registered_twos_comp_hblknm.gen_full_slices[1].gen_fdre[1].ff_br/C
                         clock pessimism              0.000     0.432    
    SLICE_X5Y25          FDRE (Hold_fdre_C_D)         0.076     0.508    shared_xfft/U0/i_synth/xfft_inst/non_floating_point.arch_b.xfft_inst/single_channel.datapath/pe/mult_gen.Mult2/i_cmpy/three_mult_structure.use_dsp.i_dsp48/optionally_negate_inputs/apply_negation.registered_twos_comp_hblknm.gen_full_slices[1].gen_fdre[1].ff_br
  -------------------------------------------------------------------
                         required time                         -0.508    
                         arrival time                           0.607    
  -------------------------------------------------------------------
                         slack                                  0.099    

Slack (MET) :             0.100ns  (arrival time - required time)
  Source:                 product_bank/acknowledge_sync_reg[0]/C
                            (rising edge-triggered cell FDRE clocked by island_175  {rise@0.000ns fall@2.857ns period=5.714ns})
  Destination:            product_bank/acknowledge_sync_reg[1]/D
                            (rising edge-triggered cell FDRE clocked by island_175  {rise@0.000ns fall@2.857ns period=5.714ns})
  Path Group:             island_175
  Path Type:              Hold (Min at Fast Process Corner)
  Requirement:            0.000ns  (island_175 rise@0.000ns - island_175 rise@0.000ns)
  Data Path Delay:        0.197ns  (logic 0.141ns (71.611%)  route 0.056ns (28.389%))
  Logic Levels:           0  
  Clock Path Skew:        0.022ns (DCD - SCD - CPR)
    Destination Clock Delay (DCD):    0.432ns
    Source Clock Delay      (SCD):    0.410ns
    Clock Pessimism Removal (CPR):    -0.000ns

    Location             Delay type                Incr(ns)  Path(ns)    Netlist Resource(s)
  -------------------------------------------------------------------    -------------------
                         (clock island_175 rise edge)
                                                      0.000     0.000 r  
                                                      0.000     0.000 r  fft_clk (IN)
                         net (fo=4728, unset)         0.410     0.410    product_bank/fft_clk
    SLICE_X9Y14          FDRE                                         r  product_bank/acknowledge_sync_reg[0]/C
  -------------------------------------------------------------------    -------------------
    SLICE_X9Y14          FDRE (Prop_fdre_C_Q)         0.141     0.551 r  product_bank/acknowledge_sync_reg[0]/Q
                         net (fo=1, routed)           0.056     0.607    product_bank/acknowledge_sync[0]
    SLICE_X9Y14          FDRE                                         r  product_bank/acknowledge_sync_reg[1]/D
  -------------------------------------------------------------------    -------------------

                         (clock island_175 rise edge)
                                                      0.000     0.000 r  
                                                      0.000     0.000 r  fft_clk (IN)
                         net (fo=4728, unset)         0.432     0.432    product_bank/fft_clk
    SLICE_X9Y14          FDRE                                         r  product_bank/acknowledge_sync_reg[1]/C
                         clock pessimism              0.000     0.432    
    SLICE_X9Y14          FDRE (Hold_fdre_C_D)         0.075     0.507    product_bank/acknowledge_sync_reg[1]
  -------------------------------------------------------------------
                         required time                         -0.507    
                         arrival time                           0.607    
  -------------------------------------------------------------------
                         slack                                  0.100    

Slack (MET) :             0.100ns  (arrival time - required time)
  Source:                 shared_xfft/U0/i_synth/xfft_inst/non_floating_point.arch_b.xfft_inst/single_channel.datapath/pe/mult_gen.Mult1/i_cmpy/three_mult_structure.use_dsp.i_dsp48/optionally_negate_inputs/apply_negation.registered_twos_comp_hblknm.gen_full_slices[1].gen_fdre[0].ff_bi/C
                            (rising edge-triggered cell FDRE clocked by island_175  {rise@0.000ns fall@2.857ns period=5.714ns})
  Destination:            shared_xfft/U0/i_synth/xfft_inst/non_floating_point.arch_b.xfft_inst/single_channel.datapath/pe/mult_gen.Mult1/i_cmpy/three_mult_structure.use_dsp.i_dsp48/dsp_preadder_1.reg_mult1_preadd_d/dN.std_srl.shift_reg_reg[0][4]/D
                            (rising edge-triggered cell FDRE clocked by island_175  {rise@0.000ns fall@2.857ns period=5.714ns})
  Path Group:             island_175
  Path Type:              Hold (Min at Fast Process Corner)
  Requirement:            0.000ns  (island_175 rise@0.000ns - island_175 rise@0.000ns)
  Data Path Delay:        0.197ns  (logic 0.141ns (71.611%)  route 0.056ns (28.389%))
  Logic Levels:           0  
  Clock Path Skew:        0.022ns (DCD - SCD - CPR)
    Destination Clock Delay (DCD):    0.432ns
    Source Clock Delay      (SCD):    0.410ns
    Clock Pessimism Removal (CPR):    -0.000ns

    Location             Delay type                Incr(ns)  Path(ns)    Netlist Resource(s)
  -------------------------------------------------------------------    -------------------
                         (clock island_175 rise edge)
                                                      0.000     0.000 r  
                                                      0.000     0.000 r  fft_clk (IN)
                         net (fo=4728, unset)         0.410     0.410    shared_xfft/U0/i_synth/xfft_inst/non_floating_point.arch_b.xfft_inst/single_channel.datapath/pe/mult_gen.Mult1/i_cmpy/three_mult_structure.use_dsp.i_dsp48/optionally_negate_inputs/aclk
    SLICE_X35Y19         FDRE                                         r  shared_xfft/U0/i_synth/xfft_inst/non_floating_point.arch_b.xfft_inst/single_channel.datapath/pe/mult_gen.Mult1/i_cmpy/three_mult_structure.use_dsp.i_dsp48/optionally_negate_inputs/apply_negation.registered_twos_comp_hblknm.gen_full_slices[1].gen_fdre[0].ff_bi/C
  -------------------------------------------------------------------    -------------------
    SLICE_X35Y19         FDRE (Prop_fdre_C_Q)         0.141     0.551 r  shared_xfft/U0/i_synth/xfft_inst/non_floating_point.arch_b.xfft_inst/single_channel.datapath/pe/mult_gen.Mult1/i_cmpy/three_mult_structure.use_dsp.i_dsp48/optionally_negate_inputs/apply_negation.registered_twos_comp_hblknm.gen_full_slices[1].gen_fdre[0].ff_bi/Q
                         net (fo=1, routed)           0.056     0.607    shared_xfft/U0/i_synth/xfft_inst/non_floating_point.arch_b.xfft_inst/single_channel.datapath/pe/mult_gen.Mult1/i_cmpy/three_mult_structure.use_dsp.i_dsp48/dsp_preadder_1.reg_mult1_preadd_d/D[4]
    SLICE_X35Y19         FDRE                                         r  shared_xfft/U0/i_synth/xfft_inst/non_floating_point.arch_b.xfft_inst/single_channel.datapath/pe/mult_gen.Mult1/i_cmpy/three_mult_structure.use_dsp.i_dsp48/dsp_preadder_1.reg_mult1_preadd_d/dN.std_srl.shift_reg_reg[0][4]/D
  -------------------------------------------------------------------    -------------------

                         (clock island_175 rise edge)
                                                      0.000     0.000 r  
                                                      0.000     0.000 r  fft_clk (IN)
                         net (fo=4728, unset)         0.432     0.432    shared_xfft/U0/i_synth/xfft_inst/non_floating_point.arch_b.xfft_inst/single_channel.datapath/pe/mult_gen.Mult1/i_cmpy/three_mult_structure.use_dsp.i_dsp48/dsp_preadder_1.reg_mult1_preadd_d/aclk
    SLICE_X35Y19         FDRE                                         r  shared_xfft/U0/i_synth/xfft_inst/non_floating_point.arch_b.xfft_inst/single_channel.datapath/pe/mult_gen.Mult1/i_cmpy/three_mult_structure.use_dsp.i_dsp48/dsp_preadder_1.reg_mult1_preadd_d/dN.std_srl.shift_reg_reg[0][4]/C
                         clock pessimism              0.000     0.432    
    SLICE_X35Y19         FDRE (Hold_fdre_C_D)         0.075     0.507    shared_xfft/U0/i_synth/xfft_inst/non_floating_point.arch_b.xfft_inst/single_channel.datapath/pe/mult_gen.Mult1/i_cmpy/three_mult_structure.use_dsp.i_dsp48/dsp_preadder_1.reg_mult1_preadd_d/dN.std_srl.shift_reg_reg[0][4]
  -------------------------------------------------------------------
                         required time                         -0.507    
                         arrival time                           0.607    
  -------------------------------------------------------------------
                         slack                                  0.100    

Slack (MET) :             0.100ns  (arrival time - required time)
  Source:                 shared_xfft/U0/i_synth/xfft_inst/non_floating_point.arch_b.xfft_inst/control/twiddle_generator2/tw0.twgen0/extra_reg.COSINE_reg[12]/C
                            (rising edge-triggered cell FDRE clocked by island_175  {rise@0.000ns fall@2.857ns period=5.714ns})
  Destination:            shared_xfft/U0/i_synth/xfft_inst/non_floating_point.arch_b.xfft_inst/single_channel.datapath/pe/mult_gen.Mult2/i_cmpy/three_mult_structure.use_dsp.i_dsp48/optionally_negate_inputs/apply_negation.registered_twos_comp_hblknm.gen_full_slices[3].gen_fdre[0].ff_br/D
                            (rising edge-triggered cell FDRE clocked by island_175  {rise@0.000ns fall@2.857ns period=5.714ns})
  Path Group:             island_175
  Path Type:              Hold (Min at Fast Process Corner)
  Requirement:            0.000ns  (island_175 rise@0.000ns - island_175 rise@0.000ns)
  Data Path Delay:        0.197ns  (logic 0.141ns (71.611%)  route 0.056ns (28.389%))
  Logic Levels:           0  
  Clock Path Skew:        0.022ns (DCD - SCD - CPR)
    Destination Clock Delay (DCD):    0.432ns
    Source Clock Delay      (SCD):    0.410ns
    Clock Pessimism Removal (CPR):    -0.000ns

    Location             Delay type                Incr(ns)  Path(ns)    Netlist Resource(s)
  -------------------------------------------------------------------    -------------------
                         (clock island_175 rise edge)
                                                      0.000     0.000 r  
                                                      0.000     0.000 r  fft_clk (IN)
                         net (fo=4728, unset)         0.410     0.410    shared_xfft/U0/i_synth/xfft_inst/non_floating_point.arch_b.xfft_inst/control/twiddle_generator2/tw0.twgen0/aclk
    SLICE_X7Y27          FDRE                                         r  shared_xfft/U0/i_synth/xfft_inst/non_floating_point.arch_b.xfft_inst/control/twiddle_generator2/tw0.twgen0/extra_reg.COSINE_reg[12]/C
  -------------------------------------------------------------------    -------------------
    SLICE_X7Y27          FDRE (Prop_fdre_C_Q)         0.141     0.551 r  shared_xfft/U0/i_synth/xfft_inst/non_floating_point.arch_b.xfft_inst/control/twiddle_generator2/tw0.twgen0/extra_reg.COSINE_reg[12]/Q
                         net (fo=1, routed)           0.056     0.607    shared_xfft/U0/i_synth/xfft_inst/non_floating_point.arch_b.xfft_inst/single_channel.datapath/pe/mult_gen.Mult2/i_cmpy/three_mult_structure.use_dsp.i_dsp48/optionally_negate_inputs/apply_negation.registered_twos_comp_hblknm.gen_part_slices[0].ff_br_0[12]
    SLICE_X7Y27          FDRE                                         r  shared_xfft/U0/i_synth/xfft_inst/non_floating_point.arch_b.xfft_inst/single_channel.datapath/pe/mult_gen.Mult2/i_cmpy/three_mult_structure.use_dsp.i_dsp48/optionally_negate_inputs/apply_negation.registered_twos_comp_hblknm.gen_full_slices[3].gen_fdre[0].ff_br/D
  -------------------------------------------------------------------    -------------------

                         (clock island_175 rise edge)
                                                      0.000     0.000 r  
                                                      0.000     0.000 r  fft_clk (IN)
                         net (fo=4728, unset)         0.432     0.432    shared_xfft/U0/i_synth/xfft_inst/non_floating_point.arch_b.xfft_inst/single_channel.datapath/pe/mult_gen.Mult2/i_cmpy/three_mult_structure.use_dsp.i_dsp48/optionally_negate_inputs/aclk
    SLICE_X7Y27          FDRE                                         r  shared_xfft/U0/i_synth/xfft_inst/non_floating_point.arch_b.xfft_inst/single_channel.datapath/pe/mult_gen.Mult2/i_cmpy/three_mult_structure.use_dsp.i_dsp48/optionally_negate_inputs/apply_negation.registered_twos_comp_hblknm.gen_full_slices[3].gen_fdre[0].ff_br/C
                         clock pessimism              0.000     0.432    
    SLICE_X7Y27          FDRE (Hold_fdre_C_D)         0.075     0.507    shared_xfft/U0/i_synth/xfft_inst/non_floating_point.arch_b.xfft_inst/single_channel.datapath/pe/mult_gen.Mult2/i_cmpy/three_mult_structure.use_dsp.i_dsp48/optionally_negate_inputs/apply_negation.registered_twos_comp_hblknm.gen_full_slices[3].gen_fdre[0].ff_br
  -------------------------------------------------------------------
                         required time                         -0.507    
                         arrival time                           0.607    
  -------------------------------------------------------------------
                         slack                                  0.100    

Slack (MET) :             0.101ns  (arrival time - required time)
  Source:                 shared_xfft/U0/i_synth/xfft_inst/non_floating_point.arch_b.xfft_inst/single_channel.datapath/pe/mult_gen.Mult1/i_cmpy/three_mult_structure.use_dsp.i_dsp48/dsp_preadder_1.reg_mult1_preadd_d/dN.std_srl.shift_reg_reg[0][1]/C
                            (rising edge-triggered cell FDRE clocked by island_175  {rise@0.000ns fall@2.857ns period=5.714ns})
  Destination:            shared_xfft/U0/i_synth/xfft_inst/non_floating_point.arch_b.xfft_inst/single_channel.datapath/pe/mult_gen.Mult1/i_cmpy/three_mult_structure.use_dsp.i_dsp48/dsp_preadder_3.reg_mult3_preadd_d/dN.std_srl.shift_reg_reg[1][1]/D
                            (rising edge-triggered cell FDRE clocked by island_175  {rise@0.000ns fall@2.857ns period=5.714ns})
  Path Group:             island_175
  Path Type:              Hold (Min at Fast Process Corner)
  Requirement:            0.000ns  (island_175 rise@0.000ns - island_175 rise@0.000ns)
  Data Path Delay:        0.197ns  (logic 0.141ns (71.536%)  route 0.056ns (28.464%))
  Logic Levels:           0  
  Clock Path Skew:        0.022ns (DCD - SCD - CPR)
    Destination Clock Delay (DCD):    0.432ns
    Source Clock Delay      (SCD):    0.410ns
    Clock Pessimism Removal (CPR):    -0.000ns

    Location             Delay type                Incr(ns)  Path(ns)    Netlist Resource(s)
  -------------------------------------------------------------------    -------------------
                         (clock island_175 rise edge)
                                                      0.000     0.000 r  
                                                      0.000     0.000 r  fft_clk (IN)
                         net (fo=4728, unset)         0.410     0.410    shared_xfft/U0/i_synth/xfft_inst/non_floating_point.arch_b.xfft_inst/single_channel.datapath/pe/mult_gen.Mult1/i_cmpy/three_mult_structure.use_dsp.i_dsp48/dsp_preadder_1.reg_mult1_preadd_d/aclk
    SLICE_X33Y18         FDRE                                         r  shared_xfft/U0/i_synth/xfft_inst/non_floating_point.arch_b.xfft_inst/single_channel.datapath/pe/mult_gen.Mult1/i_cmpy/three_mult_structure.use_dsp.i_dsp48/dsp_preadder_1.reg_mult1_preadd_d/dN.std_srl.shift_reg_reg[0][1]/C
  -------------------------------------------------------------------    -------------------
    SLICE_X33Y18         FDRE (Prop_fdre_C_Q)         0.141     0.551 r  shared_xfft/U0/i_synth/xfft_inst/non_floating_point.arch_b.xfft_inst/single_channel.datapath/pe/mult_gen.Mult1/i_cmpy/three_mult_structure.use_dsp.i_dsp48/dsp_preadder_1.reg_mult1_preadd_d/dN.std_srl.shift_reg_reg[0][1]/Q
                         net (fo=1, routed)           0.056     0.607    shared_xfft/U0/i_synth/xfft_inst/non_floating_point.arch_b.xfft_inst/single_channel.datapath/pe/mult_gen.Mult1/i_cmpy/three_mult_structure.use_dsp.i_dsp48/dsp_preadder_3.reg_mult3_preadd_d/Q[1]
    SLICE_X32Y18         FDRE                                         r  shared_xfft/U0/i_synth/xfft_inst/non_floating_point.arch_b.xfft_inst/single_channel.datapath/pe/mult_gen.Mult1/i_cmpy/three_mult_structure.use_dsp.i_dsp48/dsp_preadder_3.reg_mult3_preadd_d/dN.std_srl.shift_reg_reg[1][1]/D
  -------------------------------------------------------------------    -------------------

                         (clock island_175 rise edge)
                                                      0.000     0.000 r  
                                                      0.000     0.000 r  fft_clk (IN)
                         net (fo=4728, unset)         0.432     0.432    shared_xfft/U0/i_synth/xfft_inst/non_floating_point.arch_b.xfft_inst/single_channel.datapath/pe/mult_gen.Mult1/i_cmpy/three_mult_structure.use_dsp.i_dsp48/dsp_preadder_3.reg_mult3_preadd_d/aclk
    SLICE_X32Y18         FDRE                                         r  shared_xfft/U0/i_synth/xfft_inst/non_floating_point.arch_b.xfft_inst/single_channel.datapath/pe/mult_gen.Mult1/i_cmpy/three_mult_structure.use_dsp.i_dsp48/dsp_preadder_3.reg_mult3_preadd_d/dN.std_srl.shift_reg_reg[1][1]/C
                         clock pessimism              0.000     0.432    
    SLICE_X32Y18         FDRE (Hold_fdre_C_D)         0.075     0.507    shared_xfft/U0/i_synth/xfft_inst/non_floating_point.arch_b.xfft_inst/single_channel.datapath/pe/mult_gen.Mult1/i_cmpy/three_mult_structure.use_dsp.i_dsp48/dsp_preadder_3.reg_mult3_preadd_d/dN.std_srl.shift_reg_reg[1][1]
  -------------------------------------------------------------------
                         required time                         -0.507    
                         arrival time                           0.607    
  -------------------------------------------------------------------
                         slack                                  0.101    




