Copyright 1986-2022 Xilinx, Inc. All Rights Reserved.
--------------------------------------------------------------------------------------------------------------------------------------------------------------------------------------------------------
| Tool Version : Vivado v.2022.2 (lin64) Build 3671981 Fri Oct 14 04:59:54 MDT 2022
| Date         : Thu Sep 10 11:29:11 2026
| Host         : gauss running 64-bit Ubuntu 26.04 LTS
| Command      : report_timing -from [get_clocks source_100] -to [get_clocks source_100] -delay_type min -max_paths 20 -file /tmp/starlink-completed-input.5EaJuD/fault-cdc-route-v1/source_100_min.rpt
| Design       : starlink_pss_fft_bank_owned_slice
| Device       : 7z010-clg400
| Speed File   : -1  PRODUCTION 1.12 2019-11-22
--------------------------------------------------------------------------------------------------------------------------------------------------------------------------------------------------------

Timing Report

Slack (MET) :             0.104ns  (arrival time - required time)
  Source:                 per_cause_fault_cdc.causes[6].cause_sync_reg[0]/C
                            (rising edge-triggered cell FDRE clocked by source_100  {rise@0.000ns fall@5.000ns period=10.000ns})
  Destination:            per_cause_fault_cdc.causes[6].cause_sync_reg[1]/D
                            (rising edge-triggered cell FDRE clocked by source_100  {rise@0.000ns fall@5.000ns period=10.000ns})
  Path Group:             source_100
  Path Type:              Hold (Min at Fast Process Corner)
  Requirement:            0.000ns  (source_100 rise@0.000ns - source_100 rise@0.000ns)
  Data Path Delay:        0.197ns  (logic 0.141ns (71.611%)  route 0.056ns (28.389%))
  Logic Levels:           0  
  Clock Path Skew:        0.022ns (DCD - SCD - CPR)
    Destination Clock Delay (DCD):    0.432ns
    Source Clock Delay      (SCD):    0.410ns
    Clock Pessimism Removal (CPR):    -0.000ns

    Location             Delay type                Incr(ns)  Path(ns)    Netlist Resource(s)
  -------------------------------------------------------------------    -------------------
                         (clock source_100 rise edge)
                                                      0.000     0.000 r  
                                                      0.000     0.000 r  clk (IN)
                         net (fo=205, unset)          0.410     0.410    clk
    SLICE_X7Y15          FDRE                                         r  per_cause_fault_cdc.causes[6].cause_sync_reg[0]/C
  -------------------------------------------------------------------    -------------------
    SLICE_X7Y15          FDRE (Prop_fdre_C_Q)         0.141     0.551 r  per_cause_fault_cdc.causes[6].cause_sync_reg[0]/Q
                         net (fo=1, routed)           0.056     0.607    per_cause_fault_cdc.causes[6].cause_sync[0]
    SLICE_X7Y15          FDRE                                         r  per_cause_fault_cdc.causes[6].cause_sync_reg[1]/D
  -------------------------------------------------------------------    -------------------

                         (clock source_100 rise edge)
                                                      0.000     0.000 r  
                                                      0.000     0.000 r  clk (IN)
                         net (fo=205, unset)          0.432     0.432    clk
    SLICE_X7Y15          FDRE                                         r  per_cause_fault_cdc.causes[6].cause_sync_reg[1]/C
                         clock pessimism              0.000     0.432    
    SLICE_X7Y15          FDRE (Hold_fdre_C_D)         0.071     0.503    per_cause_fault_cdc.causes[6].cause_sync_reg[1]
  -------------------------------------------------------------------
                         required time                         -0.503    
                         arrival time                           0.607    
  -------------------------------------------------------------------
                         slack                                  0.104    

Slack (MET) :             0.106ns  (arrival time - required time)
  Source:                 per_cause_fault_cdc.causes[5].cause_sync_reg[0]/C
                            (rising edge-triggered cell FDRE clocked by source_100  {rise@0.000ns fall@5.000ns period=10.000ns})
  Destination:            per_cause_fault_cdc.causes[5].cause_sync_reg[1]/D
                            (rising edge-triggered cell FDRE clocked by source_100  {rise@0.000ns fall@5.000ns period=10.000ns})
  Path Group:             source_100
  Path Type:              Hold (Min at Fast Process Corner)
  Requirement:            0.000ns  (source_100 rise@0.000ns - source_100 rise@0.000ns)
  Data Path Delay:        0.199ns  (logic 0.141ns (70.953%)  route 0.058ns (29.047%))
  Logic Levels:           0  
  Clock Path Skew:        0.022ns (DCD - SCD - CPR)
    Destination Clock Delay (DCD):    0.432ns
    Source Clock Delay      (SCD):    0.410ns
    Clock Pessimism Removal (CPR):    -0.000ns

    Location             Delay type                Incr(ns)  Path(ns)    Netlist Resource(s)
  -------------------------------------------------------------------    -------------------
                         (clock source_100 rise edge)
                                                      0.000     0.000 r  
                                                      0.000     0.000 r  clk (IN)
                         net (fo=205, unset)          0.410     0.410    clk
    SLICE_X2Y15          FDRE                                         r  per_cause_fault_cdc.causes[5].cause_sync_reg[0]/C
  -------------------------------------------------------------------    -------------------
    SLICE_X2Y15          FDRE (Prop_fdre_C_Q)         0.141     0.551 r  per_cause_fault_cdc.causes[5].cause_sync_reg[0]/Q
                         net (fo=1, routed)           0.058     0.609    per_cause_fault_cdc.causes[5].cause_sync[0]
    SLICE_X2Y15          FDRE                                         r  per_cause_fault_cdc.causes[5].cause_sync_reg[1]/D
  -------------------------------------------------------------------    -------------------

                         (clock source_100 rise edge)
                                                      0.000     0.000 r  
                                                      0.000     0.000 r  clk (IN)
                         net (fo=205, unset)          0.432     0.432    clk
    SLICE_X2Y15          FDRE                                         r  per_cause_fault_cdc.causes[5].cause_sync_reg[1]/C
                         clock pessimism              0.000     0.432    
    SLICE_X2Y15          FDRE (Hold_fdre_C_D)         0.071     0.503    per_cause_fault_cdc.causes[5].cause_sync_reg[1]
  -------------------------------------------------------------------
                         required time                         -0.503    
                         arrival time                           0.609    
  -------------------------------------------------------------------
                         slack                                  0.106    

Slack (MET) :             0.164ns  (arrival time - required time)
  Source:                 per_cause_fault_cdc.causes[0].cause_sync_reg[0]/C
                            (rising edge-triggered cell FDRE clocked by source_100  {rise@0.000ns fall@5.000ns period=10.000ns})
  Destination:            per_cause_fault_cdc.causes[0].cause_sync_reg[1]/D
                            (rising edge-triggered cell FDRE clocked by source_100  {rise@0.000ns fall@5.000ns period=10.000ns})
  Path Group:             source_100
  Path Type:              Hold (Min at Fast Process Corner)
  Requirement:            0.000ns  (source_100 rise@0.000ns - source_100 rise@0.000ns)
  Data Path Delay:        0.207ns  (logic 0.148ns (71.409%)  route 0.059ns (28.591%))
  Logic Levels:           0  
  Clock Path Skew:        0.022ns (DCD - SCD - CPR)
    Destination Clock Delay (DCD):    0.432ns
    Source Clock Delay      (SCD):    0.410ns
    Clock Pessimism Removal (CPR):    -0.000ns

    Location             Delay type                Incr(ns)  Path(ns)    Netlist Resource(s)
  -------------------------------------------------------------------    -------------------
                         (clock source_100 rise edge)
                                                      0.000     0.000 r  
                                                      0.000     0.000 r  clk (IN)
                         net (fo=205, unset)          0.410     0.410    clk
    SLICE_X8Y20          FDRE                                         r  per_cause_fault_cdc.causes[0].cause_sync_reg[0]/C
  -------------------------------------------------------------------    -------------------
    SLICE_X8Y20          FDRE (Prop_fdre_C_Q)         0.148     0.558 r  per_cause_fault_cdc.causes[0].cause_sync_reg[0]/Q
                         net (fo=1, routed)           0.059     0.617    per_cause_fault_cdc.causes[0].cause_sync[0]
    SLICE_X8Y20          FDRE                                         r  per_cause_fault_cdc.causes[0].cause_sync_reg[1]/D
  -------------------------------------------------------------------    -------------------

                         (clock source_100 rise edge)
                                                      0.000     0.000 r  
                                                      0.000     0.000 r  clk (IN)
                         net (fo=205, unset)          0.432     0.432    clk
    SLICE_X8Y20          FDRE                                         r  per_cause_fault_cdc.causes[0].cause_sync_reg[1]/C
                         clock pessimism              0.000     0.432    
    SLICE_X8Y20          FDRE (Hold_fdre_C_D)         0.022     0.454    per_cause_fault_cdc.causes[0].cause_sync_reg[1]
  -------------------------------------------------------------------
                         required time                         -0.454    
                         arrival time                           0.617    
  -------------------------------------------------------------------
                         slack                                  0.164    

Slack (MET) :             0.190ns  (arrival time - required time)
  Source:                 source_bank/write_position_reg[3]/C
                            (rising edge-triggered cell FDRE clocked by source_100  {rise@0.000ns fall@5.000ns period=10.000ns})
  Destination:            source_bank/write_position_reg[4]/D
                            (rising edge-triggered cell FDRE clocked by source_100  {rise@0.000ns fall@5.000ns period=10.000ns})
  Path Group:             source_100
  Path Type:              Hold (Min at Fast Process Corner)
  Requirement:            0.000ns  (source_100 rise@0.000ns - source_100 rise@0.000ns)
  Data Path Delay:        0.304ns  (logic 0.227ns (74.785%)  route 0.077ns (25.215%))
  Logic Levels:           1  (LUT6=1)
  Clock Path Skew:        0.022ns (DCD - SCD - CPR)
    Destination Clock Delay (DCD):    0.432ns
    Source Clock Delay      (SCD):    0.410ns
    Clock Pessimism Removal (CPR):    -0.000ns

    Location             Delay type                Incr(ns)  Path(ns)    Netlist Resource(s)
  -------------------------------------------------------------------    -------------------
                         (clock source_100 rise edge)
                                                      0.000     0.000 r  
                                                      0.000     0.000 r  clk (IN)
                         net (fo=205, unset)          0.410     0.410    source_bank/clk
    SLICE_X2Y14          FDRE                                         r  source_bank/write_position_reg[3]/C
  -------------------------------------------------------------------    -------------------
    SLICE_X2Y14          FDRE (Prop_fdre_C_Q)         0.128     0.538 r  source_bank/write_position_reg[3]/Q
                         net (fo=6, routed)           0.077     0.615    source_bank/write_position[3]
    SLICE_X2Y14          LUT6 (Prop_lut6_I1_O)        0.099     0.714 r  source_bank/write_position[4]_i_1/O
                         net (fo=1, routed)           0.000     0.714    source_bank/write_position__0[4]
    SLICE_X2Y14          FDRE                                         r  source_bank/write_position_reg[4]/D
  -------------------------------------------------------------------    -------------------

                         (clock source_100 rise edge)
                                                      0.000     0.000 r  
                                                      0.000     0.000 r  clk (IN)
                         net (fo=205, unset)          0.432     0.432    source_bank/clk
    SLICE_X2Y14          FDRE                                         r  source_bank/write_position_reg[4]/C
                         clock pessimism              0.000     0.432    
    SLICE_X2Y14          FDRE (Hold_fdre_C_D)         0.092     0.524    source_bank/write_position_reg[4]
  -------------------------------------------------------------------
                         required time                         -0.524    
                         arrival time                           0.714    
  -------------------------------------------------------------------
                         slack                                  0.190    

Slack (MET) :             0.191ns  (arrival time - required time)
  Source:                 output_bank/read_address_reg[6]/C
                            (rising edge-triggered cell FDRE clocked by source_100  {rise@0.000ns fall@5.000ns period=10.000ns})
  Destination:            output_bank/read_output_position_reg[6]/D
                            (rising edge-triggered cell FDRE clocked by source_100  {rise@0.000ns fall@5.000ns period=10.000ns})
  Path Group:             source_100
  Path Type:              Hold (Min at Fast Process Corner)
  Requirement:            0.000ns  (source_100 rise@0.000ns - source_100 rise@0.000ns)
  Data Path Delay:        0.265ns  (logic 0.141ns (53.204%)  route 0.124ns (46.796%))
  Logic Levels:           0  
  Clock Path Skew:        0.022ns (DCD - SCD - CPR)
    Destination Clock Delay (DCD):    0.432ns
    Source Clock Delay      (SCD):    0.410ns
    Clock Pessimism Removal (CPR):    -0.000ns

    Location             Delay type                Incr(ns)  Path(ns)    Netlist Resource(s)
  -------------------------------------------------------------------    -------------------
                         (clock source_100 rise edge)
                                                      0.000     0.000 r  
                                                      0.000     0.000 r  clk (IN)
                         net (fo=205, unset)          0.410     0.410    output_bank/clk
    SLICE_X3Y3           FDRE                                         r  output_bank/read_address_reg[6]/C
  -------------------------------------------------------------------    -------------------
    SLICE_X3Y3           FDRE (Prop_fdre_C_Q)         0.141     0.551 r  output_bank/read_address_reg[6]/Q
                         net (fo=7, routed)           0.124     0.675    output_bank/read_address[6]
    SLICE_X4Y3           FDRE                                         r  output_bank/read_output_position_reg[6]/D
  -------------------------------------------------------------------    -------------------

                         (clock source_100 rise edge)
                                                      0.000     0.000 r  
                                                      0.000     0.000 r  clk (IN)
                         net (fo=205, unset)          0.432     0.432    output_bank/clk
    SLICE_X4Y3           FDRE                                         r  output_bank/read_output_position_reg[6]/C
                         clock pessimism              0.000     0.432    
    SLICE_X4Y3           FDRE (Hold_fdre_C_D)         0.052     0.484    output_bank/read_output_position_reg[6]
  -------------------------------------------------------------------
                         required time                         -0.484    
                         arrival time                           0.675    
  -------------------------------------------------------------------
                         slack                                  0.191    

Slack (MET) :             0.204ns  (arrival time - required time)
  Source:                 fast_reset_slow_reg[0]/C
                            (rising edge-triggered cell FDCE clocked by source_100  {rise@0.000ns fall@5.000ns period=10.000ns})
  Destination:            fast_reset_slow_reg[1]/D
                            (rising edge-triggered cell FDCE clocked by source_100  {rise@0.000ns fall@5.000ns period=10.000ns})
  Path Group:             source_100
  Path Type:              Hold (Min at Fast Process Corner)
  Requirement:            0.000ns  (source_100 rise@0.000ns - source_100 rise@0.000ns)
  Data Path Delay:        0.247ns  (logic 0.128ns (51.778%)  route 0.119ns (48.222%))
  Logic Levels:           0  
  Clock Path Skew:        0.022ns (DCD - SCD - CPR)
    Destination Clock Delay (DCD):    0.432ns
    Source Clock Delay      (SCD):    0.410ns
    Clock Pessimism Removal (CPR):    -0.000ns

    Location             Delay type                Incr(ns)  Path(ns)    Netlist Resource(s)
  -------------------------------------------------------------------    -------------------
                         (clock source_100 rise edge)
                                                      0.000     0.000 r  
                                                      0.000     0.000 r  clk (IN)
                         net (fo=205, unset)          0.410     0.410    clk
    SLICE_X3Y12          FDCE                                         r  fast_reset_slow_reg[0]/C
  -------------------------------------------------------------------    -------------------
    SLICE_X3Y12          FDCE (Prop_fdce_C_Q)         0.128     0.538 r  fast_reset_slow_reg[0]/Q
                         net (fo=1, routed)           0.119     0.657    fast_reset_slow[0]
    SLICE_X3Y12          FDCE                                         r  fast_reset_slow_reg[1]/D
  -------------------------------------------------------------------    -------------------

                         (clock source_100 rise edge)
                                                      0.000     0.000 r  
                                                      0.000     0.000 r  clk (IN)
                         net (fo=205, unset)          0.432     0.432    clk
    SLICE_X3Y12          FDCE                                         r  fast_reset_slow_reg[1]/C
                         clock pessimism              0.000     0.432    
    SLICE_X3Y12          FDCE (Hold_fdce_C_D)         0.022     0.454    fast_reset_slow_reg[1]
  -------------------------------------------------------------------
                         required time                         -0.454    
                         arrival time                           0.657    
  -------------------------------------------------------------------
                         slack                                  0.204    

Slack (MET) :             0.204ns  (arrival time - required time)
  Source:                 per_cause_fault_cdc.causes[11].cause_sync_reg[0]/C
                            (rising edge-triggered cell FDRE clocked by source_100  {rise@0.000ns fall@5.000ns period=10.000ns})
  Destination:            per_cause_fault_cdc.causes[11].cause_sync_reg[1]/D
                            (rising edge-triggered cell FDRE clocked by source_100  {rise@0.000ns fall@5.000ns period=10.000ns})
  Path Group:             source_100
  Path Type:              Hold (Min at Fast Process Corner)
  Requirement:            0.000ns  (source_100 rise@0.000ns - source_100 rise@0.000ns)
  Data Path Delay:        0.247ns  (logic 0.128ns (51.778%)  route 0.119ns (48.222%))
  Logic Levels:           0  
  Clock Path Skew:        0.022ns (DCD - SCD - CPR)
    Destination Clock Delay (DCD):    0.432ns
    Source Clock Delay      (SCD):    0.410ns
    Clock Pessimism Removal (CPR):    -0.000ns

    Location             Delay type                Incr(ns)  Path(ns)    Netlist Resource(s)
  -------------------------------------------------------------------    -------------------
                         (clock source_100 rise edge)
                                                      0.000     0.000 r  
                                                      0.000     0.000 r  clk (IN)
                         net (fo=205, unset)          0.410     0.410    clk
    SLICE_X7Y15          FDRE                                         r  per_cause_fault_cdc.causes[11].cause_sync_reg[0]/C
  -------------------------------------------------------------------    -------------------
    SLICE_X7Y15          FDRE (Prop_fdre_C_Q)         0.128     0.538 r  per_cause_fault_cdc.causes[11].cause_sync_reg[0]/Q
                         net (fo=1, routed)           0.119     0.657    per_cause_fault_cdc.causes[11].cause_sync[0]
    SLICE_X7Y15          FDRE                                         r  per_cause_fault_cdc.causes[11].cause_sync_reg[1]/D
  -------------------------------------------------------------------    -------------------

                         (clock source_100 rise edge)
                                                      0.000     0.000 r  
                                                      0.000     0.000 r  clk (IN)
                         net (fo=205, unset)          0.432     0.432    clk
    SLICE_X7Y15          FDRE                                         r  per_cause_fault_cdc.causes[11].cause_sync_reg[1]/C
                         clock pessimism              0.000     0.432    
    SLICE_X7Y15          FDRE (Hold_fdre_C_D)         0.022     0.454    per_cause_fault_cdc.causes[11].cause_sync_reg[1]
  -------------------------------------------------------------------
                         required time                         -0.454    
                         arrival time                           0.657    
  -------------------------------------------------------------------
                         slack                                  0.204    

Slack (MET) :             0.204ns  (arrival time - required time)
  Source:                 source_bank/acknowledge_sync_reg[0]/C
                            (rising edge-triggered cell FDRE clocked by source_100  {rise@0.000ns fall@5.000ns period=10.000ns})
  Destination:            source_bank/acknowledge_sync_reg[1]/D
                            (rising edge-triggered cell FDRE clocked by source_100  {rise@0.000ns fall@5.000ns period=10.000ns})
  Path Group:             source_100
  Path Type:              Hold (Min at Fast Process Corner)
  Requirement:            0.000ns  (source_100 rise@0.000ns - source_100 rise@0.000ns)
  Data Path Delay:        0.247ns  (logic 0.128ns (51.778%)  route 0.119ns (48.222%))
  Logic Levels:           0  
  Clock Path Skew:        0.022ns (DCD - SCD - CPR)
    Destination Clock Delay (DCD):    0.432ns
    Source Clock Delay      (SCD):    0.410ns
    Clock Pessimism Removal (CPR):    -0.000ns

    Location             Delay type                Incr(ns)  Path(ns)    Netlist Resource(s)
  -------------------------------------------------------------------    -------------------
                         (clock source_100 rise edge)
                                                      0.000     0.000 r  
                                                      0.000     0.000 r  clk (IN)
                         net (fo=205, unset)          0.410     0.410    source_bank/clk
    SLICE_X1Y16          FDRE                                         r  source_bank/acknowledge_sync_reg[0]/C
  -------------------------------------------------------------------    -------------------
    SLICE_X1Y16          FDRE (Prop_fdre_C_Q)         0.128     0.538 r  source_bank/acknowledge_sync_reg[0]/Q
                         net (fo=1, routed)           0.119     0.657    source_bank/acknowledge_sync[0]
    SLICE_X1Y16          FDRE                                         r  source_bank/acknowledge_sync_reg[1]/D
  -------------------------------------------------------------------    -------------------

                         (clock source_100 rise edge)
                                                      0.000     0.000 r  
                                                      0.000     0.000 r  clk (IN)
                         net (fo=205, unset)          0.432     0.432    source_bank/clk
    SLICE_X1Y16          FDRE                                         r  source_bank/acknowledge_sync_reg[1]/C
                         clock pessimism              0.000     0.432    
    SLICE_X1Y16          FDRE (Hold_fdre_C_D)         0.022     0.454    source_bank/acknowledge_sync_reg[1]
  -------------------------------------------------------------------
                         required time                         -0.454    
                         arrival time                           0.657    
  -------------------------------------------------------------------
                         slack                                  0.204    

Slack (MET) :             0.212ns  (arrival time - required time)
  Source:                 per_cause_fault_cdc.causes[2].cause_sync_reg[0]/C
                            (rising edge-triggered cell FDRE clocked by source_100  {rise@0.000ns fall@5.000ns period=10.000ns})
  Destination:            per_cause_fault_cdc.causes[2].cause_sync_reg[1]/D
                            (rising edge-triggered cell FDRE clocked by source_100  {rise@0.000ns fall@5.000ns period=10.000ns})
  Path Group:             source_100
  Path Type:              Hold (Min at Fast Process Corner)
  Requirement:            0.000ns  (source_100 rise@0.000ns - source_100 rise@0.000ns)
  Data Path Delay:        0.256ns  (logic 0.128ns (50.070%)  route 0.128ns (49.930%))
  Logic Levels:           0  
  Clock Path Skew:        0.022ns (DCD - SCD - CPR)
    Destination Clock Delay (DCD):    0.432ns
    Source Clock Delay      (SCD):    0.410ns
    Clock Pessimism Removal (CPR):    -0.000ns

    Location             Delay type                Incr(ns)  Path(ns)    Netlist Resource(s)
  -------------------------------------------------------------------    -------------------
                         (clock source_100 rise edge)
                                                      0.000     0.000 r  
                                                      0.000     0.000 r  clk (IN)
                         net (fo=205, unset)          0.410     0.410    clk
    SLICE_X2Y15          FDRE                                         r  per_cause_fault_cdc.causes[2].cause_sync_reg[0]/C
  -------------------------------------------------------------------    -------------------
    SLICE_X2Y15          FDRE (Prop_fdre_C_Q)         0.128     0.538 r  per_cause_fault_cdc.causes[2].cause_sync_reg[0]/Q
                         net (fo=1, routed)           0.128     0.666    per_cause_fault_cdc.causes[2].cause_sync[0]
    SLICE_X2Y15          FDRE                                         r  per_cause_fault_cdc.causes[2].cause_sync_reg[1]/D
  -------------------------------------------------------------------    -------------------

                         (clock source_100 rise edge)
                                                      0.000     0.000 r  
                                                      0.000     0.000 r  clk (IN)
                         net (fo=205, unset)          0.432     0.432    clk
    SLICE_X2Y15          FDRE                                         r  per_cause_fault_cdc.causes[2].cause_sync_reg[1]/C
                         clock pessimism              0.000     0.432    
    SLICE_X2Y15          FDRE (Hold_fdre_C_D)         0.022     0.454    per_cause_fault_cdc.causes[2].cause_sync_reg[1]
  -------------------------------------------------------------------
                         required time                         -0.454    
                         arrival time                           0.666    
  -------------------------------------------------------------------
                         slack                                  0.212    

Slack (MET) :             0.216ns  (arrival time - required time)
  Source:                 per_cause_fault_cdc.causes[8].cause_sync_reg[0]/C
                            (rising edge-triggered cell FDRE clocked by source_100  {rise@0.000ns fall@5.000ns period=10.000ns})
  Destination:            per_cause_fault_cdc.causes[8].cause_sync_reg[1]/D
                            (rising edge-triggered cell FDRE clocked by source_100  {rise@0.000ns fall@5.000ns period=10.000ns})
  Path Group:             source_100
  Path Type:              Hold (Min at Fast Process Corner)
  Requirement:            0.000ns  (source_100 rise@0.000ns - source_100 rise@0.000ns)
  Data Path Delay:        0.313ns  (logic 0.141ns (45.009%)  route 0.172ns (54.991%))
  Logic Levels:           0  
  Clock Path Skew:        0.022ns (DCD - SCD - CPR)
    Destination Clock Delay (DCD):    0.432ns
    Source Clock Delay      (SCD):    0.410ns
    Clock Pessimism Removal (CPR):    -0.000ns

    Location             Delay type                Incr(ns)  Path(ns)    Netlist Resource(s)
  -------------------------------------------------------------------    -------------------
                         (clock source_100 rise edge)
                                                      0.000     0.000 r  
                                                      0.000     0.000 r  clk (IN)
                         net (fo=205, unset)          0.410     0.410    clk
    SLICE_X7Y15          FDRE                                         r  per_cause_fault_cdc.causes[8].cause_sync_reg[0]/C
  -------------------------------------------------------------------    -------------------
    SLICE_X7Y15          FDRE (Prop_fdre_C_Q)         0.141     0.551 r  per_cause_fault_cdc.causes[8].cause_sync_reg[0]/Q
                         net (fo=1, routed)           0.172     0.723    per_cause_fault_cdc.causes[8].cause_sync[0]
    SLICE_X7Y15          FDRE                                         r  per_cause_fault_cdc.causes[8].cause_sync_reg[1]/D
  -------------------------------------------------------------------    -------------------

                         (clock source_100 rise edge)
                                                      0.000     0.000 r  
                                                      0.000     0.000 r  clk (IN)
                         net (fo=205, unset)          0.432     0.432    clk
    SLICE_X7Y15          FDRE                                         r  per_cause_fault_cdc.causes[8].cause_sync_reg[1]/C
                         clock pessimism              0.000     0.432    
    SLICE_X7Y15          FDRE (Hold_fdre_C_D)         0.076     0.508    per_cause_fault_cdc.causes[8].cause_sync_reg[1]
  -------------------------------------------------------------------
                         required time                         -0.508    
                         arrival time                           0.723    
  -------------------------------------------------------------------
                         slack                                  0.216    

Slack (MET) :             0.217ns  (arrival time - required time)
  Source:                 output_bank/read_address_reg[6]/C
                            (rising edge-triggered cell FDRE clocked by source_100  {rise@0.000ns fall@5.000ns period=10.000ns})
  Destination:            output_bank/read_address_reg[8]/D
                            (rising edge-triggered cell FDRE clocked by source_100  {rise@0.000ns fall@5.000ns period=10.000ns})
  Path Group:             source_100
  Path Type:              Hold (Min at Fast Process Corner)
  Requirement:            0.000ns  (source_100 rise@0.000ns - source_100 rise@0.000ns)
  Data Path Delay:        0.330ns  (logic 0.186ns (56.319%)  route 0.144ns (43.680%))
  Logic Levels:           1  (LUT6=1)
  Clock Path Skew:        0.022ns (DCD - SCD - CPR)
    Destination Clock Delay (DCD):    0.432ns
    Source Clock Delay      (SCD):    0.410ns
    Clock Pessimism Removal (CPR):    -0.000ns

    Location             Delay type                Incr(ns)  Path(ns)    Netlist Resource(s)
  -------------------------------------------------------------------    -------------------
                         (clock source_100 rise edge)
                                                      0.000     0.000 r  
                                                      0.000     0.000 r  clk (IN)
                         net (fo=205, unset)          0.410     0.410    output_bank/clk
    SLICE_X3Y3           FDRE                                         r  output_bank/read_address_reg[6]/C
  -------------------------------------------------------------------    -------------------
    SLICE_X3Y3           FDRE (Prop_fdre_C_Q)         0.141     0.551 r  output_bank/read_address_reg[6]/Q
                         net (fo=7, routed)           0.144     0.695    output_bank/read_address[6]
    SLICE_X3Y3           LUT6 (Prop_lut6_I3_O)        0.045     0.740 r  output_bank/read_address[8]_i_1/O
                         net (fo=1, routed)           0.000     0.740    output_bank/read_address[8]_i_1_n_0
    SLICE_X3Y3           FDRE                                         r  output_bank/read_address_reg[8]/D
  -------------------------------------------------------------------    -------------------

                         (clock source_100 rise edge)
                                                      0.000     0.000 r  
                                                      0.000     0.000 r  clk (IN)
                         net (fo=205, unset)          0.432     0.432    output_bank/clk
    SLICE_X3Y3           FDRE                                         r  output_bank/read_address_reg[8]/C
                         clock pessimism              0.000     0.432    
    SLICE_X3Y3           FDRE (Hold_fdre_C_D)         0.092     0.524    output_bank/read_address_reg[8]
  -------------------------------------------------------------------
                         required time                         -0.524    
                         arrival time                           0.740    
  -------------------------------------------------------------------
                         slack                                  0.217    

Slack (MET) :             0.223ns  (arrival time - required time)
  Source:                 output_bank/read_address_reg[0]/C
                            (rising edge-triggered cell FDRE clocked by source_100  {rise@0.000ns fall@5.000ns period=10.000ns})
  Destination:            output_bank/read_output_position_reg[0]/D
                            (rising edge-triggered cell FDRE clocked by source_100  {rise@0.000ns fall@5.000ns period=10.000ns})
  Path Group:             source_100
  Path Type:              Hold (Min at Fast Process Corner)
  Requirement:            0.000ns  (source_100 rise@0.000ns - source_100 rise@0.000ns)
  Data Path Delay:        0.314ns  (logic 0.141ns (44.854%)  route 0.173ns (55.146%))
  Logic Levels:           0  
  Clock Path Skew:        0.022ns (DCD - SCD - CPR)
    Destination Clock Delay (DCD):    0.432ns
    Source Clock Delay      (SCD):    0.410ns
    Clock Pessimism Removal (CPR):    -0.000ns

    Location             Delay type                Incr(ns)  Path(ns)    Netlist Resource(s)
  -------------------------------------------------------------------    -------------------
                         (clock source_100 rise edge)
                                                      0.000     0.000 r  
                                                      0.000     0.000 r  clk (IN)
                         net (fo=205, unset)          0.410     0.410    output_bank/clk
    SLICE_X3Y2           FDRE                                         r  output_bank/read_address_reg[0]/C
  -------------------------------------------------------------------    -------------------
    SLICE_X3Y2           FDRE (Prop_fdre_C_Q)         0.141     0.551 r  output_bank/read_address_reg[0]/Q
                         net (fo=8, routed)           0.173     0.724    output_bank/read_address[0]
    SLICE_X2Y3           FDRE                                         r  output_bank/read_output_position_reg[0]/D
  -------------------------------------------------------------------    -------------------

                         (clock source_100 rise edge)
                                                      0.000     0.000 r  
                                                      0.000     0.000 r  clk (IN)
                         net (fo=205, unset)          0.432     0.432    output_bank/clk
    SLICE_X2Y3           FDRE                                         r  output_bank/read_output_position_reg[0]/C
                         clock pessimism              0.000     0.432    
    SLICE_X2Y3           FDRE (Hold_fdre_C_D)         0.070     0.502    output_bank/read_output_position_reg[0]
  -------------------------------------------------------------------
                         required time                         -0.502    
                         arrival time                           0.724    
  -------------------------------------------------------------------
                         slack                                  0.223    

Slack (MET) :             0.241ns  (arrival time - required time)
  Source:                 output_bank/read_address_reg[8]/C
                            (rising edge-triggered cell FDRE clocked by source_100  {rise@0.000ns fall@5.000ns period=10.000ns})
  Destination:            output_bank/read_output_position_reg[8]/D
                            (rising edge-triggered cell FDRE clocked by source_100  {rise@0.000ns fall@5.000ns period=10.000ns})
  Path Group:             source_100
  Path Type:              Hold (Min at Fast Process Corner)
  Requirement:            0.000ns  (source_100 rise@0.000ns - source_100 rise@0.000ns)
  Data Path Delay:        0.326ns  (logic 0.141ns (43.258%)  route 0.185ns (56.742%))
  Logic Levels:           0  
  Clock Path Skew:        0.022ns (DCD - SCD - CPR)
    Destination Clock Delay (DCD):    0.432ns
    Source Clock Delay      (SCD):    0.410ns
    Clock Pessimism Removal (CPR):    -0.000ns

    Location             Delay type                Incr(ns)  Path(ns)    Netlist Resource(s)
  -------------------------------------------------------------------    -------------------
                         (clock source_100 rise edge)
                                                      0.000     0.000 r  
                                                      0.000     0.000 r  clk (IN)
                         net (fo=205, unset)          0.410     0.410    output_bank/clk
    SLICE_X3Y3           FDRE                                         r  output_bank/read_address_reg[8]/C
  -------------------------------------------------------------------    -------------------
    SLICE_X3Y3           FDRE (Prop_fdre_C_Q)         0.141     0.551 r  output_bank/read_address_reg[8]/Q
                         net (fo=5, routed)           0.185     0.736    output_bank/read_address[8]
    SLICE_X4Y3           FDRE                                         r  output_bank/read_output_position_reg[8]/D
  -------------------------------------------------------------------    -------------------

                         (clock source_100 rise edge)
                                                      0.000     0.000 r  
                                                      0.000     0.000 r  clk (IN)
                         net (fo=205, unset)          0.432     0.432    output_bank/clk
    SLICE_X4Y3           FDRE                                         r  output_bank/read_output_position_reg[8]/C
                         clock pessimism              0.000     0.432    
    SLICE_X4Y3           FDRE (Hold_fdre_C_D)         0.063     0.495    output_bank/read_output_position_reg[8]
  -------------------------------------------------------------------
                         required time                         -0.495    
                         arrival time                           0.736    
  -------------------------------------------------------------------
                         slack                                  0.241    

Slack (MET) :             0.245ns  (arrival time - required time)
  Source:                 output_bank/acknowledge_toggle_reg/C
                            (rising edge-triggered cell FDRE clocked by source_100  {rise@0.000ns fall@5.000ns period=10.000ns})
  Destination:            output_bank/acknowledge_toggle_reg/D
                            (rising edge-triggered cell FDRE clocked by source_100  {rise@0.000ns fall@5.000ns period=10.000ns})
  Path Group:             source_100
  Path Type:              Hold (Min at Fast Process Corner)
  Requirement:            0.000ns  (source_100 rise@0.000ns - source_100 rise@0.000ns)
  Data Path Delay:        0.386ns  (logic 0.209ns (54.079%)  route 0.177ns (45.921%))
  Logic Levels:           1  (LUT3=1)
  Clock Path Skew:        0.022ns (DCD - SCD - CPR)
    Destination Clock Delay (DCD):    0.432ns
    Source Clock Delay      (SCD):    0.410ns
    Clock Pessimism Removal (CPR):    -0.000ns

    Location             Delay type                Incr(ns)  Path(ns)    Netlist Resource(s)
  -------------------------------------------------------------------    -------------------
                         (clock source_100 rise edge)
                                                      0.000     0.000 r  
                                                      0.000     0.000 r  clk (IN)
                         net (fo=205, unset)          0.410     0.410    output_bank/clk
    SLICE_X8Y18          FDRE                                         r  output_bank/acknowledge_toggle_reg/C
  -------------------------------------------------------------------    -------------------
    SLICE_X8Y18          FDRE (Prop_fdre_C_Q)         0.164     0.574 r  output_bank/acknowledge_toggle_reg/Q
                         net (fo=6, routed)           0.177     0.752    output_bank/acknowledge_toggle
    SLICE_X8Y18          LUT3 (Prop_lut3_I0_O)        0.045     0.797 r  output_bank/acknowledge_toggle_i_1__1/O
                         net (fo=1, routed)           0.000     0.797    output_bank/acknowledge_toggle_i_1__1_n_0
    SLICE_X8Y18          FDRE                                         r  output_bank/acknowledge_toggle_reg/D
  -------------------------------------------------------------------    -------------------

                         (clock source_100 rise edge)
                                                      0.000     0.000 r  
                                                      0.000     0.000 r  clk (IN)
                         net (fo=205, unset)          0.432     0.432    output_bank/clk
    SLICE_X8Y18          FDRE                                         r  output_bank/acknowledge_toggle_reg/C
                         clock pessimism              0.000     0.432    
    SLICE_X8Y18          FDRE (Hold_fdre_C_D)         0.120     0.552    output_bank/acknowledge_toggle_reg
  -------------------------------------------------------------------
                         required time                         -0.552    
                         arrival time                           0.797    
  -------------------------------------------------------------------
                         slack                                  0.245    

Slack (MET) :             0.246ns  (arrival time - required time)
  Source:                 per_cause_fault_cdc.causes[1].cause_sync_reg[0]/C
                            (rising edge-triggered cell FDRE clocked by source_100  {rise@0.000ns fall@5.000ns period=10.000ns})
  Destination:            per_cause_fault_cdc.causes[1].cause_sync_reg[1]/D
                            (rising edge-triggered cell FDRE clocked by source_100  {rise@0.000ns fall@5.000ns period=10.000ns})
  Path Group:             source_100
  Path Type:              Hold (Min at Fast Process Corner)
  Requirement:            0.000ns  (source_100 rise@0.000ns - source_100 rise@0.000ns)
  Data Path Delay:        0.267ns  (logic 0.148ns (55.377%)  route 0.119ns (44.623%))
  Logic Levels:           0  
  Clock Path Skew:        0.022ns (DCD - SCD - CPR)
    Destination Clock Delay (DCD):    0.432ns
    Source Clock Delay      (SCD):    0.410ns
    Clock Pessimism Removal (CPR):    -0.000ns

    Location             Delay type                Incr(ns)  Path(ns)    Netlist Resource(s)
  -------------------------------------------------------------------    -------------------
                         (clock source_100 rise edge)
                                                      0.000     0.000 r  
                                                      0.000     0.000 r  clk (IN)
                         net (fo=205, unset)          0.410     0.410    clk
    SLICE_X8Y18          FDRE                                         r  per_cause_fault_cdc.causes[1].cause_sync_reg[0]/C
  -------------------------------------------------------------------    -------------------
    SLICE_X8Y18          FDRE (Prop_fdre_C_Q)         0.148     0.558 r  per_cause_fault_cdc.causes[1].cause_sync_reg[0]/Q
                         net (fo=1, routed)           0.119     0.677    per_cause_fault_cdc.causes[1].cause_sync[0]
    SLICE_X8Y18          FDRE                                         r  per_cause_fault_cdc.causes[1].cause_sync_reg[1]/D
  -------------------------------------------------------------------    -------------------

                         (clock source_100 rise edge)
                                                      0.000     0.000 r  
                                                      0.000     0.000 r  clk (IN)
                         net (fo=205, unset)          0.432     0.432    clk
    SLICE_X8Y18          FDRE                                         r  per_cause_fault_cdc.causes[1].cause_sync_reg[1]/C
                         clock pessimism              0.000     0.432    
    SLICE_X8Y18          FDRE (Hold_fdre_C_D)         0.000     0.432    per_cause_fault_cdc.causes[1].cause_sync_reg[1]
  -------------------------------------------------------------------
                         required time                         -0.432    
                         arrival time                           0.677    
  -------------------------------------------------------------------
                         slack                                  0.246    

Slack (MET) :             0.248ns  (arrival time - required time)
  Source:                 output_bank/read_address_reg[0]/C
                            (rising edge-triggered cell FDRE clocked by source_100  {rise@0.000ns fall@5.000ns period=10.000ns})
  Destination:            output_bank/read_address_reg[1]/D
                            (rising edge-triggered cell FDRE clocked by source_100  {rise@0.000ns fall@5.000ns period=10.000ns})
  Path Group:             source_100
  Path Type:              Hold (Min at Fast Process Corner)
  Requirement:            0.000ns  (source_100 rise@0.000ns - source_100 rise@0.000ns)
  Data Path Delay:        0.377ns  (logic 0.183ns (48.579%)  route 0.194ns (51.421%))
  Logic Levels:           1  (LUT3=1)
  Clock Path Skew:        0.022ns (DCD - SCD - CPR)
    Destination Clock Delay (DCD):    0.432ns
    Source Clock Delay      (SCD):    0.410ns
    Clock Pessimism Removal (CPR):    -0.000ns

    Location             Delay type                Incr(ns)  Path(ns)    Netlist Resource(s)
  -------------------------------------------------------------------    -------------------
                         (clock source_100 rise edge)
                                                      0.000     0.000 r  
                                                      0.000     0.000 r  clk (IN)
                         net (fo=205, unset)          0.410     0.410    output_bank/clk
    SLICE_X3Y2           FDRE                                         r  output_bank/read_address_reg[0]/C
  -------------------------------------------------------------------    -------------------
    SLICE_X3Y2           FDRE (Prop_fdre_C_Q)         0.141     0.551 r  output_bank/read_address_reg[0]/Q
                         net (fo=8, routed)           0.194     0.745    output_bank/read_address[0]
    SLICE_X3Y2           LUT3 (Prop_lut3_I1_O)        0.042     0.787 r  output_bank/read_address[1]_i_1/O
                         net (fo=1, routed)           0.000     0.787    output_bank/read_address[1]_i_1_n_0
    SLICE_X3Y2           FDRE                                         r  output_bank/read_address_reg[1]/D
  -------------------------------------------------------------------    -------------------

                         (clock source_100 rise edge)
                                                      0.000     0.000 r  
                                                      0.000     0.000 r  clk (IN)
                         net (fo=205, unset)          0.432     0.432    output_bank/clk
    SLICE_X3Y2           FDRE                                         r  output_bank/read_address_reg[1]/C
                         clock pessimism              0.000     0.432    
    SLICE_X3Y2           FDRE (Hold_fdre_C_D)         0.107     0.539    output_bank/read_address_reg[1]
  -------------------------------------------------------------------
                         required time                         -0.539    
                         arrival time                           0.787    
  -------------------------------------------------------------------
                         slack                                  0.248    

Slack (MET) :             0.249ns  (arrival time - required time)
  Source:                 output_bank/read_address_reg[4]/C
                            (rising edge-triggered cell FDRE clocked by source_100  {rise@0.000ns fall@5.000ns period=10.000ns})
  Destination:            output_bank/read_output_position_reg[4]/D
                            (rising edge-triggered cell FDRE clocked by source_100  {rise@0.000ns fall@5.000ns period=10.000ns})
  Path Group:             source_100
  Path Type:              Hold (Min at Fast Process Corner)
  Requirement:            0.000ns  (source_100 rise@0.000ns - source_100 rise@0.000ns)
  Data Path Delay:        0.336ns  (logic 0.141ns (41.909%)  route 0.195ns (58.091%))
  Logic Levels:           0  
  Clock Path Skew:        0.022ns (DCD - SCD - CPR)
    Destination Clock Delay (DCD):    0.432ns
    Source Clock Delay      (SCD):    0.410ns
    Clock Pessimism Removal (CPR):    -0.000ns

    Location             Delay type                Incr(ns)  Path(ns)    Netlist Resource(s)
  -------------------------------------------------------------------    -------------------
                         (clock source_100 rise edge)
                                                      0.000     0.000 r  
                                                      0.000     0.000 r  clk (IN)
                         net (fo=205, unset)          0.410     0.410    output_bank/clk
    SLICE_X3Y3           FDRE                                         r  output_bank/read_address_reg[4]/C
  -------------------------------------------------------------------    -------------------
    SLICE_X3Y3           FDRE (Prop_fdre_C_Q)         0.141     0.551 r  output_bank/read_address_reg[4]/Q
                         net (fo=4, routed)           0.195     0.747    output_bank/read_address[4]
    SLICE_X5Y3           FDRE                                         r  output_bank/read_output_position_reg[4]/D
  -------------------------------------------------------------------    -------------------

                         (clock source_100 rise edge)
                                                      0.000     0.000 r  
                                                      0.000     0.000 r  clk (IN)
                         net (fo=205, unset)          0.432     0.432    output_bank/clk
    SLICE_X5Y3           FDRE                                         r  output_bank/read_output_position_reg[4]/C
                         clock pessimism              0.000     0.432    
    SLICE_X5Y3           FDRE (Hold_fdre_C_D)         0.066     0.498    output_bank/read_output_position_reg[4]
  -------------------------------------------------------------------
                         required time                         -0.498    
                         arrival time                           0.747    
  -------------------------------------------------------------------
                         slack                                  0.249    

Slack (MET) :             0.251ns  (arrival time - required time)
  Source:                 source_bank/write_position_reg[6]/C
                            (rising edge-triggered cell FDRE clocked by source_100  {rise@0.000ns fall@5.000ns period=10.000ns})
  Destination:            source_bank/write_position_reg[8]/D
                            (rising edge-triggered cell FDRE clocked by source_100  {rise@0.000ns fall@5.000ns period=10.000ns})
  Path Group:             source_100
  Path Type:              Hold (Min at Fast Process Corner)
  Requirement:            0.000ns  (source_100 rise@0.000ns - source_100 rise@0.000ns)
  Data Path Delay:        0.406ns  (logic 0.207ns (51.043%)  route 0.199ns (48.957%))
  Logic Levels:           1  (LUT5=1)
  Clock Path Skew:        0.022ns (DCD - SCD - CPR)
    Destination Clock Delay (DCD):    0.432ns
    Source Clock Delay      (SCD):    0.410ns
    Clock Pessimism Removal (CPR):    -0.000ns

    Location             Delay type                Incr(ns)  Path(ns)    Netlist Resource(s)
  -------------------------------------------------------------------    -------------------
                         (clock source_100 rise edge)
                                                      0.000     0.000 r  
                                                      0.000     0.000 r  clk (IN)
                         net (fo=205, unset)          0.410     0.410    source_bank/clk
    SLICE_X0Y15          FDRE                                         r  source_bank/write_position_reg[6]/C
  -------------------------------------------------------------------    -------------------
    SLICE_X0Y15          FDRE (Prop_fdre_C_Q)         0.164     0.574 r  source_bank/write_position_reg[6]/Q
                         net (fo=7, routed)           0.199     0.773    source_bank/write_position[6]
    SLICE_X0Y15          LUT5 (Prop_lut5_I0_O)        0.043     0.816 r  source_bank/write_position[8]_i_2/O
                         net (fo=1, routed)           0.000     0.816    source_bank/write_position__0[8]
    SLICE_X0Y15          FDRE                                         r  source_bank/write_position_reg[8]/D
  -------------------------------------------------------------------    -------------------

                         (clock source_100 rise edge)
                                                      0.000     0.000 r  
                                                      0.000     0.000 r  clk (IN)
                         net (fo=205, unset)          0.432     0.432    source_bank/clk
    SLICE_X0Y15          FDRE                                         r  source_bank/write_position_reg[8]/C
                         clock pessimism              0.000     0.432    
    SLICE_X0Y15          FDRE (Hold_fdre_C_D)         0.133     0.565    source_bank/write_position_reg[8]
  -------------------------------------------------------------------
                         required time                         -0.565    
                         arrival time                           0.816    
  -------------------------------------------------------------------
                         slack                                  0.251    

Slack (MET) :             0.251ns  (arrival time - required time)
  Source:                 output_bank/read_address_reg[0]/C
                            (rising edge-triggered cell FDRE clocked by source_100  {rise@0.000ns fall@5.000ns period=10.000ns})
  Destination:            output_bank/read_address_reg[3]/D
                            (rising edge-triggered cell FDRE clocked by source_100  {rise@0.000ns fall@5.000ns period=10.000ns})
  Path Group:             source_100
  Path Type:              Hold (Min at Fast Process Corner)
  Requirement:            0.000ns  (source_100 rise@0.000ns - source_100 rise@0.000ns)
  Data Path Delay:        0.380ns  (logic 0.184ns (48.458%)  route 0.196ns (51.542%))
  Logic Levels:           1  (LUT5=1)
  Clock Path Skew:        0.022ns (DCD - SCD - CPR)
    Destination Clock Delay (DCD):    0.432ns
    Source Clock Delay      (SCD):    0.410ns
    Clock Pessimism Removal (CPR):    -0.000ns

    Location             Delay type                Incr(ns)  Path(ns)    Netlist Resource(s)
  -------------------------------------------------------------------    -------------------
                         (clock source_100 rise edge)
                                                      0.000     0.000 r  
                                                      0.000     0.000 r  clk (IN)
                         net (fo=205, unset)          0.410     0.410    output_bank/clk
    SLICE_X3Y2           FDRE                                         r  output_bank/read_address_reg[0]/C
  -------------------------------------------------------------------    -------------------
    SLICE_X3Y2           FDRE (Prop_fdre_C_Q)         0.141     0.551 r  output_bank/read_address_reg[0]/Q
                         net (fo=8, routed)           0.196     0.747    output_bank/read_address[0]
    SLICE_X3Y2           LUT5 (Prop_lut5_I2_O)        0.043     0.790 r  output_bank/read_address[3]_i_1/O
                         net (fo=1, routed)           0.000     0.790    output_bank/read_address[3]_i_1_n_0
    SLICE_X3Y2           FDRE                                         r  output_bank/read_address_reg[3]/D
  -------------------------------------------------------------------    -------------------

                         (clock source_100 rise edge)
                                                      0.000     0.000 r  
                                                      0.000     0.000 r  clk (IN)
                         net (fo=205, unset)          0.432     0.432    output_bank/clk
    SLICE_X3Y2           FDRE                                         r  output_bank/read_address_reg[3]/C
                         clock pessimism              0.000     0.432    
    SLICE_X3Y2           FDRE (Hold_fdre_C_D)         0.107     0.539    output_bank/read_address_reg[3]
  -------------------------------------------------------------------
                         required time                         -0.539    
                         arrival time                           0.790    
  -------------------------------------------------------------------
                         slack                                  0.251    

Slack (MET) :             0.251ns  (arrival time - required time)
  Source:                 output_bank/read_address_reg[3]/C
                            (rising edge-triggered cell FDRE clocked by source_100  {rise@0.000ns fall@5.000ns period=10.000ns})
  Destination:            output_bank/read_output_position_reg[3]/D
                            (rising edge-triggered cell FDRE clocked by source_100  {rise@0.000ns fall@5.000ns period=10.000ns})
  Path Group:             source_100
  Path Type:              Hold (Min at Fast Process Corner)
  Requirement:            0.000ns  (source_100 rise@0.000ns - source_100 rise@0.000ns)
  Data Path Delay:        0.290ns  (logic 0.128ns (44.134%)  route 0.162ns (55.866%))
  Logic Levels:           0  
  Clock Path Skew:        0.022ns (DCD - SCD - CPR)
    Destination Clock Delay (DCD):    0.432ns
    Source Clock Delay      (SCD):    0.410ns
    Clock Pessimism Removal (CPR):    -0.000ns

    Location             Delay type                Incr(ns)  Path(ns)    Netlist Resource(s)
  -------------------------------------------------------------------    -------------------
                         (clock source_100 rise edge)
                                                      0.000     0.000 r  
                                                      0.000     0.000 r  clk (IN)
                         net (fo=205, unset)          0.410     0.410    output_bank/clk
    SLICE_X3Y2           FDRE                                         r  output_bank/read_address_reg[3]/C
  -------------------------------------------------------------------    -------------------
    SLICE_X3Y2           FDRE (Prop_fdre_C_Q)         0.128     0.538 r  output_bank/read_address_reg[3]/Q
                         net (fo=5, routed)           0.162     0.700    output_bank/read_address[3]
    SLICE_X5Y3           FDRE                                         r  output_bank/read_output_position_reg[3]/D
  -------------------------------------------------------------------    -------------------

                         (clock source_100 rise edge)
                                                      0.000     0.000 r  
                                                      0.000     0.000 r  clk (IN)
                         net (fo=205, unset)          0.432     0.432    output_bank/clk
    SLICE_X5Y3           FDRE                                         r  output_bank/read_output_position_reg[3]/C
                         clock pessimism              0.000     0.432    
    SLICE_X5Y3           FDRE (Hold_fdre_C_D)         0.017     0.449    output_bank/read_output_position_reg[3]
  -------------------------------------------------------------------
                         required time                         -0.449    
                         arrival time                           0.700    
  -------------------------------------------------------------------
                         slack                                  0.251    




