Copyright 1986-2022 Xilinx, Inc. All Rights Reserved.
--------------------------------------------------------------------------------------------------------------------------------------------------------------------------------------------------------
| Tool Version : Vivado v.2022.2 (lin64) Build 3671981 Fri Oct 14 04:59:54 MDT 2022
| Date         : Thu Sep 10 11:29:11 2026
| Host         : gauss running 64-bit Ubuntu 26.04 LTS
| Command      : report_timing -from [get_clocks source_100] -to [get_clocks source_100] -delay_type max -max_paths 20 -file /tmp/starlink-completed-input.5EaJuD/fault-cdc-route-v1/source_100_max.rpt
| Design       : starlink_pss_fft_bank_owned_slice
| Device       : 7z010-clg400
| Speed File   : -1  PRODUCTION 1.12 2019-11-22
--------------------------------------------------------------------------------------------------------------------------------------------------------------------------------------------------------

Timing Report

Slack (MET) :             2.780ns  (required time - arrival time)
  Source:                 per_cause_fault_cdc.causes[5].cause_sync_reg[1]/C
                            (rising edge-triggered cell FDRE clocked by source_100  {rise@0.000ns fall@5.000ns period=10.000ns})
  Destination:            source_bank/metadata_in_hold_reg[18]/CE
                            (rising edge-triggered cell FDRE clocked by source_100  {rise@0.000ns fall@5.000ns period=10.000ns})
  Path Group:             source_100
  Path Type:              Setup (Max at Slow Process Corner)
  Requirement:            10.000ns  (source_100 rise@10.000ns - source_100 rise@0.000ns)
  Data Path Delay:        6.723ns  (logic 1.371ns (20.392%)  route 5.352ns (79.608%))
  Logic Levels:           4  (LUT2=1 LUT4=1 LUT5=1 LUT6=1)
  Clock Path Skew:        -0.049ns (DCD - SCD + CPR)
    Destination Clock Delay (DCD):    0.924ns = ( 10.924 - 10.000 ) 
    Source Clock Delay      (SCD):    0.973ns
    Clock Pessimism Removal (CPR):    0.000ns
  Clock Uncertainty:      0.035ns  ((TSJ^2 + TIJ^2)^1/2 + DJ) / 2 + PE
    Total System Jitter     (TSJ):    0.071ns
    Total Input Jitter      (TIJ):    0.000ns
    Discrete Jitter          (DJ):    0.000ns
    Phase Error              (PE):    0.000ns

    Location             Delay type                Incr(ns)  Path(ns)    Netlist Resource(s)
  -------------------------------------------------------------------    -------------------
                         (clock source_100 rise edge)
                                                      0.000     0.000 r  
                                                      0.000     0.000 r  clk (IN)
                         net (fo=205, unset)          0.973     0.973    clk
    SLICE_X2Y15          FDRE                                         r  per_cause_fault_cdc.causes[5].cause_sync_reg[1]/C
  -------------------------------------------------------------------    -------------------
    SLICE_X2Y15          FDRE (Prop_fdre_C_Q)         0.419     1.392 f  per_cause_fault_cdc.causes[5].cause_sync_reg[1]/Q
                         net (fo=1, routed)           0.979     2.371    per_cause_fault_cdc.causes[5].cause_sync[1]
    SLICE_X8Y16          LUT4 (Prop_lut4_I0_O)        0.296     2.667 f  fast_fault_slow_inferred_i_4/O
                         net (fo=1, routed)           0.590     3.257    fast_fault_slow_inferred_i_4_n_0
    SLICE_X8Y17          LUT6 (Prop_lut6_I5_O)        0.124     3.381 f  fast_fault_slow_inferred_i_1/O
                         net (fo=1, routed)           0.858     4.238    source_bank/out[0]
    SLICE_X4Y16          LUT2 (Prop_lut2_I0_O)        0.149     4.387 f  source_bank/fault_INST_0/O
                         net (fo=10, routed)          0.697     5.084    source_bank/input_fault_reg_0
    SLICE_X2Y17          LUT5 (Prop_lut5_I0_O)        0.383     5.467 r  source_bank/metadata_in_hold[68]_i_1__0/O
                         net (fo=64, routed)          2.229     7.696    source_bank/metadata_load
    SLICE_X25Y11         FDRE                                         r  source_bank/metadata_in_hold_reg[18]/CE
  -------------------------------------------------------------------    -------------------

                         (clock source_100 rise edge)
                                                     10.000    10.000 r  
                                                      0.000    10.000 r  clk (IN)
                         net (fo=205, unset)          0.924    10.924    source_bank/clk
    SLICE_X25Y11         FDRE                                         r  source_bank/metadata_in_hold_reg[18]/C
                         clock pessimism              0.000    10.924    
                         clock uncertainty           -0.035    10.889    
    SLICE_X25Y11         FDRE (Setup_fdre_C_CE)      -0.413    10.476    source_bank/metadata_in_hold_reg[18]
  -------------------------------------------------------------------
                         required time                         10.476    
                         arrival time                          -7.696    
  -------------------------------------------------------------------
                         slack                                  2.780    

Slack (MET) :             2.965ns  (required time - arrival time)
  Source:                 source_bank/metadata_in_hold_reg[6]/C
                            (rising edge-triggered cell FDRE clocked by source_100  {rise@0.000ns fall@5.000ns period=10.000ns})
  Destination:            source_bank/write_position_reg[1]/CE
                            (rising edge-triggered cell FDRE clocked by source_100  {rise@0.000ns fall@5.000ns period=10.000ns})
  Path Group:             source_100
  Path Type:              Setup (Max at Slow Process Corner)
  Requirement:            10.000ns  (source_100 rise@10.000ns - source_100 rise@0.000ns)
  Data Path Delay:        6.746ns  (logic 2.460ns (36.466%)  route 4.286ns (63.534%))
  Logic Levels:           9  (CARRY4=6 LUT4=1 LUT5=1 LUT6=1)
  Clock Path Skew:        -0.049ns (DCD - SCD + CPR)
    Destination Clock Delay (DCD):    0.924ns = ( 10.924 - 10.000 ) 
    Source Clock Delay      (SCD):    0.973ns
    Clock Pessimism Removal (CPR):    0.000ns
  Clock Uncertainty:      0.035ns  ((TSJ^2 + TIJ^2)^1/2 + DJ) / 2 + PE
    Total System Jitter     (TSJ):    0.071ns
    Total Input Jitter      (TIJ):    0.000ns
    Discrete Jitter          (DJ):    0.000ns
    Phase Error              (PE):    0.000ns

    Location             Delay type                Incr(ns)  Path(ns)    Netlist Resource(s)
  -------------------------------------------------------------------    -------------------
                         (clock source_100 rise edge)
                                                      0.000     0.000 r  
                                                      0.000     0.000 r  clk (IN)
                         net (fo=205, unset)          0.973     0.973    source_bank/clk
    SLICE_X22Y13         FDRE                                         r  source_bank/metadata_in_hold_reg[6]/C
  -------------------------------------------------------------------    -------------------
    SLICE_X22Y13         FDRE (Prop_fdre_C_Q)         0.456     1.429 r  source_bank/metadata_in_hold_reg[6]/Q
                         net (fo=2, routed)           0.811     2.240    source_bank/metadata_in_hold[6]
    SLICE_X23Y12         LUT6 (Prop_lut6_I1_O)        0.124     2.364 r  source_bank/metadata_matches__0_carry_i_5/O
                         net (fo=1, routed)           0.724     3.088    source_bank/metadata_matches__0_carry_i_5_n_0
    SLICE_X23Y14         CARRY4 (Prop_carry4_S[0]_CO[3])
                                                      0.656     3.744 r  source_bank/metadata_matches__0_carry/CO[3]
                         net (fo=1, routed)           0.000     3.744    source_bank/metadata_matches__0_carry_n_0
    SLICE_X23Y15         CARRY4 (Prop_carry4_CI_CO[3])
                                                      0.114     3.858 r  source_bank/metadata_matches__0_carry__0/CO[3]
                         net (fo=1, routed)           0.000     3.858    source_bank/metadata_matches__0_carry__0_n_0
    SLICE_X23Y16         CARRY4 (Prop_carry4_CI_CO[3])
                                                      0.114     3.972 r  source_bank/metadata_matches__0_carry__1/CO[3]
                         net (fo=1, routed)           0.000     3.972    source_bank/metadata_matches__0_carry__1_n_0
    SLICE_X23Y17         CARRY4 (Prop_carry4_CI_CO[3])
                                                      0.114     4.086 r  source_bank/metadata_matches__0_carry__2/CO[3]
                         net (fo=1, routed)           0.000     4.086    source_bank/metadata_matches__0_carry__2_n_0
    SLICE_X23Y18         CARRY4 (Prop_carry4_CI_CO[3])
                                                      0.114     4.200 r  source_bank/metadata_matches__0_carry__3/CO[3]
                         net (fo=1, routed)           0.000     4.200    source_bank/metadata_matches__0_carry__3_n_0
    SLICE_X23Y19         CARRY4 (Prop_carry4_CI_CO[0])
                                                      0.271     4.471 r  source_bank/metadata_matches__0_carry__4/CO[0]
                         net (fo=1, routed)           1.756     6.227    source_bank/metadata_matches
    SLICE_X2Y15          LUT5 (Prop_lut5_I2_O)        0.373     6.600 r  source_bank/write_position[8]_i_3/O
                         net (fo=3, routed)           0.502     7.102    source_bank/input_framing_valid__2
    SLICE_X1Y16          LUT4 (Prop_lut4_I3_O)        0.124     7.226 r  source_bank/write_position[8]_i_1__1/O
                         net (fo=9, routed)           0.493     7.719    source_bank/write_position[8]_i_1__1_n_0
    SLICE_X2Y14          FDRE                                         r  source_bank/write_position_reg[1]/CE
  -------------------------------------------------------------------    -------------------

                         (clock source_100 rise edge)
                                                     10.000    10.000 r  
                                                      0.000    10.000 r  clk (IN)
                         net (fo=205, unset)          0.924    10.924    source_bank/clk
    SLICE_X2Y14          FDRE                                         r  source_bank/write_position_reg[1]/C
                         clock pessimism              0.000    10.924    
                         clock uncertainty           -0.035    10.889    
    SLICE_X2Y14          FDRE (Setup_fdre_C_CE)      -0.205    10.684    source_bank/write_position_reg[1]
  -------------------------------------------------------------------
                         required time                         10.684    
                         arrival time                          -7.719    
  -------------------------------------------------------------------
                         slack                                  2.965    

Slack (MET) :             2.965ns  (required time - arrival time)
  Source:                 source_bank/metadata_in_hold_reg[6]/C
                            (rising edge-triggered cell FDRE clocked by source_100  {rise@0.000ns fall@5.000ns period=10.000ns})
  Destination:            source_bank/write_position_reg[2]/CE
                            (rising edge-triggered cell FDRE clocked by source_100  {rise@0.000ns fall@5.000ns period=10.000ns})
  Path Group:             source_100
  Path Type:              Setup (Max at Slow Process Corner)
  Requirement:            10.000ns  (source_100 rise@10.000ns - source_100 rise@0.000ns)
  Data Path Delay:        6.746ns  (logic 2.460ns (36.466%)  route 4.286ns (63.534%))
  Logic Levels:           9  (CARRY4=6 LUT4=1 LUT5=1 LUT6=1)
  Clock Path Skew:        -0.049ns (DCD - SCD + CPR)
    Destination Clock Delay (DCD):    0.924ns = ( 10.924 - 10.000 ) 
    Source Clock Delay      (SCD):    0.973ns
    Clock Pessimism Removal (CPR):    0.000ns
  Clock Uncertainty:      0.035ns  ((TSJ^2 + TIJ^2)^1/2 + DJ) / 2 + PE
    Total System Jitter     (TSJ):    0.071ns
    Total Input Jitter      (TIJ):    0.000ns
    Discrete Jitter          (DJ):    0.000ns
    Phase Error              (PE):    0.000ns

    Location             Delay type                Incr(ns)  Path(ns)    Netlist Resource(s)
  -------------------------------------------------------------------    -------------------
                         (clock source_100 rise edge)
                                                      0.000     0.000 r  
                                                      0.000     0.000 r  clk (IN)
                         net (fo=205, unset)          0.973     0.973    source_bank/clk
    SLICE_X22Y13         FDRE                                         r  source_bank/metadata_in_hold_reg[6]/C
  -------------------------------------------------------------------    -------------------
    SLICE_X22Y13         FDRE (Prop_fdre_C_Q)         0.456     1.429 r  source_bank/metadata_in_hold_reg[6]/Q
                         net (fo=2, routed)           0.811     2.240    source_bank/metadata_in_hold[6]
    SLICE_X23Y12         LUT6 (Prop_lut6_I1_O)        0.124     2.364 r  source_bank/metadata_matches__0_carry_i_5/O
                         net (fo=1, routed)           0.724     3.088    source_bank/metadata_matches__0_carry_i_5_n_0
    SLICE_X23Y14         CARRY4 (Prop_carry4_S[0]_CO[3])
                                                      0.656     3.744 r  source_bank/metadata_matches__0_carry/CO[3]
                         net (fo=1, routed)           0.000     3.744    source_bank/metadata_matches__0_carry_n_0
    SLICE_X23Y15         CARRY4 (Prop_carry4_CI_CO[3])
                                                      0.114     3.858 r  source_bank/metadata_matches__0_carry__0/CO[3]
                         net (fo=1, routed)           0.000     3.858    source_bank/metadata_matches__0_carry__0_n_0
    SLICE_X23Y16         CARRY4 (Prop_carry4_CI_CO[3])
                                                      0.114     3.972 r  source_bank/metadata_matches__0_carry__1/CO[3]
                         net (fo=1, routed)           0.000     3.972    source_bank/metadata_matches__0_carry__1_n_0
    SLICE_X23Y17         CARRY4 (Prop_carry4_CI_CO[3])
                                                      0.114     4.086 r  source_bank/metadata_matches__0_carry__2/CO[3]
                         net (fo=1, routed)           0.000     4.086    source_bank/metadata_matches__0_carry__2_n_0
    SLICE_X23Y18         CARRY4 (Prop_carry4_CI_CO[3])
                                                      0.114     4.200 r  source_bank/metadata_matches__0_carry__3/CO[3]
                         net (fo=1, routed)           0.000     4.200    source_bank/metadata_matches__0_carry__3_n_0
    SLICE_X23Y19         CARRY4 (Prop_carry4_CI_CO[0])
                                                      0.271     4.471 r  source_bank/metadata_matches__0_carry__4/CO[0]
                         net (fo=1, routed)           1.756     6.227    source_bank/metadata_matches
    SLICE_X2Y15          LUT5 (Prop_lut5_I2_O)        0.373     6.600 r  source_bank/write_position[8]_i_3/O
                         net (fo=3, routed)           0.502     7.102    source_bank/input_framing_valid__2
    SLICE_X1Y16          LUT4 (Prop_lut4_I3_O)        0.124     7.226 r  source_bank/write_position[8]_i_1__1/O
                         net (fo=9, routed)           0.493     7.719    source_bank/write_position[8]_i_1__1_n_0
    SLICE_X2Y14          FDRE                                         r  source_bank/write_position_reg[2]/CE
  -------------------------------------------------------------------    -------------------

                         (clock source_100 rise edge)
                                                     10.000    10.000 r  
                                                      0.000    10.000 r  clk (IN)
                         net (fo=205, unset)          0.924    10.924    source_bank/clk
    SLICE_X2Y14          FDRE                                         r  source_bank/write_position_reg[2]/C
                         clock pessimism              0.000    10.924    
                         clock uncertainty           -0.035    10.889    
    SLICE_X2Y14          FDRE (Setup_fdre_C_CE)      -0.205    10.684    source_bank/write_position_reg[2]
  -------------------------------------------------------------------
                         required time                         10.684    
                         arrival time                          -7.719    
  -------------------------------------------------------------------
                         slack                                  2.965    

Slack (MET) :             2.965ns  (required time - arrival time)
  Source:                 source_bank/metadata_in_hold_reg[6]/C
                            (rising edge-triggered cell FDRE clocked by source_100  {rise@0.000ns fall@5.000ns period=10.000ns})
  Destination:            source_bank/write_position_reg[3]/CE
                            (rising edge-triggered cell FDRE clocked by source_100  {rise@0.000ns fall@5.000ns period=10.000ns})
  Path Group:             source_100
  Path Type:              Setup (Max at Slow Process Corner)
  Requirement:            10.000ns  (source_100 rise@10.000ns - source_100 rise@0.000ns)
  Data Path Delay:        6.746ns  (logic 2.460ns (36.466%)  route 4.286ns (63.534%))
  Logic Levels:           9  (CARRY4=6 LUT4=1 LUT5=1 LUT6=1)
  Clock Path Skew:        -0.049ns (DCD - SCD + CPR)
    Destination Clock Delay (DCD):    0.924ns = ( 10.924 - 10.000 ) 
    Source Clock Delay      (SCD):    0.973ns
    Clock Pessimism Removal (CPR):    0.000ns
  Clock Uncertainty:      0.035ns  ((TSJ^2 + TIJ^2)^1/2 + DJ) / 2 + PE
    Total System Jitter     (TSJ):    0.071ns
    Total Input Jitter      (TIJ):    0.000ns
    Discrete Jitter          (DJ):    0.000ns
    Phase Error              (PE):    0.000ns

    Location             Delay type                Incr(ns)  Path(ns)    Netlist Resource(s)
  -------------------------------------------------------------------    -------------------
                         (clock source_100 rise edge)
                                                      0.000     0.000 r  
                                                      0.000     0.000 r  clk (IN)
                         net (fo=205, unset)          0.973     0.973    source_bank/clk
    SLICE_X22Y13         FDRE                                         r  source_bank/metadata_in_hold_reg[6]/C
  -------------------------------------------------------------------    -------------------
    SLICE_X22Y13         FDRE (Prop_fdre_C_Q)         0.456     1.429 r  source_bank/metadata_in_hold_reg[6]/Q
                         net (fo=2, routed)           0.811     2.240    source_bank/metadata_in_hold[6]
    SLICE_X23Y12         LUT6 (Prop_lut6_I1_O)        0.124     2.364 r  source_bank/metadata_matches__0_carry_i_5/O
                         net (fo=1, routed)           0.724     3.088    source_bank/metadata_matches__0_carry_i_5_n_0
    SLICE_X23Y14         CARRY4 (Prop_carry4_S[0]_CO[3])
                                                      0.656     3.744 r  source_bank/metadata_matches__0_carry/CO[3]
                         net (fo=1, routed)           0.000     3.744    source_bank/metadata_matches__0_carry_n_0
    SLICE_X23Y15         CARRY4 (Prop_carry4_CI_CO[3])
                                                      0.114     3.858 r  source_bank/metadata_matches__0_carry__0/CO[3]
                         net (fo=1, routed)           0.000     3.858    source_bank/metadata_matches__0_carry__0_n_0
    SLICE_X23Y16         CARRY4 (Prop_carry4_CI_CO[3])
                                                      0.114     3.972 r  source_bank/metadata_matches__0_carry__1/CO[3]
                         net (fo=1, routed)           0.000     3.972    source_bank/metadata_matches__0_carry__1_n_0
    SLICE_X23Y17         CARRY4 (Prop_carry4_CI_CO[3])
                                                      0.114     4.086 r  source_bank/metadata_matches__0_carry__2/CO[3]
                         net (fo=1, routed)           0.000     4.086    source_bank/metadata_matches__0_carry__2_n_0
    SLICE_X23Y18         CARRY4 (Prop_carry4_CI_CO[3])
                                                      0.114     4.200 r  source_bank/metadata_matches__0_carry__3/CO[3]
                         net (fo=1, routed)           0.000     4.200    source_bank/metadata_matches__0_carry__3_n_0
    SLICE_X23Y19         CARRY4 (Prop_carry4_CI_CO[0])
                                                      0.271     4.471 r  source_bank/metadata_matches__0_carry__4/CO[0]
                         net (fo=1, routed)           1.756     6.227    source_bank/metadata_matches
    SLICE_X2Y15          LUT5 (Prop_lut5_I2_O)        0.373     6.600 r  source_bank/write_position[8]_i_3/O
                         net (fo=3, routed)           0.502     7.102    source_bank/input_framing_valid__2
    SLICE_X1Y16          LUT4 (Prop_lut4_I3_O)        0.124     7.226 r  source_bank/write_position[8]_i_1__1/O
                         net (fo=9, routed)           0.493     7.719    source_bank/write_position[8]_i_1__1_n_0
    SLICE_X2Y14          FDRE                                         r  source_bank/write_position_reg[3]/CE
  -------------------------------------------------------------------    -------------------

                         (clock source_100 rise edge)
                                                     10.000    10.000 r  
                                                      0.000    10.000 r  clk (IN)
                         net (fo=205, unset)          0.924    10.924    source_bank/clk
    SLICE_X2Y14          FDRE                                         r  source_bank/write_position_reg[3]/C
                         clock pessimism              0.000    10.924    
                         clock uncertainty           -0.035    10.889    
    SLICE_X2Y14          FDRE (Setup_fdre_C_CE)      -0.205    10.684    source_bank/write_position_reg[3]
  -------------------------------------------------------------------
                         required time                         10.684    
                         arrival time                          -7.719    
  -------------------------------------------------------------------
                         slack                                  2.965    

Slack (MET) :             2.965ns  (required time - arrival time)
  Source:                 source_bank/metadata_in_hold_reg[6]/C
                            (rising edge-triggered cell FDRE clocked by source_100  {rise@0.000ns fall@5.000ns period=10.000ns})
  Destination:            source_bank/write_position_reg[4]/CE
                            (rising edge-triggered cell FDRE clocked by source_100  {rise@0.000ns fall@5.000ns period=10.000ns})
  Path Group:             source_100
  Path Type:              Setup (Max at Slow Process Corner)
  Requirement:            10.000ns  (source_100 rise@10.000ns - source_100 rise@0.000ns)
  Data Path Delay:        6.746ns  (logic 2.460ns (36.466%)  route 4.286ns (63.534%))
  Logic Levels:           9  (CARRY4=6 LUT4=1 LUT5=1 LUT6=1)
  Clock Path Skew:        -0.049ns (DCD - SCD + CPR)
    Destination Clock Delay (DCD):    0.924ns = ( 10.924 - 10.000 ) 
    Source Clock Delay      (SCD):    0.973ns
    Clock Pessimism Removal (CPR):    0.000ns
  Clock Uncertainty:      0.035ns  ((TSJ^2 + TIJ^2)^1/2 + DJ) / 2 + PE
    Total System Jitter     (TSJ):    0.071ns
    Total Input Jitter      (TIJ):    0.000ns
    Discrete Jitter          (DJ):    0.000ns
    Phase Error              (PE):    0.000ns

    Location             Delay type                Incr(ns)  Path(ns)    Netlist Resource(s)
  -------------------------------------------------------------------    -------------------
                         (clock source_100 rise edge)
                                                      0.000     0.000 r  
                                                      0.000     0.000 r  clk (IN)
                         net (fo=205, unset)          0.973     0.973    source_bank/clk
    SLICE_X22Y13         FDRE                                         r  source_bank/metadata_in_hold_reg[6]/C
  -------------------------------------------------------------------    -------------------
    SLICE_X22Y13         FDRE (Prop_fdre_C_Q)         0.456     1.429 r  source_bank/metadata_in_hold_reg[6]/Q
                         net (fo=2, routed)           0.811     2.240    source_bank/metadata_in_hold[6]
    SLICE_X23Y12         LUT6 (Prop_lut6_I1_O)        0.124     2.364 r  source_bank/metadata_matches__0_carry_i_5/O
                         net (fo=1, routed)           0.724     3.088    source_bank/metadata_matches__0_carry_i_5_n_0
    SLICE_X23Y14         CARRY4 (Prop_carry4_S[0]_CO[3])
                                                      0.656     3.744 r  source_bank/metadata_matches__0_carry/CO[3]
                         net (fo=1, routed)           0.000     3.744    source_bank/metadata_matches__0_carry_n_0
    SLICE_X23Y15         CARRY4 (Prop_carry4_CI_CO[3])
                                                      0.114     3.858 r  source_bank/metadata_matches__0_carry__0/CO[3]
                         net (fo=1, routed)           0.000     3.858    source_bank/metadata_matches__0_carry__0_n_0
    SLICE_X23Y16         CARRY4 (Prop_carry4_CI_CO[3])
                                                      0.114     3.972 r  source_bank/metadata_matches__0_carry__1/CO[3]
                         net (fo=1, routed)           0.000     3.972    source_bank/metadata_matches__0_carry__1_n_0
    SLICE_X23Y17         CARRY4 (Prop_carry4_CI_CO[3])
                                                      0.114     4.086 r  source_bank/metadata_matches__0_carry__2/CO[3]
                         net (fo=1, routed)           0.000     4.086    source_bank/metadata_matches__0_carry__2_n_0
    SLICE_X23Y18         CARRY4 (Prop_carry4_CI_CO[3])
                                                      0.114     4.200 r  source_bank/metadata_matches__0_carry__3/CO[3]
                         net (fo=1, routed)           0.000     4.200    source_bank/metadata_matches__0_carry__3_n_0
    SLICE_X23Y19         CARRY4 (Prop_carry4_CI_CO[0])
                                                      0.271     4.471 r  source_bank/metadata_matches__0_carry__4/CO[0]
                         net (fo=1, routed)           1.756     6.227    source_bank/metadata_matches
    SLICE_X2Y15          LUT5 (Prop_lut5_I2_O)        0.373     6.600 r  source_bank/write_position[8]_i_3/O
                         net (fo=3, routed)           0.502     7.102    source_bank/input_framing_valid__2
    SLICE_X1Y16          LUT4 (Prop_lut4_I3_O)        0.124     7.226 r  source_bank/write_position[8]_i_1__1/O
                         net (fo=9, routed)           0.493     7.719    source_bank/write_position[8]_i_1__1_n_0
    SLICE_X2Y14          FDRE                                         r  source_bank/write_position_reg[4]/CE
  -------------------------------------------------------------------    -------------------

                         (clock source_100 rise edge)
                                                     10.000    10.000 r  
                                                      0.000    10.000 r  clk (IN)
                         net (fo=205, unset)          0.924    10.924    source_bank/clk
    SLICE_X2Y14          FDRE                                         r  source_bank/write_position_reg[4]/C
                         clock pessimism              0.000    10.924    
                         clock uncertainty           -0.035    10.889    
    SLICE_X2Y14          FDRE (Setup_fdre_C_CE)      -0.205    10.684    source_bank/write_position_reg[4]
  -------------------------------------------------------------------
                         required time                         10.684    
                         arrival time                          -7.719    
  -------------------------------------------------------------------
                         slack                                  2.965    

Slack (MET) :             2.966ns  (required time - arrival time)
  Source:                 per_cause_fault_cdc.causes[5].cause_sync_reg[1]/C
                            (rising edge-triggered cell FDRE clocked by source_100  {rise@0.000ns fall@5.000ns period=10.000ns})
  Destination:            output_bank/read_address_reg[0]/CE
                            (rising edge-triggered cell FDRE clocked by source_100  {rise@0.000ns fall@5.000ns period=10.000ns})
  Path Group:             source_100
  Path Type:              Setup (Max at Slow Process Corner)
  Requirement:            10.000ns  (source_100 rise@10.000ns - source_100 rise@0.000ns)
  Data Path Delay:        6.537ns  (logic 1.586ns (24.261%)  route 4.951ns (75.739%))
  Logic Levels:           6  (LUT2=1 LUT4=2 LUT6=3)
  Clock Path Skew:        -0.049ns (DCD - SCD + CPR)
    Destination Clock Delay (DCD):    0.924ns = ( 10.924 - 10.000 ) 
    Source Clock Delay      (SCD):    0.973ns
    Clock Pessimism Removal (CPR):    0.000ns
  Clock Uncertainty:      0.035ns  ((TSJ^2 + TIJ^2)^1/2 + DJ) / 2 + PE
    Total System Jitter     (TSJ):    0.071ns
    Total Input Jitter      (TIJ):    0.000ns
    Discrete Jitter          (DJ):    0.000ns
    Phase Error              (PE):    0.000ns

    Location             Delay type                Incr(ns)  Path(ns)    Netlist Resource(s)
  -------------------------------------------------------------------    -------------------
                         (clock source_100 rise edge)
                                                      0.000     0.000 r  
                                                      0.000     0.000 r  clk (IN)
                         net (fo=205, unset)          0.973     0.973    clk
    SLICE_X2Y15          FDRE                                         r  per_cause_fault_cdc.causes[5].cause_sync_reg[1]/C
  -------------------------------------------------------------------    -------------------
    SLICE_X2Y15          FDRE (Prop_fdre_C_Q)         0.419     1.392 f  per_cause_fault_cdc.causes[5].cause_sync_reg[1]/Q
                         net (fo=1, routed)           0.979     2.371    per_cause_fault_cdc.causes[5].cause_sync[1]
    SLICE_X8Y16          LUT4 (Prop_lut4_I0_O)        0.296     2.667 f  fast_fault_slow_inferred_i_4/O
                         net (fo=1, routed)           0.590     3.257    fast_fault_slow_inferred_i_4_n_0
    SLICE_X8Y17          LUT6 (Prop_lut6_I5_O)        0.124     3.381 f  fast_fault_slow_inferred_i_1/O
                         net (fo=1, routed)           0.858     4.238    source_bank/out[0]
    SLICE_X4Y16          LUT2 (Prop_lut2_I0_O)        0.149     4.387 f  source_bank/fault_INST_0/O
                         net (fo=10, routed)          0.874     5.261    output_bank/payload_memory_reg_0
    SLICE_X2Y5           LUT6 (Prop_lut6_I1_O)        0.355     5.616 r  output_bank/payload_memory_reg_i_1/O
                         net (fo=13, routed)          0.343     5.960    output_bank/payload_memory_reg_i_1_n_0
    SLICE_X3Y3           LUT6 (Prop_lut6_I2_O)        0.124     6.084 r  output_bank/read_address[0]_i_3/O
                         net (fo=10, routed)          0.662     6.745    output_bank/read_address[0]_i_3_n_0
    SLICE_X2Y4           LUT4 (Prop_lut4_I3_O)        0.119     6.864 r  output_bank/read_address[0]_i_1/O
                         net (fo=9, routed)           0.646     7.510    output_bank/read_address[0]_i_1_n_0
    SLICE_X3Y2           FDRE                                         r  output_bank/read_address_reg[0]/CE
  -------------------------------------------------------------------    -------------------

                         (clock source_100 rise edge)
                                                     10.000    10.000 r  
                                                      0.000    10.000 r  clk (IN)
                         net (fo=205, unset)          0.924    10.924    output_bank/clk
    SLICE_X3Y2           FDRE                                         r  output_bank/read_address_reg[0]/C
                         clock pessimism              0.000    10.924    
                         clock uncertainty           -0.035    10.889    
    SLICE_X3Y2           FDRE (Setup_fdre_C_CE)      -0.413    10.476    output_bank/read_address_reg[0]
  -------------------------------------------------------------------
                         required time                         10.476    
                         arrival time                          -7.510    
  -------------------------------------------------------------------
                         slack                                  2.966    

Slack (MET) :             2.966ns  (required time - arrival time)
  Source:                 per_cause_fault_cdc.causes[5].cause_sync_reg[1]/C
                            (rising edge-triggered cell FDRE clocked by source_100  {rise@0.000ns fall@5.000ns period=10.000ns})
  Destination:            output_bank/read_address_reg[1]/CE
                            (rising edge-triggered cell FDRE clocked by source_100  {rise@0.000ns fall@5.000ns period=10.000ns})
  Path Group:             source_100
  Path Type:              Setup (Max at Slow Process Corner)
  Requirement:            10.000ns  (source_100 rise@10.000ns - source_100 rise@0.000ns)
  Data Path Delay:        6.537ns  (logic 1.586ns (24.261%)  route 4.951ns (75.739%))
  Logic Levels:           6  (LUT2=1 LUT4=2 LUT6=3)
  Clock Path Skew:        -0.049ns (DCD - SCD + CPR)
    Destination Clock Delay (DCD):    0.924ns = ( 10.924 - 10.000 ) 
    Source Clock Delay      (SCD):    0.973ns
    Clock Pessimism Removal (CPR):    0.000ns
  Clock Uncertainty:      0.035ns  ((TSJ^2 + TIJ^2)^1/2 + DJ) / 2 + PE
    Total System Jitter     (TSJ):    0.071ns
    Total Input Jitter      (TIJ):    0.000ns
    Discrete Jitter          (DJ):    0.000ns
    Phase Error              (PE):    0.000ns

    Location             Delay type                Incr(ns)  Path(ns)    Netlist Resource(s)
  -------------------------------------------------------------------    -------------------
                         (clock source_100 rise edge)
                                                      0.000     0.000 r  
                                                      0.000     0.000 r  clk (IN)
                         net (fo=205, unset)          0.973     0.973    clk
    SLICE_X2Y15          FDRE                                         r  per_cause_fault_cdc.causes[5].cause_sync_reg[1]/C
  -------------------------------------------------------------------    -------------------
    SLICE_X2Y15          FDRE (Prop_fdre_C_Q)         0.419     1.392 f  per_cause_fault_cdc.causes[5].cause_sync_reg[1]/Q
                         net (fo=1, routed)           0.979     2.371    per_cause_fault_cdc.causes[5].cause_sync[1]
    SLICE_X8Y16          LUT4 (Prop_lut4_I0_O)        0.296     2.667 f  fast_fault_slow_inferred_i_4/O
                         net (fo=1, routed)           0.590     3.257    fast_fault_slow_inferred_i_4_n_0
    SLICE_X8Y17          LUT6 (Prop_lut6_I5_O)        0.124     3.381 f  fast_fault_slow_inferred_i_1/O
                         net (fo=1, routed)           0.858     4.238    source_bank/out[0]
    SLICE_X4Y16          LUT2 (Prop_lut2_I0_O)        0.149     4.387 f  source_bank/fault_INST_0/O
                         net (fo=10, routed)          0.874     5.261    output_bank/payload_memory_reg_0
    SLICE_X2Y5           LUT6 (Prop_lut6_I1_O)        0.355     5.616 r  output_bank/payload_memory_reg_i_1/O
                         net (fo=13, routed)          0.343     5.960    output_bank/payload_memory_reg_i_1_n_0
    SLICE_X3Y3           LUT6 (Prop_lut6_I2_O)        0.124     6.084 r  output_bank/read_address[0]_i_3/O
                         net (fo=10, routed)          0.662     6.745    output_bank/read_address[0]_i_3_n_0
    SLICE_X2Y4           LUT4 (Prop_lut4_I3_O)        0.119     6.864 r  output_bank/read_address[0]_i_1/O
                         net (fo=9, routed)           0.646     7.510    output_bank/read_address[0]_i_1_n_0
    SLICE_X3Y2           FDRE                                         r  output_bank/read_address_reg[1]/CE
  -------------------------------------------------------------------    -------------------

                         (clock source_100 rise edge)
                                                     10.000    10.000 r  
                                                      0.000    10.000 r  clk (IN)
                         net (fo=205, unset)          0.924    10.924    output_bank/clk
    SLICE_X3Y2           FDRE                                         r  output_bank/read_address_reg[1]/C
                         clock pessimism              0.000    10.924    
                         clock uncertainty           -0.035    10.889    
    SLICE_X3Y2           FDRE (Setup_fdre_C_CE)      -0.413    10.476    output_bank/read_address_reg[1]
  -------------------------------------------------------------------
                         required time                         10.476    
                         arrival time                          -7.510    
  -------------------------------------------------------------------
                         slack                                  2.966    

Slack (MET) :             2.966ns  (required time - arrival time)
  Source:                 per_cause_fault_cdc.causes[5].cause_sync_reg[1]/C
                            (rising edge-triggered cell FDRE clocked by source_100  {rise@0.000ns fall@5.000ns period=10.000ns})
  Destination:            output_bank/read_address_reg[2]/CE
                            (rising edge-triggered cell FDRE clocked by source_100  {rise@0.000ns fall@5.000ns period=10.000ns})
  Path Group:             source_100
  Path Type:              Setup (Max at Slow Process Corner)
  Requirement:            10.000ns  (source_100 rise@10.000ns - source_100 rise@0.000ns)
  Data Path Delay:        6.537ns  (logic 1.586ns (24.261%)  route 4.951ns (75.739%))
  Logic Levels:           6  (LUT2=1 LUT4=2 LUT6=3)
  Clock Path Skew:        -0.049ns (DCD - SCD + CPR)
    Destination Clock Delay (DCD):    0.924ns = ( 10.924 - 10.000 ) 
    Source Clock Delay      (SCD):    0.973ns
    Clock Pessimism Removal (CPR):    0.000ns
  Clock Uncertainty:      0.035ns  ((TSJ^2 + TIJ^2)^1/2 + DJ) / 2 + PE
    Total System Jitter     (TSJ):    0.071ns
    Total Input Jitter      (TIJ):    0.000ns
    Discrete Jitter          (DJ):    0.000ns
    Phase Error              (PE):    0.000ns

    Location             Delay type                Incr(ns)  Path(ns)    Netlist Resource(s)
  -------------------------------------------------------------------    -------------------
                         (clock source_100 rise edge)
                                                      0.000     0.000 r  
                                                      0.000     0.000 r  clk (IN)
                         net (fo=205, unset)          0.973     0.973    clk
    SLICE_X2Y15          FDRE                                         r  per_cause_fault_cdc.causes[5].cause_sync_reg[1]/C
  -------------------------------------------------------------------    -------------------
    SLICE_X2Y15          FDRE (Prop_fdre_C_Q)         0.419     1.392 f  per_cause_fault_cdc.causes[5].cause_sync_reg[1]/Q
                         net (fo=1, routed)           0.979     2.371    per_cause_fault_cdc.causes[5].cause_sync[1]
    SLICE_X8Y16          LUT4 (Prop_lut4_I0_O)        0.296     2.667 f  fast_fault_slow_inferred_i_4/O
                         net (fo=1, routed)           0.590     3.257    fast_fault_slow_inferred_i_4_n_0
    SLICE_X8Y17          LUT6 (Prop_lut6_I5_O)        0.124     3.381 f  fast_fault_slow_inferred_i_1/O
                         net (fo=1, routed)           0.858     4.238    source_bank/out[0]
    SLICE_X4Y16          LUT2 (Prop_lut2_I0_O)        0.149     4.387 f  source_bank/fault_INST_0/O
                         net (fo=10, routed)          0.874     5.261    output_bank/payload_memory_reg_0
    SLICE_X2Y5           LUT6 (Prop_lut6_I1_O)        0.355     5.616 r  output_bank/payload_memory_reg_i_1/O
                         net (fo=13, routed)          0.343     5.960    output_bank/payload_memory_reg_i_1_n_0
    SLICE_X3Y3           LUT6 (Prop_lut6_I2_O)        0.124     6.084 r  output_bank/read_address[0]_i_3/O
                         net (fo=10, routed)          0.662     6.745    output_bank/read_address[0]_i_3_n_0
    SLICE_X2Y4           LUT4 (Prop_lut4_I3_O)        0.119     6.864 r  output_bank/read_address[0]_i_1/O
                         net (fo=9, routed)           0.646     7.510    output_bank/read_address[0]_i_1_n_0
    SLICE_X3Y2           FDRE                                         r  output_bank/read_address_reg[2]/CE
  -------------------------------------------------------------------    -------------------

                         (clock source_100 rise edge)
                                                     10.000    10.000 r  
                                                      0.000    10.000 r  clk (IN)
                         net (fo=205, unset)          0.924    10.924    output_bank/clk
    SLICE_X3Y2           FDRE                                         r  output_bank/read_address_reg[2]/C
                         clock pessimism              0.000    10.924    
                         clock uncertainty           -0.035    10.889    
    SLICE_X3Y2           FDRE (Setup_fdre_C_CE)      -0.413    10.476    output_bank/read_address_reg[2]
  -------------------------------------------------------------------
                         required time                         10.476    
                         arrival time                          -7.510    
  -------------------------------------------------------------------
                         slack                                  2.966    

Slack (MET) :             2.966ns  (required time - arrival time)
  Source:                 per_cause_fault_cdc.causes[5].cause_sync_reg[1]/C
                            (rising edge-triggered cell FDRE clocked by source_100  {rise@0.000ns fall@5.000ns period=10.000ns})
  Destination:            output_bank/read_address_reg[3]/CE
                            (rising edge-triggered cell FDRE clocked by source_100  {rise@0.000ns fall@5.000ns period=10.000ns})
  Path Group:             source_100
  Path Type:              Setup (Max at Slow Process Corner)
  Requirement:            10.000ns  (source_100 rise@10.000ns - source_100 rise@0.000ns)
  Data Path Delay:        6.537ns  (logic 1.586ns (24.261%)  route 4.951ns (75.739%))
  Logic Levels:           6  (LUT2=1 LUT4=2 LUT6=3)
  Clock Path Skew:        -0.049ns (DCD - SCD + CPR)
    Destination Clock Delay (DCD):    0.924ns = ( 10.924 - 10.000 ) 
    Source Clock Delay      (SCD):    0.973ns
    Clock Pessimism Removal (CPR):    0.000ns
  Clock Uncertainty:      0.035ns  ((TSJ^2 + TIJ^2)^1/2 + DJ) / 2 + PE
    Total System Jitter     (TSJ):    0.071ns
    Total Input Jitter      (TIJ):    0.000ns
    Discrete Jitter          (DJ):    0.000ns
    Phase Error              (PE):    0.000ns

    Location             Delay type                Incr(ns)  Path(ns)    Netlist Resource(s)
  -------------------------------------------------------------------    -------------------
                         (clock source_100 rise edge)
                                                      0.000     0.000 r  
                                                      0.000     0.000 r  clk (IN)
                         net (fo=205, unset)          0.973     0.973    clk
    SLICE_X2Y15          FDRE                                         r  per_cause_fault_cdc.causes[5].cause_sync_reg[1]/C
  -------------------------------------------------------------------    -------------------
    SLICE_X2Y15          FDRE (Prop_fdre_C_Q)         0.419     1.392 f  per_cause_fault_cdc.causes[5].cause_sync_reg[1]/Q
                         net (fo=1, routed)           0.979     2.371    per_cause_fault_cdc.causes[5].cause_sync[1]
    SLICE_X8Y16          LUT4 (Prop_lut4_I0_O)        0.296     2.667 f  fast_fault_slow_inferred_i_4/O
                         net (fo=1, routed)           0.590     3.257    fast_fault_slow_inferred_i_4_n_0
    SLICE_X8Y17          LUT6 (Prop_lut6_I5_O)        0.124     3.381 f  fast_fault_slow_inferred_i_1/O
                         net (fo=1, routed)           0.858     4.238    source_bank/out[0]
    SLICE_X4Y16          LUT2 (Prop_lut2_I0_O)        0.149     4.387 f  source_bank/fault_INST_0/O
                         net (fo=10, routed)          0.874     5.261    output_bank/payload_memory_reg_0
    SLICE_X2Y5           LUT6 (Prop_lut6_I1_O)        0.355     5.616 r  output_bank/payload_memory_reg_i_1/O
                         net (fo=13, routed)          0.343     5.960    output_bank/payload_memory_reg_i_1_n_0
    SLICE_X3Y3           LUT6 (Prop_lut6_I2_O)        0.124     6.084 r  output_bank/read_address[0]_i_3/O
                         net (fo=10, routed)          0.662     6.745    output_bank/read_address[0]_i_3_n_0
    SLICE_X2Y4           LUT4 (Prop_lut4_I3_O)        0.119     6.864 r  output_bank/read_address[0]_i_1/O
                         net (fo=9, routed)           0.646     7.510    output_bank/read_address[0]_i_1_n_0
    SLICE_X3Y2           FDRE                                         r  output_bank/read_address_reg[3]/CE
  -------------------------------------------------------------------    -------------------

                         (clock source_100 rise edge)
                                                     10.000    10.000 r  
                                                      0.000    10.000 r  clk (IN)
                         net (fo=205, unset)          0.924    10.924    output_bank/clk
    SLICE_X3Y2           FDRE                                         r  output_bank/read_address_reg[3]/C
                         clock pessimism              0.000    10.924    
                         clock uncertainty           -0.035    10.889    
    SLICE_X3Y2           FDRE (Setup_fdre_C_CE)      -0.413    10.476    output_bank/read_address_reg[3]
  -------------------------------------------------------------------
                         required time                         10.476    
                         arrival time                          -7.510    
  -------------------------------------------------------------------
                         slack                                  2.966    

Slack (MET) :             3.005ns  (required time - arrival time)
  Source:                 per_cause_fault_cdc.causes[5].cause_sync_reg[1]/C
                            (rising edge-triggered cell FDRE clocked by source_100  {rise@0.000ns fall@5.000ns period=10.000ns})
  Destination:            source_bank/metadata_in_hold_reg[27]/CE
                            (rising edge-triggered cell FDRE clocked by source_100  {rise@0.000ns fall@5.000ns period=10.000ns})
  Path Group:             source_100
  Path Type:              Setup (Max at Slow Process Corner)
  Requirement:            10.000ns  (source_100 rise@10.000ns - source_100 rise@0.000ns)
  Data Path Delay:        6.534ns  (logic 1.371ns (20.983%)  route 5.163ns (79.017%))
  Logic Levels:           4  (LUT2=1 LUT4=1 LUT5=1 LUT6=1)
  Clock Path Skew:        -0.049ns (DCD - SCD + CPR)
    Destination Clock Delay (DCD):    0.924ns = ( 10.924 - 10.000 ) 
    Source Clock Delay      (SCD):    0.973ns
    Clock Pessimism Removal (CPR):    0.000ns
  Clock Uncertainty:      0.035ns  ((TSJ^2 + TIJ^2)^1/2 + DJ) / 2 + PE
    Total System Jitter     (TSJ):    0.071ns
    Total Input Jitter      (TIJ):    0.000ns
    Discrete Jitter          (DJ):    0.000ns
    Phase Error              (PE):    0.000ns

    Location             Delay type                Incr(ns)  Path(ns)    Netlist Resource(s)
  -------------------------------------------------------------------    -------------------
                         (clock source_100 rise edge)
                                                      0.000     0.000 r  
                                                      0.000     0.000 r  clk (IN)
                         net (fo=205, unset)          0.973     0.973    clk
    SLICE_X2Y15          FDRE                                         r  per_cause_fault_cdc.causes[5].cause_sync_reg[1]/C
  -------------------------------------------------------------------    -------------------
    SLICE_X2Y15          FDRE (Prop_fdre_C_Q)         0.419     1.392 f  per_cause_fault_cdc.causes[5].cause_sync_reg[1]/Q
                         net (fo=1, routed)           0.979     2.371    per_cause_fault_cdc.causes[5].cause_sync[1]
    SLICE_X8Y16          LUT4 (Prop_lut4_I0_O)        0.296     2.667 f  fast_fault_slow_inferred_i_4/O
                         net (fo=1, routed)           0.590     3.257    fast_fault_slow_inferred_i_4_n_0
    SLICE_X8Y17          LUT6 (Prop_lut6_I5_O)        0.124     3.381 f  fast_fault_slow_inferred_i_1/O
                         net (fo=1, routed)           0.858     4.238    source_bank/out[0]
    SLICE_X4Y16          LUT2 (Prop_lut2_I0_O)        0.149     4.387 f  source_bank/fault_INST_0/O
                         net (fo=10, routed)          0.697     5.084    source_bank/input_fault_reg_0
    SLICE_X2Y17          LUT5 (Prop_lut5_I0_O)        0.383     5.467 r  source_bank/metadata_in_hold[68]_i_1__0/O
                         net (fo=64, routed)          2.040     7.507    source_bank/metadata_load
    SLICE_X24Y11         FDRE                                         r  source_bank/metadata_in_hold_reg[27]/CE
  -------------------------------------------------------------------    -------------------

                         (clock source_100 rise edge)
                                                     10.000    10.000 r  
                                                      0.000    10.000 r  clk (IN)
                         net (fo=205, unset)          0.924    10.924    source_bank/clk
    SLICE_X24Y11         FDRE                                         r  source_bank/metadata_in_hold_reg[27]/C
                         clock pessimism              0.000    10.924    
                         clock uncertainty           -0.035    10.889    
    SLICE_X24Y11         FDRE (Setup_fdre_C_CE)      -0.377    10.512    source_bank/metadata_in_hold_reg[27]
  -------------------------------------------------------------------
                         required time                         10.512    
                         arrival time                          -7.507    
  -------------------------------------------------------------------
                         slack                                  3.005    

Slack (MET) :             3.020ns  (required time - arrival time)
  Source:                 per_cause_fault_cdc.causes[5].cause_sync_reg[1]/C
                            (rising edge-triggered cell FDRE clocked by source_100  {rise@0.000ns fall@5.000ns period=10.000ns})
  Destination:            output_bank/read_address_reg[5]/CE
                            (rising edge-triggered cell FDRE clocked by source_100  {rise@0.000ns fall@5.000ns period=10.000ns})
  Path Group:             source_100
  Path Type:              Setup (Max at Slow Process Corner)
  Requirement:            10.000ns  (source_100 rise@10.000ns - source_100 rise@0.000ns)
  Data Path Delay:        6.483ns  (logic 1.586ns (24.463%)  route 4.897ns (75.537%))
  Logic Levels:           6  (LUT2=1 LUT4=2 LUT6=3)
  Clock Path Skew:        -0.049ns (DCD - SCD + CPR)
    Destination Clock Delay (DCD):    0.924ns = ( 10.924 - 10.000 ) 
    Source Clock Delay      (SCD):    0.973ns
    Clock Pessimism Removal (CPR):    0.000ns
  Clock Uncertainty:      0.035ns  ((TSJ^2 + TIJ^2)^1/2 + DJ) / 2 + PE
    Total System Jitter     (TSJ):    0.071ns
    Total Input Jitter      (TIJ):    0.000ns
    Discrete Jitter          (DJ):    0.000ns
    Phase Error              (PE):    0.000ns

    Location             Delay type                Incr(ns)  Path(ns)    Netlist Resource(s)
  -------------------------------------------------------------------    -------------------
                         (clock source_100 rise edge)
                                                      0.000     0.000 r  
                                                      0.000     0.000 r  clk (IN)
                         net (fo=205, unset)          0.973     0.973    clk
    SLICE_X2Y15          FDRE                                         r  per_cause_fault_cdc.causes[5].cause_sync_reg[1]/C
  -------------------------------------------------------------------    -------------------
    SLICE_X2Y15          FDRE (Prop_fdre_C_Q)         0.419     1.392 f  per_cause_fault_cdc.causes[5].cause_sync_reg[1]/Q
                         net (fo=1, routed)           0.979     2.371    per_cause_fault_cdc.causes[5].cause_sync[1]
    SLICE_X8Y16          LUT4 (Prop_lut4_I0_O)        0.296     2.667 f  fast_fault_slow_inferred_i_4/O
                         net (fo=1, routed)           0.590     3.257    fast_fault_slow_inferred_i_4_n_0
    SLICE_X8Y17          LUT6 (Prop_lut6_I5_O)        0.124     3.381 f  fast_fault_slow_inferred_i_1/O
                         net (fo=1, routed)           0.858     4.238    source_bank/out[0]
    SLICE_X4Y16          LUT2 (Prop_lut2_I0_O)        0.149     4.387 f  source_bank/fault_INST_0/O
                         net (fo=10, routed)          0.874     5.261    output_bank/payload_memory_reg_0
    SLICE_X2Y5           LUT6 (Prop_lut6_I1_O)        0.355     5.616 r  output_bank/payload_memory_reg_i_1/O
                         net (fo=13, routed)          0.343     5.960    output_bank/payload_memory_reg_i_1_n_0
    SLICE_X3Y3           LUT6 (Prop_lut6_I2_O)        0.124     6.084 r  output_bank/read_address[0]_i_3/O
                         net (fo=10, routed)          0.662     6.745    output_bank/read_address[0]_i_3_n_0
    SLICE_X2Y4           LUT4 (Prop_lut4_I3_O)        0.119     6.864 r  output_bank/read_address[0]_i_1/O
                         net (fo=9, routed)           0.592     7.456    output_bank/read_address[0]_i_1_n_0
    SLICE_X3Y4           FDRE                                         r  output_bank/read_address_reg[5]/CE
  -------------------------------------------------------------------    -------------------

                         (clock source_100 rise edge)
                                                     10.000    10.000 r  
                                                      0.000    10.000 r  clk (IN)
                         net (fo=205, unset)          0.924    10.924    output_bank/clk
    SLICE_X3Y4           FDRE                                         r  output_bank/read_address_reg[5]/C
                         clock pessimism              0.000    10.924    
                         clock uncertainty           -0.035    10.889    
    SLICE_X3Y4           FDRE (Setup_fdre_C_CE)      -0.413    10.476    output_bank/read_address_reg[5]
  -------------------------------------------------------------------
                         required time                         10.476    
                         arrival time                          -7.456    
  -------------------------------------------------------------------
                         slack                                  3.020    

Slack (MET) :             3.056ns  (required time - arrival time)
  Source:                 per_cause_fault_cdc.causes[5].cause_sync_reg[1]/C
                            (rising edge-triggered cell FDRE clocked by source_100  {rise@0.000ns fall@5.000ns period=10.000ns})
  Destination:            source_bank/metadata_in_hold_reg[49]/CE
                            (rising edge-triggered cell FDRE clocked by source_100  {rise@0.000ns fall@5.000ns period=10.000ns})
  Path Group:             source_100
  Path Type:              Setup (Max at Slow Process Corner)
  Requirement:            10.000ns  (source_100 rise@10.000ns - source_100 rise@0.000ns)
  Data Path Delay:        6.447ns  (logic 1.371ns (21.267%)  route 5.076ns (78.733%))
  Logic Levels:           4  (LUT2=1 LUT4=1 LUT5=1 LUT6=1)
  Clock Path Skew:        -0.049ns (DCD - SCD + CPR)
    Destination Clock Delay (DCD):    0.924ns = ( 10.924 - 10.000 ) 
    Source Clock Delay      (SCD):    0.973ns
    Clock Pessimism Removal (CPR):    0.000ns
  Clock Uncertainty:      0.035ns  ((TSJ^2 + TIJ^2)^1/2 + DJ) / 2 + PE
    Total System Jitter     (TSJ):    0.071ns
    Total Input Jitter      (TIJ):    0.000ns
    Discrete Jitter          (DJ):    0.000ns
    Phase Error              (PE):    0.000ns

    Location             Delay type                Incr(ns)  Path(ns)    Netlist Resource(s)
  -------------------------------------------------------------------    -------------------
                         (clock source_100 rise edge)
                                                      0.000     0.000 r  
                                                      0.000     0.000 r  clk (IN)
                         net (fo=205, unset)          0.973     0.973    clk
    SLICE_X2Y15          FDRE                                         r  per_cause_fault_cdc.causes[5].cause_sync_reg[1]/C
  -------------------------------------------------------------------    -------------------
    SLICE_X2Y15          FDRE (Prop_fdre_C_Q)         0.419     1.392 f  per_cause_fault_cdc.causes[5].cause_sync_reg[1]/Q
                         net (fo=1, routed)           0.979     2.371    per_cause_fault_cdc.causes[5].cause_sync[1]
    SLICE_X8Y16          LUT4 (Prop_lut4_I0_O)        0.296     2.667 f  fast_fault_slow_inferred_i_4/O
                         net (fo=1, routed)           0.590     3.257    fast_fault_slow_inferred_i_4_n_0
    SLICE_X8Y17          LUT6 (Prop_lut6_I5_O)        0.124     3.381 f  fast_fault_slow_inferred_i_1/O
                         net (fo=1, routed)           0.858     4.238    source_bank/out[0]
    SLICE_X4Y16          LUT2 (Prop_lut2_I0_O)        0.149     4.387 f  source_bank/fault_INST_0/O
                         net (fo=10, routed)          0.697     5.084    source_bank/input_fault_reg_0
    SLICE_X2Y17          LUT5 (Prop_lut5_I0_O)        0.383     5.467 r  source_bank/metadata_in_hold[68]_i_1__0/O
                         net (fo=64, routed)          1.953     7.420    source_bank/metadata_load
    SLICE_X19Y19         FDRE                                         r  source_bank/metadata_in_hold_reg[49]/CE
  -------------------------------------------------------------------    -------------------

                         (clock source_100 rise edge)
                                                     10.000    10.000 r  
                                                      0.000    10.000 r  clk (IN)
                         net (fo=205, unset)          0.924    10.924    source_bank/clk
    SLICE_X19Y19         FDRE                                         r  source_bank/metadata_in_hold_reg[49]/C
                         clock pessimism              0.000    10.924    
                         clock uncertainty           -0.035    10.889    
    SLICE_X19Y19         FDRE (Setup_fdre_C_CE)      -0.413    10.476    source_bank/metadata_in_hold_reg[49]
  -------------------------------------------------------------------
                         required time                         10.476    
                         arrival time                          -7.420    
  -------------------------------------------------------------------
                         slack                                  3.056    

Slack (MET) :             3.056ns  (required time - arrival time)
  Source:                 per_cause_fault_cdc.causes[5].cause_sync_reg[1]/C
                            (rising edge-triggered cell FDRE clocked by source_100  {rise@0.000ns fall@5.000ns period=10.000ns})
  Destination:            source_bank/metadata_in_hold_reg[63]/CE
                            (rising edge-triggered cell FDRE clocked by source_100  {rise@0.000ns fall@5.000ns period=10.000ns})
  Path Group:             source_100
  Path Type:              Setup (Max at Slow Process Corner)
  Requirement:            10.000ns  (source_100 rise@10.000ns - source_100 rise@0.000ns)
  Data Path Delay:        6.447ns  (logic 1.371ns (21.267%)  route 5.076ns (78.733%))
  Logic Levels:           4  (LUT2=1 LUT4=1 LUT5=1 LUT6=1)
  Clock Path Skew:        -0.049ns (DCD - SCD + CPR)
    Destination Clock Delay (DCD):    0.924ns = ( 10.924 - 10.000 ) 
    Source Clock Delay      (SCD):    0.973ns
    Clock Pessimism Removal (CPR):    0.000ns
  Clock Uncertainty:      0.035ns  ((TSJ^2 + TIJ^2)^1/2 + DJ) / 2 + PE
    Total System Jitter     (TSJ):    0.071ns
    Total Input Jitter      (TIJ):    0.000ns
    Discrete Jitter          (DJ):    0.000ns
    Phase Error              (PE):    0.000ns

    Location             Delay type                Incr(ns)  Path(ns)    Netlist Resource(s)
  -------------------------------------------------------------------    -------------------
                         (clock source_100 rise edge)
                                                      0.000     0.000 r  
                                                      0.000     0.000 r  clk (IN)
                         net (fo=205, unset)          0.973     0.973    clk
    SLICE_X2Y15          FDRE                                         r  per_cause_fault_cdc.causes[5].cause_sync_reg[1]/C
  -------------------------------------------------------------------    -------------------
    SLICE_X2Y15          FDRE (Prop_fdre_C_Q)         0.419     1.392 f  per_cause_fault_cdc.causes[5].cause_sync_reg[1]/Q
                         net (fo=1, routed)           0.979     2.371    per_cause_fault_cdc.causes[5].cause_sync[1]
    SLICE_X8Y16          LUT4 (Prop_lut4_I0_O)        0.296     2.667 f  fast_fault_slow_inferred_i_4/O
                         net (fo=1, routed)           0.590     3.257    fast_fault_slow_inferred_i_4_n_0
    SLICE_X8Y17          LUT6 (Prop_lut6_I5_O)        0.124     3.381 f  fast_fault_slow_inferred_i_1/O
                         net (fo=1, routed)           0.858     4.238    source_bank/out[0]
    SLICE_X4Y16          LUT2 (Prop_lut2_I0_O)        0.149     4.387 f  source_bank/fault_INST_0/O
                         net (fo=10, routed)          0.697     5.084    source_bank/input_fault_reg_0
    SLICE_X2Y17          LUT5 (Prop_lut5_I0_O)        0.383     5.467 r  source_bank/metadata_in_hold[68]_i_1__0/O
                         net (fo=64, routed)          1.953     7.420    source_bank/metadata_load
    SLICE_X19Y19         FDRE                                         r  source_bank/metadata_in_hold_reg[63]/CE
  -------------------------------------------------------------------    -------------------

                         (clock source_100 rise edge)
                                                     10.000    10.000 r  
                                                      0.000    10.000 r  clk (IN)
                         net (fo=205, unset)          0.924    10.924    source_bank/clk
    SLICE_X19Y19         FDRE                                         r  source_bank/metadata_in_hold_reg[63]/C
                         clock pessimism              0.000    10.924    
                         clock uncertainty           -0.035    10.889    
    SLICE_X19Y19         FDRE (Setup_fdre_C_CE)      -0.413    10.476    source_bank/metadata_in_hold_reg[63]
  -------------------------------------------------------------------
                         required time                         10.476    
                         arrival time                          -7.420    
  -------------------------------------------------------------------
                         slack                                  3.056    

Slack (MET) :             3.056ns  (required time - arrival time)
  Source:                 per_cause_fault_cdc.causes[5].cause_sync_reg[1]/C
                            (rising edge-triggered cell FDRE clocked by source_100  {rise@0.000ns fall@5.000ns period=10.000ns})
  Destination:            source_bank/metadata_in_hold_reg[66]/CE
                            (rising edge-triggered cell FDRE clocked by source_100  {rise@0.000ns fall@5.000ns period=10.000ns})
  Path Group:             source_100
  Path Type:              Setup (Max at Slow Process Corner)
  Requirement:            10.000ns  (source_100 rise@10.000ns - source_100 rise@0.000ns)
  Data Path Delay:        6.447ns  (logic 1.371ns (21.267%)  route 5.076ns (78.733%))
  Logic Levels:           4  (LUT2=1 LUT4=1 LUT5=1 LUT6=1)
  Clock Path Skew:        -0.049ns (DCD - SCD + CPR)
    Destination Clock Delay (DCD):    0.924ns = ( 10.924 - 10.000 ) 
    Source Clock Delay      (SCD):    0.973ns
    Clock Pessimism Removal (CPR):    0.000ns
  Clock Uncertainty:      0.035ns  ((TSJ^2 + TIJ^2)^1/2 + DJ) / 2 + PE
    Total System Jitter     (TSJ):    0.071ns
    Total Input Jitter      (TIJ):    0.000ns
    Discrete Jitter          (DJ):    0.000ns
    Phase Error              (PE):    0.000ns

    Location             Delay type                Incr(ns)  Path(ns)    Netlist Resource(s)
  -------------------------------------------------------------------    -------------------
                         (clock source_100 rise edge)
                                                      0.000     0.000 r  
                                                      0.000     0.000 r  clk (IN)
                         net (fo=205, unset)          0.973     0.973    clk
    SLICE_X2Y15          FDRE                                         r  per_cause_fault_cdc.causes[5].cause_sync_reg[1]/C
  -------------------------------------------------------------------    -------------------
    SLICE_X2Y15          FDRE (Prop_fdre_C_Q)         0.419     1.392 f  per_cause_fault_cdc.causes[5].cause_sync_reg[1]/Q
                         net (fo=1, routed)           0.979     2.371    per_cause_fault_cdc.causes[5].cause_sync[1]
    SLICE_X8Y16          LUT4 (Prop_lut4_I0_O)        0.296     2.667 f  fast_fault_slow_inferred_i_4/O
                         net (fo=1, routed)           0.590     3.257    fast_fault_slow_inferred_i_4_n_0
    SLICE_X8Y17          LUT6 (Prop_lut6_I5_O)        0.124     3.381 f  fast_fault_slow_inferred_i_1/O
                         net (fo=1, routed)           0.858     4.238    source_bank/out[0]
    SLICE_X4Y16          LUT2 (Prop_lut2_I0_O)        0.149     4.387 f  source_bank/fault_INST_0/O
                         net (fo=10, routed)          0.697     5.084    source_bank/input_fault_reg_0
    SLICE_X2Y17          LUT5 (Prop_lut5_I0_O)        0.383     5.467 r  source_bank/metadata_in_hold[68]_i_1__0/O
                         net (fo=64, routed)          1.953     7.420    source_bank/metadata_load
    SLICE_X19Y19         FDRE                                         r  source_bank/metadata_in_hold_reg[66]/CE
  -------------------------------------------------------------------    -------------------

                         (clock source_100 rise edge)
                                                     10.000    10.000 r  
                                                      0.000    10.000 r  clk (IN)
                         net (fo=205, unset)          0.924    10.924    source_bank/clk
    SLICE_X19Y19         FDRE                                         r  source_bank/metadata_in_hold_reg[66]/C
                         clock pessimism              0.000    10.924    
                         clock uncertainty           -0.035    10.889    
    SLICE_X19Y19         FDRE (Setup_fdre_C_CE)      -0.413    10.476    source_bank/metadata_in_hold_reg[66]
  -------------------------------------------------------------------
                         required time                         10.476    
                         arrival time                          -7.420    
  -------------------------------------------------------------------
                         slack                                  3.056    

Slack (MET) :             3.056ns  (required time - arrival time)
  Source:                 per_cause_fault_cdc.causes[5].cause_sync_reg[1]/C
                            (rising edge-triggered cell FDRE clocked by source_100  {rise@0.000ns fall@5.000ns period=10.000ns})
  Destination:            source_bank/metadata_in_hold_reg[68]/CE
                            (rising edge-triggered cell FDRE clocked by source_100  {rise@0.000ns fall@5.000ns period=10.000ns})
  Path Group:             source_100
  Path Type:              Setup (Max at Slow Process Corner)
  Requirement:            10.000ns  (source_100 rise@10.000ns - source_100 rise@0.000ns)
  Data Path Delay:        6.447ns  (logic 1.371ns (21.267%)  route 5.076ns (78.733%))
  Logic Levels:           4  (LUT2=1 LUT4=1 LUT5=1 LUT6=1)
  Clock Path Skew:        -0.049ns (DCD - SCD + CPR)
    Destination Clock Delay (DCD):    0.924ns = ( 10.924 - 10.000 ) 
    Source Clock Delay      (SCD):    0.973ns
    Clock Pessimism Removal (CPR):    0.000ns
  Clock Uncertainty:      0.035ns  ((TSJ^2 + TIJ^2)^1/2 + DJ) / 2 + PE
    Total System Jitter     (TSJ):    0.071ns
    Total Input Jitter      (TIJ):    0.000ns
    Discrete Jitter          (DJ):    0.000ns
    Phase Error              (PE):    0.000ns

    Location             Delay type                Incr(ns)  Path(ns)    Netlist Resource(s)
  -------------------------------------------------------------------    -------------------
                         (clock source_100 rise edge)
                                                      0.000     0.000 r  
                                                      0.000     0.000 r  clk (IN)
                         net (fo=205, unset)          0.973     0.973    clk
    SLICE_X2Y15          FDRE                                         r  per_cause_fault_cdc.causes[5].cause_sync_reg[1]/C
  -------------------------------------------------------------------    -------------------
    SLICE_X2Y15          FDRE (Prop_fdre_C_Q)         0.419     1.392 f  per_cause_fault_cdc.causes[5].cause_sync_reg[1]/Q
                         net (fo=1, routed)           0.979     2.371    per_cause_fault_cdc.causes[5].cause_sync[1]
    SLICE_X8Y16          LUT4 (Prop_lut4_I0_O)        0.296     2.667 f  fast_fault_slow_inferred_i_4/O
                         net (fo=1, routed)           0.590     3.257    fast_fault_slow_inferred_i_4_n_0
    SLICE_X8Y17          LUT6 (Prop_lut6_I5_O)        0.124     3.381 f  fast_fault_slow_inferred_i_1/O
                         net (fo=1, routed)           0.858     4.238    source_bank/out[0]
    SLICE_X4Y16          LUT2 (Prop_lut2_I0_O)        0.149     4.387 f  source_bank/fault_INST_0/O
                         net (fo=10, routed)          0.697     5.084    source_bank/input_fault_reg_0
    SLICE_X2Y17          LUT5 (Prop_lut5_I0_O)        0.383     5.467 r  source_bank/metadata_in_hold[68]_i_1__0/O
                         net (fo=64, routed)          1.953     7.420    source_bank/metadata_load
    SLICE_X19Y19         FDRE                                         r  source_bank/metadata_in_hold_reg[68]/CE
  -------------------------------------------------------------------    -------------------

                         (clock source_100 rise edge)
                                                     10.000    10.000 r  
                                                      0.000    10.000 r  clk (IN)
                         net (fo=205, unset)          0.924    10.924    source_bank/clk
    SLICE_X19Y19         FDRE                                         r  source_bank/metadata_in_hold_reg[68]/C
                         clock pessimism              0.000    10.924    
                         clock uncertainty           -0.035    10.889    
    SLICE_X19Y19         FDRE (Setup_fdre_C_CE)      -0.413    10.476    source_bank/metadata_in_hold_reg[68]
  -------------------------------------------------------------------
                         required time                         10.476    
                         arrival time                          -7.420    
  -------------------------------------------------------------------
                         slack                                  3.056    

Slack (MET) :             3.102ns  (required time - arrival time)
  Source:                 per_cause_fault_cdc.causes[5].cause_sync_reg[1]/C
                            (rising edge-triggered cell FDRE clocked by source_100  {rise@0.000ns fall@5.000ns period=10.000ns})
  Destination:            source_bank/metadata_in_hold_reg[42]/CE
                            (rising edge-triggered cell FDRE clocked by source_100  {rise@0.000ns fall@5.000ns period=10.000ns})
  Path Group:             source_100
  Path Type:              Setup (Max at Slow Process Corner)
  Requirement:            10.000ns  (source_100 rise@10.000ns - source_100 rise@0.000ns)
  Data Path Delay:        6.437ns  (logic 1.371ns (21.299%)  route 5.066ns (78.701%))
  Logic Levels:           4  (LUT2=1 LUT4=1 LUT5=1 LUT6=1)
  Clock Path Skew:        -0.049ns (DCD - SCD + CPR)
    Destination Clock Delay (DCD):    0.924ns = ( 10.924 - 10.000 ) 
    Source Clock Delay      (SCD):    0.973ns
    Clock Pessimism Removal (CPR):    0.000ns
  Clock Uncertainty:      0.035ns  ((TSJ^2 + TIJ^2)^1/2 + DJ) / 2 + PE
    Total System Jitter     (TSJ):    0.071ns
    Total Input Jitter      (TIJ):    0.000ns
    Discrete Jitter          (DJ):    0.000ns
    Phase Error              (PE):    0.000ns

    Location             Delay type                Incr(ns)  Path(ns)    Netlist Resource(s)
  -------------------------------------------------------------------    -------------------
                         (clock source_100 rise edge)
                                                      0.000     0.000 r  
                                                      0.000     0.000 r  clk (IN)
                         net (fo=205, unset)          0.973     0.973    clk
    SLICE_X2Y15          FDRE                                         r  per_cause_fault_cdc.causes[5].cause_sync_reg[1]/C
  -------------------------------------------------------------------    -------------------
    SLICE_X2Y15          FDRE (Prop_fdre_C_Q)         0.419     1.392 f  per_cause_fault_cdc.causes[5].cause_sync_reg[1]/Q
                         net (fo=1, routed)           0.979     2.371    per_cause_fault_cdc.causes[5].cause_sync[1]
    SLICE_X8Y16          LUT4 (Prop_lut4_I0_O)        0.296     2.667 f  fast_fault_slow_inferred_i_4/O
                         net (fo=1, routed)           0.590     3.257    fast_fault_slow_inferred_i_4_n_0
    SLICE_X8Y17          LUT6 (Prop_lut6_I5_O)        0.124     3.381 f  fast_fault_slow_inferred_i_1/O
                         net (fo=1, routed)           0.858     4.238    source_bank/out[0]
    SLICE_X4Y16          LUT2 (Prop_lut2_I0_O)        0.149     4.387 f  source_bank/fault_INST_0/O
                         net (fo=10, routed)          0.697     5.084    source_bank/input_fault_reg_0
    SLICE_X2Y17          LUT5 (Prop_lut5_I0_O)        0.383     5.467 r  source_bank/metadata_in_hold[68]_i_1__0/O
                         net (fo=64, routed)          1.943     7.410    source_bank/metadata_load
    SLICE_X24Y18         FDRE                                         r  source_bank/metadata_in_hold_reg[42]/CE
  -------------------------------------------------------------------    -------------------

                         (clock source_100 rise edge)
                                                     10.000    10.000 r  
                                                      0.000    10.000 r  clk (IN)
                         net (fo=205, unset)          0.924    10.924    source_bank/clk
    SLICE_X24Y18         FDRE                                         r  source_bank/metadata_in_hold_reg[42]/C
                         clock pessimism              0.000    10.924    
                         clock uncertainty           -0.035    10.889    
    SLICE_X24Y18         FDRE (Setup_fdre_C_CE)      -0.377    10.512    source_bank/metadata_in_hold_reg[42]
  -------------------------------------------------------------------
                         required time                         10.512    
                         arrival time                          -7.410    
  -------------------------------------------------------------------
                         slack                                  3.102    

Slack (MET) :             3.102ns  (required time - arrival time)
  Source:                 per_cause_fault_cdc.causes[5].cause_sync_reg[1]/C
                            (rising edge-triggered cell FDRE clocked by source_100  {rise@0.000ns fall@5.000ns period=10.000ns})
  Destination:            source_bank/metadata_in_hold_reg[51]/CE
                            (rising edge-triggered cell FDRE clocked by source_100  {rise@0.000ns fall@5.000ns period=10.000ns})
  Path Group:             source_100
  Path Type:              Setup (Max at Slow Process Corner)
  Requirement:            10.000ns  (source_100 rise@10.000ns - source_100 rise@0.000ns)
  Data Path Delay:        6.437ns  (logic 1.371ns (21.299%)  route 5.066ns (78.701%))
  Logic Levels:           4  (LUT2=1 LUT4=1 LUT5=1 LUT6=1)
  Clock Path Skew:        -0.049ns (DCD - SCD + CPR)
    Destination Clock Delay (DCD):    0.924ns = ( 10.924 - 10.000 ) 
    Source Clock Delay      (SCD):    0.973ns
    Clock Pessimism Removal (CPR):    0.000ns
  Clock Uncertainty:      0.035ns  ((TSJ^2 + TIJ^2)^1/2 + DJ) / 2 + PE
    Total System Jitter     (TSJ):    0.071ns
    Total Input Jitter      (TIJ):    0.000ns
    Discrete Jitter          (DJ):    0.000ns
    Phase Error              (PE):    0.000ns

    Location             Delay type                Incr(ns)  Path(ns)    Netlist Resource(s)
  -------------------------------------------------------------------    -------------------
                         (clock source_100 rise edge)
                                                      0.000     0.000 r  
                                                      0.000     0.000 r  clk (IN)
                         net (fo=205, unset)          0.973     0.973    clk
    SLICE_X2Y15          FDRE                                         r  per_cause_fault_cdc.causes[5].cause_sync_reg[1]/C
  -------------------------------------------------------------------    -------------------
    SLICE_X2Y15          FDRE (Prop_fdre_C_Q)         0.419     1.392 f  per_cause_fault_cdc.causes[5].cause_sync_reg[1]/Q
                         net (fo=1, routed)           0.979     2.371    per_cause_fault_cdc.causes[5].cause_sync[1]
    SLICE_X8Y16          LUT4 (Prop_lut4_I0_O)        0.296     2.667 f  fast_fault_slow_inferred_i_4/O
                         net (fo=1, routed)           0.590     3.257    fast_fault_slow_inferred_i_4_n_0
    SLICE_X8Y17          LUT6 (Prop_lut6_I5_O)        0.124     3.381 f  fast_fault_slow_inferred_i_1/O
                         net (fo=1, routed)           0.858     4.238    source_bank/out[0]
    SLICE_X4Y16          LUT2 (Prop_lut2_I0_O)        0.149     4.387 f  source_bank/fault_INST_0/O
                         net (fo=10, routed)          0.697     5.084    source_bank/input_fault_reg_0
    SLICE_X2Y17          LUT5 (Prop_lut5_I0_O)        0.383     5.467 r  source_bank/metadata_in_hold[68]_i_1__0/O
                         net (fo=64, routed)          1.943     7.410    source_bank/metadata_load
    SLICE_X24Y18         FDRE                                         r  source_bank/metadata_in_hold_reg[51]/CE
  -------------------------------------------------------------------    -------------------

                         (clock source_100 rise edge)
                                                     10.000    10.000 r  
                                                      0.000    10.000 r  clk (IN)
                         net (fo=205, unset)          0.924    10.924    source_bank/clk
    SLICE_X24Y18         FDRE                                         r  source_bank/metadata_in_hold_reg[51]/C
                         clock pessimism              0.000    10.924    
                         clock uncertainty           -0.035    10.889    
    SLICE_X24Y18         FDRE (Setup_fdre_C_CE)      -0.377    10.512    source_bank/metadata_in_hold_reg[51]
  -------------------------------------------------------------------
                         required time                         10.512    
                         arrival time                          -7.410    
  -------------------------------------------------------------------
                         slack                                  3.102    

Slack (MET) :             3.102ns  (required time - arrival time)
  Source:                 per_cause_fault_cdc.causes[5].cause_sync_reg[1]/C
                            (rising edge-triggered cell FDRE clocked by source_100  {rise@0.000ns fall@5.000ns period=10.000ns})
  Destination:            source_bank/metadata_in_hold_reg[53]/CE
                            (rising edge-triggered cell FDRE clocked by source_100  {rise@0.000ns fall@5.000ns period=10.000ns})
  Path Group:             source_100
  Path Type:              Setup (Max at Slow Process Corner)
  Requirement:            10.000ns  (source_100 rise@10.000ns - source_100 rise@0.000ns)
  Data Path Delay:        6.437ns  (logic 1.371ns (21.299%)  route 5.066ns (78.701%))
  Logic Levels:           4  (LUT2=1 LUT4=1 LUT5=1 LUT6=1)
  Clock Path Skew:        -0.049ns (DCD - SCD + CPR)
    Destination Clock Delay (DCD):    0.924ns = ( 10.924 - 10.000 ) 
    Source Clock Delay      (SCD):    0.973ns
    Clock Pessimism Removal (CPR):    0.000ns
  Clock Uncertainty:      0.035ns  ((TSJ^2 + TIJ^2)^1/2 + DJ) / 2 + PE
    Total System Jitter     (TSJ):    0.071ns
    Total Input Jitter      (TIJ):    0.000ns
    Discrete Jitter          (DJ):    0.000ns
    Phase Error              (PE):    0.000ns

    Location             Delay type                Incr(ns)  Path(ns)    Netlist Resource(s)
  -------------------------------------------------------------------    -------------------
                         (clock source_100 rise edge)
                                                      0.000     0.000 r  
                                                      0.000     0.000 r  clk (IN)
                         net (fo=205, unset)          0.973     0.973    clk
    SLICE_X2Y15          FDRE                                         r  per_cause_fault_cdc.causes[5].cause_sync_reg[1]/C
  -------------------------------------------------------------------    -------------------
    SLICE_X2Y15          FDRE (Prop_fdre_C_Q)         0.419     1.392 f  per_cause_fault_cdc.causes[5].cause_sync_reg[1]/Q
                         net (fo=1, routed)           0.979     2.371    per_cause_fault_cdc.causes[5].cause_sync[1]
    SLICE_X8Y16          LUT4 (Prop_lut4_I0_O)        0.296     2.667 f  fast_fault_slow_inferred_i_4/O
                         net (fo=1, routed)           0.590     3.257    fast_fault_slow_inferred_i_4_n_0
    SLICE_X8Y17          LUT6 (Prop_lut6_I5_O)        0.124     3.381 f  fast_fault_slow_inferred_i_1/O
                         net (fo=1, routed)           0.858     4.238    source_bank/out[0]
    SLICE_X4Y16          LUT2 (Prop_lut2_I0_O)        0.149     4.387 f  source_bank/fault_INST_0/O
                         net (fo=10, routed)          0.697     5.084    source_bank/input_fault_reg_0
    SLICE_X2Y17          LUT5 (Prop_lut5_I0_O)        0.383     5.467 r  source_bank/metadata_in_hold[68]_i_1__0/O
                         net (fo=64, routed)          1.943     7.410    source_bank/metadata_load
    SLICE_X24Y18         FDRE                                         r  source_bank/metadata_in_hold_reg[53]/CE
  -------------------------------------------------------------------    -------------------

                         (clock source_100 rise edge)
                                                     10.000    10.000 r  
                                                      0.000    10.000 r  clk (IN)
                         net (fo=205, unset)          0.924    10.924    source_bank/clk
    SLICE_X24Y18         FDRE                                         r  source_bank/metadata_in_hold_reg[53]/C
                         clock pessimism              0.000    10.924    
                         clock uncertainty           -0.035    10.889    
    SLICE_X24Y18         FDRE (Setup_fdre_C_CE)      -0.377    10.512    source_bank/metadata_in_hold_reg[53]
  -------------------------------------------------------------------
                         required time                         10.512    
                         arrival time                          -7.410    
  -------------------------------------------------------------------
                         slack                                  3.102    

Slack (MET) :             3.102ns  (required time - arrival time)
  Source:                 per_cause_fault_cdc.causes[5].cause_sync_reg[1]/C
                            (rising edge-triggered cell FDRE clocked by source_100  {rise@0.000ns fall@5.000ns period=10.000ns})
  Destination:            source_bank/metadata_in_hold_reg[54]/CE
                            (rising edge-triggered cell FDRE clocked by source_100  {rise@0.000ns fall@5.000ns period=10.000ns})
  Path Group:             source_100
  Path Type:              Setup (Max at Slow Process Corner)
  Requirement:            10.000ns  (source_100 rise@10.000ns - source_100 rise@0.000ns)
  Data Path Delay:        6.437ns  (logic 1.371ns (21.299%)  route 5.066ns (78.701%))
  Logic Levels:           4  (LUT2=1 LUT4=1 LUT5=1 LUT6=1)
  Clock Path Skew:        -0.049ns (DCD - SCD + CPR)
    Destination Clock Delay (DCD):    0.924ns = ( 10.924 - 10.000 ) 
    Source Clock Delay      (SCD):    0.973ns
    Clock Pessimism Removal (CPR):    0.000ns
  Clock Uncertainty:      0.035ns  ((TSJ^2 + TIJ^2)^1/2 + DJ) / 2 + PE
    Total System Jitter     (TSJ):    0.071ns
    Total Input Jitter      (TIJ):    0.000ns
    Discrete Jitter          (DJ):    0.000ns
    Phase Error              (PE):    0.000ns

    Location             Delay type                Incr(ns)  Path(ns)    Netlist Resource(s)
  -------------------------------------------------------------------    -------------------
                         (clock source_100 rise edge)
                                                      0.000     0.000 r  
                                                      0.000     0.000 r  clk (IN)
                         net (fo=205, unset)          0.973     0.973    clk
    SLICE_X2Y15          FDRE                                         r  per_cause_fault_cdc.causes[5].cause_sync_reg[1]/C
  -------------------------------------------------------------------    -------------------
    SLICE_X2Y15          FDRE (Prop_fdre_C_Q)         0.419     1.392 f  per_cause_fault_cdc.causes[5].cause_sync_reg[1]/Q
                         net (fo=1, routed)           0.979     2.371    per_cause_fault_cdc.causes[5].cause_sync[1]
    SLICE_X8Y16          LUT4 (Prop_lut4_I0_O)        0.296     2.667 f  fast_fault_slow_inferred_i_4/O
                         net (fo=1, routed)           0.590     3.257    fast_fault_slow_inferred_i_4_n_0
    SLICE_X8Y17          LUT6 (Prop_lut6_I5_O)        0.124     3.381 f  fast_fault_slow_inferred_i_1/O
                         net (fo=1, routed)           0.858     4.238    source_bank/out[0]
    SLICE_X4Y16          LUT2 (Prop_lut2_I0_O)        0.149     4.387 f  source_bank/fault_INST_0/O
                         net (fo=10, routed)          0.697     5.084    source_bank/input_fault_reg_0
    SLICE_X2Y17          LUT5 (Prop_lut5_I0_O)        0.383     5.467 r  source_bank/metadata_in_hold[68]_i_1__0/O
                         net (fo=64, routed)          1.943     7.410    source_bank/metadata_load
    SLICE_X24Y18         FDRE                                         r  source_bank/metadata_in_hold_reg[54]/CE
  -------------------------------------------------------------------    -------------------

                         (clock source_100 rise edge)
                                                     10.000    10.000 r  
                                                      0.000    10.000 r  clk (IN)
                         net (fo=205, unset)          0.924    10.924    source_bank/clk
    SLICE_X24Y18         FDRE                                         r  source_bank/metadata_in_hold_reg[54]/C
                         clock pessimism              0.000    10.924    
                         clock uncertainty           -0.035    10.889    
    SLICE_X24Y18         FDRE (Setup_fdre_C_CE)      -0.377    10.512    source_bank/metadata_in_hold_reg[54]
  -------------------------------------------------------------------
                         required time                         10.512    
                         arrival time                          -7.410    
  -------------------------------------------------------------------
                         slack                                  3.102    

Slack (MET) :             3.106ns  (required time - arrival time)
  Source:                 per_cause_fault_cdc.causes[5].cause_sync_reg[1]/C
                            (rising edge-triggered cell FDRE clocked by source_100  {rise@0.000ns fall@5.000ns period=10.000ns})
  Destination:            output_bank/read_address_reg[4]/CE
                            (rising edge-triggered cell FDRE clocked by source_100  {rise@0.000ns fall@5.000ns period=10.000ns})
  Path Group:             source_100
  Path Type:              Setup (Max at Slow Process Corner)
  Requirement:            10.000ns  (source_100 rise@10.000ns - source_100 rise@0.000ns)
  Data Path Delay:        6.397ns  (logic 1.586ns (24.791%)  route 4.811ns (75.209%))
  Logic Levels:           6  (LUT2=1 LUT4=2 LUT6=3)
  Clock Path Skew:        -0.049ns (DCD - SCD + CPR)
    Destination Clock Delay (DCD):    0.924ns = ( 10.924 - 10.000 ) 
    Source Clock Delay      (SCD):    0.973ns
    Clock Pessimism Removal (CPR):    0.000ns
  Clock Uncertainty:      0.035ns  ((TSJ^2 + TIJ^2)^1/2 + DJ) / 2 + PE
    Total System Jitter     (TSJ):    0.071ns
    Total Input Jitter      (TIJ):    0.000ns
    Discrete Jitter          (DJ):    0.000ns
    Phase Error              (PE):    0.000ns

    Location             Delay type                Incr(ns)  Path(ns)    Netlist Resource(s)
  -------------------------------------------------------------------    -------------------
                         (clock source_100 rise edge)
                                                      0.000     0.000 r  
                                                      0.000     0.000 r  clk (IN)
                         net (fo=205, unset)          0.973     0.973    clk
    SLICE_X2Y15          FDRE                                         r  per_cause_fault_cdc.causes[5].cause_sync_reg[1]/C
  -------------------------------------------------------------------    -------------------
    SLICE_X2Y15          FDRE (Prop_fdre_C_Q)         0.419     1.392 f  per_cause_fault_cdc.causes[5].cause_sync_reg[1]/Q
                         net (fo=1, routed)           0.979     2.371    per_cause_fault_cdc.causes[5].cause_sync[1]
    SLICE_X8Y16          LUT4 (Prop_lut4_I0_O)        0.296     2.667 f  fast_fault_slow_inferred_i_4/O
                         net (fo=1, routed)           0.590     3.257    fast_fault_slow_inferred_i_4_n_0
    SLICE_X8Y17          LUT6 (Prop_lut6_I5_O)        0.124     3.381 f  fast_fault_slow_inferred_i_1/O
                         net (fo=1, routed)           0.858     4.238    source_bank/out[0]
    SLICE_X4Y16          LUT2 (Prop_lut2_I0_O)        0.149     4.387 f  source_bank/fault_INST_0/O
                         net (fo=10, routed)          0.874     5.261    output_bank/payload_memory_reg_0
    SLICE_X2Y5           LUT6 (Prop_lut6_I1_O)        0.355     5.616 r  output_bank/payload_memory_reg_i_1/O
                         net (fo=13, routed)          0.343     5.960    output_bank/payload_memory_reg_i_1_n_0
    SLICE_X3Y3           LUT6 (Prop_lut6_I2_O)        0.124     6.084 r  output_bank/read_address[0]_i_3/O
                         net (fo=10, routed)          0.662     6.745    output_bank/read_address[0]_i_3_n_0
    SLICE_X2Y4           LUT4 (Prop_lut4_I3_O)        0.119     6.864 r  output_bank/read_address[0]_i_1/O
                         net (fo=9, routed)           0.506     7.370    output_bank/read_address[0]_i_1_n_0
    SLICE_X3Y3           FDRE                                         r  output_bank/read_address_reg[4]/CE
  -------------------------------------------------------------------    -------------------

                         (clock source_100 rise edge)
                                                     10.000    10.000 r  
                                                      0.000    10.000 r  clk (IN)
                         net (fo=205, unset)          0.924    10.924    output_bank/clk
    SLICE_X3Y3           FDRE                                         r  output_bank/read_address_reg[4]/C
                         clock pessimism              0.000    10.924    
                         clock uncertainty           -0.035    10.889    
    SLICE_X3Y3           FDRE (Setup_fdre_C_CE)      -0.413    10.476    output_bank/read_address_reg[4]
  -------------------------------------------------------------------
                         required time                         10.476    
                         arrival time                          -7.370    
  -------------------------------------------------------------------
                         slack                                  3.106    




