synthesis/project/fft_bank_owned_synthesis.gen/sources_1/ip/starlink_pss_fft512_bfp18_rt_candidate/cmodel/xfft_v9_1_bitacc_cmodel_lin64.zip: OK
synthesis/project/fft_bank_owned_synthesis.gen/sources_1/ip/starlink_pss_fft512_bfp18_rt_candidate/cmodel/xfft_v9_1_bitacc_cmodel_nt64.zip: OK
synthesis/project/fft_bank_owned_synthesis.gen/sources_1/ip/starlink_pss_fft512_bfp18_rt_candidate/demo_tb/tb_starlink_pss_fft512_bfp18_rt_candidate.vhd: OK
synthesis/project/fft_bank_owned_synthesis.gen/sources_1/ip/starlink_pss_fft512_bfp18_rt_candidate/doc/xfft_v9_1_changelog.txt: OK
synthesis/project/fft_bank_owned_synthesis.gen/sources_1/ip/starlink_pss_fft512_bfp18_rt_candidate/hdl/axi_utils_v2_0_vh_rfs.vhd: OK
synthesis/project/fft_bank_owned_synthesis.gen/sources_1/ip/starlink_pss_fft512_bfp18_rt_candidate/hdl/c_addsub_v12_0_vh_rfs.vhd: OK
synthesis/project/fft_bank_owned_synthesis.gen/sources_1/ip/starlink_pss_fft512_bfp18_rt_candidate/hdl/c_mux_bit_v12_0_vh_rfs.vhd: OK
synthesis/project/fft_bank_owned_synthesis.gen/sources_1/ip/starlink_pss_fft512_bfp18_rt_candidate/hdl/c_reg_fd_v12_0_vh_rfs.vhd: OK
synthesis/project/fft_bank_owned_synthesis.gen/sources_1/ip/starlink_pss_fft512_bfp18_rt_candidate/hdl/c_shift_ram_v12_0_vh_rfs.vhd: OK
synthesis/project/fft_bank_owned_synthesis.gen/sources_1/ip/starlink_pss_fft512_bfp18_rt_candidate/hdl/cmpy_v6_0_vh_rfs.vhd: OK
synthesis/project/fft_bank_owned_synthesis.gen/sources_1/ip/starlink_pss_fft512_bfp18_rt_candidate/hdl/floating_point_v7_0_vh_rfs.vhd: OK
synthesis/project/fft_bank_owned_synthesis.gen/sources_1/ip/starlink_pss_fft512_bfp18_rt_candidate/hdl/mult_gen_v12_0_vh_rfs.vhd: OK
synthesis/project/fft_bank_owned_synthesis.gen/sources_1/ip/starlink_pss_fft512_bfp18_rt_candidate/hdl/xbip_addsub_v3_0_vh_rfs.vhd: OK
synthesis/project/fft_bank_owned_synthesis.gen/sources_1/ip/starlink_pss_fft512_bfp18_rt_candidate/hdl/xbip_bram18k_v3_0_vh_rfs.vhd: OK
synthesis/project/fft_bank_owned_synthesis.gen/sources_1/ip/starlink_pss_fft512_bfp18_rt_candidate/hdl/xbip_dsp48_addsub_v3_0_vh_rfs.vhd: OK
synthesis/project/fft_bank_owned_synthesis.gen/sources_1/ip/starlink_pss_fft512_bfp18_rt_candidate/hdl/xbip_dsp48_wrapper_v3_0_vh_rfs.vhd: OK
synthesis/project/fft_bank_owned_synthesis.gen/sources_1/ip/starlink_pss_fft512_bfp18_rt_candidate/hdl/xbip_pipe_v3_0_vh_rfs.vhd: OK
synthesis/project/fft_bank_owned_synthesis.gen/sources_1/ip/starlink_pss_fft512_bfp18_rt_candidate/hdl/xbip_utils_v3_0_vh_rfs.vhd: OK
synthesis/project/fft_bank_owned_synthesis.gen/sources_1/ip/starlink_pss_fft512_bfp18_rt_candidate/hdl/xfft_v9_1_vh_rfs.vhd: OK
synthesis/project/fft_bank_owned_synthesis.gen/sources_1/ip/starlink_pss_fft512_bfp18_rt_candidate/sim/starlink_pss_fft512_bfp18_rt_candidate.vhd: OK
synthesis/project/fft_bank_owned_synthesis.gen/sources_1/ip/starlink_pss_fft512_bfp18_rt_candidate/starlink_pss_fft512_bfp18_rt_candidate.dcp: OK
synthesis/project/fft_bank_owned_synthesis.gen/sources_1/ip/starlink_pss_fft512_bfp18_rt_candidate/starlink_pss_fft512_bfp18_rt_candidate.veo: OK
synthesis/project/fft_bank_owned_synthesis.gen/sources_1/ip/starlink_pss_fft512_bfp18_rt_candidate/starlink_pss_fft512_bfp18_rt_candidate.vho: OK
synthesis/project/fft_bank_owned_synthesis.gen/sources_1/ip/starlink_pss_fft512_bfp18_rt_candidate/starlink_pss_fft512_bfp18_rt_candidate.xml: OK
synthesis/project/fft_bank_owned_synthesis.gen/sources_1/ip/starlink_pss_fft512_bfp18_rt_candidate/starlink_pss_fft512_bfp18_rt_candidate_ooc.xdc: OK
synthesis/project/fft_bank_owned_synthesis.gen/sources_1/ip/starlink_pss_fft512_bfp18_rt_candidate/starlink_pss_fft512_bfp18_rt_candidate_sim_netlist.v: OK
synthesis/project/fft_bank_owned_synthesis.gen/sources_1/ip/starlink_pss_fft512_bfp18_rt_candidate/starlink_pss_fft512_bfp18_rt_candidate_sim_netlist.vhdl: OK
synthesis/project/fft_bank_owned_synthesis.gen/sources_1/ip/starlink_pss_fft512_bfp18_rt_candidate/starlink_pss_fft512_bfp18_rt_candidate_stub.v: OK
synthesis/project/fft_bank_owned_synthesis.gen/sources_1/ip/starlink_pss_fft512_bfp18_rt_candidate/starlink_pss_fft512_bfp18_rt_candidate_stub.vhdl: OK
synthesis/project/fft_bank_owned_synthesis.gen/sources_1/ip/starlink_pss_fft512_bfp18_rt_candidate/synth/starlink_pss_fft512_bfp18_rt_candidate.vhd: OK
synthesis/project/fft_bank_owned_synthesis.srcs/sources_1/ip/starlink_pss_fft512_bfp18_rt_candidate/starlink_pss_fft512_bfp18_rt_candidate.xci: OK
