WARNING: [IP_Flow 19-4832] The IP name 'starlink_pss_fft512_bfp18_rt_candidate' you have specified is long. The Windows operating system has path length limitations. It is recommended you use shorter names to reduce the likelihood of issues.
WARNING: [Runs 36-537] File /tmp/starlink-completed-input.5EaJuD/exact-control-combined-synth-v1/synthesis/frozen_sources/fft_bank_owned_synth_threads.tcl is not part of fileset utils_1, but has specified as a Tcl hook script for run(s) starlink_pss_fft512_bfp18_rt_candidate_synth_1. This file will not be handled as part of the project for archive and other project based functionality.
WARNING: [Runs 36-537] File /tmp/starlink-completed-input.5EaJuD/exact-control-combined-synth-v1/synthesis/frozen_sources/fft_bank_owned_synth_threads.tcl is not part of fileset utils_1, but has specified as a Tcl hook script for run(s) synth_1. This file will not be handled as part of the project for archive and other project based functionality.
WARNING: [Synth 8-3819] Generic 'KERNEL_ROM_FILE' not present in instantiated entity will be ignored
WARNING: [Synth 8-3819] Generic 'REGISTERED_SCHEDULING' not present in instantiated entity will be ignored
WARNING: [Synth 8-3819] Generic 'DISTRIBUTED_FAST_FAULT' not present in instantiated entity will be ignored
WARNING: [Synth 8-3819] Generic 'PRIVATE_NEXT_START_SCRATCH' not present in instantiated entity will be ignored
WARNING: [Synth 8-3301] Unused top level parameter/generic KERNEL_ROM_FILE
WARNING: [Synth 8-3301] Unused top level parameter/generic REGISTERED_SCHEDULING
WARNING: [Synth 8-3301] Unused top level parameter/generic DISTRIBUTED_FAST_FAULT
WARNING: [Synth 8-3301] Unused top level parameter/generic PRIVATE_NEXT_START_SCRATCH
WARNING: [Synth 8-7129] Port LUT_SCLR in module mux_bus4__parameterized4 is either unconnected or has no load
WARNING: [Synth 8-7129] Port LUT_SCLR in module mux_bus4__parameterized2 is either unconnected or has no load
WARNING: [Synth 8-7129] Port clk in module c_addsub_v12_0_14_lut6_legacy__parameterized11 is either unconnected or has no load
WARNING: [Synth 8-7129] Port add in module c_addsub_v12_0_14_lut6_legacy__parameterized11 is either unconnected or has no load
WARNING: [Synth 8-7129] Port c_in in module c_addsub_v12_0_14_lut6_legacy__parameterized11 is either unconnected or has no load
WARNING: [Synth 8-7129] Port ce in module c_addsub_v12_0_14_lut6_legacy__parameterized11 is either unconnected or has no load
WARNING: [Synth 8-7129] Port bypass in module c_addsub_v12_0_14_lut6_legacy__parameterized11 is either unconnected or has no load
WARNING: [Synth 8-7129] Port aclr in module c_addsub_v12_0_14_lut6_legacy__parameterized11 is either unconnected or has no load
WARNING: [Synth 8-7129] Port aset in module c_addsub_v12_0_14_lut6_legacy__parameterized11 is either unconnected or has no load
WARNING: [Synth 8-7129] Port ainit in module c_addsub_v12_0_14_lut6_legacy__parameterized11 is either unconnected or has no load
WARNING: [Synth 8-7129] Port sclr in module c_addsub_v12_0_14_lut6_legacy__parameterized11 is either unconnected or has no load
WARNING: [Synth 8-7129] Port sset in module c_addsub_v12_0_14_lut6_legacy__parameterized11 is either unconnected or has no load
WARNING: [Synth 8-7129] Port sinit in module c_addsub_v12_0_14_lut6_legacy__parameterized11 is either unconnected or has no load
WARNING: [Synth 8-7129] Port c_in in module c_addsub_v12_0_14_legacy__parameterized11 is either unconnected or has no load
WARNING: [Synth 8-7129] Port b_in in module c_addsub_v12_0_14_legacy__parameterized11 is either unconnected or has no load
WARNING: [Synth 8-7129] Port a_signed in module c_addsub_v12_0_14_legacy__parameterized11 is either unconnected or has no load
WARNING: [Synth 8-7129] Port b_signed in module c_addsub_v12_0_14_legacy__parameterized11 is either unconnected or has no load
WARNING: [Synth 8-7129] Port C_IN in module c_addsub_v12_0_14_viv__parameterized5 is either unconnected or has no load
WARNING: [Synth 8-7129] Port Q1 in module shift_ram__parameterized28 is either unconnected or has no load
WARNING: [Synth 8-7129] Port D1 in module shift_ram__parameterized28 is either unconnected or has no load
WARNING: [Synth 8-7129] Port COMBI_SCLR in module shift_ram__parameterized28 is either unconnected or has no load
WARNING: [Synth 8-7129] Port DEPTHx2 in module shift_ram__parameterized28 is either unconnected or has no load
WARNING: [Synth 8-7129] Port clk in module logic_gate__parameterized0 is either unconnected or has no load
WARNING: [Synth 8-7129] Port ce in module logic_gate__parameterized0 is either unconnected or has no load
WARNING: [Synth 8-7129] Port clk in module logic_gate is either unconnected or has no load
WARNING: [Synth 8-7129] Port ce in module logic_gate is either unconnected or has no load
WARNING: [Synth 8-7129] Port LUT_SCLR in module mux_bus4__parameterized3 is either unconnected or has no load
WARNING: [Synth 8-7129] Port SUB_Ai in module bf_dsp is either unconnected or has no load
WARNING: [Synth 8-7129] Port SUB_Bi in module bf_dsp is either unconnected or has no load
WARNING: [Synth 8-7129] Port SUB_B in module butterfly_DSP48E_SIMD_bypass is either unconnected or has no load
WARNING: [Synth 8-7129] Port SUB_Ai in module bf_dsp_bypass is either unconnected or has no load
WARNING: [Synth 8-7129] Port SUB_Bi in module bf_dsp_bypass is either unconnected or has no load
WARNING: [Synth 8-7129] Port D1 in module shift_ram__parameterized27 is either unconnected or has no load
WARNING: [Synth 8-7129] Port SCLR in module shift_ram__parameterized27 is either unconnected or has no load
WARNING: [Synth 8-7129] Port COMBI_SCLR in module shift_ram__parameterized27 is either unconnected or has no load
WARNING: [Synth 8-7129] Port DEPTHx2 in module shift_ram__parameterized27 is either unconnected or has no load
WARNING: [Synth 8-7129] Port CLK in module cmpy_v6_0_21_delay_line__parameterized2 is either unconnected or has no load
WARNING: [Synth 8-7129] Port CE in module cmpy_v6_0_21_delay_line__parameterized2 is either unconnected or has no load
WARNING: [Synth 8-7129] Port SCLR in module cmpy_v6_0_21_delay_line__parameterized2 is either unconnected or has no load
WARNING: [Synth 8-7129] Port CLK in module mult_gen_v12_0_18_delay_line__parameterized1 is either unconnected or has no load
WARNING: [Synth 8-7129] Port CE in module mult_gen_v12_0_18_delay_line__parameterized1 is either unconnected or has no load
WARNING: [Synth 8-7129] Port SCLR in module mult_gen_v12_0_18_delay_line__parameterized1 is either unconnected or has no load
WARNING: [Synth 8-7129] Port SCLR in module mult_gen_v12_0_18_delay_line__parameterized0 is either unconnected or has no load
WARNING: [Synth 8-7129] Port SCLR in module mult_gen_v12_0_18_delay_line is either unconnected or has no load
WARNING: [Synth 8-7129] Port SUBTRACT in module dsp__parameterized1 is either unconnected or has no load
WARNING: [Synth 8-7129] Port CARRY_IN in module dsp__parameterized1 is either unconnected or has no load
WARNING: [Synth 8-7129] Port CLK in module cmpy_v6_0_21_delay_line__parameterized0 is either unconnected or has no load
WARNING: [Synth 8-7129] Port CE in module cmpy_v6_0_21_delay_line__parameterized0 is either unconnected or has no load
WARNING: [Synth 8-7129] Port SCLR in module cmpy_v6_0_21_delay_line__parameterized0 is either unconnected or has no load
WARNING: [Synth 8-7129] Port SCLR in module cmpy_v6_0_21_delay_line__parameterized1 is either unconnected or has no load
WARNING: [Synth 8-7129] Port CLK in module mult_gen_v12_0_18_delay_line__parameterized3 is either unconnected or has no load
WARNING: [Synth 8-7129] Port CE in module mult_gen_v12_0_18_delay_line__parameterized3 is either unconnected or has no load
WARNING: [Synth 8-7129] Port SCLR in module mult_gen_v12_0_18_delay_line__parameterized3 is either unconnected or has no load
WARNING: [Synth 8-7129] Port CLK in module mult_gen_v12_0_18_delay_line__parameterized2 is either unconnected or has no load
WARNING: [Synth 8-7129] Port CE in module mult_gen_v12_0_18_delay_line__parameterized2 is either unconnected or has no load
WARNING: [Synth 8-7129] Port SCLR in module mult_gen_v12_0_18_delay_line__parameterized2 is either unconnected or has no load
WARNING: [Synth 8-7129] Port SUBTRACT in module dsp__parameterized0 is either unconnected or has no load
WARNING: [Synth 8-7129] Port CARRY_IN in module dsp__parameterized0 is either unconnected or has no load
WARNING: [Synth 8-7129] Port C[11] in module cmpy_3_dsp48_mult__parameterized0 is either unconnected or has no load
WARNING: [Synth 8-7129] Port C[10] in module cmpy_3_dsp48_mult__parameterized0 is either unconnected or has no load
WARNING: [Synth 8-7129] Port C[9] in module cmpy_3_dsp48_mult__parameterized0 is either unconnected or has no load
WARNING: [Synth 8-7129] Port C[8] in module cmpy_3_dsp48_mult__parameterized0 is either unconnected or has no load
WARNING: [Synth 8-7129] Port C[7] in module cmpy_3_dsp48_mult__parameterized0 is either unconnected or has no load
WARNING: [Synth 8-7129] Port C[6] in module cmpy_3_dsp48_mult__parameterized0 is either unconnected or has no load
WARNING: [Synth 8-7129] Port C[5] in module cmpy_3_dsp48_mult__parameterized0 is either unconnected or has no load
WARNING: [Synth 8-7129] Port C[4] in module cmpy_3_dsp48_mult__parameterized0 is either unconnected or has no load
WARNING: [Synth 8-7129] Port C[3] in module cmpy_3_dsp48_mult__parameterized0 is either unconnected or has no load
WARNING: [Synth 8-7129] Port C[2] in module cmpy_3_dsp48_mult__parameterized0 is either unconnected or has no load
WARNING: [Synth 8-7129] Port C[1] in module cmpy_3_dsp48_mult__parameterized0 is either unconnected or has no load
WARNING: [Synth 8-7129] Port C[0] in module cmpy_3_dsp48_mult__parameterized0 is either unconnected or has no load
WARNING: [Synth 8-7129] Port CARRY_IN in module dsp is either unconnected or has no load
WARNING: [Synth 8-7129] Port CLK in module cmpy_v6_0_21_delay_line is either unconnected or has no load
WARNING: [Synth 8-7129] Port CE in module cmpy_v6_0_21_delay_line is either unconnected or has no load
WARNING: [Synth 8-7129] Port SCLR in module cmpy_v6_0_21_delay_line is either unconnected or has no load
WARNING: [Synth 8-7129] Port SCLR in module cmpy_v6_0_21_synth is either unconnected or has no load
WARNING: [Synth 8-7129] Port ROUND_CY in module cmpy_v6_0_21_synth is either unconnected or has no load
WARNING: [Synth 8-7129] Port SO_START in module cmpy_v6_0_21_synth is either unconnected or has no load
WARNING: [Synth 8-7129] Port round_cy in module cmpy is either unconnected or has no load
WARNING: [Synth 8-7129] Port Q1 in module shift_ram__parameterized26 is either unconnected or has no load
WARNING: [Synth 8-7129] Port D1 in module shift_ram__parameterized26 is either unconnected or has no load
WARNING: [Synth 8-7129] Port COMBI_SCLR in module shift_ram__parameterized26 is either unconnected or has no load
WARNING: [Synth 8-7129] Port DEPTHx2 in module shift_ram__parameterized26 is either unconnected or has no load
WARNING: [Synth 8-7129] Port Q1 in module shift_ram__parameterized25 is either unconnected or has no load
WARNING: [Synth 8-7129] Port D1 in module shift_ram__parameterized25 is either unconnected or has no load
WARNING: [Synth 8-7129] Port COMBI_SCLR in module shift_ram__parameterized25 is either unconnected or has no load
WARNING: [Synth 8-7129] Port DEPTHx2 in module shift_ram__parameterized25 is either unconnected or has no load
WARNING: [Synth 8-7129] Port a[3] in module c_shift_ram_v12_0_14_legacy__parameterized3 is either unconnected or has no load
WARNING: [Synth 8-7129] Port a[2] in module c_shift_ram_v12_0_14_legacy__parameterized3 is either unconnected or has no load
WARNING: [Synth 8-7129] Port a[1] in module c_shift_ram_v12_0_14_legacy__parameterized3 is either unconnected or has no load
WARNING: [Synth 8-7129] Port a[0] in module c_shift_ram_v12_0_14_legacy__parameterized3 is either unconnected or has no load
WARNING: [Synth 8-7129] Port aclr in module c_shift_ram_v12_0_14_legacy__parameterized3 is either unconnected or has no load
WARNING: [Synth 8-7129] Port aset in module c_shift_ram_v12_0_14_legacy__parameterized3 is either unconnected or has no load
WARNING: [Synth 8-7129] Port ainit in module c_shift_ram_v12_0_14_legacy__parameterized3 is either unconnected or has no load
WARNING: [Synth 8-7129] Port sclr in module c_shift_ram_v12_0_14_legacy__parameterized3 is either unconnected or has no load
WARNING: [Synth 8-7129] Port sset in module c_shift_ram_v12_0_14_legacy__parameterized3 is either unconnected or has no load
WARNING: [Synth 8-7129] Port sinit in module c_shift_ram_v12_0_14_legacy__parameterized3 is either unconnected or has no load
WARNING: [Synth 8-7129] Port D[15] in module shift_ram__parameterized3 is either unconnected or has no load
WARNING: [Synth 8-7129] Port D[14] in module shift_ram__parameterized3 is either unconnected or has no load
WARNING: [Synth 8-7129] Port D[13] in module shift_ram__parameterized3 is either unconnected or has no load
WARNING: [Synth 8-7129] Port D[12] in module shift_ram__parameterized3 is either unconnected or has no load
WARNING: [Synth 8-7080] Parallel synthesis criteria is not met
WARNING: [Synth 8-3332] Sequential element (max_reg_flops[9].max_reg_ff) is unused and will be removed from module flow_control_b.
WARNING: [Synth 8-3332] Sequential element (max_reg_flops[8].max_reg_ff) is unused and will be removed from module flow_control_b.
WARNING: [Synth 8-3332] Sequential element (max_reg_flops[7].max_reg_ff) is unused and will be removed from module flow_control_b.
WARNING: [Synth 8-3332] Sequential element (max_reg_flops[6].max_reg_ff) is unused and will be removed from module flow_control_b.
WARNING: [Synth 8-3332] Sequential element (max_reg_flops[5].max_reg_ff) is unused and will be removed from module flow_control_b.
WARNING: [Synth 8-3332] Sequential element (max_reg_flops[4].max_reg_ff) is unused and will be removed from module flow_control_b.
WARNING: [Synth 8-3332] Sequential element (max_reg_flops[3].max_reg_ff) is unused and will be removed from module flow_control_b.
WARNING: [Vivado 12-7122] Auto Incremental Compile:: No reference checkpoint was found in run synth_1. Auto-incremental flow will not be run, the standard flow will be run instead.
WARNING: [Synth 8-6901] identifier 'registered_quarantine' is used before its declaration [/tmp/starlink-completed-input.5EaJuD/exact-control-combined-synth-v1/synthesis/frozen_sources/starlink_pss_fft_bank_owned_slice.v:84]
WARNING: [Synth 8-6901] identifier 'destination_reserved' is used before its declaration [/tmp/starlink-completed-input.5EaJuD/exact-control-combined-synth-v1/synthesis/frozen_sources/starlink_pss_fft_bank_owned_slice.v:154]
WARNING: [Synth 8-6901] identifier 'destination_reserved' is used before its declaration [/tmp/starlink-completed-input.5EaJuD/exact-control-combined-synth-v1/synthesis/frozen_sources/starlink_pss_fft_bank_owned_slice.v:157]
WARNING: [Synth 8-7129] Port phase_input_fault_now in module starlink_pss_realtime_result_guard is either unconnected or has no load
WARNING: [Synth 8-7129] Port core_output_tdata[47] in module starlink_pss_realtime_result_guard is either unconnected or has no load
WARNING: [Synth 8-7129] Port core_output_tdata[46] in module starlink_pss_realtime_result_guard is either unconnected or has no load
WARNING: [Synth 8-7129] Port core_output_tdata[45] in module starlink_pss_realtime_result_guard is either unconnected or has no load
WARNING: [Synth 8-7129] Port core_output_tdata[44] in module starlink_pss_realtime_result_guard is either unconnected or has no load
WARNING: [Synth 8-7129] Port core_output_tdata[43] in module starlink_pss_realtime_result_guard is either unconnected or has no load
WARNING: [Synth 8-7129] Port core_output_tdata[42] in module starlink_pss_realtime_result_guard is either unconnected or has no load
WARNING: [Synth 8-7129] Port core_output_tdata[23] in module starlink_pss_realtime_result_guard is either unconnected or has no load
WARNING: [Synth 8-7129] Port core_output_tdata[22] in module starlink_pss_realtime_result_guard is either unconnected or has no load
WARNING: [Synth 8-7129] Port core_output_tdata[21] in module starlink_pss_realtime_result_guard is either unconnected or has no load
WARNING: [Synth 8-7129] Port core_output_tdata[20] in module starlink_pss_realtime_result_guard is either unconnected or has no load
WARNING: [Synth 8-7129] Port core_output_tdata[19] in module starlink_pss_realtime_result_guard is either unconnected or has no load
WARNING: [Synth 8-7129] Port core_output_tdata[18] in module starlink_pss_realtime_result_guard is either unconnected or has no load
WARNING: [Synth 8-7129] Port input_commit_authorized in module starlink_pss_block_mailbox is either unconnected or has no load
WARNING: [Vivado 12-2489] -period contains time 5.714286 which will be rounded to 5.714 to ensure it is an integer multiple of 1 picosecond [/tmp/starlink-completed-input.5EaJuD/exact-control-combined-synth-v1/synthesis/frozen_sources/fft_bank_owned_resource_probe.xdc:4]
WARNING: [Synth 8-7080] Parallel synthesis criteria is not met
WARNING: [Synth 8-7129] Port phase_input_fault_now in module starlink_pss_realtime_result_guard is either unconnected or has no load
WARNING: [Synth 8-7129] Port core_output_tdata[47] in module starlink_pss_realtime_result_guard is either unconnected or has no load
WARNING: [Synth 8-7129] Port core_output_tdata[46] in module starlink_pss_realtime_result_guard is either unconnected or has no load
WARNING: [Synth 8-7129] Port core_output_tdata[45] in module starlink_pss_realtime_result_guard is either unconnected or has no load
WARNING: [Synth 8-7129] Port core_output_tdata[44] in module starlink_pss_realtime_result_guard is either unconnected or has no load
WARNING: [Synth 8-7129] Port core_output_tdata[43] in module starlink_pss_realtime_result_guard is either unconnected or has no load
WARNING: [Synth 8-7129] Port core_output_tdata[42] in module starlink_pss_realtime_result_guard is either unconnected or has no load
WARNING: [Synth 8-7129] Port core_output_tdata[23] in module starlink_pss_realtime_result_guard is either unconnected or has no load
WARNING: [Synth 8-7129] Port core_output_tdata[22] in module starlink_pss_realtime_result_guard is either unconnected or has no load
WARNING: [Synth 8-7129] Port core_output_tdata[21] in module starlink_pss_realtime_result_guard is either unconnected or has no load
WARNING: [Synth 8-7129] Port core_output_tdata[20] in module starlink_pss_realtime_result_guard is either unconnected or has no load
WARNING: [Synth 8-7129] Port core_output_tdata[19] in module starlink_pss_realtime_result_guard is either unconnected or has no load
WARNING: [Synth 8-7129] Port core_output_tdata[18] in module starlink_pss_realtime_result_guard is either unconnected or has no load
WARNING: [Synth 8-7129] Port input_commit_authorized in module starlink_pss_block_mailbox is either unconnected or has no load
WARNING: [Vivado 12-2489] -period contains time 5.714286 which will be rounded to 5.714 to ensure it is an integer multiple of 1 picosecond [/tmp/starlink-completed-input.5EaJuD/exact-control-combined-synth-v1/synthesis/frozen_sources/fft_bank_owned_resource_probe.xdc:4]
WARNING: [Timing 38-242] The property HD.CLK_SRC of clock port "clk" is not set. In out-of-context mode, this prevents timing estimation for clock delay/skew
WARNING: [Timing 38-242] The property HD.CLK_SRC of clock port "fft_clk" is not set. In out-of-context mode, this prevents timing estimation for clock delay/skew
