
*** Running vivado
    with args -log starlink_pss_fft_bank_owned_slice.vds -m64 -product Vivado -mode batch -messageDb vivado.pb -notrace -source starlink_pss_fft_bank_owned_slice.tcl


****** Vivado v2022.2 (64-bit)
  **** SW Build 3671981 on Fri Oct 14 04:59:54 MDT 2022
  **** IP Build 3669848 on Fri Oct 14 08:30:02 MDT 2022
    ** Copyright 1986-2022 Xilinx, Inc. All Rights Reserved.

source starlink_pss_fft_bank_owned_slice.tcl -notrace
source /tmp/starlink-completed-input.5EaJuD/forward-retirement-synth-v1/frozen_sources/fft_bank_owned_synth_threads.tcl
Command: synth_design -top starlink_pss_fft_bank_owned_slice -part xc7z010clg400-1 -directive AreaOptimized_high -control_set_opt_threshold 4 -mode out_of_context
Starting synth_design
Attempting to get a license for feature 'Synthesis' and/or device 'xc7z010'
INFO: [Common 17-349] Got license for feature 'Synthesis' and/or device 'xc7z010'
INFO: [Device 21-403] Loading part xc7z010clg400-1
INFO: [Synth 8-7079] Multithreading enabled for synth_design using a maximum of 2 processes.
INFO: [Synth 8-7078] Launching helper process for spawning children vivado processes
INFO: [Synth 8-7075] Helper process launched with PID 3265959
INFO: [Synth 8-11241] undeclared symbol 'REGCCE', assumed default net type 'wire' [/opt/Xilinx/Vivado/2022.2/data/verilog/src/unimacro/BRAM_SINGLE_MACRO.v:2170]
WARNING: [Synth 8-6901] identifier 'registered_quarantine' is used before its declaration [/tmp/starlink-completed-input.5EaJuD/forward-retirement-synth-v1/frozen_sources/starlink_pss_fft_bank_owned_slice.v:76]
WARNING: [Synth 8-6901] identifier 'destination_reserved' is used before its declaration [/tmp/starlink-completed-input.5EaJuD/forward-retirement-synth-v1/frozen_sources/starlink_pss_fft_bank_owned_slice.v:146]
WARNING: [Synth 8-6901] identifier 'destination_reserved' is used before its declaration [/tmp/starlink-completed-input.5EaJuD/forward-retirement-synth-v1/frozen_sources/starlink_pss_fft_bank_owned_slice.v:149]
---------------------------------------------------------------------------------
Starting RTL Elaboration : Time (s): cpu = 00:00:02 ; elapsed = 00:00:02 . Memory (MB): peak = 1933.535 ; gain = 369.801 ; free physical = 9341 ; free virtual = 152875
Synthesis current peak Physical Memory [PSS] (MB): peak = 1293.940; parent = 1108.214; children = 185.727
Synthesis current peak Virtual Memory [VSS] (MB): peak = 2845.277; parent = 1936.508; children = 908.770
---------------------------------------------------------------------------------
INFO: [Synth 8-6157] synthesizing module 'starlink_pss_fft_bank_owned_slice' [/tmp/starlink-completed-input.5EaJuD/forward-retirement-synth-v1/frozen_sources/starlink_pss_fft_bank_owned_slice.v:10]
	Parameter KERNEL_ROM_FILE bound to: /tmp/starlink-completed-input.5EaJuD/forward-retirement-synth-v1/frozen_sources/upper_edge_pss_kernel_q17.mem - type: string 
	Parameter REGISTERED_SCHEDULING bound to: 1 - type: integer 
INFO: [Synth 8-6157] synthesizing module 'starlink_pss_block_mailbox' [/tmp/starlink-completed-input.5EaJuD/forward-retirement-synth-v1/frozen_sources/starlink_pss_block_mailbox.v:12]
	Parameter RESET_RELEASE_EXTERNAL bound to: 1 - type: integer 
INFO: [Synth 8-6155] done synthesizing module 'starlink_pss_block_mailbox' (0#1) [/tmp/starlink-completed-input.5EaJuD/forward-retirement-synth-v1/frozen_sources/starlink_pss_block_mailbox.v:12]
INFO: [Synth 8-6157] synthesizing module 'starlink_pss_realtime_input_guard' [/tmp/starlink-completed-input.5EaJuD/forward-retirement-synth-v1/frozen_sources/starlink_pss_realtime_input_guard.v:15]
	Parameter CHECK_INPUT_BLOCK_IDENTITY bound to: 1 - type: integer 
	Parameter BALANCED_IDENTITY_EQ bound to: 1 - type: integer 
INFO: [Synth 8-6155] done synthesizing module 'starlink_pss_realtime_input_guard' (0#1) [/tmp/starlink-completed-input.5EaJuD/forward-retirement-synth-v1/frozen_sources/starlink_pss_realtime_input_guard.v:15]
INFO: [Synth 8-6157] synthesizing module 'starlink_pss_realtime_result_guard' [/tmp/starlink-completed-input.5EaJuD/forward-retirement-synth-v1/frozen_sources/starlink_pss_realtime_result_guard.v:23]
	Parameter USE_COMPLETED_INPUT_FAULT bound to: 1 - type: integer 
	Parameter USE_PREFLIGHT_REASON_ONLY bound to: 1 - type: integer 
	Parameter USE_FORWARD_RETIREMENT bound to: 1 - type: integer 
INFO: [Synth 8-6155] done synthesizing module 'starlink_pss_realtime_result_guard' (0#1) [/tmp/starlink-completed-input.5EaJuD/forward-retirement-synth-v1/frozen_sources/starlink_pss_realtime_result_guard.v:23]
INFO: [Synth 8-6157] synthesizing module 'starlink_pss_forward_kernel_join' [/tmp/starlink-completed-input.5EaJuD/forward-retirement-synth-v1/frozen_sources/starlink_pss_forward_kernel_join.v:11]
	Parameter KERNEL_ROM_FILE bound to: /tmp/starlink-completed-input.5EaJuD/forward-retirement-synth-v1/frozen_sources/upper_edge_pss_kernel_q17.mem - type: string 
	Parameter DATA_WIDTH bound to: 18 - type: integer 
	Parameter PRIVATE_PAYLOAD_BUBBLES bound to: 1 - type: integer 
	Parameter BALANCED_BLOCK_IDENTITY_EQ bound to: 1 - type: integer 
INFO: [Synth 8-6157] synthesizing module 'starlink_pss_kernel_rom' [/tmp/starlink-completed-input.5EaJuD/forward-retirement-synth-v1/frozen_sources/starlink_pss_kernel_rom.v:12]
	Parameter ROM_FILE bound to: /tmp/starlink-completed-input.5EaJuD/forward-retirement-synth-v1/frozen_sources/upper_edge_pss_kernel_q17.mem - type: string 
	Parameter DATA_WIDTH bound to: 18 - type: integer 
	Parameter BALANCED_BLOCK_IDENTITY_EQ bound to: 1 - type: integer 
INFO: [Synth 8-3876] $readmem data file '/tmp/starlink-completed-input.5EaJuD/forward-retirement-synth-v1/frozen_sources/upper_edge_pss_kernel_q17.mem' is read successfully [/tmp/starlink-completed-input.5EaJuD/forward-retirement-synth-v1/frozen_sources/starlink_pss_kernel_rom.v:89]
INFO: [Synth 8-6155] done synthesizing module 'starlink_pss_kernel_rom' (0#1) [/tmp/starlink-completed-input.5EaJuD/forward-retirement-synth-v1/frozen_sources/starlink_pss_kernel_rom.v:12]
INFO: [Synth 8-6155] done synthesizing module 'starlink_pss_forward_kernel_join' (0#1) [/tmp/starlink-completed-input.5EaJuD/forward-retirement-synth-v1/frozen_sources/starlink_pss_forward_kernel_join.v:11]
INFO: [Synth 8-6157] synthesizing module 'starlink_pss_spectrum_product' [/tmp/starlink-completed-input.5EaJuD/forward-retirement-synth-v1/frozen_sources/starlink_pss_spectrum_product.v:12]
	Parameter DATA_WIDTH bound to: 18 - type: integer 
	Parameter PRIVATE_PAYLOAD_BUBBLES bound to: 1 - type: integer 
INFO: [Synth 8-6155] done synthesizing module 'starlink_pss_spectrum_product' (0#1) [/tmp/starlink-completed-input.5EaJuD/forward-retirement-synth-v1/frozen_sources/starlink_pss_spectrum_product.v:12]
INFO: [Synth 8-6157] synthesizing module 'starlink_pss_block_mailbox__parameterized0' [/tmp/starlink-completed-input.5EaJuD/forward-retirement-synth-v1/frozen_sources/starlink_pss_block_mailbox.v:12]
	Parameter RESET_RELEASE_EXTERNAL bound to: 1 - type: integer 
	Parameter EXPLICIT_COMMIT bound to: 1 - type: integer 
INFO: [Synth 8-6155] done synthesizing module 'starlink_pss_block_mailbox__parameterized0' (0#1) [/tmp/starlink-completed-input.5EaJuD/forward-retirement-synth-v1/frozen_sources/starlink_pss_block_mailbox.v:12]
INFO: [Synth 8-6157] synthesizing module 'starlink_pss_block_mailbox__parameterized1' [/tmp/starlink-completed-input.5EaJuD/forward-retirement-synth-v1/frozen_sources/starlink_pss_block_mailbox.v:12]
	Parameter METADATA_WIDTH bound to: 75 - type: integer 
	Parameter RESET_RELEASE_EXTERNAL bound to: 1 - type: integer 
	Parameter EXPLICIT_COMMIT bound to: 1 - type: integer 
INFO: [Synth 8-6155] done synthesizing module 'starlink_pss_block_mailbox__parameterized1' (0#1) [/tmp/starlink-completed-input.5EaJuD/forward-retirement-synth-v1/frozen_sources/starlink_pss_block_mailbox.v:12]
INFO: [Synth 8-6157] synthesizing module 'starlink_pss_fft512_bfp18_rt_candidate' [/tmp/starlink-completed-input.5EaJuD/forward-retirement-synth-v1/project/fft_bank_owned_synthesis.runs/synth_1/.Xil/Vivado-3265802-gauss/realtime/starlink_pss_fft512_bfp18_rt_candidate_stub.v:5]
INFO: [Synth 8-6155] done synthesizing module 'starlink_pss_fft512_bfp18_rt_candidate' (0#1) [/tmp/starlink-completed-input.5EaJuD/forward-retirement-synth-v1/project/fft_bank_owned_synthesis.runs/synth_1/.Xil/Vivado-3265802-gauss/realtime/starlink_pss_fft512_bfp18_rt_candidate_stub.v:5]
INFO: [Synth 8-6155] done synthesizing module 'starlink_pss_fft_bank_owned_slice' (0#1) [/tmp/starlink-completed-input.5EaJuD/forward-retirement-synth-v1/frozen_sources/starlink_pss_fft_bank_owned_slice.v:10]
WARNING: [Synth 8-7129] Port phase_input_fault_now in module starlink_pss_realtime_result_guard is either unconnected or has no load
WARNING: [Synth 8-7129] Port core_output_tdata[47] in module starlink_pss_realtime_result_guard is either unconnected or has no load
WARNING: [Synth 8-7129] Port core_output_tdata[46] in module starlink_pss_realtime_result_guard is either unconnected or has no load
WARNING: [Synth 8-7129] Port core_output_tdata[45] in module starlink_pss_realtime_result_guard is either unconnected or has no load
WARNING: [Synth 8-7129] Port core_output_tdata[44] in module starlink_pss_realtime_result_guard is either unconnected or has no load
WARNING: [Synth 8-7129] Port core_output_tdata[43] in module starlink_pss_realtime_result_guard is either unconnected or has no load
WARNING: [Synth 8-7129] Port core_output_tdata[42] in module starlink_pss_realtime_result_guard is either unconnected or has no load
WARNING: [Synth 8-7129] Port core_output_tdata[23] in module starlink_pss_realtime_result_guard is either unconnected or has no load
WARNING: [Synth 8-7129] Port core_output_tdata[22] in module starlink_pss_realtime_result_guard is either unconnected or has no load
WARNING: [Synth 8-7129] Port core_output_tdata[21] in module starlink_pss_realtime_result_guard is either unconnected or has no load
WARNING: [Synth 8-7129] Port core_output_tdata[20] in module starlink_pss_realtime_result_guard is either unconnected or has no load
WARNING: [Synth 8-7129] Port core_output_tdata[19] in module starlink_pss_realtime_result_guard is either unconnected or has no load
WARNING: [Synth 8-7129] Port core_output_tdata[18] in module starlink_pss_realtime_result_guard is either unconnected or has no load
WARNING: [Synth 8-7129] Port input_commit_authorized in module starlink_pss_block_mailbox is either unconnected or has no load
---------------------------------------------------------------------------------
Finished RTL Elaboration : Time (s): cpu = 00:00:02 ; elapsed = 00:00:03 . Memory (MB): peak = 2020.473 ; gain = 456.738 ; free physical = 9414 ; free virtual = 152952
Synthesis current peak Physical Memory [PSS] (MB): peak = 1293.940; parent = 1108.214; children = 185.727
Synthesis current peak Virtual Memory [VSS] (MB): peak = 3050.215; parent = 2020.477; children = 1029.738
---------------------------------------------------------------------------------
---------------------------------------------------------------------------------
Start Handling Custom Attributes
---------------------------------------------------------------------------------
---------------------------------------------------------------------------------
Finished Handling Custom Attributes : Time (s): cpu = 00:00:03 ; elapsed = 00:00:03 . Memory (MB): peak = 2038.285 ; gain = 474.551 ; free physical = 9356 ; free virtual = 152894
Synthesis current peak Physical Memory [PSS] (MB): peak = 1293.940; parent = 1108.214; children = 185.727
Synthesis current peak Virtual Memory [VSS] (MB): peak = 3068.027; parent = 2038.289; children = 1029.738
---------------------------------------------------------------------------------
---------------------------------------------------------------------------------
Finished RTL Optimization Phase 1 : Time (s): cpu = 00:00:03 ; elapsed = 00:00:03 . Memory (MB): peak = 2038.285 ; gain = 474.551 ; free physical = 9432 ; free virtual = 152970
Synthesis current peak Physical Memory [PSS] (MB): peak = 1293.940; parent = 1108.214; children = 185.727
Synthesis current peak Virtual Memory [VSS] (MB): peak = 3068.027; parent = 2038.289; children = 1029.738
---------------------------------------------------------------------------------
Netlist sorting complete. Time (s): cpu = 00:00:00.02 ; elapsed = 00:00:00.01 . Memory (MB): peak = 2038.285 ; gain = 0.000 ; free physical = 9385 ; free virtual = 152923
INFO: [Project 1-570] Preparing netlist for logic optimization

Processing XDC Constraints
Initializing timing engine
Parsing XDC File [/tmp/starlink-completed-input.5EaJuD/forward-retirement-synth-v1/project/fft_bank_owned_synthesis.gen/sources_1/ip/starlink_pss_fft512_bfp18_rt_candidate/starlink_pss_fft512_bfp18_rt_candidate/starlink_pss_fft512_bfp18_rt_candidate_in_context.xdc] for cell 'shared_xfft'
Finished Parsing XDC File [/tmp/starlink-completed-input.5EaJuD/forward-retirement-synth-v1/project/fft_bank_owned_synthesis.gen/sources_1/ip/starlink_pss_fft512_bfp18_rt_candidate/starlink_pss_fft512_bfp18_rt_candidate/starlink_pss_fft512_bfp18_rt_candidate_in_context.xdc] for cell 'shared_xfft'
Parsing XDC File [/tmp/starlink-completed-input.5EaJuD/forward-retirement-synth-v1/frozen_sources/fft_bank_owned_resource_probe.xdc]
WARNING: [Vivado 12-2489] -period contains time 5.714286 which will be rounded to 5.714 to ensure it is an integer multiple of 1 picosecond [/tmp/starlink-completed-input.5EaJuD/forward-retirement-synth-v1/frozen_sources/fft_bank_owned_resource_probe.xdc:4]
Finished Parsing XDC File [/tmp/starlink-completed-input.5EaJuD/forward-retirement-synth-v1/frozen_sources/fft_bank_owned_resource_probe.xdc]
Completed Processing XDC Constraints

Netlist sorting complete. Time (s): cpu = 00:00:00 ; elapsed = 00:00:00 . Memory (MB): peak = 2145.012 ; gain = 0.000 ; free physical = 9441 ; free virtual = 152981
INFO: [Project 1-111] Unisim Transformation Summary:
No Unisim elements were transformed.

Constraint Validation Runtime : Time (s): cpu = 00:00:00.02 ; elapsed = 00:00:00.03 . Memory (MB): peak = 2145.012 ; gain = 0.000 ; free physical = 9425 ; free virtual = 152965
INFO: [Synth 8-11241] undeclared symbol 'REGCCE', assumed default net type 'wire' [/opt/Xilinx/Vivado/2022.2/data/verilog/src/unimacro/BRAM_SINGLE_MACRO.v:2170]
---------------------------------------------------------------------------------
Finished Constraint Validation : Time (s): cpu = 00:00:06 ; elapsed = 00:00:08 . Memory (MB): peak = 2145.012 ; gain = 581.277 ; free physical = 9551 ; free virtual = 153099
Synthesis current peak Physical Memory [PSS] (MB): peak = 1293.940; parent = 1108.214; children = 185.727
Synthesis current peak Virtual Memory [VSS] (MB): peak = 3174.754; parent = 2145.016; children = 1029.738
---------------------------------------------------------------------------------
---------------------------------------------------------------------------------
Start Loading Part and Timing Information
---------------------------------------------------------------------------------
Loading part: xc7z010clg400-1
---------------------------------------------------------------------------------
Finished Loading Part and Timing Information : Time (s): cpu = 00:00:06 ; elapsed = 00:00:08 . Memory (MB): peak = 2145.012 ; gain = 581.277 ; free physical = 9551 ; free virtual = 153099
Synthesis current peak Physical Memory [PSS] (MB): peak = 1293.940; parent = 1108.214; children = 185.727
Synthesis current peak Virtual Memory [VSS] (MB): peak = 3174.754; parent = 2145.016; children = 1029.738
---------------------------------------------------------------------------------
---------------------------------------------------------------------------------
Start Applying 'set_property' XDC Constraints
---------------------------------------------------------------------------------
Applied set_property KEEP_HIERARCHY = SOFT for shared_xfft. (constraint file  auto generated constraint).
---------------------------------------------------------------------------------
Finished applying 'set_property' XDC Constraints : Time (s): cpu = 00:00:06 ; elapsed = 00:00:08 . Memory (MB): peak = 2145.012 ; gain = 581.277 ; free physical = 9551 ; free virtual = 153099
Synthesis current peak Physical Memory [PSS] (MB): peak = 1293.940; parent = 1108.214; children = 185.727
Synthesis current peak Virtual Memory [VSS] (MB): peak = 3174.754; parent = 2145.016; children = 1029.738
---------------------------------------------------------------------------------
---------------------------------------------------------------------------------
Finished RTL Optimization Phase 2 : Time (s): cpu = 00:00:06 ; elapsed = 00:00:09 . Memory (MB): peak = 2145.012 ; gain = 581.277 ; free physical = 9643 ; free virtual = 153194
Synthesis current peak Physical Memory [PSS] (MB): peak = 1293.940; parent = 1108.214; children = 185.727
Synthesis current peak Virtual Memory [VSS] (MB): peak = 3174.754; parent = 2145.016; children = 1029.738
---------------------------------------------------------------------------------
---------------------------------------------------------------------------------
Start RTL Component Statistics 
---------------------------------------------------------------------------------
Detailed RTL Component Info : 
+---Adders : 
	   2 Input   64 Bit       Adders := 1     
	   2 Input   38 Bit       Adders := 2     
	   2 Input   10 Bit       Adders := 2     
	   2 Input    9 Bit       Adders := 8     
	   2 Input    6 Bit       Adders := 1     
+---Registers : 
	               75 Bit    Registers := 2     
	               70 Bit    Registers := 8     
	               64 Bit    Registers := 6     
	               37 Bit    Registers := 2     
	               36 Bit    Registers := 5     
	               18 Bit    Registers := 4     
	               10 Bit    Registers := 2     
	                9 Bit    Registers := 15    
	                8 Bit    Registers := 1     
	                6 Bit    Registers := 2     
	                5 Bit    Registers := 8     
	                4 Bit    Registers := 1     
	                3 Bit    Registers := 2     
	                2 Bit    Registers := 12    
	                1 Bit    Registers := 61    
+---RAMs : 
	              18K Bit	(512 X 36 bit)          RAMs := 3     
+---ROMs : 
	                    ROMs := 1     
+---Muxes : 
	   2 Input   70 Bit        Muxes := 3     
	   2 Input   36 Bit        Muxes := 1     
	   2 Input   19 Bit        Muxes := 4     
	   2 Input   10 Bit        Muxes := 3     
	   2 Input    9 Bit        Muxes := 9     
	   2 Input    4 Bit        Muxes := 1     
	   2 Input    3 Bit        Muxes := 1     
	   2 Input    1 Bit        Muxes := 60    
	  12 Input    1 Bit        Muxes := 11    
	  13 Input    1 Bit        Muxes := 1     
---------------------------------------------------------------------------------
Finished RTL Component Statistics 
---------------------------------------------------------------------------------
---------------------------------------------------------------------------------
Start Part Resource Summary
---------------------------------------------------------------------------------
Part Resources:
DSPs: 80 (col length:40)
BRAMs: 120 (col length: RAMB18 40 RAMB36 20)
---------------------------------------------------------------------------------
Finished Part Resource Summary
---------------------------------------------------------------------------------
---------------------------------------------------------------------------------
Start Cross Boundary and Area Optimization
---------------------------------------------------------------------------------
WARNING: [Synth 8-7080] Parallel synthesis criteria is not met
DSP Report: Generating DSP product_ii_reg, operation Mode is: (A*B)'.
DSP Report: register product_ii_reg is absorbed into DSP product_ii_reg.
DSP Report: operator product_ii0 is absorbed into DSP product_ii_reg.
DSP Report: Generating DSP sum_real_reg, operation Mode is: (PCIN-(A*B)')'.
DSP Report: register sum_real_reg is absorbed into DSP sum_real_reg.
DSP Report: register product_qq_reg is absorbed into DSP sum_real_reg.
DSP Report: operator sum_real0 is absorbed into DSP sum_real_reg.
DSP Report: operator product_qq0 is absorbed into DSP sum_real_reg.
DSP Report: Generating DSP product_iq_reg, operation Mode is: (A*B)'.
DSP Report: register product_iq_reg is absorbed into DSP product_iq_reg.
DSP Report: operator product_iq0 is absorbed into DSP product_iq_reg.
DSP Report: Generating DSP sum_imag_reg, operation Mode is: (PCIN+(A*B)')'.
DSP Report: register sum_imag_reg is absorbed into DSP sum_imag_reg.
DSP Report: register product_qi_reg is absorbed into DSP sum_imag_reg.
DSP Report: operator sum_imag0 is absorbed into DSP sum_imag_reg.
DSP Report: operator product_qi0 is absorbed into DSP sum_imag_reg.
WARNING: [Synth 8-7129] Port phase_input_fault_now in module starlink_pss_realtime_result_guard is either unconnected or has no load
WARNING: [Synth 8-7129] Port core_output_tdata[47] in module starlink_pss_realtime_result_guard is either unconnected or has no load
WARNING: [Synth 8-7129] Port core_output_tdata[46] in module starlink_pss_realtime_result_guard is either unconnected or has no load
WARNING: [Synth 8-7129] Port core_output_tdata[45] in module starlink_pss_realtime_result_guard is either unconnected or has no load
WARNING: [Synth 8-7129] Port core_output_tdata[44] in module starlink_pss_realtime_result_guard is either unconnected or has no load
WARNING: [Synth 8-7129] Port core_output_tdata[43] in module starlink_pss_realtime_result_guard is either unconnected or has no load
WARNING: [Synth 8-7129] Port core_output_tdata[42] in module starlink_pss_realtime_result_guard is either unconnected or has no load
WARNING: [Synth 8-7129] Port core_output_tdata[23] in module starlink_pss_realtime_result_guard is either unconnected or has no load
WARNING: [Synth 8-7129] Port core_output_tdata[22] in module starlink_pss_realtime_result_guard is either unconnected or has no load
WARNING: [Synth 8-7129] Port core_output_tdata[21] in module starlink_pss_realtime_result_guard is either unconnected or has no load
WARNING: [Synth 8-7129] Port core_output_tdata[20] in module starlink_pss_realtime_result_guard is either unconnected or has no load
WARNING: [Synth 8-7129] Port core_output_tdata[19] in module starlink_pss_realtime_result_guard is either unconnected or has no load
WARNING: [Synth 8-7129] Port core_output_tdata[18] in module starlink_pss_realtime_result_guard is either unconnected or has no load
WARNING: [Synth 8-7129] Port input_commit_authorized in module starlink_pss_block_mailbox is either unconnected or has no load
---------------------------------------------------------------------------------
Finished Cross Boundary and Area Optimization : Time (s): cpu = 00:00:14 ; elapsed = 00:00:17 . Memory (MB): peak = 2145.012 ; gain = 581.277 ; free physical = 9958 ; free virtual = 153569
Synthesis current peak Physical Memory [PSS] (MB): peak = 1293.940; parent = 1112.468; children = 185.727
Synthesis current peak Virtual Memory [VSS] (MB): peak = 3174.754; parent = 2145.016; children = 1029.738
---------------------------------------------------------------------------------
---------------------------------------------------------------------------------
Start ROM, RAM, DSP, Shift Register and Retiming Reporting
---------------------------------------------------------------------------------

Block RAM: Preliminary Mapping Report (see note below)
+----------------------------------+---------------------------------+------------------------+---+---+------------------------+---+---+------------------+--------+--------+
|Module Name                       | RTL Object                      | PORT A (Depth x Width) | W | R | PORT B (Depth x Width) | W | R | Ports driving FF | RAMB18 | RAMB36 | 
+----------------------------------+---------------------------------+------------------------+---+---+------------------------+---+---+------------------+--------+--------+
|starlink_pss_fft_bank_owned_slice | source_bank/payload_memory_reg  | 512 x 36(NO_CHANGE)    | W |   | 512 x 36(WRITE_FIRST)  |   | R | Port A and B     | 1      | 0      | 
|starlink_pss_fft_bank_owned_slice | product_bank/payload_memory_reg | 512 x 36(READ_FIRST)   | W |   | 512 x 36(WRITE_FIRST)  |   | R | Port A and B     | 1      | 0      | 
|starlink_pss_fft_bank_owned_slice | output_bank/payload_memory_reg  | 512 x 36(NO_CHANGE)    | W |   | 512 x 36(WRITE_FIRST)  |   | R | Port A and B     | 1      | 0      | 
+----------------------------------+---------------------------------+------------------------+---+---+------------------------+---+---+------------------+--------+--------+

Note: The table above is a preliminary report that shows the Block RAMs at the current stage of the synthesis flow. Some Block RAMs may be reimplemented as non Block RAM primitives later in the synthesis flow. Multiple instantiated Block RAMs are reported only once. 

DSP: Preliminary Mapping Report (see note below. The ' indicates corresponding REG is set)
+------------------------------+----------------+--------+--------+--------+--------+--------+------+------+------+------+-------+------+------+
|Module Name                   | DSP Mapping    | A Size | B Size | C Size | D Size | P Size | AREG | BREG | CREG | DREG | ADREG | MREG | PREG | 
+------------------------------+----------------+--------+--------+--------+--------+--------+------+------+------+------+-------+------+------+
|starlink_pss_spectrum_product | (A*B)'         | 18     | 18     | -      | -      | 36     | 0    | 0    | -    | -    | -     | 1    | 0    | 
|starlink_pss_spectrum_product | (PCIN-(A*B)')' | 18     | 18     | -      | -      | 37     | 0    | 0    | -    | -    | -     | 1    | 1    | 
|starlink_pss_spectrum_product | (A*B)'         | 18     | 18     | -      | -      | 36     | 0    | 0    | -    | -    | -     | 1    | 0    | 
|starlink_pss_spectrum_product | (PCIN+(A*B)')' | 18     | 18     | -      | -      | 37     | 0    | 0    | -    | -    | -     | 1    | 1    | 
+------------------------------+----------------+--------+--------+--------+--------+--------+------+------+------+------+-------+------+------+

Note: The table above is a preliminary report that shows the DSPs inferred at the current stage of the synthesis flow. Some DSP may be reimplemented as non DSP primitives later in the synthesis flow. Multiple instantiated DSPs are reported only once.
---------------------------------------------------------------------------------
Finished ROM, RAM, DSP, Shift Register and Retiming Reporting
---------------------------------------------------------------------------------
---------------------------------------------------------------------------------
Start Applying XDC Timing Constraints
---------------------------------------------------------------------------------
---------------------------------------------------------------------------------
Finished Applying XDC Timing Constraints : Time (s): cpu = 00:00:17 ; elapsed = 00:00:20 . Memory (MB): peak = 2145.012 ; gain = 581.277 ; free physical = 9879 ; free virtual = 153490
Synthesis current peak Physical Memory [PSS] (MB): peak = 1445.968; parent = 1264.593; children = 185.727
Synthesis current peak Virtual Memory [VSS] (MB): peak = 3174.754; parent = 2145.016; children = 1029.738
---------------------------------------------------------------------------------
---------------------------------------------------------------------------------
Start Timing Optimization
---------------------------------------------------------------------------------
---------------------------------------------------------------------------------
Finished Timing Optimization : Time (s): cpu = 00:00:17 ; elapsed = 00:00:20 . Memory (MB): peak = 2145.012 ; gain = 581.277 ; free physical = 9880 ; free virtual = 153491
Synthesis current peak Physical Memory [PSS] (MB): peak = 1450.597; parent = 1269.222; children = 185.727
Synthesis current peak Virtual Memory [VSS] (MB): peak = 3174.754; parent = 2145.016; children = 1029.738
---------------------------------------------------------------------------------
---------------------------------------------------------------------------------
Start ROM, RAM, DSP, Shift Register and Retiming Reporting
---------------------------------------------------------------------------------

Block RAM: Final Mapping Report
+----------------------------------+---------------------------------+------------------------+---+---+------------------------+---+---+------------------+--------+--------+
|Module Name                       | RTL Object                      | PORT A (Depth x Width) | W | R | PORT B (Depth x Width) | W | R | Ports driving FF | RAMB18 | RAMB36 | 
+----------------------------------+---------------------------------+------------------------+---+---+------------------------+---+---+------------------+--------+--------+
|starlink_pss_fft_bank_owned_slice | source_bank/payload_memory_reg  | 512 x 36(NO_CHANGE)    | W |   | 512 x 36(WRITE_FIRST)  |   | R | Port A and B     | 1      | 0      | 
|starlink_pss_fft_bank_owned_slice | product_bank/payload_memory_reg | 512 x 36(READ_FIRST)   | W |   | 512 x 36(WRITE_FIRST)  |   | R | Port A and B     | 1      | 0      | 
|starlink_pss_fft_bank_owned_slice | output_bank/payload_memory_reg  | 512 x 36(NO_CHANGE)    | W |   | 512 x 36(WRITE_FIRST)  |   | R | Port A and B     | 1      | 0      | 
+----------------------------------+---------------------------------+------------------------+---+---+------------------------+---+---+------------------+--------+--------+

---------------------------------------------------------------------------------
Finished ROM, RAM, DSP, Shift Register and Retiming Reporting
---------------------------------------------------------------------------------
---------------------------------------------------------------------------------
Start Technology Mapping
---------------------------------------------------------------------------------
INFO: [Synth 8-7052] The timing for the instance source_bank/payload_memory_reg (implemented as a Block RAM) might be sub-optimal as no optional output register could be merged into the ram block. Providing additional output register may help in improving timing.
INFO: [Synth 8-7052] The timing for the instance joiner/kernel_rom/output_kernel_word_reg (implemented as a Block RAM) might be sub-optimal as no optional output register could be merged into the ram block. Providing additional output register may help in improving timing.
INFO: [Synth 8-7052] The timing for the instance joiner/kernel_rom/output_kernel_word_reg (implemented as a Block RAM) might be sub-optimal as no optional output register could be merged into the ram block. Providing additional output register may help in improving timing.
INFO: [Synth 8-7052] The timing for the instance product_bank/payload_memory_reg (implemented as a Block RAM) might be sub-optimal as no optional output register could be merged into the ram block. Providing additional output register may help in improving timing.
INFO: [Synth 8-7052] The timing for the instance output_bank/payload_memory_reg (implemented as a Block RAM) might be sub-optimal as no optional output register could be merged into the ram block. Providing additional output register may help in improving timing.
---------------------------------------------------------------------------------
Finished Technology Mapping : Time (s): cpu = 00:00:18 ; elapsed = 00:00:21 . Memory (MB): peak = 2145.012 ; gain = 581.277 ; free physical = 9905 ; free virtual = 153516
Synthesis current peak Physical Memory [PSS] (MB): peak = 1455.058; parent = 1273.683; children = 185.727
Synthesis current peak Virtual Memory [VSS] (MB): peak = 3174.754; parent = 2145.016; children = 1029.738
---------------------------------------------------------------------------------
---------------------------------------------------------------------------------
Start IO Insertion
---------------------------------------------------------------------------------
---------------------------------------------------------------------------------
Start Flattening Before IO Insertion
---------------------------------------------------------------------------------
---------------------------------------------------------------------------------
Finished Flattening Before IO Insertion
---------------------------------------------------------------------------------
---------------------------------------------------------------------------------
Start Final Netlist Cleanup
---------------------------------------------------------------------------------
---------------------------------------------------------------------------------
Finished Final Netlist Cleanup
---------------------------------------------------------------------------------
---------------------------------------------------------------------------------
Finished IO Insertion : Time (s): cpu = 00:00:19 ; elapsed = 00:00:22 . Memory (MB): peak = 2145.012 ; gain = 581.277 ; free physical = 9924 ; free virtual = 153535
Synthesis current peak Physical Memory [PSS] (MB): peak = 1455.065; parent = 1273.690; children = 185.727
Synthesis current peak Virtual Memory [VSS] (MB): peak = 3174.754; parent = 2145.016; children = 1029.738
---------------------------------------------------------------------------------
---------------------------------------------------------------------------------
Start Renaming Generated Instances
---------------------------------------------------------------------------------
---------------------------------------------------------------------------------
Finished Renaming Generated Instances : Time (s): cpu = 00:00:19 ; elapsed = 00:00:22 . Memory (MB): peak = 2145.012 ; gain = 581.277 ; free physical = 9924 ; free virtual = 153535
Synthesis current peak Physical Memory [PSS] (MB): peak = 1455.081; parent = 1273.706; children = 185.727
Synthesis current peak Virtual Memory [VSS] (MB): peak = 3174.754; parent = 2145.016; children = 1029.738
---------------------------------------------------------------------------------
---------------------------------------------------------------------------------
Start Rebuilding User Hierarchy
---------------------------------------------------------------------------------
---------------------------------------------------------------------------------
Finished Rebuilding User Hierarchy : Time (s): cpu = 00:00:19 ; elapsed = 00:00:22 . Memory (MB): peak = 2145.012 ; gain = 581.277 ; free physical = 9924 ; free virtual = 153535
Synthesis current peak Physical Memory [PSS] (MB): peak = 1455.300; parent = 1273.925; children = 185.727
Synthesis current peak Virtual Memory [VSS] (MB): peak = 3174.754; parent = 2145.016; children = 1029.738
---------------------------------------------------------------------------------
---------------------------------------------------------------------------------
Start Renaming Generated Ports
---------------------------------------------------------------------------------
---------------------------------------------------------------------------------
Finished Renaming Generated Ports : Time (s): cpu = 00:00:19 ; elapsed = 00:00:22 . Memory (MB): peak = 2145.012 ; gain = 581.277 ; free physical = 9924 ; free virtual = 153535
Synthesis current peak Physical Memory [PSS] (MB): peak = 1455.362; parent = 1273.987; children = 185.727
Synthesis current peak Virtual Memory [VSS] (MB): peak = 3174.754; parent = 2145.016; children = 1029.738
---------------------------------------------------------------------------------
---------------------------------------------------------------------------------
Start Handling Custom Attributes
---------------------------------------------------------------------------------
---------------------------------------------------------------------------------
Finished Handling Custom Attributes : Time (s): cpu = 00:00:19 ; elapsed = 00:00:22 . Memory (MB): peak = 2145.012 ; gain = 581.277 ; free physical = 9922 ; free virtual = 153533
Synthesis current peak Physical Memory [PSS] (MB): peak = 1455.397; parent = 1274.022; children = 185.727
Synthesis current peak Virtual Memory [VSS] (MB): peak = 3174.754; parent = 2145.016; children = 1029.738
---------------------------------------------------------------------------------
---------------------------------------------------------------------------------
Start Renaming Generated Nets
---------------------------------------------------------------------------------
---------------------------------------------------------------------------------
Finished Renaming Generated Nets : Time (s): cpu = 00:00:19 ; elapsed = 00:00:22 . Memory (MB): peak = 2145.012 ; gain = 581.277 ; free physical = 9924 ; free virtual = 153535
Synthesis current peak Physical Memory [PSS] (MB): peak = 1455.397; parent = 1274.022; children = 185.727
Synthesis current peak Virtual Memory [VSS] (MB): peak = 3174.754; parent = 2145.016; children = 1029.738
---------------------------------------------------------------------------------
---------------------------------------------------------------------------------
Start Writing Synthesis Report
---------------------------------------------------------------------------------

DSP Final Report (the ' indicates corresponding REG is set)
+------------------------------+----------------------+--------+--------+--------+--------+--------+------+------+------+------+-------+------+------+
|Module Name                   | DSP Mapping          | A Size | B Size | C Size | D Size | P Size | AREG | BREG | CREG | DREG | ADREG | MREG | PREG | 
+------------------------------+----------------------+--------+--------+--------+--------+--------+------+------+------+------+-------+------+------+
|starlink_pss_spectrum_product | (A'*B)'              | 30     | 18     | -      | -      | 36     | 1    | 0    | -    | -    | -     | 0    | 1    | 
|starlink_pss_spectrum_product | (not(PCIN+(A'*B)'))' | 30     | 18     | -      | -      | 37     | 1    | 0    | -    | -    | -     | 1    | 1    | 
|starlink_pss_spectrum_product | (A'*B)'              | 30     | 18     | -      | -      | 36     | 1    | 0    | -    | -    | -     | 0    | 1    | 
|starlink_pss_spectrum_product | (PCIN+(A'*B)')'      | 30     | 18     | -      | -      | 37     | 1    | 0    | -    | -    | -     | 1    | 1    | 
+------------------------------+----------------------+--------+--------+--------+--------+--------+------+------+------+------+-------+------+------+


Report BlackBoxes: 
+------+---------------------------------------+----------+
|      |BlackBox name                          |Instances |
+------+---------------------------------------+----------+
|1     |starlink_pss_fft512_bfp18_rt_candidate |         1|
+------+---------------------------------------+----------+

Report Cell Usage: 
+------+---------------------------------------+------+
|      |Cell                                   |Count |
+------+---------------------------------------+------+
|1     |starlink_pss_fft512_bfp18_rt_candidate |     1|
|2     |CARRY4                                 |    60|
|3     |DSP48E1                                |     4|
|5     |LUT1                                   |    56|
|6     |LUT2                                   |    91|
|7     |LUT3                                   |   266|
|8     |LUT4                                   |    81|
|9     |LUT5                                   |   110|
|10    |LUT6                                   |   346|
|11    |MUXF7                                  |     1|
|12    |RAMB18E1                               |     4|
|15    |FDCE                                   |   273|
|16    |FDRE                                   |  1205|
+------+---------------------------------------+------+
---------------------------------------------------------------------------------
Finished Writing Synthesis Report : Time (s): cpu = 00:00:19 ; elapsed = 00:00:22 . Memory (MB): peak = 2145.012 ; gain = 581.277 ; free physical = 9924 ; free virtual = 153535
Synthesis current peak Physical Memory [PSS] (MB): peak = 1455.460; parent = 1274.085; children = 185.727
Synthesis current peak Virtual Memory [VSS] (MB): peak = 3174.754; parent = 2145.016; children = 1029.738
---------------------------------------------------------------------------------
Synthesis finished with 0 errors, 0 critical warnings and 15 warnings.
Synthesis Optimization Runtime : Time (s): cpu = 00:00:18 ; elapsed = 00:00:21 . Memory (MB): peak = 2145.012 ; gain = 474.551 ; free physical = 9982 ; free virtual = 153593
Synthesis Optimization Complete : Time (s): cpu = 00:00:19 ; elapsed = 00:00:23 . Memory (MB): peak = 2145.020 ; gain = 581.277 ; free physical = 9942 ; free virtual = 153553
INFO: [Project 1-571] Translating synthesized netlist
Netlist sorting complete. Time (s): cpu = 00:00:00.01 ; elapsed = 00:00:00.01 . Memory (MB): peak = 2145.020 ; gain = 0.000 ; free physical = 10114 ; free virtual = 153725
INFO: [Netlist 29-17] Analyzing 69 Unisim elements for replacement
INFO: [Netlist 29-28] Unisim Transformation completed in 0 CPU seconds
INFO: [Project 1-570] Preparing netlist for logic optimization
INFO: [Opt 31-138] Pushed 0 inverter(s) to 0 load pin(s).
Netlist sorting complete. Time (s): cpu = 00:00:00 ; elapsed = 00:00:00 . Memory (MB): peak = 2145.020 ; gain = 0.000 ; free physical = 10038 ; free virtual = 153649
INFO: [Project 1-111] Unisim Transformation Summary:
No Unisim elements were transformed.

Synth Design complete, checksum: d70ac56e
INFO: [Common 17-83] Releasing license: Synthesis
42 Infos, 33 Warnings, 0 Critical Warnings and 0 Errors encountered.
synth_design completed successfully
synth_design: Time (s): cpu = 00:00:23 ; elapsed = 00:00:25 . Memory (MB): peak = 2145.020 ; gain = 823.598 ; free physical = 10181 ; free virtual = 153792
INFO: [Common 17-600] The following parameters have non-default value.
general.maxThreads
INFO: [Common 17-1381] The checkpoint '/tmp/starlink-completed-input.5EaJuD/forward-retirement-synth-v1/project/fft_bank_owned_synthesis.runs/synth_1/starlink_pss_fft_bank_owned_slice.dcp' has been generated.
INFO: [runtcl-4] Executing : report_utilization -file starlink_pss_fft_bank_owned_slice_utilization_synth.rpt -pb starlink_pss_fft_bank_owned_slice_utilization_synth.pb
INFO: [Common 17-206] Exiting Vivado at Thu Sep 10 05:11:07 2026...
