WARNING: [IP_Flow 19-4832] The IP name 'starlink_pss_fft512_bfp18_rt_candidate' you have specified is long. The Windows operating system has path length limitations. It is recommended you use shorter names to reduce the likelihood of issues.
WARNING: [Vivado 12-13277] Compiled library path does not exist: ''
WARNING: [VRFC 10-3380] identifier 'registered_quarantine' is used before its declaration [/PREPARED/frozen_sources/starlink_pss_fft_bank_owned_slice.v:84]
WARNING: [VRFC 10-3380] identifier 'destination_reserved' is used before its declaration [/PREPARED/frozen_sources/starlink_pss_fft_bank_owned_slice.v:154]
WARNING: [VRFC 10-3380] identifier 'destination_reserved' is used before its declaration [/PREPARED/frozen_sources/starlink_pss_fft_bank_owned_slice.v:157]
WARNING: [VRFC 10-3380] identifier 'registered_quarantine' is used before its declaration [/PREPARED/frozen_sources/starlink_pss_fft_bank_owned_slice_dec20d63_golden.v:76]
WARNING: [VRFC 10-3380] identifier 'destination_reserved' is used before its declaration [/PREPARED/frozen_sources/starlink_pss_fft_bank_owned_slice_dec20d63_golden.v:146]
WARNING: [VRFC 10-3380] identifier 'destination_reserved' is used before its declaration [/PREPARED/frozen_sources/starlink_pss_fft_bank_owned_slice_dec20d63_golden.v:149]
WARNING: [VRFC 10-8426] non-net output port 'checks' cannot be initialized at declaration in SystemVerilog mode [/PREPARED/frozen_sources/starlink_pss_exact_control_actual_compare.sv:13]
WARNING: [VRFC 10-8426] non-net output port 'active_checks' cannot be initialized at declaration in SystemVerilog mode [/PREPARED/frozen_sources/starlink_pss_exact_control_actual_compare.sv:14]
WARNING: [VRFC 10-8426] non-net output port 'consumed_identities' cannot be initialized at declaration in SystemVerilog mode [/PREPARED/frozen_sources/starlink_pss_exact_control_actual_compare.sv:15]
WARNING: [VRFC 10-8426] non-net output port 'private_differences' cannot be initialized at declaration in SystemVerilog mode [/PREPARED/frozen_sources/starlink_pss_exact_control_actual_compare.sv:16]
WARNING: [VRFC 10-8426] non-net output port 'final_fault_edges' cannot be initialized at declaration in SystemVerilog mode [/PREPARED/frozen_sources/starlink_pss_exact_control_actual_compare.sv:17]
WARNING: [VRFC 10-8426] non-net output port 'owned_stall_edges' cannot be initialized at declaration in SystemVerilog mode [/PREPARED/frozen_sources/starlink_pss_exact_control_actual_compare.sv:18]
WARNING: [VRFC 10-8426] non-net output port 'reset_owned_edges' cannot be initialized at declaration in SystemVerilog mode [/PREPARED/frozen_sources/starlink_pss_exact_control_actual_compare.sv:19]
WARNING: [VRFC 10-8426] non-net output port 'checks' cannot be initialized at declaration in SystemVerilog mode [/PREPARED/frozen_sources/starlink_pss_forward_retirement_shadow.sv:26]
WARNING: [VRFC 10-8426] non-net output port 'forward_cycles' cannot be initialized at declaration in SystemVerilog mode [/PREPARED/frozen_sources/starlink_pss_forward_retirement_shadow.sv:27]
WARNING: [VRFC 10-8426] non-net output port 'inverse_current_faults' cannot be initialized at declaration in SystemVerilog mode [/PREPARED/frozen_sources/starlink_pss_forward_retirement_shadow.sv:28]
WARNING: [VRFC 10-8426] non-net output port 'sticky_forward_faults' cannot be initialized at declaration in SystemVerilog mode [/PREPARED/frozen_sources/starlink_pss_forward_retirement_shadow.sv:29]
WARNING: [VRFC 10-8426] non-net output port 'checks' cannot be initialized at declaration in SystemVerilog mode [/PREPARED/frozen_sources/starlink_pss_payload_bubble_shadow.sv:18]
WARNING: [VRFC 10-8426] non-net output port 'join_occupied' cannot be initialized at declaration in SystemVerilog mode [/PREPARED/frozen_sources/starlink_pss_payload_bubble_shadow.sv:19]
WARNING: [VRFC 10-8426] non-net output port 'product_occupied' cannot be initialized at declaration in SystemVerilog mode [/PREPARED/frozen_sources/starlink_pss_payload_bubble_shadow.sv:20]
WARNING: [VRFC 10-8426] non-net output port 'join_invalid_differences' cannot be initialized at declaration in SystemVerilog mode [/PREPARED/frozen_sources/starlink_pss_payload_bubble_shadow.sv:21]
WARNING: [VRFC 10-8426] non-net output port 'product_invalid_differences' cannot be initialized at declaration in SystemVerilog mode [/PREPARED/frozen_sources/starlink_pss_payload_bubble_shadow.sv:22]
WARNING: [VRFC 10-3380] identifier 'preflight_ready_differences' is used before its declaration [/PREPARED/frozen_sources/tb_starlink_pss_exact_control_reference.sv:264]
WARNING: [VRFC 10-3380] identifier 'preflight_ready_differences' is used before its declaration [/PREPARED/frozen_sources/tb_starlink_pss_fft_bank_owned_slice.sv:732]
WARNING: [VRFC 10-3532] module 'glbl' does not have a parameter named 'REGISTERED_SCHEDULING' to override [/PREPARED/project/exact_control_actual.sim/sim_1/behav/xsim/glbl.v:6]
