Copyright 1986-2022 Xilinx, Inc. All Rights Reserved.
-----------------------------------------------------------------------------------------------------------------------------------------------------------------------------
| Tool Version : Vivado v.2022.2 (lin64) Build 3671981 Fri Oct 14 04:59:54 MDT 2022
| Date         : Thu Sep 10 00:08:41 2026
| Host         : gauss running 64-bit Ubuntu 26.04 LTS
| Command      : report_control_sets -verbose -file /tmp/starlink-coarse-alternatives.Y3JzOI/direct-coarse/hdl/library/starlink_pss_direct_coarse/build/ooc/control_sets.rpt
| Design       : starlink_pss_direct_mac6
| Device       : xc7z010
-----------------------------------------------------------------------------------------------------------------------------------------------------------------------------

Control Set Information

Table of Contents
-----------------
1. Summary
2. Histogram
3. Flip-Flop Distribution
4. Detailed Control Set Information

1. Summary
----------

+----------------------------------------------------------+-------+
|                          Status                          | Count |
+----------------------------------------------------------+-------+
| Total control sets                                       |     8 |
|    Minimum number of control sets                        |     8 |
|    Addition due to synthesis replication                 |     0 |
|    Addition due to physical synthesis replication        |     0 |
| Unused register locations in slices containing registers |    12 |
+----------------------------------------------------------+-------+
* Control sets can be merged at opt_design using control_set_merge or merge_equivalent_drivers
** Run report_qor_suggestions for automated merging and remapping suggestions


2. Histogram
------------

+--------------------+-------+
|       Fanout       | Count |
+--------------------+-------+
| Total control sets |     8 |
| >= 0 to < 4        |     0 |
| >= 4 to < 6        |     0 |
| >= 6 to < 8        |     1 |
| >= 8 to < 10       |     0 |
| >= 10 to < 12      |     1 |
| >= 12 to < 14      |     0 |
| >= 14 to < 16      |     0 |
| >= 16              |     6 |
+--------------------+-------+
* Control sets can be remapped at either synth_design or opt_design


3. Flip-Flop Distribution
-------------------------

+--------------+-----------------------+------------------------+-----------------+--------------+
| Clock Enable | Synchronous Set/Reset | Asynchronous Set/Reset | Total Registers | Total Slices |
+--------------+-----------------------+------------------------+-----------------+--------------+
| No           | No                    | No                     |               0 |            0 |
| No           | No                    | Yes                    |               0 |            0 |
| No           | Yes                   | No                     |               0 |            0 |
| Yes          | No                    | No                     |            2237 |          558 |
| Yes          | No                    | Yes                    |               0 |            0 |
| Yes          | Yes                   | No                     |               7 |            3 |
+--------------+-----------------------+------------------------+-----------------+--------------+


4. Detailed Control Set Information
-----------------------------------

+--------------+----------------------+------------------+------------------+----------------+--------------+
| Clock Signal |     Enable Signal    | Set/Reset Signal | Slice Load Count | Bel Load Count | Bels / Slice |
+--------------+----------------------+------------------+------------------+----------------+--------------+
|  clk         | advance              | op_valid0        |                3 |              7 |         2.33 |
|  clk         | input_ready          |                  |                5 |             11 |         2.20 |
|  clk         | r0_tag               |                  |               16 |             96 |         6.00 |
|  clk         | accumulator_tag      |                  |               12 |             96 |         8.00 |
|  clk         | output_i[39]_i_1_n_0 |                  |               63 |            176 |         2.79 |
|  clk         | acc_i                |                  |              120 |            480 |         4.00 |
|  clk         | r0_i[5][39]_i_1_n_0  |                  |              120 |            480 |         4.00 |
|  clk         | op_tag               |                  |              234 |            994 |         4.25 |
+--------------+----------------------+------------------+------------------+----------------+--------------+


