Copyright 1986-2022 Xilinx, Inc. All Rights Reserved.
--------------------------------------------------------------------------------------------------------------------------------------------------------------------------------------------------
| Tool Version : Vivado v.2022.2 (lin64) Build 3671981 Fri Oct 14 04:59:54 MDT 2022
| Date         : Thu Sep 10 00:08:40 2026
| Host         : gauss running 64-bit Ubuntu 26.04 LTS
| Command      : report_timing_summary -delay_type min_max -max_paths 10 -file /tmp/starlink-coarse-alternatives.Y3JzOI/direct-coarse/hdl/library/starlink_pss_direct_coarse/build/ooc/timing.rpt
| Design       : starlink_pss_direct_mac6
| Device       : 7z010-clg400
| Speed File   : -1  PRODUCTION 1.12 2019-11-22
--------------------------------------------------------------------------------------------------------------------------------------------------------------------------------------------------

Timing Summary Report

------------------------------------------------------------------------------------------------
| Timer Settings
| --------------
------------------------------------------------------------------------------------------------

  Enable Multi Corner Analysis               :  Yes
  Enable Pessimism Removal                   :  Yes
  Pessimism Removal Resolution               :  Nearest Common Node
  Enable Input Delay Default Clock           :  No
  Enable Preset / Clear Arcs                 :  No
  Disable Flight Delays                      :  No
  Ignore I/O Paths                           :  No
  Timing Early Launch at Borrowing Latches   :  No
  Borrow Time for Max Delay Exceptions       :  Yes
  Merge Timing Exceptions                    :  Yes

  Corner  Analyze    Analyze    
  Name    Max Paths  Min Paths  
  ------  ---------  ---------  
  Slow    Yes        Yes        
  Fast    Yes        Yes        


------------------------------------------------------------------------------------------------
| Report Methodology
| ------------------
------------------------------------------------------------------------------------------------

No report available as report_methodology has not been run prior. Run report_methodology on the current design for the summary of methodology violations.



check_timing report

Table of Contents
-----------------
1. checking no_clock (0)
2. checking constant_clock (0)
3. checking pulse_width_clock (0)
4. checking unconstrained_internal_endpoints (0)
5. checking no_input_delay (0)
6. checking no_output_delay (0)
7. checking multiple_clock (0)
8. checking generated_clocks (0)
9. checking loops (0)
10. checking partial_input_delay (0)
11. checking partial_output_delay (0)
12. checking latch_loops (0)

1. checking no_clock (0)
------------------------
 There are 0 register/latch pins with no clock.


2. checking constant_clock (0)
------------------------------
 There are 0 register/latch pins with constant_clock.


3. checking pulse_width_clock (0)
---------------------------------
 There are 0 register/latch pins which need pulse_width check


4. checking unconstrained_internal_endpoints (0)
------------------------------------------------
 There are 0 pins that are not constrained for maximum delay.

 There are 0 pins that are not constrained for maximum delay due to constant clock.


5. checking no_input_delay (0)
------------------------------
 There are 0 input ports with no input delay specified.

 There are 0 input ports with no input delay but user has a false path constraint.


6. checking no_output_delay (0)
-------------------------------
 There are 0 ports with no output delay specified.

 There are 0 ports with no output delay but user has a false path constraint

 There are 0 ports with no output delay but with a timing clock defined on it or propagating through it


7. checking multiple_clock (0)
------------------------------
 There are 0 register/latch pins with multiple clocks.


8. checking generated_clocks (0)
--------------------------------
 There are 0 generated clocks that are not connected to a clock source.


9. checking loops (0)
---------------------
 There are 0 combinational loops in the design.


10. checking partial_input_delay (0)
------------------------------------
 There are 0 input ports with partial input delay specified.


11. checking partial_output_delay (0)
-------------------------------------
 There are 0 ports with partial output delay specified.


12. checking latch_loops (0)
----------------------------
 There are 0 combinational latch loops in the design through latch input



------------------------------------------------------------------------------------------------
| Design Timing Summary
| ---------------------
------------------------------------------------------------------------------------------------

    WNS(ns)      TNS(ns)  TNS Failing Endpoints  TNS Total Endpoints      WHS(ns)      THS(ns)  THS Failing Endpoints  THS Total Endpoints     WPWS(ns)     TPWS(ns)  TPWS Failing Endpoints  TPWS Total Endpoints  
    -------      -------  ---------------------  -------------------      -------      -------  ---------------------  -------------------     --------     --------  ----------------------  --------------------  
      0.543        0.000                      0                 6443       -0.713     -353.114                   1293                 6443        1.442        0.000                       0                  2364  


Timing constraints are not met.


------------------------------------------------------------------------------------------------
| Clock Summary
| -------------
------------------------------------------------------------------------------------------------

Clock        Waveform(ns)         Period(ns)      Frequency(MHz)
-----        ------------         ----------      --------------
service_clk  {0.000 2.500}        5.000           200.000         


------------------------------------------------------------------------------------------------
| Intra Clock Table
| -----------------
------------------------------------------------------------------------------------------------

Clock             WNS(ns)      TNS(ns)  TNS Failing Endpoints  TNS Total Endpoints      WHS(ns)      THS(ns)  THS Failing Endpoints  THS Total Endpoints     WPWS(ns)     TPWS(ns)  TPWS Failing Endpoints  TPWS Total Endpoints  
-----             -------      -------  ---------------------  -------------------      -------      -------  ---------------------  -------------------     --------     --------  ----------------------  --------------------  
service_clk         0.543        0.000                      0                 6443       -0.713     -353.114                   1293                 6443        1.442        0.000                       0                  2364  


------------------------------------------------------------------------------------------------
| Inter Clock Table
| -----------------
------------------------------------------------------------------------------------------------

From Clock    To Clock          WNS(ns)      TNS(ns)  TNS Failing Endpoints  TNS Total Endpoints      WHS(ns)      THS(ns)  THS Failing Endpoints  THS Total Endpoints  
----------    --------          -------      -------  ---------------------  -------------------      -------      -------  ---------------------  -------------------  


------------------------------------------------------------------------------------------------
| Other Path Groups Table
| -----------------------
------------------------------------------------------------------------------------------------

Path Group    From Clock    To Clock          WNS(ns)      TNS(ns)  TNS Failing Endpoints  TNS Total Endpoints      WHS(ns)      THS(ns)  THS Failing Endpoints  THS Total Endpoints  
----------    ----------    --------          -------      -------  ---------------------  -------------------      -------      -------  ---------------------  -------------------  


------------------------------------------------------------------------------------------------
| Timing Details
| --------------
------------------------------------------------------------------------------------------------


---------------------------------------------------------------------------------------------------
From Clock:  service_clk
  To Clock:  service_clk

Setup :            0  Failing Endpoints,  Worst Slack        0.543ns,  Total Violation        0.000ns
Hold  :         1293  Failing Endpoints,  Worst Slack       -0.713ns,  Total Violation     -353.114ns
PW    :            0  Failing Endpoints,  Worst Slack        1.442ns,  Total Violation        0.000ns
---------------------------------------------------------------------------------------------------


Max Delay Paths
--------------------------------------------------------------------------------------
Slack (MET) :             0.543ns  (required time - arrival time)
  Source:                 output_valid_reg/C
                            (rising edge-triggered cell FDRE clocked by service_clk  {rise@0.000ns fall@2.500ns period=5.000ns})
  Destination:            input_ready
                            (output port clocked by service_clk  {rise@0.000ns fall@2.500ns period=5.000ns})
  Path Group:             service_clk
  Path Type:              Max at Slow Process Corner
  Requirement:            5.000ns  (service_clk rise@5.000ns - service_clk rise@0.000ns)
  Data Path Delay:        2.260ns  (logic 0.608ns (26.898%)  route 1.652ns (73.102%))
  Logic Levels:           1  (LUT4=1)
  Output Delay:           0.500ns
  Clock Path Skew:        -1.661ns (DCD - SCD + CPR)
    Destination Clock Delay (DCD):    0.000ns = ( 5.000 - 5.000 ) 
    Source Clock Delay      (SCD):    1.661ns
    Clock Pessimism Removal (CPR):    0.000ns
  Clock Uncertainty:      0.035ns  ((TSJ^2 + TIJ^2)^1/2 + DJ) / 2 + PE
    Total System Jitter     (TSJ):    0.071ns
    Total Input Jitter      (TIJ):    0.000ns
    Discrete Jitter          (DJ):    0.000ns
    Phase Error              (PE):    0.000ns

    Location             Delay type                Incr(ns)  Path(ns)    Netlist Resource(s)
  -------------------------------------------------------------------    -------------------
                         (clock service_clk rise edge)
                                                      0.000     0.000 r  
                                                      0.000     0.000 r  clk (IN)
                         net (fo=2363, unset)         1.661     1.661    clk
    SLICE_X25Y31         FDRE                                         r  output_valid_reg/C
  -------------------------------------------------------------------    -------------------
    SLICE_X25Y31         FDRE (Prop_fdre_C_Q)         0.456     2.117 f  output_valid_reg/Q
                         net (fo=8, routed)           0.679     2.796    output_valid
    SLICE_X25Y31         LUT4 (Prop_lut4_I0_O)        0.152     2.948 r  input_ready_INST_0/O
                         net (fo=11, unset)           0.973     3.921    input_ready
                                                                      r  input_ready (OUT)
  -------------------------------------------------------------------    -------------------

                         (clock service_clk rise edge)
                                                      5.000     5.000 r  
                         clock pessimism              0.000     5.000    
                         clock uncertainty           -0.035     4.965    
                         output delay                -0.500     4.465    
  -------------------------------------------------------------------
                         required time                          4.465    
                         arrival time                          -3.921    
  -------------------------------------------------------------------
                         slack                                  0.543    

Slack (MET) :             0.601ns  (required time - arrival time)
  Source:                 m0_reg[5]/CLK
                            (rising edge-triggered cell DSP48E1 clocked by service_clk  {rise@0.000ns fall@2.500ns period=5.000ns})
  Destination:            tap_q_reg[5][33]/D
                            (rising edge-triggered cell FDRE clocked by service_clk  {rise@0.000ns fall@2.500ns period=5.000ns})
  Path Group:             service_clk
  Path Type:              Setup (Max at Slow Process Corner)
  Requirement:            5.000ns  (service_clk rise@5.000ns - service_clk rise@0.000ns)
  Data Path Delay:        4.273ns  (logic 2.102ns (49.198%)  route 2.171ns (50.802%))
  Logic Levels:           9  (CARRY4=8 LUT3=1)
  Clock Path Skew:        -0.154ns (DCD - SCD + CPR)
    Destination Clock Delay (DCD):    1.497ns = ( 6.497 - 5.000 ) 
    Source Clock Delay      (SCD):    1.766ns
    Clock Pessimism Removal (CPR):    0.115ns
  Clock Uncertainty:      0.035ns  ((TSJ^2 + TIJ^2)^1/2 + DJ) / 2 + PE
    Total System Jitter     (TSJ):    0.071ns
    Total Input Jitter      (TIJ):    0.000ns
    Discrete Jitter          (DJ):    0.000ns
    Phase Error              (PE):    0.000ns

    Location             Delay type                Incr(ns)  Path(ns)    Netlist Resource(s)
  -------------------------------------------------------------------    -------------------
                         (clock service_clk rise edge)
                                                      0.000     0.000 r  
                                                      0.000     0.000 r  clk (IN)
                         net (fo=2363, unset)         1.766     1.766    clk
    DSP48_X0Y13          DSP48E1                                      r  m0_reg[5]/CLK
  -------------------------------------------------------------------    -------------------
    DSP48_X0Y13          DSP48E1 (Prop_dsp48e1_CLK_P[3])
                                                      0.434     2.200 f  m0_reg[5]/P[3]
                         net (fo=3, routed)           1.552     3.751    m0_reg_n_102_[5]
    SLICE_X20Y27         LUT3 (Prop_lut3_I0_O)        0.124     3.875 r  tap_q[5][7]_i_5/O
                         net (fo=1, routed)           0.619     4.494    tap_q[5][7]_i_5_n_0
    SLICE_X19Y27         CARRY4 (Prop_carry4_DI[0]_CO[3])
                                                      0.526     5.020 r  tap_q_reg[5][7]_i_1/CO[3]
                         net (fo=1, routed)           0.000     5.020    tap_q_reg[5][7]_i_1_n_0
    SLICE_X19Y28         CARRY4 (Prop_carry4_CI_CO[3])
                                                      0.114     5.134 r  tap_q_reg[5][11]_i_1/CO[3]
                         net (fo=1, routed)           0.000     5.134    tap_q_reg[5][11]_i_1_n_0
    SLICE_X19Y29         CARRY4 (Prop_carry4_CI_CO[3])
                                                      0.114     5.248 r  tap_q_reg[5][15]_i_1/CO[3]
                         net (fo=1, routed)           0.000     5.248    tap_q_reg[5][15]_i_1_n_0
    SLICE_X19Y30         CARRY4 (Prop_carry4_CI_CO[3])
                                                      0.114     5.362 r  tap_q_reg[5][19]_i_1/CO[3]
                         net (fo=1, routed)           0.000     5.362    tap_q_reg[5][19]_i_1_n_0
    SLICE_X19Y31         CARRY4 (Prop_carry4_CI_CO[3])
                                                      0.114     5.476 r  tap_q_reg[5][23]_i_1/CO[3]
                         net (fo=1, routed)           0.000     5.476    tap_q_reg[5][23]_i_1_n_0
    SLICE_X19Y32         CARRY4 (Prop_carry4_CI_CO[3])
                                                      0.114     5.590 r  tap_q_reg[5][27]_i_1/CO[3]
                         net (fo=1, routed)           0.000     5.590    tap_q_reg[5][27]_i_1_n_0
    SLICE_X19Y33         CARRY4 (Prop_carry4_CI_CO[3])
                                                      0.114     5.704 r  tap_q_reg[5][31]_i_1/CO[3]
                         net (fo=1, routed)           0.000     5.704    tap_q_reg[5][31]_i_1_n_0
    SLICE_X19Y34         CARRY4 (Prop_carry4_CI_O[1])
                                                      0.334     6.038 r  tap_q_reg[5][34]_i_1/O[1]
                         net (fo=1, routed)           0.000     6.038    p_2_out[33]
    SLICE_X19Y34         FDRE                                         r  tap_q_reg[5][33]/D
  -------------------------------------------------------------------    -------------------

                         (clock service_clk rise edge)
                                                      5.000     5.000 r  
                                                      0.000     5.000 r  clk (IN)
                         net (fo=2363, unset)         1.497     6.497    clk
    SLICE_X19Y34         FDRE                                         r  tap_q_reg[5][33]/C
                         clock pessimism              0.115     6.612    
                         clock uncertainty           -0.035     6.577    
    SLICE_X19Y34         FDRE (Setup_fdre_C_D)        0.062     6.639    tap_q_reg[5][33]
  -------------------------------------------------------------------
                         required time                          6.639    
                         arrival time                          -6.038    
  -------------------------------------------------------------------
                         slack                                  0.601    

Slack (MET) :             0.673ns  (required time - arrival time)
  Source:                 tap_first_reg_rep/C
                            (rising edge-triggered cell FDRE clocked by service_clk  {rise@0.000ns fall@2.500ns period=5.000ns})
  Destination:            r0_q_reg[2][37]/D
                            (rising edge-triggered cell FDRE clocked by service_clk  {rise@0.000ns fall@2.500ns period=5.000ns})
  Path Group:             service_clk
  Path Type:              Setup (Max at Slow Process Corner)
  Requirement:            5.000ns  (service_clk rise@5.000ns - service_clk rise@0.000ns)
  Data Path Delay:        4.310ns  (logic 2.262ns (52.485%)  route 2.048ns (47.515%))
  Logic Levels:           10  (CARRY4=9 LUT3=1)
  Clock Path Skew:        -0.044ns (DCD - SCD + CPR)
    Destination Clock Delay (DCD):    1.500ns = ( 6.500 - 5.000 ) 
    Source Clock Delay      (SCD):    1.659ns
    Clock Pessimism Removal (CPR):    0.115ns
  Clock Uncertainty:      0.035ns  ((TSJ^2 + TIJ^2)^1/2 + DJ) / 2 + PE
    Total System Jitter     (TSJ):    0.071ns
    Total Input Jitter      (TIJ):    0.000ns
    Discrete Jitter          (DJ):    0.000ns
    Phase Error              (PE):    0.000ns

    Location             Delay type                Incr(ns)  Path(ns)    Netlist Resource(s)
  -------------------------------------------------------------------    -------------------
                         (clock service_clk rise edge)
                                                      0.000     0.000 r  
                                                      0.000     0.000 r  clk (IN)
                         net (fo=2363, unset)         1.659     1.659    clk
    SLICE_X18Y23         FDRE                                         r  tap_first_reg_rep/C
  -------------------------------------------------------------------    -------------------
    SLICE_X18Y23         FDRE (Prop_fdre_C_Q)         0.456     2.115 r  tap_first_reg_rep/Q
                         net (fo=166, routed)         2.048     4.163    tap_first_reg_rep_n_0
    SLICE_X11Y10         LUT3 (Prop_lut3_I0_O)        0.124     4.287 r  r0_q[2][7]_i_4/O
                         net (fo=1, routed)           0.000     4.287    r0_q[2][7]_i_4_n_0
    SLICE_X11Y10         CARRY4 (Prop_carry4_S[1]_CO[3])
                                                      0.550     4.837 r  r0_q_reg[2][7]_i_1/CO[3]
                         net (fo=1, routed)           0.000     4.837    r0_q_reg[2][7]_i_1_n_0
    SLICE_X11Y11         CARRY4 (Prop_carry4_CI_CO[3])
                                                      0.114     4.951 r  r0_q_reg[2][11]_i_1/CO[3]
                         net (fo=1, routed)           0.000     4.951    r0_q_reg[2][11]_i_1_n_0
    SLICE_X11Y12         CARRY4 (Prop_carry4_CI_CO[3])
                                                      0.114     5.065 r  r0_q_reg[2][15]_i_1/CO[3]
                         net (fo=1, routed)           0.000     5.065    r0_q_reg[2][15]_i_1_n_0
    SLICE_X11Y13         CARRY4 (Prop_carry4_CI_CO[3])
                                                      0.114     5.179 r  r0_q_reg[2][19]_i_1/CO[3]
                         net (fo=1, routed)           0.000     5.179    r0_q_reg[2][19]_i_1_n_0
    SLICE_X11Y14         CARRY4 (Prop_carry4_CI_CO[3])
                                                      0.114     5.293 r  r0_q_reg[2][23]_i_1/CO[3]
                         net (fo=1, routed)           0.000     5.293    r0_q_reg[2][23]_i_1_n_0
    SLICE_X11Y15         CARRY4 (Prop_carry4_CI_CO[3])
                                                      0.114     5.407 r  r0_q_reg[2][27]_i_1/CO[3]
                         net (fo=1, routed)           0.000     5.407    r0_q_reg[2][27]_i_1_n_0
    SLICE_X11Y16         CARRY4 (Prop_carry4_CI_CO[3])
                                                      0.114     5.521 r  r0_q_reg[2][31]_i_1/CO[3]
                         net (fo=1, routed)           0.000     5.521    r0_q_reg[2][31]_i_1_n_0
    SLICE_X11Y17         CARRY4 (Prop_carry4_CI_CO[3])
                                                      0.114     5.635 r  r0_q_reg[2][35]_i_1/CO[3]
                         net (fo=1, routed)           0.000     5.635    r0_q_reg[2][35]_i_1_n_0
    SLICE_X11Y18         CARRY4 (Prop_carry4_CI_O[1])
                                                      0.334     5.969 r  r0_q_reg[2][39]_i_1/O[1]
                         net (fo=1, routed)           0.000     5.969    r0_q_reg[2][39]_i_1_n_6
    SLICE_X11Y18         FDRE                                         r  r0_q_reg[2][37]/D
  -------------------------------------------------------------------    -------------------

                         (clock service_clk rise edge)
                                                      5.000     5.000 r  
                                                      0.000     5.000 r  clk (IN)
                         net (fo=2363, unset)         1.500     6.500    clk
    SLICE_X11Y18         FDRE                                         r  r0_q_reg[2][37]/C
                         clock pessimism              0.115     6.615    
                         clock uncertainty           -0.035     6.580    
    SLICE_X11Y18         FDRE (Setup_fdre_C_D)        0.062     6.642    r0_q_reg[2][37]
  -------------------------------------------------------------------
                         required time                          6.642    
                         arrival time                          -5.969    
  -------------------------------------------------------------------
                         slack                                  0.673    

Slack (MET) :             0.694ns  (required time - arrival time)
  Source:                 tap_first_reg_rep/C
                            (rising edge-triggered cell FDRE clocked by service_clk  {rise@0.000ns fall@2.500ns period=5.000ns})
  Destination:            r0_q_reg[2][39]/D
                            (rising edge-triggered cell FDRE clocked by service_clk  {rise@0.000ns fall@2.500ns period=5.000ns})
  Path Group:             service_clk
  Path Type:              Setup (Max at Slow Process Corner)
  Requirement:            5.000ns  (service_clk rise@5.000ns - service_clk rise@0.000ns)
  Data Path Delay:        4.289ns  (logic 2.241ns (52.252%)  route 2.048ns (47.748%))
  Logic Levels:           10  (CARRY4=9 LUT3=1)
  Clock Path Skew:        -0.044ns (DCD - SCD + CPR)
    Destination Clock Delay (DCD):    1.500ns = ( 6.500 - 5.000 ) 
    Source Clock Delay      (SCD):    1.659ns
    Clock Pessimism Removal (CPR):    0.115ns
  Clock Uncertainty:      0.035ns  ((TSJ^2 + TIJ^2)^1/2 + DJ) / 2 + PE
    Total System Jitter     (TSJ):    0.071ns
    Total Input Jitter      (TIJ):    0.000ns
    Discrete Jitter          (DJ):    0.000ns
    Phase Error              (PE):    0.000ns

    Location             Delay type                Incr(ns)  Path(ns)    Netlist Resource(s)
  -------------------------------------------------------------------    -------------------
                         (clock service_clk rise edge)
                                                      0.000     0.000 r  
                                                      0.000     0.000 r  clk (IN)
                         net (fo=2363, unset)         1.659     1.659    clk
    SLICE_X18Y23         FDRE                                         r  tap_first_reg_rep/C
  -------------------------------------------------------------------    -------------------
    SLICE_X18Y23         FDRE (Prop_fdre_C_Q)         0.456     2.115 r  tap_first_reg_rep/Q
                         net (fo=166, routed)         2.048     4.163    tap_first_reg_rep_n_0
    SLICE_X11Y10         LUT3 (Prop_lut3_I0_O)        0.124     4.287 r  r0_q[2][7]_i_4/O
                         net (fo=1, routed)           0.000     4.287    r0_q[2][7]_i_4_n_0
    SLICE_X11Y10         CARRY4 (Prop_carry4_S[1]_CO[3])
                                                      0.550     4.837 r  r0_q_reg[2][7]_i_1/CO[3]
                         net (fo=1, routed)           0.000     4.837    r0_q_reg[2][7]_i_1_n_0
    SLICE_X11Y11         CARRY4 (Prop_carry4_CI_CO[3])
                                                      0.114     4.951 r  r0_q_reg[2][11]_i_1/CO[3]
                         net (fo=1, routed)           0.000     4.951    r0_q_reg[2][11]_i_1_n_0
    SLICE_X11Y12         CARRY4 (Prop_carry4_CI_CO[3])
                                                      0.114     5.065 r  r0_q_reg[2][15]_i_1/CO[3]
                         net (fo=1, routed)           0.000     5.065    r0_q_reg[2][15]_i_1_n_0
    SLICE_X11Y13         CARRY4 (Prop_carry4_CI_CO[3])
                                                      0.114     5.179 r  r0_q_reg[2][19]_i_1/CO[3]
                         net (fo=1, routed)           0.000     5.179    r0_q_reg[2][19]_i_1_n_0
    SLICE_X11Y14         CARRY4 (Prop_carry4_CI_CO[3])
                                                      0.114     5.293 r  r0_q_reg[2][23]_i_1/CO[3]
                         net (fo=1, routed)           0.000     5.293    r0_q_reg[2][23]_i_1_n_0
    SLICE_X11Y15         CARRY4 (Prop_carry4_CI_CO[3])
                                                      0.114     5.407 r  r0_q_reg[2][27]_i_1/CO[3]
                         net (fo=1, routed)           0.000     5.407    r0_q_reg[2][27]_i_1_n_0
    SLICE_X11Y16         CARRY4 (Prop_carry4_CI_CO[3])
                                                      0.114     5.521 r  r0_q_reg[2][31]_i_1/CO[3]
                         net (fo=1, routed)           0.000     5.521    r0_q_reg[2][31]_i_1_n_0
    SLICE_X11Y17         CARRY4 (Prop_carry4_CI_CO[3])
                                                      0.114     5.635 r  r0_q_reg[2][35]_i_1/CO[3]
                         net (fo=1, routed)           0.000     5.635    r0_q_reg[2][35]_i_1_n_0
    SLICE_X11Y18         CARRY4 (Prop_carry4_CI_O[3])
                                                      0.313     5.948 r  r0_q_reg[2][39]_i_1/O[3]
                         net (fo=1, routed)           0.000     5.948    r0_q_reg[2][39]_i_1_n_4
    SLICE_X11Y18         FDRE                                         r  r0_q_reg[2][39]/D
  -------------------------------------------------------------------    -------------------

                         (clock service_clk rise edge)
                                                      5.000     5.000 r  
                                                      0.000     5.000 r  clk (IN)
                         net (fo=2363, unset)         1.500     6.500    clk
    SLICE_X11Y18         FDRE                                         r  r0_q_reg[2][39]/C
                         clock pessimism              0.115     6.615    
                         clock uncertainty           -0.035     6.580    
    SLICE_X11Y18         FDRE (Setup_fdre_C_D)        0.062     6.642    r0_q_reg[2][39]
  -------------------------------------------------------------------
                         required time                          6.642    
                         arrival time                          -5.948    
  -------------------------------------------------------------------
                         slack                                  0.694    

Slack (MET) :             0.696ns  (required time - arrival time)
  Source:                 m0_reg[5]/CLK
                            (rising edge-triggered cell DSP48E1 clocked by service_clk  {rise@0.000ns fall@2.500ns period=5.000ns})
  Destination:            tap_q_reg[5][34]/D
                            (rising edge-triggered cell FDRE clocked by service_clk  {rise@0.000ns fall@2.500ns period=5.000ns})
  Path Group:             service_clk
  Path Type:              Setup (Max at Slow Process Corner)
  Requirement:            5.000ns  (service_clk rise@5.000ns - service_clk rise@0.000ns)
  Data Path Delay:        4.178ns  (logic 2.007ns (48.043%)  route 2.171ns (51.957%))
  Logic Levels:           9  (CARRY4=8 LUT3=1)
  Clock Path Skew:        -0.154ns (DCD - SCD + CPR)
    Destination Clock Delay (DCD):    1.497ns = ( 6.497 - 5.000 ) 
    Source Clock Delay      (SCD):    1.766ns
    Clock Pessimism Removal (CPR):    0.115ns
  Clock Uncertainty:      0.035ns  ((TSJ^2 + TIJ^2)^1/2 + DJ) / 2 + PE
    Total System Jitter     (TSJ):    0.071ns
    Total Input Jitter      (TIJ):    0.000ns
    Discrete Jitter          (DJ):    0.000ns
    Phase Error              (PE):    0.000ns

    Location             Delay type                Incr(ns)  Path(ns)    Netlist Resource(s)
  -------------------------------------------------------------------    -------------------
                         (clock service_clk rise edge)
                                                      0.000     0.000 r  
                                                      0.000     0.000 r  clk (IN)
                         net (fo=2363, unset)         1.766     1.766    clk
    DSP48_X0Y13          DSP48E1                                      r  m0_reg[5]/CLK
  -------------------------------------------------------------------    -------------------
    DSP48_X0Y13          DSP48E1 (Prop_dsp48e1_CLK_P[3])
                                                      0.434     2.200 f  m0_reg[5]/P[3]
                         net (fo=3, routed)           1.552     3.751    m0_reg_n_102_[5]
    SLICE_X20Y27         LUT3 (Prop_lut3_I0_O)        0.124     3.875 r  tap_q[5][7]_i_5/O
                         net (fo=1, routed)           0.619     4.494    tap_q[5][7]_i_5_n_0
    SLICE_X19Y27         CARRY4 (Prop_carry4_DI[0]_CO[3])
                                                      0.526     5.020 r  tap_q_reg[5][7]_i_1/CO[3]
                         net (fo=1, routed)           0.000     5.020    tap_q_reg[5][7]_i_1_n_0
    SLICE_X19Y28         CARRY4 (Prop_carry4_CI_CO[3])
                                                      0.114     5.134 r  tap_q_reg[5][11]_i_1/CO[3]
                         net (fo=1, routed)           0.000     5.134    tap_q_reg[5][11]_i_1_n_0
    SLICE_X19Y29         CARRY4 (Prop_carry4_CI_CO[3])
                                                      0.114     5.248 r  tap_q_reg[5][15]_i_1/CO[3]
                         net (fo=1, routed)           0.000     5.248    tap_q_reg[5][15]_i_1_n_0
    SLICE_X19Y30         CARRY4 (Prop_carry4_CI_CO[3])
                                                      0.114     5.362 r  tap_q_reg[5][19]_i_1/CO[3]
                         net (fo=1, routed)           0.000     5.362    tap_q_reg[5][19]_i_1_n_0
    SLICE_X19Y31         CARRY4 (Prop_carry4_CI_CO[3])
                                                      0.114     5.476 r  tap_q_reg[5][23]_i_1/CO[3]
                         net (fo=1, routed)           0.000     5.476    tap_q_reg[5][23]_i_1_n_0
    SLICE_X19Y32         CARRY4 (Prop_carry4_CI_CO[3])
                                                      0.114     5.590 r  tap_q_reg[5][27]_i_1/CO[3]
                         net (fo=1, routed)           0.000     5.590    tap_q_reg[5][27]_i_1_n_0
    SLICE_X19Y33         CARRY4 (Prop_carry4_CI_CO[3])
                                                      0.114     5.704 r  tap_q_reg[5][31]_i_1/CO[3]
                         net (fo=1, routed)           0.000     5.704    tap_q_reg[5][31]_i_1_n_0
    SLICE_X19Y34         CARRY4 (Prop_carry4_CI_O[2])
                                                      0.239     5.943 r  tap_q_reg[5][34]_i_1/O[2]
                         net (fo=1, routed)           0.000     5.943    p_2_out[34]
    SLICE_X19Y34         FDRE                                         r  tap_q_reg[5][34]/D
  -------------------------------------------------------------------    -------------------

                         (clock service_clk rise edge)
                                                      5.000     5.000 r  
                                                      0.000     5.000 r  clk (IN)
                         net (fo=2363, unset)         1.497     6.497    clk
    SLICE_X19Y34         FDRE                                         r  tap_q_reg[5][34]/C
                         clock pessimism              0.115     6.612    
                         clock uncertainty           -0.035     6.577    
    SLICE_X19Y34         FDRE (Setup_fdre_C_D)        0.062     6.639    tap_q_reg[5][34]
  -------------------------------------------------------------------
                         required time                          6.639    
                         arrival time                          -5.943    
  -------------------------------------------------------------------
                         slack                                  0.696    

Slack (MET) :             0.701ns  (required time - arrival time)
  Source:                 tap_first_reg/C
                            (rising edge-triggered cell FDRE clocked by service_clk  {rise@0.000ns fall@2.500ns period=5.000ns})
  Destination:            r0_q_reg[1][37]/D
                            (rising edge-triggered cell FDRE clocked by service_clk  {rise@0.000ns fall@2.500ns period=5.000ns})
  Path Group:             service_clk
  Path Type:              Setup (Max at Slow Process Corner)
  Requirement:            5.000ns  (service_clk rise@5.000ns - service_clk rise@0.000ns)
  Data Path Delay:        4.278ns  (logic 2.262ns (52.870%)  route 2.016ns (47.130%))
  Logic Levels:           10  (CARRY4=9 LUT3=1)
  Clock Path Skew:        -0.047ns (DCD - SCD + CPR)
    Destination Clock Delay (DCD):    1.492ns = ( 6.492 - 5.000 ) 
    Source Clock Delay      (SCD):    1.654ns
    Clock Pessimism Removal (CPR):    0.115ns
  Clock Uncertainty:      0.035ns  ((TSJ^2 + TIJ^2)^1/2 + DJ) / 2 + PE
    Total System Jitter     (TSJ):    0.071ns
    Total Input Jitter      (TIJ):    0.000ns
    Discrete Jitter          (DJ):    0.000ns
    Phase Error              (PE):    0.000ns

    Location             Delay type                Incr(ns)  Path(ns)    Netlist Resource(s)
  -------------------------------------------------------------------    -------------------
                         (clock service_clk rise edge)
                                                      0.000     0.000 r  
                                                      0.000     0.000 r  clk (IN)
                         net (fo=2363, unset)         1.654     1.654    clk
    SLICE_X23Y23         FDRE                                         r  tap_first_reg/C
  -------------------------------------------------------------------    -------------------
    SLICE_X23Y23         FDRE (Prop_fdre_C_Q)         0.456     2.110 r  tap_first_reg/Q
                         net (fo=167, routed)         2.016     4.126    tap_first
    SLICE_X31Y10         LUT3 (Prop_lut3_I0_O)        0.124     4.250 r  r0_q[1][7]_i_4/O
                         net (fo=1, routed)           0.000     4.250    r0_q[1][7]_i_4_n_0
    SLICE_X31Y10         CARRY4 (Prop_carry4_S[1]_CO[3])
                                                      0.550     4.800 r  r0_q_reg[1][7]_i_1/CO[3]
                         net (fo=1, routed)           0.000     4.800    r0_q_reg[1][7]_i_1_n_0
    SLICE_X31Y11         CARRY4 (Prop_carry4_CI_CO[3])
                                                      0.114     4.914 r  r0_q_reg[1][11]_i_1/CO[3]
                         net (fo=1, routed)           0.000     4.914    r0_q_reg[1][11]_i_1_n_0
    SLICE_X31Y12         CARRY4 (Prop_carry4_CI_CO[3])
                                                      0.114     5.028 r  r0_q_reg[1][15]_i_1/CO[3]
                         net (fo=1, routed)           0.000     5.028    r0_q_reg[1][15]_i_1_n_0
    SLICE_X31Y13         CARRY4 (Prop_carry4_CI_CO[3])
                                                      0.114     5.142 r  r0_q_reg[1][19]_i_1/CO[3]
                         net (fo=1, routed)           0.000     5.142    r0_q_reg[1][19]_i_1_n_0
    SLICE_X31Y14         CARRY4 (Prop_carry4_CI_CO[3])
                                                      0.114     5.256 r  r0_q_reg[1][23]_i_1/CO[3]
                         net (fo=1, routed)           0.000     5.256    r0_q_reg[1][23]_i_1_n_0
    SLICE_X31Y15         CARRY4 (Prop_carry4_CI_CO[3])
                                                      0.114     5.370 r  r0_q_reg[1][27]_i_1/CO[3]
                         net (fo=1, routed)           0.000     5.370    r0_q_reg[1][27]_i_1_n_0
    SLICE_X31Y16         CARRY4 (Prop_carry4_CI_CO[3])
                                                      0.114     5.484 r  r0_q_reg[1][31]_i_1/CO[3]
                         net (fo=1, routed)           0.000     5.484    r0_q_reg[1][31]_i_1_n_0
    SLICE_X31Y17         CARRY4 (Prop_carry4_CI_CO[3])
                                                      0.114     5.598 r  r0_q_reg[1][35]_i_1/CO[3]
                         net (fo=1, routed)           0.000     5.598    r0_q_reg[1][35]_i_1_n_0
    SLICE_X31Y18         CARRY4 (Prop_carry4_CI_O[1])
                                                      0.334     5.932 r  r0_q_reg[1][39]_i_1/O[1]
                         net (fo=1, routed)           0.000     5.932    r0_q_reg[1][39]_i_1_n_6
    SLICE_X31Y18         FDRE                                         r  r0_q_reg[1][37]/D
  -------------------------------------------------------------------    -------------------

                         (clock service_clk rise edge)
                                                      5.000     5.000 r  
                                                      0.000     5.000 r  clk (IN)
                         net (fo=2363, unset)         1.492     6.492    clk
    SLICE_X31Y18         FDRE                                         r  r0_q_reg[1][37]/C
                         clock pessimism              0.115     6.607    
                         clock uncertainty           -0.035     6.572    
    SLICE_X31Y18         FDRE (Setup_fdre_C_D)        0.062     6.634    r0_q_reg[1][37]
  -------------------------------------------------------------------
                         required time                          6.634    
                         arrival time                          -5.932    
  -------------------------------------------------------------------
                         slack                                  0.701    

Slack (MET) :             0.712ns  (required time - arrival time)
  Source:                 m0_reg[5]/CLK
                            (rising edge-triggered cell DSP48E1 clocked by service_clk  {rise@0.000ns fall@2.500ns period=5.000ns})
  Destination:            tap_q_reg[5][32]/D
                            (rising edge-triggered cell FDRE clocked by service_clk  {rise@0.000ns fall@2.500ns period=5.000ns})
  Path Group:             service_clk
  Path Type:              Setup (Max at Slow Process Corner)
  Requirement:            5.000ns  (service_clk rise@5.000ns - service_clk rise@0.000ns)
  Data Path Delay:        4.162ns  (logic 1.991ns (47.843%)  route 2.171ns (52.157%))
  Logic Levels:           9  (CARRY4=8 LUT3=1)
  Clock Path Skew:        -0.154ns (DCD - SCD + CPR)
    Destination Clock Delay (DCD):    1.497ns = ( 6.497 - 5.000 ) 
    Source Clock Delay      (SCD):    1.766ns
    Clock Pessimism Removal (CPR):    0.115ns
  Clock Uncertainty:      0.035ns  ((TSJ^2 + TIJ^2)^1/2 + DJ) / 2 + PE
    Total System Jitter     (TSJ):    0.071ns
    Total Input Jitter      (TIJ):    0.000ns
    Discrete Jitter          (DJ):    0.000ns
    Phase Error              (PE):    0.000ns

    Location             Delay type                Incr(ns)  Path(ns)    Netlist Resource(s)
  -------------------------------------------------------------------    -------------------
                         (clock service_clk rise edge)
                                                      0.000     0.000 r  
                                                      0.000     0.000 r  clk (IN)
                         net (fo=2363, unset)         1.766     1.766    clk
    DSP48_X0Y13          DSP48E1                                      r  m0_reg[5]/CLK
  -------------------------------------------------------------------    -------------------
    DSP48_X0Y13          DSP48E1 (Prop_dsp48e1_CLK_P[3])
                                                      0.434     2.200 f  m0_reg[5]/P[3]
                         net (fo=3, routed)           1.552     3.751    m0_reg_n_102_[5]
    SLICE_X20Y27         LUT3 (Prop_lut3_I0_O)        0.124     3.875 r  tap_q[5][7]_i_5/O
                         net (fo=1, routed)           0.619     4.494    tap_q[5][7]_i_5_n_0
    SLICE_X19Y27         CARRY4 (Prop_carry4_DI[0]_CO[3])
                                                      0.526     5.020 r  tap_q_reg[5][7]_i_1/CO[3]
                         net (fo=1, routed)           0.000     5.020    tap_q_reg[5][7]_i_1_n_0
    SLICE_X19Y28         CARRY4 (Prop_carry4_CI_CO[3])
                                                      0.114     5.134 r  tap_q_reg[5][11]_i_1/CO[3]
                         net (fo=1, routed)           0.000     5.134    tap_q_reg[5][11]_i_1_n_0
    SLICE_X19Y29         CARRY4 (Prop_carry4_CI_CO[3])
                                                      0.114     5.248 r  tap_q_reg[5][15]_i_1/CO[3]
                         net (fo=1, routed)           0.000     5.248    tap_q_reg[5][15]_i_1_n_0
    SLICE_X19Y30         CARRY4 (Prop_carry4_CI_CO[3])
                                                      0.114     5.362 r  tap_q_reg[5][19]_i_1/CO[3]
                         net (fo=1, routed)           0.000     5.362    tap_q_reg[5][19]_i_1_n_0
    SLICE_X19Y31         CARRY4 (Prop_carry4_CI_CO[3])
                                                      0.114     5.476 r  tap_q_reg[5][23]_i_1/CO[3]
                         net (fo=1, routed)           0.000     5.476    tap_q_reg[5][23]_i_1_n_0
    SLICE_X19Y32         CARRY4 (Prop_carry4_CI_CO[3])
                                                      0.114     5.590 r  tap_q_reg[5][27]_i_1/CO[3]
                         net (fo=1, routed)           0.000     5.590    tap_q_reg[5][27]_i_1_n_0
    SLICE_X19Y33         CARRY4 (Prop_carry4_CI_CO[3])
                                                      0.114     5.704 r  tap_q_reg[5][31]_i_1/CO[3]
                         net (fo=1, routed)           0.000     5.704    tap_q_reg[5][31]_i_1_n_0
    SLICE_X19Y34         CARRY4 (Prop_carry4_CI_O[0])
                                                      0.223     5.927 r  tap_q_reg[5][34]_i_1/O[0]
                         net (fo=1, routed)           0.000     5.927    p_2_out[32]
    SLICE_X19Y34         FDRE                                         r  tap_q_reg[5][32]/D
  -------------------------------------------------------------------    -------------------

                         (clock service_clk rise edge)
                                                      5.000     5.000 r  
                                                      0.000     5.000 r  clk (IN)
                         net (fo=2363, unset)         1.497     6.497    clk
    SLICE_X19Y34         FDRE                                         r  tap_q_reg[5][32]/C
                         clock pessimism              0.115     6.612    
                         clock uncertainty           -0.035     6.577    
    SLICE_X19Y34         FDRE (Setup_fdre_C_D)        0.062     6.639    tap_q_reg[5][32]
  -------------------------------------------------------------------
                         required time                          6.639    
                         arrival time                          -5.927    
  -------------------------------------------------------------------
                         slack                                  0.712    

Slack (MET) :             0.714ns  (required time - arrival time)
  Source:                 m0_reg[5]/CLK
                            (rising edge-triggered cell DSP48E1 clocked by service_clk  {rise@0.000ns fall@2.500ns period=5.000ns})
  Destination:            tap_q_reg[5][29]/D
                            (rising edge-triggered cell FDRE clocked by service_clk  {rise@0.000ns fall@2.500ns period=5.000ns})
  Path Group:             service_clk
  Path Type:              Setup (Max at Slow Process Corner)
  Requirement:            5.000ns  (service_clk rise@5.000ns - service_clk rise@0.000ns)
  Data Path Delay:        4.159ns  (logic 1.988ns (47.805%)  route 2.171ns (52.195%))
  Logic Levels:           8  (CARRY4=7 LUT3=1)
  Clock Path Skew:        -0.155ns (DCD - SCD + CPR)
    Destination Clock Delay (DCD):    1.496ns = ( 6.496 - 5.000 ) 
    Source Clock Delay      (SCD):    1.766ns
    Clock Pessimism Removal (CPR):    0.115ns
  Clock Uncertainty:      0.035ns  ((TSJ^2 + TIJ^2)^1/2 + DJ) / 2 + PE
    Total System Jitter     (TSJ):    0.071ns
    Total Input Jitter      (TIJ):    0.000ns
    Discrete Jitter          (DJ):    0.000ns
    Phase Error              (PE):    0.000ns

    Location             Delay type                Incr(ns)  Path(ns)    Netlist Resource(s)
  -------------------------------------------------------------------    -------------------
                         (clock service_clk rise edge)
                                                      0.000     0.000 r  
                                                      0.000     0.000 r  clk (IN)
                         net (fo=2363, unset)         1.766     1.766    clk
    DSP48_X0Y13          DSP48E1                                      r  m0_reg[5]/CLK
  -------------------------------------------------------------------    -------------------
    DSP48_X0Y13          DSP48E1 (Prop_dsp48e1_CLK_P[3])
                                                      0.434     2.200 f  m0_reg[5]/P[3]
                         net (fo=3, routed)           1.552     3.751    m0_reg_n_102_[5]
    SLICE_X20Y27         LUT3 (Prop_lut3_I0_O)        0.124     3.875 r  tap_q[5][7]_i_5/O
                         net (fo=1, routed)           0.619     4.494    tap_q[5][7]_i_5_n_0
    SLICE_X19Y27         CARRY4 (Prop_carry4_DI[0]_CO[3])
                                                      0.526     5.020 r  tap_q_reg[5][7]_i_1/CO[3]
                         net (fo=1, routed)           0.000     5.020    tap_q_reg[5][7]_i_1_n_0
    SLICE_X19Y28         CARRY4 (Prop_carry4_CI_CO[3])
                                                      0.114     5.134 r  tap_q_reg[5][11]_i_1/CO[3]
                         net (fo=1, routed)           0.000     5.134    tap_q_reg[5][11]_i_1_n_0
    SLICE_X19Y29         CARRY4 (Prop_carry4_CI_CO[3])
                                                      0.114     5.248 r  tap_q_reg[5][15]_i_1/CO[3]
                         net (fo=1, routed)           0.000     5.248    tap_q_reg[5][15]_i_1_n_0
    SLICE_X19Y30         CARRY4 (Prop_carry4_CI_CO[3])
                                                      0.114     5.362 r  tap_q_reg[5][19]_i_1/CO[3]
                         net (fo=1, routed)           0.000     5.362    tap_q_reg[5][19]_i_1_n_0
    SLICE_X19Y31         CARRY4 (Prop_carry4_CI_CO[3])
                                                      0.114     5.476 r  tap_q_reg[5][23]_i_1/CO[3]
                         net (fo=1, routed)           0.000     5.476    tap_q_reg[5][23]_i_1_n_0
    SLICE_X19Y32         CARRY4 (Prop_carry4_CI_CO[3])
                                                      0.114     5.590 r  tap_q_reg[5][27]_i_1/CO[3]
                         net (fo=1, routed)           0.000     5.590    tap_q_reg[5][27]_i_1_n_0
    SLICE_X19Y33         CARRY4 (Prop_carry4_CI_O[1])
                                                      0.334     5.924 r  tap_q_reg[5][31]_i_1/O[1]
                         net (fo=1, routed)           0.000     5.924    p_2_out[29]
    SLICE_X19Y33         FDRE                                         r  tap_q_reg[5][29]/D
  -------------------------------------------------------------------    -------------------

                         (clock service_clk rise edge)
                                                      5.000     5.000 r  
                                                      0.000     5.000 r  clk (IN)
                         net (fo=2363, unset)         1.496     6.496    clk
    SLICE_X19Y33         FDRE                                         r  tap_q_reg[5][29]/C
                         clock pessimism              0.115     6.611    
                         clock uncertainty           -0.035     6.576    
    SLICE_X19Y33         FDRE (Setup_fdre_C_D)        0.062     6.638    tap_q_reg[5][29]
  -------------------------------------------------------------------
                         required time                          6.638    
                         arrival time                          -5.924    
  -------------------------------------------------------------------
                         slack                                  0.714    

Slack (MET) :             0.722ns  (required time - arrival time)
  Source:                 tap_first_reg/C
                            (rising edge-triggered cell FDRE clocked by service_clk  {rise@0.000ns fall@2.500ns period=5.000ns})
  Destination:            r0_q_reg[1][39]/D
                            (rising edge-triggered cell FDRE clocked by service_clk  {rise@0.000ns fall@2.500ns period=5.000ns})
  Path Group:             service_clk
  Path Type:              Setup (Max at Slow Process Corner)
  Requirement:            5.000ns  (service_clk rise@5.000ns - service_clk rise@0.000ns)
  Data Path Delay:        4.257ns  (logic 2.241ns (52.637%)  route 2.016ns (47.363%))
  Logic Levels:           10  (CARRY4=9 LUT3=1)
  Clock Path Skew:        -0.047ns (DCD - SCD + CPR)
    Destination Clock Delay (DCD):    1.492ns = ( 6.492 - 5.000 ) 
    Source Clock Delay      (SCD):    1.654ns
    Clock Pessimism Removal (CPR):    0.115ns
  Clock Uncertainty:      0.035ns  ((TSJ^2 + TIJ^2)^1/2 + DJ) / 2 + PE
    Total System Jitter     (TSJ):    0.071ns
    Total Input Jitter      (TIJ):    0.000ns
    Discrete Jitter          (DJ):    0.000ns
    Phase Error              (PE):    0.000ns

    Location             Delay type                Incr(ns)  Path(ns)    Netlist Resource(s)
  -------------------------------------------------------------------    -------------------
                         (clock service_clk rise edge)
                                                      0.000     0.000 r  
                                                      0.000     0.000 r  clk (IN)
                         net (fo=2363, unset)         1.654     1.654    clk
    SLICE_X23Y23         FDRE                                         r  tap_first_reg/C
  -------------------------------------------------------------------    -------------------
    SLICE_X23Y23         FDRE (Prop_fdre_C_Q)         0.456     2.110 r  tap_first_reg/Q
                         net (fo=167, routed)         2.016     4.126    tap_first
    SLICE_X31Y10         LUT3 (Prop_lut3_I0_O)        0.124     4.250 r  r0_q[1][7]_i_4/O
                         net (fo=1, routed)           0.000     4.250    r0_q[1][7]_i_4_n_0
    SLICE_X31Y10         CARRY4 (Prop_carry4_S[1]_CO[3])
                                                      0.550     4.800 r  r0_q_reg[1][7]_i_1/CO[3]
                         net (fo=1, routed)           0.000     4.800    r0_q_reg[1][7]_i_1_n_0
    SLICE_X31Y11         CARRY4 (Prop_carry4_CI_CO[3])
                                                      0.114     4.914 r  r0_q_reg[1][11]_i_1/CO[3]
                         net (fo=1, routed)           0.000     4.914    r0_q_reg[1][11]_i_1_n_0
    SLICE_X31Y12         CARRY4 (Prop_carry4_CI_CO[3])
                                                      0.114     5.028 r  r0_q_reg[1][15]_i_1/CO[3]
                         net (fo=1, routed)           0.000     5.028    r0_q_reg[1][15]_i_1_n_0
    SLICE_X31Y13         CARRY4 (Prop_carry4_CI_CO[3])
                                                      0.114     5.142 r  r0_q_reg[1][19]_i_1/CO[3]
                         net (fo=1, routed)           0.000     5.142    r0_q_reg[1][19]_i_1_n_0
    SLICE_X31Y14         CARRY4 (Prop_carry4_CI_CO[3])
                                                      0.114     5.256 r  r0_q_reg[1][23]_i_1/CO[3]
                         net (fo=1, routed)           0.000     5.256    r0_q_reg[1][23]_i_1_n_0
    SLICE_X31Y15         CARRY4 (Prop_carry4_CI_CO[3])
                                                      0.114     5.370 r  r0_q_reg[1][27]_i_1/CO[3]
                         net (fo=1, routed)           0.000     5.370    r0_q_reg[1][27]_i_1_n_0
    SLICE_X31Y16         CARRY4 (Prop_carry4_CI_CO[3])
                                                      0.114     5.484 r  r0_q_reg[1][31]_i_1/CO[3]
                         net (fo=1, routed)           0.000     5.484    r0_q_reg[1][31]_i_1_n_0
    SLICE_X31Y17         CARRY4 (Prop_carry4_CI_CO[3])
                                                      0.114     5.598 r  r0_q_reg[1][35]_i_1/CO[3]
                         net (fo=1, routed)           0.000     5.598    r0_q_reg[1][35]_i_1_n_0
    SLICE_X31Y18         CARRY4 (Prop_carry4_CI_O[3])
                                                      0.313     5.911 r  r0_q_reg[1][39]_i_1/O[3]
                         net (fo=1, routed)           0.000     5.911    r0_q_reg[1][39]_i_1_n_4
    SLICE_X31Y18         FDRE                                         r  r0_q_reg[1][39]/D
  -------------------------------------------------------------------    -------------------

                         (clock service_clk rise edge)
                                                      5.000     5.000 r  
                                                      0.000     5.000 r  clk (IN)
                         net (fo=2363, unset)         1.492     6.492    clk
    SLICE_X31Y18         FDRE                                         r  r0_q_reg[1][39]/C
                         clock pessimism              0.115     6.607    
                         clock uncertainty           -0.035     6.572    
    SLICE_X31Y18         FDRE (Setup_fdre_C_D)        0.062     6.634    r0_q_reg[1][39]
  -------------------------------------------------------------------
                         required time                          6.634    
                         arrival time                          -5.911    
  -------------------------------------------------------------------
                         slack                                  0.722    

Slack (MET) :             0.735ns  (required time - arrival time)
  Source:                 m0_reg[5]/CLK
                            (rising edge-triggered cell DSP48E1 clocked by service_clk  {rise@0.000ns fall@2.500ns period=5.000ns})
  Destination:            tap_q_reg[5][31]/D
                            (rising edge-triggered cell FDRE clocked by service_clk  {rise@0.000ns fall@2.500ns period=5.000ns})
  Path Group:             service_clk
  Path Type:              Setup (Max at Slow Process Corner)
  Requirement:            5.000ns  (service_clk rise@5.000ns - service_clk rise@0.000ns)
  Data Path Delay:        4.138ns  (logic 1.967ns (47.540%)  route 2.171ns (52.460%))
  Logic Levels:           8  (CARRY4=7 LUT3=1)
  Clock Path Skew:        -0.155ns (DCD - SCD + CPR)
    Destination Clock Delay (DCD):    1.496ns = ( 6.496 - 5.000 ) 
    Source Clock Delay      (SCD):    1.766ns
    Clock Pessimism Removal (CPR):    0.115ns
  Clock Uncertainty:      0.035ns  ((TSJ^2 + TIJ^2)^1/2 + DJ) / 2 + PE
    Total System Jitter     (TSJ):    0.071ns
    Total Input Jitter      (TIJ):    0.000ns
    Discrete Jitter          (DJ):    0.000ns
    Phase Error              (PE):    0.000ns

    Location             Delay type                Incr(ns)  Path(ns)    Netlist Resource(s)
  -------------------------------------------------------------------    -------------------
                         (clock service_clk rise edge)
                                                      0.000     0.000 r  
                                                      0.000     0.000 r  clk (IN)
                         net (fo=2363, unset)         1.766     1.766    clk
    DSP48_X0Y13          DSP48E1                                      r  m0_reg[5]/CLK
  -------------------------------------------------------------------    -------------------
    DSP48_X0Y13          DSP48E1 (Prop_dsp48e1_CLK_P[3])
                                                      0.434     2.200 f  m0_reg[5]/P[3]
                         net (fo=3, routed)           1.552     3.751    m0_reg_n_102_[5]
    SLICE_X20Y27         LUT3 (Prop_lut3_I0_O)        0.124     3.875 r  tap_q[5][7]_i_5/O
                         net (fo=1, routed)           0.619     4.494    tap_q[5][7]_i_5_n_0
    SLICE_X19Y27         CARRY4 (Prop_carry4_DI[0]_CO[3])
                                                      0.526     5.020 r  tap_q_reg[5][7]_i_1/CO[3]
                         net (fo=1, routed)           0.000     5.020    tap_q_reg[5][7]_i_1_n_0
    SLICE_X19Y28         CARRY4 (Prop_carry4_CI_CO[3])
                                                      0.114     5.134 r  tap_q_reg[5][11]_i_1/CO[3]
                         net (fo=1, routed)           0.000     5.134    tap_q_reg[5][11]_i_1_n_0
    SLICE_X19Y29         CARRY4 (Prop_carry4_CI_CO[3])
                                                      0.114     5.248 r  tap_q_reg[5][15]_i_1/CO[3]
                         net (fo=1, routed)           0.000     5.248    tap_q_reg[5][15]_i_1_n_0
    SLICE_X19Y30         CARRY4 (Prop_carry4_CI_CO[3])
                                                      0.114     5.362 r  tap_q_reg[5][19]_i_1/CO[3]
                         net (fo=1, routed)           0.000     5.362    tap_q_reg[5][19]_i_1_n_0
    SLICE_X19Y31         CARRY4 (Prop_carry4_CI_CO[3])
                                                      0.114     5.476 r  tap_q_reg[5][23]_i_1/CO[3]
                         net (fo=1, routed)           0.000     5.476    tap_q_reg[5][23]_i_1_n_0
    SLICE_X19Y32         CARRY4 (Prop_carry4_CI_CO[3])
                                                      0.114     5.590 r  tap_q_reg[5][27]_i_1/CO[3]
                         net (fo=1, routed)           0.000     5.590    tap_q_reg[5][27]_i_1_n_0
    SLICE_X19Y33         CARRY4 (Prop_carry4_CI_O[3])
                                                      0.313     5.903 r  tap_q_reg[5][31]_i_1/O[3]
                         net (fo=1, routed)           0.000     5.903    p_2_out[31]
    SLICE_X19Y33         FDRE                                         r  tap_q_reg[5][31]/D
  -------------------------------------------------------------------    -------------------

                         (clock service_clk rise edge)
                                                      5.000     5.000 r  
                                                      0.000     5.000 r  clk (IN)
                         net (fo=2363, unset)         1.496     6.496    clk
    SLICE_X19Y33         FDRE                                         r  tap_q_reg[5][31]/C
                         clock pessimism              0.115     6.611    
                         clock uncertainty           -0.035     6.576    
    SLICE_X19Y33         FDRE (Setup_fdre_C_D)        0.062     6.638    tap_q_reg[5][31]
  -------------------------------------------------------------------
                         required time                          6.638    
                         arrival time                          -5.903    
  -------------------------------------------------------------------
                         slack                                  0.735    





Min Delay Paths
--------------------------------------------------------------------------------------
Slack (VIOLATED) :        -0.713ns  (arrival time - required time)
  Source:                 input_timestamp[50]
                            (input port clocked by service_clk  {rise@0.000ns fall@2.500ns period=5.000ns})
  Destination:            op_tag_reg[50]/D
                            (rising edge-triggered cell FDRE clocked by service_clk  {rise@0.000ns fall@2.500ns period=5.000ns})
  Path Group:             service_clk
  Path Type:              Hold (Min at Slow Process Corner)
  Requirement:            0.000ns  (service_clk rise@0.000ns - service_clk rise@0.000ns)
  Data Path Delay:        0.924ns  (logic 0.000ns (0.000%)  route 0.924ns (100.000%))
  Logic Levels:           0  
  Input Delay:            0.500ns
  Clock Path Skew:        1.684ns (DCD - SCD - CPR)
    Destination Clock Delay (DCD):    1.684ns
    Source Clock Delay      (SCD):    0.000ns
    Clock Pessimism Removal (CPR):    -0.000ns
  Clock Uncertainty:      0.035ns  ((TSJ^2 + TIJ^2)^1/2 + DJ) / 2 + PE
    Total System Jitter     (TSJ):    0.071ns
    Total Input Jitter      (TIJ):    0.000ns
    Discrete Jitter          (DJ):    0.000ns
    Phase Error              (PE):    0.000ns

    Location             Delay type                Incr(ns)  Path(ns)    Netlist Resource(s)
  -------------------------------------------------------------------    -------------------
                         (clock service_clk rise edge)
                                                      0.000     0.000 r  
                         input delay                  0.500     0.500    
                                                      0.000     0.500 r  input_timestamp[50] (IN)
                         net (fo=0)                   0.924     1.424    input_timestamp[50]
    SLICE_X10Y46         FDRE                                         r  op_tag_reg[50]/D
  -------------------------------------------------------------------    -------------------

                         (clock service_clk rise edge)
                                                      0.000     0.000 r  
                                                      0.000     0.000 r  clk (IN)
                         net (fo=2363, unset)         1.684     1.684    clk
    SLICE_X10Y46         FDRE                                         r  op_tag_reg[50]/C
                         clock pessimism              0.000     1.684    
                         clock uncertainty            0.035     1.719    
    SLICE_X10Y46         FDRE (Hold_fdre_C_D)         0.418     2.137    op_tag_reg[50]
  -------------------------------------------------------------------
                         required time                         -2.137    
                         arrival time                           1.424    
  -------------------------------------------------------------------
                         slack                                 -0.713    

Slack (VIOLATED) :        -0.713ns  (arrival time - required time)
  Source:                 input_timestamp[52]
                            (input port clocked by service_clk  {rise@0.000ns fall@2.500ns period=5.000ns})
  Destination:            op_tag_reg[52]/D
                            (rising edge-triggered cell FDRE clocked by service_clk  {rise@0.000ns fall@2.500ns period=5.000ns})
  Path Group:             service_clk
  Path Type:              Hold (Min at Slow Process Corner)
  Requirement:            0.000ns  (service_clk rise@0.000ns - service_clk rise@0.000ns)
  Data Path Delay:        0.924ns  (logic 0.000ns (0.000%)  route 0.924ns (100.000%))
  Logic Levels:           0  
  Input Delay:            0.500ns
  Clock Path Skew:        1.684ns (DCD - SCD - CPR)
    Destination Clock Delay (DCD):    1.684ns
    Source Clock Delay      (SCD):    0.000ns
    Clock Pessimism Removal (CPR):    -0.000ns
  Clock Uncertainty:      0.035ns  ((TSJ^2 + TIJ^2)^1/2 + DJ) / 2 + PE
    Total System Jitter     (TSJ):    0.071ns
    Total Input Jitter      (TIJ):    0.000ns
    Discrete Jitter          (DJ):    0.000ns
    Phase Error              (PE):    0.000ns

    Location             Delay type                Incr(ns)  Path(ns)    Netlist Resource(s)
  -------------------------------------------------------------------    -------------------
                         (clock service_clk rise edge)
                                                      0.000     0.000 r  
                         input delay                  0.500     0.500    
                                                      0.000     0.500 r  input_timestamp[52] (IN)
                         net (fo=0)                   0.924     1.424    input_timestamp[52]
    SLICE_X10Y46         FDRE                                         r  op_tag_reg[52]/D
  -------------------------------------------------------------------    -------------------

                         (clock service_clk rise edge)
                                                      0.000     0.000 r  
                                                      0.000     0.000 r  clk (IN)
                         net (fo=2363, unset)         1.684     1.684    clk
    SLICE_X10Y46         FDRE                                         r  op_tag_reg[52]/C
                         clock pessimism              0.000     1.684    
                         clock uncertainty            0.035     1.719    
    SLICE_X10Y46         FDRE (Hold_fdre_C_D)         0.418     2.137    op_tag_reg[52]
  -------------------------------------------------------------------
                         required time                         -2.137    
                         arrival time                           1.424    
  -------------------------------------------------------------------
                         slack                                 -0.713    

Slack (VIOLATED) :        -0.707ns  (arrival time - required time)
  Source:                 input_timestamp[30]
                            (input port clocked by service_clk  {rise@0.000ns fall@2.500ns period=5.000ns})
  Destination:            op_tag_reg[30]/D
                            (rising edge-triggered cell FDRE clocked by service_clk  {rise@0.000ns fall@2.500ns period=5.000ns})
  Path Group:             service_clk
  Path Type:              Hold (Min at Slow Process Corner)
  Requirement:            0.000ns  (service_clk rise@0.000ns - service_clk rise@0.000ns)
  Data Path Delay:        0.924ns  (logic 0.000ns (0.000%)  route 0.924ns (100.000%))
  Logic Levels:           0  
  Input Delay:            0.500ns
  Clock Path Skew:        1.678ns (DCD - SCD - CPR)
    Destination Clock Delay (DCD):    1.678ns
    Source Clock Delay      (SCD):    0.000ns
    Clock Pessimism Removal (CPR):    -0.000ns
  Clock Uncertainty:      0.035ns  ((TSJ^2 + TIJ^2)^1/2 + DJ) / 2 + PE
    Total System Jitter     (TSJ):    0.071ns
    Total Input Jitter      (TIJ):    0.000ns
    Discrete Jitter          (DJ):    0.000ns
    Phase Error              (PE):    0.000ns

    Location             Delay type                Incr(ns)  Path(ns)    Netlist Resource(s)
  -------------------------------------------------------------------    -------------------
                         (clock service_clk rise edge)
                                                      0.000     0.000 r  
                         input delay                  0.500     0.500    
                                                      0.000     0.500 r  input_timestamp[30] (IN)
                         net (fo=0)                   0.924     1.424    input_timestamp[30]
    SLICE_X16Y48         FDRE                                         r  op_tag_reg[30]/D
  -------------------------------------------------------------------    -------------------

                         (clock service_clk rise edge)
                                                      0.000     0.000 r  
                                                      0.000     0.000 r  clk (IN)
                         net (fo=2363, unset)         1.678     1.678    clk
    SLICE_X16Y48         FDRE                                         r  op_tag_reg[30]/C
                         clock pessimism              0.000     1.678    
                         clock uncertainty            0.035     1.713    
    SLICE_X16Y48         FDRE (Hold_fdre_C_D)         0.418     2.131    op_tag_reg[30]
  -------------------------------------------------------------------
                         required time                         -2.131    
                         arrival time                           1.424    
  -------------------------------------------------------------------
                         slack                                 -0.707    

Slack (VIOLATED) :        -0.705ns  (arrival time - required time)
  Source:                 input_timestamp[34]
                            (input port clocked by service_clk  {rise@0.000ns fall@2.500ns period=5.000ns})
  Destination:            op_tag_reg[34]/D
                            (rising edge-triggered cell FDRE clocked by service_clk  {rise@0.000ns fall@2.500ns period=5.000ns})
  Path Group:             service_clk
  Path Type:              Hold (Min at Slow Process Corner)
  Requirement:            0.000ns  (service_clk rise@0.000ns - service_clk rise@0.000ns)
  Data Path Delay:        0.924ns  (logic 0.000ns (0.000%)  route 0.924ns (100.000%))
  Logic Levels:           0  
  Input Delay:            0.500ns
  Clock Path Skew:        1.676ns (DCD - SCD - CPR)
    Destination Clock Delay (DCD):    1.676ns
    Source Clock Delay      (SCD):    0.000ns
    Clock Pessimism Removal (CPR):    -0.000ns
  Clock Uncertainty:      0.035ns  ((TSJ^2 + TIJ^2)^1/2 + DJ) / 2 + PE
    Total System Jitter     (TSJ):    0.071ns
    Total Input Jitter      (TIJ):    0.000ns
    Discrete Jitter          (DJ):    0.000ns
    Phase Error              (PE):    0.000ns

    Location             Delay type                Incr(ns)  Path(ns)    Netlist Resource(s)
  -------------------------------------------------------------------    -------------------
                         (clock service_clk rise edge)
                                                      0.000     0.000 r  
                         input delay                  0.500     0.500    
                                                      0.000     0.500 r  input_timestamp[34] (IN)
                         net (fo=0)                   0.924     1.424    input_timestamp[34]
    SLICE_X30Y41         FDRE                                         r  op_tag_reg[34]/D
  -------------------------------------------------------------------    -------------------

                         (clock service_clk rise edge)
                                                      0.000     0.000 r  
                                                      0.000     0.000 r  clk (IN)
                         net (fo=2363, unset)         1.676     1.676    clk
    SLICE_X30Y41         FDRE                                         r  op_tag_reg[34]/C
                         clock pessimism              0.000     1.676    
                         clock uncertainty            0.035     1.711    
    SLICE_X30Y41         FDRE (Hold_fdre_C_D)         0.418     2.129    op_tag_reg[34]
  -------------------------------------------------------------------
                         required time                         -2.129    
                         arrival time                           1.424    
  -------------------------------------------------------------------
                         slack                                 -0.705    

Slack (VIOLATED) :        -0.705ns  (arrival time - required time)
  Source:                 input_timestamp[35]
                            (input port clocked by service_clk  {rise@0.000ns fall@2.500ns period=5.000ns})
  Destination:            op_tag_reg[35]/D
                            (rising edge-triggered cell FDRE clocked by service_clk  {rise@0.000ns fall@2.500ns period=5.000ns})
  Path Group:             service_clk
  Path Type:              Hold (Min at Slow Process Corner)
  Requirement:            0.000ns  (service_clk rise@0.000ns - service_clk rise@0.000ns)
  Data Path Delay:        0.924ns  (logic 0.000ns (0.000%)  route 0.924ns (100.000%))
  Logic Levels:           0  
  Input Delay:            0.500ns
  Clock Path Skew:        1.676ns (DCD - SCD - CPR)
    Destination Clock Delay (DCD):    1.676ns
    Source Clock Delay      (SCD):    0.000ns
    Clock Pessimism Removal (CPR):    -0.000ns
  Clock Uncertainty:      0.035ns  ((TSJ^2 + TIJ^2)^1/2 + DJ) / 2 + PE
    Total System Jitter     (TSJ):    0.071ns
    Total Input Jitter      (TIJ):    0.000ns
    Discrete Jitter          (DJ):    0.000ns
    Phase Error              (PE):    0.000ns

    Location             Delay type                Incr(ns)  Path(ns)    Netlist Resource(s)
  -------------------------------------------------------------------    -------------------
                         (clock service_clk rise edge)
                                                      0.000     0.000 r  
                         input delay                  0.500     0.500    
                                                      0.000     0.500 r  input_timestamp[35] (IN)
                         net (fo=0)                   0.924     1.424    input_timestamp[35]
    SLICE_X30Y41         FDRE                                         r  op_tag_reg[35]/D
  -------------------------------------------------------------------    -------------------

                         (clock service_clk rise edge)
                                                      0.000     0.000 r  
                                                      0.000     0.000 r  clk (IN)
                         net (fo=2363, unset)         1.676     1.676    clk
    SLICE_X30Y41         FDRE                                         r  op_tag_reg[35]/C
                         clock pessimism              0.000     1.676    
                         clock uncertainty            0.035     1.711    
    SLICE_X30Y41         FDRE (Hold_fdre_C_D)         0.418     2.129    op_tag_reg[35]
  -------------------------------------------------------------------
                         required time                         -2.129    
                         arrival time                           1.424    
  -------------------------------------------------------------------
                         slack                                 -0.705    

Slack (VIOLATED) :        -0.705ns  (arrival time - required time)
  Source:                 input_timestamp[36]
                            (input port clocked by service_clk  {rise@0.000ns fall@2.500ns period=5.000ns})
  Destination:            op_tag_reg[36]/D
                            (rising edge-triggered cell FDRE clocked by service_clk  {rise@0.000ns fall@2.500ns period=5.000ns})
  Path Group:             service_clk
  Path Type:              Hold (Min at Slow Process Corner)
  Requirement:            0.000ns  (service_clk rise@0.000ns - service_clk rise@0.000ns)
  Data Path Delay:        0.924ns  (logic 0.000ns (0.000%)  route 0.924ns (100.000%))
  Logic Levels:           0  
  Input Delay:            0.500ns
  Clock Path Skew:        1.676ns (DCD - SCD - CPR)
    Destination Clock Delay (DCD):    1.676ns
    Source Clock Delay      (SCD):    0.000ns
    Clock Pessimism Removal (CPR):    -0.000ns
  Clock Uncertainty:      0.035ns  ((TSJ^2 + TIJ^2)^1/2 + DJ) / 2 + PE
    Total System Jitter     (TSJ):    0.071ns
    Total Input Jitter      (TIJ):    0.000ns
    Discrete Jitter          (DJ):    0.000ns
    Phase Error              (PE):    0.000ns

    Location             Delay type                Incr(ns)  Path(ns)    Netlist Resource(s)
  -------------------------------------------------------------------    -------------------
                         (clock service_clk rise edge)
                                                      0.000     0.000 r  
                         input delay                  0.500     0.500    
                                                      0.000     0.500 r  input_timestamp[36] (IN)
                         net (fo=0)                   0.924     1.424    input_timestamp[36]
    SLICE_X30Y41         FDRE                                         r  op_tag_reg[36]/D
  -------------------------------------------------------------------    -------------------

                         (clock service_clk rise edge)
                                                      0.000     0.000 r  
                                                      0.000     0.000 r  clk (IN)
                         net (fo=2363, unset)         1.676     1.676    clk
    SLICE_X30Y41         FDRE                                         r  op_tag_reg[36]/C
                         clock pessimism              0.000     1.676    
                         clock uncertainty            0.035     1.711    
    SLICE_X30Y41         FDRE (Hold_fdre_C_D)         0.418     2.129    op_tag_reg[36]
  -------------------------------------------------------------------
                         required time                         -2.129    
                         arrival time                           1.424    
  -------------------------------------------------------------------
                         slack                                 -0.705    

Slack (VIOLATED) :        -0.705ns  (arrival time - required time)
  Source:                 input_timestamp[37]
                            (input port clocked by service_clk  {rise@0.000ns fall@2.500ns period=5.000ns})
  Destination:            op_tag_reg[37]/D
                            (rising edge-triggered cell FDRE clocked by service_clk  {rise@0.000ns fall@2.500ns period=5.000ns})
  Path Group:             service_clk
  Path Type:              Hold (Min at Slow Process Corner)
  Requirement:            0.000ns  (service_clk rise@0.000ns - service_clk rise@0.000ns)
  Data Path Delay:        0.924ns  (logic 0.000ns (0.000%)  route 0.924ns (100.000%))
  Logic Levels:           0  
  Input Delay:            0.500ns
  Clock Path Skew:        1.676ns (DCD - SCD - CPR)
    Destination Clock Delay (DCD):    1.676ns
    Source Clock Delay      (SCD):    0.000ns
    Clock Pessimism Removal (CPR):    -0.000ns
  Clock Uncertainty:      0.035ns  ((TSJ^2 + TIJ^2)^1/2 + DJ) / 2 + PE
    Total System Jitter     (TSJ):    0.071ns
    Total Input Jitter      (TIJ):    0.000ns
    Discrete Jitter          (DJ):    0.000ns
    Phase Error              (PE):    0.000ns

    Location             Delay type                Incr(ns)  Path(ns)    Netlist Resource(s)
  -------------------------------------------------------------------    -------------------
                         (clock service_clk rise edge)
                                                      0.000     0.000 r  
                         input delay                  0.500     0.500    
                                                      0.000     0.500 r  input_timestamp[37] (IN)
                         net (fo=0)                   0.924     1.424    input_timestamp[37]
    SLICE_X30Y41         FDRE                                         r  op_tag_reg[37]/D
  -------------------------------------------------------------------    -------------------

                         (clock service_clk rise edge)
                                                      0.000     0.000 r  
                                                      0.000     0.000 r  clk (IN)
                         net (fo=2363, unset)         1.676     1.676    clk
    SLICE_X30Y41         FDRE                                         r  op_tag_reg[37]/C
                         clock pessimism              0.000     1.676    
                         clock uncertainty            0.035     1.711    
    SLICE_X30Y41         FDRE (Hold_fdre_C_D)         0.418     2.129    op_tag_reg[37]
  -------------------------------------------------------------------
                         required time                         -2.129    
                         arrival time                           1.424    
  -------------------------------------------------------------------
                         slack                                 -0.705    

Slack (VIOLATED) :        -0.653ns  (arrival time - required time)
  Source:                 input_epoch[16]
                            (input port clocked by service_clk  {rise@0.000ns fall@2.500ns period=5.000ns})
  Destination:            op_tag_reg[80]/D
                            (rising edge-triggered cell FDRE clocked by service_clk  {rise@0.000ns fall@2.500ns period=5.000ns})
  Path Group:             service_clk
  Path Type:              Hold (Min at Slow Process Corner)
  Requirement:            0.000ns  (service_clk rise@0.000ns - service_clk rise@0.000ns)
  Data Path Delay:        0.924ns  (logic 0.000ns (0.000%)  route 0.924ns (100.000%))
  Logic Levels:           0  
  Input Delay:            0.500ns
  Clock Path Skew:        1.685ns (DCD - SCD - CPR)
    Destination Clock Delay (DCD):    1.685ns
    Source Clock Delay      (SCD):    0.000ns
    Clock Pessimism Removal (CPR):    -0.000ns
  Clock Uncertainty:      0.035ns  ((TSJ^2 + TIJ^2)^1/2 + DJ) / 2 + PE
    Total System Jitter     (TSJ):    0.071ns
    Total Input Jitter      (TIJ):    0.000ns
    Discrete Jitter          (DJ):    0.000ns
    Phase Error              (PE):    0.000ns

    Location             Delay type                Incr(ns)  Path(ns)    Netlist Resource(s)
  -------------------------------------------------------------------    -------------------
                         (clock service_clk rise edge)
                                                      0.000     0.000 r  
                         input delay                  0.500     0.500    
                                                      0.000     0.500 r  input_epoch[16] (IN)
                         net (fo=0)                   0.924     1.424    input_epoch[16]
    SLICE_X11Y47         FDRE                                         r  op_tag_reg[80]/D
  -------------------------------------------------------------------    -------------------

                         (clock service_clk rise edge)
                                                      0.000     0.000 r  
                                                      0.000     0.000 r  clk (IN)
                         net (fo=2363, unset)         1.685     1.685    clk
    SLICE_X11Y47         FDRE                                         r  op_tag_reg[80]/C
                         clock pessimism              0.000     1.685    
                         clock uncertainty            0.035     1.720    
    SLICE_X11Y47         FDRE (Hold_fdre_C_D)         0.357     2.077    op_tag_reg[80]
  -------------------------------------------------------------------
                         required time                         -2.077    
                         arrival time                           1.424    
  -------------------------------------------------------------------
                         slack                                 -0.653    

Slack (VIOLATED) :        -0.653ns  (arrival time - required time)
  Source:                 input_epoch[17]
                            (input port clocked by service_clk  {rise@0.000ns fall@2.500ns period=5.000ns})
  Destination:            op_tag_reg[81]/D
                            (rising edge-triggered cell FDRE clocked by service_clk  {rise@0.000ns fall@2.500ns period=5.000ns})
  Path Group:             service_clk
  Path Type:              Hold (Min at Slow Process Corner)
  Requirement:            0.000ns  (service_clk rise@0.000ns - service_clk rise@0.000ns)
  Data Path Delay:        0.924ns  (logic 0.000ns (0.000%)  route 0.924ns (100.000%))
  Logic Levels:           0  
  Input Delay:            0.500ns
  Clock Path Skew:        1.685ns (DCD - SCD - CPR)
    Destination Clock Delay (DCD):    1.685ns
    Source Clock Delay      (SCD):    0.000ns
    Clock Pessimism Removal (CPR):    -0.000ns
  Clock Uncertainty:      0.035ns  ((TSJ^2 + TIJ^2)^1/2 + DJ) / 2 + PE
    Total System Jitter     (TSJ):    0.071ns
    Total Input Jitter      (TIJ):    0.000ns
    Discrete Jitter          (DJ):    0.000ns
    Phase Error              (PE):    0.000ns

    Location             Delay type                Incr(ns)  Path(ns)    Netlist Resource(s)
  -------------------------------------------------------------------    -------------------
                         (clock service_clk rise edge)
                                                      0.000     0.000 r  
                         input delay                  0.500     0.500    
                                                      0.000     0.500 r  input_epoch[17] (IN)
                         net (fo=0)                   0.924     1.424    input_epoch[17]
    SLICE_X11Y47         FDRE                                         r  op_tag_reg[81]/D
  -------------------------------------------------------------------    -------------------

                         (clock service_clk rise edge)
                                                      0.000     0.000 r  
                                                      0.000     0.000 r  clk (IN)
                         net (fo=2363, unset)         1.685     1.685    clk
    SLICE_X11Y47         FDRE                                         r  op_tag_reg[81]/C
                         clock pessimism              0.000     1.685    
                         clock uncertainty            0.035     1.720    
    SLICE_X11Y47         FDRE (Hold_fdre_C_D)         0.357     2.077    op_tag_reg[81]
  -------------------------------------------------------------------
                         required time                         -2.077    
                         arrival time                           1.424    
  -------------------------------------------------------------------
                         slack                                 -0.653    

Slack (VIOLATED) :        -0.653ns  (arrival time - required time)
  Source:                 input_epoch[18]
                            (input port clocked by service_clk  {rise@0.000ns fall@2.500ns period=5.000ns})
  Destination:            op_tag_reg[82]/D
                            (rising edge-triggered cell FDRE clocked by service_clk  {rise@0.000ns fall@2.500ns period=5.000ns})
  Path Group:             service_clk
  Path Type:              Hold (Min at Slow Process Corner)
  Requirement:            0.000ns  (service_clk rise@0.000ns - service_clk rise@0.000ns)
  Data Path Delay:        0.924ns  (logic 0.000ns (0.000%)  route 0.924ns (100.000%))
  Logic Levels:           0  
  Input Delay:            0.500ns
  Clock Path Skew:        1.685ns (DCD - SCD - CPR)
    Destination Clock Delay (DCD):    1.685ns
    Source Clock Delay      (SCD):    0.000ns
    Clock Pessimism Removal (CPR):    -0.000ns
  Clock Uncertainty:      0.035ns  ((TSJ^2 + TIJ^2)^1/2 + DJ) / 2 + PE
    Total System Jitter     (TSJ):    0.071ns
    Total Input Jitter      (TIJ):    0.000ns
    Discrete Jitter          (DJ):    0.000ns
    Phase Error              (PE):    0.000ns

    Location             Delay type                Incr(ns)  Path(ns)    Netlist Resource(s)
  -------------------------------------------------------------------    -------------------
                         (clock service_clk rise edge)
                                                      0.000     0.000 r  
                         input delay                  0.500     0.500    
                                                      0.000     0.500 r  input_epoch[18] (IN)
                         net (fo=0)                   0.924     1.424    input_epoch[18]
    SLICE_X11Y47         FDRE                                         r  op_tag_reg[82]/D
  -------------------------------------------------------------------    -------------------

                         (clock service_clk rise edge)
                                                      0.000     0.000 r  
                                                      0.000     0.000 r  clk (IN)
                         net (fo=2363, unset)         1.685     1.685    clk
    SLICE_X11Y47         FDRE                                         r  op_tag_reg[82]/C
                         clock pessimism              0.000     1.685    
                         clock uncertainty            0.035     1.720    
    SLICE_X11Y47         FDRE (Hold_fdre_C_D)         0.357     2.077    op_tag_reg[82]
  -------------------------------------------------------------------
                         required time                         -2.077    
                         arrival time                           1.424    
  -------------------------------------------------------------------
                         slack                                 -0.653    





Pulse Width Checks
--------------------------------------------------------------------------------------
Clock Name:         service_clk
Waveform(ns):       { 0.000 2.500 }
Period(ns):         5.000
Sources:            { clk }

Check Type        Corner  Lib Pin      Reference Pin  Required(ns)  Actual(ns)  Slack(ns)  Location      Pin
Min Period        n/a     DSP48E1/CLK  n/a            3.558         5.000       1.442      DSP48_X1Y6    m2_reg[0]/CLK
Min Period        n/a     DSP48E1/CLK  n/a            3.558         5.000       1.442      DSP48_X1Y0    m2_reg[1]/CLK
Min Period        n/a     DSP48E1/CLK  n/a            3.558         5.000       1.442      DSP48_X0Y4    m2_reg[2]/CLK
Min Period        n/a     DSP48E1/CLK  n/a            3.558         5.000       1.442      DSP48_X0Y0    m2_reg[3]/CLK
Min Period        n/a     DSP48E1/CLK  n/a            3.558         5.000       1.442      DSP48_X0Y10   m2_reg[4]/CLK
Min Period        n/a     DSP48E1/CLK  n/a            3.558         5.000       1.442      DSP48_X1Y12   m2_reg[5]/CLK
Min Period        n/a     DSP48E1/CLK  n/a            2.154         5.000       2.846      DSP48_X1Y4    m0_reg[0]/CLK
Min Period        n/a     DSP48E1/CLK  n/a            2.154         5.000       2.846      DSP48_X1Y1    m0_reg[1]/CLK
Min Period        n/a     DSP48E1/CLK  n/a            2.154         5.000       2.846      DSP48_X0Y5    m0_reg[2]/CLK
Min Period        n/a     DSP48E1/CLK  n/a            2.154         5.000       2.846      DSP48_X0Y1    m0_reg[3]/CLK
Low Pulse Width   Slow    SRL16E/CLK   n/a            0.980         2.500       1.520      SLICE_X16Y39  tap_tag_reg[0]_srl2/CLK
Low Pulse Width   Fast    SRL16E/CLK   n/a            0.980         2.500       1.520      SLICE_X16Y39  tap_tag_reg[0]_srl2/CLK
Low Pulse Width   Slow    SRL16E/CLK   n/a            0.980         2.500       1.520      SLICE_X20Y42  tap_tag_reg[10]_srl2/CLK
Low Pulse Width   Fast    SRL16E/CLK   n/a            0.980         2.500       1.520      SLICE_X20Y42  tap_tag_reg[10]_srl2/CLK
Low Pulse Width   Slow    SRL16E/CLK   n/a            0.980         2.500       1.520      SLICE_X20Y42  tap_tag_reg[11]_srl2/CLK
Low Pulse Width   Fast    SRL16E/CLK   n/a            0.980         2.500       1.520      SLICE_X20Y42  tap_tag_reg[11]_srl2/CLK
Low Pulse Width   Slow    SRL16E/CLK   n/a            0.980         2.500       1.520      SLICE_X20Y42  tap_tag_reg[12]_srl2/CLK
Low Pulse Width   Fast    SRL16E/CLK   n/a            0.980         2.500       1.520      SLICE_X20Y42  tap_tag_reg[12]_srl2/CLK
Low Pulse Width   Slow    SRL16E/CLK   n/a            0.980         2.500       1.520      SLICE_X20Y42  tap_tag_reg[13]_srl2/CLK
Low Pulse Width   Fast    SRL16E/CLK   n/a            0.980         2.500       1.520      SLICE_X20Y42  tap_tag_reg[13]_srl2/CLK
High Pulse Width  Slow    SRL16E/CLK   n/a            0.980         2.500       1.520      SLICE_X16Y39  tap_tag_reg[0]_srl2/CLK
High Pulse Width  Fast    SRL16E/CLK   n/a            0.980         2.500       1.520      SLICE_X16Y39  tap_tag_reg[0]_srl2/CLK
High Pulse Width  Slow    SRL16E/CLK   n/a            0.980         2.500       1.520      SLICE_X20Y42  tap_tag_reg[10]_srl2/CLK
High Pulse Width  Fast    SRL16E/CLK   n/a            0.980         2.500       1.520      SLICE_X20Y42  tap_tag_reg[10]_srl2/CLK
High Pulse Width  Slow    SRL16E/CLK   n/a            0.980         2.500       1.520      SLICE_X20Y42  tap_tag_reg[11]_srl2/CLK
High Pulse Width  Fast    SRL16E/CLK   n/a            0.980         2.500       1.520      SLICE_X20Y42  tap_tag_reg[11]_srl2/CLK
High Pulse Width  Slow    SRL16E/CLK   n/a            0.980         2.500       1.520      SLICE_X20Y42  tap_tag_reg[12]_srl2/CLK
High Pulse Width  Fast    SRL16E/CLK   n/a            0.980         2.500       1.520      SLICE_X20Y42  tap_tag_reg[12]_srl2/CLK
High Pulse Width  Slow    SRL16E/CLK   n/a            0.980         2.500       1.520      SLICE_X20Y42  tap_tag_reg[13]_srl2/CLK
High Pulse Width  Fast    SRL16E/CLK   n/a            0.980         2.500       1.520      SLICE_X20Y42  tap_tag_reg[13]_srl2/CLK



