Copyright 1986-2022 Xilinx, Inc. All Rights Reserved.
------------------------------------------------------------------------------------------------------------------------------------------------------------------
| Tool Version : Vivado v.2022.2 (lin64) Build 3671981 Fri Oct 14 04:59:54 MDT 2022
| Date         : Thu Sep 10 00:08:40 2026
| Host         : gauss running 64-bit Ubuntu 26.04 LTS
| Command      : report_utilization -file /tmp/starlink-coarse-alternatives.Y3JzOI/direct-coarse/hdl/library/starlink_pss_direct_coarse/build/ooc/utilization.rpt
| Design       : starlink_pss_direct_mac6
| Device       : xc7z010clg400-1
| Speed File   : -1
| Design State : Routed
------------------------------------------------------------------------------------------------------------------------------------------------------------------

Utilization Design Information

Table of Contents
-----------------
1. Slice Logic
1.1 Summary of Registers by Type
2. Slice Logic Distribution
3. Memory
4. DSP
5. IO and GT Specific
6. Clocking
7. Specific Feature
8. Primitives
9. Black Boxes
10. Instantiated Netlists

1. Slice Logic
--------------

+----------------------------+------+-------+------------+-----------+-------+
|          Site Type         | Used | Fixed | Prohibited | Available | Util% |
+----------------------------+------+-------+------------+-----------+-------+
| Slice LUTs                 | 1895 |     0 |          0 |     17600 | 10.77 |
|   LUT as Logic             | 1847 |     0 |          0 |     17600 | 10.49 |
|   LUT as Memory            |   48 |     0 |          0 |      6000 |  0.80 |
|     LUT as Distributed RAM |    0 |     0 |            |           |       |
|     LUT as Shift Register  |   48 |     0 |            |           |       |
| Slice Registers            | 2244 |     0 |          0 |     35200 |  6.38 |
|   Register as Flip Flop    | 2244 |     0 |          0 |     35200 |  6.38 |
|   Register as Latch        |    0 |     0 |          0 |     35200 |  0.00 |
| F7 Muxes                   |    0 |     0 |          0 |      8800 |  0.00 |
| F8 Muxes                   |    0 |     0 |          0 |      4400 |  0.00 |
+----------------------------+------+-------+------------+-----------+-------+
* Warning! LUT value is adjusted to account for LUT combining.


1.1 Summary of Registers by Type
--------------------------------

+-------+--------------+-------------+--------------+
| Total | Clock Enable | Synchronous | Asynchronous |
+-------+--------------+-------------+--------------+
| 0     |            _ |           - |            - |
| 0     |            _ |           - |          Set |
| 0     |            _ |           - |        Reset |
| 0     |            _ |         Set |            - |
| 0     |            _ |       Reset |            - |
| 0     |          Yes |           - |            - |
| 0     |          Yes |           - |          Set |
| 0     |          Yes |           - |        Reset |
| 0     |          Yes |         Set |            - |
| 2244  |          Yes |       Reset |            - |
+-------+--------------+-------------+--------------+


2. Slice Logic Distribution
---------------------------

+--------------------------------------------+------+-------+------------+-----------+-------+
|                  Site Type                 | Used | Fixed | Prohibited | Available | Util% |
+--------------------------------------------+------+-------+------------+-----------+-------+
| Slice                                      |  645 |     0 |          0 |      4400 | 14.66 |
|   SLICEL                                   |  406 |     0 |            |           |       |
|   SLICEM                                   |  239 |     0 |            |           |       |
| LUT as Logic                               | 1847 |     0 |          0 |     17600 | 10.49 |
|   using O5 output only                     |    0 |       |            |           |       |
|   using O6 output only                     | 1784 |       |            |           |       |
|   using O5 and O6                          |   63 |       |            |           |       |
| LUT as Memory                              |   48 |     0 |          0 |      6000 |  0.80 |
|   LUT as Distributed RAM                   |    0 |     0 |            |           |       |
|   LUT as Shift Register                    |   48 |     0 |            |           |       |
|     using O5 output only                   |    0 |       |            |           |       |
|     using O6 output only                   |    0 |       |            |           |       |
|     using O5 and O6                        |   48 |       |            |           |       |
| Slice Registers                            | 2244 |     0 |          0 |     35200 |  6.38 |
|   Register driven from within the Slice    | 1675 |       |            |           |       |
|   Register driven from outside the Slice   |  569 |       |            |           |       |
|     LUT in front of the register is unused |  539 |       |            |           |       |
|     LUT in front of the register is used   |   30 |       |            |           |       |
| Unique Control Sets                        |    8 |       |          0 |      4400 |  0.18 |
+--------------------------------------------+------+-------+------------+-----------+-------+
* * Note: Available Control Sets calculated as Slice * 1, Review the Control Sets Report for more information regarding control sets.


3. Memory
---------

+----------------+------+-------+------------+-----------+-------+
|    Site Type   | Used | Fixed | Prohibited | Available | Util% |
+----------------+------+-------+------------+-----------+-------+
| Block RAM Tile |    0 |     0 |          0 |        60 |  0.00 |
|   RAMB36/FIFO* |    0 |     0 |          0 |        60 |  0.00 |
|   RAMB18       |    0 |     0 |          0 |       120 |  0.00 |
+----------------+------+-------+------------+-----------+-------+
* Note: Each Block RAM Tile only has one FIFO logic available and therefore can accommodate only one FIFO36E1 or one FIFO18E1. However, if a FIFO18E1 occupies a Block RAM Tile, that tile can still accommodate a RAMB18E1


4. DSP
------

+----------------+------+-------+------------+-----------+-------+
|    Site Type   | Used | Fixed | Prohibited | Available | Util% |
+----------------+------+-------+------------+-----------+-------+
| DSPs           |   24 |     0 |          0 |        80 | 30.00 |
|   DSP48E1 only |   24 |       |            |           |       |
+----------------+------+-------+------------+-----------+-------+


5. IO and GT Specific
---------------------

+-----------------------------+------+-------+------------+-----------+-------+
|          Site Type          | Used | Fixed | Prohibited | Available | Util% |
+-----------------------------+------+-------+------------+-----------+-------+
| Bonded IOB                  |    0 |     0 |          0 |       100 |  0.00 |
| Bonded IPADs                |    0 |     0 |          0 |         2 |  0.00 |
| Bonded IOPADs               |    0 |     0 |          0 |       130 |  0.00 |
| PHY_CONTROL                 |    0 |     0 |          0 |         2 |  0.00 |
| PHASER_REF                  |    0 |     0 |          0 |         2 |  0.00 |
| OUT_FIFO                    |    0 |     0 |          0 |         8 |  0.00 |
| IN_FIFO                     |    0 |     0 |          0 |         8 |  0.00 |
| IDELAYCTRL                  |    0 |     0 |          0 |         2 |  0.00 |
| IBUFDS                      |    0 |     0 |          0 |        96 |  0.00 |
| PHASER_OUT/PHASER_OUT_PHY   |    0 |     0 |          0 |         8 |  0.00 |
| PHASER_IN/PHASER_IN_PHY     |    0 |     0 |          0 |         8 |  0.00 |
| IDELAYE2/IDELAYE2_FINEDELAY |    0 |     0 |          0 |       100 |  0.00 |
| ILOGIC                      |    0 |     0 |          0 |       100 |  0.00 |
| OLOGIC                      |    0 |     0 |          0 |       100 |  0.00 |
+-----------------------------+------+-------+------------+-----------+-------+


6. Clocking
-----------

+------------+------+-------+------------+-----------+-------+
|  Site Type | Used | Fixed | Prohibited | Available | Util% |
+------------+------+-------+------------+-----------+-------+
| BUFGCTRL   |    0 |     0 |          0 |        32 |  0.00 |
| BUFIO      |    0 |     0 |          0 |         8 |  0.00 |
| MMCME2_ADV |    0 |     0 |          0 |         2 |  0.00 |
| PLLE2_ADV  |    0 |     0 |          0 |         2 |  0.00 |
| BUFMRCE    |    0 |     0 |          0 |         4 |  0.00 |
| BUFHCE     |    0 |     0 |          0 |        48 |  0.00 |
| BUFR       |    0 |     0 |          0 |         8 |  0.00 |
+------------+------+-------+------------+-----------+-------+


7. Specific Feature
-------------------

+-------------+------+-------+------------+-----------+-------+
|  Site Type  | Used | Fixed | Prohibited | Available | Util% |
+-------------+------+-------+------------+-----------+-------+
| BSCANE2     |    0 |     0 |          0 |         4 |  0.00 |
| CAPTUREE2   |    0 |     0 |          0 |         1 |  0.00 |
| DNA_PORT    |    0 |     0 |          0 |         1 |  0.00 |
| EFUSE_USR   |    0 |     0 |          0 |         1 |  0.00 |
| FRAME_ECCE2 |    0 |     0 |          0 |         1 |  0.00 |
| ICAPE2      |    0 |     0 |          0 |         2 |  0.00 |
| STARTUPE2   |    0 |     0 |          0 |         1 |  0.00 |
| XADC        |    0 |     0 |          0 |         1 |  0.00 |
+-------------+------+-------+------------+-----------+-------+


8. Primitives
-------------

+----------+------+---------------------+
| Ref Name | Used | Functional Category |
+----------+------+---------------------+
| FDRE     | 2244 |        Flop & Latch |
| LUT3     | 1152 |                 LUT |
| LUT2     |  547 |                 LUT |
| CARRY4   |  424 |          CarryLogic |
| LUT6     |  183 |                 LUT |
| SRL16E   |   96 |  Distributed Memory |
| DSP48E1  |   24 |    Block Arithmetic |
| LUT1     |   12 |                 LUT |
| LUT5     |    8 |                 LUT |
| LUT4     |    8 |                 LUT |
+----------+------+---------------------+


9. Black Boxes
--------------

+----------+------+
| Ref Name | Used |
+----------+------+


10. Instantiated Netlists
-------------------------

+----------+------+
| Ref Name | Used |
+----------+------+


