Copyright 1986-2022 Xilinx, Inc. All Rights Reserved.
----------------------------------------------------------------------------------------------------------------------------------------------
| Tool Version : Vivado v.2022.2 (lin64) Build 3671981 Fri Oct 14 04:59:54 MDT 2022
| Date         : Thu Sep 10 13:45:59 2026
| Host         : gauss running 64-bit Ubuntu 26.04 LTS
| Command      : report_clocks -file /home/mouse9911/gits/starlink-build-recovery-20260910.vHzUVnBz/rom-k1m1-route-v1/route/clocks_before.rpt
| Design       : starlink_pss_fft_bank_owned_rom_read_ahead
| Device       : 7z010-clg400
| Speed File   : -1  PRODUCTION 1.12 2019-11-22
----------------------------------------------------------------------------------------------------------------------------------------------

Clock Report


Attributes
  P: Propagated
  G: Generated
  A: Auto-derived
  R: Renamed
  V: Virtual
  I: Inverted
  S: Pin phase-shifted with Latency mode

Clock       Period(ns)  Waveform(ns)   Attributes  Sources
island_175  5.714       {0.000 2.857}  P           {fft_clk}
source_100  10.000      {0.000 5.000}  P           {clk}


====================================================
Generated Clocks
====================================================



====================================================
User Uncertainty
====================================================



====================================================
User Jitter
====================================================


