Copyright 1986-2022 Xilinx, Inc. All Rights Reserved.
-----------------------------------------------------------------------------------------------------------------------------------------------------------------------------------
| Tool Version : Vivado v.2022.2 (lin64) Build 3671981 Fri Oct 14 04:59:54 MDT 2022
| Date         : Thu Sep 10 13:46:56 2026
| Host         : gauss running 64-bit Ubuntu 26.04 LTS
| Command      : report_utilization -hierarchical -hierarchical_depth 6 -file /home/mouse9911/gits/starlink-build-recovery-20260910.vHzUVnBz/rom-k1m1-route-v1/route/hierarchy.rpt
| Design       : starlink_pss_fft_bank_owned_rom_read_ahead
| Device       : xc7z010clg400-1
| Speed File   : -1
| Design State : Routed
-----------------------------------------------------------------------------------------------------------------------------------------------------------------------------------

Utilization Design Information

Table of Contents
-----------------
1. Utilization by Hierarchy

1. Utilization by Hierarchy
---------------------------

+------------------------------------------------+--------------------------------------------------------------------------------+------------+------------+---------+------+------+--------+--------+------------+
|                    Instance                    |                                     Module                                     | Total LUTs | Logic LUTs | LUTRAMs | SRLs |  FFs | RAMB36 | RAMB18 | DSP Blocks |
+------------------------------------------------+--------------------------------------------------------------------------------+------------+------------+---------+------+------+--------+--------+------------+
| starlink_pss_fft_bank_owned_rom_read_ahead     |                                                                          (top) |       2111 |       1923 |       0 |  188 | 4689 |      0 |     15 |         21 |
|   (starlink_pss_fft_bank_owned_rom_read_ahead) |                                                                          (top) |         51 |         51 |       0 |    0 |  222 |      0 |      0 |          0 |
|   input_guard                                  |                                              starlink_pss_realtime_input_guard |         74 |         74 |       0 |    0 |   85 |      0 |      0 |          0 |
|   joiner                                       |                                    starlink_pss_forward_kernel_join_read_ahead |        147 |        147 |       0 |    0 |  333 |      0 |      1 |          0 |
|     kernel_rom                                 |                                             starlink_pss_kernel_rom_read_ahead |        147 |        147 |       0 |    0 |  333 |      0 |      1 |          0 |
|   output_bank                                  |                                     starlink_pss_block_mailbox__parameterized1 |         53 |         53 |       0 |    0 |  187 |      0 |      1 |          0 |
|   product                                      |                                                  starlink_pss_spectrum_product |         95 |         95 |       0 |    0 |  351 |      0 |      0 |          4 |
|   product_bank                                 |                                     starlink_pss_block_mailbox__parameterized0 |        242 |        242 |       0 |    0 |  176 |      0 |      1 |          0 |
|   result_guard                                 |                                             starlink_pss_realtime_result_guard |        191 |        191 |       0 |    0 |  182 |      0 |      0 |          0 |
|   shared_xfft                                  |                                         starlink_pss_fft512_bfp18_rt_candidate |       1168 |        980 |       0 |  188 | 2988 |      0 |     11 |         17 |
|     U0                                         |                             starlink_pss_fft512_bfp18_rt_candidate_xfft_v9_1_8 |       1168 |        980 |       0 |  188 | 2988 |      0 |     11 |         17 |
|       i_synth                                  |                         starlink_pss_fft512_bfp18_rt_candidate_xfft_v9_1_8_viv |       1168 |        980 |       0 |  188 | 2988 |      0 |     11 |         17 |
|         axi_wrapper                            |                             starlink_pss_fft512_bfp18_rt_candidate_axi_wrapper |         33 |         33 |       0 |    0 |  130 |      0 |      0 |          0 |
|           (axi_wrapper)                        |                             starlink_pss_fft512_bfp18_rt_candidate_axi_wrapper |         20 |         20 |       0 |    0 |   32 |      0 |      0 |          0 |
|           config_channel_fifo                  |                  starlink_pss_fft512_bfp18_rt_candidate_axi_wrapper_input_fifo |          3 |          3 |       0 |    0 |    2 |      0 |      0 |          0 |
|           data_in_channel_fifo                 |  starlink_pss_fft512_bfp18_rt_candidate_axi_wrapper_input_fifo__parameterized0 |          7 |          7 |       0 |    0 |   38 |      0 |      0 |          0 |
|           data_out_channel                     | starlink_pss_fft512_bfp18_rt_candidate_axi_wrapper_output_fifo__parameterized0 |          3 |          3 |       0 |    0 |   52 |      0 |      0 |          0 |
|           gen_status_channel.status_fifo       |                 starlink_pss_fft512_bfp18_rt_candidate_axi_wrapper_output_fifo |          0 |          0 |       0 |    0 |    6 |      0 |      0 |          0 |
|         xfft_inst                              |                        starlink_pss_fft512_bfp18_rt_candidate_xfft_v9_1_8_core |       1137 |        949 |       0 |  188 | 2858 |      0 |     11 |         17 |
|           non_floating_point.arch_b.xfft_inst  |                           starlink_pss_fft512_bfp18_rt_candidate_xfft_v9_1_8_b |       1137 |        949 |       0 |  188 | 2858 |      0 |     11 |         17 |
|             control                            |                              starlink_pss_fft512_bfp18_rt_candidate_r4_control |        273 |        202 |       0 |   71 |  532 |      0 |      3 |          0 |
|             single_channel.datapath            |                             starlink_pss_fft512_bfp18_rt_candidate_r4_datapath |        864 |        747 |       0 |  117 | 2326 |      0 |      8 |         17 |
|   source_bank                                  |                                                     starlink_pss_block_mailbox |         94 |         94 |       0 |    0 |  165 |      0 |      1 |          0 |
+------------------------------------------------+--------------------------------------------------------------------------------+------------+------------+---------+------+------+--------+--------+------------+
* Note: The sum of lower-level cells may be larger than their parent cells total, due to cross-hierarchy LUT combining


