Copyright 1986-2022 Xilinx, Inc. All Rights Reserved.
---------------------------------------------------------------------------------------------------------------------------------------------------------------------------------------------------------------------------------------
| Tool Version : Vivado v.2022.2 (lin64) Build 3671981 Fri Oct 14 04:59:54 MDT 2022
| Date         : Thu Sep 10 13:46:58 2026
| Host         : gauss running 64-bit Ubuntu 26.04 LTS
| Command      : report_timing -from [get_clocks island_175] -to [get_clocks island_175] -delay_type min -max_paths 20 -file /home/mouse9911/gits/starlink-build-recovery-20260910.vHzUVnBz/rom-k1m1-route-v1/route/island_175_min.rpt
| Design       : starlink_pss_fft_bank_owned_rom_read_ahead
| Device       : 7z010-clg400
| Speed File   : -1  PRODUCTION 1.12 2019-11-22
---------------------------------------------------------------------------------------------------------------------------------------------------------------------------------------------------------------------------------------

Timing Report

Slack (MET) :             0.058ns  (arrival time - required time)
  Source:                 shared_xfft/U0/i_synth/xfft_inst/non_floating_point.arch_b.xfft_inst/control/processing_address_generator/mux_addr1/use_lut6_2.latency1.Q_reg[6]/C
                            (rising edge-triggered cell FDRE clocked by island_175  {rise@0.000ns fall@2.857ns period=5.714ns})
  Destination:            shared_xfft/U0/i_synth/xfft_inst/non_floating_point.arch_b.xfft_inst/control/memory_control[1].delay_line_for_wr_addr/no_sclr_lut.real_shift_ram.use_baseblock.not_use_hlutnm_srls.i_shift_ram/i_bb_inst/f0.srl_sig_reg[22][6]_srl23/D
                            (rising edge-triggered cell SRLC32E clocked by island_175  {rise@0.000ns fall@2.857ns period=5.714ns})
  Path Group:             island_175
  Path Type:              Hold (Min at Fast Process Corner)
  Requirement:            0.000ns  (island_175 rise@0.000ns - island_175 rise@0.000ns)
  Data Path Delay:        0.262ns  (logic 0.141ns (53.794%)  route 0.121ns (46.206%))
  Logic Levels:           0  
  Clock Path Skew:        0.022ns (DCD - SCD - CPR)
    Destination Clock Delay (DCD):    0.432ns
    Source Clock Delay      (SCD):    0.410ns
    Clock Pessimism Removal (CPR):    -0.000ns

    Location             Delay type                Incr(ns)  Path(ns)    Netlist Resource(s)
  -------------------------------------------------------------------    -------------------
                         (clock island_175 rise edge)
                                                      0.000     0.000 r  
                                                      0.000     0.000 r  fft_clk (IN)
                         net (fo=4836, unset)         0.410     0.410    shared_xfft/U0/i_synth/xfft_inst/non_floating_point.arch_b.xfft_inst/control/processing_address_generator/mux_addr1/aclk
    SLICE_X5Y14          FDRE                                         r  shared_xfft/U0/i_synth/xfft_inst/non_floating_point.arch_b.xfft_inst/control/processing_address_generator/mux_addr1/use_lut6_2.latency1.Q_reg[6]/C
  -------------------------------------------------------------------    -------------------
    SLICE_X5Y14          FDRE (Prop_fdre_C_Q)         0.141     0.551 r  shared_xfft/U0/i_synth/xfft_inst/non_floating_point.arch_b.xfft_inst/control/processing_address_generator/mux_addr1/use_lut6_2.latency1.Q_reg[6]/Q
                         net (fo=2, routed)           0.121     0.672    shared_xfft/U0/i_synth/xfft_inst/non_floating_point.arch_b.xfft_inst/control/memory_control[1].delay_line_for_wr_addr/no_sclr_lut.real_shift_ram.use_baseblock.not_use_hlutnm_srls.i_shift_ram/i_bb_inst/d[6]
    SLICE_X4Y13          SRLC32E                                      r  shared_xfft/U0/i_synth/xfft_inst/non_floating_point.arch_b.xfft_inst/control/memory_control[1].delay_line_for_wr_addr/no_sclr_lut.real_shift_ram.use_baseblock.not_use_hlutnm_srls.i_shift_ram/i_bb_inst/f0.srl_sig_reg[22][6]_srl23/D
  -------------------------------------------------------------------    -------------------

                         (clock island_175 rise edge)
                                                      0.000     0.000 r  
                                                      0.000     0.000 r  fft_clk (IN)
                         net (fo=4836, unset)         0.432     0.432    shared_xfft/U0/i_synth/xfft_inst/non_floating_point.arch_b.xfft_inst/control/memory_control[1].delay_line_for_wr_addr/no_sclr_lut.real_shift_ram.use_baseblock.not_use_hlutnm_srls.i_shift_ram/i_bb_inst/clk
    SLICE_X4Y13          SRLC32E                                      r  shared_xfft/U0/i_synth/xfft_inst/non_floating_point.arch_b.xfft_inst/control/memory_control[1].delay_line_for_wr_addr/no_sclr_lut.real_shift_ram.use_baseblock.not_use_hlutnm_srls.i_shift_ram/i_bb_inst/f0.srl_sig_reg[22][6]_srl23/CLK
                         clock pessimism              0.000     0.432    
    SLICE_X4Y13          SRLC32E (Hold_srlc32e_CLK_D)
                                                      0.183     0.615    shared_xfft/U0/i_synth/xfft_inst/non_floating_point.arch_b.xfft_inst/control/memory_control[1].delay_line_for_wr_addr/no_sclr_lut.real_shift_ram.use_baseblock.not_use_hlutnm_srls.i_shift_ram/i_bb_inst/f0.srl_sig_reg[22][6]_srl23
  -------------------------------------------------------------------
                         required time                         -0.615    
                         arrival time                           0.672    
  -------------------------------------------------------------------
                         slack                                  0.058    

Slack (MET) :             0.058ns  (arrival time - required time)
  Source:                 shared_xfft/U0/i_synth/xfft_inst/non_floating_point.arch_b.xfft_inst/control/control/IN_WR_ADDR_reg[2]/C
                            (rising edge-triggered cell FDRE clocked by island_175  {rise@0.000ns fall@2.857ns period=5.714ns})
  Destination:            shared_xfft/U0/i_synth/xfft_inst/non_floating_point.arch_b.xfft_inst/control/delay_line_4_in_wr_addr/no_sclr_lut.real_shift_ram.use_baseblock.use_hlutnm_srls.srl_loop[1].i_srl16e0/D
                            (rising edge-triggered cell SRL16E clocked by island_175  {rise@0.000ns fall@2.857ns period=5.714ns})
  Path Group:             island_175
  Path Type:              Hold (Min at Fast Process Corner)
  Requirement:            0.000ns  (island_175 rise@0.000ns - island_175 rise@0.000ns)
  Data Path Delay:        0.197ns  (logic 0.141ns (71.611%)  route 0.056ns (28.389%))
  Logic Levels:           0  
  Clock Path Skew:        0.022ns (DCD - SCD - CPR)
    Destination Clock Delay (DCD):    0.432ns
    Source Clock Delay      (SCD):    0.410ns
    Clock Pessimism Removal (CPR):    -0.000ns

    Location             Delay type                Incr(ns)  Path(ns)    Netlist Resource(s)
  -------------------------------------------------------------------    -------------------
                         (clock island_175 rise edge)
                                                      0.000     0.000 r  
                                                      0.000     0.000 r  fft_clk (IN)
                         net (fo=4836, unset)         0.410     0.410    shared_xfft/U0/i_synth/xfft_inst/non_floating_point.arch_b.xfft_inst/control/control/aclk
    SLICE_X1Y13          FDRE                                         r  shared_xfft/U0/i_synth/xfft_inst/non_floating_point.arch_b.xfft_inst/control/control/IN_WR_ADDR_reg[2]/C
  -------------------------------------------------------------------    -------------------
    SLICE_X1Y13          FDRE (Prop_fdre_C_Q)         0.141     0.551 r  shared_xfft/U0/i_synth/xfft_inst/non_floating_point.arch_b.xfft_inst/control/control/IN_WR_ADDR_reg[2]/Q
                         net (fo=1, routed)           0.056     0.607    shared_xfft/U0/i_synth/xfft_inst/non_floating_point.arch_b.xfft_inst/control/delay_line_4_in_wr_addr/D[2]
    SLICE_X0Y13          SRL16E                                       r  shared_xfft/U0/i_synth/xfft_inst/non_floating_point.arch_b.xfft_inst/control/delay_line_4_in_wr_addr/no_sclr_lut.real_shift_ram.use_baseblock.use_hlutnm_srls.srl_loop[1].i_srl16e0/D
  -------------------------------------------------------------------    -------------------

                         (clock island_175 rise edge)
                                                      0.000     0.000 r  
                                                      0.000     0.000 r  fft_clk (IN)
                         net (fo=4836, unset)         0.432     0.432    shared_xfft/U0/i_synth/xfft_inst/non_floating_point.arch_b.xfft_inst/control/delay_line_4_in_wr_addr/aclk
    SLICE_X0Y13          SRL16E                                       r  shared_xfft/U0/i_synth/xfft_inst/non_floating_point.arch_b.xfft_inst/control/delay_line_4_in_wr_addr/no_sclr_lut.real_shift_ram.use_baseblock.use_hlutnm_srls.srl_loop[1].i_srl16e0/CLK
                         clock pessimism              0.000     0.432    
    SLICE_X0Y13          SRL16E (Hold_srl16e_CLK_D)
                                                      0.117     0.549    shared_xfft/U0/i_synth/xfft_inst/non_floating_point.arch_b.xfft_inst/control/delay_line_4_in_wr_addr/no_sclr_lut.real_shift_ram.use_baseblock.use_hlutnm_srls.srl_loop[1].i_srl16e0
  -------------------------------------------------------------------
                         required time                         -0.549    
                         arrival time                           0.607    
  -------------------------------------------------------------------
                         slack                                  0.058    

Slack (MET) :             0.070ns  (arrival time - required time)
  Source:                 product/output_i_reg[8]/C
                            (rising edge-triggered cell FDRE clocked by island_175  {rise@0.000ns fall@2.857ns period=5.714ns})
  Destination:            product_bank/payload_memory_reg/DIADI[8]
                            (rising edge-triggered cell RAMB18E1 clocked by island_175  {rise@0.000ns fall@2.857ns period=5.714ns})
  Path Group:             island_175
  Path Type:              Hold (Min at Fast Process Corner)
  Requirement:            0.000ns  (island_175 rise@0.000ns - island_175 rise@0.000ns)
  Data Path Delay:        0.247ns  (logic 0.141ns (57.072%)  route 0.106ns (42.928%))
  Logic Levels:           0  
  Clock Path Skew:        0.022ns (DCD - SCD - CPR)
    Destination Clock Delay (DCD):    0.432ns
    Source Clock Delay      (SCD):    0.410ns
    Clock Pessimism Removal (CPR):    -0.000ns

    Location             Delay type                Incr(ns)  Path(ns)    Netlist Resource(s)
  -------------------------------------------------------------------    -------------------
                         (clock island_175 rise edge)
                                                      0.000     0.000 r  
                                                      0.000     0.000 r  fft_clk (IN)
                         net (fo=4836, unset)         0.410     0.410    product/fft_clk
    SLICE_X7Y6           FDRE                                         r  product/output_i_reg[8]/C
  -------------------------------------------------------------------    -------------------
    SLICE_X7Y6           FDRE (Prop_fdre_C_Q)         0.141     0.551 r  product/output_i_reg[8]/Q
                         net (fo=1, routed)           0.106     0.657    product_bank/payload_memory_reg_0[8]
    RAMB18_X0Y2          RAMB18E1                                     r  product_bank/payload_memory_reg/DIADI[8]
  -------------------------------------------------------------------    -------------------

                         (clock island_175 rise edge)
                                                      0.000     0.000 r  
                                                      0.000     0.000 r  fft_clk (IN)
                         net (fo=4836, unset)         0.432     0.432    product_bank/fft_clk
    RAMB18_X0Y2          RAMB18E1                                     r  product_bank/payload_memory_reg/CLKBWRCLK
                         clock pessimism              0.000     0.432    
    RAMB18_X0Y2          RAMB18E1 (Hold_ramb18e1_CLKBWRCLK_DIADI[8])
                                                      0.155     0.587    product_bank/payload_memory_reg
  -------------------------------------------------------------------
                         required time                         -0.587    
                         arrival time                           0.657    
  -------------------------------------------------------------------
                         slack                                  0.070    

Slack (MET) :             0.071ns  (arrival time - required time)
  Source:                 product/output_q_reg[4]/C
                            (rising edge-triggered cell FDRE clocked by island_175  {rise@0.000ns fall@2.857ns period=5.714ns})
  Destination:            product_bank/payload_memory_reg/DIBDI[6]
                            (rising edge-triggered cell RAMB18E1 clocked by island_175  {rise@0.000ns fall@2.857ns period=5.714ns})
  Path Group:             island_175
  Path Type:              Hold (Min at Fast Process Corner)
  Requirement:            0.000ns  (island_175 rise@0.000ns - island_175 rise@0.000ns)
  Data Path Delay:        0.248ns  (logic 0.141ns (56.898%)  route 0.107ns (43.102%))
  Logic Levels:           0  
  Clock Path Skew:        0.022ns (DCD - SCD - CPR)
    Destination Clock Delay (DCD):    0.432ns
    Source Clock Delay      (SCD):    0.410ns
    Clock Pessimism Removal (CPR):    -0.000ns

    Location             Delay type                Incr(ns)  Path(ns)    Netlist Resource(s)
  -------------------------------------------------------------------    -------------------
                         (clock island_175 rise edge)
                                                      0.000     0.000 r  
                                                      0.000     0.000 r  fft_clk (IN)
                         net (fo=4836, unset)         0.410     0.410    product/fft_clk
    SLICE_X7Y6           FDRE                                         r  product/output_q_reg[4]/C
  -------------------------------------------------------------------    -------------------
    SLICE_X7Y6           FDRE (Prop_fdre_C_Q)         0.141     0.551 r  product/output_q_reg[4]/Q
                         net (fo=1, routed)           0.107     0.658    product_bank/payload_memory_reg_1[4]
    RAMB18_X0Y2          RAMB18E1                                     r  product_bank/payload_memory_reg/DIBDI[6]
  -------------------------------------------------------------------    -------------------

                         (clock island_175 rise edge)
                                                      0.000     0.000 r  
                                                      0.000     0.000 r  fft_clk (IN)
                         net (fo=4836, unset)         0.432     0.432    product_bank/fft_clk
    RAMB18_X0Y2          RAMB18E1                                     r  product_bank/payload_memory_reg/CLKBWRCLK
                         clock pessimism              0.000     0.432    
    RAMB18_X0Y2          RAMB18E1 (Hold_ramb18e1_CLKBWRCLK_DIBDI[6])
                                                      0.155     0.587    product_bank/payload_memory_reg
  -------------------------------------------------------------------
                         required time                         -0.587    
                         arrival time                           0.658    
  -------------------------------------------------------------------
                         slack                                  0.071    

Slack (MET) :             0.071ns  (arrival time - required time)
  Source:                 shared_xfft/U0/i_synth/xfft_inst/non_floating_point.arch_b.xfft_inst/single_channel.datapath/input_muxes[0].write_data_re_mux/use_lut6_2.latency1.Q_reg[10]/C
                            (rising edge-triggered cell FDRE clocked by island_175  {rise@0.000ns fall@2.857ns period=5.714ns})
  Destination:            shared_xfft/U0/i_synth/xfft_inst/non_floating_point.arch_b.xfft_inst/single_channel.datapath/memories[0].blkmem_gen.use_bram_only.dpms/depths_3to9.ram_loop[0].use_RAMB18.SDP_RAMB18E1_36x512/DIADI[9]
                            (rising edge-triggered cell RAMB18E1 clocked by island_175  {rise@0.000ns fall@2.857ns period=5.714ns})
  Path Group:             island_175
  Path Type:              Hold (Min at Fast Process Corner)
  Requirement:            0.000ns  (island_175 rise@0.000ns - island_175 rise@0.000ns)
  Data Path Delay:        0.248ns  (logic 0.141ns (56.898%)  route 0.107ns (43.102%))
  Logic Levels:           0  
  Clock Path Skew:        0.022ns (DCD - SCD - CPR)
    Destination Clock Delay (DCD):    0.432ns
    Source Clock Delay      (SCD):    0.410ns
    Clock Pessimism Removal (CPR):    -0.000ns

    Location             Delay type                Incr(ns)  Path(ns)    Netlist Resource(s)
  -------------------------------------------------------------------    -------------------
                         (clock island_175 rise edge)
                                                      0.000     0.000 r  
                                                      0.000     0.000 r  fft_clk (IN)
                         net (fo=4836, unset)         0.410     0.410    shared_xfft/U0/i_synth/xfft_inst/non_floating_point.arch_b.xfft_inst/single_channel.datapath/input_muxes[0].write_data_re_mux/aclk
    SLICE_X7Y18          FDRE                                         r  shared_xfft/U0/i_synth/xfft_inst/non_floating_point.arch_b.xfft_inst/single_channel.datapath/input_muxes[0].write_data_re_mux/use_lut6_2.latency1.Q_reg[10]/C
  -------------------------------------------------------------------    -------------------
    SLICE_X7Y18          FDRE (Prop_fdre_C_Q)         0.141     0.551 r  shared_xfft/U0/i_synth/xfft_inst/non_floating_point.arch_b.xfft_inst/single_channel.datapath/input_muxes[0].write_data_re_mux/use_lut6_2.latency1.Q_reg[10]/Q
                         net (fo=1, routed)           0.107     0.658    shared_xfft/U0/i_synth/xfft_inst/non_floating_point.arch_b.xfft_inst/single_channel.datapath/memories[0].blkmem_gen.use_bram_only.dpms/dina[28]
    RAMB18_X0Y7          RAMB18E1                                     r  shared_xfft/U0/i_synth/xfft_inst/non_floating_point.arch_b.xfft_inst/single_channel.datapath/memories[0].blkmem_gen.use_bram_only.dpms/depths_3to9.ram_loop[0].use_RAMB18.SDP_RAMB18E1_36x512/DIADI[9]
  -------------------------------------------------------------------    -------------------

                         (clock island_175 rise edge)
                                                      0.000     0.000 r  
                                                      0.000     0.000 r  fft_clk (IN)
                         net (fo=4836, unset)         0.432     0.432    shared_xfft/U0/i_synth/xfft_inst/non_floating_point.arch_b.xfft_inst/single_channel.datapath/memories[0].blkmem_gen.use_bram_only.dpms/clk
    RAMB18_X0Y7          RAMB18E1                                     r  shared_xfft/U0/i_synth/xfft_inst/non_floating_point.arch_b.xfft_inst/single_channel.datapath/memories[0].blkmem_gen.use_bram_only.dpms/depths_3to9.ram_loop[0].use_RAMB18.SDP_RAMB18E1_36x512/CLKBWRCLK
                         clock pessimism              0.000     0.432    
    RAMB18_X0Y7          RAMB18E1 (Hold_ramb18e1_CLKBWRCLK_DIADI[9])
                                                      0.155     0.587    shared_xfft/U0/i_synth/xfft_inst/non_floating_point.arch_b.xfft_inst/single_channel.datapath/memories[0].blkmem_gen.use_bram_only.dpms/depths_3to9.ram_loop[0].use_RAMB18.SDP_RAMB18E1_36x512
  -------------------------------------------------------------------
                         required time                         -0.587    
                         arrival time                           0.658    
  -------------------------------------------------------------------
                         slack                                  0.071    

Slack (MET) :             0.072ns  (arrival time - required time)
  Source:                 shared_xfft/U0/i_synth/xfft_inst/non_floating_point.arch_b.xfft_inst/single_channel.datapath/input_muxes[0].write_data_re_mux/use_lut6_2.latency1.Q_reg[6]/C
                            (rising edge-triggered cell FDRE clocked by island_175  {rise@0.000ns fall@2.857ns period=5.714ns})
  Destination:            shared_xfft/U0/i_synth/xfft_inst/non_floating_point.arch_b.xfft_inst/single_channel.datapath/memories[0].blkmem_gen.use_bram_only.dpms/depths_3to9.ram_loop[0].use_RAMB18.SDP_RAMB18E1_36x512/DIADI[6]
                            (rising edge-triggered cell RAMB18E1 clocked by island_175  {rise@0.000ns fall@2.857ns period=5.714ns})
  Path Group:             island_175
  Path Type:              Hold (Min at Fast Process Corner)
  Requirement:            0.000ns  (island_175 rise@0.000ns - island_175 rise@0.000ns)
  Data Path Delay:        0.249ns  (logic 0.141ns (56.669%)  route 0.108ns (43.331%))
  Logic Levels:           0  
  Clock Path Skew:        0.022ns (DCD - SCD - CPR)
    Destination Clock Delay (DCD):    0.432ns
    Source Clock Delay      (SCD):    0.410ns
    Clock Pessimism Removal (CPR):    -0.000ns

    Location             Delay type                Incr(ns)  Path(ns)    Netlist Resource(s)
  -------------------------------------------------------------------    -------------------
                         (clock island_175 rise edge)
                                                      0.000     0.000 r  
                                                      0.000     0.000 r  fft_clk (IN)
                         net (fo=4836, unset)         0.410     0.410    shared_xfft/U0/i_synth/xfft_inst/non_floating_point.arch_b.xfft_inst/single_channel.datapath/input_muxes[0].write_data_re_mux/aclk
    SLICE_X7Y19          FDRE                                         r  shared_xfft/U0/i_synth/xfft_inst/non_floating_point.arch_b.xfft_inst/single_channel.datapath/input_muxes[0].write_data_re_mux/use_lut6_2.latency1.Q_reg[6]/C
  -------------------------------------------------------------------    -------------------
    SLICE_X7Y19          FDRE (Prop_fdre_C_Q)         0.141     0.551 r  shared_xfft/U0/i_synth/xfft_inst/non_floating_point.arch_b.xfft_inst/single_channel.datapath/input_muxes[0].write_data_re_mux/use_lut6_2.latency1.Q_reg[6]/Q
                         net (fo=1, routed)           0.108     0.659    shared_xfft/U0/i_synth/xfft_inst/non_floating_point.arch_b.xfft_inst/single_channel.datapath/memories[0].blkmem_gen.use_bram_only.dpms/dina[24]
    RAMB18_X0Y7          RAMB18E1                                     r  shared_xfft/U0/i_synth/xfft_inst/non_floating_point.arch_b.xfft_inst/single_channel.datapath/memories[0].blkmem_gen.use_bram_only.dpms/depths_3to9.ram_loop[0].use_RAMB18.SDP_RAMB18E1_36x512/DIADI[6]
  -------------------------------------------------------------------    -------------------

                         (clock island_175 rise edge)
                                                      0.000     0.000 r  
                                                      0.000     0.000 r  fft_clk (IN)
                         net (fo=4836, unset)         0.432     0.432    shared_xfft/U0/i_synth/xfft_inst/non_floating_point.arch_b.xfft_inst/single_channel.datapath/memories[0].blkmem_gen.use_bram_only.dpms/clk
    RAMB18_X0Y7          RAMB18E1                                     r  shared_xfft/U0/i_synth/xfft_inst/non_floating_point.arch_b.xfft_inst/single_channel.datapath/memories[0].blkmem_gen.use_bram_only.dpms/depths_3to9.ram_loop[0].use_RAMB18.SDP_RAMB18E1_36x512/CLKBWRCLK
                         clock pessimism              0.000     0.432    
    RAMB18_X0Y7          RAMB18E1 (Hold_ramb18e1_CLKBWRCLK_DIADI[6])
                                                      0.155     0.587    shared_xfft/U0/i_synth/xfft_inst/non_floating_point.arch_b.xfft_inst/single_channel.datapath/memories[0].blkmem_gen.use_bram_only.dpms/depths_3to9.ram_loop[0].use_RAMB18.SDP_RAMB18E1_36x512
  -------------------------------------------------------------------
                         required time                         -0.587    
                         arrival time                           0.659    
  -------------------------------------------------------------------
                         slack                                  0.072    

Slack (MET) :             0.072ns  (arrival time - required time)
  Source:                 shared_xfft/U0/i_synth/xfft_inst/non_floating_point.arch_b.xfft_inst/single_channel.datapath/input_muxes[0].write_data_im_mux/use_lut6_2.latency1.Q_reg[10]/C
                            (rising edge-triggered cell FDRE clocked by island_175  {rise@0.000ns fall@2.857ns period=5.714ns})
  Destination:            shared_xfft/U0/i_synth/xfft_inst/non_floating_point.arch_b.xfft_inst/single_channel.datapath/memories[0].blkmem_gen.use_bram_only.dpms/depths_3to9.ram_loop[0].use_RAMB18.SDP_RAMB18E1_36x512/DIBDI[9]
                            (rising edge-triggered cell RAMB18E1 clocked by island_175  {rise@0.000ns fall@2.857ns period=5.714ns})
  Path Group:             island_175
  Path Type:              Hold (Min at Fast Process Corner)
  Requirement:            0.000ns  (island_175 rise@0.000ns - island_175 rise@0.000ns)
  Data Path Delay:        0.249ns  (logic 0.141ns (56.669%)  route 0.108ns (43.331%))
  Logic Levels:           0  
  Clock Path Skew:        0.022ns (DCD - SCD - CPR)
    Destination Clock Delay (DCD):    0.432ns
    Source Clock Delay      (SCD):    0.410ns
    Clock Pessimism Removal (CPR):    -0.000ns

    Location             Delay type                Incr(ns)  Path(ns)    Netlist Resource(s)
  -------------------------------------------------------------------    -------------------
                         (clock island_175 rise edge)
                                                      0.000     0.000 r  
                                                      0.000     0.000 r  fft_clk (IN)
                         net (fo=4836, unset)         0.410     0.410    shared_xfft/U0/i_synth/xfft_inst/non_floating_point.arch_b.xfft_inst/single_channel.datapath/input_muxes[0].write_data_im_mux/aclk
    SLICE_X7Y18          FDRE                                         r  shared_xfft/U0/i_synth/xfft_inst/non_floating_point.arch_b.xfft_inst/single_channel.datapath/input_muxes[0].write_data_im_mux/use_lut6_2.latency1.Q_reg[10]/C
  -------------------------------------------------------------------    -------------------
    SLICE_X7Y18          FDRE (Prop_fdre_C_Q)         0.141     0.551 r  shared_xfft/U0/i_synth/xfft_inst/non_floating_point.arch_b.xfft_inst/single_channel.datapath/input_muxes[0].write_data_im_mux/use_lut6_2.latency1.Q_reg[10]/Q
                         net (fo=1, routed)           0.108     0.659    shared_xfft/U0/i_synth/xfft_inst/non_floating_point.arch_b.xfft_inst/single_channel.datapath/memories[0].blkmem_gen.use_bram_only.dpms/dina[10]
    RAMB18_X0Y7          RAMB18E1                                     r  shared_xfft/U0/i_synth/xfft_inst/non_floating_point.arch_b.xfft_inst/single_channel.datapath/memories[0].blkmem_gen.use_bram_only.dpms/depths_3to9.ram_loop[0].use_RAMB18.SDP_RAMB18E1_36x512/DIBDI[9]
  -------------------------------------------------------------------    -------------------

                         (clock island_175 rise edge)
                                                      0.000     0.000 r  
                                                      0.000     0.000 r  fft_clk (IN)
                         net (fo=4836, unset)         0.432     0.432    shared_xfft/U0/i_synth/xfft_inst/non_floating_point.arch_b.xfft_inst/single_channel.datapath/memories[0].blkmem_gen.use_bram_only.dpms/clk
    RAMB18_X0Y7          RAMB18E1                                     r  shared_xfft/U0/i_synth/xfft_inst/non_floating_point.arch_b.xfft_inst/single_channel.datapath/memories[0].blkmem_gen.use_bram_only.dpms/depths_3to9.ram_loop[0].use_RAMB18.SDP_RAMB18E1_36x512/CLKBWRCLK
                         clock pessimism              0.000     0.432    
    RAMB18_X0Y7          RAMB18E1 (Hold_ramb18e1_CLKBWRCLK_DIBDI[9])
                                                      0.155     0.587    shared_xfft/U0/i_synth/xfft_inst/non_floating_point.arch_b.xfft_inst/single_channel.datapath/memories[0].blkmem_gen.use_bram_only.dpms/depths_3to9.ram_loop[0].use_RAMB18.SDP_RAMB18E1_36x512
  -------------------------------------------------------------------
                         required time                         -0.587    
                         arrival time                           0.659    
  -------------------------------------------------------------------
                         slack                                  0.072    

Slack (MET) :             0.084ns  (arrival time - required time)
  Source:                 result_guard/return_data_reg[25]/C
                            (rising edge-triggered cell FDCE clocked by island_175  {rise@0.000ns fall@2.857ns period=5.714ns})
  Destination:            output_bank/payload_memory_reg/DIBDI[9]
                            (rising edge-triggered cell RAMB18E1 clocked by island_175  {rise@0.000ns fall@2.857ns period=5.714ns})
  Path Group:             island_175
  Path Type:              Hold (Min at Fast Process Corner)
  Requirement:            0.000ns  (island_175 rise@0.000ns - island_175 rise@0.000ns)
  Data Path Delay:        0.402ns  (logic 0.141ns (35.070%)  route 0.261ns (64.930%))
  Logic Levels:           0  
  Clock Path Skew:        0.022ns (DCD - SCD - CPR)
    Destination Clock Delay (DCD):    0.432ns
    Source Clock Delay      (SCD):    0.410ns
    Clock Pessimism Removal (CPR):    -0.000ns

    Location             Delay type                Incr(ns)  Path(ns)    Netlist Resource(s)
  -------------------------------------------------------------------    -------------------
                         (clock island_175 rise edge)
                                                      0.000     0.000 r  
                                                      0.000     0.000 r  fft_clk (IN)
                         net (fo=4836, unset)         0.410     0.410    result_guard/fft_clk
    SLICE_X9Y6           FDCE                                         r  result_guard/return_data_reg[25]/C
  -------------------------------------------------------------------    -------------------
    SLICE_X9Y6           FDCE (Prop_fdce_C_Q)         0.141     0.551 r  result_guard/return_data_reg[25]/Q
                         net (fo=3, routed)           0.261     0.812    output_bank/payload_memory_reg_0[25]
    RAMB18_X0Y1          RAMB18E1                                     r  output_bank/payload_memory_reg/DIBDI[9]
  -------------------------------------------------------------------    -------------------

                         (clock island_175 rise edge)
                                                      0.000     0.000 r  
                                                      0.000     0.000 r  fft_clk (IN)
                         net (fo=4836, unset)         0.432     0.432    output_bank/fft_clk
    RAMB18_X0Y1          RAMB18E1                                     r  output_bank/payload_memory_reg/CLKBWRCLK
                         clock pessimism              0.000     0.432    
    RAMB18_X0Y1          RAMB18E1 (Hold_ramb18e1_CLKBWRCLK_DIBDI[9])
                                                      0.296     0.728    output_bank/payload_memory_reg
  -------------------------------------------------------------------
                         required time                         -0.728    
                         arrival time                           0.812    
  -------------------------------------------------------------------
                         slack                                  0.084    

Slack (MET) :             0.085ns  (arrival time - required time)
  Source:                 result_guard/return_data_reg[31]/C
                            (rising edge-triggered cell FDCE clocked by island_175  {rise@0.000ns fall@2.857ns period=5.714ns})
  Destination:            output_bank/payload_memory_reg/DIBDI[15]
                            (rising edge-triggered cell RAMB18E1 clocked by island_175  {rise@0.000ns fall@2.857ns period=5.714ns})
  Path Group:             island_175
  Path Type:              Hold (Min at Fast Process Corner)
  Requirement:            0.000ns  (island_175 rise@0.000ns - island_175 rise@0.000ns)
  Data Path Delay:        0.349ns  (logic 0.128ns (36.717%)  route 0.221ns (63.283%))
  Logic Levels:           0  
  Clock Path Skew:        0.022ns (DCD - SCD - CPR)
    Destination Clock Delay (DCD):    0.432ns
    Source Clock Delay      (SCD):    0.410ns
    Clock Pessimism Removal (CPR):    -0.000ns

    Location             Delay type                Incr(ns)  Path(ns)    Netlist Resource(s)
  -------------------------------------------------------------------    -------------------
                         (clock island_175 rise edge)
                                                      0.000     0.000 r  
                                                      0.000     0.000 r  fft_clk (IN)
                         net (fo=4836, unset)         0.410     0.410    result_guard/fft_clk
    SLICE_X9Y9           FDCE                                         r  result_guard/return_data_reg[31]/C
  -------------------------------------------------------------------    -------------------
    SLICE_X9Y9           FDCE (Prop_fdce_C_Q)         0.128     0.538 r  result_guard/return_data_reg[31]/Q
                         net (fo=3, routed)           0.221     0.759    output_bank/payload_memory_reg_0[31]
    RAMB18_X0Y1          RAMB18E1                                     r  output_bank/payload_memory_reg/DIBDI[15]
  -------------------------------------------------------------------    -------------------

                         (clock island_175 rise edge)
                                                      0.000     0.000 r  
                                                      0.000     0.000 r  fft_clk (IN)
                         net (fo=4836, unset)         0.432     0.432    output_bank/fft_clk
    RAMB18_X0Y1          RAMB18E1                                     r  output_bank/payload_memory_reg/CLKBWRCLK
                         clock pessimism              0.000     0.432    
    RAMB18_X0Y1          RAMB18E1 (Hold_ramb18e1_CLKBWRCLK_DIBDI[15])
                                                      0.242     0.674    output_bank/payload_memory_reg
  -------------------------------------------------------------------
                         required time                         -0.674    
                         arrival time                           0.759    
  -------------------------------------------------------------------
                         slack                                  0.085    

Slack (MET) :             0.085ns  (arrival time - required time)
  Source:                 shared_xfft/U0/i_synth/xfft_inst/non_floating_point.arch_b.xfft_inst/control/memory_control[1].write_addr_mux/use_lut6_2.latency1.Q_reg[4]/C
                            (rising edge-triggered cell FDRE clocked by island_175  {rise@0.000ns fall@2.857ns period=5.714ns})
  Destination:            shared_xfft/U0/i_synth/xfft_inst/non_floating_point.arch_b.xfft_inst/single_channel.datapath/memories[1].blkmem_gen.use_bram_only.dpms/depths_3to9.ram_loop[0].use_RAMB18.SDP_RAMB18E1_36x512/ADDRBWRADDR[11]
                            (rising edge-triggered cell RAMB18E1 clocked by island_175  {rise@0.000ns fall@2.857ns period=5.714ns})
  Path Group:             island_175
  Path Type:              Hold (Min at Fast Process Corner)
  Requirement:            0.000ns  (island_175 rise@0.000ns - island_175 rise@0.000ns)
  Data Path Delay:        0.290ns  (logic 0.141ns (48.675%)  route 0.149ns (51.325%))
  Logic Levels:           0  
  Clock Path Skew:        0.022ns (DCD - SCD - CPR)
    Destination Clock Delay (DCD):    0.432ns
    Source Clock Delay      (SCD):    0.410ns
    Clock Pessimism Removal (CPR):    -0.000ns

    Location             Delay type                Incr(ns)  Path(ns)    Netlist Resource(s)
  -------------------------------------------------------------------    -------------------
                         (clock island_175 rise edge)
                                                      0.000     0.000 r  
                                                      0.000     0.000 r  fft_clk (IN)
                         net (fo=4836, unset)         0.410     0.410    shared_xfft/U0/i_synth/xfft_inst/non_floating_point.arch_b.xfft_inst/control/memory_control[1].write_addr_mux/aclk
    SLICE_X7Y13          FDRE                                         r  shared_xfft/U0/i_synth/xfft_inst/non_floating_point.arch_b.xfft_inst/control/memory_control[1].write_addr_mux/use_lut6_2.latency1.Q_reg[4]/C
  -------------------------------------------------------------------    -------------------
    SLICE_X7Y13          FDRE (Prop_fdre_C_Q)         0.141     0.551 r  shared_xfft/U0/i_synth/xfft_inst/non_floating_point.arch_b.xfft_inst/control/memory_control[1].write_addr_mux/use_lut6_2.latency1.Q_reg[4]/Q
                         net (fo=1, routed)           0.149     0.700    shared_xfft/U0/i_synth/xfft_inst/non_floating_point.arch_b.xfft_inst/single_channel.datapath/memories[1].blkmem_gen.use_bram_only.dpms/addra[4]
    RAMB18_X0Y5          RAMB18E1                                     r  shared_xfft/U0/i_synth/xfft_inst/non_floating_point.arch_b.xfft_inst/single_channel.datapath/memories[1].blkmem_gen.use_bram_only.dpms/depths_3to9.ram_loop[0].use_RAMB18.SDP_RAMB18E1_36x512/ADDRBWRADDR[11]
  -------------------------------------------------------------------    -------------------

                         (clock island_175 rise edge)
                                                      0.000     0.000 r  
                                                      0.000     0.000 r  fft_clk (IN)
                         net (fo=4836, unset)         0.432     0.432    shared_xfft/U0/i_synth/xfft_inst/non_floating_point.arch_b.xfft_inst/single_channel.datapath/memories[1].blkmem_gen.use_bram_only.dpms/clk
    RAMB18_X0Y5          RAMB18E1                                     r  shared_xfft/U0/i_synth/xfft_inst/non_floating_point.arch_b.xfft_inst/single_channel.datapath/memories[1].blkmem_gen.use_bram_only.dpms/depths_3to9.ram_loop[0].use_RAMB18.SDP_RAMB18E1_36x512/CLKBWRCLK
                         clock pessimism              0.000     0.432    
    RAMB18_X0Y5          RAMB18E1 (Hold_ramb18e1_CLKBWRCLK_ADDRBWRADDR[11])
                                                      0.183     0.615    shared_xfft/U0/i_synth/xfft_inst/non_floating_point.arch_b.xfft_inst/single_channel.datapath/memories[1].blkmem_gen.use_bram_only.dpms/depths_3to9.ram_loop[0].use_RAMB18.SDP_RAMB18E1_36x512
  -------------------------------------------------------------------
                         required time                         -0.615    
                         arrival time                           0.700    
  -------------------------------------------------------------------
                         slack                                  0.085    

Slack (MET) :             0.089ns  (arrival time - required time)
  Source:                 result_guard/return_data_reg[3]/C
                            (rising edge-triggered cell FDCE clocked by island_175  {rise@0.000ns fall@2.857ns period=5.714ns})
  Destination:            output_bank/payload_memory_reg/DIADI[3]
                            (rising edge-triggered cell RAMB18E1 clocked by island_175  {rise@0.000ns fall@2.857ns period=5.714ns})
  Path Group:             island_175
  Path Type:              Hold (Min at Fast Process Corner)
  Requirement:            0.000ns  (island_175 rise@0.000ns - island_175 rise@0.000ns)
  Data Path Delay:        0.406ns  (logic 0.141ns (34.719%)  route 0.265ns (65.281%))
  Logic Levels:           0  
  Clock Path Skew:        0.022ns (DCD - SCD - CPR)
    Destination Clock Delay (DCD):    0.432ns
    Source Clock Delay      (SCD):    0.410ns
    Clock Pessimism Removal (CPR):    -0.000ns

    Location             Delay type                Incr(ns)  Path(ns)    Netlist Resource(s)
  -------------------------------------------------------------------    -------------------
                         (clock island_175 rise edge)
                                                      0.000     0.000 r  
                                                      0.000     0.000 r  fft_clk (IN)
                         net (fo=4836, unset)         0.410     0.410    result_guard/fft_clk
    SLICE_X9Y6           FDCE                                         r  result_guard/return_data_reg[3]/C
  -------------------------------------------------------------------    -------------------
    SLICE_X9Y6           FDCE (Prop_fdce_C_Q)         0.141     0.551 r  result_guard/return_data_reg[3]/Q
                         net (fo=3, routed)           0.265     0.816    output_bank/payload_memory_reg_0[3]
    RAMB18_X0Y1          RAMB18E1                                     r  output_bank/payload_memory_reg/DIADI[3]
  -------------------------------------------------------------------    -------------------

                         (clock island_175 rise edge)
                                                      0.000     0.000 r  
                                                      0.000     0.000 r  fft_clk (IN)
                         net (fo=4836, unset)         0.432     0.432    output_bank/fft_clk
    RAMB18_X0Y1          RAMB18E1                                     r  output_bank/payload_memory_reg/CLKBWRCLK
                         clock pessimism              0.000     0.432    
    RAMB18_X0Y1          RAMB18E1 (Hold_ramb18e1_CLKBWRCLK_DIADI[3])
                                                      0.296     0.728    output_bank/payload_memory_reg
  -------------------------------------------------------------------
                         required time                         -0.728    
                         arrival time                           0.816    
  -------------------------------------------------------------------
                         slack                                  0.089    

Slack (MET) :             0.093ns  (arrival time - required time)
  Source:                 result_guard/return_data_reg[24]/C
                            (rising edge-triggered cell FDCE clocked by island_175  {rise@0.000ns fall@2.857ns period=5.714ns})
  Destination:            output_bank/payload_memory_reg/DIBDI[8]
                            (rising edge-triggered cell RAMB18E1 clocked by island_175  {rise@0.000ns fall@2.857ns period=5.714ns})
  Path Group:             island_175
  Path Type:              Hold (Min at Fast Process Corner)
  Requirement:            0.000ns  (island_175 rise@0.000ns - island_175 rise@0.000ns)
  Data Path Delay:        0.410ns  (logic 0.141ns (34.358%)  route 0.269ns (65.642%))
  Logic Levels:           0  
  Clock Path Skew:        0.022ns (DCD - SCD - CPR)
    Destination Clock Delay (DCD):    0.432ns
    Source Clock Delay      (SCD):    0.410ns
    Clock Pessimism Removal (CPR):    -0.000ns

    Location             Delay type                Incr(ns)  Path(ns)    Netlist Resource(s)
  -------------------------------------------------------------------    -------------------
                         (clock island_175 rise edge)
                                                      0.000     0.000 r  
                                                      0.000     0.000 r  fft_clk (IN)
                         net (fo=4836, unset)         0.410     0.410    result_guard/fft_clk
    SLICE_X9Y9           FDCE                                         r  result_guard/return_data_reg[24]/C
  -------------------------------------------------------------------    -------------------
    SLICE_X9Y9           FDCE (Prop_fdce_C_Q)         0.141     0.551 r  result_guard/return_data_reg[24]/Q
                         net (fo=3, routed)           0.269     0.821    output_bank/payload_memory_reg_0[24]
    RAMB18_X0Y1          RAMB18E1                                     r  output_bank/payload_memory_reg/DIBDI[8]
  -------------------------------------------------------------------    -------------------

                         (clock island_175 rise edge)
                                                      0.000     0.000 r  
                                                      0.000     0.000 r  fft_clk (IN)
                         net (fo=4836, unset)         0.432     0.432    output_bank/fft_clk
    RAMB18_X0Y1          RAMB18E1                                     r  output_bank/payload_memory_reg/CLKBWRCLK
                         clock pessimism              0.000     0.432    
    RAMB18_X0Y1          RAMB18E1 (Hold_ramb18e1_CLKBWRCLK_DIBDI[8])
                                                      0.296     0.728    output_bank/payload_memory_reg
  -------------------------------------------------------------------
                         required time                         -0.728    
                         arrival time                           0.821    
  -------------------------------------------------------------------
                         slack                                  0.093    

Slack (MET) :             0.094ns  (arrival time - required time)
  Source:                 product/output_q_reg[8]/C
                            (rising edge-triggered cell FDRE clocked by island_175  {rise@0.000ns fall@2.857ns period=5.714ns})
  Destination:            product_bank/payload_memory_reg/DIBDI[10]
                            (rising edge-triggered cell RAMB18E1 clocked by island_175  {rise@0.000ns fall@2.857ns period=5.714ns})
  Path Group:             island_175
  Path Type:              Hold (Min at Fast Process Corner)
  Requirement:            0.000ns  (island_175 rise@0.000ns - island_175 rise@0.000ns)
  Data Path Delay:        0.271ns  (logic 0.164ns (60.558%)  route 0.107ns (39.442%))
  Logic Levels:           0  
  Clock Path Skew:        0.022ns (DCD - SCD - CPR)
    Destination Clock Delay (DCD):    0.432ns
    Source Clock Delay      (SCD):    0.410ns
    Clock Pessimism Removal (CPR):    -0.000ns

    Location             Delay type                Incr(ns)  Path(ns)    Netlist Resource(s)
  -------------------------------------------------------------------    -------------------
                         (clock island_175 rise edge)
                                                      0.000     0.000 r  
                                                      0.000     0.000 r  fft_clk (IN)
                         net (fo=4836, unset)         0.410     0.410    product/fft_clk
    SLICE_X6Y5           FDRE                                         r  product/output_q_reg[8]/C
  -------------------------------------------------------------------    -------------------
    SLICE_X6Y5           FDRE (Prop_fdre_C_Q)         0.164     0.574 r  product/output_q_reg[8]/Q
                         net (fo=1, routed)           0.107     0.681    product_bank/payload_memory_reg_1[8]
    RAMB18_X0Y2          RAMB18E1                                     r  product_bank/payload_memory_reg/DIBDI[10]
  -------------------------------------------------------------------    -------------------

                         (clock island_175 rise edge)
                                                      0.000     0.000 r  
                                                      0.000     0.000 r  fft_clk (IN)
                         net (fo=4836, unset)         0.432     0.432    product_bank/fft_clk
    RAMB18_X0Y2          RAMB18E1                                     r  product_bank/payload_memory_reg/CLKBWRCLK
                         clock pessimism              0.000     0.432    
    RAMB18_X0Y2          RAMB18E1 (Hold_ramb18e1_CLKBWRCLK_DIBDI[10])
                                                      0.155     0.587    product_bank/payload_memory_reg
  -------------------------------------------------------------------
                         required time                         -0.587    
                         arrival time                           0.681    
  -------------------------------------------------------------------
                         slack                                  0.094    

Slack (MET) :             0.094ns  (arrival time - required time)
  Source:                 shared_xfft/U0/i_synth/xfft_inst/non_floating_point.arch_b.xfft_inst/single_channel.datapath/input_muxes[0].write_data_im_mux/use_lut6_2.latency1.Q_reg[16]/C
                            (rising edge-triggered cell FDRE clocked by island_175  {rise@0.000ns fall@2.857ns period=5.714ns})
  Destination:            shared_xfft/U0/i_synth/xfft_inst/non_floating_point.arch_b.xfft_inst/single_channel.datapath/memories[0].blkmem_gen.use_bram_only.dpms/depths_3to9.ram_loop[0].use_RAMB18.SDP_RAMB18E1_36x512/DIBDI[15]
                            (rising edge-triggered cell RAMB18E1 clocked by island_175  {rise@0.000ns fall@2.857ns period=5.714ns})
  Path Group:             island_175
  Path Type:              Hold (Min at Fast Process Corner)
  Requirement:            0.000ns  (island_175 rise@0.000ns - island_175 rise@0.000ns)
  Data Path Delay:        0.271ns  (logic 0.164ns (60.558%)  route 0.107ns (39.442%))
  Logic Levels:           0  
  Clock Path Skew:        0.022ns (DCD - SCD - CPR)
    Destination Clock Delay (DCD):    0.432ns
    Source Clock Delay      (SCD):    0.410ns
    Clock Pessimism Removal (CPR):    -0.000ns

    Location             Delay type                Incr(ns)  Path(ns)    Netlist Resource(s)
  -------------------------------------------------------------------    -------------------
                         (clock island_175 rise edge)
                                                      0.000     0.000 r  
                                                      0.000     0.000 r  fft_clk (IN)
                         net (fo=4836, unset)         0.410     0.410    shared_xfft/U0/i_synth/xfft_inst/non_floating_point.arch_b.xfft_inst/single_channel.datapath/input_muxes[0].write_data_im_mux/aclk
    SLICE_X6Y20          FDRE                                         r  shared_xfft/U0/i_synth/xfft_inst/non_floating_point.arch_b.xfft_inst/single_channel.datapath/input_muxes[0].write_data_im_mux/use_lut6_2.latency1.Q_reg[16]/C
  -------------------------------------------------------------------    -------------------
    SLICE_X6Y20          FDRE (Prop_fdre_C_Q)         0.164     0.574 r  shared_xfft/U0/i_synth/xfft_inst/non_floating_point.arch_b.xfft_inst/single_channel.datapath/input_muxes[0].write_data_im_mux/use_lut6_2.latency1.Q_reg[16]/Q
                         net (fo=1, routed)           0.107     0.681    shared_xfft/U0/i_synth/xfft_inst/non_floating_point.arch_b.xfft_inst/single_channel.datapath/memories[0].blkmem_gen.use_bram_only.dpms/dina[16]
    RAMB18_X0Y7          RAMB18E1                                     r  shared_xfft/U0/i_synth/xfft_inst/non_floating_point.arch_b.xfft_inst/single_channel.datapath/memories[0].blkmem_gen.use_bram_only.dpms/depths_3to9.ram_loop[0].use_RAMB18.SDP_RAMB18E1_36x512/DIBDI[15]
  -------------------------------------------------------------------    -------------------

                         (clock island_175 rise edge)
                                                      0.000     0.000 r  
                                                      0.000     0.000 r  fft_clk (IN)
                         net (fo=4836, unset)         0.432     0.432    shared_xfft/U0/i_synth/xfft_inst/non_floating_point.arch_b.xfft_inst/single_channel.datapath/memories[0].blkmem_gen.use_bram_only.dpms/clk
    RAMB18_X0Y7          RAMB18E1                                     r  shared_xfft/U0/i_synth/xfft_inst/non_floating_point.arch_b.xfft_inst/single_channel.datapath/memories[0].blkmem_gen.use_bram_only.dpms/depths_3to9.ram_loop[0].use_RAMB18.SDP_RAMB18E1_36x512/CLKBWRCLK
                         clock pessimism              0.000     0.432    
    RAMB18_X0Y7          RAMB18E1 (Hold_ramb18e1_CLKBWRCLK_DIBDI[15])
                                                      0.155     0.587    shared_xfft/U0/i_synth/xfft_inst/non_floating_point.arch_b.xfft_inst/single_channel.datapath/memories[0].blkmem_gen.use_bram_only.dpms/depths_3to9.ram_loop[0].use_RAMB18.SDP_RAMB18E1_36x512
  -------------------------------------------------------------------
                         required time                         -0.587    
                         arrival time                           0.681    
  -------------------------------------------------------------------
                         slack                                  0.094    

Slack (MET) :             0.094ns  (arrival time - required time)
  Source:                 shared_xfft/U0/i_synth/xfft_inst/non_floating_point.arch_b.xfft_inst/single_channel.datapath/input_muxes[2].write_data_re_mux/use_lut6_2.latency1.Q_reg[10]/C
                            (rising edge-triggered cell FDRE clocked by island_175  {rise@0.000ns fall@2.857ns period=5.714ns})
  Destination:            shared_xfft/U0/i_synth/xfft_inst/non_floating_point.arch_b.xfft_inst/single_channel.datapath/memories[2].blkmem_gen.use_bram_only.dpms/depths_3to9.ram_loop[0].use_RAMB18.SDP_RAMB18E1_36x512/DIADI[9]
                            (rising edge-triggered cell RAMB18E1 clocked by island_175  {rise@0.000ns fall@2.857ns period=5.714ns})
  Path Group:             island_175
  Path Type:              Hold (Min at Fast Process Corner)
  Requirement:            0.000ns  (island_175 rise@0.000ns - island_175 rise@0.000ns)
  Data Path Delay:        0.271ns  (logic 0.164ns (60.558%)  route 0.107ns (39.442%))
  Logic Levels:           0  
  Clock Path Skew:        0.022ns (DCD - SCD - CPR)
    Destination Clock Delay (DCD):    0.432ns
    Source Clock Delay      (SCD):    0.410ns
    Clock Pessimism Removal (CPR):    -0.000ns

    Location             Delay type                Incr(ns)  Path(ns)    Netlist Resource(s)
  -------------------------------------------------------------------    -------------------
                         (clock island_175 rise edge)
                                                      0.000     0.000 r  
                                                      0.000     0.000 r  fft_clk (IN)
                         net (fo=4836, unset)         0.410     0.410    shared_xfft/U0/i_synth/xfft_inst/non_floating_point.arch_b.xfft_inst/single_channel.datapath/input_muxes[2].write_data_re_mux/aclk
    SLICE_X6Y20          FDRE                                         r  shared_xfft/U0/i_synth/xfft_inst/non_floating_point.arch_b.xfft_inst/single_channel.datapath/input_muxes[2].write_data_re_mux/use_lut6_2.latency1.Q_reg[10]/C
  -------------------------------------------------------------------    -------------------
    SLICE_X6Y20          FDRE (Prop_fdre_C_Q)         0.164     0.574 r  shared_xfft/U0/i_synth/xfft_inst/non_floating_point.arch_b.xfft_inst/single_channel.datapath/input_muxes[2].write_data_re_mux/use_lut6_2.latency1.Q_reg[10]/Q
                         net (fo=1, routed)           0.107     0.681    shared_xfft/U0/i_synth/xfft_inst/non_floating_point.arch_b.xfft_inst/single_channel.datapath/memories[2].blkmem_gen.use_bram_only.dpms/dina[28]
    RAMB18_X0Y8          RAMB18E1                                     r  shared_xfft/U0/i_synth/xfft_inst/non_floating_point.arch_b.xfft_inst/single_channel.datapath/memories[2].blkmem_gen.use_bram_only.dpms/depths_3to9.ram_loop[0].use_RAMB18.SDP_RAMB18E1_36x512/DIADI[9]
  -------------------------------------------------------------------    -------------------

                         (clock island_175 rise edge)
                                                      0.000     0.000 r  
                                                      0.000     0.000 r  fft_clk (IN)
                         net (fo=4836, unset)         0.432     0.432    shared_xfft/U0/i_synth/xfft_inst/non_floating_point.arch_b.xfft_inst/single_channel.datapath/memories[2].blkmem_gen.use_bram_only.dpms/clk
    RAMB18_X0Y8          RAMB18E1                                     r  shared_xfft/U0/i_synth/xfft_inst/non_floating_point.arch_b.xfft_inst/single_channel.datapath/memories[2].blkmem_gen.use_bram_only.dpms/depths_3to9.ram_loop[0].use_RAMB18.SDP_RAMB18E1_36x512/CLKBWRCLK
                         clock pessimism              0.000     0.432    
    RAMB18_X0Y8          RAMB18E1 (Hold_ramb18e1_CLKBWRCLK_DIADI[9])
                                                      0.155     0.587    shared_xfft/U0/i_synth/xfft_inst/non_floating_point.arch_b.xfft_inst/single_channel.datapath/memories[2].blkmem_gen.use_bram_only.dpms/depths_3to9.ram_loop[0].use_RAMB18.SDP_RAMB18E1_36x512
  -------------------------------------------------------------------
                         required time                         -0.587    
                         arrival time                           0.681    
  -------------------------------------------------------------------
                         slack                                  0.094    

Slack (MET) :             0.095ns  (arrival time - required time)
  Source:                 product/output_i_reg[0]/C
                            (rising edge-triggered cell FDRE clocked by island_175  {rise@0.000ns fall@2.857ns period=5.714ns})
  Destination:            product_bank/payload_memory_reg/DIADI[0]
                            (rising edge-triggered cell RAMB18E1 clocked by island_175  {rise@0.000ns fall@2.857ns period=5.714ns})
  Path Group:             island_175
  Path Type:              Hold (Min at Fast Process Corner)
  Requirement:            0.000ns  (island_175 rise@0.000ns - island_175 rise@0.000ns)
  Data Path Delay:        0.272ns  (logic 0.141ns (51.888%)  route 0.131ns (48.112%))
  Logic Levels:           0  
  Clock Path Skew:        0.022ns (DCD - SCD - CPR)
    Destination Clock Delay (DCD):    0.432ns
    Source Clock Delay      (SCD):    0.410ns
    Clock Pessimism Removal (CPR):    -0.000ns

    Location             Delay type                Incr(ns)  Path(ns)    Netlist Resource(s)
  -------------------------------------------------------------------    -------------------
                         (clock island_175 rise edge)
                                                      0.000     0.000 r  
                                                      0.000     0.000 r  fft_clk (IN)
                         net (fo=4836, unset)         0.410     0.410    product/fft_clk
    SLICE_X7Y5           FDRE                                         r  product/output_i_reg[0]/C
  -------------------------------------------------------------------    -------------------
    SLICE_X7Y5           FDRE (Prop_fdre_C_Q)         0.141     0.551 r  product/output_i_reg[0]/Q
                         net (fo=1, routed)           0.131     0.682    product_bank/payload_memory_reg_0[0]
    RAMB18_X0Y2          RAMB18E1                                     r  product_bank/payload_memory_reg/DIADI[0]
  -------------------------------------------------------------------    -------------------

                         (clock island_175 rise edge)
                                                      0.000     0.000 r  
                                                      0.000     0.000 r  fft_clk (IN)
                         net (fo=4836, unset)         0.432     0.432    product_bank/fft_clk
    RAMB18_X0Y2          RAMB18E1                                     r  product_bank/payload_memory_reg/CLKBWRCLK
                         clock pessimism              0.000     0.432    
    RAMB18_X0Y2          RAMB18E1 (Hold_ramb18e1_CLKBWRCLK_DIADI[0])
                                                      0.155     0.587    product_bank/payload_memory_reg
  -------------------------------------------------------------------
                         required time                         -0.587    
                         arrival time                           0.682    
  -------------------------------------------------------------------
                         slack                                  0.095    

Slack (MET) :             0.095ns  (arrival time - required time)
  Source:                 shared_xfft/U0/i_synth/xfft_inst/non_floating_point.arch_b.xfft_inst/single_channel.datapath/input_muxes[2].write_data_re_mux/use_lut6_2.latency1.Q_reg[0]/C
                            (rising edge-triggered cell FDRE clocked by island_175  {rise@0.000ns fall@2.857ns period=5.714ns})
  Destination:            shared_xfft/U0/i_synth/xfft_inst/non_floating_point.arch_b.xfft_inst/single_channel.datapath/memories[2].blkmem_gen.use_bram_only.dpms/depths_3to9.ram_loop[0].use_RAMB18.SDP_RAMB18E1_36x512/DIADI[0]
                            (rising edge-triggered cell RAMB18E1 clocked by island_175  {rise@0.000ns fall@2.857ns period=5.714ns})
  Path Group:             island_175
  Path Type:              Hold (Min at Fast Process Corner)
  Requirement:            0.000ns  (island_175 rise@0.000ns - island_175 rise@0.000ns)
  Data Path Delay:        0.272ns  (logic 0.141ns (51.888%)  route 0.131ns (48.112%))
  Logic Levels:           0  
  Clock Path Skew:        0.022ns (DCD - SCD - CPR)
    Destination Clock Delay (DCD):    0.432ns
    Source Clock Delay      (SCD):    0.410ns
    Clock Pessimism Removal (CPR):    -0.000ns

    Location             Delay type                Incr(ns)  Path(ns)    Netlist Resource(s)
  -------------------------------------------------------------------    -------------------
                         (clock island_175 rise edge)
                                                      0.000     0.000 r  
                                                      0.000     0.000 r  fft_clk (IN)
                         net (fo=4836, unset)         0.410     0.410    shared_xfft/U0/i_synth/xfft_inst/non_floating_point.arch_b.xfft_inst/single_channel.datapath/input_muxes[2].write_data_re_mux/aclk
    SLICE_X7Y21          FDRE                                         r  shared_xfft/U0/i_synth/xfft_inst/non_floating_point.arch_b.xfft_inst/single_channel.datapath/input_muxes[2].write_data_re_mux/use_lut6_2.latency1.Q_reg[0]/C
  -------------------------------------------------------------------    -------------------
    SLICE_X7Y21          FDRE (Prop_fdre_C_Q)         0.141     0.551 r  shared_xfft/U0/i_synth/xfft_inst/non_floating_point.arch_b.xfft_inst/single_channel.datapath/input_muxes[2].write_data_re_mux/use_lut6_2.latency1.Q_reg[0]/Q
                         net (fo=1, routed)           0.131     0.682    shared_xfft/U0/i_synth/xfft_inst/non_floating_point.arch_b.xfft_inst/single_channel.datapath/memories[2].blkmem_gen.use_bram_only.dpms/dina[18]
    RAMB18_X0Y8          RAMB18E1                                     r  shared_xfft/U0/i_synth/xfft_inst/non_floating_point.arch_b.xfft_inst/single_channel.datapath/memories[2].blkmem_gen.use_bram_only.dpms/depths_3to9.ram_loop[0].use_RAMB18.SDP_RAMB18E1_36x512/DIADI[0]
  -------------------------------------------------------------------    -------------------

                         (clock island_175 rise edge)
                                                      0.000     0.000 r  
                                                      0.000     0.000 r  fft_clk (IN)
                         net (fo=4836, unset)         0.432     0.432    shared_xfft/U0/i_synth/xfft_inst/non_floating_point.arch_b.xfft_inst/single_channel.datapath/memories[2].blkmem_gen.use_bram_only.dpms/clk
    RAMB18_X0Y8          RAMB18E1                                     r  shared_xfft/U0/i_synth/xfft_inst/non_floating_point.arch_b.xfft_inst/single_channel.datapath/memories[2].blkmem_gen.use_bram_only.dpms/depths_3to9.ram_loop[0].use_RAMB18.SDP_RAMB18E1_36x512/CLKBWRCLK
                         clock pessimism              0.000     0.432    
    RAMB18_X0Y8          RAMB18E1 (Hold_ramb18e1_CLKBWRCLK_DIADI[0])
                                                      0.155     0.587    shared_xfft/U0/i_synth/xfft_inst/non_floating_point.arch_b.xfft_inst/single_channel.datapath/memories[2].blkmem_gen.use_bram_only.dpms/depths_3to9.ram_loop[0].use_RAMB18.SDP_RAMB18E1_36x512
  -------------------------------------------------------------------
                         required time                         -0.587    
                         arrival time                           0.682    
  -------------------------------------------------------------------
                         slack                                  0.095    

Slack (MET) :             0.095ns  (arrival time - required time)
  Source:                 shared_xfft/U0/i_synth/xfft_inst/non_floating_point.arch_b.xfft_inst/single_channel.datapath/input_muxes[2].write_data_re_mux/use_lut6_2.latency1.Q_reg[12]/C
                            (rising edge-triggered cell FDRE clocked by island_175  {rise@0.000ns fall@2.857ns period=5.714ns})
  Destination:            shared_xfft/U0/i_synth/xfft_inst/non_floating_point.arch_b.xfft_inst/single_channel.datapath/memories[2].blkmem_gen.use_bram_only.dpms/depths_3to9.ram_loop[0].use_RAMB18.SDP_RAMB18E1_36x512/DIADI[11]
                            (rising edge-triggered cell RAMB18E1 clocked by island_175  {rise@0.000ns fall@2.857ns period=5.714ns})
  Path Group:             island_175
  Path Type:              Hold (Min at Fast Process Corner)
  Requirement:            0.000ns  (island_175 rise@0.000ns - island_175 rise@0.000ns)
  Data Path Delay:        0.272ns  (logic 0.164ns (60.336%)  route 0.108ns (39.664%))
  Logic Levels:           0  
  Clock Path Skew:        0.022ns (DCD - SCD - CPR)
    Destination Clock Delay (DCD):    0.432ns
    Source Clock Delay      (SCD):    0.410ns
    Clock Pessimism Removal (CPR):    -0.000ns

    Location             Delay type                Incr(ns)  Path(ns)    Netlist Resource(s)
  -------------------------------------------------------------------    -------------------
                         (clock island_175 rise edge)
                                                      0.000     0.000 r  
                                                      0.000     0.000 r  fft_clk (IN)
                         net (fo=4836, unset)         0.410     0.410    shared_xfft/U0/i_synth/xfft_inst/non_floating_point.arch_b.xfft_inst/single_channel.datapath/input_muxes[2].write_data_re_mux/aclk
    SLICE_X6Y20          FDRE                                         r  shared_xfft/U0/i_synth/xfft_inst/non_floating_point.arch_b.xfft_inst/single_channel.datapath/input_muxes[2].write_data_re_mux/use_lut6_2.latency1.Q_reg[12]/C
  -------------------------------------------------------------------    -------------------
    SLICE_X6Y20          FDRE (Prop_fdre_C_Q)         0.164     0.574 r  shared_xfft/U0/i_synth/xfft_inst/non_floating_point.arch_b.xfft_inst/single_channel.datapath/input_muxes[2].write_data_re_mux/use_lut6_2.latency1.Q_reg[12]/Q
                         net (fo=1, routed)           0.108     0.682    shared_xfft/U0/i_synth/xfft_inst/non_floating_point.arch_b.xfft_inst/single_channel.datapath/memories[2].blkmem_gen.use_bram_only.dpms/dina[30]
    RAMB18_X0Y8          RAMB18E1                                     r  shared_xfft/U0/i_synth/xfft_inst/non_floating_point.arch_b.xfft_inst/single_channel.datapath/memories[2].blkmem_gen.use_bram_only.dpms/depths_3to9.ram_loop[0].use_RAMB18.SDP_RAMB18E1_36x512/DIADI[11]
  -------------------------------------------------------------------    -------------------

                         (clock island_175 rise edge)
                                                      0.000     0.000 r  
                                                      0.000     0.000 r  fft_clk (IN)
                         net (fo=4836, unset)         0.432     0.432    shared_xfft/U0/i_synth/xfft_inst/non_floating_point.arch_b.xfft_inst/single_channel.datapath/memories[2].blkmem_gen.use_bram_only.dpms/clk
    RAMB18_X0Y8          RAMB18E1                                     r  shared_xfft/U0/i_synth/xfft_inst/non_floating_point.arch_b.xfft_inst/single_channel.datapath/memories[2].blkmem_gen.use_bram_only.dpms/depths_3to9.ram_loop[0].use_RAMB18.SDP_RAMB18E1_36x512/CLKBWRCLK
                         clock pessimism              0.000     0.432    
    RAMB18_X0Y8          RAMB18E1 (Hold_ramb18e1_CLKBWRCLK_DIADI[11])
                                                      0.155     0.587    shared_xfft/U0/i_synth/xfft_inst/non_floating_point.arch_b.xfft_inst/single_channel.datapath/memories[2].blkmem_gen.use_bram_only.dpms/depths_3to9.ram_loop[0].use_RAMB18.SDP_RAMB18E1_36x512
  -------------------------------------------------------------------
                         required time                         -0.587    
                         arrival time                           0.682    
  -------------------------------------------------------------------
                         slack                                  0.095    

Slack (MET) :             0.095ns  (arrival time - required time)
  Source:                 shared_xfft/U0/i_synth/xfft_inst/non_floating_point.arch_b.xfft_inst/single_channel.datapath/input_muxes[2].write_data_im_mux/use_lut6_2.latency1.Q_reg[10]/C
                            (rising edge-triggered cell FDRE clocked by island_175  {rise@0.000ns fall@2.857ns period=5.714ns})
  Destination:            shared_xfft/U0/i_synth/xfft_inst/non_floating_point.arch_b.xfft_inst/single_channel.datapath/memories[2].blkmem_gen.use_bram_only.dpms/depths_3to9.ram_loop[0].use_RAMB18.SDP_RAMB18E1_36x512/DIBDI[9]
                            (rising edge-triggered cell RAMB18E1 clocked by island_175  {rise@0.000ns fall@2.857ns period=5.714ns})
  Path Group:             island_175
  Path Type:              Hold (Min at Fast Process Corner)
  Requirement:            0.000ns  (island_175 rise@0.000ns - island_175 rise@0.000ns)
  Data Path Delay:        0.272ns  (logic 0.164ns (60.336%)  route 0.108ns (39.664%))
  Logic Levels:           0  
  Clock Path Skew:        0.022ns (DCD - SCD - CPR)
    Destination Clock Delay (DCD):    0.432ns
    Source Clock Delay      (SCD):    0.410ns
    Clock Pessimism Removal (CPR):    -0.000ns

    Location             Delay type                Incr(ns)  Path(ns)    Netlist Resource(s)
  -------------------------------------------------------------------    -------------------
                         (clock island_175 rise edge)
                                                      0.000     0.000 r  
                                                      0.000     0.000 r  fft_clk (IN)
                         net (fo=4836, unset)         0.410     0.410    shared_xfft/U0/i_synth/xfft_inst/non_floating_point.arch_b.xfft_inst/single_channel.datapath/input_muxes[2].write_data_im_mux/aclk
    SLICE_X6Y20          FDRE                                         r  shared_xfft/U0/i_synth/xfft_inst/non_floating_point.arch_b.xfft_inst/single_channel.datapath/input_muxes[2].write_data_im_mux/use_lut6_2.latency1.Q_reg[10]/C
  -------------------------------------------------------------------    -------------------
    SLICE_X6Y20          FDRE (Prop_fdre_C_Q)         0.164     0.574 r  shared_xfft/U0/i_synth/xfft_inst/non_floating_point.arch_b.xfft_inst/single_channel.datapath/input_muxes[2].write_data_im_mux/use_lut6_2.latency1.Q_reg[10]/Q
                         net (fo=1, routed)           0.108     0.682    shared_xfft/U0/i_synth/xfft_inst/non_floating_point.arch_b.xfft_inst/single_channel.datapath/memories[2].blkmem_gen.use_bram_only.dpms/dina[10]
    RAMB18_X0Y8          RAMB18E1                                     r  shared_xfft/U0/i_synth/xfft_inst/non_floating_point.arch_b.xfft_inst/single_channel.datapath/memories[2].blkmem_gen.use_bram_only.dpms/depths_3to9.ram_loop[0].use_RAMB18.SDP_RAMB18E1_36x512/DIBDI[9]
  -------------------------------------------------------------------    -------------------

                         (clock island_175 rise edge)
                                                      0.000     0.000 r  
                                                      0.000     0.000 r  fft_clk (IN)
                         net (fo=4836, unset)         0.432     0.432    shared_xfft/U0/i_synth/xfft_inst/non_floating_point.arch_b.xfft_inst/single_channel.datapath/memories[2].blkmem_gen.use_bram_only.dpms/clk
    RAMB18_X0Y8          RAMB18E1                                     r  shared_xfft/U0/i_synth/xfft_inst/non_floating_point.arch_b.xfft_inst/single_channel.datapath/memories[2].blkmem_gen.use_bram_only.dpms/depths_3to9.ram_loop[0].use_RAMB18.SDP_RAMB18E1_36x512/CLKBWRCLK
                         clock pessimism              0.000     0.432    
    RAMB18_X0Y8          RAMB18E1 (Hold_ramb18e1_CLKBWRCLK_DIBDI[9])
                                                      0.155     0.587    shared_xfft/U0/i_synth/xfft_inst/non_floating_point.arch_b.xfft_inst/single_channel.datapath/memories[2].blkmem_gen.use_bram_only.dpms/depths_3to9.ram_loop[0].use_RAMB18.SDP_RAMB18E1_36x512
  -------------------------------------------------------------------
                         required time                         -0.587    
                         arrival time                           0.682    
  -------------------------------------------------------------------
                         slack                                  0.095    

Slack (MET) :             0.097ns  (arrival time - required time)
  Source:                 shared_xfft/U0/i_synth/xfft_inst/non_floating_point.arch_b.xfft_inst/single_channel.datapath/pe/mult_gen.Mult2/i_cmpy/three_mult_structure.use_dsp.i_dsp48/dsp_preadder_1.reg_mult1_preadd_d/dN.std_srl.shift_reg_reg[0][7]/C
                            (rising edge-triggered cell FDRE clocked by island_175  {rise@0.000ns fall@2.857ns period=5.714ns})
  Destination:            shared_xfft/U0/i_synth/xfft_inst/non_floating_point.arch_b.xfft_inst/single_channel.datapath/pe/mult_gen.Mult2/i_cmpy/three_mult_structure.use_dsp.i_dsp48/dsp_preadder_3.reg_mult3_preadd_d/dN.std_srl.shift_reg_reg[1][7]/D
                            (rising edge-triggered cell FDRE clocked by island_175  {rise@0.000ns fall@2.857ns period=5.714ns})
  Path Group:             island_175
  Path Type:              Hold (Min at Fast Process Corner)
  Requirement:            0.000ns  (island_175 rise@0.000ns - island_175 rise@0.000ns)
  Data Path Delay:        0.197ns  (logic 0.141ns (71.611%)  route 0.056ns (28.389%))
  Logic Levels:           0  
  Clock Path Skew:        0.022ns (DCD - SCD - CPR)
    Destination Clock Delay (DCD):    0.432ns
    Source Clock Delay      (SCD):    0.410ns
    Clock Pessimism Removal (CPR):    -0.000ns

    Location             Delay type                Incr(ns)  Path(ns)    Netlist Resource(s)
  -------------------------------------------------------------------    -------------------
                         (clock island_175 rise edge)
                                                      0.000     0.000 r  
                                                      0.000     0.000 r  fft_clk (IN)
                         net (fo=4836, unset)         0.410     0.410    shared_xfft/U0/i_synth/xfft_inst/non_floating_point.arch_b.xfft_inst/single_channel.datapath/pe/mult_gen.Mult2/i_cmpy/three_mult_structure.use_dsp.i_dsp48/dsp_preadder_1.reg_mult1_preadd_d/aclk
    SLICE_X35Y11         FDRE                                         r  shared_xfft/U0/i_synth/xfft_inst/non_floating_point.arch_b.xfft_inst/single_channel.datapath/pe/mult_gen.Mult2/i_cmpy/three_mult_structure.use_dsp.i_dsp48/dsp_preadder_1.reg_mult1_preadd_d/dN.std_srl.shift_reg_reg[0][7]/C
  -------------------------------------------------------------------    -------------------
    SLICE_X35Y11         FDRE (Prop_fdre_C_Q)         0.141     0.551 r  shared_xfft/U0/i_synth/xfft_inst/non_floating_point.arch_b.xfft_inst/single_channel.datapath/pe/mult_gen.Mult2/i_cmpy/three_mult_structure.use_dsp.i_dsp48/dsp_preadder_1.reg_mult1_preadd_d/dN.std_srl.shift_reg_reg[0][7]/Q
                         net (fo=1, routed)           0.056     0.607    shared_xfft/U0/i_synth/xfft_inst/non_floating_point.arch_b.xfft_inst/single_channel.datapath/pe/mult_gen.Mult2/i_cmpy/three_mult_structure.use_dsp.i_dsp48/dsp_preadder_3.reg_mult3_preadd_d/Q[7]
    SLICE_X35Y11         FDRE                                         r  shared_xfft/U0/i_synth/xfft_inst/non_floating_point.arch_b.xfft_inst/single_channel.datapath/pe/mult_gen.Mult2/i_cmpy/three_mult_structure.use_dsp.i_dsp48/dsp_preadder_3.reg_mult3_preadd_d/dN.std_srl.shift_reg_reg[1][7]/D
  -------------------------------------------------------------------    -------------------

                         (clock island_175 rise edge)
                                                      0.000     0.000 r  
                                                      0.000     0.000 r  fft_clk (IN)
                         net (fo=4836, unset)         0.432     0.432    shared_xfft/U0/i_synth/xfft_inst/non_floating_point.arch_b.xfft_inst/single_channel.datapath/pe/mult_gen.Mult2/i_cmpy/three_mult_structure.use_dsp.i_dsp48/dsp_preadder_3.reg_mult3_preadd_d/aclk
    SLICE_X35Y11         FDRE                                         r  shared_xfft/U0/i_synth/xfft_inst/non_floating_point.arch_b.xfft_inst/single_channel.datapath/pe/mult_gen.Mult2/i_cmpy/three_mult_structure.use_dsp.i_dsp48/dsp_preadder_3.reg_mult3_preadd_d/dN.std_srl.shift_reg_reg[1][7]/C
                         clock pessimism              0.000     0.432    
    SLICE_X35Y11         FDRE (Hold_fdre_C_D)         0.078     0.510    shared_xfft/U0/i_synth/xfft_inst/non_floating_point.arch_b.xfft_inst/single_channel.datapath/pe/mult_gen.Mult2/i_cmpy/three_mult_structure.use_dsp.i_dsp48/dsp_preadder_3.reg_mult3_preadd_d/dN.std_srl.shift_reg_reg[1][7]
  -------------------------------------------------------------------
                         required time                         -0.510    
                         arrival time                           0.607    
  -------------------------------------------------------------------
                         slack                                  0.097    




