Copyright 1986-2022 Xilinx, Inc. All Rights Reserved.
---------------------------------------------------------------------------------------------------------------------------------------------------------------------------------------------------------------------------------------
| Tool Version : Vivado v.2022.2 (lin64) Build 3671981 Fri Oct 14 04:59:54 MDT 2022
| Date         : Thu Sep 10 13:46:58 2026
| Host         : gauss running 64-bit Ubuntu 26.04 LTS
| Command      : report_timing -from [get_clocks source_100] -to [get_clocks source_100] -delay_type max -max_paths 20 -file /home/mouse9911/gits/starlink-build-recovery-20260910.vHzUVnBz/rom-k1m1-route-v1/route/source_100_max.rpt
| Design       : starlink_pss_fft_bank_owned_rom_read_ahead
| Device       : 7z010-clg400
| Speed File   : -1  PRODUCTION 1.12 2019-11-22
---------------------------------------------------------------------------------------------------------------------------------------------------------------------------------------------------------------------------------------

Timing Report

Slack (MET) :             2.391ns  (required time - arrival time)
  Source:                 per_cause_fault_cdc.causes[7].cause_sync_reg[1]/C
                            (rising edge-triggered cell FDRE clocked by source_100  {rise@0.000ns fall@5.000ns period=10.000ns})
  Destination:            source_bank/metadata_in_hold_reg[57]/CE
                            (rising edge-triggered cell FDRE clocked by source_100  {rise@0.000ns fall@5.000ns period=10.000ns})
  Path Group:             source_100
  Path Type:              Setup (Max at Slow Process Corner)
  Requirement:            10.000ns  (source_100 rise@10.000ns - source_100 rise@0.000ns)
  Data Path Delay:        7.112ns  (logic 1.241ns (17.450%)  route 5.871ns (82.550%))
  Logic Levels:           4  (LUT2=1 LUT4=1 LUT5=1 LUT6=1)
  Clock Path Skew:        -0.049ns (DCD - SCD + CPR)
    Destination Clock Delay (DCD):    0.924ns = ( 10.924 - 10.000 ) 
    Source Clock Delay      (SCD):    0.973ns
    Clock Pessimism Removal (CPR):    0.000ns
  Clock Uncertainty:      0.035ns  ((TSJ^2 + TIJ^2)^1/2 + DJ) / 2 + PE
    Total System Jitter     (TSJ):    0.071ns
    Total Input Jitter      (TIJ):    0.000ns
    Discrete Jitter          (DJ):    0.000ns
    Phase Error              (PE):    0.000ns

    Location             Delay type                Incr(ns)  Path(ns)    Netlist Resource(s)
  -------------------------------------------------------------------    -------------------
                         (clock source_100 rise edge)
                                                      0.000     0.000 r  
                                                      0.000     0.000 r  clk (IN)
                         net (fo=205, unset)          0.973     0.973    clk
    SLICE_X24Y15         FDRE                                         r  per_cause_fault_cdc.causes[7].cause_sync_reg[1]/C
  -------------------------------------------------------------------    -------------------
    SLICE_X24Y15         FDRE (Prop_fdre_C_Q)         0.518     1.491 f  per_cause_fault_cdc.causes[7].cause_sync_reg[1]/Q
                         net (fo=1, routed)           1.231     2.722    per_cause_fault_cdc.causes[7].cause_sync[1]
    SLICE_X24Y4          LUT4 (Prop_lut4_I2_O)        0.124     2.846 f  fast_fault_slow_inferred_i_4/O
                         net (fo=1, routed)           0.561     3.406    fast_fault_slow_inferred_i_4_n_0
    SLICE_X24Y1          LUT6 (Prop_lut6_I5_O)        0.124     3.530 f  fast_fault_slow_inferred_i_1/O
                         net (fo=1, routed)           1.249     4.779    source_bank/out[0]
    SLICE_X9Y2           LUT2 (Prop_lut2_I0_O)        0.153     4.932 f  source_bank/fault_INST_0/O
                         net (fo=10, routed)          1.008     5.940    source_bank/input_fault_reg_0
    SLICE_X5Y5           LUT5 (Prop_lut5_I0_O)        0.322     6.262 r  source_bank/metadata_in_hold[68]_i_1/O
                         net (fo=64, routed)          1.823     8.085    source_bank/metadata_load
    SLICE_X21Y15         FDRE                                         r  source_bank/metadata_in_hold_reg[57]/CE
  -------------------------------------------------------------------    -------------------

                         (clock source_100 rise edge)
                                                     10.000    10.000 r  
                                                      0.000    10.000 r  clk (IN)
                         net (fo=205, unset)          0.924    10.924    source_bank/clk
    SLICE_X21Y15         FDRE                                         r  source_bank/metadata_in_hold_reg[57]/C
                         clock pessimism              0.000    10.924    
                         clock uncertainty           -0.035    10.889    
    SLICE_X21Y15         FDRE (Setup_fdre_C_CE)      -0.413    10.476    source_bank/metadata_in_hold_reg[57]
  -------------------------------------------------------------------
                         required time                         10.476    
                         arrival time                          -8.085    
  -------------------------------------------------------------------
                         slack                                  2.391    

Slack (MET) :             2.460ns  (required time - arrival time)
  Source:                 per_cause_fault_cdc.causes[7].cause_sync_reg[1]/C
                            (rising edge-triggered cell FDRE clocked by source_100  {rise@0.000ns fall@5.000ns period=10.000ns})
  Destination:            source_bank/metadata_in_hold_reg[59]/CE
                            (rising edge-triggered cell FDRE clocked by source_100  {rise@0.000ns fall@5.000ns period=10.000ns})
  Path Group:             source_100
  Path Type:              Setup (Max at Slow Process Corner)
  Requirement:            10.000ns  (source_100 rise@10.000ns - source_100 rise@0.000ns)
  Data Path Delay:        7.079ns  (logic 1.241ns (17.531%)  route 5.838ns (82.469%))
  Logic Levels:           4  (LUT2=1 LUT4=1 LUT5=1 LUT6=1)
  Clock Path Skew:        -0.049ns (DCD - SCD + CPR)
    Destination Clock Delay (DCD):    0.924ns = ( 10.924 - 10.000 ) 
    Source Clock Delay      (SCD):    0.973ns
    Clock Pessimism Removal (CPR):    0.000ns
  Clock Uncertainty:      0.035ns  ((TSJ^2 + TIJ^2)^1/2 + DJ) / 2 + PE
    Total System Jitter     (TSJ):    0.071ns
    Total Input Jitter      (TIJ):    0.000ns
    Discrete Jitter          (DJ):    0.000ns
    Phase Error              (PE):    0.000ns

    Location             Delay type                Incr(ns)  Path(ns)    Netlist Resource(s)
  -------------------------------------------------------------------    -------------------
                         (clock source_100 rise edge)
                                                      0.000     0.000 r  
                                                      0.000     0.000 r  clk (IN)
                         net (fo=205, unset)          0.973     0.973    clk
    SLICE_X24Y15         FDRE                                         r  per_cause_fault_cdc.causes[7].cause_sync_reg[1]/C
  -------------------------------------------------------------------    -------------------
    SLICE_X24Y15         FDRE (Prop_fdre_C_Q)         0.518     1.491 f  per_cause_fault_cdc.causes[7].cause_sync_reg[1]/Q
                         net (fo=1, routed)           1.231     2.722    per_cause_fault_cdc.causes[7].cause_sync[1]
    SLICE_X24Y4          LUT4 (Prop_lut4_I2_O)        0.124     2.846 f  fast_fault_slow_inferred_i_4/O
                         net (fo=1, routed)           0.561     3.406    fast_fault_slow_inferred_i_4_n_0
    SLICE_X24Y1          LUT6 (Prop_lut6_I5_O)        0.124     3.530 f  fast_fault_slow_inferred_i_1/O
                         net (fo=1, routed)           1.249     4.779    source_bank/out[0]
    SLICE_X9Y2           LUT2 (Prop_lut2_I0_O)        0.153     4.932 f  source_bank/fault_INST_0/O
                         net (fo=10, routed)          1.008     5.940    source_bank/input_fault_reg_0
    SLICE_X5Y5           LUT5 (Prop_lut5_I0_O)        0.322     6.262 r  source_bank/metadata_in_hold[68]_i_1/O
                         net (fo=64, routed)          1.790     8.052    source_bank/metadata_load
    SLICE_X24Y13         FDRE                                         r  source_bank/metadata_in_hold_reg[59]/CE
  -------------------------------------------------------------------    -------------------

                         (clock source_100 rise edge)
                                                     10.000    10.000 r  
                                                      0.000    10.000 r  clk (IN)
                         net (fo=205, unset)          0.924    10.924    source_bank/clk
    SLICE_X24Y13         FDRE                                         r  source_bank/metadata_in_hold_reg[59]/C
                         clock pessimism              0.000    10.924    
                         clock uncertainty           -0.035    10.889    
    SLICE_X24Y13         FDRE (Setup_fdre_C_CE)      -0.377    10.512    source_bank/metadata_in_hold_reg[59]
  -------------------------------------------------------------------
                         required time                         10.512    
                         arrival time                          -8.052    
  -------------------------------------------------------------------
                         slack                                  2.460    

Slack (MET) :             2.551ns  (required time - arrival time)
  Source:                 per_cause_fault_cdc.causes[7].cause_sync_reg[1]/C
                            (rising edge-triggered cell FDRE clocked by source_100  {rise@0.000ns fall@5.000ns period=10.000ns})
  Destination:            output_bank/read_address_reg[2]/CE
                            (rising edge-triggered cell FDRE clocked by source_100  {rise@0.000ns fall@5.000ns period=10.000ns})
  Path Group:             source_100
  Path Type:              Setup (Max at Slow Process Corner)
  Requirement:            10.000ns  (source_100 rise@10.000ns - source_100 rise@0.000ns)
  Data Path Delay:        6.952ns  (logic 1.522ns (21.893%)  route 5.430ns (78.107%))
  Logic Levels:           6  (LUT2=1 LUT4=2 LUT6=3)
  Clock Path Skew:        -0.049ns (DCD - SCD + CPR)
    Destination Clock Delay (DCD):    0.924ns = ( 10.924 - 10.000 ) 
    Source Clock Delay      (SCD):    0.973ns
    Clock Pessimism Removal (CPR):    0.000ns
  Clock Uncertainty:      0.035ns  ((TSJ^2 + TIJ^2)^1/2 + DJ) / 2 + PE
    Total System Jitter     (TSJ):    0.071ns
    Total Input Jitter      (TIJ):    0.000ns
    Discrete Jitter          (DJ):    0.000ns
    Phase Error              (PE):    0.000ns

    Location             Delay type                Incr(ns)  Path(ns)    Netlist Resource(s)
  -------------------------------------------------------------------    -------------------
                         (clock source_100 rise edge)
                                                      0.000     0.000 r  
                                                      0.000     0.000 r  clk (IN)
                         net (fo=205, unset)          0.973     0.973    clk
    SLICE_X24Y15         FDRE                                         r  per_cause_fault_cdc.causes[7].cause_sync_reg[1]/C
  -------------------------------------------------------------------    -------------------
    SLICE_X24Y15         FDRE (Prop_fdre_C_Q)         0.518     1.491 f  per_cause_fault_cdc.causes[7].cause_sync_reg[1]/Q
                         net (fo=1, routed)           1.231     2.722    per_cause_fault_cdc.causes[7].cause_sync[1]
    SLICE_X24Y4          LUT4 (Prop_lut4_I2_O)        0.124     2.846 f  fast_fault_slow_inferred_i_4/O
                         net (fo=1, routed)           0.561     3.406    fast_fault_slow_inferred_i_4_n_0
    SLICE_X24Y1          LUT6 (Prop_lut6_I5_O)        0.124     3.530 f  fast_fault_slow_inferred_i_1/O
                         net (fo=1, routed)           1.249     4.779    source_bank/out[0]
    SLICE_X9Y2           LUT2 (Prop_lut2_I0_O)        0.153     4.932 f  source_bank/fault_INST_0/O
                         net (fo=10, routed)          0.742     5.674    output_bank/payload_memory_reg_1
    SLICE_X3Y3           LUT6 (Prop_lut6_I1_O)        0.327     6.001 r  output_bank/payload_memory_reg_i_1/O
                         net (fo=13, routed)          0.458     6.459    output_bank/payload_memory_reg_i_1_n_0
    SLICE_X3Y3           LUT6 (Prop_lut6_I2_O)        0.124     6.583 r  output_bank/read_address[0]_i_3/O
                         net (fo=10, routed)          0.703     7.286    output_bank/read_address[0]_i_3_n_0
    SLICE_X3Y3           LUT4 (Prop_lut4_I3_O)        0.152     7.438 r  output_bank/read_address[0]_i_1/O
                         net (fo=9, routed)           0.488     7.925    output_bank/read_address[0]_i_1_n_0
    SLICE_X3Y2           FDRE                                         r  output_bank/read_address_reg[2]/CE
  -------------------------------------------------------------------    -------------------

                         (clock source_100 rise edge)
                                                     10.000    10.000 r  
                                                      0.000    10.000 r  clk (IN)
                         net (fo=205, unset)          0.924    10.924    output_bank/clk
    SLICE_X3Y2           FDRE                                         r  output_bank/read_address_reg[2]/C
                         clock pessimism              0.000    10.924    
                         clock uncertainty           -0.035    10.889    
    SLICE_X3Y2           FDRE (Setup_fdre_C_CE)      -0.413    10.476    output_bank/read_address_reg[2]
  -------------------------------------------------------------------
                         required time                         10.476    
                         arrival time                          -7.925    
  -------------------------------------------------------------------
                         slack                                  2.551    

Slack (MET) :             2.551ns  (required time - arrival time)
  Source:                 per_cause_fault_cdc.causes[7].cause_sync_reg[1]/C
                            (rising edge-triggered cell FDRE clocked by source_100  {rise@0.000ns fall@5.000ns period=10.000ns})
  Destination:            output_bank/read_address_reg[3]/CE
                            (rising edge-triggered cell FDRE clocked by source_100  {rise@0.000ns fall@5.000ns period=10.000ns})
  Path Group:             source_100
  Path Type:              Setup (Max at Slow Process Corner)
  Requirement:            10.000ns  (source_100 rise@10.000ns - source_100 rise@0.000ns)
  Data Path Delay:        6.952ns  (logic 1.522ns (21.893%)  route 5.430ns (78.107%))
  Logic Levels:           6  (LUT2=1 LUT4=2 LUT6=3)
  Clock Path Skew:        -0.049ns (DCD - SCD + CPR)
    Destination Clock Delay (DCD):    0.924ns = ( 10.924 - 10.000 ) 
    Source Clock Delay      (SCD):    0.973ns
    Clock Pessimism Removal (CPR):    0.000ns
  Clock Uncertainty:      0.035ns  ((TSJ^2 + TIJ^2)^1/2 + DJ) / 2 + PE
    Total System Jitter     (TSJ):    0.071ns
    Total Input Jitter      (TIJ):    0.000ns
    Discrete Jitter          (DJ):    0.000ns
    Phase Error              (PE):    0.000ns

    Location             Delay type                Incr(ns)  Path(ns)    Netlist Resource(s)
  -------------------------------------------------------------------    -------------------
                         (clock source_100 rise edge)
                                                      0.000     0.000 r  
                                                      0.000     0.000 r  clk (IN)
                         net (fo=205, unset)          0.973     0.973    clk
    SLICE_X24Y15         FDRE                                         r  per_cause_fault_cdc.causes[7].cause_sync_reg[1]/C
  -------------------------------------------------------------------    -------------------
    SLICE_X24Y15         FDRE (Prop_fdre_C_Q)         0.518     1.491 f  per_cause_fault_cdc.causes[7].cause_sync_reg[1]/Q
                         net (fo=1, routed)           1.231     2.722    per_cause_fault_cdc.causes[7].cause_sync[1]
    SLICE_X24Y4          LUT4 (Prop_lut4_I2_O)        0.124     2.846 f  fast_fault_slow_inferred_i_4/O
                         net (fo=1, routed)           0.561     3.406    fast_fault_slow_inferred_i_4_n_0
    SLICE_X24Y1          LUT6 (Prop_lut6_I5_O)        0.124     3.530 f  fast_fault_slow_inferred_i_1/O
                         net (fo=1, routed)           1.249     4.779    source_bank/out[0]
    SLICE_X9Y2           LUT2 (Prop_lut2_I0_O)        0.153     4.932 f  source_bank/fault_INST_0/O
                         net (fo=10, routed)          0.742     5.674    output_bank/payload_memory_reg_1
    SLICE_X3Y3           LUT6 (Prop_lut6_I1_O)        0.327     6.001 r  output_bank/payload_memory_reg_i_1/O
                         net (fo=13, routed)          0.458     6.459    output_bank/payload_memory_reg_i_1_n_0
    SLICE_X3Y3           LUT6 (Prop_lut6_I2_O)        0.124     6.583 r  output_bank/read_address[0]_i_3/O
                         net (fo=10, routed)          0.703     7.286    output_bank/read_address[0]_i_3_n_0
    SLICE_X3Y3           LUT4 (Prop_lut4_I3_O)        0.152     7.438 r  output_bank/read_address[0]_i_1/O
                         net (fo=9, routed)           0.488     7.925    output_bank/read_address[0]_i_1_n_0
    SLICE_X3Y2           FDRE                                         r  output_bank/read_address_reg[3]/CE
  -------------------------------------------------------------------    -------------------

                         (clock source_100 rise edge)
                                                     10.000    10.000 r  
                                                      0.000    10.000 r  clk (IN)
                         net (fo=205, unset)          0.924    10.924    output_bank/clk
    SLICE_X3Y2           FDRE                                         r  output_bank/read_address_reg[3]/C
                         clock pessimism              0.000    10.924    
                         clock uncertainty           -0.035    10.889    
    SLICE_X3Y2           FDRE (Setup_fdre_C_CE)      -0.413    10.476    output_bank/read_address_reg[3]
  -------------------------------------------------------------------
                         required time                         10.476    
                         arrival time                          -7.925    
  -------------------------------------------------------------------
                         slack                                  2.551    

Slack (MET) :             2.551ns  (required time - arrival time)
  Source:                 per_cause_fault_cdc.causes[7].cause_sync_reg[1]/C
                            (rising edge-triggered cell FDRE clocked by source_100  {rise@0.000ns fall@5.000ns period=10.000ns})
  Destination:            output_bank/read_address_reg[4]/CE
                            (rising edge-triggered cell FDRE clocked by source_100  {rise@0.000ns fall@5.000ns period=10.000ns})
  Path Group:             source_100
  Path Type:              Setup (Max at Slow Process Corner)
  Requirement:            10.000ns  (source_100 rise@10.000ns - source_100 rise@0.000ns)
  Data Path Delay:        6.952ns  (logic 1.522ns (21.893%)  route 5.430ns (78.107%))
  Logic Levels:           6  (LUT2=1 LUT4=2 LUT6=3)
  Clock Path Skew:        -0.049ns (DCD - SCD + CPR)
    Destination Clock Delay (DCD):    0.924ns = ( 10.924 - 10.000 ) 
    Source Clock Delay      (SCD):    0.973ns
    Clock Pessimism Removal (CPR):    0.000ns
  Clock Uncertainty:      0.035ns  ((TSJ^2 + TIJ^2)^1/2 + DJ) / 2 + PE
    Total System Jitter     (TSJ):    0.071ns
    Total Input Jitter      (TIJ):    0.000ns
    Discrete Jitter          (DJ):    0.000ns
    Phase Error              (PE):    0.000ns

    Location             Delay type                Incr(ns)  Path(ns)    Netlist Resource(s)
  -------------------------------------------------------------------    -------------------
                         (clock source_100 rise edge)
                                                      0.000     0.000 r  
                                                      0.000     0.000 r  clk (IN)
                         net (fo=205, unset)          0.973     0.973    clk
    SLICE_X24Y15         FDRE                                         r  per_cause_fault_cdc.causes[7].cause_sync_reg[1]/C
  -------------------------------------------------------------------    -------------------
    SLICE_X24Y15         FDRE (Prop_fdre_C_Q)         0.518     1.491 f  per_cause_fault_cdc.causes[7].cause_sync_reg[1]/Q
                         net (fo=1, routed)           1.231     2.722    per_cause_fault_cdc.causes[7].cause_sync[1]
    SLICE_X24Y4          LUT4 (Prop_lut4_I2_O)        0.124     2.846 f  fast_fault_slow_inferred_i_4/O
                         net (fo=1, routed)           0.561     3.406    fast_fault_slow_inferred_i_4_n_0
    SLICE_X24Y1          LUT6 (Prop_lut6_I5_O)        0.124     3.530 f  fast_fault_slow_inferred_i_1/O
                         net (fo=1, routed)           1.249     4.779    source_bank/out[0]
    SLICE_X9Y2           LUT2 (Prop_lut2_I0_O)        0.153     4.932 f  source_bank/fault_INST_0/O
                         net (fo=10, routed)          0.742     5.674    output_bank/payload_memory_reg_1
    SLICE_X3Y3           LUT6 (Prop_lut6_I1_O)        0.327     6.001 r  output_bank/payload_memory_reg_i_1/O
                         net (fo=13, routed)          0.458     6.459    output_bank/payload_memory_reg_i_1_n_0
    SLICE_X3Y3           LUT6 (Prop_lut6_I2_O)        0.124     6.583 r  output_bank/read_address[0]_i_3/O
                         net (fo=10, routed)          0.703     7.286    output_bank/read_address[0]_i_3_n_0
    SLICE_X3Y3           LUT4 (Prop_lut4_I3_O)        0.152     7.438 r  output_bank/read_address[0]_i_1/O
                         net (fo=9, routed)           0.488     7.925    output_bank/read_address[0]_i_1_n_0
    SLICE_X3Y2           FDRE                                         r  output_bank/read_address_reg[4]/CE
  -------------------------------------------------------------------    -------------------

                         (clock source_100 rise edge)
                                                     10.000    10.000 r  
                                                      0.000    10.000 r  clk (IN)
                         net (fo=205, unset)          0.924    10.924    output_bank/clk
    SLICE_X3Y2           FDRE                                         r  output_bank/read_address_reg[4]/C
                         clock pessimism              0.000    10.924    
                         clock uncertainty           -0.035    10.889    
    SLICE_X3Y2           FDRE (Setup_fdre_C_CE)      -0.413    10.476    output_bank/read_address_reg[4]
  -------------------------------------------------------------------
                         required time                         10.476    
                         arrival time                          -7.925    
  -------------------------------------------------------------------
                         slack                                  2.551    

Slack (MET) :             2.595ns  (required time - arrival time)
  Source:                 per_cause_fault_cdc.causes[7].cause_sync_reg[1]/C
                            (rising edge-triggered cell FDRE clocked by source_100  {rise@0.000ns fall@5.000ns period=10.000ns})
  Destination:            output_bank/read_address_reg[0]/CE
                            (rising edge-triggered cell FDRE clocked by source_100  {rise@0.000ns fall@5.000ns period=10.000ns})
  Path Group:             source_100
  Path Type:              Setup (Max at Slow Process Corner)
  Requirement:            10.000ns  (source_100 rise@10.000ns - source_100 rise@0.000ns)
  Data Path Delay:        6.944ns  (logic 1.522ns (21.918%)  route 5.422ns (78.082%))
  Logic Levels:           6  (LUT2=1 LUT4=2 LUT6=3)
  Clock Path Skew:        -0.049ns (DCD - SCD + CPR)
    Destination Clock Delay (DCD):    0.924ns = ( 10.924 - 10.000 ) 
    Source Clock Delay      (SCD):    0.973ns
    Clock Pessimism Removal (CPR):    0.000ns
  Clock Uncertainty:      0.035ns  ((TSJ^2 + TIJ^2)^1/2 + DJ) / 2 + PE
    Total System Jitter     (TSJ):    0.071ns
    Total Input Jitter      (TIJ):    0.000ns
    Discrete Jitter          (DJ):    0.000ns
    Phase Error              (PE):    0.000ns

    Location             Delay type                Incr(ns)  Path(ns)    Netlist Resource(s)
  -------------------------------------------------------------------    -------------------
                         (clock source_100 rise edge)
                                                      0.000     0.000 r  
                                                      0.000     0.000 r  clk (IN)
                         net (fo=205, unset)          0.973     0.973    clk
    SLICE_X24Y15         FDRE                                         r  per_cause_fault_cdc.causes[7].cause_sync_reg[1]/C
  -------------------------------------------------------------------    -------------------
    SLICE_X24Y15         FDRE (Prop_fdre_C_Q)         0.518     1.491 f  per_cause_fault_cdc.causes[7].cause_sync_reg[1]/Q
                         net (fo=1, routed)           1.231     2.722    per_cause_fault_cdc.causes[7].cause_sync[1]
    SLICE_X24Y4          LUT4 (Prop_lut4_I2_O)        0.124     2.846 f  fast_fault_slow_inferred_i_4/O
                         net (fo=1, routed)           0.561     3.406    fast_fault_slow_inferred_i_4_n_0
    SLICE_X24Y1          LUT6 (Prop_lut6_I5_O)        0.124     3.530 f  fast_fault_slow_inferred_i_1/O
                         net (fo=1, routed)           1.249     4.779    source_bank/out[0]
    SLICE_X9Y2           LUT2 (Prop_lut2_I0_O)        0.153     4.932 f  source_bank/fault_INST_0/O
                         net (fo=10, routed)          0.742     5.674    output_bank/payload_memory_reg_1
    SLICE_X3Y3           LUT6 (Prop_lut6_I1_O)        0.327     6.001 r  output_bank/payload_memory_reg_i_1/O
                         net (fo=13, routed)          0.458     6.459    output_bank/payload_memory_reg_i_1_n_0
    SLICE_X3Y3           LUT6 (Prop_lut6_I2_O)        0.124     6.583 r  output_bank/read_address[0]_i_3/O
                         net (fo=10, routed)          0.703     7.286    output_bank/read_address[0]_i_3_n_0
    SLICE_X3Y3           LUT4 (Prop_lut4_I3_O)        0.152     7.438 r  output_bank/read_address[0]_i_1/O
                         net (fo=9, routed)           0.480     7.917    output_bank/read_address[0]_i_1_n_0
    SLICE_X4Y3           FDRE                                         r  output_bank/read_address_reg[0]/CE
  -------------------------------------------------------------------    -------------------

                         (clock source_100 rise edge)
                                                     10.000    10.000 r  
                                                      0.000    10.000 r  clk (IN)
                         net (fo=205, unset)          0.924    10.924    output_bank/clk
    SLICE_X4Y3           FDRE                                         r  output_bank/read_address_reg[0]/C
                         clock pessimism              0.000    10.924    
                         clock uncertainty           -0.035    10.889    
    SLICE_X4Y3           FDRE (Setup_fdre_C_CE)      -0.377    10.512    output_bank/read_address_reg[0]
  -------------------------------------------------------------------
                         required time                         10.512    
                         arrival time                          -7.917    
  -------------------------------------------------------------------
                         slack                                  2.595    

Slack (MET) :             2.595ns  (required time - arrival time)
  Source:                 per_cause_fault_cdc.causes[7].cause_sync_reg[1]/C
                            (rising edge-triggered cell FDRE clocked by source_100  {rise@0.000ns fall@5.000ns period=10.000ns})
  Destination:            output_bank/read_address_reg[1]/CE
                            (rising edge-triggered cell FDRE clocked by source_100  {rise@0.000ns fall@5.000ns period=10.000ns})
  Path Group:             source_100
  Path Type:              Setup (Max at Slow Process Corner)
  Requirement:            10.000ns  (source_100 rise@10.000ns - source_100 rise@0.000ns)
  Data Path Delay:        6.944ns  (logic 1.522ns (21.918%)  route 5.422ns (78.082%))
  Logic Levels:           6  (LUT2=1 LUT4=2 LUT6=3)
  Clock Path Skew:        -0.049ns (DCD - SCD + CPR)
    Destination Clock Delay (DCD):    0.924ns = ( 10.924 - 10.000 ) 
    Source Clock Delay      (SCD):    0.973ns
    Clock Pessimism Removal (CPR):    0.000ns
  Clock Uncertainty:      0.035ns  ((TSJ^2 + TIJ^2)^1/2 + DJ) / 2 + PE
    Total System Jitter     (TSJ):    0.071ns
    Total Input Jitter      (TIJ):    0.000ns
    Discrete Jitter          (DJ):    0.000ns
    Phase Error              (PE):    0.000ns

    Location             Delay type                Incr(ns)  Path(ns)    Netlist Resource(s)
  -------------------------------------------------------------------    -------------------
                         (clock source_100 rise edge)
                                                      0.000     0.000 r  
                                                      0.000     0.000 r  clk (IN)
                         net (fo=205, unset)          0.973     0.973    clk
    SLICE_X24Y15         FDRE                                         r  per_cause_fault_cdc.causes[7].cause_sync_reg[1]/C
  -------------------------------------------------------------------    -------------------
    SLICE_X24Y15         FDRE (Prop_fdre_C_Q)         0.518     1.491 f  per_cause_fault_cdc.causes[7].cause_sync_reg[1]/Q
                         net (fo=1, routed)           1.231     2.722    per_cause_fault_cdc.causes[7].cause_sync[1]
    SLICE_X24Y4          LUT4 (Prop_lut4_I2_O)        0.124     2.846 f  fast_fault_slow_inferred_i_4/O
                         net (fo=1, routed)           0.561     3.406    fast_fault_slow_inferred_i_4_n_0
    SLICE_X24Y1          LUT6 (Prop_lut6_I5_O)        0.124     3.530 f  fast_fault_slow_inferred_i_1/O
                         net (fo=1, routed)           1.249     4.779    source_bank/out[0]
    SLICE_X9Y2           LUT2 (Prop_lut2_I0_O)        0.153     4.932 f  source_bank/fault_INST_0/O
                         net (fo=10, routed)          0.742     5.674    output_bank/payload_memory_reg_1
    SLICE_X3Y3           LUT6 (Prop_lut6_I1_O)        0.327     6.001 r  output_bank/payload_memory_reg_i_1/O
                         net (fo=13, routed)          0.458     6.459    output_bank/payload_memory_reg_i_1_n_0
    SLICE_X3Y3           LUT6 (Prop_lut6_I2_O)        0.124     6.583 r  output_bank/read_address[0]_i_3/O
                         net (fo=10, routed)          0.703     7.286    output_bank/read_address[0]_i_3_n_0
    SLICE_X3Y3           LUT4 (Prop_lut4_I3_O)        0.152     7.438 r  output_bank/read_address[0]_i_1/O
                         net (fo=9, routed)           0.480     7.917    output_bank/read_address[0]_i_1_n_0
    SLICE_X4Y3           FDRE                                         r  output_bank/read_address_reg[1]/CE
  -------------------------------------------------------------------    -------------------

                         (clock source_100 rise edge)
                                                     10.000    10.000 r  
                                                      0.000    10.000 r  clk (IN)
                         net (fo=205, unset)          0.924    10.924    output_bank/clk
    SLICE_X4Y3           FDRE                                         r  output_bank/read_address_reg[1]/C
                         clock pessimism              0.000    10.924    
                         clock uncertainty           -0.035    10.889    
    SLICE_X4Y3           FDRE (Setup_fdre_C_CE)      -0.377    10.512    output_bank/read_address_reg[1]
  -------------------------------------------------------------------
                         required time                         10.512    
                         arrival time                          -7.917    
  -------------------------------------------------------------------
                         slack                                  2.595    

Slack (MET) :             2.595ns  (required time - arrival time)
  Source:                 per_cause_fault_cdc.causes[7].cause_sync_reg[1]/C
                            (rising edge-triggered cell FDRE clocked by source_100  {rise@0.000ns fall@5.000ns period=10.000ns})
  Destination:            output_bank/read_address_reg[5]/CE
                            (rising edge-triggered cell FDRE clocked by source_100  {rise@0.000ns fall@5.000ns period=10.000ns})
  Path Group:             source_100
  Path Type:              Setup (Max at Slow Process Corner)
  Requirement:            10.000ns  (source_100 rise@10.000ns - source_100 rise@0.000ns)
  Data Path Delay:        6.944ns  (logic 1.522ns (21.918%)  route 5.422ns (78.082%))
  Logic Levels:           6  (LUT2=1 LUT4=2 LUT6=3)
  Clock Path Skew:        -0.049ns (DCD - SCD + CPR)
    Destination Clock Delay (DCD):    0.924ns = ( 10.924 - 10.000 ) 
    Source Clock Delay      (SCD):    0.973ns
    Clock Pessimism Removal (CPR):    0.000ns
  Clock Uncertainty:      0.035ns  ((TSJ^2 + TIJ^2)^1/2 + DJ) / 2 + PE
    Total System Jitter     (TSJ):    0.071ns
    Total Input Jitter      (TIJ):    0.000ns
    Discrete Jitter          (DJ):    0.000ns
    Phase Error              (PE):    0.000ns

    Location             Delay type                Incr(ns)  Path(ns)    Netlist Resource(s)
  -------------------------------------------------------------------    -------------------
                         (clock source_100 rise edge)
                                                      0.000     0.000 r  
                                                      0.000     0.000 r  clk (IN)
                         net (fo=205, unset)          0.973     0.973    clk
    SLICE_X24Y15         FDRE                                         r  per_cause_fault_cdc.causes[7].cause_sync_reg[1]/C
  -------------------------------------------------------------------    -------------------
    SLICE_X24Y15         FDRE (Prop_fdre_C_Q)         0.518     1.491 f  per_cause_fault_cdc.causes[7].cause_sync_reg[1]/Q
                         net (fo=1, routed)           1.231     2.722    per_cause_fault_cdc.causes[7].cause_sync[1]
    SLICE_X24Y4          LUT4 (Prop_lut4_I2_O)        0.124     2.846 f  fast_fault_slow_inferred_i_4/O
                         net (fo=1, routed)           0.561     3.406    fast_fault_slow_inferred_i_4_n_0
    SLICE_X24Y1          LUT6 (Prop_lut6_I5_O)        0.124     3.530 f  fast_fault_slow_inferred_i_1/O
                         net (fo=1, routed)           1.249     4.779    source_bank/out[0]
    SLICE_X9Y2           LUT2 (Prop_lut2_I0_O)        0.153     4.932 f  source_bank/fault_INST_0/O
                         net (fo=10, routed)          0.742     5.674    output_bank/payload_memory_reg_1
    SLICE_X3Y3           LUT6 (Prop_lut6_I1_O)        0.327     6.001 r  output_bank/payload_memory_reg_i_1/O
                         net (fo=13, routed)          0.458     6.459    output_bank/payload_memory_reg_i_1_n_0
    SLICE_X3Y3           LUT6 (Prop_lut6_I2_O)        0.124     6.583 r  output_bank/read_address[0]_i_3/O
                         net (fo=10, routed)          0.703     7.286    output_bank/read_address[0]_i_3_n_0
    SLICE_X3Y3           LUT4 (Prop_lut4_I3_O)        0.152     7.438 r  output_bank/read_address[0]_i_1/O
                         net (fo=9, routed)           0.480     7.917    output_bank/read_address[0]_i_1_n_0
    SLICE_X4Y3           FDRE                                         r  output_bank/read_address_reg[5]/CE
  -------------------------------------------------------------------    -------------------

                         (clock source_100 rise edge)
                                                     10.000    10.000 r  
                                                      0.000    10.000 r  clk (IN)
                         net (fo=205, unset)          0.924    10.924    output_bank/clk
    SLICE_X4Y3           FDRE                                         r  output_bank/read_address_reg[5]/C
                         clock pessimism              0.000    10.924    
                         clock uncertainty           -0.035    10.889    
    SLICE_X4Y3           FDRE (Setup_fdre_C_CE)      -0.377    10.512    output_bank/read_address_reg[5]
  -------------------------------------------------------------------
                         required time                         10.512    
                         arrival time                          -7.917    
  -------------------------------------------------------------------
                         slack                                  2.595    

Slack (MET) :             2.595ns  (required time - arrival time)
  Source:                 per_cause_fault_cdc.causes[7].cause_sync_reg[1]/C
                            (rising edge-triggered cell FDRE clocked by source_100  {rise@0.000ns fall@5.000ns period=10.000ns})
  Destination:            output_bank/read_address_reg[6]/CE
                            (rising edge-triggered cell FDRE clocked by source_100  {rise@0.000ns fall@5.000ns period=10.000ns})
  Path Group:             source_100
  Path Type:              Setup (Max at Slow Process Corner)
  Requirement:            10.000ns  (source_100 rise@10.000ns - source_100 rise@0.000ns)
  Data Path Delay:        6.944ns  (logic 1.522ns (21.918%)  route 5.422ns (78.082%))
  Logic Levels:           6  (LUT2=1 LUT4=2 LUT6=3)
  Clock Path Skew:        -0.049ns (DCD - SCD + CPR)
    Destination Clock Delay (DCD):    0.924ns = ( 10.924 - 10.000 ) 
    Source Clock Delay      (SCD):    0.973ns
    Clock Pessimism Removal (CPR):    0.000ns
  Clock Uncertainty:      0.035ns  ((TSJ^2 + TIJ^2)^1/2 + DJ) / 2 + PE
    Total System Jitter     (TSJ):    0.071ns
    Total Input Jitter      (TIJ):    0.000ns
    Discrete Jitter          (DJ):    0.000ns
    Phase Error              (PE):    0.000ns

    Location             Delay type                Incr(ns)  Path(ns)    Netlist Resource(s)
  -------------------------------------------------------------------    -------------------
                         (clock source_100 rise edge)
                                                      0.000     0.000 r  
                                                      0.000     0.000 r  clk (IN)
                         net (fo=205, unset)          0.973     0.973    clk
    SLICE_X24Y15         FDRE                                         r  per_cause_fault_cdc.causes[7].cause_sync_reg[1]/C
  -------------------------------------------------------------------    -------------------
    SLICE_X24Y15         FDRE (Prop_fdre_C_Q)         0.518     1.491 f  per_cause_fault_cdc.causes[7].cause_sync_reg[1]/Q
                         net (fo=1, routed)           1.231     2.722    per_cause_fault_cdc.causes[7].cause_sync[1]
    SLICE_X24Y4          LUT4 (Prop_lut4_I2_O)        0.124     2.846 f  fast_fault_slow_inferred_i_4/O
                         net (fo=1, routed)           0.561     3.406    fast_fault_slow_inferred_i_4_n_0
    SLICE_X24Y1          LUT6 (Prop_lut6_I5_O)        0.124     3.530 f  fast_fault_slow_inferred_i_1/O
                         net (fo=1, routed)           1.249     4.779    source_bank/out[0]
    SLICE_X9Y2           LUT2 (Prop_lut2_I0_O)        0.153     4.932 f  source_bank/fault_INST_0/O
                         net (fo=10, routed)          0.742     5.674    output_bank/payload_memory_reg_1
    SLICE_X3Y3           LUT6 (Prop_lut6_I1_O)        0.327     6.001 r  output_bank/payload_memory_reg_i_1/O
                         net (fo=13, routed)          0.458     6.459    output_bank/payload_memory_reg_i_1_n_0
    SLICE_X3Y3           LUT6 (Prop_lut6_I2_O)        0.124     6.583 r  output_bank/read_address[0]_i_3/O
                         net (fo=10, routed)          0.703     7.286    output_bank/read_address[0]_i_3_n_0
    SLICE_X3Y3           LUT4 (Prop_lut4_I3_O)        0.152     7.438 r  output_bank/read_address[0]_i_1/O
                         net (fo=9, routed)           0.480     7.917    output_bank/read_address[0]_i_1_n_0
    SLICE_X4Y3           FDRE                                         r  output_bank/read_address_reg[6]/CE
  -------------------------------------------------------------------    -------------------

                         (clock source_100 rise edge)
                                                     10.000    10.000 r  
                                                      0.000    10.000 r  clk (IN)
                         net (fo=205, unset)          0.924    10.924    output_bank/clk
    SLICE_X4Y3           FDRE                                         r  output_bank/read_address_reg[6]/C
                         clock pessimism              0.000    10.924    
                         clock uncertainty           -0.035    10.889    
    SLICE_X4Y3           FDRE (Setup_fdre_C_CE)      -0.377    10.512    output_bank/read_address_reg[6]
  -------------------------------------------------------------------
                         required time                         10.512    
                         arrival time                          -7.917    
  -------------------------------------------------------------------
                         slack                                  2.595    

Slack (MET) :             2.595ns  (required time - arrival time)
  Source:                 per_cause_fault_cdc.causes[7].cause_sync_reg[1]/C
                            (rising edge-triggered cell FDRE clocked by source_100  {rise@0.000ns fall@5.000ns period=10.000ns})
  Destination:            output_bank/read_address_reg[7]/CE
                            (rising edge-triggered cell FDRE clocked by source_100  {rise@0.000ns fall@5.000ns period=10.000ns})
  Path Group:             source_100
  Path Type:              Setup (Max at Slow Process Corner)
  Requirement:            10.000ns  (source_100 rise@10.000ns - source_100 rise@0.000ns)
  Data Path Delay:        6.944ns  (logic 1.522ns (21.918%)  route 5.422ns (78.082%))
  Logic Levels:           6  (LUT2=1 LUT4=2 LUT6=3)
  Clock Path Skew:        -0.049ns (DCD - SCD + CPR)
    Destination Clock Delay (DCD):    0.924ns = ( 10.924 - 10.000 ) 
    Source Clock Delay      (SCD):    0.973ns
    Clock Pessimism Removal (CPR):    0.000ns
  Clock Uncertainty:      0.035ns  ((TSJ^2 + TIJ^2)^1/2 + DJ) / 2 + PE
    Total System Jitter     (TSJ):    0.071ns
    Total Input Jitter      (TIJ):    0.000ns
    Discrete Jitter          (DJ):    0.000ns
    Phase Error              (PE):    0.000ns

    Location             Delay type                Incr(ns)  Path(ns)    Netlist Resource(s)
  -------------------------------------------------------------------    -------------------
                         (clock source_100 rise edge)
                                                      0.000     0.000 r  
                                                      0.000     0.000 r  clk (IN)
                         net (fo=205, unset)          0.973     0.973    clk
    SLICE_X24Y15         FDRE                                         r  per_cause_fault_cdc.causes[7].cause_sync_reg[1]/C
  -------------------------------------------------------------------    -------------------
    SLICE_X24Y15         FDRE (Prop_fdre_C_Q)         0.518     1.491 f  per_cause_fault_cdc.causes[7].cause_sync_reg[1]/Q
                         net (fo=1, routed)           1.231     2.722    per_cause_fault_cdc.causes[7].cause_sync[1]
    SLICE_X24Y4          LUT4 (Prop_lut4_I2_O)        0.124     2.846 f  fast_fault_slow_inferred_i_4/O
                         net (fo=1, routed)           0.561     3.406    fast_fault_slow_inferred_i_4_n_0
    SLICE_X24Y1          LUT6 (Prop_lut6_I5_O)        0.124     3.530 f  fast_fault_slow_inferred_i_1/O
                         net (fo=1, routed)           1.249     4.779    source_bank/out[0]
    SLICE_X9Y2           LUT2 (Prop_lut2_I0_O)        0.153     4.932 f  source_bank/fault_INST_0/O
                         net (fo=10, routed)          0.742     5.674    output_bank/payload_memory_reg_1
    SLICE_X3Y3           LUT6 (Prop_lut6_I1_O)        0.327     6.001 r  output_bank/payload_memory_reg_i_1/O
                         net (fo=13, routed)          0.458     6.459    output_bank/payload_memory_reg_i_1_n_0
    SLICE_X3Y3           LUT6 (Prop_lut6_I2_O)        0.124     6.583 r  output_bank/read_address[0]_i_3/O
                         net (fo=10, routed)          0.703     7.286    output_bank/read_address[0]_i_3_n_0
    SLICE_X3Y3           LUT4 (Prop_lut4_I3_O)        0.152     7.438 r  output_bank/read_address[0]_i_1/O
                         net (fo=9, routed)           0.480     7.917    output_bank/read_address[0]_i_1_n_0
    SLICE_X4Y3           FDRE                                         r  output_bank/read_address_reg[7]/CE
  -------------------------------------------------------------------    -------------------

                         (clock source_100 rise edge)
                                                     10.000    10.000 r  
                                                      0.000    10.000 r  clk (IN)
                         net (fo=205, unset)          0.924    10.924    output_bank/clk
    SLICE_X4Y3           FDRE                                         r  output_bank/read_address_reg[7]/C
                         clock pessimism              0.000    10.924    
                         clock uncertainty           -0.035    10.889    
    SLICE_X4Y3           FDRE (Setup_fdre_C_CE)      -0.377    10.512    output_bank/read_address_reg[7]
  -------------------------------------------------------------------
                         required time                         10.512    
                         arrival time                          -7.917    
  -------------------------------------------------------------------
                         slack                                  2.595    

Slack (MET) :             2.595ns  (required time - arrival time)
  Source:                 per_cause_fault_cdc.causes[7].cause_sync_reg[1]/C
                            (rising edge-triggered cell FDRE clocked by source_100  {rise@0.000ns fall@5.000ns period=10.000ns})
  Destination:            output_bank/read_address_reg[8]/CE
                            (rising edge-triggered cell FDRE clocked by source_100  {rise@0.000ns fall@5.000ns period=10.000ns})
  Path Group:             source_100
  Path Type:              Setup (Max at Slow Process Corner)
  Requirement:            10.000ns  (source_100 rise@10.000ns - source_100 rise@0.000ns)
  Data Path Delay:        6.944ns  (logic 1.522ns (21.918%)  route 5.422ns (78.082%))
  Logic Levels:           6  (LUT2=1 LUT4=2 LUT6=3)
  Clock Path Skew:        -0.049ns (DCD - SCD + CPR)
    Destination Clock Delay (DCD):    0.924ns = ( 10.924 - 10.000 ) 
    Source Clock Delay      (SCD):    0.973ns
    Clock Pessimism Removal (CPR):    0.000ns
  Clock Uncertainty:      0.035ns  ((TSJ^2 + TIJ^2)^1/2 + DJ) / 2 + PE
    Total System Jitter     (TSJ):    0.071ns
    Total Input Jitter      (TIJ):    0.000ns
    Discrete Jitter          (DJ):    0.000ns
    Phase Error              (PE):    0.000ns

    Location             Delay type                Incr(ns)  Path(ns)    Netlist Resource(s)
  -------------------------------------------------------------------    -------------------
                         (clock source_100 rise edge)
                                                      0.000     0.000 r  
                                                      0.000     0.000 r  clk (IN)
                         net (fo=205, unset)          0.973     0.973    clk
    SLICE_X24Y15         FDRE                                         r  per_cause_fault_cdc.causes[7].cause_sync_reg[1]/C
  -------------------------------------------------------------------    -------------------
    SLICE_X24Y15         FDRE (Prop_fdre_C_Q)         0.518     1.491 f  per_cause_fault_cdc.causes[7].cause_sync_reg[1]/Q
                         net (fo=1, routed)           1.231     2.722    per_cause_fault_cdc.causes[7].cause_sync[1]
    SLICE_X24Y4          LUT4 (Prop_lut4_I2_O)        0.124     2.846 f  fast_fault_slow_inferred_i_4/O
                         net (fo=1, routed)           0.561     3.406    fast_fault_slow_inferred_i_4_n_0
    SLICE_X24Y1          LUT6 (Prop_lut6_I5_O)        0.124     3.530 f  fast_fault_slow_inferred_i_1/O
                         net (fo=1, routed)           1.249     4.779    source_bank/out[0]
    SLICE_X9Y2           LUT2 (Prop_lut2_I0_O)        0.153     4.932 f  source_bank/fault_INST_0/O
                         net (fo=10, routed)          0.742     5.674    output_bank/payload_memory_reg_1
    SLICE_X3Y3           LUT6 (Prop_lut6_I1_O)        0.327     6.001 r  output_bank/payload_memory_reg_i_1/O
                         net (fo=13, routed)          0.458     6.459    output_bank/payload_memory_reg_i_1_n_0
    SLICE_X3Y3           LUT6 (Prop_lut6_I2_O)        0.124     6.583 r  output_bank/read_address[0]_i_3/O
                         net (fo=10, routed)          0.703     7.286    output_bank/read_address[0]_i_3_n_0
    SLICE_X3Y3           LUT4 (Prop_lut4_I3_O)        0.152     7.438 r  output_bank/read_address[0]_i_1/O
                         net (fo=9, routed)           0.480     7.917    output_bank/read_address[0]_i_1_n_0
    SLICE_X4Y3           FDRE                                         r  output_bank/read_address_reg[8]/CE
  -------------------------------------------------------------------    -------------------

                         (clock source_100 rise edge)
                                                     10.000    10.000 r  
                                                      0.000    10.000 r  clk (IN)
                         net (fo=205, unset)          0.924    10.924    output_bank/clk
    SLICE_X4Y3           FDRE                                         r  output_bank/read_address_reg[8]/C
                         clock pessimism              0.000    10.924    
                         clock uncertainty           -0.035    10.889    
    SLICE_X4Y3           FDRE (Setup_fdre_C_CE)      -0.377    10.512    output_bank/read_address_reg[8]
  -------------------------------------------------------------------
                         required time                         10.512    
                         arrival time                          -7.917    
  -------------------------------------------------------------------
                         slack                                  2.595    

Slack (MET) :             2.601ns  (required time - arrival time)
  Source:                 per_cause_fault_cdc.causes[7].cause_sync_reg[1]/C
                            (rising edge-triggered cell FDRE clocked by source_100  {rise@0.000ns fall@5.000ns period=10.000ns})
  Destination:            source_bank/metadata_in_hold_reg[18]/CE
                            (rising edge-triggered cell FDRE clocked by source_100  {rise@0.000ns fall@5.000ns period=10.000ns})
  Path Group:             source_100
  Path Type:              Setup (Max at Slow Process Corner)
  Requirement:            10.000ns  (source_100 rise@10.000ns - source_100 rise@0.000ns)
  Data Path Delay:        6.902ns  (logic 1.241ns (17.981%)  route 5.661ns (82.019%))
  Logic Levels:           4  (LUT2=1 LUT4=1 LUT5=1 LUT6=1)
  Clock Path Skew:        -0.049ns (DCD - SCD + CPR)
    Destination Clock Delay (DCD):    0.924ns = ( 10.924 - 10.000 ) 
    Source Clock Delay      (SCD):    0.973ns
    Clock Pessimism Removal (CPR):    0.000ns
  Clock Uncertainty:      0.035ns  ((TSJ^2 + TIJ^2)^1/2 + DJ) / 2 + PE
    Total System Jitter     (TSJ):    0.071ns
    Total Input Jitter      (TIJ):    0.000ns
    Discrete Jitter          (DJ):    0.000ns
    Phase Error              (PE):    0.000ns

    Location             Delay type                Incr(ns)  Path(ns)    Netlist Resource(s)
  -------------------------------------------------------------------    -------------------
                         (clock source_100 rise edge)
                                                      0.000     0.000 r  
                                                      0.000     0.000 r  clk (IN)
                         net (fo=205, unset)          0.973     0.973    clk
    SLICE_X24Y15         FDRE                                         r  per_cause_fault_cdc.causes[7].cause_sync_reg[1]/C
  -------------------------------------------------------------------    -------------------
    SLICE_X24Y15         FDRE (Prop_fdre_C_Q)         0.518     1.491 f  per_cause_fault_cdc.causes[7].cause_sync_reg[1]/Q
                         net (fo=1, routed)           1.231     2.722    per_cause_fault_cdc.causes[7].cause_sync[1]
    SLICE_X24Y4          LUT4 (Prop_lut4_I2_O)        0.124     2.846 f  fast_fault_slow_inferred_i_4/O
                         net (fo=1, routed)           0.561     3.406    fast_fault_slow_inferred_i_4_n_0
    SLICE_X24Y1          LUT6 (Prop_lut6_I5_O)        0.124     3.530 f  fast_fault_slow_inferred_i_1/O
                         net (fo=1, routed)           1.249     4.779    source_bank/out[0]
    SLICE_X9Y2           LUT2 (Prop_lut2_I0_O)        0.153     4.932 f  source_bank/fault_INST_0/O
                         net (fo=10, routed)          1.008     5.940    source_bank/input_fault_reg_0
    SLICE_X5Y5           LUT5 (Prop_lut5_I0_O)        0.322     6.262 r  source_bank/metadata_in_hold[68]_i_1/O
                         net (fo=64, routed)          1.613     7.875    source_bank/metadata_load
    SLICE_X15Y4          FDRE                                         r  source_bank/metadata_in_hold_reg[18]/CE
  -------------------------------------------------------------------    -------------------

                         (clock source_100 rise edge)
                                                     10.000    10.000 r  
                                                      0.000    10.000 r  clk (IN)
                         net (fo=205, unset)          0.924    10.924    source_bank/clk
    SLICE_X15Y4          FDRE                                         r  source_bank/metadata_in_hold_reg[18]/C
                         clock pessimism              0.000    10.924    
                         clock uncertainty           -0.035    10.889    
    SLICE_X15Y4          FDRE (Setup_fdre_C_CE)      -0.413    10.476    source_bank/metadata_in_hold_reg[18]
  -------------------------------------------------------------------
                         required time                         10.476    
                         arrival time                          -7.875    
  -------------------------------------------------------------------
                         slack                                  2.601    

Slack (MET) :             2.616ns  (required time - arrival time)
  Source:                 per_cause_fault_cdc.causes[7].cause_sync_reg[1]/C
                            (rising edge-triggered cell FDRE clocked by source_100  {rise@0.000ns fall@5.000ns period=10.000ns})
  Destination:            source_bank/metadata_in_hold_reg[56]/CE
                            (rising edge-triggered cell FDRE clocked by source_100  {rise@0.000ns fall@5.000ns period=10.000ns})
  Path Group:             source_100
  Path Type:              Setup (Max at Slow Process Corner)
  Requirement:            10.000ns  (source_100 rise@10.000ns - source_100 rise@0.000ns)
  Data Path Delay:        6.923ns  (logic 1.241ns (17.927%)  route 5.682ns (82.073%))
  Logic Levels:           4  (LUT2=1 LUT4=1 LUT5=1 LUT6=1)
  Clock Path Skew:        -0.049ns (DCD - SCD + CPR)
    Destination Clock Delay (DCD):    0.924ns = ( 10.924 - 10.000 ) 
    Source Clock Delay      (SCD):    0.973ns
    Clock Pessimism Removal (CPR):    0.000ns
  Clock Uncertainty:      0.035ns  ((TSJ^2 + TIJ^2)^1/2 + DJ) / 2 + PE
    Total System Jitter     (TSJ):    0.071ns
    Total Input Jitter      (TIJ):    0.000ns
    Discrete Jitter          (DJ):    0.000ns
    Phase Error              (PE):    0.000ns

    Location             Delay type                Incr(ns)  Path(ns)    Netlist Resource(s)
  -------------------------------------------------------------------    -------------------
                         (clock source_100 rise edge)
                                                      0.000     0.000 r  
                                                      0.000     0.000 r  clk (IN)
                         net (fo=205, unset)          0.973     0.973    clk
    SLICE_X24Y15         FDRE                                         r  per_cause_fault_cdc.causes[7].cause_sync_reg[1]/C
  -------------------------------------------------------------------    -------------------
    SLICE_X24Y15         FDRE (Prop_fdre_C_Q)         0.518     1.491 f  per_cause_fault_cdc.causes[7].cause_sync_reg[1]/Q
                         net (fo=1, routed)           1.231     2.722    per_cause_fault_cdc.causes[7].cause_sync[1]
    SLICE_X24Y4          LUT4 (Prop_lut4_I2_O)        0.124     2.846 f  fast_fault_slow_inferred_i_4/O
                         net (fo=1, routed)           0.561     3.406    fast_fault_slow_inferred_i_4_n_0
    SLICE_X24Y1          LUT6 (Prop_lut6_I5_O)        0.124     3.530 f  fast_fault_slow_inferred_i_1/O
                         net (fo=1, routed)           1.249     4.779    source_bank/out[0]
    SLICE_X9Y2           LUT2 (Prop_lut2_I0_O)        0.153     4.932 f  source_bank/fault_INST_0/O
                         net (fo=10, routed)          1.008     5.940    source_bank/input_fault_reg_0
    SLICE_X5Y5           LUT5 (Prop_lut5_I0_O)        0.322     6.262 r  source_bank/metadata_in_hold[68]_i_1/O
                         net (fo=64, routed)          1.634     7.896    source_bank/metadata_load
    SLICE_X20Y15         FDRE                                         r  source_bank/metadata_in_hold_reg[56]/CE
  -------------------------------------------------------------------    -------------------

                         (clock source_100 rise edge)
                                                     10.000    10.000 r  
                                                      0.000    10.000 r  clk (IN)
                         net (fo=205, unset)          0.924    10.924    source_bank/clk
    SLICE_X20Y15         FDRE                                         r  source_bank/metadata_in_hold_reg[56]/C
                         clock pessimism              0.000    10.924    
                         clock uncertainty           -0.035    10.889    
    SLICE_X20Y15         FDRE (Setup_fdre_C_CE)      -0.377    10.512    source_bank/metadata_in_hold_reg[56]
  -------------------------------------------------------------------
                         required time                         10.512    
                         arrival time                          -7.896    
  -------------------------------------------------------------------
                         slack                                  2.616    

Slack (MET) :             2.616ns  (required time - arrival time)
  Source:                 per_cause_fault_cdc.causes[7].cause_sync_reg[1]/C
                            (rising edge-triggered cell FDRE clocked by source_100  {rise@0.000ns fall@5.000ns period=10.000ns})
  Destination:            source_bank/metadata_in_hold_reg[63]/CE
                            (rising edge-triggered cell FDRE clocked by source_100  {rise@0.000ns fall@5.000ns period=10.000ns})
  Path Group:             source_100
  Path Type:              Setup (Max at Slow Process Corner)
  Requirement:            10.000ns  (source_100 rise@10.000ns - source_100 rise@0.000ns)
  Data Path Delay:        6.923ns  (logic 1.241ns (17.927%)  route 5.682ns (82.073%))
  Logic Levels:           4  (LUT2=1 LUT4=1 LUT5=1 LUT6=1)
  Clock Path Skew:        -0.049ns (DCD - SCD + CPR)
    Destination Clock Delay (DCD):    0.924ns = ( 10.924 - 10.000 ) 
    Source Clock Delay      (SCD):    0.973ns
    Clock Pessimism Removal (CPR):    0.000ns
  Clock Uncertainty:      0.035ns  ((TSJ^2 + TIJ^2)^1/2 + DJ) / 2 + PE
    Total System Jitter     (TSJ):    0.071ns
    Total Input Jitter      (TIJ):    0.000ns
    Discrete Jitter          (DJ):    0.000ns
    Phase Error              (PE):    0.000ns

    Location             Delay type                Incr(ns)  Path(ns)    Netlist Resource(s)
  -------------------------------------------------------------------    -------------------
                         (clock source_100 rise edge)
                                                      0.000     0.000 r  
                                                      0.000     0.000 r  clk (IN)
                         net (fo=205, unset)          0.973     0.973    clk
    SLICE_X24Y15         FDRE                                         r  per_cause_fault_cdc.causes[7].cause_sync_reg[1]/C
  -------------------------------------------------------------------    -------------------
    SLICE_X24Y15         FDRE (Prop_fdre_C_Q)         0.518     1.491 f  per_cause_fault_cdc.causes[7].cause_sync_reg[1]/Q
                         net (fo=1, routed)           1.231     2.722    per_cause_fault_cdc.causes[7].cause_sync[1]
    SLICE_X24Y4          LUT4 (Prop_lut4_I2_O)        0.124     2.846 f  fast_fault_slow_inferred_i_4/O
                         net (fo=1, routed)           0.561     3.406    fast_fault_slow_inferred_i_4_n_0
    SLICE_X24Y1          LUT6 (Prop_lut6_I5_O)        0.124     3.530 f  fast_fault_slow_inferred_i_1/O
                         net (fo=1, routed)           1.249     4.779    source_bank/out[0]
    SLICE_X9Y2           LUT2 (Prop_lut2_I0_O)        0.153     4.932 f  source_bank/fault_INST_0/O
                         net (fo=10, routed)          1.008     5.940    source_bank/input_fault_reg_0
    SLICE_X5Y5           LUT5 (Prop_lut5_I0_O)        0.322     6.262 r  source_bank/metadata_in_hold[68]_i_1/O
                         net (fo=64, routed)          1.634     7.896    source_bank/metadata_load
    SLICE_X20Y15         FDRE                                         r  source_bank/metadata_in_hold_reg[63]/CE
  -------------------------------------------------------------------    -------------------

                         (clock source_100 rise edge)
                                                     10.000    10.000 r  
                                                      0.000    10.000 r  clk (IN)
                         net (fo=205, unset)          0.924    10.924    source_bank/clk
    SLICE_X20Y15         FDRE                                         r  source_bank/metadata_in_hold_reg[63]/C
                         clock pessimism              0.000    10.924    
                         clock uncertainty           -0.035    10.889    
    SLICE_X20Y15         FDRE (Setup_fdre_C_CE)      -0.377    10.512    source_bank/metadata_in_hold_reg[63]
  -------------------------------------------------------------------
                         required time                         10.512    
                         arrival time                          -7.896    
  -------------------------------------------------------------------
                         slack                                  2.616    

Slack (MET) :             2.626ns  (required time - arrival time)
  Source:                 per_cause_fault_cdc.causes[7].cause_sync_reg[1]/C
                            (rising edge-triggered cell FDRE clocked by source_100  {rise@0.000ns fall@5.000ns period=10.000ns})
  Destination:            source_bank/metadata_in_hold_reg[10]/CE
                            (rising edge-triggered cell FDRE clocked by source_100  {rise@0.000ns fall@5.000ns period=10.000ns})
  Path Group:             source_100
  Path Type:              Setup (Max at Slow Process Corner)
  Requirement:            10.000ns  (source_100 rise@10.000ns - source_100 rise@0.000ns)
  Data Path Delay:        6.877ns  (logic 1.241ns (18.045%)  route 5.636ns (81.955%))
  Logic Levels:           4  (LUT2=1 LUT4=1 LUT5=1 LUT6=1)
  Clock Path Skew:        -0.049ns (DCD - SCD + CPR)
    Destination Clock Delay (DCD):    0.924ns = ( 10.924 - 10.000 ) 
    Source Clock Delay      (SCD):    0.973ns
    Clock Pessimism Removal (CPR):    0.000ns
  Clock Uncertainty:      0.035ns  ((TSJ^2 + TIJ^2)^1/2 + DJ) / 2 + PE
    Total System Jitter     (TSJ):    0.071ns
    Total Input Jitter      (TIJ):    0.000ns
    Discrete Jitter          (DJ):    0.000ns
    Phase Error              (PE):    0.000ns

    Location             Delay type                Incr(ns)  Path(ns)    Netlist Resource(s)
  -------------------------------------------------------------------    -------------------
                         (clock source_100 rise edge)
                                                      0.000     0.000 r  
                                                      0.000     0.000 r  clk (IN)
                         net (fo=205, unset)          0.973     0.973    clk
    SLICE_X24Y15         FDRE                                         r  per_cause_fault_cdc.causes[7].cause_sync_reg[1]/C
  -------------------------------------------------------------------    -------------------
    SLICE_X24Y15         FDRE (Prop_fdre_C_Q)         0.518     1.491 f  per_cause_fault_cdc.causes[7].cause_sync_reg[1]/Q
                         net (fo=1, routed)           1.231     2.722    per_cause_fault_cdc.causes[7].cause_sync[1]
    SLICE_X24Y4          LUT4 (Prop_lut4_I2_O)        0.124     2.846 f  fast_fault_slow_inferred_i_4/O
                         net (fo=1, routed)           0.561     3.406    fast_fault_slow_inferred_i_4_n_0
    SLICE_X24Y1          LUT6 (Prop_lut6_I5_O)        0.124     3.530 f  fast_fault_slow_inferred_i_1/O
                         net (fo=1, routed)           1.249     4.779    source_bank/out[0]
    SLICE_X9Y2           LUT2 (Prop_lut2_I0_O)        0.153     4.932 f  source_bank/fault_INST_0/O
                         net (fo=10, routed)          1.008     5.940    source_bank/input_fault_reg_0
    SLICE_X5Y5           LUT5 (Prop_lut5_I0_O)        0.322     6.262 r  source_bank/metadata_in_hold[68]_i_1/O
                         net (fo=64, routed)          1.589     7.850    source_bank/metadata_load
    SLICE_X17Y5          FDRE                                         r  source_bank/metadata_in_hold_reg[10]/CE
  -------------------------------------------------------------------    -------------------

                         (clock source_100 rise edge)
                                                     10.000    10.000 r  
                                                      0.000    10.000 r  clk (IN)
                         net (fo=205, unset)          0.924    10.924    source_bank/clk
    SLICE_X17Y5          FDRE                                         r  source_bank/metadata_in_hold_reg[10]/C
                         clock pessimism              0.000    10.924    
                         clock uncertainty           -0.035    10.889    
    SLICE_X17Y5          FDRE (Setup_fdre_C_CE)      -0.413    10.476    source_bank/metadata_in_hold_reg[10]
  -------------------------------------------------------------------
                         required time                         10.476    
                         arrival time                          -7.850    
  -------------------------------------------------------------------
                         slack                                  2.626    

Slack (MET) :             2.626ns  (required time - arrival time)
  Source:                 per_cause_fault_cdc.causes[7].cause_sync_reg[1]/C
                            (rising edge-triggered cell FDRE clocked by source_100  {rise@0.000ns fall@5.000ns period=10.000ns})
  Destination:            source_bank/metadata_in_hold_reg[11]/CE
                            (rising edge-triggered cell FDRE clocked by source_100  {rise@0.000ns fall@5.000ns period=10.000ns})
  Path Group:             source_100
  Path Type:              Setup (Max at Slow Process Corner)
  Requirement:            10.000ns  (source_100 rise@10.000ns - source_100 rise@0.000ns)
  Data Path Delay:        6.877ns  (logic 1.241ns (18.045%)  route 5.636ns (81.955%))
  Logic Levels:           4  (LUT2=1 LUT4=1 LUT5=1 LUT6=1)
  Clock Path Skew:        -0.049ns (DCD - SCD + CPR)
    Destination Clock Delay (DCD):    0.924ns = ( 10.924 - 10.000 ) 
    Source Clock Delay      (SCD):    0.973ns
    Clock Pessimism Removal (CPR):    0.000ns
  Clock Uncertainty:      0.035ns  ((TSJ^2 + TIJ^2)^1/2 + DJ) / 2 + PE
    Total System Jitter     (TSJ):    0.071ns
    Total Input Jitter      (TIJ):    0.000ns
    Discrete Jitter          (DJ):    0.000ns
    Phase Error              (PE):    0.000ns

    Location             Delay type                Incr(ns)  Path(ns)    Netlist Resource(s)
  -------------------------------------------------------------------    -------------------
                         (clock source_100 rise edge)
                                                      0.000     0.000 r  
                                                      0.000     0.000 r  clk (IN)
                         net (fo=205, unset)          0.973     0.973    clk
    SLICE_X24Y15         FDRE                                         r  per_cause_fault_cdc.causes[7].cause_sync_reg[1]/C
  -------------------------------------------------------------------    -------------------
    SLICE_X24Y15         FDRE (Prop_fdre_C_Q)         0.518     1.491 f  per_cause_fault_cdc.causes[7].cause_sync_reg[1]/Q
                         net (fo=1, routed)           1.231     2.722    per_cause_fault_cdc.causes[7].cause_sync[1]
    SLICE_X24Y4          LUT4 (Prop_lut4_I2_O)        0.124     2.846 f  fast_fault_slow_inferred_i_4/O
                         net (fo=1, routed)           0.561     3.406    fast_fault_slow_inferred_i_4_n_0
    SLICE_X24Y1          LUT6 (Prop_lut6_I5_O)        0.124     3.530 f  fast_fault_slow_inferred_i_1/O
                         net (fo=1, routed)           1.249     4.779    source_bank/out[0]
    SLICE_X9Y2           LUT2 (Prop_lut2_I0_O)        0.153     4.932 f  source_bank/fault_INST_0/O
                         net (fo=10, routed)          1.008     5.940    source_bank/input_fault_reg_0
    SLICE_X5Y5           LUT5 (Prop_lut5_I0_O)        0.322     6.262 r  source_bank/metadata_in_hold[68]_i_1/O
                         net (fo=64, routed)          1.589     7.850    source_bank/metadata_load
    SLICE_X17Y5          FDRE                                         r  source_bank/metadata_in_hold_reg[11]/CE
  -------------------------------------------------------------------    -------------------

                         (clock source_100 rise edge)
                                                     10.000    10.000 r  
                                                      0.000    10.000 r  clk (IN)
                         net (fo=205, unset)          0.924    10.924    source_bank/clk
    SLICE_X17Y5          FDRE                                         r  source_bank/metadata_in_hold_reg[11]/C
                         clock pessimism              0.000    10.924    
                         clock uncertainty           -0.035    10.889    
    SLICE_X17Y5          FDRE (Setup_fdre_C_CE)      -0.413    10.476    source_bank/metadata_in_hold_reg[11]
  -------------------------------------------------------------------
                         required time                         10.476    
                         arrival time                          -7.850    
  -------------------------------------------------------------------
                         slack                                  2.626    

Slack (MET) :             2.626ns  (required time - arrival time)
  Source:                 per_cause_fault_cdc.causes[7].cause_sync_reg[1]/C
                            (rising edge-triggered cell FDRE clocked by source_100  {rise@0.000ns fall@5.000ns period=10.000ns})
  Destination:            source_bank/metadata_in_hold_reg[12]/CE
                            (rising edge-triggered cell FDRE clocked by source_100  {rise@0.000ns fall@5.000ns period=10.000ns})
  Path Group:             source_100
  Path Type:              Setup (Max at Slow Process Corner)
  Requirement:            10.000ns  (source_100 rise@10.000ns - source_100 rise@0.000ns)
  Data Path Delay:        6.877ns  (logic 1.241ns (18.045%)  route 5.636ns (81.955%))
  Logic Levels:           4  (LUT2=1 LUT4=1 LUT5=1 LUT6=1)
  Clock Path Skew:        -0.049ns (DCD - SCD + CPR)
    Destination Clock Delay (DCD):    0.924ns = ( 10.924 - 10.000 ) 
    Source Clock Delay      (SCD):    0.973ns
    Clock Pessimism Removal (CPR):    0.000ns
  Clock Uncertainty:      0.035ns  ((TSJ^2 + TIJ^2)^1/2 + DJ) / 2 + PE
    Total System Jitter     (TSJ):    0.071ns
    Total Input Jitter      (TIJ):    0.000ns
    Discrete Jitter          (DJ):    0.000ns
    Phase Error              (PE):    0.000ns

    Location             Delay type                Incr(ns)  Path(ns)    Netlist Resource(s)
  -------------------------------------------------------------------    -------------------
                         (clock source_100 rise edge)
                                                      0.000     0.000 r  
                                                      0.000     0.000 r  clk (IN)
                         net (fo=205, unset)          0.973     0.973    clk
    SLICE_X24Y15         FDRE                                         r  per_cause_fault_cdc.causes[7].cause_sync_reg[1]/C
  -------------------------------------------------------------------    -------------------
    SLICE_X24Y15         FDRE (Prop_fdre_C_Q)         0.518     1.491 f  per_cause_fault_cdc.causes[7].cause_sync_reg[1]/Q
                         net (fo=1, routed)           1.231     2.722    per_cause_fault_cdc.causes[7].cause_sync[1]
    SLICE_X24Y4          LUT4 (Prop_lut4_I2_O)        0.124     2.846 f  fast_fault_slow_inferred_i_4/O
                         net (fo=1, routed)           0.561     3.406    fast_fault_slow_inferred_i_4_n_0
    SLICE_X24Y1          LUT6 (Prop_lut6_I5_O)        0.124     3.530 f  fast_fault_slow_inferred_i_1/O
                         net (fo=1, routed)           1.249     4.779    source_bank/out[0]
    SLICE_X9Y2           LUT2 (Prop_lut2_I0_O)        0.153     4.932 f  source_bank/fault_INST_0/O
                         net (fo=10, routed)          1.008     5.940    source_bank/input_fault_reg_0
    SLICE_X5Y5           LUT5 (Prop_lut5_I0_O)        0.322     6.262 r  source_bank/metadata_in_hold[68]_i_1/O
                         net (fo=64, routed)          1.589     7.850    source_bank/metadata_load
    SLICE_X17Y5          FDRE                                         r  source_bank/metadata_in_hold_reg[12]/CE
  -------------------------------------------------------------------    -------------------

                         (clock source_100 rise edge)
                                                     10.000    10.000 r  
                                                      0.000    10.000 r  clk (IN)
                         net (fo=205, unset)          0.924    10.924    source_bank/clk
    SLICE_X17Y5          FDRE                                         r  source_bank/metadata_in_hold_reg[12]/C
                         clock pessimism              0.000    10.924    
                         clock uncertainty           -0.035    10.889    
    SLICE_X17Y5          FDRE (Setup_fdre_C_CE)      -0.413    10.476    source_bank/metadata_in_hold_reg[12]
  -------------------------------------------------------------------
                         required time                         10.476    
                         arrival time                          -7.850    
  -------------------------------------------------------------------
                         slack                                  2.626    

Slack (MET) :             2.626ns  (required time - arrival time)
  Source:                 per_cause_fault_cdc.causes[7].cause_sync_reg[1]/C
                            (rising edge-triggered cell FDRE clocked by source_100  {rise@0.000ns fall@5.000ns period=10.000ns})
  Destination:            source_bank/metadata_in_hold_reg[14]/CE
                            (rising edge-triggered cell FDRE clocked by source_100  {rise@0.000ns fall@5.000ns period=10.000ns})
  Path Group:             source_100
  Path Type:              Setup (Max at Slow Process Corner)
  Requirement:            10.000ns  (source_100 rise@10.000ns - source_100 rise@0.000ns)
  Data Path Delay:        6.877ns  (logic 1.241ns (18.045%)  route 5.636ns (81.955%))
  Logic Levels:           4  (LUT2=1 LUT4=1 LUT5=1 LUT6=1)
  Clock Path Skew:        -0.049ns (DCD - SCD + CPR)
    Destination Clock Delay (DCD):    0.924ns = ( 10.924 - 10.000 ) 
    Source Clock Delay      (SCD):    0.973ns
    Clock Pessimism Removal (CPR):    0.000ns
  Clock Uncertainty:      0.035ns  ((TSJ^2 + TIJ^2)^1/2 + DJ) / 2 + PE
    Total System Jitter     (TSJ):    0.071ns
    Total Input Jitter      (TIJ):    0.000ns
    Discrete Jitter          (DJ):    0.000ns
    Phase Error              (PE):    0.000ns

    Location             Delay type                Incr(ns)  Path(ns)    Netlist Resource(s)
  -------------------------------------------------------------------    -------------------
                         (clock source_100 rise edge)
                                                      0.000     0.000 r  
                                                      0.000     0.000 r  clk (IN)
                         net (fo=205, unset)          0.973     0.973    clk
    SLICE_X24Y15         FDRE                                         r  per_cause_fault_cdc.causes[7].cause_sync_reg[1]/C
  -------------------------------------------------------------------    -------------------
    SLICE_X24Y15         FDRE (Prop_fdre_C_Q)         0.518     1.491 f  per_cause_fault_cdc.causes[7].cause_sync_reg[1]/Q
                         net (fo=1, routed)           1.231     2.722    per_cause_fault_cdc.causes[7].cause_sync[1]
    SLICE_X24Y4          LUT4 (Prop_lut4_I2_O)        0.124     2.846 f  fast_fault_slow_inferred_i_4/O
                         net (fo=1, routed)           0.561     3.406    fast_fault_slow_inferred_i_4_n_0
    SLICE_X24Y1          LUT6 (Prop_lut6_I5_O)        0.124     3.530 f  fast_fault_slow_inferred_i_1/O
                         net (fo=1, routed)           1.249     4.779    source_bank/out[0]
    SLICE_X9Y2           LUT2 (Prop_lut2_I0_O)        0.153     4.932 f  source_bank/fault_INST_0/O
                         net (fo=10, routed)          1.008     5.940    source_bank/input_fault_reg_0
    SLICE_X5Y5           LUT5 (Prop_lut5_I0_O)        0.322     6.262 r  source_bank/metadata_in_hold[68]_i_1/O
                         net (fo=64, routed)          1.589     7.850    source_bank/metadata_load
    SLICE_X17Y5          FDRE                                         r  source_bank/metadata_in_hold_reg[14]/CE
  -------------------------------------------------------------------    -------------------

                         (clock source_100 rise edge)
                                                     10.000    10.000 r  
                                                      0.000    10.000 r  clk (IN)
                         net (fo=205, unset)          0.924    10.924    source_bank/clk
    SLICE_X17Y5          FDRE                                         r  source_bank/metadata_in_hold_reg[14]/C
                         clock pessimism              0.000    10.924    
                         clock uncertainty           -0.035    10.889    
    SLICE_X17Y5          FDRE (Setup_fdre_C_CE)      -0.413    10.476    source_bank/metadata_in_hold_reg[14]
  -------------------------------------------------------------------
                         required time                         10.476    
                         arrival time                          -7.850    
  -------------------------------------------------------------------
                         slack                                  2.626    

Slack (MET) :             2.626ns  (required time - arrival time)
  Source:                 per_cause_fault_cdc.causes[7].cause_sync_reg[1]/C
                            (rising edge-triggered cell FDRE clocked by source_100  {rise@0.000ns fall@5.000ns period=10.000ns})
  Destination:            source_bank/metadata_in_hold_reg[16]/CE
                            (rising edge-triggered cell FDRE clocked by source_100  {rise@0.000ns fall@5.000ns period=10.000ns})
  Path Group:             source_100
  Path Type:              Setup (Max at Slow Process Corner)
  Requirement:            10.000ns  (source_100 rise@10.000ns - source_100 rise@0.000ns)
  Data Path Delay:        6.877ns  (logic 1.241ns (18.045%)  route 5.636ns (81.955%))
  Logic Levels:           4  (LUT2=1 LUT4=1 LUT5=1 LUT6=1)
  Clock Path Skew:        -0.049ns (DCD - SCD + CPR)
    Destination Clock Delay (DCD):    0.924ns = ( 10.924 - 10.000 ) 
    Source Clock Delay      (SCD):    0.973ns
    Clock Pessimism Removal (CPR):    0.000ns
  Clock Uncertainty:      0.035ns  ((TSJ^2 + TIJ^2)^1/2 + DJ) / 2 + PE
    Total System Jitter     (TSJ):    0.071ns
    Total Input Jitter      (TIJ):    0.000ns
    Discrete Jitter          (DJ):    0.000ns
    Phase Error              (PE):    0.000ns

    Location             Delay type                Incr(ns)  Path(ns)    Netlist Resource(s)
  -------------------------------------------------------------------    -------------------
                         (clock source_100 rise edge)
                                                      0.000     0.000 r  
                                                      0.000     0.000 r  clk (IN)
                         net (fo=205, unset)          0.973     0.973    clk
    SLICE_X24Y15         FDRE                                         r  per_cause_fault_cdc.causes[7].cause_sync_reg[1]/C
  -------------------------------------------------------------------    -------------------
    SLICE_X24Y15         FDRE (Prop_fdre_C_Q)         0.518     1.491 f  per_cause_fault_cdc.causes[7].cause_sync_reg[1]/Q
                         net (fo=1, routed)           1.231     2.722    per_cause_fault_cdc.causes[7].cause_sync[1]
    SLICE_X24Y4          LUT4 (Prop_lut4_I2_O)        0.124     2.846 f  fast_fault_slow_inferred_i_4/O
                         net (fo=1, routed)           0.561     3.406    fast_fault_slow_inferred_i_4_n_0
    SLICE_X24Y1          LUT6 (Prop_lut6_I5_O)        0.124     3.530 f  fast_fault_slow_inferred_i_1/O
                         net (fo=1, routed)           1.249     4.779    source_bank/out[0]
    SLICE_X9Y2           LUT2 (Prop_lut2_I0_O)        0.153     4.932 f  source_bank/fault_INST_0/O
                         net (fo=10, routed)          1.008     5.940    source_bank/input_fault_reg_0
    SLICE_X5Y5           LUT5 (Prop_lut5_I0_O)        0.322     6.262 r  source_bank/metadata_in_hold[68]_i_1/O
                         net (fo=64, routed)          1.589     7.850    source_bank/metadata_load
    SLICE_X17Y5          FDRE                                         r  source_bank/metadata_in_hold_reg[16]/CE
  -------------------------------------------------------------------    -------------------

                         (clock source_100 rise edge)
                                                     10.000    10.000 r  
                                                      0.000    10.000 r  clk (IN)
                         net (fo=205, unset)          0.924    10.924    source_bank/clk
    SLICE_X17Y5          FDRE                                         r  source_bank/metadata_in_hold_reg[16]/C
                         clock pessimism              0.000    10.924    
                         clock uncertainty           -0.035    10.889    
    SLICE_X17Y5          FDRE (Setup_fdre_C_CE)      -0.413    10.476    source_bank/metadata_in_hold_reg[16]
  -------------------------------------------------------------------
                         required time                         10.476    
                         arrival time                          -7.850    
  -------------------------------------------------------------------
                         slack                                  2.626    

Slack (MET) :             2.626ns  (required time - arrival time)
  Source:                 per_cause_fault_cdc.causes[7].cause_sync_reg[1]/C
                            (rising edge-triggered cell FDRE clocked by source_100  {rise@0.000ns fall@5.000ns period=10.000ns})
  Destination:            source_bank/metadata_in_hold_reg[5]/CE
                            (rising edge-triggered cell FDRE clocked by source_100  {rise@0.000ns fall@5.000ns period=10.000ns})
  Path Group:             source_100
  Path Type:              Setup (Max at Slow Process Corner)
  Requirement:            10.000ns  (source_100 rise@10.000ns - source_100 rise@0.000ns)
  Data Path Delay:        6.877ns  (logic 1.241ns (18.045%)  route 5.636ns (81.955%))
  Logic Levels:           4  (LUT2=1 LUT4=1 LUT5=1 LUT6=1)
  Clock Path Skew:        -0.049ns (DCD - SCD + CPR)
    Destination Clock Delay (DCD):    0.924ns = ( 10.924 - 10.000 ) 
    Source Clock Delay      (SCD):    0.973ns
    Clock Pessimism Removal (CPR):    0.000ns
  Clock Uncertainty:      0.035ns  ((TSJ^2 + TIJ^2)^1/2 + DJ) / 2 + PE
    Total System Jitter     (TSJ):    0.071ns
    Total Input Jitter      (TIJ):    0.000ns
    Discrete Jitter          (DJ):    0.000ns
    Phase Error              (PE):    0.000ns

    Location             Delay type                Incr(ns)  Path(ns)    Netlist Resource(s)
  -------------------------------------------------------------------    -------------------
                         (clock source_100 rise edge)
                                                      0.000     0.000 r  
                                                      0.000     0.000 r  clk (IN)
                         net (fo=205, unset)          0.973     0.973    clk
    SLICE_X24Y15         FDRE                                         r  per_cause_fault_cdc.causes[7].cause_sync_reg[1]/C
  -------------------------------------------------------------------    -------------------
    SLICE_X24Y15         FDRE (Prop_fdre_C_Q)         0.518     1.491 f  per_cause_fault_cdc.causes[7].cause_sync_reg[1]/Q
                         net (fo=1, routed)           1.231     2.722    per_cause_fault_cdc.causes[7].cause_sync[1]
    SLICE_X24Y4          LUT4 (Prop_lut4_I2_O)        0.124     2.846 f  fast_fault_slow_inferred_i_4/O
                         net (fo=1, routed)           0.561     3.406    fast_fault_slow_inferred_i_4_n_0
    SLICE_X24Y1          LUT6 (Prop_lut6_I5_O)        0.124     3.530 f  fast_fault_slow_inferred_i_1/O
                         net (fo=1, routed)           1.249     4.779    source_bank/out[0]
    SLICE_X9Y2           LUT2 (Prop_lut2_I0_O)        0.153     4.932 f  source_bank/fault_INST_0/O
                         net (fo=10, routed)          1.008     5.940    source_bank/input_fault_reg_0
    SLICE_X5Y5           LUT5 (Prop_lut5_I0_O)        0.322     6.262 r  source_bank/metadata_in_hold[68]_i_1/O
                         net (fo=64, routed)          1.589     7.850    source_bank/metadata_load
    SLICE_X17Y5          FDRE                                         r  source_bank/metadata_in_hold_reg[5]/CE
  -------------------------------------------------------------------    -------------------

                         (clock source_100 rise edge)
                                                     10.000    10.000 r  
                                                      0.000    10.000 r  clk (IN)
                         net (fo=205, unset)          0.924    10.924    source_bank/clk
    SLICE_X17Y5          FDRE                                         r  source_bank/metadata_in_hold_reg[5]/C
                         clock pessimism              0.000    10.924    
                         clock uncertainty           -0.035    10.889    
    SLICE_X17Y5          FDRE (Setup_fdre_C_CE)      -0.413    10.476    source_bank/metadata_in_hold_reg[5]
  -------------------------------------------------------------------
                         required time                         10.476    
                         arrival time                          -7.850    
  -------------------------------------------------------------------
                         slack                                  2.626    




