Copyright 1986-2022 Xilinx, Inc. All Rights Reserved.
---------------------------------------------------------------------------------------------------------------------------------------------------------------------------------------------------------------------------------------
| Tool Version : Vivado v.2022.2 (lin64) Build 3671981 Fri Oct 14 04:59:54 MDT 2022
| Date         : Thu Sep 10 13:46:58 2026
| Host         : gauss running 64-bit Ubuntu 26.04 LTS
| Command      : report_timing -from [get_clocks source_100] -to [get_clocks source_100] -delay_type min -max_paths 20 -file /home/mouse9911/gits/starlink-build-recovery-20260910.vHzUVnBz/rom-k1m1-route-v1/route/source_100_min.rpt
| Design       : starlink_pss_fft_bank_owned_rom_read_ahead
| Device       : 7z010-clg400
| Speed File   : -1  PRODUCTION 1.12 2019-11-22
---------------------------------------------------------------------------------------------------------------------------------------------------------------------------------------------------------------------------------------

Timing Report

Slack (MET) :             0.100ns  (arrival time - required time)
  Source:                 slow_reset_slow_reg[0]/C
                            (rising edge-triggered cell FDCE clocked by source_100  {rise@0.000ns fall@5.000ns period=10.000ns})
  Destination:            slow_reset_slow_reg[1]/D
                            (rising edge-triggered cell FDCE clocked by source_100  {rise@0.000ns fall@5.000ns period=10.000ns})
  Path Group:             source_100
  Path Type:              Hold (Min at Fast Process Corner)
  Requirement:            0.000ns  (source_100 rise@0.000ns - source_100 rise@0.000ns)
  Data Path Delay:        0.197ns  (logic 0.141ns (71.611%)  route 0.056ns (28.389%))
  Logic Levels:           0  
  Clock Path Skew:        0.022ns (DCD - SCD - CPR)
    Destination Clock Delay (DCD):    0.432ns
    Source Clock Delay      (SCD):    0.410ns
    Clock Pessimism Removal (CPR):    -0.000ns

    Location             Delay type                Incr(ns)  Path(ns)    Netlist Resource(s)
  -------------------------------------------------------------------    -------------------
                         (clock source_100 rise edge)
                                                      0.000     0.000 r  
                                                      0.000     0.000 r  clk (IN)
                         net (fo=205, unset)          0.410     0.410    clk
    SLICE_X5Y3           FDCE                                         r  slow_reset_slow_reg[0]/C
  -------------------------------------------------------------------    -------------------
    SLICE_X5Y3           FDCE (Prop_fdce_C_Q)         0.141     0.551 r  slow_reset_slow_reg[0]/Q
                         net (fo=1, routed)           0.056     0.607    slow_reset_slow[0]
    SLICE_X5Y3           FDCE                                         r  slow_reset_slow_reg[1]/D
  -------------------------------------------------------------------    -------------------

                         (clock source_100 rise edge)
                                                      0.000     0.000 r  
                                                      0.000     0.000 r  clk (IN)
                         net (fo=205, unset)          0.432     0.432    clk
    SLICE_X5Y3           FDCE                                         r  slow_reset_slow_reg[1]/C
                         clock pessimism              0.000     0.432    
    SLICE_X5Y3           FDCE (Hold_fdce_C_D)         0.075     0.507    slow_reset_slow_reg[1]
  -------------------------------------------------------------------
                         required time                         -0.507    
                         arrival time                           0.607    
  -------------------------------------------------------------------
                         slack                                  0.100    

Slack (MET) :             0.106ns  (arrival time - required time)
  Source:                 per_cause_fault_cdc.causes[6].cause_sync_reg[0]/C
                            (rising edge-triggered cell FDRE clocked by source_100  {rise@0.000ns fall@5.000ns period=10.000ns})
  Destination:            per_cause_fault_cdc.causes[6].cause_sync_reg[1]/D
                            (rising edge-triggered cell FDRE clocked by source_100  {rise@0.000ns fall@5.000ns period=10.000ns})
  Path Group:             source_100
  Path Type:              Hold (Min at Fast Process Corner)
  Requirement:            0.000ns  (source_100 rise@0.000ns - source_100 rise@0.000ns)
  Data Path Delay:        0.199ns  (logic 0.141ns (70.953%)  route 0.058ns (29.047%))
  Logic Levels:           0  
  Clock Path Skew:        0.022ns (DCD - SCD - CPR)
    Destination Clock Delay (DCD):    0.432ns
    Source Clock Delay      (SCD):    0.410ns
    Clock Pessimism Removal (CPR):    -0.000ns

    Location             Delay type                Incr(ns)  Path(ns)    Netlist Resource(s)
  -------------------------------------------------------------------    -------------------
                         (clock source_100 rise edge)
                                                      0.000     0.000 r  
                                                      0.000     0.000 r  clk (IN)
                         net (fo=205, unset)          0.410     0.410    clk
    SLICE_X22Y4          FDRE                                         r  per_cause_fault_cdc.causes[6].cause_sync_reg[0]/C
  -------------------------------------------------------------------    -------------------
    SLICE_X22Y4          FDRE (Prop_fdre_C_Q)         0.141     0.551 r  per_cause_fault_cdc.causes[6].cause_sync_reg[0]/Q
                         net (fo=1, routed)           0.058     0.609    per_cause_fault_cdc.causes[6].cause_sync[0]
    SLICE_X22Y4          FDRE                                         r  per_cause_fault_cdc.causes[6].cause_sync_reg[1]/D
  -------------------------------------------------------------------    -------------------

                         (clock source_100 rise edge)
                                                      0.000     0.000 r  
                                                      0.000     0.000 r  clk (IN)
                         net (fo=205, unset)          0.432     0.432    clk
    SLICE_X22Y4          FDRE                                         r  per_cause_fault_cdc.causes[6].cause_sync_reg[1]/C
                         clock pessimism              0.000     0.432    
    SLICE_X22Y4          FDRE (Hold_fdre_C_D)         0.071     0.503    per_cause_fault_cdc.causes[6].cause_sync_reg[1]
  -------------------------------------------------------------------
                         required time                         -0.503    
                         arrival time                           0.609    
  -------------------------------------------------------------------
                         slack                                  0.106    

Slack (MET) :             0.138ns  (arrival time - required time)
  Source:                 fast_reset_slow_reg[0]/C
                            (rising edge-triggered cell FDCE clocked by source_100  {rise@0.000ns fall@5.000ns period=10.000ns})
  Destination:            fast_reset_slow_reg[1]/D
                            (rising edge-triggered cell FDCE clocked by source_100  {rise@0.000ns fall@5.000ns period=10.000ns})
  Path Group:             source_100
  Path Type:              Hold (Min at Fast Process Corner)
  Requirement:            0.000ns  (source_100 rise@0.000ns - source_100 rise@0.000ns)
  Data Path Delay:        0.220ns  (logic 0.164ns (74.580%)  route 0.056ns (25.420%))
  Logic Levels:           0  
  Clock Path Skew:        0.022ns (DCD - SCD - CPR)
    Destination Clock Delay (DCD):    0.432ns
    Source Clock Delay      (SCD):    0.410ns
    Clock Pessimism Removal (CPR):    -0.000ns

    Location             Delay type                Incr(ns)  Path(ns)    Netlist Resource(s)
  -------------------------------------------------------------------    -------------------
                         (clock source_100 rise edge)
                                                      0.000     0.000 r  
                                                      0.000     0.000 r  clk (IN)
                         net (fo=205, unset)          0.410     0.410    clk
    SLICE_X4Y1           FDCE                                         r  fast_reset_slow_reg[0]/C
  -------------------------------------------------------------------    -------------------
    SLICE_X4Y1           FDCE (Prop_fdce_C_Q)         0.164     0.574 r  fast_reset_slow_reg[0]/Q
                         net (fo=1, routed)           0.056     0.630    fast_reset_slow[0]
    SLICE_X4Y1           FDCE                                         r  fast_reset_slow_reg[1]/D
  -------------------------------------------------------------------    -------------------

                         (clock source_100 rise edge)
                                                      0.000     0.000 r  
                                                      0.000     0.000 r  clk (IN)
                         net (fo=205, unset)          0.432     0.432    clk
    SLICE_X4Y1           FDCE                                         r  fast_reset_slow_reg[1]/C
                         clock pessimism              0.000     0.432    
    SLICE_X4Y1           FDCE (Hold_fdce_C_D)         0.060     0.492    fast_reset_slow_reg[1]
  -------------------------------------------------------------------
                         required time                         -0.492    
                         arrival time                           0.630    
  -------------------------------------------------------------------
                         slack                                  0.138    

Slack (MET) :             0.145ns  (arrival time - required time)
  Source:                 per_cause_fault_cdc.causes[1].cause_sync_reg[0]/C
                            (rising edge-triggered cell FDRE clocked by source_100  {rise@0.000ns fall@5.000ns period=10.000ns})
  Destination:            per_cause_fault_cdc.causes[1].cause_sync_reg[1]/D
                            (rising edge-triggered cell FDRE clocked by source_100  {rise@0.000ns fall@5.000ns period=10.000ns})
  Path Group:             source_100
  Path Type:              Hold (Min at Fast Process Corner)
  Requirement:            0.000ns  (source_100 rise@0.000ns - source_100 rise@0.000ns)
  Data Path Delay:        0.220ns  (logic 0.164ns (74.580%)  route 0.056ns (25.420%))
  Logic Levels:           0  
  Clock Path Skew:        0.022ns (DCD - SCD - CPR)
    Destination Clock Delay (DCD):    0.432ns
    Source Clock Delay      (SCD):    0.410ns
    Clock Pessimism Removal (CPR):    -0.000ns

    Location             Delay type                Incr(ns)  Path(ns)    Netlist Resource(s)
  -------------------------------------------------------------------    -------------------
                         (clock source_100 rise edge)
                                                      0.000     0.000 r  
                                                      0.000     0.000 r  clk (IN)
                         net (fo=205, unset)          0.410     0.410    clk
    SLICE_X28Y2          FDRE                                         r  per_cause_fault_cdc.causes[1].cause_sync_reg[0]/C
  -------------------------------------------------------------------    -------------------
    SLICE_X28Y2          FDRE (Prop_fdre_C_Q)         0.164     0.574 r  per_cause_fault_cdc.causes[1].cause_sync_reg[0]/Q
                         net (fo=1, routed)           0.056     0.630    per_cause_fault_cdc.causes[1].cause_sync[0]
    SLICE_X28Y2          FDRE                                         r  per_cause_fault_cdc.causes[1].cause_sync_reg[1]/D
  -------------------------------------------------------------------    -------------------

                         (clock source_100 rise edge)
                                                      0.000     0.000 r  
                                                      0.000     0.000 r  clk (IN)
                         net (fo=205, unset)          0.432     0.432    clk
    SLICE_X28Y2          FDRE                                         r  per_cause_fault_cdc.causes[1].cause_sync_reg[1]/C
                         clock pessimism              0.000     0.432    
    SLICE_X28Y2          FDRE (Hold_fdre_C_D)         0.053     0.485    per_cause_fault_cdc.causes[1].cause_sync_reg[1]
  -------------------------------------------------------------------
                         required time                         -0.485    
                         arrival time                           0.630    
  -------------------------------------------------------------------
                         slack                                  0.145    

Slack (MET) :             0.193ns  (arrival time - required time)
  Source:                 output_bank/reading_reg/C
                            (rising edge-triggered cell FDRE clocked by source_100  {rise@0.000ns fall@5.000ns period=10.000ns})
  Destination:            output_bank/read_all_loaded_reg/D
                            (rising edge-triggered cell FDRE clocked by source_100  {rise@0.000ns fall@5.000ns period=10.000ns})
  Path Group:             source_100
  Path Type:              Hold (Min at Fast Process Corner)
  Requirement:            0.000ns  (source_100 rise@0.000ns - source_100 rise@0.000ns)
  Data Path Delay:        0.306ns  (logic 0.186ns (60.767%)  route 0.120ns (39.233%))
  Logic Levels:           1  (LUT5=1)
  Clock Path Skew:        0.022ns (DCD - SCD - CPR)
    Destination Clock Delay (DCD):    0.432ns
    Source Clock Delay      (SCD):    0.410ns
    Clock Pessimism Removal (CPR):    -0.000ns

    Location             Delay type                Incr(ns)  Path(ns)    Netlist Resource(s)
  -------------------------------------------------------------------    -------------------
                         (clock source_100 rise edge)
                                                      0.000     0.000 r  
                                                      0.000     0.000 r  clk (IN)
                         net (fo=205, unset)          0.410     0.410    output_bank/clk
    SLICE_X2Y3           FDRE                                         r  output_bank/reading_reg/C
  -------------------------------------------------------------------    -------------------
    SLICE_X2Y3           FDRE (Prop_fdre_C_Q)         0.141     0.551 r  output_bank/reading_reg/Q
                         net (fo=5, routed)           0.120     0.671    output_bank/reading
    SLICE_X3Y3           LUT5 (Prop_lut5_I0_O)        0.045     0.716 r  output_bank/read_all_loaded_i_1__1/O
                         net (fo=1, routed)           0.000     0.716    output_bank/read_all_loaded_i_1__1_n_0
    SLICE_X3Y3           FDRE                                         r  output_bank/read_all_loaded_reg/D
  -------------------------------------------------------------------    -------------------

                         (clock source_100 rise edge)
                                                      0.000     0.000 r  
                                                      0.000     0.000 r  clk (IN)
                         net (fo=205, unset)          0.432     0.432    output_bank/clk
    SLICE_X3Y3           FDRE                                         r  output_bank/read_all_loaded_reg/C
                         clock pessimism              0.000     0.432    
    SLICE_X3Y3           FDRE (Hold_fdre_C_D)         0.091     0.523    output_bank/read_all_loaded_reg
  -------------------------------------------------------------------
                         required time                         -0.523    
                         arrival time                           0.716    
  -------------------------------------------------------------------
                         slack                                  0.193    

Slack (MET) :             0.197ns  (arrival time - required time)
  Source:                 output_bank/read_address_reg[3]/C
                            (rising edge-triggered cell FDRE clocked by source_100  {rise@0.000ns fall@5.000ns period=10.000ns})
  Destination:            output_bank/read_address_reg[4]/D
                            (rising edge-triggered cell FDRE clocked by source_100  {rise@0.000ns fall@5.000ns period=10.000ns})
  Path Group:             source_100
  Path Type:              Hold (Min at Fast Process Corner)
  Requirement:            0.000ns  (source_100 rise@0.000ns - source_100 rise@0.000ns)
  Data Path Delay:        0.310ns  (logic 0.227ns (73.156%)  route 0.083ns (26.844%))
  Logic Levels:           1  (LUT6=1)
  Clock Path Skew:        0.022ns (DCD - SCD - CPR)
    Destination Clock Delay (DCD):    0.432ns
    Source Clock Delay      (SCD):    0.410ns
    Clock Pessimism Removal (CPR):    -0.000ns

    Location             Delay type                Incr(ns)  Path(ns)    Netlist Resource(s)
  -------------------------------------------------------------------    -------------------
                         (clock source_100 rise edge)
                                                      0.000     0.000 r  
                                                      0.000     0.000 r  clk (IN)
                         net (fo=205, unset)          0.410     0.410    output_bank/clk
    SLICE_X3Y2           FDRE                                         r  output_bank/read_address_reg[3]/C
  -------------------------------------------------------------------    -------------------
    SLICE_X3Y2           FDRE (Prop_fdre_C_Q)         0.128     0.538 r  output_bank/read_address_reg[3]/Q
                         net (fo=5, routed)           0.083     0.621    output_bank/read_address[3]
    SLICE_X3Y2           LUT6 (Prop_lut6_I4_O)        0.099     0.720 r  output_bank/read_address[4]_i_1/O
                         net (fo=1, routed)           0.000     0.720    output_bank/read_address[4]_i_1_n_0
    SLICE_X3Y2           FDRE                                         r  output_bank/read_address_reg[4]/D
  -------------------------------------------------------------------    -------------------

                         (clock source_100 rise edge)
                                                      0.000     0.000 r  
                                                      0.000     0.000 r  clk (IN)
                         net (fo=205, unset)          0.432     0.432    output_bank/clk
    SLICE_X3Y2           FDRE                                         r  output_bank/read_address_reg[4]/C
                         clock pessimism              0.000     0.432    
    SLICE_X3Y2           FDRE (Hold_fdre_C_D)         0.092     0.524    output_bank/read_address_reg[4]
  -------------------------------------------------------------------
                         required time                         -0.524    
                         arrival time                           0.720    
  -------------------------------------------------------------------
                         slack                                  0.197    

Slack (MET) :             0.201ns  (arrival time - required time)
  Source:                 output_bank/read_address_reg[4]/C
                            (rising edge-triggered cell FDRE clocked by source_100  {rise@0.000ns fall@5.000ns period=10.000ns})
  Destination:            output_bank/read_output_position_reg[4]/D
                            (rising edge-triggered cell FDRE clocked by source_100  {rise@0.000ns fall@5.000ns period=10.000ns})
  Path Group:             source_100
  Path Type:              Hold (Min at Fast Process Corner)
  Requirement:            0.000ns  (source_100 rise@0.000ns - source_100 rise@0.000ns)
  Data Path Delay:        0.295ns  (logic 0.141ns (47.859%)  route 0.154ns (52.141%))
  Logic Levels:           0  
  Clock Path Skew:        0.022ns (DCD - SCD - CPR)
    Destination Clock Delay (DCD):    0.432ns
    Source Clock Delay      (SCD):    0.410ns
    Clock Pessimism Removal (CPR):    -0.000ns

    Location             Delay type                Incr(ns)  Path(ns)    Netlist Resource(s)
  -------------------------------------------------------------------    -------------------
                         (clock source_100 rise edge)
                                                      0.000     0.000 r  
                                                      0.000     0.000 r  clk (IN)
                         net (fo=205, unset)          0.410     0.410    output_bank/clk
    SLICE_X3Y2           FDRE                                         r  output_bank/read_address_reg[4]/C
  -------------------------------------------------------------------    -------------------
    SLICE_X3Y2           FDRE (Prop_fdre_C_Q)         0.141     0.551 r  output_bank/read_address_reg[4]/Q
                         net (fo=4, routed)           0.154     0.705    output_bank/read_address[4]
    SLICE_X2Y1           FDRE                                         r  output_bank/read_output_position_reg[4]/D
  -------------------------------------------------------------------    -------------------

                         (clock source_100 rise edge)
                                                      0.000     0.000 r  
                                                      0.000     0.000 r  clk (IN)
                         net (fo=205, unset)          0.432     0.432    output_bank/clk
    SLICE_X2Y1           FDRE                                         r  output_bank/read_output_position_reg[4]/C
                         clock pessimism              0.000     0.432    
    SLICE_X2Y1           FDRE (Hold_fdre_C_D)         0.072     0.504    output_bank/read_output_position_reg[4]
  -------------------------------------------------------------------
                         required time                         -0.504    
                         arrival time                           0.705    
  -------------------------------------------------------------------
                         slack                                  0.201    

Slack (MET) :             0.204ns  (arrival time - required time)
  Source:                 output_bank/request_sync_reg[0]/C
                            (rising edge-triggered cell FDRE clocked by source_100  {rise@0.000ns fall@5.000ns period=10.000ns})
  Destination:            output_bank/request_sync_reg[1]/D
                            (rising edge-triggered cell FDRE clocked by source_100  {rise@0.000ns fall@5.000ns period=10.000ns})
  Path Group:             source_100
  Path Type:              Hold (Min at Fast Process Corner)
  Requirement:            0.000ns  (source_100 rise@0.000ns - source_100 rise@0.000ns)
  Data Path Delay:        0.247ns  (logic 0.128ns (51.778%)  route 0.119ns (48.222%))
  Logic Levels:           0  
  Clock Path Skew:        0.022ns (DCD - SCD - CPR)
    Destination Clock Delay (DCD):    0.432ns
    Source Clock Delay      (SCD):    0.410ns
    Clock Pessimism Removal (CPR):    -0.000ns

    Location             Delay type                Incr(ns)  Path(ns)    Netlist Resource(s)
  -------------------------------------------------------------------    -------------------
                         (clock source_100 rise edge)
                                                      0.000     0.000 r  
                                                      0.000     0.000 r  clk (IN)
                         net (fo=205, unset)          0.410     0.410    output_bank/clk
    SLICE_X23Y12         FDRE                                         r  output_bank/request_sync_reg[0]/C
  -------------------------------------------------------------------    -------------------
    SLICE_X23Y12         FDRE (Prop_fdre_C_Q)         0.128     0.538 r  output_bank/request_sync_reg[0]/Q
                         net (fo=1, routed)           0.119     0.657    output_bank/request_sync[0]
    SLICE_X23Y12         FDRE                                         r  output_bank/request_sync_reg[1]/D
  -------------------------------------------------------------------    -------------------

                         (clock source_100 rise edge)
                                                      0.000     0.000 r  
                                                      0.000     0.000 r  clk (IN)
                         net (fo=205, unset)          0.432     0.432    output_bank/clk
    SLICE_X23Y12         FDRE                                         r  output_bank/request_sync_reg[1]/C
                         clock pessimism              0.000     0.432    
    SLICE_X23Y12         FDRE (Hold_fdre_C_D)         0.022     0.454    output_bank/request_sync_reg[1]
  -------------------------------------------------------------------
                         required time                         -0.454    
                         arrival time                           0.657    
  -------------------------------------------------------------------
                         slack                                  0.204    

Slack (MET) :             0.220ns  (arrival time - required time)
  Source:                 per_cause_fault_cdc.causes[8].cause_sync_reg[0]/C
                            (rising edge-triggered cell FDRE clocked by source_100  {rise@0.000ns fall@5.000ns period=10.000ns})
  Destination:            per_cause_fault_cdc.causes[8].cause_sync_reg[1]/D
                            (rising edge-triggered cell FDRE clocked by source_100  {rise@0.000ns fall@5.000ns period=10.000ns})
  Path Group:             source_100
  Path Type:              Hold (Min at Fast Process Corner)
  Requirement:            0.000ns  (source_100 rise@0.000ns - source_100 rise@0.000ns)
  Data Path Delay:        0.312ns  (logic 0.141ns (45.172%)  route 0.171ns (54.828%))
  Logic Levels:           0  
  Clock Path Skew:        0.022ns (DCD - SCD - CPR)
    Destination Clock Delay (DCD):    0.432ns
    Source Clock Delay      (SCD):    0.410ns
    Clock Pessimism Removal (CPR):    -0.000ns

    Location             Delay type                Incr(ns)  Path(ns)    Netlist Resource(s)
  -------------------------------------------------------------------    -------------------
                         (clock source_100 rise edge)
                                                      0.000     0.000 r  
                                                      0.000     0.000 r  clk (IN)
                         net (fo=205, unset)          0.410     0.410    clk
    SLICE_X23Y1          FDRE                                         r  per_cause_fault_cdc.causes[8].cause_sync_reg[0]/C
  -------------------------------------------------------------------    -------------------
    SLICE_X23Y1          FDRE (Prop_fdre_C_Q)         0.141     0.551 r  per_cause_fault_cdc.causes[8].cause_sync_reg[0]/Q
                         net (fo=1, routed)           0.171     0.722    per_cause_fault_cdc.causes[8].cause_sync[0]
    SLICE_X23Y1          FDRE                                         r  per_cause_fault_cdc.causes[8].cause_sync_reg[1]/D
  -------------------------------------------------------------------    -------------------

                         (clock source_100 rise edge)
                                                      0.000     0.000 r  
                                                      0.000     0.000 r  clk (IN)
                         net (fo=205, unset)          0.432     0.432    clk
    SLICE_X23Y1          FDRE                                         r  per_cause_fault_cdc.causes[8].cause_sync_reg[1]/C
                         clock pessimism              0.000     0.432    
    SLICE_X23Y1          FDRE (Hold_fdre_C_D)         0.071     0.503    per_cause_fault_cdc.causes[8].cause_sync_reg[1]
  -------------------------------------------------------------------
                         required time                         -0.503    
                         arrival time                           0.722    
  -------------------------------------------------------------------
                         slack                                  0.220    

Slack (MET) :             0.227ns  (arrival time - required time)
  Source:                 per_cause_fault_cdc.causes[2].cause_sync_reg[0]/C
                            (rising edge-triggered cell FDRE clocked by source_100  {rise@0.000ns fall@5.000ns period=10.000ns})
  Destination:            per_cause_fault_cdc.causes[2].cause_sync_reg[1]/D
                            (rising edge-triggered cell FDRE clocked by source_100  {rise@0.000ns fall@5.000ns period=10.000ns})
  Path Group:             source_100
  Path Type:              Hold (Min at Fast Process Corner)
  Requirement:            0.000ns  (source_100 rise@0.000ns - source_100 rise@0.000ns)
  Data Path Delay:        0.308ns  (logic 0.164ns (53.223%)  route 0.144ns (46.777%))
  Logic Levels:           0  
  Clock Path Skew:        0.022ns (DCD - SCD - CPR)
    Destination Clock Delay (DCD):    0.432ns
    Source Clock Delay      (SCD):    0.410ns
    Clock Pessimism Removal (CPR):    -0.000ns

    Location             Delay type                Incr(ns)  Path(ns)    Netlist Resource(s)
  -------------------------------------------------------------------    -------------------
                         (clock source_100 rise edge)
                                                      0.000     0.000 r  
                                                      0.000     0.000 r  clk (IN)
                         net (fo=205, unset)          0.410     0.410    clk
    SLICE_X24Y0          FDRE                                         r  per_cause_fault_cdc.causes[2].cause_sync_reg[0]/C
  -------------------------------------------------------------------    -------------------
    SLICE_X24Y0          FDRE (Prop_fdre_C_Q)         0.164     0.574 r  per_cause_fault_cdc.causes[2].cause_sync_reg[0]/Q
                         net (fo=1, routed)           0.144     0.718    per_cause_fault_cdc.causes[2].cause_sync[0]
    SLICE_X24Y0          FDRE                                         r  per_cause_fault_cdc.causes[2].cause_sync_reg[1]/D
  -------------------------------------------------------------------    -------------------

                         (clock source_100 rise edge)
                                                      0.000     0.000 r  
                                                      0.000     0.000 r  clk (IN)
                         net (fo=205, unset)          0.432     0.432    clk
    SLICE_X24Y0          FDRE                                         r  per_cause_fault_cdc.causes[2].cause_sync_reg[1]/C
                         clock pessimism              0.000     0.432    
    SLICE_X24Y0          FDRE (Hold_fdre_C_D)         0.060     0.492    per_cause_fault_cdc.causes[2].cause_sync_reg[1]
  -------------------------------------------------------------------
                         required time                         -0.492    
                         arrival time                           0.718    
  -------------------------------------------------------------------
                         slack                                  0.227    

Slack (MET) :             0.227ns  (arrival time - required time)
  Source:                 output_bank/read_address_reg[5]/C
                            (rising edge-triggered cell FDRE clocked by source_100  {rise@0.000ns fall@5.000ns period=10.000ns})
  Destination:            output_bank/read_address_reg[5]/D
                            (rising edge-triggered cell FDRE clocked by source_100  {rise@0.000ns fall@5.000ns period=10.000ns})
  Path Group:             source_100
  Path Type:              Hold (Min at Fast Process Corner)
  Requirement:            0.000ns  (source_100 rise@0.000ns - source_100 rise@0.000ns)
  Data Path Delay:        0.369ns  (logic 0.209ns (56.577%)  route 0.160ns (43.423%))
  Logic Levels:           1  (LUT3=1)
  Clock Path Skew:        0.022ns (DCD - SCD - CPR)
    Destination Clock Delay (DCD):    0.432ns
    Source Clock Delay      (SCD):    0.410ns
    Clock Pessimism Removal (CPR):    -0.000ns

    Location             Delay type                Incr(ns)  Path(ns)    Netlist Resource(s)
  -------------------------------------------------------------------    -------------------
                         (clock source_100 rise edge)
                                                      0.000     0.000 r  
                                                      0.000     0.000 r  clk (IN)
                         net (fo=205, unset)          0.410     0.410    output_bank/clk
    SLICE_X4Y3           FDRE                                         r  output_bank/read_address_reg[5]/C
  -------------------------------------------------------------------    -------------------
    SLICE_X4Y3           FDRE (Prop_fdre_C_Q)         0.164     0.574 r  output_bank/read_address_reg[5]/Q
                         net (fo=8, routed)           0.160     0.735    output_bank/read_address[5]
    SLICE_X4Y3           LUT3 (Prop_lut3_I2_O)        0.045     0.780 r  output_bank/read_address[5]_i_1/O
                         net (fo=1, routed)           0.000     0.780    output_bank/read_address[5]_i_1_n_0
    SLICE_X4Y3           FDRE                                         r  output_bank/read_address_reg[5]/D
  -------------------------------------------------------------------    -------------------

                         (clock source_100 rise edge)
                                                      0.000     0.000 r  
                                                      0.000     0.000 r  clk (IN)
                         net (fo=205, unset)          0.432     0.432    output_bank/clk
    SLICE_X4Y3           FDRE                                         r  output_bank/read_address_reg[5]/C
                         clock pessimism              0.000     0.432    
    SLICE_X4Y3           FDRE (Hold_fdre_C_D)         0.121     0.553    output_bank/read_address_reg[5]
  -------------------------------------------------------------------
                         required time                         -0.553    
                         arrival time                           0.780    
  -------------------------------------------------------------------
                         slack                                  0.227    

Slack (MET) :             0.234ns  (arrival time - required time)
  Source:                 source_bank/write_position_reg[1]/C
                            (rising edge-triggered cell FDRE clocked by source_100  {rise@0.000ns fall@5.000ns period=10.000ns})
  Destination:            source_bank/write_position_reg[3]/D
                            (rising edge-triggered cell FDRE clocked by source_100  {rise@0.000ns fall@5.000ns period=10.000ns})
  Path Group:             source_100
  Path Type:              Hold (Min at Fast Process Corner)
  Requirement:            0.000ns  (source_100 rise@0.000ns - source_100 rise@0.000ns)
  Data Path Delay:        0.386ns  (logic 0.189ns (48.906%)  route 0.197ns (51.094%))
  Logic Levels:           1  (LUT5=1)
  Clock Path Skew:        0.022ns (DCD - SCD - CPR)
    Destination Clock Delay (DCD):    0.432ns
    Source Clock Delay      (SCD):    0.410ns
    Clock Pessimism Removal (CPR):    -0.000ns

    Location             Delay type                Incr(ns)  Path(ns)    Netlist Resource(s)
  -------------------------------------------------------------------    -------------------
                         (clock source_100 rise edge)
                                                      0.000     0.000 r  
                                                      0.000     0.000 r  clk (IN)
                         net (fo=205, unset)          0.410     0.410    source_bank/clk
    SLICE_X5Y6           FDRE                                         r  source_bank/write_position_reg[1]/C
  -------------------------------------------------------------------    -------------------
    SLICE_X5Y6           FDRE (Prop_fdre_C_Q)         0.141     0.551 r  source_bank/write_position_reg[1]/Q
                         net (fo=8, routed)           0.197     0.749    source_bank/write_position[1]
    SLICE_X4Y7           LUT5 (Prop_lut5_I2_O)        0.048     0.797 r  source_bank/write_position[3]_i_1/O
                         net (fo=1, routed)           0.000     0.797    source_bank/write_position__0[3]
    SLICE_X4Y7           FDRE                                         r  source_bank/write_position_reg[3]/D
  -------------------------------------------------------------------    -------------------

                         (clock source_100 rise edge)
                                                      0.000     0.000 r  
                                                      0.000     0.000 r  clk (IN)
                         net (fo=205, unset)          0.432     0.432    source_bank/clk
    SLICE_X4Y7           FDRE                                         r  source_bank/write_position_reg[3]/C
                         clock pessimism              0.000     0.432    
    SLICE_X4Y7           FDRE (Hold_fdre_C_D)         0.131     0.563    source_bank/write_position_reg[3]
  -------------------------------------------------------------------
                         required time                         -0.563    
                         arrival time                           0.797    
  -------------------------------------------------------------------
                         slack                                  0.234    

Slack (MET) :             0.239ns  (arrival time - required time)
  Source:                 per_cause_fault_cdc.causes[0].cause_sync_reg[0]/C
                            (rising edge-triggered cell FDRE clocked by source_100  {rise@0.000ns fall@5.000ns period=10.000ns})
  Destination:            per_cause_fault_cdc.causes[0].cause_sync_reg[1]/D
                            (rising edge-triggered cell FDRE clocked by source_100  {rise@0.000ns fall@5.000ns period=10.000ns})
  Path Group:             source_100
  Path Type:              Hold (Min at Fast Process Corner)
  Requirement:            0.000ns  (source_100 rise@0.000ns - source_100 rise@0.000ns)
  Data Path Delay:        0.267ns  (logic 0.148ns (55.377%)  route 0.119ns (44.623%))
  Logic Levels:           0  
  Clock Path Skew:        0.022ns (DCD - SCD - CPR)
    Destination Clock Delay (DCD):    0.432ns
    Source Clock Delay      (SCD):    0.410ns
    Clock Pessimism Removal (CPR):    -0.000ns

    Location             Delay type                Incr(ns)  Path(ns)    Netlist Resource(s)
  -------------------------------------------------------------------    -------------------
                         (clock source_100 rise edge)
                                                      0.000     0.000 r  
                                                      0.000     0.000 r  clk (IN)
                         net (fo=205, unset)          0.410     0.410    clk
    SLICE_X28Y2          FDRE                                         r  per_cause_fault_cdc.causes[0].cause_sync_reg[0]/C
  -------------------------------------------------------------------    -------------------
    SLICE_X28Y2          FDRE (Prop_fdre_C_Q)         0.148     0.558 r  per_cause_fault_cdc.causes[0].cause_sync_reg[0]/Q
                         net (fo=1, routed)           0.119     0.677    per_cause_fault_cdc.causes[0].cause_sync[0]
    SLICE_X28Y2          FDRE                                         r  per_cause_fault_cdc.causes[0].cause_sync_reg[1]/D
  -------------------------------------------------------------------    -------------------

                         (clock source_100 rise edge)
                                                      0.000     0.000 r  
                                                      0.000     0.000 r  clk (IN)
                         net (fo=205, unset)          0.432     0.432    clk
    SLICE_X28Y2          FDRE                                         r  per_cause_fault_cdc.causes[0].cause_sync_reg[1]/C
                         clock pessimism              0.000     0.432    
    SLICE_X28Y2          FDRE (Hold_fdre_C_D)         0.007     0.439    per_cause_fault_cdc.causes[0].cause_sync_reg[1]
  -------------------------------------------------------------------
                         required time                         -0.439    
                         arrival time                           0.677    
  -------------------------------------------------------------------
                         slack                                  0.239    

Slack (MET) :             0.241ns  (arrival time - required time)
  Source:                 source_bank/write_position_reg[1]/C
                            (rising edge-triggered cell FDRE clocked by source_100  {rise@0.000ns fall@5.000ns period=10.000ns})
  Destination:            source_bank/write_position_reg[2]/D
                            (rising edge-triggered cell FDRE clocked by source_100  {rise@0.000ns fall@5.000ns period=10.000ns})
  Path Group:             source_100
  Path Type:              Hold (Min at Fast Process Corner)
  Requirement:            0.000ns  (source_100 rise@0.000ns - source_100 rise@0.000ns)
  Data Path Delay:        0.383ns  (logic 0.186ns (48.506%)  route 0.197ns (51.494%))
  Logic Levels:           1  (LUT4=1)
  Clock Path Skew:        0.022ns (DCD - SCD - CPR)
    Destination Clock Delay (DCD):    0.432ns
    Source Clock Delay      (SCD):    0.410ns
    Clock Pessimism Removal (CPR):    -0.000ns

    Location             Delay type                Incr(ns)  Path(ns)    Netlist Resource(s)
  -------------------------------------------------------------------    -------------------
                         (clock source_100 rise edge)
                                                      0.000     0.000 r  
                                                      0.000     0.000 r  clk (IN)
                         net (fo=205, unset)          0.410     0.410    source_bank/clk
    SLICE_X5Y6           FDRE                                         r  source_bank/write_position_reg[1]/C
  -------------------------------------------------------------------    -------------------
    SLICE_X5Y6           FDRE (Prop_fdre_C_Q)         0.141     0.551 r  source_bank/write_position_reg[1]/Q
                         net (fo=8, routed)           0.197     0.749    source_bank/write_position[1]
    SLICE_X4Y7           LUT4 (Prop_lut4_I1_O)        0.045     0.794 r  source_bank/write_position[2]_i_1/O
                         net (fo=1, routed)           0.000     0.794    source_bank/write_position__0[2]
    SLICE_X4Y7           FDRE                                         r  source_bank/write_position_reg[2]/D
  -------------------------------------------------------------------    -------------------

                         (clock source_100 rise edge)
                                                      0.000     0.000 r  
                                                      0.000     0.000 r  clk (IN)
                         net (fo=205, unset)          0.432     0.432    source_bank/clk
    SLICE_X4Y7           FDRE                                         r  source_bank/write_position_reg[2]/C
                         clock pessimism              0.000     0.432    
    SLICE_X4Y7           FDRE (Hold_fdre_C_D)         0.121     0.553    source_bank/write_position_reg[2]
  -------------------------------------------------------------------
                         required time                         -0.553    
                         arrival time                           0.794    
  -------------------------------------------------------------------
                         slack                                  0.241    

Slack (MET) :             0.243ns  (arrival time - required time)
  Source:                 output_bank/read_address_reg[7]/C
                            (rising edge-triggered cell FDRE clocked by source_100  {rise@0.000ns fall@5.000ns period=10.000ns})
  Destination:            output_bank/read_address_reg[8]/D
                            (rising edge-triggered cell FDRE clocked by source_100  {rise@0.000ns fall@5.000ns period=10.000ns})
  Path Group:             source_100
  Path Type:              Hold (Min at Fast Process Corner)
  Requirement:            0.000ns  (source_100 rise@0.000ns - source_100 rise@0.000ns)
  Data Path Delay:        0.385ns  (logic 0.247ns (64.129%)  route 0.138ns (35.871%))
  Logic Levels:           1  (LUT6=1)
  Clock Path Skew:        0.022ns (DCD - SCD - CPR)
    Destination Clock Delay (DCD):    0.432ns
    Source Clock Delay      (SCD):    0.410ns
    Clock Pessimism Removal (CPR):    -0.000ns

    Location             Delay type                Incr(ns)  Path(ns)    Netlist Resource(s)
  -------------------------------------------------------------------    -------------------
                         (clock source_100 rise edge)
                                                      0.000     0.000 r  
                                                      0.000     0.000 r  clk (IN)
                         net (fo=205, unset)          0.410     0.410    output_bank/clk
    SLICE_X4Y3           FDRE                                         r  output_bank/read_address_reg[7]/C
  -------------------------------------------------------------------    -------------------
    SLICE_X4Y3           FDRE (Prop_fdre_C_Q)         0.148     0.558 r  output_bank/read_address_reg[7]/Q
                         net (fo=6, routed)           0.138     0.696    output_bank/read_address[7]
    SLICE_X4Y3           LUT6 (Prop_lut6_I4_O)        0.099     0.795 r  output_bank/read_address[8]_i_1/O
                         net (fo=1, routed)           0.000     0.795    output_bank/read_address[8]_i_1_n_0
    SLICE_X4Y3           FDRE                                         r  output_bank/read_address_reg[8]/D
  -------------------------------------------------------------------    -------------------

                         (clock source_100 rise edge)
                                                      0.000     0.000 r  
                                                      0.000     0.000 r  clk (IN)
                         net (fo=205, unset)          0.432     0.432    output_bank/clk
    SLICE_X4Y3           FDRE                                         r  output_bank/read_address_reg[8]/C
                         clock pessimism              0.000     0.432    
    SLICE_X4Y3           FDRE (Hold_fdre_C_D)         0.121     0.553    output_bank/read_address_reg[8]
  -------------------------------------------------------------------
                         required time                         -0.553    
                         arrival time                           0.795    
  -------------------------------------------------------------------
                         slack                                  0.243    

Slack (MET) :             0.243ns  (arrival time - required time)
  Source:                 per_cause_fault_cdc.causes[4].cause_sync_reg[0]/C
                            (rising edge-triggered cell FDRE clocked by source_100  {rise@0.000ns fall@5.000ns period=10.000ns})
  Destination:            per_cause_fault_cdc.causes[4].cause_sync_reg[1]/D
                            (rising edge-triggered cell FDRE clocked by source_100  {rise@0.000ns fall@5.000ns period=10.000ns})
  Path Group:             source_100
  Path Type:              Hold (Min at Fast Process Corner)
  Requirement:            0.000ns  (source_100 rise@0.000ns - source_100 rise@0.000ns)
  Data Path Delay:        0.265ns  (logic 0.148ns (55.918%)  route 0.117ns (44.082%))
  Logic Levels:           0  
  Clock Path Skew:        0.022ns (DCD - SCD - CPR)
    Destination Clock Delay (DCD):    0.432ns
    Source Clock Delay      (SCD):    0.410ns
    Clock Pessimism Removal (CPR):    -0.000ns

    Location             Delay type                Incr(ns)  Path(ns)    Netlist Resource(s)
  -------------------------------------------------------------------    -------------------
                         (clock source_100 rise edge)
                                                      0.000     0.000 r  
                                                      0.000     0.000 r  clk (IN)
                         net (fo=205, unset)          0.410     0.410    clk
    SLICE_X24Y0          FDRE                                         r  per_cause_fault_cdc.causes[4].cause_sync_reg[0]/C
  -------------------------------------------------------------------    -------------------
    SLICE_X24Y0          FDRE (Prop_fdre_C_Q)         0.148     0.558 r  per_cause_fault_cdc.causes[4].cause_sync_reg[0]/Q
                         net (fo=1, routed)           0.117     0.675    per_cause_fault_cdc.causes[4].cause_sync[0]
    SLICE_X24Y0          FDRE                                         r  per_cause_fault_cdc.causes[4].cause_sync_reg[1]/D
  -------------------------------------------------------------------    -------------------

                         (clock source_100 rise edge)
                                                      0.000     0.000 r  
                                                      0.000     0.000 r  clk (IN)
                         net (fo=205, unset)          0.432     0.432    clk
    SLICE_X24Y0          FDRE                                         r  per_cause_fault_cdc.causes[4].cause_sync_reg[1]/C
                         clock pessimism              0.000     0.432    
    SLICE_X24Y0          FDRE (Hold_fdre_C_D)         0.000     0.432    per_cause_fault_cdc.causes[4].cause_sync_reg[1]
  -------------------------------------------------------------------
                         required time                         -0.432    
                         arrival time                           0.675    
  -------------------------------------------------------------------
                         slack                                  0.243    

Slack (MET) :             0.246ns  (arrival time - required time)
  Source:                 source_bank/write_position_reg[6]/C
                            (rising edge-triggered cell FDRE clocked by source_100  {rise@0.000ns fall@5.000ns period=10.000ns})
  Destination:            source_bank/write_position_reg[7]/D
                            (rising edge-triggered cell FDRE clocked by source_100  {rise@0.000ns fall@5.000ns period=10.000ns})
  Path Group:             source_100
  Path Type:              Hold (Min at Fast Process Corner)
  Requirement:            0.000ns  (source_100 rise@0.000ns - source_100 rise@0.000ns)
  Data Path Delay:        0.374ns  (logic 0.183ns (48.895%)  route 0.191ns (51.105%))
  Logic Levels:           1  (LUT5=1)
  Clock Path Skew:        0.022ns (DCD - SCD - CPR)
    Destination Clock Delay (DCD):    0.432ns
    Source Clock Delay      (SCD):    0.410ns
    Clock Pessimism Removal (CPR):    -0.000ns

    Location             Delay type                Incr(ns)  Path(ns)    Netlist Resource(s)
  -------------------------------------------------------------------    -------------------
                         (clock source_100 rise edge)
                                                      0.000     0.000 r  
                                                      0.000     0.000 r  clk (IN)
                         net (fo=205, unset)          0.410     0.410    source_bank/clk
    SLICE_X5Y6           FDRE                                         r  source_bank/write_position_reg[6]/C
  -------------------------------------------------------------------    -------------------
    SLICE_X5Y6           FDRE (Prop_fdre_C_Q)         0.141     0.551 r  source_bank/write_position_reg[6]/Q
                         net (fo=7, routed)           0.191     0.742    source_bank/write_position[6]
    SLICE_X5Y6           LUT5 (Prop_lut5_I2_O)        0.042     0.784 r  source_bank/write_position[7]_i_1/O
                         net (fo=1, routed)           0.000     0.784    source_bank/write_position__0[7]
    SLICE_X5Y6           FDRE                                         r  source_bank/write_position_reg[7]/D
  -------------------------------------------------------------------    -------------------

                         (clock source_100 rise edge)
                                                      0.000     0.000 r  
                                                      0.000     0.000 r  clk (IN)
                         net (fo=205, unset)          0.432     0.432    source_bank/clk
    SLICE_X5Y6           FDRE                                         r  source_bank/write_position_reg[7]/C
                         clock pessimism              0.000     0.432    
    SLICE_X5Y6           FDRE (Hold_fdre_C_D)         0.107     0.539    source_bank/write_position_reg[7]
  -------------------------------------------------------------------
                         required time                         -0.539    
                         arrival time                           0.784    
  -------------------------------------------------------------------
                         slack                                  0.246    

Slack (MET) :             0.252ns  (arrival time - required time)
  Source:                 per_cause_fault_cdc.causes[9].cause_sync_reg[0]/C
                            (rising edge-triggered cell FDRE clocked by source_100  {rise@0.000ns fall@5.000ns period=10.000ns})
  Destination:            per_cause_fault_cdc.causes[9].cause_sync_reg[1]/D
                            (rising edge-triggered cell FDRE clocked by source_100  {rise@0.000ns fall@5.000ns period=10.000ns})
  Path Group:             source_100
  Path Type:              Hold (Min at Fast Process Corner)
  Requirement:            0.000ns  (source_100 rise@0.000ns - source_100 rise@0.000ns)
  Data Path Delay:        0.280ns  (logic 0.128ns (45.738%)  route 0.152ns (54.262%))
  Logic Levels:           0  
  Clock Path Skew:        0.022ns (DCD - SCD - CPR)
    Destination Clock Delay (DCD):    0.432ns
    Source Clock Delay      (SCD):    0.410ns
    Clock Pessimism Removal (CPR):    -0.000ns

    Location             Delay type                Incr(ns)  Path(ns)    Netlist Resource(s)
  -------------------------------------------------------------------    -------------------
                         (clock source_100 rise edge)
                                                      0.000     0.000 r  
                                                      0.000     0.000 r  clk (IN)
                         net (fo=205, unset)          0.410     0.410    clk
    SLICE_X22Y1          FDRE                                         r  per_cause_fault_cdc.causes[9].cause_sync_reg[0]/C
  -------------------------------------------------------------------    -------------------
    SLICE_X22Y1          FDRE (Prop_fdre_C_Q)         0.128     0.538 r  per_cause_fault_cdc.causes[9].cause_sync_reg[0]/Q
                         net (fo=1, routed)           0.152     0.690    per_cause_fault_cdc.causes[9].cause_sync[0]
    SLICE_X22Y1          FDRE                                         r  per_cause_fault_cdc.causes[9].cause_sync_reg[1]/D
  -------------------------------------------------------------------    -------------------

                         (clock source_100 rise edge)
                                                      0.000     0.000 r  
                                                      0.000     0.000 r  clk (IN)
                         net (fo=205, unset)          0.432     0.432    clk
    SLICE_X22Y1          FDRE                                         r  per_cause_fault_cdc.causes[9].cause_sync_reg[1]/C
                         clock pessimism              0.000     0.432    
    SLICE_X22Y1          FDRE (Hold_fdre_C_D)         0.006     0.438    per_cause_fault_cdc.causes[9].cause_sync_reg[1]
  -------------------------------------------------------------------
                         required time                         -0.438    
                         arrival time                           0.690    
  -------------------------------------------------------------------
                         slack                                  0.252    

Slack (MET) :             0.258ns  (arrival time - required time)
  Source:                 output_bank/read_valid_reg/C
                            (rising edge-triggered cell FDRE clocked by source_100  {rise@0.000ns fall@5.000ns period=10.000ns})
  Destination:            output_bank/read_valid_reg/D
                            (rising edge-triggered cell FDRE clocked by source_100  {rise@0.000ns fall@5.000ns period=10.000ns})
  Path Group:             source_100
  Path Type:              Hold (Min at Fast Process Corner)
  Requirement:            0.000ns  (source_100 rise@0.000ns - source_100 rise@0.000ns)
  Data Path Delay:        0.371ns  (logic 0.186ns (50.171%)  route 0.185ns (49.829%))
  Logic Levels:           1  (LUT4=1)
  Clock Path Skew:        0.022ns (DCD - SCD - CPR)
    Destination Clock Delay (DCD):    0.432ns
    Source Clock Delay      (SCD):    0.410ns
    Clock Pessimism Removal (CPR):    -0.000ns

    Location             Delay type                Incr(ns)  Path(ns)    Netlist Resource(s)
  -------------------------------------------------------------------    -------------------
                         (clock source_100 rise edge)
                                                      0.000     0.000 r  
                                                      0.000     0.000 r  clk (IN)
                         net (fo=205, unset)          0.410     0.410    output_bank/clk
    SLICE_X2Y2           FDRE                                         r  output_bank/read_valid_reg/C
  -------------------------------------------------------------------    -------------------
    SLICE_X2Y2           FDRE (Prop_fdre_C_Q)         0.141     0.551 r  output_bank/read_valid_reg/Q
                         net (fo=4, routed)           0.185     0.736    output_bank/read_valid
    SLICE_X2Y2           LUT4 (Prop_lut4_I1_O)        0.045     0.781 r  output_bank/read_valid_i_1__0/O
                         net (fo=1, routed)           0.000     0.781    output_bank/read_valid_i_1__0_n_0
    SLICE_X2Y2           FDRE                                         r  output_bank/read_valid_reg/D
  -------------------------------------------------------------------    -------------------

                         (clock source_100 rise edge)
                                                      0.000     0.000 r  
                                                      0.000     0.000 r  clk (IN)
                         net (fo=205, unset)          0.432     0.432    output_bank/clk
    SLICE_X2Y2           FDRE                                         r  output_bank/read_valid_reg/C
                         clock pessimism              0.000     0.432    
    SLICE_X2Y2           FDRE (Hold_fdre_C_D)         0.091     0.523    output_bank/read_valid_reg
  -------------------------------------------------------------------
                         required time                         -0.523    
                         arrival time                           0.781    
  -------------------------------------------------------------------
                         slack                                  0.258    

Slack (MET) :             0.258ns  (arrival time - required time)
  Source:                 output_bank/read_address_reg[2]/C
                            (rising edge-triggered cell FDRE clocked by source_100  {rise@0.000ns fall@5.000ns period=10.000ns})
  Destination:            output_bank/read_address_reg[3]/D
                            (rising edge-triggered cell FDRE clocked by source_100  {rise@0.000ns fall@5.000ns period=10.000ns})
  Path Group:             source_100
  Path Type:              Hold (Min at Fast Process Corner)
  Requirement:            0.000ns  (source_100 rise@0.000ns - source_100 rise@0.000ns)
  Data Path Delay:        0.387ns  (logic 0.183ns (47.319%)  route 0.204ns (52.681%))
  Logic Levels:           1  (LUT5=1)
  Clock Path Skew:        0.022ns (DCD - SCD - CPR)
    Destination Clock Delay (DCD):    0.432ns
    Source Clock Delay      (SCD):    0.410ns
    Clock Pessimism Removal (CPR):    -0.000ns

    Location             Delay type                Incr(ns)  Path(ns)    Netlist Resource(s)
  -------------------------------------------------------------------    -------------------
                         (clock source_100 rise edge)
                                                      0.000     0.000 r  
                                                      0.000     0.000 r  clk (IN)
                         net (fo=205, unset)          0.410     0.410    output_bank/clk
    SLICE_X3Y2           FDRE                                         r  output_bank/read_address_reg[2]/C
  -------------------------------------------------------------------    -------------------
    SLICE_X3Y2           FDRE (Prop_fdre_C_Q)         0.141     0.551 r  output_bank/read_address_reg[2]/Q
                         net (fo=6, routed)           0.204     0.755    output_bank/read_address[2]
    SLICE_X3Y2           LUT5 (Prop_lut5_I3_O)        0.042     0.797 r  output_bank/read_address[3]_i_1/O
                         net (fo=1, routed)           0.000     0.797    output_bank/read_address[3]_i_1_n_0
    SLICE_X3Y2           FDRE                                         r  output_bank/read_address_reg[3]/D
  -------------------------------------------------------------------    -------------------

                         (clock source_100 rise edge)
                                                      0.000     0.000 r  
                                                      0.000     0.000 r  clk (IN)
                         net (fo=205, unset)          0.432     0.432    output_bank/clk
    SLICE_X3Y2           FDRE                                         r  output_bank/read_address_reg[3]/C
                         clock pessimism              0.000     0.432    
    SLICE_X3Y2           FDRE (Hold_fdre_C_D)         0.107     0.539    output_bank/read_address_reg[3]
  -------------------------------------------------------------------
                         required time                         -0.539    
                         arrival time                           0.797    
  -------------------------------------------------------------------
                         slack                                  0.258    




