Copyright 1986-2022 Xilinx, Inc. All Rights Reserved.
----------------------------------------------------------------------------------------------------------------------------------------------------------------------------------------------
| Tool Version : Vivado v.2022.2 (lin64) Build 3671981 Fri Oct 14 04:59:54 MDT 2022
| Date         : Thu Sep 10 01:14:59 2026
| Host         : gauss running 64-bit Ubuntu 26.04 LTS
| Command      : report_timing -from [get_clocks island_175] -to [get_clocks island_175] -delay_type min -max_paths 20 -file /tmp/starlink-completed-input.5EaJuD/route-v1/island_175_min.rpt
| Design       : starlink_pss_fft_bank_owned_slice
| Device       : 7z010-clg400
| Speed File   : -1  PRODUCTION 1.12 2019-11-22
----------------------------------------------------------------------------------------------------------------------------------------------------------------------------------------------

Timing Report

Slack (MET) :             0.074ns  (arrival time - required time)
  Source:                 shared_xfft/U0/i_synth/xfft_inst/non_floating_point.arch_b.xfft_inst/single_channel.datapath/input_muxes[0].write_data_im_mux/use_lut6_2.latency1.Q_reg[6]/C
                            (rising edge-triggered cell FDRE clocked by island_175  {rise@0.000ns fall@2.857ns period=5.714ns})
  Destination:            shared_xfft/U0/i_synth/xfft_inst/non_floating_point.arch_b.xfft_inst/single_channel.datapath/memories[0].blkmem_gen.use_bram_only.dpms/depths_3to9.ram_loop[0].use_RAMB18.SDP_RAMB18E1_36x512/DIBDI[6]
                            (rising edge-triggered cell RAMB18E1 clocked by island_175  {rise@0.000ns fall@2.857ns period=5.714ns})
  Path Group:             island_175
  Path Type:              Hold (Min at Fast Process Corner)
  Requirement:            0.000ns  (island_175 rise@0.000ns - island_175 rise@0.000ns)
  Data Path Delay:        0.251ns  (logic 0.141ns (56.256%)  route 0.110ns (43.744%))
  Logic Levels:           0  
  Clock Path Skew:        0.022ns (DCD - SCD - CPR)
    Destination Clock Delay (DCD):    0.432ns
    Source Clock Delay      (SCD):    0.410ns
    Clock Pessimism Removal (CPR):    -0.000ns

    Location             Delay type                Incr(ns)  Path(ns)    Netlist Resource(s)
  -------------------------------------------------------------------    -------------------
                         (clock island_175 rise edge)
                                                      0.000     0.000 r  
                                                      0.000     0.000 r  fft_clk (IN)
                         net (fo=4544, unset)         0.410     0.410    shared_xfft/U0/i_synth/xfft_inst/non_floating_point.arch_b.xfft_inst/single_channel.datapath/input_muxes[0].write_data_im_mux/aclk
    SLICE_X26Y19         FDRE                                         r  shared_xfft/U0/i_synth/xfft_inst/non_floating_point.arch_b.xfft_inst/single_channel.datapath/input_muxes[0].write_data_im_mux/use_lut6_2.latency1.Q_reg[6]/C
  -------------------------------------------------------------------    -------------------
    SLICE_X26Y19         FDRE (Prop_fdre_C_Q)         0.141     0.551 r  shared_xfft/U0/i_synth/xfft_inst/non_floating_point.arch_b.xfft_inst/single_channel.datapath/input_muxes[0].write_data_im_mux/use_lut6_2.latency1.Q_reg[6]/Q
                         net (fo=1, routed)           0.110     0.661    shared_xfft/U0/i_synth/xfft_inst/non_floating_point.arch_b.xfft_inst/single_channel.datapath/memories[0].blkmem_gen.use_bram_only.dpms/dina[6]
    RAMB18_X1Y7          RAMB18E1                                     r  shared_xfft/U0/i_synth/xfft_inst/non_floating_point.arch_b.xfft_inst/single_channel.datapath/memories[0].blkmem_gen.use_bram_only.dpms/depths_3to9.ram_loop[0].use_RAMB18.SDP_RAMB18E1_36x512/DIBDI[6]
  -------------------------------------------------------------------    -------------------

                         (clock island_175 rise edge)
                                                      0.000     0.000 r  
                                                      0.000     0.000 r  fft_clk (IN)
                         net (fo=4544, unset)         0.432     0.432    shared_xfft/U0/i_synth/xfft_inst/non_floating_point.arch_b.xfft_inst/single_channel.datapath/memories[0].blkmem_gen.use_bram_only.dpms/clk
    RAMB18_X1Y7          RAMB18E1                                     r  shared_xfft/U0/i_synth/xfft_inst/non_floating_point.arch_b.xfft_inst/single_channel.datapath/memories[0].blkmem_gen.use_bram_only.dpms/depths_3to9.ram_loop[0].use_RAMB18.SDP_RAMB18E1_36x512/CLKBWRCLK
                         clock pessimism              0.000     0.432    
    RAMB18_X1Y7          RAMB18E1 (Hold_ramb18e1_CLKBWRCLK_DIBDI[6])
                                                      0.155     0.587    shared_xfft/U0/i_synth/xfft_inst/non_floating_point.arch_b.xfft_inst/single_channel.datapath/memories[0].blkmem_gen.use_bram_only.dpms/depths_3to9.ram_loop[0].use_RAMB18.SDP_RAMB18E1_36x512
  -------------------------------------------------------------------
                         required time                         -0.587    
                         arrival time                           0.661    
  -------------------------------------------------------------------
                         slack                                  0.074    

Slack (MET) :             0.075ns  (arrival time - required time)
  Source:                 shared_xfft/U0/i_synth/xfft_inst/non_floating_point.arch_b.xfft_inst/single_channel.datapath/input_muxes[0].write_data_im_mux/use_lut6_2.latency1.Q_reg[4]/C
                            (rising edge-triggered cell FDRE clocked by island_175  {rise@0.000ns fall@2.857ns period=5.714ns})
  Destination:            shared_xfft/U0/i_synth/xfft_inst/non_floating_point.arch_b.xfft_inst/single_channel.datapath/memories[0].blkmem_gen.use_bram_only.dpms/depths_3to9.ram_loop[0].use_RAMB18.SDP_RAMB18E1_36x512/DIBDI[4]
                            (rising edge-triggered cell RAMB18E1 clocked by island_175  {rise@0.000ns fall@2.857ns period=5.714ns})
  Path Group:             island_175
  Path Type:              Hold (Min at Fast Process Corner)
  Requirement:            0.000ns  (island_175 rise@0.000ns - island_175 rise@0.000ns)
  Data Path Delay:        0.251ns  (logic 0.141ns (56.088%)  route 0.110ns (43.912%))
  Logic Levels:           0  
  Clock Path Skew:        0.022ns (DCD - SCD - CPR)
    Destination Clock Delay (DCD):    0.432ns
    Source Clock Delay      (SCD):    0.410ns
    Clock Pessimism Removal (CPR):    -0.000ns

    Location             Delay type                Incr(ns)  Path(ns)    Netlist Resource(s)
  -------------------------------------------------------------------    -------------------
                         (clock island_175 rise edge)
                                                      0.000     0.000 r  
                                                      0.000     0.000 r  fft_clk (IN)
                         net (fo=4544, unset)         0.410     0.410    shared_xfft/U0/i_synth/xfft_inst/non_floating_point.arch_b.xfft_inst/single_channel.datapath/input_muxes[0].write_data_im_mux/aclk
    SLICE_X26Y19         FDRE                                         r  shared_xfft/U0/i_synth/xfft_inst/non_floating_point.arch_b.xfft_inst/single_channel.datapath/input_muxes[0].write_data_im_mux/use_lut6_2.latency1.Q_reg[4]/C
  -------------------------------------------------------------------    -------------------
    SLICE_X26Y19         FDRE (Prop_fdre_C_Q)         0.141     0.551 r  shared_xfft/U0/i_synth/xfft_inst/non_floating_point.arch_b.xfft_inst/single_channel.datapath/input_muxes[0].write_data_im_mux/use_lut6_2.latency1.Q_reg[4]/Q
                         net (fo=1, routed)           0.110     0.662    shared_xfft/U0/i_synth/xfft_inst/non_floating_point.arch_b.xfft_inst/single_channel.datapath/memories[0].blkmem_gen.use_bram_only.dpms/dina[4]
    RAMB18_X1Y7          RAMB18E1                                     r  shared_xfft/U0/i_synth/xfft_inst/non_floating_point.arch_b.xfft_inst/single_channel.datapath/memories[0].blkmem_gen.use_bram_only.dpms/depths_3to9.ram_loop[0].use_RAMB18.SDP_RAMB18E1_36x512/DIBDI[4]
  -------------------------------------------------------------------    -------------------

                         (clock island_175 rise edge)
                                                      0.000     0.000 r  
                                                      0.000     0.000 r  fft_clk (IN)
                         net (fo=4544, unset)         0.432     0.432    shared_xfft/U0/i_synth/xfft_inst/non_floating_point.arch_b.xfft_inst/single_channel.datapath/memories[0].blkmem_gen.use_bram_only.dpms/clk
    RAMB18_X1Y7          RAMB18E1                                     r  shared_xfft/U0/i_synth/xfft_inst/non_floating_point.arch_b.xfft_inst/single_channel.datapath/memories[0].blkmem_gen.use_bram_only.dpms/depths_3to9.ram_loop[0].use_RAMB18.SDP_RAMB18E1_36x512/CLKBWRCLK
                         clock pessimism              0.000     0.432    
    RAMB18_X1Y7          RAMB18E1 (Hold_ramb18e1_CLKBWRCLK_DIBDI[4])
                                                      0.155     0.587    shared_xfft/U0/i_synth/xfft_inst/non_floating_point.arch_b.xfft_inst/single_channel.datapath/memories[0].blkmem_gen.use_bram_only.dpms/depths_3to9.ram_loop[0].use_RAMB18.SDP_RAMB18E1_36x512
  -------------------------------------------------------------------
                         required time                         -0.587    
                         arrival time                           0.662    
  -------------------------------------------------------------------
                         slack                                  0.075    

Slack (MET) :             0.076ns  (arrival time - required time)
  Source:                 shared_xfft/U0/i_synth/xfft_inst/non_floating_point.arch_b.xfft_inst/single_channel.datapath/input_muxes[0].write_data_im_mux/use_lut6_2.latency1.Q_reg[2]/C
                            (rising edge-triggered cell FDRE clocked by island_175  {rise@0.000ns fall@2.857ns period=5.714ns})
  Destination:            shared_xfft/U0/i_synth/xfft_inst/non_floating_point.arch_b.xfft_inst/single_channel.datapath/memories[0].blkmem_gen.use_bram_only.dpms/depths_3to9.ram_loop[0].use_RAMB18.SDP_RAMB18E1_36x512/DIBDI[2]
                            (rising edge-triggered cell RAMB18E1 clocked by island_175  {rise@0.000ns fall@2.857ns period=5.714ns})
  Path Group:             island_175
  Path Type:              Hold (Min at Fast Process Corner)
  Requirement:            0.000ns  (island_175 rise@0.000ns - island_175 rise@0.000ns)
  Data Path Delay:        0.252ns  (logic 0.141ns (55.866%)  route 0.111ns (44.134%))
  Logic Levels:           0  
  Clock Path Skew:        0.022ns (DCD - SCD - CPR)
    Destination Clock Delay (DCD):    0.432ns
    Source Clock Delay      (SCD):    0.410ns
    Clock Pessimism Removal (CPR):    -0.000ns

    Location             Delay type                Incr(ns)  Path(ns)    Netlist Resource(s)
  -------------------------------------------------------------------    -------------------
                         (clock island_175 rise edge)
                                                      0.000     0.000 r  
                                                      0.000     0.000 r  fft_clk (IN)
                         net (fo=4544, unset)         0.410     0.410    shared_xfft/U0/i_synth/xfft_inst/non_floating_point.arch_b.xfft_inst/single_channel.datapath/input_muxes[0].write_data_im_mux/aclk
    SLICE_X26Y18         FDRE                                         r  shared_xfft/U0/i_synth/xfft_inst/non_floating_point.arch_b.xfft_inst/single_channel.datapath/input_muxes[0].write_data_im_mux/use_lut6_2.latency1.Q_reg[2]/C
  -------------------------------------------------------------------    -------------------
    SLICE_X26Y18         FDRE (Prop_fdre_C_Q)         0.141     0.551 r  shared_xfft/U0/i_synth/xfft_inst/non_floating_point.arch_b.xfft_inst/single_channel.datapath/input_muxes[0].write_data_im_mux/use_lut6_2.latency1.Q_reg[2]/Q
                         net (fo=1, routed)           0.111     0.663    shared_xfft/U0/i_synth/xfft_inst/non_floating_point.arch_b.xfft_inst/single_channel.datapath/memories[0].blkmem_gen.use_bram_only.dpms/dina[2]
    RAMB18_X1Y7          RAMB18E1                                     r  shared_xfft/U0/i_synth/xfft_inst/non_floating_point.arch_b.xfft_inst/single_channel.datapath/memories[0].blkmem_gen.use_bram_only.dpms/depths_3to9.ram_loop[0].use_RAMB18.SDP_RAMB18E1_36x512/DIBDI[2]
  -------------------------------------------------------------------    -------------------

                         (clock island_175 rise edge)
                                                      0.000     0.000 r  
                                                      0.000     0.000 r  fft_clk (IN)
                         net (fo=4544, unset)         0.432     0.432    shared_xfft/U0/i_synth/xfft_inst/non_floating_point.arch_b.xfft_inst/single_channel.datapath/memories[0].blkmem_gen.use_bram_only.dpms/clk
    RAMB18_X1Y7          RAMB18E1                                     r  shared_xfft/U0/i_synth/xfft_inst/non_floating_point.arch_b.xfft_inst/single_channel.datapath/memories[0].blkmem_gen.use_bram_only.dpms/depths_3to9.ram_loop[0].use_RAMB18.SDP_RAMB18E1_36x512/CLKBWRCLK
                         clock pessimism              0.000     0.432    
    RAMB18_X1Y7          RAMB18E1 (Hold_ramb18e1_CLKBWRCLK_DIBDI[2])
                                                      0.155     0.587    shared_xfft/U0/i_synth/xfft_inst/non_floating_point.arch_b.xfft_inst/single_channel.datapath/memories[0].blkmem_gen.use_bram_only.dpms/depths_3to9.ram_loop[0].use_RAMB18.SDP_RAMB18E1_36x512
  -------------------------------------------------------------------
                         required time                         -0.587    
                         arrival time                           0.663    
  -------------------------------------------------------------------
                         slack                                  0.076    

Slack (MET) :             0.082ns  (arrival time - required time)
  Source:                 shared_xfft/U0/i_synth/xfft_inst/non_floating_point.arch_b.xfft_inst/control/control/need_we_process_sclr.sclr_register_we/ORS_reg/C
                            (rising edge-triggered cell FDRE clocked by island_175  {rise@0.000ns fall@2.857ns period=5.714ns})
  Destination:            shared_xfft/U0/i_synth/xfft_inst/non_floating_point.arch_b.xfft_inst/control/control/need_we_process_sclr.delay_i_we/no_sclr_lut.real_shift_ram.use_baseblock.not_use_hlutnm_srls.i_shift_ram/i_bb_inst/f0.srl_sig_reg[26][0]_srl27/D
                            (rising edge-triggered cell SRLC32E clocked by island_175  {rise@0.000ns fall@2.857ns period=5.714ns})
  Path Group:             island_175
  Path Type:              Hold (Min at Fast Process Corner)
  Requirement:            0.000ns  (island_175 rise@0.000ns - island_175 rise@0.000ns)
  Data Path Delay:        0.220ns  (logic 0.141ns (64.051%)  route 0.079ns (35.949%))
  Logic Levels:           0  
  Clock Path Skew:        0.022ns (DCD - SCD - CPR)
    Destination Clock Delay (DCD):    0.432ns
    Source Clock Delay      (SCD):    0.410ns
    Clock Pessimism Removal (CPR):    -0.000ns

    Location             Delay type                Incr(ns)  Path(ns)    Netlist Resource(s)
  -------------------------------------------------------------------    -------------------
                         (clock island_175 rise edge)
                                                      0.000     0.000 r  
                                                      0.000     0.000 r  fft_clk (IN)
                         net (fo=4544, unset)         0.410     0.410    shared_xfft/U0/i_synth/xfft_inst/non_floating_point.arch_b.xfft_inst/control/control/need_we_process_sclr.sclr_register_we/aclk
    SLICE_X5Y14          FDRE                                         r  shared_xfft/U0/i_synth/xfft_inst/non_floating_point.arch_b.xfft_inst/control/control/need_we_process_sclr.sclr_register_we/ORS_reg/C
  -------------------------------------------------------------------    -------------------
    SLICE_X5Y14          FDRE (Prop_fdre_C_Q)         0.141     0.551 r  shared_xfft/U0/i_synth/xfft_inst/non_floating_point.arch_b.xfft_inst/control/control/need_we_process_sclr.sclr_register_we/ORS_reg/Q
                         net (fo=3, routed)           0.079     0.630    shared_xfft/U0/i_synth/xfft_inst/non_floating_point.arch_b.xfft_inst/control/control/need_we_process_sclr.delay_i_we/no_sclr_lut.real_shift_ram.use_baseblock.not_use_hlutnm_srls.i_shift_ram/i_bb_inst/d[0]
    SLICE_X4Y14          SRLC32E                                      r  shared_xfft/U0/i_synth/xfft_inst/non_floating_point.arch_b.xfft_inst/control/control/need_we_process_sclr.delay_i_we/no_sclr_lut.real_shift_ram.use_baseblock.not_use_hlutnm_srls.i_shift_ram/i_bb_inst/f0.srl_sig_reg[26][0]_srl27/D
  -------------------------------------------------------------------    -------------------

                         (clock island_175 rise edge)
                                                      0.000     0.000 r  
                                                      0.000     0.000 r  fft_clk (IN)
                         net (fo=4544, unset)         0.432     0.432    shared_xfft/U0/i_synth/xfft_inst/non_floating_point.arch_b.xfft_inst/control/control/need_we_process_sclr.delay_i_we/no_sclr_lut.real_shift_ram.use_baseblock.not_use_hlutnm_srls.i_shift_ram/i_bb_inst/clk
    SLICE_X4Y14          SRLC32E                                      r  shared_xfft/U0/i_synth/xfft_inst/non_floating_point.arch_b.xfft_inst/control/control/need_we_process_sclr.delay_i_we/no_sclr_lut.real_shift_ram.use_baseblock.not_use_hlutnm_srls.i_shift_ram/i_bb_inst/f0.srl_sig_reg[26][0]_srl27/CLK
                         clock pessimism              0.000     0.432    
    SLICE_X4Y14          SRLC32E (Hold_srlc32e_CLK_D)
                                                      0.117     0.549    shared_xfft/U0/i_synth/xfft_inst/non_floating_point.arch_b.xfft_inst/control/control/need_we_process_sclr.delay_i_we/no_sclr_lut.real_shift_ram.use_baseblock.not_use_hlutnm_srls.i_shift_ram/i_bb_inst/f0.srl_sig_reg[26][0]_srl27
  -------------------------------------------------------------------
                         required time                         -0.549    
                         arrival time                           0.630    
  -------------------------------------------------------------------
                         slack                                  0.082    

Slack (MET) :             0.095ns  (arrival time - required time)
  Source:                 product/output_q_reg[12]/C
                            (rising edge-triggered cell FDRE clocked by island_175  {rise@0.000ns fall@2.857ns period=5.714ns})
  Destination:            product_bank/payload_memory_reg/DIBDI[14]
                            (rising edge-triggered cell RAMB18E1 clocked by island_175  {rise@0.000ns fall@2.857ns period=5.714ns})
  Path Group:             island_175
  Path Type:              Hold (Min at Fast Process Corner)
  Requirement:            0.000ns  (island_175 rise@0.000ns - island_175 rise@0.000ns)
  Data Path Delay:        0.272ns  (logic 0.164ns (60.336%)  route 0.108ns (39.664%))
  Logic Levels:           0  
  Clock Path Skew:        0.022ns (DCD - SCD - CPR)
    Destination Clock Delay (DCD):    0.432ns
    Source Clock Delay      (SCD):    0.410ns
    Clock Pessimism Removal (CPR):    -0.000ns

    Location             Delay type                Incr(ns)  Path(ns)    Netlist Resource(s)
  -------------------------------------------------------------------    -------------------
                         (clock island_175 rise edge)
                                                      0.000     0.000 r  
                                                      0.000     0.000 r  fft_clk (IN)
                         net (fo=4544, unset)         0.410     0.410    product/fft_clk
    SLICE_X6Y9           FDRE                                         r  product/output_q_reg[12]/C
  -------------------------------------------------------------------    -------------------
    SLICE_X6Y9           FDRE (Prop_fdre_C_Q)         0.164     0.574 r  product/output_q_reg[12]/Q
                         net (fo=1, routed)           0.108     0.682    product_bank/payload_memory_reg_1[12]
    RAMB18_X0Y3          RAMB18E1                                     r  product_bank/payload_memory_reg/DIBDI[14]
  -------------------------------------------------------------------    -------------------

                         (clock island_175 rise edge)
                                                      0.000     0.000 r  
                                                      0.000     0.000 r  fft_clk (IN)
                         net (fo=4544, unset)         0.432     0.432    product_bank/fft_clk
    RAMB18_X0Y3          RAMB18E1                                     r  product_bank/payload_memory_reg/CLKBWRCLK
                         clock pessimism              0.000     0.432    
    RAMB18_X0Y3          RAMB18E1 (Hold_ramb18e1_CLKBWRCLK_DIBDI[14])
                                                      0.155     0.587    product_bank/payload_memory_reg
  -------------------------------------------------------------------
                         required time                         -0.587    
                         arrival time                           0.682    
  -------------------------------------------------------------------
                         slack                                  0.095    

Slack (MET) :             0.096ns  (arrival time - required time)
  Source:                 shared_xfft/U0/i_synth/xfft_inst/non_floating_point.arch_b.xfft_inst/single_channel.datapath/pe/rounder_inst.with_mults.rounder_0r/gated_incr_regs[14].ff/C
                            (rising edge-triggered cell FDRE clocked by island_175  {rise@0.000ns fall@2.857ns period=5.714ns})
  Destination:            shared_xfft/U0/i_synth/xfft_inst/non_floating_point.arch_b.xfft_inst/single_channel.datapath/bfp_scaling.pe_ranger_inst/ranger_ar/scale_reg/ADDRARDADDR[8]
                            (rising edge-triggered cell RAMB18E1 clocked by island_175  {rise@0.000ns fall@2.857ns period=5.714ns})
  Path Group:             island_175
  Path Type:              Hold (Min at Fast Process Corner)
  Requirement:            0.000ns  (island_175 rise@0.000ns - island_175 rise@0.000ns)
  Data Path Delay:        0.300ns  (logic 0.141ns (46.974%)  route 0.159ns (53.026%))
  Logic Levels:           0  
  Clock Path Skew:        0.022ns (DCD - SCD - CPR)
    Destination Clock Delay (DCD):    0.432ns
    Source Clock Delay      (SCD):    0.410ns
    Clock Pessimism Removal (CPR):    -0.000ns

    Location             Delay type                Incr(ns)  Path(ns)    Netlist Resource(s)
  -------------------------------------------------------------------    -------------------
                         (clock island_175 rise edge)
                                                      0.000     0.000 r  
                                                      0.000     0.000 r  fft_clk (IN)
                         net (fo=4544, unset)         0.410     0.410    shared_xfft/U0/i_synth/xfft_inst/non_floating_point.arch_b.xfft_inst/single_channel.datapath/pe/rounder_inst.with_mults.rounder_0r/aclk
    SLICE_X27Y23         FDRE                                         r  shared_xfft/U0/i_synth/xfft_inst/non_floating_point.arch_b.xfft_inst/single_channel.datapath/pe/rounder_inst.with_mults.rounder_0r/gated_incr_regs[14].ff/C
  -------------------------------------------------------------------    -------------------
    SLICE_X27Y23         FDRE (Prop_fdre_C_Q)         0.141     0.551 r  shared_xfft/U0/i_synth/xfft_inst/non_floating_point.arch_b.xfft_inst/single_channel.datapath/pe/rounder_inst.with_mults.rounder_0r/gated_incr_regs[14].ff/Q
                         net (fo=5, routed)           0.159     0.710    shared_xfft/U0/i_synth/xfft_inst/non_floating_point.arch_b.xfft_inst/single_channel.datapath/bfp_scaling.pe_ranger_inst/ranger_ar/MA[4]
    RAMB18_X1Y9          RAMB18E1                                     r  shared_xfft/U0/i_synth/xfft_inst/non_floating_point.arch_b.xfft_inst/single_channel.datapath/bfp_scaling.pe_ranger_inst/ranger_ar/scale_reg/ADDRARDADDR[8]
  -------------------------------------------------------------------    -------------------

                         (clock island_175 rise edge)
                                                      0.000     0.000 r  
                                                      0.000     0.000 r  fft_clk (IN)
                         net (fo=4544, unset)         0.432     0.432    shared_xfft/U0/i_synth/xfft_inst/non_floating_point.arch_b.xfft_inst/single_channel.datapath/bfp_scaling.pe_ranger_inst/ranger_ar/aclk
    RAMB18_X1Y9          RAMB18E1                                     r  shared_xfft/U0/i_synth/xfft_inst/non_floating_point.arch_b.xfft_inst/single_channel.datapath/bfp_scaling.pe_ranger_inst/ranger_ar/scale_reg/CLKARDCLK
                         clock pessimism              0.000     0.432    
    RAMB18_X1Y9          RAMB18E1 (Hold_ramb18e1_CLKARDCLK_ADDRARDADDR[8])
                                                      0.183     0.615    shared_xfft/U0/i_synth/xfft_inst/non_floating_point.arch_b.xfft_inst/single_channel.datapath/bfp_scaling.pe_ranger_inst/ranger_ar/scale_reg
  -------------------------------------------------------------------
                         required time                         -0.615    
                         arrival time                           0.710    
  -------------------------------------------------------------------
                         slack                                  0.096    

Slack (MET) :             0.097ns  (arrival time - required time)
  Source:                 shared_xfft/U0/i_synth/xfft_inst/non_floating_point.arch_b.xfft_inst/single_channel.datapath/pe/rounder_inst.with_mults.rounder_0r/gated_incr_regs[11].ff/C
                            (rising edge-triggered cell FDRE clocked by island_175  {rise@0.000ns fall@2.857ns period=5.714ns})
  Destination:            shared_xfft/U0/i_synth/xfft_inst/non_floating_point.arch_b.xfft_inst/single_channel.datapath/bfp_scaling.pe_ranger_inst/ranger_ar/scale_reg/ADDRARDADDR[5]
                            (rising edge-triggered cell RAMB18E1 clocked by island_175  {rise@0.000ns fall@2.857ns period=5.714ns})
  Path Group:             island_175
  Path Type:              Hold (Min at Fast Process Corner)
  Requirement:            0.000ns  (island_175 rise@0.000ns - island_175 rise@0.000ns)
  Data Path Delay:        0.301ns  (logic 0.141ns (46.818%)  route 0.160ns (53.182%))
  Logic Levels:           0  
  Clock Path Skew:        0.022ns (DCD - SCD - CPR)
    Destination Clock Delay (DCD):    0.432ns
    Source Clock Delay      (SCD):    0.410ns
    Clock Pessimism Removal (CPR):    -0.000ns

    Location             Delay type                Incr(ns)  Path(ns)    Netlist Resource(s)
  -------------------------------------------------------------------    -------------------
                         (clock island_175 rise edge)
                                                      0.000     0.000 r  
                                                      0.000     0.000 r  fft_clk (IN)
                         net (fo=4544, unset)         0.410     0.410    shared_xfft/U0/i_synth/xfft_inst/non_floating_point.arch_b.xfft_inst/single_channel.datapath/pe/rounder_inst.with_mults.rounder_0r/aclk
    SLICE_X27Y22         FDRE                                         r  shared_xfft/U0/i_synth/xfft_inst/non_floating_point.arch_b.xfft_inst/single_channel.datapath/pe/rounder_inst.with_mults.rounder_0r/gated_incr_regs[11].ff/C
  -------------------------------------------------------------------    -------------------
    SLICE_X27Y22         FDRE (Prop_fdre_C_Q)         0.141     0.551 r  shared_xfft/U0/i_synth/xfft_inst/non_floating_point.arch_b.xfft_inst/single_channel.datapath/pe/rounder_inst.with_mults.rounder_0r/gated_incr_regs[11].ff/Q
                         net (fo=5, routed)           0.160     0.711    shared_xfft/U0/i_synth/xfft_inst/non_floating_point.arch_b.xfft_inst/single_channel.datapath/bfp_scaling.pe_ranger_inst/ranger_ar/MA[1]
    RAMB18_X1Y9          RAMB18E1                                     r  shared_xfft/U0/i_synth/xfft_inst/non_floating_point.arch_b.xfft_inst/single_channel.datapath/bfp_scaling.pe_ranger_inst/ranger_ar/scale_reg/ADDRARDADDR[5]
  -------------------------------------------------------------------    -------------------

                         (clock island_175 rise edge)
                                                      0.000     0.000 r  
                                                      0.000     0.000 r  fft_clk (IN)
                         net (fo=4544, unset)         0.432     0.432    shared_xfft/U0/i_synth/xfft_inst/non_floating_point.arch_b.xfft_inst/single_channel.datapath/bfp_scaling.pe_ranger_inst/ranger_ar/aclk
    RAMB18_X1Y9          RAMB18E1                                     r  shared_xfft/U0/i_synth/xfft_inst/non_floating_point.arch_b.xfft_inst/single_channel.datapath/bfp_scaling.pe_ranger_inst/ranger_ar/scale_reg/CLKARDCLK
                         clock pessimism              0.000     0.432    
    RAMB18_X1Y9          RAMB18E1 (Hold_ramb18e1_CLKARDCLK_ADDRARDADDR[5])
                                                      0.183     0.615    shared_xfft/U0/i_synth/xfft_inst/non_floating_point.arch_b.xfft_inst/single_channel.datapath/bfp_scaling.pe_ranger_inst/ranger_ar/scale_reg
  -------------------------------------------------------------------
                         required time                         -0.615    
                         arrival time                           0.711    
  -------------------------------------------------------------------
                         slack                                  0.097    

Slack (MET) :             0.100ns  (arrival time - required time)
  Source:                 product_bank/acknowledge_sync_reg[0]/C
                            (rising edge-triggered cell FDRE clocked by island_175  {rise@0.000ns fall@2.857ns period=5.714ns})
  Destination:            product_bank/acknowledge_sync_reg[1]/D
                            (rising edge-triggered cell FDRE clocked by island_175  {rise@0.000ns fall@2.857ns period=5.714ns})
  Path Group:             island_175
  Path Type:              Hold (Min at Fast Process Corner)
  Requirement:            0.000ns  (island_175 rise@0.000ns - island_175 rise@0.000ns)
  Data Path Delay:        0.197ns  (logic 0.141ns (71.611%)  route 0.056ns (28.389%))
  Logic Levels:           0  
  Clock Path Skew:        0.022ns (DCD - SCD - CPR)
    Destination Clock Delay (DCD):    0.432ns
    Source Clock Delay      (SCD):    0.410ns
    Clock Pessimism Removal (CPR):    -0.000ns

    Location             Delay type                Incr(ns)  Path(ns)    Netlist Resource(s)
  -------------------------------------------------------------------    -------------------
                         (clock island_175 rise edge)
                                                      0.000     0.000 r  
                                                      0.000     0.000 r  fft_clk (IN)
                         net (fo=4544, unset)         0.410     0.410    product_bank/fft_clk
    SLICE_X29Y10         FDRE                                         r  product_bank/acknowledge_sync_reg[0]/C
  -------------------------------------------------------------------    -------------------
    SLICE_X29Y10         FDRE (Prop_fdre_C_Q)         0.141     0.551 r  product_bank/acknowledge_sync_reg[0]/Q
                         net (fo=1, routed)           0.056     0.607    product_bank/acknowledge_sync[0]
    SLICE_X29Y10         FDRE                                         r  product_bank/acknowledge_sync_reg[1]/D
  -------------------------------------------------------------------    -------------------

                         (clock island_175 rise edge)
                                                      0.000     0.000 r  
                                                      0.000     0.000 r  fft_clk (IN)
                         net (fo=4544, unset)         0.432     0.432    product_bank/fft_clk
    SLICE_X29Y10         FDRE                                         r  product_bank/acknowledge_sync_reg[1]/C
                         clock pessimism              0.000     0.432    
    SLICE_X29Y10         FDRE (Hold_fdre_C_D)         0.075     0.507    product_bank/acknowledge_sync_reg[1]
  -------------------------------------------------------------------
                         required time                         -0.507    
                         arrival time                           0.607    
  -------------------------------------------------------------------
                         slack                                  0.100    

Slack (MET) :             0.100ns  (arrival time - required time)
  Source:                 shared_xfft/U0/i_synth/xfft_inst/non_floating_point.arch_b.xfft_inst/control/twiddle_generator1/tw0.twgen0/extra_reg.COSINE_reg[4]/C
                            (rising edge-triggered cell FDRE clocked by island_175  {rise@0.000ns fall@2.857ns period=5.714ns})
  Destination:            shared_xfft/U0/i_synth/xfft_inst/non_floating_point.arch_b.xfft_inst/single_channel.datapath/pe/mult_gen.Mult1/i_cmpy/three_mult_structure.use_dsp.i_dsp48/optionally_negate_inputs/apply_negation.registered_twos_comp_hblknm.gen_full_slices[1].gen_fdre[0].ff_br/D
                            (rising edge-triggered cell FDRE clocked by island_175  {rise@0.000ns fall@2.857ns period=5.714ns})
  Path Group:             island_175
  Path Type:              Hold (Min at Fast Process Corner)
  Requirement:            0.000ns  (island_175 rise@0.000ns - island_175 rise@0.000ns)
  Data Path Delay:        0.197ns  (logic 0.141ns (71.611%)  route 0.056ns (28.389%))
  Logic Levels:           0  
  Clock Path Skew:        0.022ns (DCD - SCD - CPR)
    Destination Clock Delay (DCD):    0.432ns
    Source Clock Delay      (SCD):    0.410ns
    Clock Pessimism Removal (CPR):    -0.000ns

    Location             Delay type                Incr(ns)  Path(ns)    Netlist Resource(s)
  -------------------------------------------------------------------    -------------------
                         (clock island_175 rise edge)
                                                      0.000     0.000 r  
                                                      0.000     0.000 r  fft_clk (IN)
                         net (fo=4544, unset)         0.410     0.410    shared_xfft/U0/i_synth/xfft_inst/non_floating_point.arch_b.xfft_inst/control/twiddle_generator1/tw0.twgen0/aclk
    SLICE_X9Y22          FDRE                                         r  shared_xfft/U0/i_synth/xfft_inst/non_floating_point.arch_b.xfft_inst/control/twiddle_generator1/tw0.twgen0/extra_reg.COSINE_reg[4]/C
  -------------------------------------------------------------------    -------------------
    SLICE_X9Y22          FDRE (Prop_fdre_C_Q)         0.141     0.551 r  shared_xfft/U0/i_synth/xfft_inst/non_floating_point.arch_b.xfft_inst/control/twiddle_generator1/tw0.twgen0/extra_reg.COSINE_reg[4]/Q
                         net (fo=1, routed)           0.056     0.607    shared_xfft/U0/i_synth/xfft_inst/non_floating_point.arch_b.xfft_inst/single_channel.datapath/pe/mult_gen.Mult1/i_cmpy/three_mult_structure.use_dsp.i_dsp48/optionally_negate_inputs/apply_negation.registered_twos_comp_hblknm.gen_part_slices[0].ff_br_0[4]
    SLICE_X9Y22          FDRE                                         r  shared_xfft/U0/i_synth/xfft_inst/non_floating_point.arch_b.xfft_inst/single_channel.datapath/pe/mult_gen.Mult1/i_cmpy/three_mult_structure.use_dsp.i_dsp48/optionally_negate_inputs/apply_negation.registered_twos_comp_hblknm.gen_full_slices[1].gen_fdre[0].ff_br/D
  -------------------------------------------------------------------    -------------------

                         (clock island_175 rise edge)
                                                      0.000     0.000 r  
                                                      0.000     0.000 r  fft_clk (IN)
                         net (fo=4544, unset)         0.432     0.432    shared_xfft/U0/i_synth/xfft_inst/non_floating_point.arch_b.xfft_inst/single_channel.datapath/pe/mult_gen.Mult1/i_cmpy/three_mult_structure.use_dsp.i_dsp48/optionally_negate_inputs/aclk
    SLICE_X9Y22          FDRE                                         r  shared_xfft/U0/i_synth/xfft_inst/non_floating_point.arch_b.xfft_inst/single_channel.datapath/pe/mult_gen.Mult1/i_cmpy/three_mult_structure.use_dsp.i_dsp48/optionally_negate_inputs/apply_negation.registered_twos_comp_hblknm.gen_full_slices[1].gen_fdre[0].ff_br/C
                         clock pessimism              0.000     0.432    
    SLICE_X9Y22          FDRE (Hold_fdre_C_D)         0.075     0.507    shared_xfft/U0/i_synth/xfft_inst/non_floating_point.arch_b.xfft_inst/single_channel.datapath/pe/mult_gen.Mult1/i_cmpy/three_mult_structure.use_dsp.i_dsp48/optionally_negate_inputs/apply_negation.registered_twos_comp_hblknm.gen_full_slices[1].gen_fdre[0].ff_br
  -------------------------------------------------------------------
                         required time                         -0.507    
                         arrival time                           0.607    
  -------------------------------------------------------------------
                         slack                                  0.100    

Slack (MET) :             0.100ns  (arrival time - required time)
  Source:                 shared_xfft/U0/i_synth/xfft_inst/non_floating_point.arch_b.xfft_inst/control/twiddle_generator2/tw0.twgen0/extra_reg.COSINE_reg[2]/C
                            (rising edge-triggered cell FDRE clocked by island_175  {rise@0.000ns fall@2.857ns period=5.714ns})
  Destination:            shared_xfft/U0/i_synth/xfft_inst/non_floating_point.arch_b.xfft_inst/single_channel.datapath/pe/mult_gen.Mult2/i_cmpy/three_mult_structure.use_dsp.i_dsp48/optionally_negate_inputs/apply_negation.registered_twos_comp_hblknm.gen_full_slices[0].gen_fdre[2].ff_br/D
                            (rising edge-triggered cell FDRE clocked by island_175  {rise@0.000ns fall@2.857ns period=5.714ns})
  Path Group:             island_175
  Path Type:              Hold (Min at Fast Process Corner)
  Requirement:            0.000ns  (island_175 rise@0.000ns - island_175 rise@0.000ns)
  Data Path Delay:        0.197ns  (logic 0.141ns (71.611%)  route 0.056ns (28.389%))
  Logic Levels:           0  
  Clock Path Skew:        0.022ns (DCD - SCD - CPR)
    Destination Clock Delay (DCD):    0.432ns
    Source Clock Delay      (SCD):    0.410ns
    Clock Pessimism Removal (CPR):    -0.000ns

    Location             Delay type                Incr(ns)  Path(ns)    Netlist Resource(s)
  -------------------------------------------------------------------    -------------------
                         (clock island_175 rise edge)
                                                      0.000     0.000 r  
                                                      0.000     0.000 r  fft_clk (IN)
                         net (fo=4544, unset)         0.410     0.410    shared_xfft/U0/i_synth/xfft_inst/non_floating_point.arch_b.xfft_inst/control/twiddle_generator2/tw0.twgen0/aclk
    SLICE_X9Y16          FDRE                                         r  shared_xfft/U0/i_synth/xfft_inst/non_floating_point.arch_b.xfft_inst/control/twiddle_generator2/tw0.twgen0/extra_reg.COSINE_reg[2]/C
  -------------------------------------------------------------------    -------------------
    SLICE_X9Y16          FDRE (Prop_fdre_C_Q)         0.141     0.551 r  shared_xfft/U0/i_synth/xfft_inst/non_floating_point.arch_b.xfft_inst/control/twiddle_generator2/tw0.twgen0/extra_reg.COSINE_reg[2]/Q
                         net (fo=1, routed)           0.056     0.607    shared_xfft/U0/i_synth/xfft_inst/non_floating_point.arch_b.xfft_inst/single_channel.datapath/pe/mult_gen.Mult2/i_cmpy/three_mult_structure.use_dsp.i_dsp48/optionally_negate_inputs/apply_negation.registered_twos_comp_hblknm.gen_part_slices[0].ff_br_0[2]
    SLICE_X9Y16          FDRE                                         r  shared_xfft/U0/i_synth/xfft_inst/non_floating_point.arch_b.xfft_inst/single_channel.datapath/pe/mult_gen.Mult2/i_cmpy/three_mult_structure.use_dsp.i_dsp48/optionally_negate_inputs/apply_negation.registered_twos_comp_hblknm.gen_full_slices[0].gen_fdre[2].ff_br/D
  -------------------------------------------------------------------    -------------------

                         (clock island_175 rise edge)
                                                      0.000     0.000 r  
                                                      0.000     0.000 r  fft_clk (IN)
                         net (fo=4544, unset)         0.432     0.432    shared_xfft/U0/i_synth/xfft_inst/non_floating_point.arch_b.xfft_inst/single_channel.datapath/pe/mult_gen.Mult2/i_cmpy/three_mult_structure.use_dsp.i_dsp48/optionally_negate_inputs/aclk
    SLICE_X9Y16          FDRE                                         r  shared_xfft/U0/i_synth/xfft_inst/non_floating_point.arch_b.xfft_inst/single_channel.datapath/pe/mult_gen.Mult2/i_cmpy/three_mult_structure.use_dsp.i_dsp48/optionally_negate_inputs/apply_negation.registered_twos_comp_hblknm.gen_full_slices[0].gen_fdre[2].ff_br/C
                         clock pessimism              0.000     0.432    
    SLICE_X9Y16          FDRE (Hold_fdre_C_D)         0.075     0.507    shared_xfft/U0/i_synth/xfft_inst/non_floating_point.arch_b.xfft_inst/single_channel.datapath/pe/mult_gen.Mult2/i_cmpy/three_mult_structure.use_dsp.i_dsp48/optionally_negate_inputs/apply_negation.registered_twos_comp_hblknm.gen_full_slices[0].gen_fdre[2].ff_br
  -------------------------------------------------------------------
                         required time                         -0.507    
                         arrival time                           0.607    
  -------------------------------------------------------------------
                         slack                                  0.100    

Slack (MET) :             0.100ns  (arrival time - required time)
  Source:                 shared_xfft/U0/i_synth/xfft_inst/non_floating_point.arch_b.xfft_inst/control/twiddle_generator2/tw0.twgen0/extra_reg.COSINE_reg[13]/C
                            (rising edge-triggered cell FDRE clocked by island_175  {rise@0.000ns fall@2.857ns period=5.714ns})
  Destination:            shared_xfft/U0/i_synth/xfft_inst/non_floating_point.arch_b.xfft_inst/single_channel.datapath/pe/mult_gen.Mult2/i_cmpy/three_mult_structure.use_dsp.i_dsp48/optionally_negate_inputs/apply_negation.registered_twos_comp_hblknm.gen_full_slices[3].gen_fdre[1].ff_br/D
                            (rising edge-triggered cell FDRE clocked by island_175  {rise@0.000ns fall@2.857ns period=5.714ns})
  Path Group:             island_175
  Path Type:              Hold (Min at Fast Process Corner)
  Requirement:            0.000ns  (island_175 rise@0.000ns - island_175 rise@0.000ns)
  Data Path Delay:        0.197ns  (logic 0.141ns (71.611%)  route 0.056ns (28.389%))
  Logic Levels:           0  
  Clock Path Skew:        0.022ns (DCD - SCD - CPR)
    Destination Clock Delay (DCD):    0.432ns
    Source Clock Delay      (SCD):    0.410ns
    Clock Pessimism Removal (CPR):    -0.000ns

    Location             Delay type                Incr(ns)  Path(ns)    Netlist Resource(s)
  -------------------------------------------------------------------    -------------------
                         (clock island_175 rise edge)
                                                      0.000     0.000 r  
                                                      0.000     0.000 r  fft_clk (IN)
                         net (fo=4544, unset)         0.410     0.410    shared_xfft/U0/i_synth/xfft_inst/non_floating_point.arch_b.xfft_inst/control/twiddle_generator2/tw0.twgen0/aclk
    SLICE_X9Y20          FDRE                                         r  shared_xfft/U0/i_synth/xfft_inst/non_floating_point.arch_b.xfft_inst/control/twiddle_generator2/tw0.twgen0/extra_reg.COSINE_reg[13]/C
  -------------------------------------------------------------------    -------------------
    SLICE_X9Y20          FDRE (Prop_fdre_C_Q)         0.141     0.551 r  shared_xfft/U0/i_synth/xfft_inst/non_floating_point.arch_b.xfft_inst/control/twiddle_generator2/tw0.twgen0/extra_reg.COSINE_reg[13]/Q
                         net (fo=1, routed)           0.056     0.607    shared_xfft/U0/i_synth/xfft_inst/non_floating_point.arch_b.xfft_inst/single_channel.datapath/pe/mult_gen.Mult2/i_cmpy/three_mult_structure.use_dsp.i_dsp48/optionally_negate_inputs/apply_negation.registered_twos_comp_hblknm.gen_part_slices[0].ff_br_0[13]
    SLICE_X9Y20          FDRE                                         r  shared_xfft/U0/i_synth/xfft_inst/non_floating_point.arch_b.xfft_inst/single_channel.datapath/pe/mult_gen.Mult2/i_cmpy/three_mult_structure.use_dsp.i_dsp48/optionally_negate_inputs/apply_negation.registered_twos_comp_hblknm.gen_full_slices[3].gen_fdre[1].ff_br/D
  -------------------------------------------------------------------    -------------------

                         (clock island_175 rise edge)
                                                      0.000     0.000 r  
                                                      0.000     0.000 r  fft_clk (IN)
                         net (fo=4544, unset)         0.432     0.432    shared_xfft/U0/i_synth/xfft_inst/non_floating_point.arch_b.xfft_inst/single_channel.datapath/pe/mult_gen.Mult2/i_cmpy/three_mult_structure.use_dsp.i_dsp48/optionally_negate_inputs/aclk
    SLICE_X9Y20          FDRE                                         r  shared_xfft/U0/i_synth/xfft_inst/non_floating_point.arch_b.xfft_inst/single_channel.datapath/pe/mult_gen.Mult2/i_cmpy/three_mult_structure.use_dsp.i_dsp48/optionally_negate_inputs/apply_negation.registered_twos_comp_hblknm.gen_full_slices[3].gen_fdre[1].ff_br/C
                         clock pessimism              0.000     0.432    
    SLICE_X9Y20          FDRE (Hold_fdre_C_D)         0.075     0.507    shared_xfft/U0/i_synth/xfft_inst/non_floating_point.arch_b.xfft_inst/single_channel.datapath/pe/mult_gen.Mult2/i_cmpy/three_mult_structure.use_dsp.i_dsp48/optionally_negate_inputs/apply_negation.registered_twos_comp_hblknm.gen_full_slices[3].gen_fdre[1].ff_br
  -------------------------------------------------------------------
                         required time                         -0.507    
                         arrival time                           0.607    
  -------------------------------------------------------------------
                         slack                                  0.100    

Slack (MET) :             0.100ns  (arrival time - required time)
  Source:                 slow_reset_fast_reg[0]/C
                            (rising edge-triggered cell FDCE clocked by island_175  {rise@0.000ns fall@2.857ns period=5.714ns})
  Destination:            slow_reset_fast_reg[1]/D
                            (rising edge-triggered cell FDCE clocked by island_175  {rise@0.000ns fall@2.857ns period=5.714ns})
  Path Group:             island_175
  Path Type:              Hold (Min at Fast Process Corner)
  Requirement:            0.000ns  (island_175 rise@0.000ns - island_175 rise@0.000ns)
  Data Path Delay:        0.197ns  (logic 0.141ns (71.611%)  route 0.056ns (28.389%))
  Logic Levels:           0  
  Clock Path Skew:        0.022ns (DCD - SCD - CPR)
    Destination Clock Delay (DCD):    0.432ns
    Source Clock Delay      (SCD):    0.410ns
    Clock Pessimism Removal (CPR):    -0.000ns

    Location             Delay type                Incr(ns)  Path(ns)    Netlist Resource(s)
  -------------------------------------------------------------------    -------------------
                         (clock island_175 rise edge)
                                                      0.000     0.000 r  
                                                      0.000     0.000 r  fft_clk (IN)
                         net (fo=4544, unset)         0.410     0.410    fft_clk
    SLICE_X23Y5          FDCE                                         r  slow_reset_fast_reg[0]/C
  -------------------------------------------------------------------    -------------------
    SLICE_X23Y5          FDCE (Prop_fdce_C_Q)         0.141     0.551 r  slow_reset_fast_reg[0]/Q
                         net (fo=1, routed)           0.056     0.607    slow_reset_fast[0]
    SLICE_X23Y5          FDCE                                         r  slow_reset_fast_reg[1]/D
  -------------------------------------------------------------------    -------------------

                         (clock island_175 rise edge)
                                                      0.000     0.000 r  
                                                      0.000     0.000 r  fft_clk (IN)
                         net (fo=4544, unset)         0.432     0.432    fft_clk
    SLICE_X23Y5          FDCE                                         r  slow_reset_fast_reg[1]/C
                         clock pessimism              0.000     0.432    
    SLICE_X23Y5          FDCE (Hold_fdce_C_D)         0.075     0.507    slow_reset_fast_reg[1]
  -------------------------------------------------------------------
                         required time                         -0.507    
                         arrival time                           0.607    
  -------------------------------------------------------------------
                         slack                                  0.100    

Slack (MET) :             0.100ns  (arrival time - required time)
  Source:                 shared_xfft/U0/i_synth/xfft_inst/non_floating_point.arch_b.xfft_inst/single_channel.datapath/pe/rounder_inst.with_mults.rounder_0r/gated_incr_regs[10].ff/C
                            (rising edge-triggered cell FDRE clocked by island_175  {rise@0.000ns fall@2.857ns period=5.714ns})
  Destination:            shared_xfft/U0/i_synth/xfft_inst/non_floating_point.arch_b.xfft_inst/single_channel.datapath/bfp_scaling.pe_ranger_inst/ranger_ar/scale_reg/ADDRARDADDR[4]
                            (rising edge-triggered cell RAMB18E1 clocked by island_175  {rise@0.000ns fall@2.857ns period=5.714ns})
  Path Group:             island_175
  Path Type:              Hold (Min at Fast Process Corner)
  Requirement:            0.000ns  (island_175 rise@0.000ns - island_175 rise@0.000ns)
  Data Path Delay:        0.305ns  (logic 0.141ns (46.227%)  route 0.164ns (53.773%))
  Logic Levels:           0  
  Clock Path Skew:        0.022ns (DCD - SCD - CPR)
    Destination Clock Delay (DCD):    0.432ns
    Source Clock Delay      (SCD):    0.410ns
    Clock Pessimism Removal (CPR):    -0.000ns

    Location             Delay type                Incr(ns)  Path(ns)    Netlist Resource(s)
  -------------------------------------------------------------------    -------------------
                         (clock island_175 rise edge)
                                                      0.000     0.000 r  
                                                      0.000     0.000 r  fft_clk (IN)
                         net (fo=4544, unset)         0.410     0.410    shared_xfft/U0/i_synth/xfft_inst/non_floating_point.arch_b.xfft_inst/single_channel.datapath/pe/rounder_inst.with_mults.rounder_0r/aclk
    SLICE_X27Y22         FDRE                                         r  shared_xfft/U0/i_synth/xfft_inst/non_floating_point.arch_b.xfft_inst/single_channel.datapath/pe/rounder_inst.with_mults.rounder_0r/gated_incr_regs[10].ff/C
  -------------------------------------------------------------------    -------------------
    SLICE_X27Y22         FDRE (Prop_fdre_C_Q)         0.141     0.551 r  shared_xfft/U0/i_synth/xfft_inst/non_floating_point.arch_b.xfft_inst/single_channel.datapath/pe/rounder_inst.with_mults.rounder_0r/gated_incr_regs[10].ff/Q
                         net (fo=5, routed)           0.164     0.715    shared_xfft/U0/i_synth/xfft_inst/non_floating_point.arch_b.xfft_inst/single_channel.datapath/bfp_scaling.pe_ranger_inst/ranger_ar/MA[0]
    RAMB18_X1Y9          RAMB18E1                                     r  shared_xfft/U0/i_synth/xfft_inst/non_floating_point.arch_b.xfft_inst/single_channel.datapath/bfp_scaling.pe_ranger_inst/ranger_ar/scale_reg/ADDRARDADDR[4]
  -------------------------------------------------------------------    -------------------

                         (clock island_175 rise edge)
                                                      0.000     0.000 r  
                                                      0.000     0.000 r  fft_clk (IN)
                         net (fo=4544, unset)         0.432     0.432    shared_xfft/U0/i_synth/xfft_inst/non_floating_point.arch_b.xfft_inst/single_channel.datapath/bfp_scaling.pe_ranger_inst/ranger_ar/aclk
    RAMB18_X1Y9          RAMB18E1                                     r  shared_xfft/U0/i_synth/xfft_inst/non_floating_point.arch_b.xfft_inst/single_channel.datapath/bfp_scaling.pe_ranger_inst/ranger_ar/scale_reg/CLKARDCLK
                         clock pessimism              0.000     0.432    
    RAMB18_X1Y9          RAMB18E1 (Hold_ramb18e1_CLKARDCLK_ADDRARDADDR[4])
                                                      0.183     0.615    shared_xfft/U0/i_synth/xfft_inst/non_floating_point.arch_b.xfft_inst/single_channel.datapath/bfp_scaling.pe_ranger_inst/ranger_ar/scale_reg
  -------------------------------------------------------------------
                         required time                         -0.615    
                         arrival time                           0.715    
  -------------------------------------------------------------------
                         slack                                  0.100    

Slack (MET) :             0.102ns  (arrival time - required time)
  Source:                 shared_xfft/U0/i_synth/xfft_inst/non_floating_point.arch_b.xfft_inst/single_channel.datapath/pe/mult_gen.Mult3/i_cmpy/three_mult_structure.use_dsp.i_dsp48/dsp_preadder_1.reg_mult1_preadd_d/dN.std_srl.shift_reg_reg[0][24]/C
                            (rising edge-triggered cell FDRE clocked by island_175  {rise@0.000ns fall@2.857ns period=5.714ns})
  Destination:            shared_xfft/U0/i_synth/xfft_inst/non_floating_point.arch_b.xfft_inst/single_channel.datapath/pe/mult_gen.Mult3/i_cmpy/three_mult_structure.use_dsp.i_dsp48/dsp_preadder_3.reg_mult3_preadd_d/dN.std_srl.shift_reg_reg[1][24]/D
                            (rising edge-triggered cell FDRE clocked by island_175  {rise@0.000ns fall@2.857ns period=5.714ns})
  Path Group:             island_175
  Path Type:              Hold (Min at Fast Process Corner)
  Requirement:            0.000ns  (island_175 rise@0.000ns - island_175 rise@0.000ns)
  Data Path Delay:        0.200ns  (logic 0.141ns (70.589%)  route 0.059ns (29.411%))
  Logic Levels:           0  
  Clock Path Skew:        0.022ns (DCD - SCD - CPR)
    Destination Clock Delay (DCD):    0.432ns
    Source Clock Delay      (SCD):    0.410ns
    Clock Pessimism Removal (CPR):    -0.000ns

    Location             Delay type                Incr(ns)  Path(ns)    Netlist Resource(s)
  -------------------------------------------------------------------    -------------------
                         (clock island_175 rise edge)
                                                      0.000     0.000 r  
                                                      0.000     0.000 r  fft_clk (IN)
                         net (fo=4544, unset)         0.410     0.410    shared_xfft/U0/i_synth/xfft_inst/non_floating_point.arch_b.xfft_inst/single_channel.datapath/pe/mult_gen.Mult3/i_cmpy/three_mult_structure.use_dsp.i_dsp48/dsp_preadder_1.reg_mult1_preadd_d/aclk
    SLICE_X36Y14         FDRE                                         r  shared_xfft/U0/i_synth/xfft_inst/non_floating_point.arch_b.xfft_inst/single_channel.datapath/pe/mult_gen.Mult3/i_cmpy/three_mult_structure.use_dsp.i_dsp48/dsp_preadder_1.reg_mult1_preadd_d/dN.std_srl.shift_reg_reg[0][24]/C
  -------------------------------------------------------------------    -------------------
    SLICE_X36Y14         FDRE (Prop_fdre_C_Q)         0.141     0.551 r  shared_xfft/U0/i_synth/xfft_inst/non_floating_point.arch_b.xfft_inst/single_channel.datapath/pe/mult_gen.Mult3/i_cmpy/three_mult_structure.use_dsp.i_dsp48/dsp_preadder_1.reg_mult1_preadd_d/dN.std_srl.shift_reg_reg[0][24]/Q
                         net (fo=1, routed)           0.059     0.610    shared_xfft/U0/i_synth/xfft_inst/non_floating_point.arch_b.xfft_inst/single_channel.datapath/pe/mult_gen.Mult3/i_cmpy/three_mult_structure.use_dsp.i_dsp48/dsp_preadder_3.reg_mult3_preadd_d/Q[16]
    SLICE_X36Y14         FDRE                                         r  shared_xfft/U0/i_synth/xfft_inst/non_floating_point.arch_b.xfft_inst/single_channel.datapath/pe/mult_gen.Mult3/i_cmpy/three_mult_structure.use_dsp.i_dsp48/dsp_preadder_3.reg_mult3_preadd_d/dN.std_srl.shift_reg_reg[1][24]/D
  -------------------------------------------------------------------    -------------------

                         (clock island_175 rise edge)
                                                      0.000     0.000 r  
                                                      0.000     0.000 r  fft_clk (IN)
                         net (fo=4544, unset)         0.432     0.432    shared_xfft/U0/i_synth/xfft_inst/non_floating_point.arch_b.xfft_inst/single_channel.datapath/pe/mult_gen.Mult3/i_cmpy/three_mult_structure.use_dsp.i_dsp48/dsp_preadder_3.reg_mult3_preadd_d/aclk
    SLICE_X36Y14         FDRE                                         r  shared_xfft/U0/i_synth/xfft_inst/non_floating_point.arch_b.xfft_inst/single_channel.datapath/pe/mult_gen.Mult3/i_cmpy/three_mult_structure.use_dsp.i_dsp48/dsp_preadder_3.reg_mult3_preadd_d/dN.std_srl.shift_reg_reg[1][24]/C
                         clock pessimism              0.000     0.432    
    SLICE_X36Y14         FDRE (Hold_fdre_C_D)         0.076     0.508    shared_xfft/U0/i_synth/xfft_inst/non_floating_point.arch_b.xfft_inst/single_channel.datapath/pe/mult_gen.Mult3/i_cmpy/three_mult_structure.use_dsp.i_dsp48/dsp_preadder_3.reg_mult3_preadd_d/dN.std_srl.shift_reg_reg[1][24]
  -------------------------------------------------------------------
                         required time                         -0.508    
                         arrival time                           0.610    
  -------------------------------------------------------------------
                         slack                                  0.102    

Slack (MET) :             0.103ns  (arrival time - required time)
  Source:                 shared_xfft/U0/i_synth/xfft_inst/non_floating_point.arch_b.xfft_inst/single_channel.datapath/pe/mult_gen.Mult3/i_cmpy/three_mult_structure.use_dsp.i_dsp48/dsp_preadder_1.reg_mult1_preadd_d/dN.std_srl.shift_reg_reg[0][9]/C
                            (rising edge-triggered cell FDRE clocked by island_175  {rise@0.000ns fall@2.857ns period=5.714ns})
  Destination:            shared_xfft/U0/i_synth/xfft_inst/non_floating_point.arch_b.xfft_inst/single_channel.datapath/pe/mult_gen.Mult3/i_cmpy/three_mult_structure.use_dsp.i_dsp48/dsp_preadder_3.reg_mult3_preadd_d/dN.std_srl.shift_reg_reg[1][9]/D
                            (rising edge-triggered cell FDRE clocked by island_175  {rise@0.000ns fall@2.857ns period=5.714ns})
  Path Group:             island_175
  Path Type:              Hold (Min at Fast Process Corner)
  Requirement:            0.000ns  (island_175 rise@0.000ns - island_175 rise@0.000ns)
  Data Path Delay:        0.203ns  (logic 0.141ns (69.572%)  route 0.062ns (30.428%))
  Logic Levels:           0  
  Clock Path Skew:        0.022ns (DCD - SCD - CPR)
    Destination Clock Delay (DCD):    0.432ns
    Source Clock Delay      (SCD):    0.410ns
    Clock Pessimism Removal (CPR):    -0.000ns

    Location             Delay type                Incr(ns)  Path(ns)    Netlist Resource(s)
  -------------------------------------------------------------------    -------------------
                         (clock island_175 rise edge)
                                                      0.000     0.000 r  
                                                      0.000     0.000 r  fft_clk (IN)
                         net (fo=4544, unset)         0.410     0.410    shared_xfft/U0/i_synth/xfft_inst/non_floating_point.arch_b.xfft_inst/single_channel.datapath/pe/mult_gen.Mult3/i_cmpy/three_mult_structure.use_dsp.i_dsp48/dsp_preadder_1.reg_mult1_preadd_d/aclk
    SLICE_X36Y14         FDRE                                         r  shared_xfft/U0/i_synth/xfft_inst/non_floating_point.arch_b.xfft_inst/single_channel.datapath/pe/mult_gen.Mult3/i_cmpy/three_mult_structure.use_dsp.i_dsp48/dsp_preadder_1.reg_mult1_preadd_d/dN.std_srl.shift_reg_reg[0][9]/C
  -------------------------------------------------------------------    -------------------
    SLICE_X36Y14         FDRE (Prop_fdre_C_Q)         0.141     0.551 r  shared_xfft/U0/i_synth/xfft_inst/non_floating_point.arch_b.xfft_inst/single_channel.datapath/pe/mult_gen.Mult3/i_cmpy/three_mult_structure.use_dsp.i_dsp48/dsp_preadder_1.reg_mult1_preadd_d/dN.std_srl.shift_reg_reg[0][9]/Q
                         net (fo=1, routed)           0.062     0.613    shared_xfft/U0/i_synth/xfft_inst/non_floating_point.arch_b.xfft_inst/single_channel.datapath/pe/mult_gen.Mult3/i_cmpy/three_mult_structure.use_dsp.i_dsp48/dsp_preadder_3.reg_mult3_preadd_d/Q[9]
    SLICE_X36Y14         FDRE                                         r  shared_xfft/U0/i_synth/xfft_inst/non_floating_point.arch_b.xfft_inst/single_channel.datapath/pe/mult_gen.Mult3/i_cmpy/three_mult_structure.use_dsp.i_dsp48/dsp_preadder_3.reg_mult3_preadd_d/dN.std_srl.shift_reg_reg[1][9]/D
  -------------------------------------------------------------------    -------------------

                         (clock island_175 rise edge)
                                                      0.000     0.000 r  
                                                      0.000     0.000 r  fft_clk (IN)
                         net (fo=4544, unset)         0.432     0.432    shared_xfft/U0/i_synth/xfft_inst/non_floating_point.arch_b.xfft_inst/single_channel.datapath/pe/mult_gen.Mult3/i_cmpy/three_mult_structure.use_dsp.i_dsp48/dsp_preadder_3.reg_mult3_preadd_d/aclk
    SLICE_X36Y14         FDRE                                         r  shared_xfft/U0/i_synth/xfft_inst/non_floating_point.arch_b.xfft_inst/single_channel.datapath/pe/mult_gen.Mult3/i_cmpy/three_mult_structure.use_dsp.i_dsp48/dsp_preadder_3.reg_mult3_preadd_d/dN.std_srl.shift_reg_reg[1][9]/C
                         clock pessimism              0.000     0.432    
    SLICE_X36Y14         FDRE (Hold_fdre_C_D)         0.078     0.510    shared_xfft/U0/i_synth/xfft_inst/non_floating_point.arch_b.xfft_inst/single_channel.datapath/pe/mult_gen.Mult3/i_cmpy/three_mult_structure.use_dsp.i_dsp48/dsp_preadder_3.reg_mult3_preadd_d/dN.std_srl.shift_reg_reg[1][9]
  -------------------------------------------------------------------
                         required time                         -0.510    
                         arrival time                           0.613    
  -------------------------------------------------------------------
                         slack                                  0.103    

Slack (MET) :             0.104ns  (arrival time - required time)
  Source:                 shared_xfft/U0/i_synth/xfft_inst/non_floating_point.arch_b.xfft_inst/control/twiddle_generator2/tw0.twgen0/extra_reg.COSINE_reg[14]/C
                            (rising edge-triggered cell FDRE clocked by island_175  {rise@0.000ns fall@2.857ns period=5.714ns})
  Destination:            shared_xfft/U0/i_synth/xfft_inst/non_floating_point.arch_b.xfft_inst/single_channel.datapath/pe/mult_gen.Mult2/i_cmpy/three_mult_structure.use_dsp.i_dsp48/optionally_negate_inputs/apply_negation.registered_twos_comp_hblknm.gen_full_slices[3].gen_fdre[2].ff_br/D
                            (rising edge-triggered cell FDRE clocked by island_175  {rise@0.000ns fall@2.857ns period=5.714ns})
  Path Group:             island_175
  Path Type:              Hold (Min at Fast Process Corner)
  Requirement:            0.000ns  (island_175 rise@0.000ns - island_175 rise@0.000ns)
  Data Path Delay:        0.197ns  (logic 0.141ns (71.611%)  route 0.056ns (28.389%))
  Logic Levels:           0  
  Clock Path Skew:        0.022ns (DCD - SCD - CPR)
    Destination Clock Delay (DCD):    0.432ns
    Source Clock Delay      (SCD):    0.410ns
    Clock Pessimism Removal (CPR):    -0.000ns

    Location             Delay type                Incr(ns)  Path(ns)    Netlist Resource(s)
  -------------------------------------------------------------------    -------------------
                         (clock island_175 rise edge)
                                                      0.000     0.000 r  
                                                      0.000     0.000 r  fft_clk (IN)
                         net (fo=4544, unset)         0.410     0.410    shared_xfft/U0/i_synth/xfft_inst/non_floating_point.arch_b.xfft_inst/control/twiddle_generator2/tw0.twgen0/aclk
    SLICE_X9Y20          FDRE                                         r  shared_xfft/U0/i_synth/xfft_inst/non_floating_point.arch_b.xfft_inst/control/twiddle_generator2/tw0.twgen0/extra_reg.COSINE_reg[14]/C
  -------------------------------------------------------------------    -------------------
    SLICE_X9Y20          FDRE (Prop_fdre_C_Q)         0.141     0.551 r  shared_xfft/U0/i_synth/xfft_inst/non_floating_point.arch_b.xfft_inst/control/twiddle_generator2/tw0.twgen0/extra_reg.COSINE_reg[14]/Q
                         net (fo=1, routed)           0.056     0.607    shared_xfft/U0/i_synth/xfft_inst/non_floating_point.arch_b.xfft_inst/single_channel.datapath/pe/mult_gen.Mult2/i_cmpy/three_mult_structure.use_dsp.i_dsp48/optionally_negate_inputs/apply_negation.registered_twos_comp_hblknm.gen_part_slices[0].ff_br_0[14]
    SLICE_X9Y20          FDRE                                         r  shared_xfft/U0/i_synth/xfft_inst/non_floating_point.arch_b.xfft_inst/single_channel.datapath/pe/mult_gen.Mult2/i_cmpy/three_mult_structure.use_dsp.i_dsp48/optionally_negate_inputs/apply_negation.registered_twos_comp_hblknm.gen_full_slices[3].gen_fdre[2].ff_br/D
  -------------------------------------------------------------------    -------------------

                         (clock island_175 rise edge)
                                                      0.000     0.000 r  
                                                      0.000     0.000 r  fft_clk (IN)
                         net (fo=4544, unset)         0.432     0.432    shared_xfft/U0/i_synth/xfft_inst/non_floating_point.arch_b.xfft_inst/single_channel.datapath/pe/mult_gen.Mult2/i_cmpy/three_mult_structure.use_dsp.i_dsp48/optionally_negate_inputs/aclk
    SLICE_X9Y20          FDRE                                         r  shared_xfft/U0/i_synth/xfft_inst/non_floating_point.arch_b.xfft_inst/single_channel.datapath/pe/mult_gen.Mult2/i_cmpy/three_mult_structure.use_dsp.i_dsp48/optionally_negate_inputs/apply_negation.registered_twos_comp_hblknm.gen_full_slices[3].gen_fdre[2].ff_br/C
                         clock pessimism              0.000     0.432    
    SLICE_X9Y20          FDRE (Hold_fdre_C_D)         0.071     0.503    shared_xfft/U0/i_synth/xfft_inst/non_floating_point.arch_b.xfft_inst/single_channel.datapath/pe/mult_gen.Mult2/i_cmpy/three_mult_structure.use_dsp.i_dsp48/optionally_negate_inputs/apply_negation.registered_twos_comp_hblknm.gen_full_slices[3].gen_fdre[2].ff_br
  -------------------------------------------------------------------
                         required time                         -0.503    
                         arrival time                           0.607    
  -------------------------------------------------------------------
                         slack                                  0.104    

Slack (MET) :             0.105ns  (arrival time - required time)
  Source:                 shared_xfft/U0/i_synth/xfft_inst/non_floating_point.arch_b.xfft_inst/single_channel.datapath/input_muxes[0].write_data_im_mux/use_lut6_2.latency1.Q_reg[8]/C
                            (rising edge-triggered cell FDRE clocked by island_175  {rise@0.000ns fall@2.857ns period=5.714ns})
  Destination:            shared_xfft/U0/i_synth/xfft_inst/non_floating_point.arch_b.xfft_inst/single_channel.datapath/memories[0].blkmem_gen.use_bram_only.dpms/depths_3to9.ram_loop[0].use_RAMB18.SDP_RAMB18E1_36x512/DIPBDIP[0]
                            (rising edge-triggered cell RAMB18E1 clocked by island_175  {rise@0.000ns fall@2.857ns period=5.714ns})
  Path Group:             island_175
  Path Type:              Hold (Min at Fast Process Corner)
  Requirement:            0.000ns  (island_175 rise@0.000ns - island_175 rise@0.000ns)
  Data Path Delay:        0.282ns  (logic 0.141ns (50.056%)  route 0.141ns (49.944%))
  Logic Levels:           0  
  Clock Path Skew:        0.022ns (DCD - SCD - CPR)
    Destination Clock Delay (DCD):    0.432ns
    Source Clock Delay      (SCD):    0.410ns
    Clock Pessimism Removal (CPR):    -0.000ns

    Location             Delay type                Incr(ns)  Path(ns)    Netlist Resource(s)
  -------------------------------------------------------------------    -------------------
                         (clock island_175 rise edge)
                                                      0.000     0.000 r  
                                                      0.000     0.000 r  fft_clk (IN)
                         net (fo=4544, unset)         0.410     0.410    shared_xfft/U0/i_synth/xfft_inst/non_floating_point.arch_b.xfft_inst/single_channel.datapath/input_muxes[0].write_data_im_mux/aclk
    SLICE_X26Y18         FDRE                                         r  shared_xfft/U0/i_synth/xfft_inst/non_floating_point.arch_b.xfft_inst/single_channel.datapath/input_muxes[0].write_data_im_mux/use_lut6_2.latency1.Q_reg[8]/C
  -------------------------------------------------------------------    -------------------
    SLICE_X26Y18         FDRE (Prop_fdre_C_Q)         0.141     0.551 r  shared_xfft/U0/i_synth/xfft_inst/non_floating_point.arch_b.xfft_inst/single_channel.datapath/input_muxes[0].write_data_im_mux/use_lut6_2.latency1.Q_reg[8]/Q
                         net (fo=1, routed)           0.141     0.692    shared_xfft/U0/i_synth/xfft_inst/non_floating_point.arch_b.xfft_inst/single_channel.datapath/memories[0].blkmem_gen.use_bram_only.dpms/dina[8]
    RAMB18_X1Y7          RAMB18E1                                     r  shared_xfft/U0/i_synth/xfft_inst/non_floating_point.arch_b.xfft_inst/single_channel.datapath/memories[0].blkmem_gen.use_bram_only.dpms/depths_3to9.ram_loop[0].use_RAMB18.SDP_RAMB18E1_36x512/DIPBDIP[0]
  -------------------------------------------------------------------    -------------------

                         (clock island_175 rise edge)
                                                      0.000     0.000 r  
                                                      0.000     0.000 r  fft_clk (IN)
                         net (fo=4544, unset)         0.432     0.432    shared_xfft/U0/i_synth/xfft_inst/non_floating_point.arch_b.xfft_inst/single_channel.datapath/memories[0].blkmem_gen.use_bram_only.dpms/clk
    RAMB18_X1Y7          RAMB18E1                                     r  shared_xfft/U0/i_synth/xfft_inst/non_floating_point.arch_b.xfft_inst/single_channel.datapath/memories[0].blkmem_gen.use_bram_only.dpms/depths_3to9.ram_loop[0].use_RAMB18.SDP_RAMB18E1_36x512/CLKBWRCLK
                         clock pessimism              0.000     0.432    
    RAMB18_X1Y7          RAMB18E1 (Hold_ramb18e1_CLKBWRCLK_DIPBDIP[0])
                                                      0.155     0.587    shared_xfft/U0/i_synth/xfft_inst/non_floating_point.arch_b.xfft_inst/single_channel.datapath/memories[0].blkmem_gen.use_bram_only.dpms/depths_3to9.ram_loop[0].use_RAMB18.SDP_RAMB18E1_36x512
  -------------------------------------------------------------------
                         required time                         -0.587    
                         arrival time                           0.692    
  -------------------------------------------------------------------
                         slack                                  0.105    

Slack (MET) :             0.105ns  (arrival time - required time)
  Source:                 shared_xfft/U0/i_synth/xfft_inst/non_floating_point.arch_b.xfft_inst/single_channel.datapath/i_switch_re/o0_gen/four_inputs.use_lut6.no_lut_sclr.four_to_one_mux[8].latency1.reg/C
                            (rising edge-triggered cell FDRE clocked by island_175  {rise@0.000ns fall@2.857ns period=5.714ns})
  Destination:            shared_xfft/U0/i_synth/xfft_inst/non_floating_point.arch_b.xfft_inst/single_channel.datapath/pe/mult_gen.pipeline_balancer_re/no_sclr_lut.real_shift_ram.use_baseblock.use_hlutnm_srls.srl_loop[4].i_srl16e0/D
                            (rising edge-triggered cell SRL16E clocked by island_175  {rise@0.000ns fall@2.857ns period=5.714ns})
  Path Group:             island_175
  Path Type:              Hold (Min at Fast Process Corner)
  Requirement:            0.000ns  (island_175 rise@0.000ns - island_175 rise@0.000ns)
  Data Path Delay:        0.244ns  (logic 0.141ns (57.830%)  route 0.103ns (42.170%))
  Logic Levels:           0  
  Clock Path Skew:        0.022ns (DCD - SCD - CPR)
    Destination Clock Delay (DCD):    0.432ns
    Source Clock Delay      (SCD):    0.410ns
    Clock Pessimism Removal (CPR):    -0.000ns

    Location             Delay type                Incr(ns)  Path(ns)    Netlist Resource(s)
  -------------------------------------------------------------------    -------------------
                         (clock island_175 rise edge)
                                                      0.000     0.000 r  
                                                      0.000     0.000 r  fft_clk (IN)
                         net (fo=4544, unset)         0.410     0.410    shared_xfft/U0/i_synth/xfft_inst/non_floating_point.arch_b.xfft_inst/single_channel.datapath/i_switch_re/o0_gen/aclk
    SLICE_X22Y15         FDRE                                         r  shared_xfft/U0/i_synth/xfft_inst/non_floating_point.arch_b.xfft_inst/single_channel.datapath/i_switch_re/o0_gen/four_inputs.use_lut6.no_lut_sclr.four_to_one_mux[8].latency1.reg/C
  -------------------------------------------------------------------    -------------------
    SLICE_X22Y15         FDRE (Prop_fdre_C_Q)         0.141     0.551 r  shared_xfft/U0/i_synth/xfft_inst/non_floating_point.arch_b.xfft_inst/single_channel.datapath/i_switch_re/o0_gen/four_inputs.use_lut6.no_lut_sclr.four_to_one_mux[8].latency1.reg/Q
                         net (fo=1, routed)           0.103     0.654    shared_xfft/U0/i_synth/xfft_inst/non_floating_point.arch_b.xfft_inst/single_channel.datapath/pe/mult_gen.pipeline_balancer_re/D[8]
    SLICE_X24Y16         SRL16E                                       r  shared_xfft/U0/i_synth/xfft_inst/non_floating_point.arch_b.xfft_inst/single_channel.datapath/pe/mult_gen.pipeline_balancer_re/no_sclr_lut.real_shift_ram.use_baseblock.use_hlutnm_srls.srl_loop[4].i_srl16e0/D
  -------------------------------------------------------------------    -------------------

                         (clock island_175 rise edge)
                                                      0.000     0.000 r  
                                                      0.000     0.000 r  fft_clk (IN)
                         net (fo=4544, unset)         0.432     0.432    shared_xfft/U0/i_synth/xfft_inst/non_floating_point.arch_b.xfft_inst/single_channel.datapath/pe/mult_gen.pipeline_balancer_re/aclk
    SLICE_X24Y16         SRL16E                                       r  shared_xfft/U0/i_synth/xfft_inst/non_floating_point.arch_b.xfft_inst/single_channel.datapath/pe/mult_gen.pipeline_balancer_re/no_sclr_lut.real_shift_ram.use_baseblock.use_hlutnm_srls.srl_loop[4].i_srl16e0/CLK
                         clock pessimism              0.000     0.432    
    SLICE_X24Y16         SRL16E (Hold_srl16e_CLK_D)
                                                      0.117     0.549    shared_xfft/U0/i_synth/xfft_inst/non_floating_point.arch_b.xfft_inst/single_channel.datapath/pe/mult_gen.pipeline_balancer_re/no_sclr_lut.real_shift_ram.use_baseblock.use_hlutnm_srls.srl_loop[4].i_srl16e0
  -------------------------------------------------------------------
                         required time                         -0.549    
                         arrival time                           0.654    
  -------------------------------------------------------------------
                         slack                                  0.105    

Slack (MET) :             0.106ns  (arrival time - required time)
  Source:                 shared_xfft/U0/i_synth/xfft_inst/non_floating_point.arch_b.xfft_inst/single_channel.datapath/pe/mult_gen.Mult3/i_cmpy/three_mult_structure.use_dsp.i_dsp48/dsp_preadder_1.reg_mult1_preadd_d/dN.std_srl.shift_reg_reg[0][15]/C
                            (rising edge-triggered cell FDRE clocked by island_175  {rise@0.000ns fall@2.857ns period=5.714ns})
  Destination:            shared_xfft/U0/i_synth/xfft_inst/non_floating_point.arch_b.xfft_inst/single_channel.datapath/pe/mult_gen.Mult3/i_cmpy/three_mult_structure.use_dsp.i_dsp48/dsp_preadder_3.reg_mult3_preadd_d/dN.std_srl.shift_reg_reg[1][15]/D
                            (rising edge-triggered cell FDRE clocked by island_175  {rise@0.000ns fall@2.857ns period=5.714ns})
  Path Group:             island_175
  Path Type:              Hold (Min at Fast Process Corner)
  Requirement:            0.000ns  (island_175 rise@0.000ns - island_175 rise@0.000ns)
  Data Path Delay:        0.199ns  (logic 0.141ns (70.953%)  route 0.058ns (29.047%))
  Logic Levels:           0  
  Clock Path Skew:        0.022ns (DCD - SCD - CPR)
    Destination Clock Delay (DCD):    0.432ns
    Source Clock Delay      (SCD):    0.410ns
    Clock Pessimism Removal (CPR):    -0.000ns

    Location             Delay type                Incr(ns)  Path(ns)    Netlist Resource(s)
  -------------------------------------------------------------------    -------------------
                         (clock island_175 rise edge)
                                                      0.000     0.000 r  
                                                      0.000     0.000 r  fft_clk (IN)
                         net (fo=4544, unset)         0.410     0.410    shared_xfft/U0/i_synth/xfft_inst/non_floating_point.arch_b.xfft_inst/single_channel.datapath/pe/mult_gen.Mult3/i_cmpy/three_mult_structure.use_dsp.i_dsp48/dsp_preadder_1.reg_mult1_preadd_d/aclk
    SLICE_X36Y14         FDRE                                         r  shared_xfft/U0/i_synth/xfft_inst/non_floating_point.arch_b.xfft_inst/single_channel.datapath/pe/mult_gen.Mult3/i_cmpy/three_mult_structure.use_dsp.i_dsp48/dsp_preadder_1.reg_mult1_preadd_d/dN.std_srl.shift_reg_reg[0][15]/C
  -------------------------------------------------------------------    -------------------
    SLICE_X36Y14         FDRE (Prop_fdre_C_Q)         0.141     0.551 r  shared_xfft/U0/i_synth/xfft_inst/non_floating_point.arch_b.xfft_inst/single_channel.datapath/pe/mult_gen.Mult3/i_cmpy/three_mult_structure.use_dsp.i_dsp48/dsp_preadder_1.reg_mult1_preadd_d/dN.std_srl.shift_reg_reg[0][15]/Q
                         net (fo=1, routed)           0.058     0.609    shared_xfft/U0/i_synth/xfft_inst/non_floating_point.arch_b.xfft_inst/single_channel.datapath/pe/mult_gen.Mult3/i_cmpy/three_mult_structure.use_dsp.i_dsp48/dsp_preadder_3.reg_mult3_preadd_d/Q[15]
    SLICE_X36Y14         FDRE                                         r  shared_xfft/U0/i_synth/xfft_inst/non_floating_point.arch_b.xfft_inst/single_channel.datapath/pe/mult_gen.Mult3/i_cmpy/three_mult_structure.use_dsp.i_dsp48/dsp_preadder_3.reg_mult3_preadd_d/dN.std_srl.shift_reg_reg[1][15]/D
  -------------------------------------------------------------------    -------------------

                         (clock island_175 rise edge)
                                                      0.000     0.000 r  
                                                      0.000     0.000 r  fft_clk (IN)
                         net (fo=4544, unset)         0.432     0.432    shared_xfft/U0/i_synth/xfft_inst/non_floating_point.arch_b.xfft_inst/single_channel.datapath/pe/mult_gen.Mult3/i_cmpy/three_mult_structure.use_dsp.i_dsp48/dsp_preadder_3.reg_mult3_preadd_d/aclk
    SLICE_X36Y14         FDRE                                         r  shared_xfft/U0/i_synth/xfft_inst/non_floating_point.arch_b.xfft_inst/single_channel.datapath/pe/mult_gen.Mult3/i_cmpy/three_mult_structure.use_dsp.i_dsp48/dsp_preadder_3.reg_mult3_preadd_d/dN.std_srl.shift_reg_reg[1][15]/C
                         clock pessimism              0.000     0.432    
    SLICE_X36Y14         FDRE (Hold_fdre_C_D)         0.071     0.503    shared_xfft/U0/i_synth/xfft_inst/non_floating_point.arch_b.xfft_inst/single_channel.datapath/pe/mult_gen.Mult3/i_cmpy/three_mult_structure.use_dsp.i_dsp48/dsp_preadder_3.reg_mult3_preadd_d/dN.std_srl.shift_reg_reg[1][15]
  -------------------------------------------------------------------
                         required time                         -0.503    
                         arrival time                           0.609    
  -------------------------------------------------------------------
                         slack                                  0.106    

Slack (MET) :             0.110ns  (arrival time - required time)
  Source:                 shared_xfft/U0/i_synth/xfft_inst/non_floating_point.arch_b.xfft_inst/single_channel.datapath/pe/mult_gen.Mult3/i_cmpy/three_mult_structure.use_dsp.i_dsp48/dsp_preadder_1.reg_mult1_preadd_d/dN.std_srl.shift_reg_reg[0][12]/C
                            (rising edge-triggered cell FDRE clocked by island_175  {rise@0.000ns fall@2.857ns period=5.714ns})
  Destination:            shared_xfft/U0/i_synth/xfft_inst/non_floating_point.arch_b.xfft_inst/single_channel.datapath/pe/mult_gen.Mult3/i_cmpy/three_mult_structure.use_dsp.i_dsp48/dsp_preadder_3.reg_mult3_preadd_d/dN.std_srl.shift_reg_reg[1][12]/D
                            (rising edge-triggered cell FDRE clocked by island_175  {rise@0.000ns fall@2.857ns period=5.714ns})
  Path Group:             island_175
  Path Type:              Hold (Min at Fast Process Corner)
  Requirement:            0.000ns  (island_175 rise@0.000ns - island_175 rise@0.000ns)
  Data Path Delay:        0.206ns  (logic 0.141ns (68.336%)  route 0.065ns (31.664%))
  Logic Levels:           0  
  Clock Path Skew:        0.022ns (DCD - SCD - CPR)
    Destination Clock Delay (DCD):    0.432ns
    Source Clock Delay      (SCD):    0.410ns
    Clock Pessimism Removal (CPR):    -0.000ns

    Location             Delay type                Incr(ns)  Path(ns)    Netlist Resource(s)
  -------------------------------------------------------------------    -------------------
                         (clock island_175 rise edge)
                                                      0.000     0.000 r  
                                                      0.000     0.000 r  fft_clk (IN)
                         net (fo=4544, unset)         0.410     0.410    shared_xfft/U0/i_synth/xfft_inst/non_floating_point.arch_b.xfft_inst/single_channel.datapath/pe/mult_gen.Mult3/i_cmpy/three_mult_structure.use_dsp.i_dsp48/dsp_preadder_1.reg_mult1_preadd_d/aclk
    SLICE_X36Y14         FDRE                                         r  shared_xfft/U0/i_synth/xfft_inst/non_floating_point.arch_b.xfft_inst/single_channel.datapath/pe/mult_gen.Mult3/i_cmpy/three_mult_structure.use_dsp.i_dsp48/dsp_preadder_1.reg_mult1_preadd_d/dN.std_srl.shift_reg_reg[0][12]/C
  -------------------------------------------------------------------    -------------------
    SLICE_X36Y14         FDRE (Prop_fdre_C_Q)         0.141     0.551 r  shared_xfft/U0/i_synth/xfft_inst/non_floating_point.arch_b.xfft_inst/single_channel.datapath/pe/mult_gen.Mult3/i_cmpy/three_mult_structure.use_dsp.i_dsp48/dsp_preadder_1.reg_mult1_preadd_d/dN.std_srl.shift_reg_reg[0][12]/Q
                         net (fo=1, routed)           0.065     0.616    shared_xfft/U0/i_synth/xfft_inst/non_floating_point.arch_b.xfft_inst/single_channel.datapath/pe/mult_gen.Mult3/i_cmpy/three_mult_structure.use_dsp.i_dsp48/dsp_preadder_3.reg_mult3_preadd_d/Q[12]
    SLICE_X36Y14         FDRE                                         r  shared_xfft/U0/i_synth/xfft_inst/non_floating_point.arch_b.xfft_inst/single_channel.datapath/pe/mult_gen.Mult3/i_cmpy/three_mult_structure.use_dsp.i_dsp48/dsp_preadder_3.reg_mult3_preadd_d/dN.std_srl.shift_reg_reg[1][12]/D
  -------------------------------------------------------------------    -------------------

                         (clock island_175 rise edge)
                                                      0.000     0.000 r  
                                                      0.000     0.000 r  fft_clk (IN)
                         net (fo=4544, unset)         0.432     0.432    shared_xfft/U0/i_synth/xfft_inst/non_floating_point.arch_b.xfft_inst/single_channel.datapath/pe/mult_gen.Mult3/i_cmpy/three_mult_structure.use_dsp.i_dsp48/dsp_preadder_3.reg_mult3_preadd_d/aclk
    SLICE_X36Y14         FDRE                                         r  shared_xfft/U0/i_synth/xfft_inst/non_floating_point.arch_b.xfft_inst/single_channel.datapath/pe/mult_gen.Mult3/i_cmpy/three_mult_structure.use_dsp.i_dsp48/dsp_preadder_3.reg_mult3_preadd_d/dN.std_srl.shift_reg_reg[1][12]/C
                         clock pessimism              0.000     0.432    
    SLICE_X36Y14         FDRE (Hold_fdre_C_D)         0.075     0.507    shared_xfft/U0/i_synth/xfft_inst/non_floating_point.arch_b.xfft_inst/single_channel.datapath/pe/mult_gen.Mult3/i_cmpy/three_mult_structure.use_dsp.i_dsp48/dsp_preadder_3.reg_mult3_preadd_d/dN.std_srl.shift_reg_reg[1][12]
  -------------------------------------------------------------------
                         required time                         -0.507    
                         arrival time                           0.616    
  -------------------------------------------------------------------
                         slack                                  0.110    




