Copyright 1986-2022 Xilinx, Inc. All Rights Reserved.
----------------------------------------------------------------------------------------------------------------------------------------------------------------------------------------------
| Tool Version : Vivado v.2022.2 (lin64) Build 3671981 Fri Oct 14 04:59:54 MDT 2022
| Date         : Thu Sep 10 01:14:58 2026
| Host         : gauss running 64-bit Ubuntu 26.04 LTS
| Command      : report_timing -from [get_clocks source_100] -to [get_clocks source_100] -delay_type max -max_paths 20 -file /tmp/starlink-completed-input.5EaJuD/route-v1/source_100_max.rpt
| Design       : starlink_pss_fft_bank_owned_slice
| Device       : 7z010-clg400
| Speed File   : -1  PRODUCTION 1.12 2019-11-22
----------------------------------------------------------------------------------------------------------------------------------------------------------------------------------------------

Timing Report

Slack (MET) :             1.975ns  (required time - arrival time)
  Source:                 fast_reset_slow_reg[1]/C
                            (rising edge-triggered cell FDCE clocked by source_100  {rise@0.000ns fall@5.000ns period=10.000ns})
  Destination:            source_bank/metadata_in_hold_reg[56]/CE
                            (rising edge-triggered cell FDRE clocked by source_100  {rise@0.000ns fall@5.000ns period=10.000ns})
  Path Group:             source_100
  Path Type:              Setup (Max at Slow Process Corner)
  Requirement:            10.000ns  (source_100 rise@10.000ns - source_100 rise@0.000ns)
  Data Path Delay:        7.736ns  (logic 1.218ns (15.744%)  route 6.518ns (84.256%))
  Logic Levels:           3  (LUT2=1 LUT4=1 LUT5=1)
  Clock Path Skew:        -0.049ns (DCD - SCD + CPR)
    Destination Clock Delay (DCD):    0.924ns = ( 10.924 - 10.000 ) 
    Source Clock Delay      (SCD):    0.973ns
    Clock Pessimism Removal (CPR):    0.000ns
  Clock Uncertainty:      0.035ns  ((TSJ^2 + TIJ^2)^1/2 + DJ) / 2 + PE
    Total System Jitter     (TSJ):    0.071ns
    Total Input Jitter      (TIJ):    0.000ns
    Discrete Jitter          (DJ):    0.000ns
    Phase Error              (PE):    0.000ns

    Location             Delay type                Incr(ns)  Path(ns)    Netlist Resource(s)
  -------------------------------------------------------------------    -------------------
                         (clock source_100 rise edge)
                                                      0.000     0.000 r  
                                                      0.000     0.000 r  clk (IN)
                         net (fo=183, unset)          0.973     0.973    clk
    SLICE_X22Y0          FDCE                                         r  fast_reset_slow_reg[1]/C
  -------------------------------------------------------------------    -------------------
    SLICE_X22Y0          FDCE (Prop_fdce_C_Q)         0.419     1.392 r  fast_reset_slow_reg[1]/Q
                         net (fo=1, routed)           0.763     2.155    output_bank/read_valid_reg_0[0]
    SLICE_X20Y2          LUT2 (Prop_lut2_I1_O)        0.299     2.454 f  output_bank/output_valid_INST_0_i_1/O
                         net (fo=35, routed)          2.135     4.589    source_bank/SR[0]
    SLICE_X8Y6           LUT4 (Prop_lut4_I1_O)        0.152     4.741 r  source_bank/input_ready_INST_0_i_1/O
                         net (fo=9, routed)           0.894     5.635    source_bank/input_ready_INST_0_i_1_n_0
    SLICE_X6Y7           LUT5 (Prop_lut5_I0_O)        0.348     5.983 r  source_bank/metadata_in_hold[68]_i_1__0/O
                         net (fo=64, routed)          2.726     8.709    source_bank/metadata_load
    SLICE_X40Y10         FDRE                                         r  source_bank/metadata_in_hold_reg[56]/CE
  -------------------------------------------------------------------    -------------------

                         (clock source_100 rise edge)
                                                     10.000    10.000 r  
                                                      0.000    10.000 r  clk (IN)
                         net (fo=183, unset)          0.924    10.924    source_bank/clk
    SLICE_X40Y10         FDRE                                         r  source_bank/metadata_in_hold_reg[56]/C
                         clock pessimism              0.000    10.924    
                         clock uncertainty           -0.035    10.889    
    SLICE_X40Y10         FDRE (Setup_fdre_C_CE)      -0.205    10.684    source_bank/metadata_in_hold_reg[56]
  -------------------------------------------------------------------
                         required time                         10.684    
                         arrival time                          -8.709    
  -------------------------------------------------------------------
                         slack                                  1.975    

Slack (MET) :             1.975ns  (required time - arrival time)
  Source:                 fast_reset_slow_reg[1]/C
                            (rising edge-triggered cell FDCE clocked by source_100  {rise@0.000ns fall@5.000ns period=10.000ns})
  Destination:            source_bank/metadata_in_hold_reg[58]/CE
                            (rising edge-triggered cell FDRE clocked by source_100  {rise@0.000ns fall@5.000ns period=10.000ns})
  Path Group:             source_100
  Path Type:              Setup (Max at Slow Process Corner)
  Requirement:            10.000ns  (source_100 rise@10.000ns - source_100 rise@0.000ns)
  Data Path Delay:        7.736ns  (logic 1.218ns (15.744%)  route 6.518ns (84.256%))
  Logic Levels:           3  (LUT2=1 LUT4=1 LUT5=1)
  Clock Path Skew:        -0.049ns (DCD - SCD + CPR)
    Destination Clock Delay (DCD):    0.924ns = ( 10.924 - 10.000 ) 
    Source Clock Delay      (SCD):    0.973ns
    Clock Pessimism Removal (CPR):    0.000ns
  Clock Uncertainty:      0.035ns  ((TSJ^2 + TIJ^2)^1/2 + DJ) / 2 + PE
    Total System Jitter     (TSJ):    0.071ns
    Total Input Jitter      (TIJ):    0.000ns
    Discrete Jitter          (DJ):    0.000ns
    Phase Error              (PE):    0.000ns

    Location             Delay type                Incr(ns)  Path(ns)    Netlist Resource(s)
  -------------------------------------------------------------------    -------------------
                         (clock source_100 rise edge)
                                                      0.000     0.000 r  
                                                      0.000     0.000 r  clk (IN)
                         net (fo=183, unset)          0.973     0.973    clk
    SLICE_X22Y0          FDCE                                         r  fast_reset_slow_reg[1]/C
  -------------------------------------------------------------------    -------------------
    SLICE_X22Y0          FDCE (Prop_fdce_C_Q)         0.419     1.392 r  fast_reset_slow_reg[1]/Q
                         net (fo=1, routed)           0.763     2.155    output_bank/read_valid_reg_0[0]
    SLICE_X20Y2          LUT2 (Prop_lut2_I1_O)        0.299     2.454 f  output_bank/output_valid_INST_0_i_1/O
                         net (fo=35, routed)          2.135     4.589    source_bank/SR[0]
    SLICE_X8Y6           LUT4 (Prop_lut4_I1_O)        0.152     4.741 r  source_bank/input_ready_INST_0_i_1/O
                         net (fo=9, routed)           0.894     5.635    source_bank/input_ready_INST_0_i_1_n_0
    SLICE_X6Y7           LUT5 (Prop_lut5_I0_O)        0.348     5.983 r  source_bank/metadata_in_hold[68]_i_1__0/O
                         net (fo=64, routed)          2.726     8.709    source_bank/metadata_load
    SLICE_X40Y10         FDRE                                         r  source_bank/metadata_in_hold_reg[58]/CE
  -------------------------------------------------------------------    -------------------

                         (clock source_100 rise edge)
                                                     10.000    10.000 r  
                                                      0.000    10.000 r  clk (IN)
                         net (fo=183, unset)          0.924    10.924    source_bank/clk
    SLICE_X40Y10         FDRE                                         r  source_bank/metadata_in_hold_reg[58]/C
                         clock pessimism              0.000    10.924    
                         clock uncertainty           -0.035    10.889    
    SLICE_X40Y10         FDRE (Setup_fdre_C_CE)      -0.205    10.684    source_bank/metadata_in_hold_reg[58]
  -------------------------------------------------------------------
                         required time                         10.684    
                         arrival time                          -8.709    
  -------------------------------------------------------------------
                         slack                                  1.975    

Slack (MET) :             1.975ns  (required time - arrival time)
  Source:                 fast_reset_slow_reg[1]/C
                            (rising edge-triggered cell FDCE clocked by source_100  {rise@0.000ns fall@5.000ns period=10.000ns})
  Destination:            source_bank/metadata_in_hold_reg[66]/CE
                            (rising edge-triggered cell FDRE clocked by source_100  {rise@0.000ns fall@5.000ns period=10.000ns})
  Path Group:             source_100
  Path Type:              Setup (Max at Slow Process Corner)
  Requirement:            10.000ns  (source_100 rise@10.000ns - source_100 rise@0.000ns)
  Data Path Delay:        7.736ns  (logic 1.218ns (15.744%)  route 6.518ns (84.256%))
  Logic Levels:           3  (LUT2=1 LUT4=1 LUT5=1)
  Clock Path Skew:        -0.049ns (DCD - SCD + CPR)
    Destination Clock Delay (DCD):    0.924ns = ( 10.924 - 10.000 ) 
    Source Clock Delay      (SCD):    0.973ns
    Clock Pessimism Removal (CPR):    0.000ns
  Clock Uncertainty:      0.035ns  ((TSJ^2 + TIJ^2)^1/2 + DJ) / 2 + PE
    Total System Jitter     (TSJ):    0.071ns
    Total Input Jitter      (TIJ):    0.000ns
    Discrete Jitter          (DJ):    0.000ns
    Phase Error              (PE):    0.000ns

    Location             Delay type                Incr(ns)  Path(ns)    Netlist Resource(s)
  -------------------------------------------------------------------    -------------------
                         (clock source_100 rise edge)
                                                      0.000     0.000 r  
                                                      0.000     0.000 r  clk (IN)
                         net (fo=183, unset)          0.973     0.973    clk
    SLICE_X22Y0          FDCE                                         r  fast_reset_slow_reg[1]/C
  -------------------------------------------------------------------    -------------------
    SLICE_X22Y0          FDCE (Prop_fdce_C_Q)         0.419     1.392 r  fast_reset_slow_reg[1]/Q
                         net (fo=1, routed)           0.763     2.155    output_bank/read_valid_reg_0[0]
    SLICE_X20Y2          LUT2 (Prop_lut2_I1_O)        0.299     2.454 f  output_bank/output_valid_INST_0_i_1/O
                         net (fo=35, routed)          2.135     4.589    source_bank/SR[0]
    SLICE_X8Y6           LUT4 (Prop_lut4_I1_O)        0.152     4.741 r  source_bank/input_ready_INST_0_i_1/O
                         net (fo=9, routed)           0.894     5.635    source_bank/input_ready_INST_0_i_1_n_0
    SLICE_X6Y7           LUT5 (Prop_lut5_I0_O)        0.348     5.983 r  source_bank/metadata_in_hold[68]_i_1__0/O
                         net (fo=64, routed)          2.726     8.709    source_bank/metadata_load
    SLICE_X40Y10         FDRE                                         r  source_bank/metadata_in_hold_reg[66]/CE
  -------------------------------------------------------------------    -------------------

                         (clock source_100 rise edge)
                                                     10.000    10.000 r  
                                                      0.000    10.000 r  clk (IN)
                         net (fo=183, unset)          0.924    10.924    source_bank/clk
    SLICE_X40Y10         FDRE                                         r  source_bank/metadata_in_hold_reg[66]/C
                         clock pessimism              0.000    10.924    
                         clock uncertainty           -0.035    10.889    
    SLICE_X40Y10         FDRE (Setup_fdre_C_CE)      -0.205    10.684    source_bank/metadata_in_hold_reg[66]
  -------------------------------------------------------------------
                         required time                         10.684    
                         arrival time                          -8.709    
  -------------------------------------------------------------------
                         slack                                  1.975    

Slack (MET) :             2.086ns  (required time - arrival time)
  Source:                 fast_reset_slow_reg[1]/C
                            (rising edge-triggered cell FDCE clocked by source_100  {rise@0.000ns fall@5.000ns period=10.000ns})
  Destination:            source_bank/metadata_in_hold_reg[30]/CE
                            (rising edge-triggered cell FDRE clocked by source_100  {rise@0.000ns fall@5.000ns period=10.000ns})
  Path Group:             source_100
  Path Type:              Setup (Max at Slow Process Corner)
  Requirement:            10.000ns  (source_100 rise@10.000ns - source_100 rise@0.000ns)
  Data Path Delay:        7.625ns  (logic 1.218ns (15.973%)  route 6.407ns (84.027%))
  Logic Levels:           3  (LUT2=1 LUT4=1 LUT5=1)
  Clock Path Skew:        -0.049ns (DCD - SCD + CPR)
    Destination Clock Delay (DCD):    0.924ns = ( 10.924 - 10.000 ) 
    Source Clock Delay      (SCD):    0.973ns
    Clock Pessimism Removal (CPR):    0.000ns
  Clock Uncertainty:      0.035ns  ((TSJ^2 + TIJ^2)^1/2 + DJ) / 2 + PE
    Total System Jitter     (TSJ):    0.071ns
    Total Input Jitter      (TIJ):    0.000ns
    Discrete Jitter          (DJ):    0.000ns
    Phase Error              (PE):    0.000ns

    Location             Delay type                Incr(ns)  Path(ns)    Netlist Resource(s)
  -------------------------------------------------------------------    -------------------
                         (clock source_100 rise edge)
                                                      0.000     0.000 r  
                                                      0.000     0.000 r  clk (IN)
                         net (fo=183, unset)          0.973     0.973    clk
    SLICE_X22Y0          FDCE                                         r  fast_reset_slow_reg[1]/C
  -------------------------------------------------------------------    -------------------
    SLICE_X22Y0          FDCE (Prop_fdce_C_Q)         0.419     1.392 r  fast_reset_slow_reg[1]/Q
                         net (fo=1, routed)           0.763     2.155    output_bank/read_valid_reg_0[0]
    SLICE_X20Y2          LUT2 (Prop_lut2_I1_O)        0.299     2.454 f  output_bank/output_valid_INST_0_i_1/O
                         net (fo=35, routed)          2.135     4.589    source_bank/SR[0]
    SLICE_X8Y6           LUT4 (Prop_lut4_I1_O)        0.152     4.741 r  source_bank/input_ready_INST_0_i_1/O
                         net (fo=9, routed)           0.894     5.635    source_bank/input_ready_INST_0_i_1_n_0
    SLICE_X6Y7           LUT5 (Prop_lut5_I0_O)        0.348     5.983 r  source_bank/metadata_in_hold[68]_i_1__0/O
                         net (fo=64, routed)          2.615     8.598    source_bank/metadata_load
    SLICE_X41Y7          FDRE                                         r  source_bank/metadata_in_hold_reg[30]/CE
  -------------------------------------------------------------------    -------------------

                         (clock source_100 rise edge)
                                                     10.000    10.000 r  
                                                      0.000    10.000 r  clk (IN)
                         net (fo=183, unset)          0.924    10.924    source_bank/clk
    SLICE_X41Y7          FDRE                                         r  source_bank/metadata_in_hold_reg[30]/C
                         clock pessimism              0.000    10.924    
                         clock uncertainty           -0.035    10.889    
    SLICE_X41Y7          FDRE (Setup_fdre_C_CE)      -0.205    10.684    source_bank/metadata_in_hold_reg[30]
  -------------------------------------------------------------------
                         required time                         10.684    
                         arrival time                          -8.598    
  -------------------------------------------------------------------
                         slack                                  2.086    

Slack (MET) :             2.086ns  (required time - arrival time)
  Source:                 fast_reset_slow_reg[1]/C
                            (rising edge-triggered cell FDCE clocked by source_100  {rise@0.000ns fall@5.000ns period=10.000ns})
  Destination:            source_bank/metadata_in_hold_reg[37]/CE
                            (rising edge-triggered cell FDRE clocked by source_100  {rise@0.000ns fall@5.000ns period=10.000ns})
  Path Group:             source_100
  Path Type:              Setup (Max at Slow Process Corner)
  Requirement:            10.000ns  (source_100 rise@10.000ns - source_100 rise@0.000ns)
  Data Path Delay:        7.625ns  (logic 1.218ns (15.973%)  route 6.407ns (84.027%))
  Logic Levels:           3  (LUT2=1 LUT4=1 LUT5=1)
  Clock Path Skew:        -0.049ns (DCD - SCD + CPR)
    Destination Clock Delay (DCD):    0.924ns = ( 10.924 - 10.000 ) 
    Source Clock Delay      (SCD):    0.973ns
    Clock Pessimism Removal (CPR):    0.000ns
  Clock Uncertainty:      0.035ns  ((TSJ^2 + TIJ^2)^1/2 + DJ) / 2 + PE
    Total System Jitter     (TSJ):    0.071ns
    Total Input Jitter      (TIJ):    0.000ns
    Discrete Jitter          (DJ):    0.000ns
    Phase Error              (PE):    0.000ns

    Location             Delay type                Incr(ns)  Path(ns)    Netlist Resource(s)
  -------------------------------------------------------------------    -------------------
                         (clock source_100 rise edge)
                                                      0.000     0.000 r  
                                                      0.000     0.000 r  clk (IN)
                         net (fo=183, unset)          0.973     0.973    clk
    SLICE_X22Y0          FDCE                                         r  fast_reset_slow_reg[1]/C
  -------------------------------------------------------------------    -------------------
    SLICE_X22Y0          FDCE (Prop_fdce_C_Q)         0.419     1.392 r  fast_reset_slow_reg[1]/Q
                         net (fo=1, routed)           0.763     2.155    output_bank/read_valid_reg_0[0]
    SLICE_X20Y2          LUT2 (Prop_lut2_I1_O)        0.299     2.454 f  output_bank/output_valid_INST_0_i_1/O
                         net (fo=35, routed)          2.135     4.589    source_bank/SR[0]
    SLICE_X8Y6           LUT4 (Prop_lut4_I1_O)        0.152     4.741 r  source_bank/input_ready_INST_0_i_1/O
                         net (fo=9, routed)           0.894     5.635    source_bank/input_ready_INST_0_i_1_n_0
    SLICE_X6Y7           LUT5 (Prop_lut5_I0_O)        0.348     5.983 r  source_bank/metadata_in_hold[68]_i_1__0/O
                         net (fo=64, routed)          2.615     8.598    source_bank/metadata_load
    SLICE_X41Y7          FDRE                                         r  source_bank/metadata_in_hold_reg[37]/CE
  -------------------------------------------------------------------    -------------------

                         (clock source_100 rise edge)
                                                     10.000    10.000 r  
                                                      0.000    10.000 r  clk (IN)
                         net (fo=183, unset)          0.924    10.924    source_bank/clk
    SLICE_X41Y7          FDRE                                         r  source_bank/metadata_in_hold_reg[37]/C
                         clock pessimism              0.000    10.924    
                         clock uncertainty           -0.035    10.889    
    SLICE_X41Y7          FDRE (Setup_fdre_C_CE)      -0.205    10.684    source_bank/metadata_in_hold_reg[37]
  -------------------------------------------------------------------
                         required time                         10.684    
                         arrival time                          -8.598    
  -------------------------------------------------------------------
                         slack                                  2.086    

Slack (MET) :             2.086ns  (required time - arrival time)
  Source:                 fast_reset_slow_reg[1]/C
                            (rising edge-triggered cell FDCE clocked by source_100  {rise@0.000ns fall@5.000ns period=10.000ns})
  Destination:            source_bank/metadata_in_hold_reg[40]/CE
                            (rising edge-triggered cell FDRE clocked by source_100  {rise@0.000ns fall@5.000ns period=10.000ns})
  Path Group:             source_100
  Path Type:              Setup (Max at Slow Process Corner)
  Requirement:            10.000ns  (source_100 rise@10.000ns - source_100 rise@0.000ns)
  Data Path Delay:        7.625ns  (logic 1.218ns (15.973%)  route 6.407ns (84.027%))
  Logic Levels:           3  (LUT2=1 LUT4=1 LUT5=1)
  Clock Path Skew:        -0.049ns (DCD - SCD + CPR)
    Destination Clock Delay (DCD):    0.924ns = ( 10.924 - 10.000 ) 
    Source Clock Delay      (SCD):    0.973ns
    Clock Pessimism Removal (CPR):    0.000ns
  Clock Uncertainty:      0.035ns  ((TSJ^2 + TIJ^2)^1/2 + DJ) / 2 + PE
    Total System Jitter     (TSJ):    0.071ns
    Total Input Jitter      (TIJ):    0.000ns
    Discrete Jitter          (DJ):    0.000ns
    Phase Error              (PE):    0.000ns

    Location             Delay type                Incr(ns)  Path(ns)    Netlist Resource(s)
  -------------------------------------------------------------------    -------------------
                         (clock source_100 rise edge)
                                                      0.000     0.000 r  
                                                      0.000     0.000 r  clk (IN)
                         net (fo=183, unset)          0.973     0.973    clk
    SLICE_X22Y0          FDCE                                         r  fast_reset_slow_reg[1]/C
  -------------------------------------------------------------------    -------------------
    SLICE_X22Y0          FDCE (Prop_fdce_C_Q)         0.419     1.392 r  fast_reset_slow_reg[1]/Q
                         net (fo=1, routed)           0.763     2.155    output_bank/read_valid_reg_0[0]
    SLICE_X20Y2          LUT2 (Prop_lut2_I1_O)        0.299     2.454 f  output_bank/output_valid_INST_0_i_1/O
                         net (fo=35, routed)          2.135     4.589    source_bank/SR[0]
    SLICE_X8Y6           LUT4 (Prop_lut4_I1_O)        0.152     4.741 r  source_bank/input_ready_INST_0_i_1/O
                         net (fo=9, routed)           0.894     5.635    source_bank/input_ready_INST_0_i_1_n_0
    SLICE_X6Y7           LUT5 (Prop_lut5_I0_O)        0.348     5.983 r  source_bank/metadata_in_hold[68]_i_1__0/O
                         net (fo=64, routed)          2.615     8.598    source_bank/metadata_load
    SLICE_X41Y7          FDRE                                         r  source_bank/metadata_in_hold_reg[40]/CE
  -------------------------------------------------------------------    -------------------

                         (clock source_100 rise edge)
                                                     10.000    10.000 r  
                                                      0.000    10.000 r  clk (IN)
                         net (fo=183, unset)          0.924    10.924    source_bank/clk
    SLICE_X41Y7          FDRE                                         r  source_bank/metadata_in_hold_reg[40]/C
                         clock pessimism              0.000    10.924    
                         clock uncertainty           -0.035    10.889    
    SLICE_X41Y7          FDRE (Setup_fdre_C_CE)      -0.205    10.684    source_bank/metadata_in_hold_reg[40]
  -------------------------------------------------------------------
                         required time                         10.684    
                         arrival time                          -8.598    
  -------------------------------------------------------------------
                         slack                                  2.086    

Slack (MET) :             2.095ns  (required time - arrival time)
  Source:                 fast_reset_slow_reg[1]/C
                            (rising edge-triggered cell FDCE clocked by source_100  {rise@0.000ns fall@5.000ns period=10.000ns})
  Destination:            source_bank/metadata_in_hold_reg[16]/CE
                            (rising edge-triggered cell FDRE clocked by source_100  {rise@0.000ns fall@5.000ns period=10.000ns})
  Path Group:             source_100
  Path Type:              Setup (Max at Slow Process Corner)
  Requirement:            10.000ns  (source_100 rise@10.000ns - source_100 rise@0.000ns)
  Data Path Delay:        7.616ns  (logic 1.218ns (15.993%)  route 6.398ns (84.007%))
  Logic Levels:           3  (LUT2=1 LUT4=1 LUT5=1)
  Clock Path Skew:        -0.049ns (DCD - SCD + CPR)
    Destination Clock Delay (DCD):    0.924ns = ( 10.924 - 10.000 ) 
    Source Clock Delay      (SCD):    0.973ns
    Clock Pessimism Removal (CPR):    0.000ns
  Clock Uncertainty:      0.035ns  ((TSJ^2 + TIJ^2)^1/2 + DJ) / 2 + PE
    Total System Jitter     (TSJ):    0.071ns
    Total Input Jitter      (TIJ):    0.000ns
    Discrete Jitter          (DJ):    0.000ns
    Phase Error              (PE):    0.000ns

    Location             Delay type                Incr(ns)  Path(ns)    Netlist Resource(s)
  -------------------------------------------------------------------    -------------------
                         (clock source_100 rise edge)
                                                      0.000     0.000 r  
                                                      0.000     0.000 r  clk (IN)
                         net (fo=183, unset)          0.973     0.973    clk
    SLICE_X22Y0          FDCE                                         r  fast_reset_slow_reg[1]/C
  -------------------------------------------------------------------    -------------------
    SLICE_X22Y0          FDCE (Prop_fdce_C_Q)         0.419     1.392 r  fast_reset_slow_reg[1]/Q
                         net (fo=1, routed)           0.763     2.155    output_bank/read_valid_reg_0[0]
    SLICE_X20Y2          LUT2 (Prop_lut2_I1_O)        0.299     2.454 f  output_bank/output_valid_INST_0_i_1/O
                         net (fo=35, routed)          2.135     4.589    source_bank/SR[0]
    SLICE_X8Y6           LUT4 (Prop_lut4_I1_O)        0.152     4.741 r  source_bank/input_ready_INST_0_i_1/O
                         net (fo=9, routed)           0.894     5.635    source_bank/input_ready_INST_0_i_1_n_0
    SLICE_X6Y7           LUT5 (Prop_lut5_I0_O)        0.348     5.983 r  source_bank/metadata_in_hold[68]_i_1__0/O
                         net (fo=64, routed)          2.606     8.589    source_bank/metadata_load
    SLICE_X39Y2          FDRE                                         r  source_bank/metadata_in_hold_reg[16]/CE
  -------------------------------------------------------------------    -------------------

                         (clock source_100 rise edge)
                                                     10.000    10.000 r  
                                                      0.000    10.000 r  clk (IN)
                         net (fo=183, unset)          0.924    10.924    source_bank/clk
    SLICE_X39Y2          FDRE                                         r  source_bank/metadata_in_hold_reg[16]/C
                         clock pessimism              0.000    10.924    
                         clock uncertainty           -0.035    10.889    
    SLICE_X39Y2          FDRE (Setup_fdre_C_CE)      -0.205    10.684    source_bank/metadata_in_hold_reg[16]
  -------------------------------------------------------------------
                         required time                         10.684    
                         arrival time                          -8.589    
  -------------------------------------------------------------------
                         slack                                  2.095    

Slack (MET) :             2.095ns  (required time - arrival time)
  Source:                 fast_reset_slow_reg[1]/C
                            (rising edge-triggered cell FDCE clocked by source_100  {rise@0.000ns fall@5.000ns period=10.000ns})
  Destination:            source_bank/metadata_in_hold_reg[28]/CE
                            (rising edge-triggered cell FDRE clocked by source_100  {rise@0.000ns fall@5.000ns period=10.000ns})
  Path Group:             source_100
  Path Type:              Setup (Max at Slow Process Corner)
  Requirement:            10.000ns  (source_100 rise@10.000ns - source_100 rise@0.000ns)
  Data Path Delay:        7.616ns  (logic 1.218ns (15.993%)  route 6.398ns (84.007%))
  Logic Levels:           3  (LUT2=1 LUT4=1 LUT5=1)
  Clock Path Skew:        -0.049ns (DCD - SCD + CPR)
    Destination Clock Delay (DCD):    0.924ns = ( 10.924 - 10.000 ) 
    Source Clock Delay      (SCD):    0.973ns
    Clock Pessimism Removal (CPR):    0.000ns
  Clock Uncertainty:      0.035ns  ((TSJ^2 + TIJ^2)^1/2 + DJ) / 2 + PE
    Total System Jitter     (TSJ):    0.071ns
    Total Input Jitter      (TIJ):    0.000ns
    Discrete Jitter          (DJ):    0.000ns
    Phase Error              (PE):    0.000ns

    Location             Delay type                Incr(ns)  Path(ns)    Netlist Resource(s)
  -------------------------------------------------------------------    -------------------
                         (clock source_100 rise edge)
                                                      0.000     0.000 r  
                                                      0.000     0.000 r  clk (IN)
                         net (fo=183, unset)          0.973     0.973    clk
    SLICE_X22Y0          FDCE                                         r  fast_reset_slow_reg[1]/C
  -------------------------------------------------------------------    -------------------
    SLICE_X22Y0          FDCE (Prop_fdce_C_Q)         0.419     1.392 r  fast_reset_slow_reg[1]/Q
                         net (fo=1, routed)           0.763     2.155    output_bank/read_valid_reg_0[0]
    SLICE_X20Y2          LUT2 (Prop_lut2_I1_O)        0.299     2.454 f  output_bank/output_valid_INST_0_i_1/O
                         net (fo=35, routed)          2.135     4.589    source_bank/SR[0]
    SLICE_X8Y6           LUT4 (Prop_lut4_I1_O)        0.152     4.741 r  source_bank/input_ready_INST_0_i_1/O
                         net (fo=9, routed)           0.894     5.635    source_bank/input_ready_INST_0_i_1_n_0
    SLICE_X6Y7           LUT5 (Prop_lut5_I0_O)        0.348     5.983 r  source_bank/metadata_in_hold[68]_i_1__0/O
                         net (fo=64, routed)          2.606     8.589    source_bank/metadata_load
    SLICE_X39Y2          FDRE                                         r  source_bank/metadata_in_hold_reg[28]/CE
  -------------------------------------------------------------------    -------------------

                         (clock source_100 rise edge)
                                                     10.000    10.000 r  
                                                      0.000    10.000 r  clk (IN)
                         net (fo=183, unset)          0.924    10.924    source_bank/clk
    SLICE_X39Y2          FDRE                                         r  source_bank/metadata_in_hold_reg[28]/C
                         clock pessimism              0.000    10.924    
                         clock uncertainty           -0.035    10.889    
    SLICE_X39Y2          FDRE (Setup_fdre_C_CE)      -0.205    10.684    source_bank/metadata_in_hold_reg[28]
  -------------------------------------------------------------------
                         required time                         10.684    
                         arrival time                          -8.589    
  -------------------------------------------------------------------
                         slack                                  2.095    

Slack (MET) :             2.095ns  (required time - arrival time)
  Source:                 fast_reset_slow_reg[1]/C
                            (rising edge-triggered cell FDCE clocked by source_100  {rise@0.000ns fall@5.000ns period=10.000ns})
  Destination:            source_bank/metadata_in_hold_reg[38]/CE
                            (rising edge-triggered cell FDRE clocked by source_100  {rise@0.000ns fall@5.000ns period=10.000ns})
  Path Group:             source_100
  Path Type:              Setup (Max at Slow Process Corner)
  Requirement:            10.000ns  (source_100 rise@10.000ns - source_100 rise@0.000ns)
  Data Path Delay:        7.616ns  (logic 1.218ns (15.993%)  route 6.398ns (84.007%))
  Logic Levels:           3  (LUT2=1 LUT4=1 LUT5=1)
  Clock Path Skew:        -0.049ns (DCD - SCD + CPR)
    Destination Clock Delay (DCD):    0.924ns = ( 10.924 - 10.000 ) 
    Source Clock Delay      (SCD):    0.973ns
    Clock Pessimism Removal (CPR):    0.000ns
  Clock Uncertainty:      0.035ns  ((TSJ^2 + TIJ^2)^1/2 + DJ) / 2 + PE
    Total System Jitter     (TSJ):    0.071ns
    Total Input Jitter      (TIJ):    0.000ns
    Discrete Jitter          (DJ):    0.000ns
    Phase Error              (PE):    0.000ns

    Location             Delay type                Incr(ns)  Path(ns)    Netlist Resource(s)
  -------------------------------------------------------------------    -------------------
                         (clock source_100 rise edge)
                                                      0.000     0.000 r  
                                                      0.000     0.000 r  clk (IN)
                         net (fo=183, unset)          0.973     0.973    clk
    SLICE_X22Y0          FDCE                                         r  fast_reset_slow_reg[1]/C
  -------------------------------------------------------------------    -------------------
    SLICE_X22Y0          FDCE (Prop_fdce_C_Q)         0.419     1.392 r  fast_reset_slow_reg[1]/Q
                         net (fo=1, routed)           0.763     2.155    output_bank/read_valid_reg_0[0]
    SLICE_X20Y2          LUT2 (Prop_lut2_I1_O)        0.299     2.454 f  output_bank/output_valid_INST_0_i_1/O
                         net (fo=35, routed)          2.135     4.589    source_bank/SR[0]
    SLICE_X8Y6           LUT4 (Prop_lut4_I1_O)        0.152     4.741 r  source_bank/input_ready_INST_0_i_1/O
                         net (fo=9, routed)           0.894     5.635    source_bank/input_ready_INST_0_i_1_n_0
    SLICE_X6Y7           LUT5 (Prop_lut5_I0_O)        0.348     5.983 r  source_bank/metadata_in_hold[68]_i_1__0/O
                         net (fo=64, routed)          2.606     8.589    source_bank/metadata_load
    SLICE_X39Y2          FDRE                                         r  source_bank/metadata_in_hold_reg[38]/CE
  -------------------------------------------------------------------    -------------------

                         (clock source_100 rise edge)
                                                     10.000    10.000 r  
                                                      0.000    10.000 r  clk (IN)
                         net (fo=183, unset)          0.924    10.924    source_bank/clk
    SLICE_X39Y2          FDRE                                         r  source_bank/metadata_in_hold_reg[38]/C
                         clock pessimism              0.000    10.924    
                         clock uncertainty           -0.035    10.889    
    SLICE_X39Y2          FDRE (Setup_fdre_C_CE)      -0.205    10.684    source_bank/metadata_in_hold_reg[38]
  -------------------------------------------------------------------
                         required time                         10.684    
                         arrival time                          -8.589    
  -------------------------------------------------------------------
                         slack                                  2.095    

Slack (MET) :             2.095ns  (required time - arrival time)
  Source:                 fast_reset_slow_reg[1]/C
                            (rising edge-triggered cell FDCE clocked by source_100  {rise@0.000ns fall@5.000ns period=10.000ns})
  Destination:            source_bank/metadata_in_hold_reg[6]/CE
                            (rising edge-triggered cell FDRE clocked by source_100  {rise@0.000ns fall@5.000ns period=10.000ns})
  Path Group:             source_100
  Path Type:              Setup (Max at Slow Process Corner)
  Requirement:            10.000ns  (source_100 rise@10.000ns - source_100 rise@0.000ns)
  Data Path Delay:        7.616ns  (logic 1.218ns (15.993%)  route 6.398ns (84.007%))
  Logic Levels:           3  (LUT2=1 LUT4=1 LUT5=1)
  Clock Path Skew:        -0.049ns (DCD - SCD + CPR)
    Destination Clock Delay (DCD):    0.924ns = ( 10.924 - 10.000 ) 
    Source Clock Delay      (SCD):    0.973ns
    Clock Pessimism Removal (CPR):    0.000ns
  Clock Uncertainty:      0.035ns  ((TSJ^2 + TIJ^2)^1/2 + DJ) / 2 + PE
    Total System Jitter     (TSJ):    0.071ns
    Total Input Jitter      (TIJ):    0.000ns
    Discrete Jitter          (DJ):    0.000ns
    Phase Error              (PE):    0.000ns

    Location             Delay type                Incr(ns)  Path(ns)    Netlist Resource(s)
  -------------------------------------------------------------------    -------------------
                         (clock source_100 rise edge)
                                                      0.000     0.000 r  
                                                      0.000     0.000 r  clk (IN)
                         net (fo=183, unset)          0.973     0.973    clk
    SLICE_X22Y0          FDCE                                         r  fast_reset_slow_reg[1]/C
  -------------------------------------------------------------------    -------------------
    SLICE_X22Y0          FDCE (Prop_fdce_C_Q)         0.419     1.392 r  fast_reset_slow_reg[1]/Q
                         net (fo=1, routed)           0.763     2.155    output_bank/read_valid_reg_0[0]
    SLICE_X20Y2          LUT2 (Prop_lut2_I1_O)        0.299     2.454 f  output_bank/output_valid_INST_0_i_1/O
                         net (fo=35, routed)          2.135     4.589    source_bank/SR[0]
    SLICE_X8Y6           LUT4 (Prop_lut4_I1_O)        0.152     4.741 r  source_bank/input_ready_INST_0_i_1/O
                         net (fo=9, routed)           0.894     5.635    source_bank/input_ready_INST_0_i_1_n_0
    SLICE_X6Y7           LUT5 (Prop_lut5_I0_O)        0.348     5.983 r  source_bank/metadata_in_hold[68]_i_1__0/O
                         net (fo=64, routed)          2.606     8.589    source_bank/metadata_load
    SLICE_X39Y2          FDRE                                         r  source_bank/metadata_in_hold_reg[6]/CE
  -------------------------------------------------------------------    -------------------

                         (clock source_100 rise edge)
                                                     10.000    10.000 r  
                                                      0.000    10.000 r  clk (IN)
                         net (fo=183, unset)          0.924    10.924    source_bank/clk
    SLICE_X39Y2          FDRE                                         r  source_bank/metadata_in_hold_reg[6]/C
                         clock pessimism              0.000    10.924    
                         clock uncertainty           -0.035    10.889    
    SLICE_X39Y2          FDRE (Setup_fdre_C_CE)      -0.205    10.684    source_bank/metadata_in_hold_reg[6]
  -------------------------------------------------------------------
                         required time                         10.684    
                         arrival time                          -8.589    
  -------------------------------------------------------------------
                         slack                                  2.095    

Slack (MET) :             2.095ns  (required time - arrival time)
  Source:                 fast_reset_slow_reg[1]/C
                            (rising edge-triggered cell FDCE clocked by source_100  {rise@0.000ns fall@5.000ns period=10.000ns})
  Destination:            source_bank/metadata_in_hold_reg[7]/CE
                            (rising edge-triggered cell FDRE clocked by source_100  {rise@0.000ns fall@5.000ns period=10.000ns})
  Path Group:             source_100
  Path Type:              Setup (Max at Slow Process Corner)
  Requirement:            10.000ns  (source_100 rise@10.000ns - source_100 rise@0.000ns)
  Data Path Delay:        7.616ns  (logic 1.218ns (15.993%)  route 6.398ns (84.007%))
  Logic Levels:           3  (LUT2=1 LUT4=1 LUT5=1)
  Clock Path Skew:        -0.049ns (DCD - SCD + CPR)
    Destination Clock Delay (DCD):    0.924ns = ( 10.924 - 10.000 ) 
    Source Clock Delay      (SCD):    0.973ns
    Clock Pessimism Removal (CPR):    0.000ns
  Clock Uncertainty:      0.035ns  ((TSJ^2 + TIJ^2)^1/2 + DJ) / 2 + PE
    Total System Jitter     (TSJ):    0.071ns
    Total Input Jitter      (TIJ):    0.000ns
    Discrete Jitter          (DJ):    0.000ns
    Phase Error              (PE):    0.000ns

    Location             Delay type                Incr(ns)  Path(ns)    Netlist Resource(s)
  -------------------------------------------------------------------    -------------------
                         (clock source_100 rise edge)
                                                      0.000     0.000 r  
                                                      0.000     0.000 r  clk (IN)
                         net (fo=183, unset)          0.973     0.973    clk
    SLICE_X22Y0          FDCE                                         r  fast_reset_slow_reg[1]/C
  -------------------------------------------------------------------    -------------------
    SLICE_X22Y0          FDCE (Prop_fdce_C_Q)         0.419     1.392 r  fast_reset_slow_reg[1]/Q
                         net (fo=1, routed)           0.763     2.155    output_bank/read_valid_reg_0[0]
    SLICE_X20Y2          LUT2 (Prop_lut2_I1_O)        0.299     2.454 f  output_bank/output_valid_INST_0_i_1/O
                         net (fo=35, routed)          2.135     4.589    source_bank/SR[0]
    SLICE_X8Y6           LUT4 (Prop_lut4_I1_O)        0.152     4.741 r  source_bank/input_ready_INST_0_i_1/O
                         net (fo=9, routed)           0.894     5.635    source_bank/input_ready_INST_0_i_1_n_0
    SLICE_X6Y7           LUT5 (Prop_lut5_I0_O)        0.348     5.983 r  source_bank/metadata_in_hold[68]_i_1__0/O
                         net (fo=64, routed)          2.606     8.589    source_bank/metadata_load
    SLICE_X39Y2          FDRE                                         r  source_bank/metadata_in_hold_reg[7]/CE
  -------------------------------------------------------------------    -------------------

                         (clock source_100 rise edge)
                                                     10.000    10.000 r  
                                                      0.000    10.000 r  clk (IN)
                         net (fo=183, unset)          0.924    10.924    source_bank/clk
    SLICE_X39Y2          FDRE                                         r  source_bank/metadata_in_hold_reg[7]/C
                         clock pessimism              0.000    10.924    
                         clock uncertainty           -0.035    10.889    
    SLICE_X39Y2          FDRE (Setup_fdre_C_CE)      -0.205    10.684    source_bank/metadata_in_hold_reg[7]
  -------------------------------------------------------------------
                         required time                         10.684    
                         arrival time                          -8.589    
  -------------------------------------------------------------------
                         slack                                  2.095    

Slack (MET) :             2.095ns  (required time - arrival time)
  Source:                 fast_reset_slow_reg[1]/C
                            (rising edge-triggered cell FDCE clocked by source_100  {rise@0.000ns fall@5.000ns period=10.000ns})
  Destination:            source_bank/metadata_in_hold_reg[8]/CE
                            (rising edge-triggered cell FDRE clocked by source_100  {rise@0.000ns fall@5.000ns period=10.000ns})
  Path Group:             source_100
  Path Type:              Setup (Max at Slow Process Corner)
  Requirement:            10.000ns  (source_100 rise@10.000ns - source_100 rise@0.000ns)
  Data Path Delay:        7.616ns  (logic 1.218ns (15.993%)  route 6.398ns (84.007%))
  Logic Levels:           3  (LUT2=1 LUT4=1 LUT5=1)
  Clock Path Skew:        -0.049ns (DCD - SCD + CPR)
    Destination Clock Delay (DCD):    0.924ns = ( 10.924 - 10.000 ) 
    Source Clock Delay      (SCD):    0.973ns
    Clock Pessimism Removal (CPR):    0.000ns
  Clock Uncertainty:      0.035ns  ((TSJ^2 + TIJ^2)^1/2 + DJ) / 2 + PE
    Total System Jitter     (TSJ):    0.071ns
    Total Input Jitter      (TIJ):    0.000ns
    Discrete Jitter          (DJ):    0.000ns
    Phase Error              (PE):    0.000ns

    Location             Delay type                Incr(ns)  Path(ns)    Netlist Resource(s)
  -------------------------------------------------------------------    -------------------
                         (clock source_100 rise edge)
                                                      0.000     0.000 r  
                                                      0.000     0.000 r  clk (IN)
                         net (fo=183, unset)          0.973     0.973    clk
    SLICE_X22Y0          FDCE                                         r  fast_reset_slow_reg[1]/C
  -------------------------------------------------------------------    -------------------
    SLICE_X22Y0          FDCE (Prop_fdce_C_Q)         0.419     1.392 r  fast_reset_slow_reg[1]/Q
                         net (fo=1, routed)           0.763     2.155    output_bank/read_valid_reg_0[0]
    SLICE_X20Y2          LUT2 (Prop_lut2_I1_O)        0.299     2.454 f  output_bank/output_valid_INST_0_i_1/O
                         net (fo=35, routed)          2.135     4.589    source_bank/SR[0]
    SLICE_X8Y6           LUT4 (Prop_lut4_I1_O)        0.152     4.741 r  source_bank/input_ready_INST_0_i_1/O
                         net (fo=9, routed)           0.894     5.635    source_bank/input_ready_INST_0_i_1_n_0
    SLICE_X6Y7           LUT5 (Prop_lut5_I0_O)        0.348     5.983 r  source_bank/metadata_in_hold[68]_i_1__0/O
                         net (fo=64, routed)          2.606     8.589    source_bank/metadata_load
    SLICE_X39Y2          FDRE                                         r  source_bank/metadata_in_hold_reg[8]/CE
  -------------------------------------------------------------------    -------------------

                         (clock source_100 rise edge)
                                                     10.000    10.000 r  
                                                      0.000    10.000 r  clk (IN)
                         net (fo=183, unset)          0.924    10.924    source_bank/clk
    SLICE_X39Y2          FDRE                                         r  source_bank/metadata_in_hold_reg[8]/C
                         clock pessimism              0.000    10.924    
                         clock uncertainty           -0.035    10.889    
    SLICE_X39Y2          FDRE (Setup_fdre_C_CE)      -0.205    10.684    source_bank/metadata_in_hold_reg[8]
  -------------------------------------------------------------------
                         required time                         10.684    
                         arrival time                          -8.589    
  -------------------------------------------------------------------
                         slack                                  2.095    

Slack (MET) :             2.226ns  (required time - arrival time)
  Source:                 fast_reset_slow_reg[1]/C
                            (rising edge-triggered cell FDCE clocked by source_100  {rise@0.000ns fall@5.000ns period=10.000ns})
  Destination:            source_bank/metadata_in_hold_reg[60]/CE
                            (rising edge-triggered cell FDRE clocked by source_100  {rise@0.000ns fall@5.000ns period=10.000ns})
  Path Group:             source_100
  Path Type:              Setup (Max at Slow Process Corner)
  Requirement:            10.000ns  (source_100 rise@10.000ns - source_100 rise@0.000ns)
  Data Path Delay:        7.485ns  (logic 1.218ns (16.272%)  route 6.267ns (83.728%))
  Logic Levels:           3  (LUT2=1 LUT4=1 LUT5=1)
  Clock Path Skew:        -0.049ns (DCD - SCD + CPR)
    Destination Clock Delay (DCD):    0.924ns = ( 10.924 - 10.000 ) 
    Source Clock Delay      (SCD):    0.973ns
    Clock Pessimism Removal (CPR):    0.000ns
  Clock Uncertainty:      0.035ns  ((TSJ^2 + TIJ^2)^1/2 + DJ) / 2 + PE
    Total System Jitter     (TSJ):    0.071ns
    Total Input Jitter      (TIJ):    0.000ns
    Discrete Jitter          (DJ):    0.000ns
    Phase Error              (PE):    0.000ns

    Location             Delay type                Incr(ns)  Path(ns)    Netlist Resource(s)
  -------------------------------------------------------------------    -------------------
                         (clock source_100 rise edge)
                                                      0.000     0.000 r  
                                                      0.000     0.000 r  clk (IN)
                         net (fo=183, unset)          0.973     0.973    clk
    SLICE_X22Y0          FDCE                                         r  fast_reset_slow_reg[1]/C
  -------------------------------------------------------------------    -------------------
    SLICE_X22Y0          FDCE (Prop_fdce_C_Q)         0.419     1.392 r  fast_reset_slow_reg[1]/Q
                         net (fo=1, routed)           0.763     2.155    output_bank/read_valid_reg_0[0]
    SLICE_X20Y2          LUT2 (Prop_lut2_I1_O)        0.299     2.454 f  output_bank/output_valid_INST_0_i_1/O
                         net (fo=35, routed)          2.135     4.589    source_bank/SR[0]
    SLICE_X8Y6           LUT4 (Prop_lut4_I1_O)        0.152     4.741 r  source_bank/input_ready_INST_0_i_1/O
                         net (fo=9, routed)           0.894     5.635    source_bank/input_ready_INST_0_i_1_n_0
    SLICE_X6Y7           LUT5 (Prop_lut5_I0_O)        0.348     5.983 r  source_bank/metadata_in_hold[68]_i_1__0/O
                         net (fo=64, routed)          2.476     8.458    source_bank/metadata_load
    SLICE_X41Y8          FDRE                                         r  source_bank/metadata_in_hold_reg[60]/CE
  -------------------------------------------------------------------    -------------------

                         (clock source_100 rise edge)
                                                     10.000    10.000 r  
                                                      0.000    10.000 r  clk (IN)
                         net (fo=183, unset)          0.924    10.924    source_bank/clk
    SLICE_X41Y8          FDRE                                         r  source_bank/metadata_in_hold_reg[60]/C
                         clock pessimism              0.000    10.924    
                         clock uncertainty           -0.035    10.889    
    SLICE_X41Y8          FDRE (Setup_fdre_C_CE)      -0.205    10.684    source_bank/metadata_in_hold_reg[60]
  -------------------------------------------------------------------
                         required time                         10.684    
                         arrival time                          -8.458    
  -------------------------------------------------------------------
                         slack                                  2.226    

Slack (MET) :             2.235ns  (required time - arrival time)
  Source:                 fast_reset_slow_reg[1]/C
                            (rising edge-triggered cell FDCE clocked by source_100  {rise@0.000ns fall@5.000ns period=10.000ns})
  Destination:            source_bank/metadata_in_hold_reg[21]/CE
                            (rising edge-triggered cell FDRE clocked by source_100  {rise@0.000ns fall@5.000ns period=10.000ns})
  Path Group:             source_100
  Path Type:              Setup (Max at Slow Process Corner)
  Requirement:            10.000ns  (source_100 rise@10.000ns - source_100 rise@0.000ns)
  Data Path Delay:        7.476ns  (logic 1.218ns (16.292%)  route 6.258ns (83.708%))
  Logic Levels:           3  (LUT2=1 LUT4=1 LUT5=1)
  Clock Path Skew:        -0.049ns (DCD - SCD + CPR)
    Destination Clock Delay (DCD):    0.924ns = ( 10.924 - 10.000 ) 
    Source Clock Delay      (SCD):    0.973ns
    Clock Pessimism Removal (CPR):    0.000ns
  Clock Uncertainty:      0.035ns  ((TSJ^2 + TIJ^2)^1/2 + DJ) / 2 + PE
    Total System Jitter     (TSJ):    0.071ns
    Total Input Jitter      (TIJ):    0.000ns
    Discrete Jitter          (DJ):    0.000ns
    Phase Error              (PE):    0.000ns

    Location             Delay type                Incr(ns)  Path(ns)    Netlist Resource(s)
  -------------------------------------------------------------------    -------------------
                         (clock source_100 rise edge)
                                                      0.000     0.000 r  
                                                      0.000     0.000 r  clk (IN)
                         net (fo=183, unset)          0.973     0.973    clk
    SLICE_X22Y0          FDCE                                         r  fast_reset_slow_reg[1]/C
  -------------------------------------------------------------------    -------------------
    SLICE_X22Y0          FDCE (Prop_fdce_C_Q)         0.419     1.392 r  fast_reset_slow_reg[1]/Q
                         net (fo=1, routed)           0.763     2.155    output_bank/read_valid_reg_0[0]
    SLICE_X20Y2          LUT2 (Prop_lut2_I1_O)        0.299     2.454 f  output_bank/output_valid_INST_0_i_1/O
                         net (fo=35, routed)          2.135     4.589    source_bank/SR[0]
    SLICE_X8Y6           LUT4 (Prop_lut4_I1_O)        0.152     4.741 r  source_bank/input_ready_INST_0_i_1/O
                         net (fo=9, routed)           0.894     5.635    source_bank/input_ready_INST_0_i_1_n_0
    SLICE_X6Y7           LUT5 (Prop_lut5_I0_O)        0.348     5.983 r  source_bank/metadata_in_hold[68]_i_1__0/O
                         net (fo=64, routed)          2.466     8.449    source_bank/metadata_load
    SLICE_X39Y3          FDRE                                         r  source_bank/metadata_in_hold_reg[21]/CE
  -------------------------------------------------------------------    -------------------

                         (clock source_100 rise edge)
                                                     10.000    10.000 r  
                                                      0.000    10.000 r  clk (IN)
                         net (fo=183, unset)          0.924    10.924    source_bank/clk
    SLICE_X39Y3          FDRE                                         r  source_bank/metadata_in_hold_reg[21]/C
                         clock pessimism              0.000    10.924    
                         clock uncertainty           -0.035    10.889    
    SLICE_X39Y3          FDRE (Setup_fdre_C_CE)      -0.205    10.684    source_bank/metadata_in_hold_reg[21]
  -------------------------------------------------------------------
                         required time                         10.684    
                         arrival time                          -8.449    
  -------------------------------------------------------------------
                         slack                                  2.235    

Slack (MET) :             2.235ns  (required time - arrival time)
  Source:                 fast_reset_slow_reg[1]/C
                            (rising edge-triggered cell FDCE clocked by source_100  {rise@0.000ns fall@5.000ns period=10.000ns})
  Destination:            source_bank/metadata_in_hold_reg[29]/CE
                            (rising edge-triggered cell FDRE clocked by source_100  {rise@0.000ns fall@5.000ns period=10.000ns})
  Path Group:             source_100
  Path Type:              Setup (Max at Slow Process Corner)
  Requirement:            10.000ns  (source_100 rise@10.000ns - source_100 rise@0.000ns)
  Data Path Delay:        7.476ns  (logic 1.218ns (16.292%)  route 6.258ns (83.708%))
  Logic Levels:           3  (LUT2=1 LUT4=1 LUT5=1)
  Clock Path Skew:        -0.049ns (DCD - SCD + CPR)
    Destination Clock Delay (DCD):    0.924ns = ( 10.924 - 10.000 ) 
    Source Clock Delay      (SCD):    0.973ns
    Clock Pessimism Removal (CPR):    0.000ns
  Clock Uncertainty:      0.035ns  ((TSJ^2 + TIJ^2)^1/2 + DJ) / 2 + PE
    Total System Jitter     (TSJ):    0.071ns
    Total Input Jitter      (TIJ):    0.000ns
    Discrete Jitter          (DJ):    0.000ns
    Phase Error              (PE):    0.000ns

    Location             Delay type                Incr(ns)  Path(ns)    Netlist Resource(s)
  -------------------------------------------------------------------    -------------------
                         (clock source_100 rise edge)
                                                      0.000     0.000 r  
                                                      0.000     0.000 r  clk (IN)
                         net (fo=183, unset)          0.973     0.973    clk
    SLICE_X22Y0          FDCE                                         r  fast_reset_slow_reg[1]/C
  -------------------------------------------------------------------    -------------------
    SLICE_X22Y0          FDCE (Prop_fdce_C_Q)         0.419     1.392 r  fast_reset_slow_reg[1]/Q
                         net (fo=1, routed)           0.763     2.155    output_bank/read_valid_reg_0[0]
    SLICE_X20Y2          LUT2 (Prop_lut2_I1_O)        0.299     2.454 f  output_bank/output_valid_INST_0_i_1/O
                         net (fo=35, routed)          2.135     4.589    source_bank/SR[0]
    SLICE_X8Y6           LUT4 (Prop_lut4_I1_O)        0.152     4.741 r  source_bank/input_ready_INST_0_i_1/O
                         net (fo=9, routed)           0.894     5.635    source_bank/input_ready_INST_0_i_1_n_0
    SLICE_X6Y7           LUT5 (Prop_lut5_I0_O)        0.348     5.983 r  source_bank/metadata_in_hold[68]_i_1__0/O
                         net (fo=64, routed)          2.466     8.449    source_bank/metadata_load
    SLICE_X39Y3          FDRE                                         r  source_bank/metadata_in_hold_reg[29]/CE
  -------------------------------------------------------------------    -------------------

                         (clock source_100 rise edge)
                                                     10.000    10.000 r  
                                                      0.000    10.000 r  clk (IN)
                         net (fo=183, unset)          0.924    10.924    source_bank/clk
    SLICE_X39Y3          FDRE                                         r  source_bank/metadata_in_hold_reg[29]/C
                         clock pessimism              0.000    10.924    
                         clock uncertainty           -0.035    10.889    
    SLICE_X39Y3          FDRE (Setup_fdre_C_CE)      -0.205    10.684    source_bank/metadata_in_hold_reg[29]
  -------------------------------------------------------------------
                         required time                         10.684    
                         arrival time                          -8.449    
  -------------------------------------------------------------------
                         slack                                  2.235    

Slack (MET) :             2.263ns  (required time - arrival time)
  Source:                 fast_reset_slow_reg[1]/C
                            (rising edge-triggered cell FDCE clocked by source_100  {rise@0.000ns fall@5.000ns period=10.000ns})
  Destination:            source_bank/metadata_in_hold_reg[10]/CE
                            (rising edge-triggered cell FDRE clocked by source_100  {rise@0.000ns fall@5.000ns period=10.000ns})
  Path Group:             source_100
  Path Type:              Setup (Max at Slow Process Corner)
  Requirement:            10.000ns  (source_100 rise@10.000ns - source_100 rise@0.000ns)
  Data Path Delay:        7.448ns  (logic 1.218ns (16.353%)  route 6.230ns (83.647%))
  Logic Levels:           3  (LUT2=1 LUT4=1 LUT5=1)
  Clock Path Skew:        -0.049ns (DCD - SCD + CPR)
    Destination Clock Delay (DCD):    0.924ns = ( 10.924 - 10.000 ) 
    Source Clock Delay      (SCD):    0.973ns
    Clock Pessimism Removal (CPR):    0.000ns
  Clock Uncertainty:      0.035ns  ((TSJ^2 + TIJ^2)^1/2 + DJ) / 2 + PE
    Total System Jitter     (TSJ):    0.071ns
    Total Input Jitter      (TIJ):    0.000ns
    Discrete Jitter          (DJ):    0.000ns
    Phase Error              (PE):    0.000ns

    Location             Delay type                Incr(ns)  Path(ns)    Netlist Resource(s)
  -------------------------------------------------------------------    -------------------
                         (clock source_100 rise edge)
                                                      0.000     0.000 r  
                                                      0.000     0.000 r  clk (IN)
                         net (fo=183, unset)          0.973     0.973    clk
    SLICE_X22Y0          FDCE                                         r  fast_reset_slow_reg[1]/C
  -------------------------------------------------------------------    -------------------
    SLICE_X22Y0          FDCE (Prop_fdce_C_Q)         0.419     1.392 r  fast_reset_slow_reg[1]/Q
                         net (fo=1, routed)           0.763     2.155    output_bank/read_valid_reg_0[0]
    SLICE_X20Y2          LUT2 (Prop_lut2_I1_O)        0.299     2.454 f  output_bank/output_valid_INST_0_i_1/O
                         net (fo=35, routed)          2.135     4.589    source_bank/SR[0]
    SLICE_X8Y6           LUT4 (Prop_lut4_I1_O)        0.152     4.741 r  source_bank/input_ready_INST_0_i_1/O
                         net (fo=9, routed)           0.894     5.635    source_bank/input_ready_INST_0_i_1_n_0
    SLICE_X6Y7           LUT5 (Prop_lut5_I0_O)        0.348     5.983 r  source_bank/metadata_in_hold[68]_i_1__0/O
                         net (fo=64, routed)          2.438     8.421    source_bank/metadata_load
    SLICE_X41Y3          FDRE                                         r  source_bank/metadata_in_hold_reg[10]/CE
  -------------------------------------------------------------------    -------------------

                         (clock source_100 rise edge)
                                                     10.000    10.000 r  
                                                      0.000    10.000 r  clk (IN)
                         net (fo=183, unset)          0.924    10.924    source_bank/clk
    SLICE_X41Y3          FDRE                                         r  source_bank/metadata_in_hold_reg[10]/C
                         clock pessimism              0.000    10.924    
                         clock uncertainty           -0.035    10.889    
    SLICE_X41Y3          FDRE (Setup_fdre_C_CE)      -0.205    10.684    source_bank/metadata_in_hold_reg[10]
  -------------------------------------------------------------------
                         required time                         10.684    
                         arrival time                          -8.421    
  -------------------------------------------------------------------
                         slack                                  2.263    

Slack (MET) :             2.263ns  (required time - arrival time)
  Source:                 fast_reset_slow_reg[1]/C
                            (rising edge-triggered cell FDCE clocked by source_100  {rise@0.000ns fall@5.000ns period=10.000ns})
  Destination:            source_bank/metadata_in_hold_reg[13]/CE
                            (rising edge-triggered cell FDRE clocked by source_100  {rise@0.000ns fall@5.000ns period=10.000ns})
  Path Group:             source_100
  Path Type:              Setup (Max at Slow Process Corner)
  Requirement:            10.000ns  (source_100 rise@10.000ns - source_100 rise@0.000ns)
  Data Path Delay:        7.448ns  (logic 1.218ns (16.353%)  route 6.230ns (83.647%))
  Logic Levels:           3  (LUT2=1 LUT4=1 LUT5=1)
  Clock Path Skew:        -0.049ns (DCD - SCD + CPR)
    Destination Clock Delay (DCD):    0.924ns = ( 10.924 - 10.000 ) 
    Source Clock Delay      (SCD):    0.973ns
    Clock Pessimism Removal (CPR):    0.000ns
  Clock Uncertainty:      0.035ns  ((TSJ^2 + TIJ^2)^1/2 + DJ) / 2 + PE
    Total System Jitter     (TSJ):    0.071ns
    Total Input Jitter      (TIJ):    0.000ns
    Discrete Jitter          (DJ):    0.000ns
    Phase Error              (PE):    0.000ns

    Location             Delay type                Incr(ns)  Path(ns)    Netlist Resource(s)
  -------------------------------------------------------------------    -------------------
                         (clock source_100 rise edge)
                                                      0.000     0.000 r  
                                                      0.000     0.000 r  clk (IN)
                         net (fo=183, unset)          0.973     0.973    clk
    SLICE_X22Y0          FDCE                                         r  fast_reset_slow_reg[1]/C
  -------------------------------------------------------------------    -------------------
    SLICE_X22Y0          FDCE (Prop_fdce_C_Q)         0.419     1.392 r  fast_reset_slow_reg[1]/Q
                         net (fo=1, routed)           0.763     2.155    output_bank/read_valid_reg_0[0]
    SLICE_X20Y2          LUT2 (Prop_lut2_I1_O)        0.299     2.454 f  output_bank/output_valid_INST_0_i_1/O
                         net (fo=35, routed)          2.135     4.589    source_bank/SR[0]
    SLICE_X8Y6           LUT4 (Prop_lut4_I1_O)        0.152     4.741 r  source_bank/input_ready_INST_0_i_1/O
                         net (fo=9, routed)           0.894     5.635    source_bank/input_ready_INST_0_i_1_n_0
    SLICE_X6Y7           LUT5 (Prop_lut5_I0_O)        0.348     5.983 r  source_bank/metadata_in_hold[68]_i_1__0/O
                         net (fo=64, routed)          2.438     8.421    source_bank/metadata_load
    SLICE_X41Y3          FDRE                                         r  source_bank/metadata_in_hold_reg[13]/CE
  -------------------------------------------------------------------    -------------------

                         (clock source_100 rise edge)
                                                     10.000    10.000 r  
                                                      0.000    10.000 r  clk (IN)
                         net (fo=183, unset)          0.924    10.924    source_bank/clk
    SLICE_X41Y3          FDRE                                         r  source_bank/metadata_in_hold_reg[13]/C
                         clock pessimism              0.000    10.924    
                         clock uncertainty           -0.035    10.889    
    SLICE_X41Y3          FDRE (Setup_fdre_C_CE)      -0.205    10.684    source_bank/metadata_in_hold_reg[13]
  -------------------------------------------------------------------
                         required time                         10.684    
                         arrival time                          -8.421    
  -------------------------------------------------------------------
                         slack                                  2.263    

Slack (MET) :             2.263ns  (required time - arrival time)
  Source:                 fast_reset_slow_reg[1]/C
                            (rising edge-triggered cell FDCE clocked by source_100  {rise@0.000ns fall@5.000ns period=10.000ns})
  Destination:            source_bank/metadata_in_hold_reg[22]/CE
                            (rising edge-triggered cell FDRE clocked by source_100  {rise@0.000ns fall@5.000ns period=10.000ns})
  Path Group:             source_100
  Path Type:              Setup (Max at Slow Process Corner)
  Requirement:            10.000ns  (source_100 rise@10.000ns - source_100 rise@0.000ns)
  Data Path Delay:        7.448ns  (logic 1.218ns (16.353%)  route 6.230ns (83.647%))
  Logic Levels:           3  (LUT2=1 LUT4=1 LUT5=1)
  Clock Path Skew:        -0.049ns (DCD - SCD + CPR)
    Destination Clock Delay (DCD):    0.924ns = ( 10.924 - 10.000 ) 
    Source Clock Delay      (SCD):    0.973ns
    Clock Pessimism Removal (CPR):    0.000ns
  Clock Uncertainty:      0.035ns  ((TSJ^2 + TIJ^2)^1/2 + DJ) / 2 + PE
    Total System Jitter     (TSJ):    0.071ns
    Total Input Jitter      (TIJ):    0.000ns
    Discrete Jitter          (DJ):    0.000ns
    Phase Error              (PE):    0.000ns

    Location             Delay type                Incr(ns)  Path(ns)    Netlist Resource(s)
  -------------------------------------------------------------------    -------------------
                         (clock source_100 rise edge)
                                                      0.000     0.000 r  
                                                      0.000     0.000 r  clk (IN)
                         net (fo=183, unset)          0.973     0.973    clk
    SLICE_X22Y0          FDCE                                         r  fast_reset_slow_reg[1]/C
  -------------------------------------------------------------------    -------------------
    SLICE_X22Y0          FDCE (Prop_fdce_C_Q)         0.419     1.392 r  fast_reset_slow_reg[1]/Q
                         net (fo=1, routed)           0.763     2.155    output_bank/read_valid_reg_0[0]
    SLICE_X20Y2          LUT2 (Prop_lut2_I1_O)        0.299     2.454 f  output_bank/output_valid_INST_0_i_1/O
                         net (fo=35, routed)          2.135     4.589    source_bank/SR[0]
    SLICE_X8Y6           LUT4 (Prop_lut4_I1_O)        0.152     4.741 r  source_bank/input_ready_INST_0_i_1/O
                         net (fo=9, routed)           0.894     5.635    source_bank/input_ready_INST_0_i_1_n_0
    SLICE_X6Y7           LUT5 (Prop_lut5_I0_O)        0.348     5.983 r  source_bank/metadata_in_hold[68]_i_1__0/O
                         net (fo=64, routed)          2.438     8.421    source_bank/metadata_load
    SLICE_X41Y3          FDRE                                         r  source_bank/metadata_in_hold_reg[22]/CE
  -------------------------------------------------------------------    -------------------

                         (clock source_100 rise edge)
                                                     10.000    10.000 r  
                                                      0.000    10.000 r  clk (IN)
                         net (fo=183, unset)          0.924    10.924    source_bank/clk
    SLICE_X41Y3          FDRE                                         r  source_bank/metadata_in_hold_reg[22]/C
                         clock pessimism              0.000    10.924    
                         clock uncertainty           -0.035    10.889    
    SLICE_X41Y3          FDRE (Setup_fdre_C_CE)      -0.205    10.684    source_bank/metadata_in_hold_reg[22]
  -------------------------------------------------------------------
                         required time                         10.684    
                         arrival time                          -8.421    
  -------------------------------------------------------------------
                         slack                                  2.263    

Slack (MET) :             2.268ns  (required time - arrival time)
  Source:                 source_bank/metadata_in_hold_reg[7]/C
                            (rising edge-triggered cell FDRE clocked by source_100  {rise@0.000ns fall@5.000ns period=10.000ns})
  Destination:            source_bank/write_position_reg[0]/CE
                            (rising edge-triggered cell FDRE clocked by source_100  {rise@0.000ns fall@5.000ns period=10.000ns})
  Path Group:             source_100
  Path Type:              Setup (Max at Slow Process Corner)
  Requirement:            10.000ns  (source_100 rise@10.000ns - source_100 rise@0.000ns)
  Data Path Delay:        7.236ns  (logic 2.489ns (34.397%)  route 4.747ns (65.603%))
  Logic Levels:           9  (CARRY4=6 LUT4=1 LUT5=1 LUT6=1)
  Clock Path Skew:        -0.049ns (DCD - SCD + CPR)
    Destination Clock Delay (DCD):    0.924ns = ( 10.924 - 10.000 ) 
    Source Clock Delay      (SCD):    0.973ns
    Clock Pessimism Removal (CPR):    0.000ns
  Clock Uncertainty:      0.035ns  ((TSJ^2 + TIJ^2)^1/2 + DJ) / 2 + PE
    Total System Jitter     (TSJ):    0.071ns
    Total Input Jitter      (TIJ):    0.000ns
    Discrete Jitter          (DJ):    0.000ns
    Phase Error              (PE):    0.000ns

    Location             Delay type                Incr(ns)  Path(ns)    Netlist Resource(s)
  -------------------------------------------------------------------    -------------------
                         (clock source_100 rise edge)
                                                      0.000     0.000 r  
                                                      0.000     0.000 r  clk (IN)
                         net (fo=183, unset)          0.973     0.973    source_bank/clk
    SLICE_X39Y2          FDRE                                         r  source_bank/metadata_in_hold_reg[7]/C
  -------------------------------------------------------------------    -------------------
    SLICE_X39Y2          FDRE (Prop_fdre_C_Q)         0.456     1.429 r  source_bank/metadata_in_hold_reg[7]/Q
                         net (fo=2, routed)           0.847     2.276    source_bank/metadata_in_hold[7]
    SLICE_X39Y2          LUT6 (Prop_lut6_I3_O)        0.124     2.400 r  source_bank/metadata_matches__0_carry_i_5/O
                         net (fo=1, routed)           0.715     3.115    source_bank/metadata_matches__0_carry_i_5_n_0
    SLICE_X40Y5          CARRY4 (Prop_carry4_S[0]_CO[3])
                                                      0.656     3.771 r  source_bank/metadata_matches__0_carry/CO[3]
                         net (fo=1, routed)           0.000     3.771    source_bank/metadata_matches__0_carry_n_0
    SLICE_X40Y6          CARRY4 (Prop_carry4_CI_CO[3])
                                                      0.114     3.885 r  source_bank/metadata_matches__0_carry__0/CO[3]
                         net (fo=1, routed)           0.000     3.885    source_bank/metadata_matches__0_carry__0_n_0
    SLICE_X40Y7          CARRY4 (Prop_carry4_CI_CO[3])
                                                      0.114     3.999 r  source_bank/metadata_matches__0_carry__1/CO[3]
                         net (fo=1, routed)           0.000     3.999    source_bank/metadata_matches__0_carry__1_n_0
    SLICE_X40Y8          CARRY4 (Prop_carry4_CI_CO[3])
                                                      0.114     4.113 r  source_bank/metadata_matches__0_carry__2/CO[3]
                         net (fo=1, routed)           0.000     4.113    source_bank/metadata_matches__0_carry__2_n_0
    SLICE_X40Y9          CARRY4 (Prop_carry4_CI_CO[3])
                                                      0.114     4.227 r  source_bank/metadata_matches__0_carry__3/CO[3]
                         net (fo=1, routed)           0.000     4.227    source_bank/metadata_matches__0_carry__3_n_0
    SLICE_X40Y10         CARRY4 (Prop_carry4_CI_CO[0])
                                                      0.271     4.498 r  source_bank/metadata_matches__0_carry__4/CO[0]
                         net (fo=1, routed)           1.843     6.341    source_bank/metadata_matches
    SLICE_X5Y8           LUT5 (Prop_lut5_I2_O)        0.373     6.714 r  source_bank/write_position[8]_i_3/O
                         net (fo=3, routed)           0.756     7.470    source_bank/input_framing_valid__2
    SLICE_X6Y8           LUT4 (Prop_lut4_I3_O)        0.153     7.623 r  source_bank/write_position[8]_i_1__0/O
                         net (fo=9, routed)           0.586     8.209    source_bank/write_position[8]_i_1__0_n_0
    SLICE_X5Y9           FDRE                                         r  source_bank/write_position_reg[0]/CE
  -------------------------------------------------------------------    -------------------

                         (clock source_100 rise edge)
                                                     10.000    10.000 r  
                                                      0.000    10.000 r  clk (IN)
                         net (fo=183, unset)          0.924    10.924    source_bank/clk
    SLICE_X5Y9           FDRE                                         r  source_bank/write_position_reg[0]/C
                         clock pessimism              0.000    10.924    
                         clock uncertainty           -0.035    10.889    
    SLICE_X5Y9           FDRE (Setup_fdre_C_CE)      -0.412    10.477    source_bank/write_position_reg[0]
  -------------------------------------------------------------------
                         required time                         10.477    
                         arrival time                          -8.209    
  -------------------------------------------------------------------
                         slack                                  2.268    

Slack (MET) :             2.268ns  (required time - arrival time)
  Source:                 source_bank/metadata_in_hold_reg[7]/C
                            (rising edge-triggered cell FDRE clocked by source_100  {rise@0.000ns fall@5.000ns period=10.000ns})
  Destination:            source_bank/write_position_reg[4]/CE
                            (rising edge-triggered cell FDRE clocked by source_100  {rise@0.000ns fall@5.000ns period=10.000ns})
  Path Group:             source_100
  Path Type:              Setup (Max at Slow Process Corner)
  Requirement:            10.000ns  (source_100 rise@10.000ns - source_100 rise@0.000ns)
  Data Path Delay:        7.236ns  (logic 2.489ns (34.397%)  route 4.747ns (65.603%))
  Logic Levels:           9  (CARRY4=6 LUT4=1 LUT5=1 LUT6=1)
  Clock Path Skew:        -0.049ns (DCD - SCD + CPR)
    Destination Clock Delay (DCD):    0.924ns = ( 10.924 - 10.000 ) 
    Source Clock Delay      (SCD):    0.973ns
    Clock Pessimism Removal (CPR):    0.000ns
  Clock Uncertainty:      0.035ns  ((TSJ^2 + TIJ^2)^1/2 + DJ) / 2 + PE
    Total System Jitter     (TSJ):    0.071ns
    Total Input Jitter      (TIJ):    0.000ns
    Discrete Jitter          (DJ):    0.000ns
    Phase Error              (PE):    0.000ns

    Location             Delay type                Incr(ns)  Path(ns)    Netlist Resource(s)
  -------------------------------------------------------------------    -------------------
                         (clock source_100 rise edge)
                                                      0.000     0.000 r  
                                                      0.000     0.000 r  clk (IN)
                         net (fo=183, unset)          0.973     0.973    source_bank/clk
    SLICE_X39Y2          FDRE                                         r  source_bank/metadata_in_hold_reg[7]/C
  -------------------------------------------------------------------    -------------------
    SLICE_X39Y2          FDRE (Prop_fdre_C_Q)         0.456     1.429 r  source_bank/metadata_in_hold_reg[7]/Q
                         net (fo=2, routed)           0.847     2.276    source_bank/metadata_in_hold[7]
    SLICE_X39Y2          LUT6 (Prop_lut6_I3_O)        0.124     2.400 r  source_bank/metadata_matches__0_carry_i_5/O
                         net (fo=1, routed)           0.715     3.115    source_bank/metadata_matches__0_carry_i_5_n_0
    SLICE_X40Y5          CARRY4 (Prop_carry4_S[0]_CO[3])
                                                      0.656     3.771 r  source_bank/metadata_matches__0_carry/CO[3]
                         net (fo=1, routed)           0.000     3.771    source_bank/metadata_matches__0_carry_n_0
    SLICE_X40Y6          CARRY4 (Prop_carry4_CI_CO[3])
                                                      0.114     3.885 r  source_bank/metadata_matches__0_carry__0/CO[3]
                         net (fo=1, routed)           0.000     3.885    source_bank/metadata_matches__0_carry__0_n_0
    SLICE_X40Y7          CARRY4 (Prop_carry4_CI_CO[3])
                                                      0.114     3.999 r  source_bank/metadata_matches__0_carry__1/CO[3]
                         net (fo=1, routed)           0.000     3.999    source_bank/metadata_matches__0_carry__1_n_0
    SLICE_X40Y8          CARRY4 (Prop_carry4_CI_CO[3])
                                                      0.114     4.113 r  source_bank/metadata_matches__0_carry__2/CO[3]
                         net (fo=1, routed)           0.000     4.113    source_bank/metadata_matches__0_carry__2_n_0
    SLICE_X40Y9          CARRY4 (Prop_carry4_CI_CO[3])
                                                      0.114     4.227 r  source_bank/metadata_matches__0_carry__3/CO[3]
                         net (fo=1, routed)           0.000     4.227    source_bank/metadata_matches__0_carry__3_n_0
    SLICE_X40Y10         CARRY4 (Prop_carry4_CI_CO[0])
                                                      0.271     4.498 r  source_bank/metadata_matches__0_carry__4/CO[0]
                         net (fo=1, routed)           1.843     6.341    source_bank/metadata_matches
    SLICE_X5Y8           LUT5 (Prop_lut5_I2_O)        0.373     6.714 r  source_bank/write_position[8]_i_3/O
                         net (fo=3, routed)           0.756     7.470    source_bank/input_framing_valid__2
    SLICE_X6Y8           LUT4 (Prop_lut4_I3_O)        0.153     7.623 r  source_bank/write_position[8]_i_1__0/O
                         net (fo=9, routed)           0.586     8.209    source_bank/write_position[8]_i_1__0_n_0
    SLICE_X5Y9           FDRE                                         r  source_bank/write_position_reg[4]/CE
  -------------------------------------------------------------------    -------------------

                         (clock source_100 rise edge)
                                                     10.000    10.000 r  
                                                      0.000    10.000 r  clk (IN)
                         net (fo=183, unset)          0.924    10.924    source_bank/clk
    SLICE_X5Y9           FDRE                                         r  source_bank/write_position_reg[4]/C
                         clock pessimism              0.000    10.924    
                         clock uncertainty           -0.035    10.889    
    SLICE_X5Y9           FDRE (Setup_fdre_C_CE)      -0.412    10.477    source_bank/write_position_reg[4]
  -------------------------------------------------------------------
                         required time                         10.477    
                         arrival time                          -8.209    
  -------------------------------------------------------------------
                         slack                                  2.268    




