Copyright 1986-2022 Xilinx, Inc. All Rights Reserved.
----------------------------------------------------------------------------------------------------------------------------------------------------------------------------------------------
| Tool Version : Vivado v.2022.2 (lin64) Build 3671981 Fri Oct 14 04:59:54 MDT 2022
| Date         : Thu Sep 10 01:14:58 2026
| Host         : gauss running 64-bit Ubuntu 26.04 LTS
| Command      : report_timing -from [get_clocks source_100] -to [get_clocks source_100] -delay_type min -max_paths 20 -file /tmp/starlink-completed-input.5EaJuD/route-v1/source_100_min.rpt
| Design       : starlink_pss_fft_bank_owned_slice
| Device       : 7z010-clg400
| Speed File   : -1  PRODUCTION 1.12 2019-11-22
----------------------------------------------------------------------------------------------------------------------------------------------------------------------------------------------

Timing Report

Slack (MET) :             0.100ns  (arrival time - required time)
  Source:                 output_bank/request_sync_reg[0]/C
                            (rising edge-triggered cell FDRE clocked by source_100  {rise@0.000ns fall@5.000ns period=10.000ns})
  Destination:            output_bank/request_sync_reg[1]/D
                            (rising edge-triggered cell FDRE clocked by source_100  {rise@0.000ns fall@5.000ns period=10.000ns})
  Path Group:             source_100
  Path Type:              Hold (Min at Fast Process Corner)
  Requirement:            0.000ns  (source_100 rise@0.000ns - source_100 rise@0.000ns)
  Data Path Delay:        0.197ns  (logic 0.141ns (71.611%)  route 0.056ns (28.389%))
  Logic Levels:           0  
  Clock Path Skew:        0.022ns (DCD - SCD - CPR)
    Destination Clock Delay (DCD):    0.432ns
    Source Clock Delay      (SCD):    0.410ns
    Clock Pessimism Removal (CPR):    -0.000ns

    Location             Delay type                Incr(ns)  Path(ns)    Netlist Resource(s)
  -------------------------------------------------------------------    -------------------
                         (clock source_100 rise edge)
                                                      0.000     0.000 r  
                                                      0.000     0.000 r  clk (IN)
                         net (fo=183, unset)          0.410     0.410    output_bank/clk
    SLICE_X11Y2          FDRE                                         r  output_bank/request_sync_reg[0]/C
  -------------------------------------------------------------------    -------------------
    SLICE_X11Y2          FDRE (Prop_fdre_C_Q)         0.141     0.551 r  output_bank/request_sync_reg[0]/Q
                         net (fo=1, routed)           0.056     0.607    output_bank/request_sync[0]
    SLICE_X11Y2          FDRE                                         r  output_bank/request_sync_reg[1]/D
  -------------------------------------------------------------------    -------------------

                         (clock source_100 rise edge)
                                                      0.000     0.000 r  
                                                      0.000     0.000 r  clk (IN)
                         net (fo=183, unset)          0.432     0.432    output_bank/clk
    SLICE_X11Y2          FDRE                                         r  output_bank/request_sync_reg[1]/C
                         clock pessimism              0.000     0.432    
    SLICE_X11Y2          FDRE (Hold_fdre_C_D)         0.075     0.507    output_bank/request_sync_reg[1]
  -------------------------------------------------------------------
                         required time                         -0.507    
                         arrival time                           0.607    
  -------------------------------------------------------------------
                         slack                                  0.100    

Slack (MET) :             0.104ns  (arrival time - required time)
  Source:                 source_bank/acknowledge_sync_reg[0]/C
                            (rising edge-triggered cell FDRE clocked by source_100  {rise@0.000ns fall@5.000ns period=10.000ns})
  Destination:            source_bank/acknowledge_sync_reg[1]/D
                            (rising edge-triggered cell FDRE clocked by source_100  {rise@0.000ns fall@5.000ns period=10.000ns})
  Path Group:             source_100
  Path Type:              Hold (Min at Fast Process Corner)
  Requirement:            0.000ns  (source_100 rise@0.000ns - source_100 rise@0.000ns)
  Data Path Delay:        0.197ns  (logic 0.141ns (71.611%)  route 0.056ns (28.389%))
  Logic Levels:           0  
  Clock Path Skew:        0.022ns (DCD - SCD - CPR)
    Destination Clock Delay (DCD):    0.432ns
    Source Clock Delay      (SCD):    0.410ns
    Clock Pessimism Removal (CPR):    -0.000ns

    Location             Delay type                Incr(ns)  Path(ns)    Netlist Resource(s)
  -------------------------------------------------------------------    -------------------
                         (clock source_100 rise edge)
                                                      0.000     0.000 r  
                                                      0.000     0.000 r  clk (IN)
                         net (fo=183, unset)          0.410     0.410    source_bank/clk
    SLICE_X11Y2          FDRE                                         r  source_bank/acknowledge_sync_reg[0]/C
  -------------------------------------------------------------------    -------------------
    SLICE_X11Y2          FDRE (Prop_fdre_C_Q)         0.141     0.551 r  source_bank/acknowledge_sync_reg[0]/Q
                         net (fo=1, routed)           0.056     0.607    source_bank/acknowledge_sync[0]
    SLICE_X11Y2          FDRE                                         r  source_bank/acknowledge_sync_reg[1]/D
  -------------------------------------------------------------------    -------------------

                         (clock source_100 rise edge)
                                                      0.000     0.000 r  
                                                      0.000     0.000 r  clk (IN)
                         net (fo=183, unset)          0.432     0.432    source_bank/clk
    SLICE_X11Y2          FDRE                                         r  source_bank/acknowledge_sync_reg[1]/C
                         clock pessimism              0.000     0.432    
    SLICE_X11Y2          FDRE (Hold_fdre_C_D)         0.071     0.503    source_bank/acknowledge_sync_reg[1]
  -------------------------------------------------------------------
                         required time                         -0.503    
                         arrival time                           0.607    
  -------------------------------------------------------------------
                         slack                                  0.104    

Slack (MET) :             0.110ns  (arrival time - required time)
  Source:                 fast_fault_slow_reg[0]/C
                            (rising edge-triggered cell FDRE clocked by source_100  {rise@0.000ns fall@5.000ns period=10.000ns})
  Destination:            fast_fault_slow_reg[1]/D
                            (rising edge-triggered cell FDRE clocked by source_100  {rise@0.000ns fall@5.000ns period=10.000ns})
  Path Group:             source_100
  Path Type:              Hold (Min at Fast Process Corner)
  Requirement:            0.000ns  (source_100 rise@0.000ns - source_100 rise@0.000ns)
  Data Path Delay:        0.206ns  (logic 0.141ns (68.336%)  route 0.065ns (31.664%))
  Logic Levels:           0  
  Clock Path Skew:        0.022ns (DCD - SCD - CPR)
    Destination Clock Delay (DCD):    0.432ns
    Source Clock Delay      (SCD):    0.410ns
    Clock Pessimism Removal (CPR):    -0.000ns

    Location             Delay type                Incr(ns)  Path(ns)    Netlist Resource(s)
  -------------------------------------------------------------------    -------------------
                         (clock source_100 rise edge)
                                                      0.000     0.000 r  
                                                      0.000     0.000 r  clk (IN)
                         net (fo=183, unset)          0.410     0.410    clk
    SLICE_X22Y7          FDRE                                         r  fast_fault_slow_reg[0]/C
  -------------------------------------------------------------------    -------------------
    SLICE_X22Y7          FDRE (Prop_fdre_C_Q)         0.141     0.551 r  fast_fault_slow_reg[0]/Q
                         net (fo=1, routed)           0.065     0.616    fast_fault_slow[0]
    SLICE_X22Y7          FDRE                                         r  fast_fault_slow_reg[1]/D
  -------------------------------------------------------------------    -------------------

                         (clock source_100 rise edge)
                                                      0.000     0.000 r  
                                                      0.000     0.000 r  clk (IN)
                         net (fo=183, unset)          0.432     0.432    clk
    SLICE_X22Y7          FDRE                                         r  fast_fault_slow_reg[1]/C
                         clock pessimism              0.000     0.432    
    SLICE_X22Y7          FDRE (Hold_fdre_C_D)         0.075     0.507    fast_fault_slow_reg[1]
  -------------------------------------------------------------------
                         required time                         -0.507    
                         arrival time                           0.616    
  -------------------------------------------------------------------
                         slack                                  0.110    

Slack (MET) :             0.110ns  (arrival time - required time)
  Source:                 fast_reset_slow_reg[0]/C
                            (rising edge-triggered cell FDCE clocked by source_100  {rise@0.000ns fall@5.000ns period=10.000ns})
  Destination:            fast_reset_slow_reg[1]/D
                            (rising edge-triggered cell FDCE clocked by source_100  {rise@0.000ns fall@5.000ns period=10.000ns})
  Path Group:             source_100
  Path Type:              Hold (Min at Fast Process Corner)
  Requirement:            0.000ns  (source_100 rise@0.000ns - source_100 rise@0.000ns)
  Data Path Delay:        0.206ns  (logic 0.141ns (68.336%)  route 0.065ns (31.664%))
  Logic Levels:           0  
  Clock Path Skew:        0.022ns (DCD - SCD - CPR)
    Destination Clock Delay (DCD):    0.432ns
    Source Clock Delay      (SCD):    0.410ns
    Clock Pessimism Removal (CPR):    -0.000ns

    Location             Delay type                Incr(ns)  Path(ns)    Netlist Resource(s)
  -------------------------------------------------------------------    -------------------
                         (clock source_100 rise edge)
                                                      0.000     0.000 r  
                                                      0.000     0.000 r  clk (IN)
                         net (fo=183, unset)          0.410     0.410    clk
    SLICE_X22Y0          FDCE                                         r  fast_reset_slow_reg[0]/C
  -------------------------------------------------------------------    -------------------
    SLICE_X22Y0          FDCE (Prop_fdce_C_Q)         0.141     0.551 r  fast_reset_slow_reg[0]/Q
                         net (fo=1, routed)           0.065     0.616    fast_reset_slow[0]
    SLICE_X22Y0          FDCE                                         r  fast_reset_slow_reg[1]/D
  -------------------------------------------------------------------    -------------------

                         (clock source_100 rise edge)
                                                      0.000     0.000 r  
                                                      0.000     0.000 r  clk (IN)
                         net (fo=183, unset)          0.432     0.432    clk
    SLICE_X22Y0          FDCE                                         r  fast_reset_slow_reg[1]/C
                         clock pessimism              0.000     0.432    
    SLICE_X22Y0          FDCE (Hold_fdce_C_D)         0.075     0.507    fast_reset_slow_reg[1]
  -------------------------------------------------------------------
                         required time                         -0.507    
                         arrival time                           0.616    
  -------------------------------------------------------------------
                         slack                                  0.110    

Slack (MET) :             0.197ns  (arrival time - required time)
  Source:                 output_bank/read_address_reg[0]/C
                            (rising edge-triggered cell FDRE clocked by source_100  {rise@0.000ns fall@5.000ns period=10.000ns})
  Destination:            output_bank/payload_memory_reg/ADDRARDADDR[5]
                            (rising edge-triggered cell RAMB18E1 clocked by source_100  {rise@0.000ns fall@5.000ns period=10.000ns})
  Path Group:             source_100
  Path Type:              Hold (Min at Fast Process Corner)
  Requirement:            0.000ns  (source_100 rise@0.000ns - source_100 rise@0.000ns)
  Data Path Delay:        0.401ns  (logic 0.164ns (40.875%)  route 0.237ns (59.125%))
  Logic Levels:           0  
  Clock Path Skew:        0.022ns (DCD - SCD - CPR)
    Destination Clock Delay (DCD):    0.432ns
    Source Clock Delay      (SCD):    0.410ns
    Clock Pessimism Removal (CPR):    -0.000ns

    Location             Delay type                Incr(ns)  Path(ns)    Netlist Resource(s)
  -------------------------------------------------------------------    -------------------
                         (clock source_100 rise edge)
                                                      0.000     0.000 r  
                                                      0.000     0.000 r  clk (IN)
                         net (fo=183, unset)          0.410     0.410    output_bank/clk
    SLICE_X6Y2           FDRE                                         r  output_bank/read_address_reg[0]/C
  -------------------------------------------------------------------    -------------------
    SLICE_X6Y2           FDRE (Prop_fdre_C_Q)         0.164     0.574 r  output_bank/read_address_reg[0]/Q
                         net (fo=8, routed)           0.237     0.811    output_bank/read_address[0]
    RAMB18_X0Y1          RAMB18E1                                     r  output_bank/payload_memory_reg/ADDRARDADDR[5]
  -------------------------------------------------------------------    -------------------

                         (clock source_100 rise edge)
                                                      0.000     0.000 r  
                                                      0.000     0.000 r  clk (IN)
                         net (fo=183, unset)          0.432     0.432    output_bank/clk
    RAMB18_X0Y1          RAMB18E1                                     r  output_bank/payload_memory_reg/CLKARDCLK
                         clock pessimism              0.000     0.432    
    RAMB18_X0Y1          RAMB18E1 (Hold_ramb18e1_CLKARDCLK_ADDRARDADDR[5])
                                                      0.183     0.615    output_bank/payload_memory_reg
  -------------------------------------------------------------------
                         required time                         -0.615    
                         arrival time                           0.811    
  -------------------------------------------------------------------
                         slack                                  0.197    

Slack (MET) :             0.203ns  (arrival time - required time)
  Source:                 output_bank/read_address_reg[8]/C
                            (rising edge-triggered cell FDRE clocked by source_100  {rise@0.000ns fall@5.000ns period=10.000ns})
  Destination:            output_bank/payload_memory_reg/ADDRARDADDR[13]
                            (rising edge-triggered cell RAMB18E1 clocked by source_100  {rise@0.000ns fall@5.000ns period=10.000ns})
  Path Group:             source_100
  Path Type:              Hold (Min at Fast Process Corner)
  Requirement:            0.000ns  (source_100 rise@0.000ns - source_100 rise@0.000ns)
  Data Path Delay:        0.408ns  (logic 0.164ns (40.235%)  route 0.244ns (59.765%))
  Logic Levels:           0  
  Clock Path Skew:        0.022ns (DCD - SCD - CPR)
    Destination Clock Delay (DCD):    0.432ns
    Source Clock Delay      (SCD):    0.410ns
    Clock Pessimism Removal (CPR):    -0.000ns

    Location             Delay type                Incr(ns)  Path(ns)    Netlist Resource(s)
  -------------------------------------------------------------------    -------------------
                         (clock source_100 rise edge)
                                                      0.000     0.000 r  
                                                      0.000     0.000 r  clk (IN)
                         net (fo=183, unset)          0.410     0.410    output_bank/clk
    SLICE_X6Y2           FDRE                                         r  output_bank/read_address_reg[8]/C
  -------------------------------------------------------------------    -------------------
    SLICE_X6Y2           FDRE (Prop_fdre_C_Q)         0.164     0.574 r  output_bank/read_address_reg[8]/Q
                         net (fo=5, routed)           0.244     0.818    output_bank/read_address[8]
    RAMB18_X0Y1          RAMB18E1                                     r  output_bank/payload_memory_reg/ADDRARDADDR[13]
  -------------------------------------------------------------------    -------------------

                         (clock source_100 rise edge)
                                                      0.000     0.000 r  
                                                      0.000     0.000 r  clk (IN)
                         net (fo=183, unset)          0.432     0.432    output_bank/clk
    RAMB18_X0Y1          RAMB18E1                                     r  output_bank/payload_memory_reg/CLKARDCLK
                         clock pessimism              0.000     0.432    
    RAMB18_X0Y1          RAMB18E1 (Hold_ramb18e1_CLKARDCLK_ADDRARDADDR[13])
                                                      0.183     0.615    output_bank/payload_memory_reg
  -------------------------------------------------------------------
                         required time                         -0.615    
                         arrival time                           0.818    
  -------------------------------------------------------------------
                         slack                                  0.203    

Slack (MET) :             0.203ns  (arrival time - required time)
  Source:                 output_bank/read_address_reg[4]/C
                            (rising edge-triggered cell FDRE clocked by source_100  {rise@0.000ns fall@5.000ns period=10.000ns})
  Destination:            output_bank/payload_memory_reg/ADDRARDADDR[9]
                            (rising edge-triggered cell RAMB18E1 clocked by source_100  {rise@0.000ns fall@5.000ns period=10.000ns})
  Path Group:             source_100
  Path Type:              Hold (Min at Fast Process Corner)
  Requirement:            0.000ns  (source_100 rise@0.000ns - source_100 rise@0.000ns)
  Data Path Delay:        0.408ns  (logic 0.164ns (40.224%)  route 0.244ns (59.776%))
  Logic Levels:           0  
  Clock Path Skew:        0.022ns (DCD - SCD - CPR)
    Destination Clock Delay (DCD):    0.432ns
    Source Clock Delay      (SCD):    0.410ns
    Clock Pessimism Removal (CPR):    -0.000ns

    Location             Delay type                Incr(ns)  Path(ns)    Netlist Resource(s)
  -------------------------------------------------------------------    -------------------
                         (clock source_100 rise edge)
                                                      0.000     0.000 r  
                                                      0.000     0.000 r  clk (IN)
                         net (fo=183, unset)          0.410     0.410    output_bank/clk
    SLICE_X6Y1           FDRE                                         r  output_bank/read_address_reg[4]/C
  -------------------------------------------------------------------    -------------------
    SLICE_X6Y1           FDRE (Prop_fdre_C_Q)         0.164     0.574 r  output_bank/read_address_reg[4]/Q
                         net (fo=4, routed)           0.244     0.818    output_bank/read_address[4]
    RAMB18_X0Y1          RAMB18E1                                     r  output_bank/payload_memory_reg/ADDRARDADDR[9]
  -------------------------------------------------------------------    -------------------

                         (clock source_100 rise edge)
                                                      0.000     0.000 r  
                                                      0.000     0.000 r  clk (IN)
                         net (fo=183, unset)          0.432     0.432    output_bank/clk
    RAMB18_X0Y1          RAMB18E1                                     r  output_bank/payload_memory_reg/CLKARDCLK
                         clock pessimism              0.000     0.432    
    RAMB18_X0Y1          RAMB18E1 (Hold_ramb18e1_CLKARDCLK_ADDRARDADDR[9])
                                                      0.183     0.615    output_bank/payload_memory_reg
  -------------------------------------------------------------------
                         required time                         -0.615    
                         arrival time                           0.818    
  -------------------------------------------------------------------
                         slack                                  0.203    

Slack (MET) :             0.207ns  (arrival time - required time)
  Source:                 output_bank/read_address_reg[6]/C
                            (rising edge-triggered cell FDRE clocked by source_100  {rise@0.000ns fall@5.000ns period=10.000ns})
  Destination:            output_bank/payload_memory_reg/ADDRARDADDR[11]
                            (rising edge-triggered cell RAMB18E1 clocked by source_100  {rise@0.000ns fall@5.000ns period=10.000ns})
  Path Group:             source_100
  Path Type:              Hold (Min at Fast Process Corner)
  Requirement:            0.000ns  (source_100 rise@0.000ns - source_100 rise@0.000ns)
  Data Path Delay:        0.411ns  (logic 0.164ns (39.875%)  route 0.247ns (60.125%))
  Logic Levels:           0  
  Clock Path Skew:        0.022ns (DCD - SCD - CPR)
    Destination Clock Delay (DCD):    0.432ns
    Source Clock Delay      (SCD):    0.410ns
    Clock Pessimism Removal (CPR):    -0.000ns

    Location             Delay type                Incr(ns)  Path(ns)    Netlist Resource(s)
  -------------------------------------------------------------------    -------------------
                         (clock source_100 rise edge)
                                                      0.000     0.000 r  
                                                      0.000     0.000 r  clk (IN)
                         net (fo=183, unset)          0.410     0.410    output_bank/clk
    SLICE_X6Y2           FDRE                                         r  output_bank/read_address_reg[6]/C
  -------------------------------------------------------------------    -------------------
    SLICE_X6Y2           FDRE (Prop_fdre_C_Q)         0.164     0.574 r  output_bank/read_address_reg[6]/Q
                         net (fo=7, routed)           0.247     0.821    output_bank/read_address[6]
    RAMB18_X0Y1          RAMB18E1                                     r  output_bank/payload_memory_reg/ADDRARDADDR[11]
  -------------------------------------------------------------------    -------------------

                         (clock source_100 rise edge)
                                                      0.000     0.000 r  
                                                      0.000     0.000 r  clk (IN)
                         net (fo=183, unset)          0.432     0.432    output_bank/clk
    RAMB18_X0Y1          RAMB18E1                                     r  output_bank/payload_memory_reg/CLKARDCLK
                         clock pessimism              0.000     0.432    
    RAMB18_X0Y1          RAMB18E1 (Hold_ramb18e1_CLKARDCLK_ADDRARDADDR[11])
                                                      0.183     0.615    output_bank/payload_memory_reg
  -------------------------------------------------------------------
                         required time                         -0.615    
                         arrival time                           0.821    
  -------------------------------------------------------------------
                         slack                                  0.207    

Slack (MET) :             0.210ns  (arrival time - required time)
  Source:                 output_bank/acknowledge_toggle_reg/C
                            (rising edge-triggered cell FDRE clocked by source_100  {rise@0.000ns fall@5.000ns period=10.000ns})
  Destination:            output_bank/reading_reg/D
                            (rising edge-triggered cell FDRE clocked by source_100  {rise@0.000ns fall@5.000ns period=10.000ns})
  Path Group:             source_100
  Path Type:              Hold (Min at Fast Process Corner)
  Requirement:            0.000ns  (source_100 rise@0.000ns - source_100 rise@0.000ns)
  Data Path Delay:        0.352ns  (logic 0.186ns (52.881%)  route 0.166ns (47.119%))
  Logic Levels:           1  (LUT5=1)
  Clock Path Skew:        0.022ns (DCD - SCD - CPR)
    Destination Clock Delay (DCD):    0.432ns
    Source Clock Delay      (SCD):    0.410ns
    Clock Pessimism Removal (CPR):    -0.000ns

    Location             Delay type                Incr(ns)  Path(ns)    Netlist Resource(s)
  -------------------------------------------------------------------    -------------------
                         (clock source_100 rise edge)
                                                      0.000     0.000 r  
                                                      0.000     0.000 r  clk (IN)
                         net (fo=183, unset)          0.410     0.410    output_bank/clk
    SLICE_X7Y0           FDRE                                         r  output_bank/acknowledge_toggle_reg/C
  -------------------------------------------------------------------    -------------------
    SLICE_X7Y0           FDRE (Prop_fdre_C_Q)         0.141     0.551 r  output_bank/acknowledge_toggle_reg/Q
                         net (fo=6, routed)           0.166     0.717    output_bank/acknowledge_toggle
    SLICE_X8Y0           LUT5 (Prop_lut5_I1_O)        0.045     0.762 r  output_bank/reading_i_1/O
                         net (fo=1, routed)           0.000     0.762    output_bank/reading_i_1_n_0
    SLICE_X8Y0           FDRE                                         r  output_bank/reading_reg/D
  -------------------------------------------------------------------    -------------------

                         (clock source_100 rise edge)
                                                      0.000     0.000 r  
                                                      0.000     0.000 r  clk (IN)
                         net (fo=183, unset)          0.432     0.432    output_bank/clk
    SLICE_X8Y0           FDRE                                         r  output_bank/reading_reg/C
                         clock pessimism              0.000     0.432    
    SLICE_X8Y0           FDRE (Hold_fdre_C_D)         0.120     0.552    output_bank/reading_reg
  -------------------------------------------------------------------
                         required time                         -0.552    
                         arrival time                           0.762    
  -------------------------------------------------------------------
                         slack                                  0.210    

Slack (MET) :             0.213ns  (arrival time - required time)
  Source:                 output_bank/read_address_reg[7]/C
                            (rising edge-triggered cell FDRE clocked by source_100  {rise@0.000ns fall@5.000ns period=10.000ns})
  Destination:            output_bank/read_address_reg[8]/D
                            (rising edge-triggered cell FDRE clocked by source_100  {rise@0.000ns fall@5.000ns period=10.000ns})
  Path Group:             source_100
  Path Type:              Hold (Min at Fast Process Corner)
  Requirement:            0.000ns  (source_100 rise@0.000ns - source_100 rise@0.000ns)
  Data Path Delay:        0.356ns  (logic 0.247ns (69.385%)  route 0.109ns (30.615%))
  Logic Levels:           1  (LUT6=1)
  Clock Path Skew:        0.022ns (DCD - SCD - CPR)
    Destination Clock Delay (DCD):    0.432ns
    Source Clock Delay      (SCD):    0.410ns
    Clock Pessimism Removal (CPR):    -0.000ns

    Location             Delay type                Incr(ns)  Path(ns)    Netlist Resource(s)
  -------------------------------------------------------------------    -------------------
                         (clock source_100 rise edge)
                                                      0.000     0.000 r  
                                                      0.000     0.000 r  clk (IN)
                         net (fo=183, unset)          0.410     0.410    output_bank/clk
    SLICE_X6Y2           FDRE                                         r  output_bank/read_address_reg[7]/C
  -------------------------------------------------------------------    -------------------
    SLICE_X6Y2           FDRE (Prop_fdre_C_Q)         0.148     0.558 r  output_bank/read_address_reg[7]/Q
                         net (fo=6, routed)           0.109     0.667    output_bank/read_address[7]
    SLICE_X6Y2           LUT6 (Prop_lut6_I4_O)        0.099     0.766 r  output_bank/read_address[8]_i_1__1/O
                         net (fo=1, routed)           0.000     0.766    output_bank/read_address[8]_i_1__1_n_0
    SLICE_X6Y2           FDRE                                         r  output_bank/read_address_reg[8]/D
  -------------------------------------------------------------------    -------------------

                         (clock source_100 rise edge)
                                                      0.000     0.000 r  
                                                      0.000     0.000 r  clk (IN)
                         net (fo=183, unset)          0.432     0.432    output_bank/clk
    SLICE_X6Y2           FDRE                                         r  output_bank/read_address_reg[8]/C
                         clock pessimism              0.000     0.432    
    SLICE_X6Y2           FDRE (Hold_fdre_C_D)         0.121     0.553    output_bank/read_address_reg[8]
  -------------------------------------------------------------------
                         required time                         -0.553    
                         arrival time                           0.766    
  -------------------------------------------------------------------
                         slack                                  0.213    

Slack (MET) :             0.216ns  (arrival time - required time)
  Source:                 output_bank/read_address_reg[5]/C
                            (rising edge-triggered cell FDRE clocked by source_100  {rise@0.000ns fall@5.000ns period=10.000ns})
  Destination:            output_bank/read_address_reg[5]/D
                            (rising edge-triggered cell FDRE clocked by source_100  {rise@0.000ns fall@5.000ns period=10.000ns})
  Path Group:             source_100
  Path Type:              Hold (Min at Fast Process Corner)
  Requirement:            0.000ns  (source_100 rise@0.000ns - source_100 rise@0.000ns)
  Data Path Delay:        0.358ns  (logic 0.209ns (58.341%)  route 0.149ns (41.659%))
  Logic Levels:           1  (LUT3=1)
  Clock Path Skew:        0.022ns (DCD - SCD - CPR)
    Destination Clock Delay (DCD):    0.432ns
    Source Clock Delay      (SCD):    0.410ns
    Clock Pessimism Removal (CPR):    -0.000ns

    Location             Delay type                Incr(ns)  Path(ns)    Netlist Resource(s)
  -------------------------------------------------------------------    -------------------
                         (clock source_100 rise edge)
                                                      0.000     0.000 r  
                                                      0.000     0.000 r  clk (IN)
                         net (fo=183, unset)          0.410     0.410    output_bank/clk
    SLICE_X6Y2           FDRE                                         r  output_bank/read_address_reg[5]/C
  -------------------------------------------------------------------    -------------------
    SLICE_X6Y2           FDRE (Prop_fdre_C_Q)         0.164     0.574 r  output_bank/read_address_reg[5]/Q
                         net (fo=8, routed)           0.149     0.723    output_bank/read_address[5]
    SLICE_X6Y2           LUT3 (Prop_lut3_I2_O)        0.045     0.768 r  output_bank/read_address[5]_i_1/O
                         net (fo=1, routed)           0.000     0.768    output_bank/read_address[5]_i_1_n_0
    SLICE_X6Y2           FDRE                                         r  output_bank/read_address_reg[5]/D
  -------------------------------------------------------------------    -------------------

                         (clock source_100 rise edge)
                                                      0.000     0.000 r  
                                                      0.000     0.000 r  clk (IN)
                         net (fo=183, unset)          0.432     0.432    output_bank/clk
    SLICE_X6Y2           FDRE                                         r  output_bank/read_address_reg[5]/C
                         clock pessimism              0.000     0.432    
    SLICE_X6Y2           FDRE (Hold_fdre_C_D)         0.121     0.553    output_bank/read_address_reg[5]
  -------------------------------------------------------------------
                         required time                         -0.553    
                         arrival time                           0.768    
  -------------------------------------------------------------------
                         slack                                  0.216    

Slack (MET) :             0.225ns  (arrival time - required time)
  Source:                 output_bank/read_address_reg[1]/C
                            (rising edge-triggered cell FDRE clocked by source_100  {rise@0.000ns fall@5.000ns period=10.000ns})
  Destination:            output_bank/payload_memory_reg/ADDRARDADDR[6]
                            (rising edge-triggered cell RAMB18E1 clocked by source_100  {rise@0.000ns fall@5.000ns period=10.000ns})
  Path Group:             source_100
  Path Type:              Hold (Min at Fast Process Corner)
  Requirement:            0.000ns  (source_100 rise@0.000ns - source_100 rise@0.000ns)
  Data Path Delay:        0.377ns  (logic 0.148ns (39.271%)  route 0.229ns (60.729%))
  Logic Levels:           0  
  Clock Path Skew:        0.022ns (DCD - SCD - CPR)
    Destination Clock Delay (DCD):    0.432ns
    Source Clock Delay      (SCD):    0.410ns
    Clock Pessimism Removal (CPR):    -0.000ns

    Location             Delay type                Incr(ns)  Path(ns)    Netlist Resource(s)
  -------------------------------------------------------------------    -------------------
                         (clock source_100 rise edge)
                                                      0.000     0.000 r  
                                                      0.000     0.000 r  clk (IN)
                         net (fo=183, unset)          0.410     0.410    output_bank/clk
    SLICE_X6Y2           FDRE                                         r  output_bank/read_address_reg[1]/C
  -------------------------------------------------------------------    -------------------
    SLICE_X6Y2           FDRE (Prop_fdre_C_Q)         0.148     0.558 r  output_bank/read_address_reg[1]/Q
                         net (fo=7, routed)           0.229     0.787    output_bank/read_address[1]
    RAMB18_X0Y1          RAMB18E1                                     r  output_bank/payload_memory_reg/ADDRARDADDR[6]
  -------------------------------------------------------------------    -------------------

                         (clock source_100 rise edge)
                                                      0.000     0.000 r  
                                                      0.000     0.000 r  clk (IN)
                         net (fo=183, unset)          0.432     0.432    output_bank/clk
    RAMB18_X0Y1          RAMB18E1                                     r  output_bank/payload_memory_reg/CLKARDCLK
                         clock pessimism              0.000     0.432    
    RAMB18_X0Y1          RAMB18E1 (Hold_ramb18e1_CLKARDCLK_ADDRARDADDR[6])
                                                      0.130     0.562    output_bank/payload_memory_reg
  -------------------------------------------------------------------
                         required time                         -0.562    
                         arrival time                           0.787    
  -------------------------------------------------------------------
                         slack                                  0.225    

Slack (MET) :             0.229ns  (arrival time - required time)
  Source:                 output_bank/read_address_reg[6]/C
                            (rising edge-triggered cell FDRE clocked by source_100  {rise@0.000ns fall@5.000ns period=10.000ns})
  Destination:            output_bank/read_output_position_reg[6]/D
                            (rising edge-triggered cell FDRE clocked by source_100  {rise@0.000ns fall@5.000ns period=10.000ns})
  Path Group:             source_100
  Path Type:              Hold (Min at Fast Process Corner)
  Requirement:            0.000ns  (source_100 rise@0.000ns - source_100 rise@0.000ns)
  Data Path Delay:        0.303ns  (logic 0.164ns (54.076%)  route 0.139ns (45.924%))
  Logic Levels:           0  
  Clock Path Skew:        0.022ns (DCD - SCD - CPR)
    Destination Clock Delay (DCD):    0.432ns
    Source Clock Delay      (SCD):    0.410ns
    Clock Pessimism Removal (CPR):    -0.000ns

    Location             Delay type                Incr(ns)  Path(ns)    Netlist Resource(s)
  -------------------------------------------------------------------    -------------------
                         (clock source_100 rise edge)
                                                      0.000     0.000 r  
                                                      0.000     0.000 r  clk (IN)
                         net (fo=183, unset)          0.410     0.410    output_bank/clk
    SLICE_X6Y2           FDRE                                         r  output_bank/read_address_reg[6]/C
  -------------------------------------------------------------------    -------------------
    SLICE_X6Y2           FDRE (Prop_fdre_C_Q)         0.164     0.574 r  output_bank/read_address_reg[6]/Q
                         net (fo=7, routed)           0.139     0.713    output_bank/read_address[6]
    SLICE_X6Y0           FDRE                                         r  output_bank/read_output_position_reg[6]/D
  -------------------------------------------------------------------    -------------------

                         (clock source_100 rise edge)
                                                      0.000     0.000 r  
                                                      0.000     0.000 r  clk (IN)
                         net (fo=183, unset)          0.432     0.432    output_bank/clk
    SLICE_X6Y0           FDRE                                         r  output_bank/read_output_position_reg[6]/C
                         clock pessimism              0.000     0.432    
    SLICE_X6Y0           FDRE (Hold_fdre_C_D)         0.053     0.485    output_bank/read_output_position_reg[6]
  -------------------------------------------------------------------
                         required time                         -0.485    
                         arrival time                           0.713    
  -------------------------------------------------------------------
                         slack                                  0.229    

Slack (MET) :             0.233ns  (arrival time - required time)
  Source:                 source_bank/write_position_reg[1]/C
                            (rising edge-triggered cell FDRE clocked by source_100  {rise@0.000ns fall@5.000ns period=10.000ns})
  Destination:            source_bank/write_position_reg[3]/D
                            (rising edge-triggered cell FDRE clocked by source_100  {rise@0.000ns fall@5.000ns period=10.000ns})
  Path Group:             source_100
  Path Type:              Hold (Min at Fast Process Corner)
  Requirement:            0.000ns  (source_100 rise@0.000ns - source_100 rise@0.000ns)
  Data Path Delay:        0.361ns  (logic 0.192ns (53.134%)  route 0.169ns (46.866%))
  Logic Levels:           1  (LUT5=1)
  Clock Path Skew:        0.022ns (DCD - SCD - CPR)
    Destination Clock Delay (DCD):    0.432ns
    Source Clock Delay      (SCD):    0.410ns
    Clock Pessimism Removal (CPR):    -0.000ns

    Location             Delay type                Incr(ns)  Path(ns)    Netlist Resource(s)
  -------------------------------------------------------------------    -------------------
                         (clock source_100 rise edge)
                                                      0.000     0.000 r  
                                                      0.000     0.000 r  clk (IN)
                         net (fo=183, unset)          0.410     0.410    source_bank/clk
    SLICE_X5Y8           FDRE                                         r  source_bank/write_position_reg[1]/C
  -------------------------------------------------------------------    -------------------
    SLICE_X5Y8           FDRE (Prop_fdre_C_Q)         0.141     0.551 r  source_bank/write_position_reg[1]/Q
                         net (fo=8, routed)           0.169     0.720    source_bank/write_position[1]
    SLICE_X5Y8           LUT5 (Prop_lut5_I2_O)        0.051     0.771 r  source_bank/write_position[3]_i_1/O
                         net (fo=1, routed)           0.000     0.771    source_bank/write_position__0[3]
    SLICE_X5Y8           FDRE                                         r  source_bank/write_position_reg[3]/D
  -------------------------------------------------------------------    -------------------

                         (clock source_100 rise edge)
                                                      0.000     0.000 r  
                                                      0.000     0.000 r  clk (IN)
                         net (fo=183, unset)          0.432     0.432    source_bank/clk
    SLICE_X5Y8           FDRE                                         r  source_bank/write_position_reg[3]/C
                         clock pessimism              0.000     0.432    
    SLICE_X5Y8           FDRE (Hold_fdre_C_D)         0.107     0.539    source_bank/write_position_reg[3]
  -------------------------------------------------------------------
                         required time                         -0.539    
                         arrival time                           0.771    
  -------------------------------------------------------------------
                         slack                                  0.233    

Slack (MET) :             0.235ns  (arrival time - required time)
  Source:                 source_bank/write_position_reg[0]/C
                            (rising edge-triggered cell FDRE clocked by source_100  {rise@0.000ns fall@5.000ns period=10.000ns})
  Destination:            source_bank/write_position_reg[4]/D
                            (rising edge-triggered cell FDRE clocked by source_100  {rise@0.000ns fall@5.000ns period=10.000ns})
  Path Group:             source_100
  Path Type:              Hold (Min at Fast Process Corner)
  Requirement:            0.000ns  (source_100 rise@0.000ns - source_100 rise@0.000ns)
  Data Path Delay:        0.348ns  (logic 0.186ns (53.430%)  route 0.162ns (46.570%))
  Logic Levels:           1  (LUT6=1)
  Clock Path Skew:        0.022ns (DCD - SCD - CPR)
    Destination Clock Delay (DCD):    0.432ns
    Source Clock Delay      (SCD):    0.410ns
    Clock Pessimism Removal (CPR):    -0.000ns

    Location             Delay type                Incr(ns)  Path(ns)    Netlist Resource(s)
  -------------------------------------------------------------------    -------------------
                         (clock source_100 rise edge)
                                                      0.000     0.000 r  
                                                      0.000     0.000 r  clk (IN)
                         net (fo=183, unset)          0.410     0.410    source_bank/clk
    SLICE_X5Y9           FDRE                                         r  source_bank/write_position_reg[0]/C
  -------------------------------------------------------------------    -------------------
    SLICE_X5Y9           FDRE (Prop_fdre_C_Q)         0.141     0.551 r  source_bank/write_position_reg[0]/Q
                         net (fo=9, routed)           0.162     0.713    source_bank/write_position[0]
    SLICE_X5Y9           LUT6 (Prop_lut6_I4_O)        0.045     0.758 r  source_bank/write_position[4]_i_1/O
                         net (fo=1, routed)           0.000     0.758    source_bank/write_position__0[4]
    SLICE_X5Y9           FDRE                                         r  source_bank/write_position_reg[4]/D
  -------------------------------------------------------------------    -------------------

                         (clock source_100 rise edge)
                                                      0.000     0.000 r  
                                                      0.000     0.000 r  clk (IN)
                         net (fo=183, unset)          0.432     0.432    source_bank/clk
    SLICE_X5Y9           FDRE                                         r  source_bank/write_position_reg[4]/C
                         clock pessimism              0.000     0.432    
    SLICE_X5Y9           FDRE (Hold_fdre_C_D)         0.092     0.524    source_bank/write_position_reg[4]
  -------------------------------------------------------------------
                         required time                         -0.524    
                         arrival time                           0.758    
  -------------------------------------------------------------------
                         slack                                  0.235    

Slack (MET) :             0.241ns  (arrival time - required time)
  Source:                 output_bank/read_address_reg[2]/C
                            (rising edge-triggered cell FDRE clocked by source_100  {rise@0.000ns fall@5.000ns period=10.000ns})
  Destination:            output_bank/read_address_reg[3]/D
                            (rising edge-triggered cell FDRE clocked by source_100  {rise@0.000ns fall@5.000ns period=10.000ns})
  Path Group:             source_100
  Path Type:              Hold (Min at Fast Process Corner)
  Requirement:            0.000ns  (source_100 rise@0.000ns - source_100 rise@0.000ns)
  Data Path Delay:        0.393ns  (logic 0.207ns (52.617%)  route 0.186ns (47.383%))
  Logic Levels:           1  (LUT5=1)
  Clock Path Skew:        0.022ns (DCD - SCD - CPR)
    Destination Clock Delay (DCD):    0.432ns
    Source Clock Delay      (SCD):    0.410ns
    Clock Pessimism Removal (CPR):    -0.000ns

    Location             Delay type                Incr(ns)  Path(ns)    Netlist Resource(s)
  -------------------------------------------------------------------    -------------------
                         (clock source_100 rise edge)
                                                      0.000     0.000 r  
                                                      0.000     0.000 r  clk (IN)
                         net (fo=183, unset)          0.410     0.410    output_bank/clk
    SLICE_X6Y1           FDRE                                         r  output_bank/read_address_reg[2]/C
  -------------------------------------------------------------------    -------------------
    SLICE_X6Y1           FDRE (Prop_fdre_C_Q)         0.164     0.574 r  output_bank/read_address_reg[2]/Q
                         net (fo=6, routed)           0.186     0.761    output_bank/read_address[2]
    SLICE_X6Y1           LUT5 (Prop_lut5_I3_O)        0.043     0.804 r  output_bank/read_address[3]_i_1/O
                         net (fo=1, routed)           0.000     0.804    output_bank/read_address[3]_i_1_n_0
    SLICE_X6Y1           FDRE                                         r  output_bank/read_address_reg[3]/D
  -------------------------------------------------------------------    -------------------

                         (clock source_100 rise edge)
                                                      0.000     0.000 r  
                                                      0.000     0.000 r  clk (IN)
                         net (fo=183, unset)          0.432     0.432    output_bank/clk
    SLICE_X6Y1           FDRE                                         r  output_bank/read_address_reg[3]/C
                         clock pessimism              0.000     0.432    
    SLICE_X6Y1           FDRE (Hold_fdre_C_D)         0.131     0.563    output_bank/read_address_reg[3]
  -------------------------------------------------------------------
                         required time                         -0.563    
                         arrival time                           0.804    
  -------------------------------------------------------------------
                         slack                                  0.241    

Slack (MET) :             0.242ns  (arrival time - required time)
  Source:                 source_bank/write_position_reg[1]/C
                            (rising edge-triggered cell FDRE clocked by source_100  {rise@0.000ns fall@5.000ns period=10.000ns})
  Destination:            source_bank/write_position_reg[2]/D
                            (rising edge-triggered cell FDRE clocked by source_100  {rise@0.000ns fall@5.000ns period=10.000ns})
  Path Group:             source_100
  Path Type:              Hold (Min at Fast Process Corner)
  Requirement:            0.000ns  (source_100 rise@0.000ns - source_100 rise@0.000ns)
  Data Path Delay:        0.355ns  (logic 0.186ns (52.343%)  route 0.169ns (47.657%))
  Logic Levels:           1  (LUT4=1)
  Clock Path Skew:        0.022ns (DCD - SCD - CPR)
    Destination Clock Delay (DCD):    0.432ns
    Source Clock Delay      (SCD):    0.410ns
    Clock Pessimism Removal (CPR):    -0.000ns

    Location             Delay type                Incr(ns)  Path(ns)    Netlist Resource(s)
  -------------------------------------------------------------------    -------------------
                         (clock source_100 rise edge)
                                                      0.000     0.000 r  
                                                      0.000     0.000 r  clk (IN)
                         net (fo=183, unset)          0.410     0.410    source_bank/clk
    SLICE_X5Y8           FDRE                                         r  source_bank/write_position_reg[1]/C
  -------------------------------------------------------------------    -------------------
    SLICE_X5Y8           FDRE (Prop_fdre_C_Q)         0.141     0.551 r  source_bank/write_position_reg[1]/Q
                         net (fo=8, routed)           0.169     0.720    source_bank/write_position[1]
    SLICE_X5Y8           LUT4 (Prop_lut4_I1_O)        0.045     0.765 r  source_bank/write_position[2]_i_1/O
                         net (fo=1, routed)           0.000     0.765    source_bank/write_position__0[2]
    SLICE_X5Y8           FDRE                                         r  source_bank/write_position_reg[2]/D
  -------------------------------------------------------------------    -------------------

                         (clock source_100 rise edge)
                                                      0.000     0.000 r  
                                                      0.000     0.000 r  clk (IN)
                         net (fo=183, unset)          0.432     0.432    source_bank/clk
    SLICE_X5Y8           FDRE                                         r  source_bank/write_position_reg[2]/C
                         clock pessimism              0.000     0.432    
    SLICE_X5Y8           FDRE (Hold_fdre_C_D)         0.092     0.524    source_bank/write_position_reg[2]
  -------------------------------------------------------------------
                         required time                         -0.524    
                         arrival time                           0.765    
  -------------------------------------------------------------------
                         slack                                  0.242    

Slack (MET) :             0.242ns  (arrival time - required time)
  Source:                 output_bank/read_address_reg[0]/C
                            (rising edge-triggered cell FDRE clocked by source_100  {rise@0.000ns fall@5.000ns period=10.000ns})
  Destination:            output_bank/read_address_reg[1]/D
                            (rising edge-triggered cell FDRE clocked by source_100  {rise@0.000ns fall@5.000ns period=10.000ns})
  Path Group:             source_100
  Path Type:              Hold (Min at Fast Process Corner)
  Requirement:            0.000ns  (source_100 rise@0.000ns - source_100 rise@0.000ns)
  Data Path Delay:        0.394ns  (logic 0.207ns (52.488%)  route 0.187ns (47.512%))
  Logic Levels:           1  (LUT3=1)
  Clock Path Skew:        0.022ns (DCD - SCD - CPR)
    Destination Clock Delay (DCD):    0.432ns
    Source Clock Delay      (SCD):    0.410ns
    Clock Pessimism Removal (CPR):    -0.000ns

    Location             Delay type                Incr(ns)  Path(ns)    Netlist Resource(s)
  -------------------------------------------------------------------    -------------------
                         (clock source_100 rise edge)
                                                      0.000     0.000 r  
                                                      0.000     0.000 r  clk (IN)
                         net (fo=183, unset)          0.410     0.410    output_bank/clk
    SLICE_X6Y2           FDRE                                         r  output_bank/read_address_reg[0]/C
  -------------------------------------------------------------------    -------------------
    SLICE_X6Y2           FDRE (Prop_fdre_C_Q)         0.164     0.574 r  output_bank/read_address_reg[0]/Q
                         net (fo=8, routed)           0.187     0.762    output_bank/read_address[0]
    SLICE_X6Y2           LUT3 (Prop_lut3_I1_O)        0.043     0.805 r  output_bank/read_address[1]_i_1/O
                         net (fo=1, routed)           0.000     0.805    output_bank/read_address[1]_i_1_n_0
    SLICE_X6Y2           FDRE                                         r  output_bank/read_address_reg[1]/D
  -------------------------------------------------------------------    -------------------

                         (clock source_100 rise edge)
                                                      0.000     0.000 r  
                                                      0.000     0.000 r  clk (IN)
                         net (fo=183, unset)          0.432     0.432    output_bank/clk
    SLICE_X6Y2           FDRE                                         r  output_bank/read_address_reg[1]/C
                         clock pessimism              0.000     0.432    
    SLICE_X6Y2           FDRE (Hold_fdre_C_D)         0.131     0.563    output_bank/read_address_reg[1]
  -------------------------------------------------------------------
                         required time                         -0.563    
                         arrival time                           0.805    
  -------------------------------------------------------------------
                         slack                                  0.242    

Slack (MET) :             0.247ns  (arrival time - required time)
  Source:                 output_bank/read_address_reg[6]/C
                            (rising edge-triggered cell FDRE clocked by source_100  {rise@0.000ns fall@5.000ns period=10.000ns})
  Destination:            output_bank/read_address_reg[7]/D
                            (rising edge-triggered cell FDRE clocked by source_100  {rise@0.000ns fall@5.000ns period=10.000ns})
  Path Group:             source_100
  Path Type:              Hold (Min at Fast Process Corner)
  Requirement:            0.000ns  (source_100 rise@0.000ns - source_100 rise@0.000ns)
  Data Path Delay:        0.399ns  (logic 0.212ns (53.107%)  route 0.187ns (46.893%))
  Logic Levels:           1  (LUT5=1)
  Clock Path Skew:        0.022ns (DCD - SCD - CPR)
    Destination Clock Delay (DCD):    0.432ns
    Source Clock Delay      (SCD):    0.410ns
    Clock Pessimism Removal (CPR):    -0.000ns

    Location             Delay type                Incr(ns)  Path(ns)    Netlist Resource(s)
  -------------------------------------------------------------------    -------------------
                         (clock source_100 rise edge)
                                                      0.000     0.000 r  
                                                      0.000     0.000 r  clk (IN)
                         net (fo=183, unset)          0.410     0.410    output_bank/clk
    SLICE_X6Y2           FDRE                                         r  output_bank/read_address_reg[6]/C
  -------------------------------------------------------------------    -------------------
    SLICE_X6Y2           FDRE (Prop_fdre_C_Q)         0.164     0.574 r  output_bank/read_address_reg[6]/Q
                         net (fo=7, routed)           0.187     0.761    output_bank/read_address[6]
    SLICE_X6Y2           LUT5 (Prop_lut5_I3_O)        0.048     0.809 r  output_bank/read_address[7]_i_1/O
                         net (fo=1, routed)           0.000     0.809    output_bank/read_address[7]_i_1_n_0
    SLICE_X6Y2           FDRE                                         r  output_bank/read_address_reg[7]/D
  -------------------------------------------------------------------    -------------------

                         (clock source_100 rise edge)
                                                      0.000     0.000 r  
                                                      0.000     0.000 r  clk (IN)
                         net (fo=183, unset)          0.432     0.432    output_bank/clk
    SLICE_X6Y2           FDRE                                         r  output_bank/read_address_reg[7]/C
                         clock pessimism              0.000     0.432    
    SLICE_X6Y2           FDRE (Hold_fdre_C_D)         0.131     0.563    output_bank/read_address_reg[7]
  -------------------------------------------------------------------
                         required time                         -0.563    
                         arrival time                           0.809    
  -------------------------------------------------------------------
                         slack                                  0.247    

Slack (MET) :             0.253ns  (arrival time - required time)
  Source:                 output_bank/read_address_reg[2]/C
                            (rising edge-triggered cell FDRE clocked by source_100  {rise@0.000ns fall@5.000ns period=10.000ns})
  Destination:            output_bank/read_address_reg[4]/D
                            (rising edge-triggered cell FDRE clocked by source_100  {rise@0.000ns fall@5.000ns period=10.000ns})
  Path Group:             source_100
  Path Type:              Hold (Min at Fast Process Corner)
  Requirement:            0.000ns  (source_100 rise@0.000ns - source_100 rise@0.000ns)
  Data Path Delay:        0.395ns  (logic 0.209ns (52.857%)  route 0.186ns (47.143%))
  Logic Levels:           1  (LUT6=1)
  Clock Path Skew:        0.022ns (DCD - SCD - CPR)
    Destination Clock Delay (DCD):    0.432ns
    Source Clock Delay      (SCD):    0.410ns
    Clock Pessimism Removal (CPR):    -0.000ns

    Location             Delay type                Incr(ns)  Path(ns)    Netlist Resource(s)
  -------------------------------------------------------------------    -------------------
                         (clock source_100 rise edge)
                                                      0.000     0.000 r  
                                                      0.000     0.000 r  clk (IN)
                         net (fo=183, unset)          0.410     0.410    output_bank/clk
    SLICE_X6Y1           FDRE                                         r  output_bank/read_address_reg[2]/C
  -------------------------------------------------------------------    -------------------
    SLICE_X6Y1           FDRE (Prop_fdre_C_Q)         0.164     0.574 r  output_bank/read_address_reg[2]/Q
                         net (fo=6, routed)           0.186     0.761    output_bank/read_address[2]
    SLICE_X6Y1           LUT6 (Prop_lut6_I1_O)        0.045     0.806 r  output_bank/read_address[4]_i_1/O
                         net (fo=1, routed)           0.000     0.806    output_bank/read_address[4]_i_1_n_0
    SLICE_X6Y1           FDRE                                         r  output_bank/read_address_reg[4]/D
  -------------------------------------------------------------------    -------------------

                         (clock source_100 rise edge)
                                                      0.000     0.000 r  
                                                      0.000     0.000 r  clk (IN)
                         net (fo=183, unset)          0.432     0.432    output_bank/clk
    SLICE_X6Y1           FDRE                                         r  output_bank/read_address_reg[4]/C
                         clock pessimism              0.000     0.432    
    SLICE_X6Y1           FDRE (Hold_fdre_C_D)         0.121     0.553    output_bank/read_address_reg[4]
  -------------------------------------------------------------------
                         required time                         -0.553    
                         arrival time                           0.806    
  -------------------------------------------------------------------
                         slack                                  0.253    




