#-----------------------------------------------------------
# Vivado v2022.2 (64-bit)
# SW Build 3671981 on Fri Oct 14 04:59:54 MDT 2022
# IP Build 3669848 on Fri Oct 14 08:30:02 MDT 2022
# Start of session at: Thu Sep 10 07:09:10 2026
# Process ID: 3556096
# Current directory: /home/mouse9911
# Command line: vivado -mode tcl -log /tmp/starlink-completed-input.5EaJuD/exact-control-named-witness-readonly-v1/wdb.log -journal /tmp/starlink-completed-input.5EaJuD/exact-control-named-witness-readonly-v1/wdb.jou
# Log file: /tmp/starlink-completed-input.5EaJuD/exact-control-named-witness-readonly-v1/wdb.log
# Journal file: /tmp/starlink-completed-input.5EaJuD/exact-control-named-witness-readonly-v1/wdb.jou
# Running On: gauss, OS: Linux, CPU Frequency: 5400.000 MHz, CPU Physical cores: 24, Host memory: 132067 MB
#-----------------------------------------------------------
set_param general.maxThreads 2
2
open_wave_database /tmp/starlink-completed-input.5EaJuD/exact-control-diagnostic-actual-v1/project/exact_control_actual.sim/sim_1/behav/xsim/tb_starlink_pss_fft_bank_owned_slice_behav.wdb
simulation_1
foreach obj [get_objects -r -filter {NAME =~ *status* || NAME =~ *shadow_valid* || NAME =~ *forward_old_valid* || NAME =~ *faults_now* || NAME =~ *final_qualified*} /*] { puts "NAMED_WDB $obj=[get_value_database -time 1198594347644fs -radix hex $obj]" }
NAMED_WDB /\tb_starlink_pss_fft_bank_owned_slice(FAST_MHZ=175,EXACT_EXTRA_EPOCHS=1) /dut/result_guard/core_status_tdata=<Blank>
NAMED_WDB /\tb_starlink_pss_fft_bank_owned_slice(FAST_MHZ=175,EXACT_EXTRA_EPOCHS=1) /dut/result_guard/core_status_tvalid=<Blank>
NAMED_WDB /\tb_starlink_pss_fft_bank_owned_slice(FAST_MHZ=175,EXACT_EXTRA_EPOCHS=1) /dut/result_guard/status_seen=<Blank>
NAMED_WDB /\tb_starlink_pss_fft_bank_owned_slice(FAST_MHZ=175,EXACT_EXTRA_EPOCHS=1) /dut/result_guard/status_exponent=<Blank>
NAMED_WDB /\tb_starlink_pss_fft_bank_owned_slice(FAST_MHZ=175,EXACT_EXTRA_EPOCHS=1) /dut/result_guard/status_error=<Blank>
NAMED_WDB /\tb_starlink_pss_fft_bank_owned_slice(FAST_MHZ=175,EXACT_EXTRA_EPOCHS=1) /dut/result_guard/faults_now=<Blank>
NAMED_WDB /\tb_starlink_pss_fft_bank_owned_slice(FAST_MHZ=175,EXACT_EXTRA_EPOCHS=1) /dut/result_guard/final_qualified=<Blank>
NAMED_WDB /\tb_starlink_pss_fft_bank_owned_slice(FAST_MHZ=175,EXACT_EXTRA_EPOCHS=1) /dut/shared_xfft/m_axis_status_tdata=<Blank>
NAMED_WDB /\tb_starlink_pss_fft_bank_owned_slice(FAST_MHZ=175,EXACT_EXTRA_EPOCHS=1) /dut/shared_xfft/m_axis_status_tvalid=<Blank>
NAMED_WDB /\tb_starlink_pss_fft_bank_owned_slice(FAST_MHZ=175,EXACT_EXTRA_EPOCHS=1) /dut/core_status_data=<Blank>
NAMED_WDB /\tb_starlink_pss_fft_bank_owned_slice(FAST_MHZ=175,EXACT_EXTRA_EPOCHS=1) /dut/core_status_valid=<Blank>
NAMED_WDB /\tb_starlink_pss_fft_bank_owned_slice(FAST_MHZ=175,EXACT_EXTRA_EPOCHS=1) /exact_reference/dut/result_guard/core_status_tdata=<Blank>
NAMED_WDB /\tb_starlink_pss_fft_bank_owned_slice(FAST_MHZ=175,EXACT_EXTRA_EPOCHS=1) /exact_reference/dut/result_guard/core_status_tvalid=<Blank>
NAMED_WDB /\tb_starlink_pss_fft_bank_owned_slice(FAST_MHZ=175,EXACT_EXTRA_EPOCHS=1) /exact_reference/dut/result_guard/status_seen=<Blank>
NAMED_WDB /\tb_starlink_pss_fft_bank_owned_slice(FAST_MHZ=175,EXACT_EXTRA_EPOCHS=1) /exact_reference/dut/result_guard/status_exponent=<Blank>
NAMED_WDB /\tb_starlink_pss_fft_bank_owned_slice(FAST_MHZ=175,EXACT_EXTRA_EPOCHS=1) /exact_reference/dut/result_guard/status_error=<Blank>
NAMED_WDB /\tb_starlink_pss_fft_bank_owned_slice(FAST_MHZ=175,EXACT_EXTRA_EPOCHS=1) /exact_reference/dut/result_guard/faults_now=<Blank>
NAMED_WDB /\tb_starlink_pss_fft_bank_owned_slice(FAST_MHZ=175,EXACT_EXTRA_EPOCHS=1) /exact_reference/dut/result_guard/final_qualified=<Blank>
NAMED_WDB /\tb_starlink_pss_fft_bank_owned_slice(FAST_MHZ=175,EXACT_EXTRA_EPOCHS=1) /exact_reference/dut/shared_xfft/m_axis_status_tdata=<Blank>
NAMED_WDB /\tb_starlink_pss_fft_bank_owned_slice(FAST_MHZ=175,EXACT_EXTRA_EPOCHS=1) /exact_reference/dut/shared_xfft/m_axis_status_tvalid=<Blank>
NAMED_WDB /\tb_starlink_pss_fft_bank_owned_slice(FAST_MHZ=175,EXACT_EXTRA_EPOCHS=1) /exact_reference/dut/core_status_data=<Blank>
NAMED_WDB /\tb_starlink_pss_fft_bank_owned_slice(FAST_MHZ=175,EXACT_EXTRA_EPOCHS=1) /exact_reference/dut/core_status_valid=<Blank>
NAMED_WDB /\tb_starlink_pss_fft_bank_owned_slice(FAST_MHZ=175,EXACT_EXTRA_EPOCHS=1) /exact_reference/forward_shadow/old_guard/core_status_tdata=<Blank>
NAMED_WDB /\tb_starlink_pss_fft_bank_owned_slice(FAST_MHZ=175,EXACT_EXTRA_EPOCHS=1) /exact_reference/forward_shadow/old_guard/core_status_tvalid=<Blank>
NAMED_WDB /\tb_starlink_pss_fft_bank_owned_slice(FAST_MHZ=175,EXACT_EXTRA_EPOCHS=1) /exact_reference/forward_shadow/old_guard/status_seen=<Blank>
NAMED_WDB /\tb_starlink_pss_fft_bank_owned_slice(FAST_MHZ=175,EXACT_EXTRA_EPOCHS=1) /exact_reference/forward_shadow/old_guard/status_exponent=<Blank>
NAMED_WDB /\tb_starlink_pss_fft_bank_owned_slice(FAST_MHZ=175,EXACT_EXTRA_EPOCHS=1) /exact_reference/forward_shadow/old_guard/status_error=<Blank>
NAMED_WDB /\tb_starlink_pss_fft_bank_owned_slice(FAST_MHZ=175,EXACT_EXTRA_EPOCHS=1) /exact_reference/forward_shadow/old_guard/faults_now=<Blank>
NAMED_WDB /\tb_starlink_pss_fft_bank_owned_slice(FAST_MHZ=175,EXACT_EXTRA_EPOCHS=1) /exact_reference/forward_shadow/old_guard/final_qualified=<Blank>
NAMED_WDB /\tb_starlink_pss_fft_bank_owned_slice(FAST_MHZ=175,EXACT_EXTRA_EPOCHS=1) /exact_reference/forward_shadow/core_status_tdata=<Blank>
NAMED_WDB /\tb_starlink_pss_fft_bank_owned_slice(FAST_MHZ=175,EXACT_EXTRA_EPOCHS=1) /exact_reference/forward_shadow/core_status_tvalid=<Blank>
NAMED_WDB /\tb_starlink_pss_fft_bank_owned_slice(FAST_MHZ=175,EXACT_EXTRA_EPOCHS=1) /exact_reference/shadow/core_status_tdata=<Blank>
NAMED_WDB /\tb_starlink_pss_fft_bank_owned_slice(FAST_MHZ=175,EXACT_EXTRA_EPOCHS=1) /exact_reference/shadow/core_status_tvalid=<Blank>
NAMED_WDB /\tb_starlink_pss_fft_bank_owned_slice(FAST_MHZ=175,EXACT_EXTRA_EPOCHS=1) /exact_reference/shadow/status_seen=<Blank>
NAMED_WDB /\tb_starlink_pss_fft_bank_owned_slice(FAST_MHZ=175,EXACT_EXTRA_EPOCHS=1) /exact_reference/shadow/status_exponent=<Blank>
NAMED_WDB /\tb_starlink_pss_fft_bank_owned_slice(FAST_MHZ=175,EXACT_EXTRA_EPOCHS=1) /exact_reference/shadow/status_error=<Blank>
NAMED_WDB /\tb_starlink_pss_fft_bank_owned_slice(FAST_MHZ=175,EXACT_EXTRA_EPOCHS=1) /exact_reference/shadow/faults_now=<Blank>
NAMED_WDB /\tb_starlink_pss_fft_bank_owned_slice(FAST_MHZ=175,EXACT_EXTRA_EPOCHS=1) /exact_reference/shadow/final_qualified=<Blank>
NAMED_WDB /\tb_starlink_pss_fft_bank_owned_slice(FAST_MHZ=175,EXACT_EXTRA_EPOCHS=1) /exact_reference/forward_old_valid=<Blank>
NAMED_WDB /\tb_starlink_pss_fft_bank_owned_slice(FAST_MHZ=175,EXACT_EXTRA_EPOCHS=1) /exact_reference/shadow_valid=<Blank>
NAMED_WDB /\tb_starlink_pss_fft_bank_owned_slice(FAST_MHZ=175,EXACT_EXTRA_EPOCHS=1) /exact_reference/statuses=<Blank>
NAMED_WDB /\tb_starlink_pss_fft_bank_owned_slice(FAST_MHZ=175,EXACT_EXTRA_EPOCHS=1) /exact_reference/injected_status=<Blank>
NAMED_WDB /\tb_starlink_pss_fft_bank_owned_slice(FAST_MHZ=175,EXACT_EXTRA_EPOCHS=1) /forward_shadow/old_guard/core_status_tdata=<Blank>
NAMED_WDB /\tb_starlink_pss_fft_bank_owned_slice(FAST_MHZ=175,EXACT_EXTRA_EPOCHS=1) /forward_shadow/old_guard/core_status_tvalid=<Blank>
NAMED_WDB /\tb_starlink_pss_fft_bank_owned_slice(FAST_MHZ=175,EXACT_EXTRA_EPOCHS=1) /forward_shadow/old_guard/status_seen=<Blank>
NAMED_WDB /\tb_starlink_pss_fft_bank_owned_slice(FAST_MHZ=175,EXACT_EXTRA_EPOCHS=1) /forward_shadow/old_guard/status_exponent=<Blank>
NAMED_WDB /\tb_starlink_pss_fft_bank_owned_slice(FAST_MHZ=175,EXACT_EXTRA_EPOCHS=1) /forward_shadow/old_guard/status_error=<Blank>
NAMED_WDB /\tb_starlink_pss_fft_bank_owned_slice(FAST_MHZ=175,EXACT_EXTRA_EPOCHS=1) /forward_shadow/old_guard/faults_now=<Blank>
NAMED_WDB /\tb_starlink_pss_fft_bank_owned_slice(FAST_MHZ=175,EXACT_EXTRA_EPOCHS=1) /forward_shadow/old_guard/final_qualified=<Blank>
NAMED_WDB /\tb_starlink_pss_fft_bank_owned_slice(FAST_MHZ=175,EXACT_EXTRA_EPOCHS=1) /forward_shadow/core_status_tdata=<Blank>
NAMED_WDB /\tb_starlink_pss_fft_bank_owned_slice(FAST_MHZ=175,EXACT_EXTRA_EPOCHS=1) /forward_shadow/core_status_tvalid=<Blank>
NAMED_WDB /\tb_starlink_pss_fft_bank_owned_slice(FAST_MHZ=175,EXACT_EXTRA_EPOCHS=1) /shadow/core_status_tdata=<Blank>
NAMED_WDB /\tb_starlink_pss_fft_bank_owned_slice(FAST_MHZ=175,EXACT_EXTRA_EPOCHS=1) /shadow/core_status_tvalid=<Blank>
NAMED_WDB /\tb_starlink_pss_fft_bank_owned_slice(FAST_MHZ=175,EXACT_EXTRA_EPOCHS=1) /shadow/status_seen=<Blank>
NAMED_WDB /\tb_starlink_pss_fft_bank_owned_slice(FAST_MHZ=175,EXACT_EXTRA_EPOCHS=1) /shadow/status_exponent=<Blank>
NAMED_WDB /\tb_starlink_pss_fft_bank_owned_slice(FAST_MHZ=175,EXACT_EXTRA_EPOCHS=1) /shadow/status_error=<Blank>
NAMED_WDB /\tb_starlink_pss_fft_bank_owned_slice(FAST_MHZ=175,EXACT_EXTRA_EPOCHS=1) /shadow/faults_now=<Blank>
NAMED_WDB /\tb_starlink_pss_fft_bank_owned_slice(FAST_MHZ=175,EXACT_EXTRA_EPOCHS=1) /shadow/final_qualified=<Blank>
NAMED_WDB /\tb_starlink_pss_fft_bank_owned_slice(FAST_MHZ=175,EXACT_EXTRA_EPOCHS=1) /forward_old_valid=1
NAMED_WDB /\tb_starlink_pss_fft_bank_owned_slice(FAST_MHZ=175,EXACT_EXTRA_EPOCHS=1) /shadow_valid=1
NAMED_WDB /\tb_starlink_pss_fft_bank_owned_slice(FAST_MHZ=175,EXACT_EXTRA_EPOCHS=1) /statuses=00000001
NAMED_WDB /\tb_starlink_pss_fft_bank_owned_slice(FAST_MHZ=175,EXACT_EXTRA_EPOCHS=1) /injected_status=05
foreach name {forward_old_valid shadow_valid forward_old_private shadow_private_valid forward_current forward_sticky input_shadow_checks exact_checks exact_active_checks exact_consumed statuses old_core_valid old_input_fault} { foreach obj [get_objects -r -filter "NAME =~ */$name" /*] {set val [get_value_database -time 1198594347644fs -radix unsigned $obj]; if {$val ne "<Blank>"} {puts "KNOWN_WDB $obj=$val"}} }
KNOWN_WDB /\tb_starlink_pss_fft_bank_owned_slice(FAST_MHZ=175,EXACT_EXTRA_EPOCHS=1) /forward_old_valid=1
KNOWN_WDB /\tb_starlink_pss_fft_bank_owned_slice(FAST_MHZ=175,EXACT_EXTRA_EPOCHS=1) /shadow_valid=1
KNOWN_WDB /\tb_starlink_pss_fft_bank_owned_slice(FAST_MHZ=175,EXACT_EXTRA_EPOCHS=1) /forward_old_private=1
WARNING: [Simtcl 6-168] No object found for the given pattern.
KNOWN_WDB /\tb_starlink_pss_fft_bank_owned_slice(FAST_MHZ=175,EXACT_EXTRA_EPOCHS=1) /forward_current=0
KNOWN_WDB /\tb_starlink_pss_fft_bank_owned_slice(FAST_MHZ=175,EXACT_EXTRA_EPOCHS=1) /forward_sticky=0
KNOWN_WDB /\tb_starlink_pss_fft_bank_owned_slice(FAST_MHZ=175,EXACT_EXTRA_EPOCHS=1) /input_shadow_checks=419014
KNOWN_WDB /\tb_starlink_pss_fft_bank_owned_slice(FAST_MHZ=175,EXACT_EXTRA_EPOCHS=1) /exact_checks=419508
KNOWN_WDB /\tb_starlink_pss_fft_bank_owned_slice(FAST_MHZ=175,EXACT_EXTRA_EPOCHS=1) /exact_active_checks=318945
KNOWN_WDB /\tb_starlink_pss_fft_bank_owned_slice(FAST_MHZ=175,EXACT_EXTRA_EPOCHS=1) /exact_consumed=36
KNOWN_WDB /\tb_starlink_pss_fft_bank_owned_slice(FAST_MHZ=175,EXACT_EXTRA_EPOCHS=1) /statuses=1
KNOWN_WDB /\tb_starlink_pss_fft_bank_owned_slice(FAST_MHZ=175,EXACT_EXTRA_EPOCHS=1) /old_core_valid=0
KNOWN_WDB /\tb_starlink_pss_fft_bank_owned_slice(FAST_MHZ=175,EXACT_EXTRA_EPOCHS=1) /old_input_fault=0
help report_drivers
report_drivers

Description: 
Print drivers along with current driving values for an HDL wire or signal object

Syntax: 
report_drivers  [-quiet] [-verbose] <hdl_object>

Usage: 
  Name          Description
  -------------------------
  [-quiet]      Ignore command errors
  [-verbose]    Suspend message limits during command execution
  <hdl_object>  Which hdl_object to report

Categories: 
Simulation

Description:

  The report_drivers command prints the name and value of the driving signal,
  as well as the current value of a signal type HDL object.

  Use this command to determine what signal or process is driving the value
  on a specific HDL signal, or net object. A driver of a signal is the
  statement in the HDL source file that is performing assignment to the
  signal.

  The output format of report_drivers is as follows:

    Drivers for <hdl_object> 
      <Value of HDL Object>: Net <Hierarchical name of the probed signal>   
        [ Declared Net : <The declared signal to which the probed signal is connected>]  
        <Value of Driver> : Driver <Hierarchical name of the HDL process containing    
    the driver> at <file_name>:<line number> 
    

  Note: The Declared Net is returned when the probed signal name is different
  from the hierarchical name of the actual declared signal due to the current
  scope of the simulation. Each bit of the declared net is printed for the
  probed signal.

  The values of signals returned by the report_drivers command depend on the
  state of the simulation. In the following example, the report is run before
  and after simulation:

    current_scope /testbench/dut  
    report_drivers leds_n[3:0]  
    Drivers for /testbench/dut/LEDS_n[3:0]  
      0 : Net /testbench/dut/LEDS_n[0]  
        Declared Net : /testbench/leds_n[3]  
        0 : Driver /testbench/dut/line__187 at C:/Data/sources/sinegen_demo.vhd:187  
        0 : Driver /testbench/dut/line__186 at C:/Data/sources/sinegen_demo.vhd:186  
        0 : Driver /testbench/dut/line__185 at C:/Data/sources/sinegen_demo.vhd:185  
        0 : Driver /testbench/dut/line__184 at C:/Data/sources/sinegen_demo.vhd:184  
      0 : Net /testbench/dut/LEDS_n[1]  
        Declared Net : /testbench/leds_n[2]  
        0 : Driver /testbench/dut/line__187 at C:/Data/sources/sinegen_demo.vhd:187  
        0 : Driver /testbench/dut/line__186 at C:/Data/sources/sinegen_demo.vhd:186  
        0 : Driver /testbench/dut/line__185 at C:/Data/sources/sinegen_demo.vhd:185  
        0 : Driver /testbench/dut/line__184 at C:/Data/sources/sinegen_demo.vhd:184  
      0 : Net /testbench/dut/LEDS_n[2]  
        Declared Net : /testbench/leds_n[1]  
        0 : Driver /testbench/dut/line__187 at C:/Data/sources/sinegen_demo.vhd:187  
        1 : Driver /testbench/dut/line__186 at C:/Data/sources/sinegen_demo.vhd:186  
        1 : Driver /testbench/dut/line__185 at C:/Data/sources/sinegen_demo.vhd:185  
        1 : Driver /testbench/dut/line__184 at C:/Data/sources/sinegen_demo.vhd:184  
      X : Net /testbench/dut/LEDS_n[3]  
        Declared Net : /testbench/leds_n[0]  
        0 : Driver /testbench/dut/line__187 at C:/Data/sources/sinegen_demo.vhd:187  
        0 : Driver /testbench/dut/line__186 at C:/Data/sources/sinegen_demo.vhd:186  
        0 : Driver /testbench/dut/line__185 at C:/Data/sources/sinegen_demo.vhd:185  
        0 : Driver /testbench/dut/line__184 at C:/Data/sources/sinegen_demo.vhd:184  
    run all  
    report_drivers leds_n[3:0]  
    Drivers for /testbench/dut/LEDS_n[3:0]  
      0 : Net /testbench/dut/LEDS_n[0]  
        Declared Net : /testbench/leds_n[3]  
        0 : Driver /testbench/dut/line__187 at C:/Data/sources/sinegen_demo.vhd:187  
        0 : Driver /testbench/dut/line__186 at C:/Data/sources/sinegen_demo.vhd:186  
        0 : Driver /testbench/dut/line__185 at C:/Data/sources/sinegen_demo.vhd:185  
        0 : Driver /testbench/dut/line__184 at C:/Data/sources/sinegen_demo.vhd:184  
      1 : Net /testbench/dut/LEDS_n[1]  
        Declared Net : /testbench/leds_n[2]  
        0 : Driver /testbench/dut/line__187 at C:/Data/sources/sinegen_demo.vhd:187  
        0 : Driver /testbench/dut/line__186 at C:/Data/sources/sinegen_demo.vhd:186  
        0 : Driver /testbench/dut/line__185 at C:/Data/sources/sinegen_demo.vhd:185  
        0 : Driver /testbench/dut/line__184 at C:/Data/sources/sinegen_demo.vhd:184  
      0 : Net /testbench/dut/LEDS_n[2]  
        Declared Net : /testbench/leds_n[1]  
        1 : Driver /testbench/dut/line__187 at C:/Data/sources/sinegen_demo.vhd:187  
        1 : Driver /testbench/dut/line__186 at C:/Data/sources/sinegen_demo.vhd:186  
        1 : Driver /testbench/dut/line__185 at C:/Data/sources/sinegen_demo.vhd:185  
        1 : Driver /testbench/dut/line__184 at C:/Data/sources/sinegen_demo.vhd:184  
      0 : Net /testbench/dut/LEDS_n[3]  
        Declared Net : /testbench/leds_n[0]  
        0 : Driver /testbench/dut/line__187 at C:/Data/sources/sinegen_demo.vhd:187  
        0 : Driver /testbench/dut/line__186 at C:/Data/sources/sinegen_demo.vhd:186  
        1 : Driver /testbench/dut/line__185 at C:/Data/sources/sinegen_demo.vhd:185  
        0 : Driver /testbench/dut/line__184 at C:/Data/sources/sinegen_demo.vhd:184  
     
    

  Note: Notice the declared net is reported, because the current scope of the
  simulation is set to a different level than the top-level of the test
  bench.

  This command returns a report of the drivers on the specified objects, or
  returns an error if it fails.

Arguments:

  -quiet - (Optional) Execute the command quietly, returning no messages from
  the command. The command also returns TCL_OK regardless of any errors
  encountered during execution.

  Note: Any errors encountered on the command-line, while launching the
  command, will be returned. Only errors occurring inside the command will be
  trapped.

  -verbose - (Optional) Temporarily override any message limits and return
  all messages from this command.

  Note: Message limits can be defined with the set_msg_config command.

  <hdl_objects> - Report the drivers of the specified VHDL signals or Verilog
  wires. The HDL objects can be specified by name, or returned by the
  get_objects command.

Examples:

  The following example reports the drivers for the HDL objects returned by
  the get_objects command:

    report_drivers [get_objects leds_n] 
    

See Also:

   *  current_scope
   *  get_objects
help get_drivers
ERROR: [Common 17-25] No topics matched 'get_drivers'
set cs [lindex [get_objects -r -filter {NAME =~ */dut/core_status_data} /*] 0]
/\tb_starlink_pss_fft_bank_owned_slice(FAST_MHZ=175,EXACT_EXTRA_EPOCHS=1) /dut/core_status_data
puts "DRIVER_OBJECT=$cs"
DRIVER_OBJECT=/\tb_starlink_pss_fft_bank_owned_slice(FAST_MHZ=175,EXACT_EXTRA_EPOCHS=1) /dut/core_status_data
report_drivers $cs
ERROR: [Simulator 45-12] This command cannot operate on a simulation which has already exited.  To use this command you must first create a live simulation by launching Vivado Simulator.
foreach pat {*forward_old_valid *forward_old_private *shadow_valid *injected_status *statuses *dut/core_status_valid *dut/shared_xfft/m_axis_status_tvalid} {foreach obj [get_objects -r -filter "NAME =~ $pat" /*] {puts "FAIL_SAMPLE $obj=[get_value_database -time 1198594347644fs -radix bin $obj]"}}
FAIL_SAMPLE /\tb_starlink_pss_fft_bank_owned_slice(FAST_MHZ=175,EXACT_EXTRA_EPOCHS=1) /exact_reference/forward_old_valid=<Blank>
FAIL_SAMPLE /\tb_starlink_pss_fft_bank_owned_slice(FAST_MHZ=175,EXACT_EXTRA_EPOCHS=1) /forward_old_valid=1
FAIL_SAMPLE /\tb_starlink_pss_fft_bank_owned_slice(FAST_MHZ=175,EXACT_EXTRA_EPOCHS=1) /exact_reference/forward_old_private=<Blank>
FAIL_SAMPLE /\tb_starlink_pss_fft_bank_owned_slice(FAST_MHZ=175,EXACT_EXTRA_EPOCHS=1) /forward_old_private=1
FAIL_SAMPLE /\tb_starlink_pss_fft_bank_owned_slice(FAST_MHZ=175,EXACT_EXTRA_EPOCHS=1) /exact_reference/shadow_valid=<Blank>
FAIL_SAMPLE /\tb_starlink_pss_fft_bank_owned_slice(FAST_MHZ=175,EXACT_EXTRA_EPOCHS=1) /shadow_valid=1
FAIL_SAMPLE /\tb_starlink_pss_fft_bank_owned_slice(FAST_MHZ=175,EXACT_EXTRA_EPOCHS=1) /exact_reference/injected_status=<Blank>
FAIL_SAMPLE /\tb_starlink_pss_fft_bank_owned_slice(FAST_MHZ=175,EXACT_EXTRA_EPOCHS=1) /injected_status=00000101
FAIL_SAMPLE /\tb_starlink_pss_fft_bank_owned_slice(FAST_MHZ=175,EXACT_EXTRA_EPOCHS=1) /exact_reference/statuses=<Blank>
FAIL_SAMPLE /\tb_starlink_pss_fft_bank_owned_slice(FAST_MHZ=175,EXACT_EXTRA_EPOCHS=1) /statuses=00000000000000000000000000000001
FAIL_SAMPLE /\tb_starlink_pss_fft_bank_owned_slice(FAST_MHZ=175,EXACT_EXTRA_EPOCHS=1) /dut/core_status_valid=<Blank>
FAIL_SAMPLE /\tb_starlink_pss_fft_bank_owned_slice(FAST_MHZ=175,EXACT_EXTRA_EPOCHS=1) /exact_reference/dut/core_status_valid=<Blank>
FAIL_SAMPLE /\tb_starlink_pss_fft_bank_owned_slice(FAST_MHZ=175,EXACT_EXTRA_EPOCHS=1) /dut/shared_xfft/m_axis_status_tvalid=<Blank>
FAIL_SAMPLE /\tb_starlink_pss_fft_bank_owned_slice(FAST_MHZ=175,EXACT_EXTRA_EPOCHS=1) /exact_reference/dut/shared_xfft/m_axis_status_tvalid=<Blank>
foreach pat {*forward_old_valid *forward_old_private *shadow_valid *statuses *injected_status *old_core_valid *old_input_fault *exact_checks *exact_active_checks *exact_consumed} {foreach obj [get_objects -r -filter "NAME =~ $pat" /*] {foreach tm {1198591490501fs 1198594345644fs 1198594347644fs} {puts "EDGE_SAMPLE time=$tm $obj=[get_value_database -time $tm -radix hex $obj]"}}}
EDGE_SAMPLE time=1198591490501fs /\tb_starlink_pss_fft_bank_owned_slice(FAST_MHZ=175,EXACT_EXTRA_EPOCHS=1) /exact_reference/forward_old_valid=<Blank>
EDGE_SAMPLE time=1198594345644fs /\tb_starlink_pss_fft_bank_owned_slice(FAST_MHZ=175,EXACT_EXTRA_EPOCHS=1) /exact_reference/forward_old_valid=<Blank>
EDGE_SAMPLE time=1198594347644fs /\tb_starlink_pss_fft_bank_owned_slice(FAST_MHZ=175,EXACT_EXTRA_EPOCHS=1) /exact_reference/forward_old_valid=<Blank>
EDGE_SAMPLE time=1198591490501fs /\tb_starlink_pss_fft_bank_owned_slice(FAST_MHZ=175,EXACT_EXTRA_EPOCHS=1) /forward_old_valid=0
EDGE_SAMPLE time=1198594345644fs /\tb_starlink_pss_fft_bank_owned_slice(FAST_MHZ=175,EXACT_EXTRA_EPOCHS=1) /forward_old_valid=1
EDGE_SAMPLE time=1198594347644fs /\tb_starlink_pss_fft_bank_owned_slice(FAST_MHZ=175,EXACT_EXTRA_EPOCHS=1) /forward_old_valid=1
EDGE_SAMPLE time=1198591490501fs /\tb_starlink_pss_fft_bank_owned_slice(FAST_MHZ=175,EXACT_EXTRA_EPOCHS=1) /exact_reference/forward_old_private=<Blank>
EDGE_SAMPLE time=1198594345644fs /\tb_starlink_pss_fft_bank_owned_slice(FAST_MHZ=175,EXACT_EXTRA_EPOCHS=1) /exact_reference/forward_old_private=<Blank>
EDGE_SAMPLE time=1198594347644fs /\tb_starlink_pss_fft_bank_owned_slice(FAST_MHZ=175,EXACT_EXTRA_EPOCHS=1) /exact_reference/forward_old_private=<Blank>
EDGE_SAMPLE time=1198591490501fs /\tb_starlink_pss_fft_bank_owned_slice(FAST_MHZ=175,EXACT_EXTRA_EPOCHS=1) /forward_old_private=1
EDGE_SAMPLE time=1198594345644fs /\tb_starlink_pss_fft_bank_owned_slice(FAST_MHZ=175,EXACT_EXTRA_EPOCHS=1) /forward_old_private=1
EDGE_SAMPLE time=1198594347644fs /\tb_starlink_pss_fft_bank_owned_slice(FAST_MHZ=175,EXACT_EXTRA_EPOCHS=1) /forward_old_private=1
EDGE_SAMPLE time=1198591490501fs /\tb_starlink_pss_fft_bank_owned_slice(FAST_MHZ=175,EXACT_EXTRA_EPOCHS=1) /exact_reference/shadow_valid=<Blank>
EDGE_SAMPLE time=1198594345644fs /\tb_starlink_pss_fft_bank_owned_slice(FAST_MHZ=175,EXACT_EXTRA_EPOCHS=1) /exact_reference/shadow_valid=<Blank>
EDGE_SAMPLE time=1198594347644fs /\tb_starlink_pss_fft_bank_owned_slice(FAST_MHZ=175,EXACT_EXTRA_EPOCHS=1) /exact_reference/shadow_valid=<Blank>
EDGE_SAMPLE time=1198591490501fs /\tb_starlink_pss_fft_bank_owned_slice(FAST_MHZ=175,EXACT_EXTRA_EPOCHS=1) /shadow_valid=0
EDGE_SAMPLE time=1198594345644fs /\tb_starlink_pss_fft_bank_owned_slice(FAST_MHZ=175,EXACT_EXTRA_EPOCHS=1) /shadow_valid=1
EDGE_SAMPLE time=1198594347644fs /\tb_starlink_pss_fft_bank_owned_slice(FAST_MHZ=175,EXACT_EXTRA_EPOCHS=1) /shadow_valid=1
EDGE_SAMPLE time=1198591490501fs /\tb_starlink_pss_fft_bank_owned_slice(FAST_MHZ=175,EXACT_EXTRA_EPOCHS=1) /exact_reference/statuses=<Blank>
EDGE_SAMPLE time=1198594345644fs /\tb_starlink_pss_fft_bank_owned_slice(FAST_MHZ=175,EXACT_EXTRA_EPOCHS=1) /exact_reference/statuses=<Blank>
EDGE_SAMPLE time=1198594347644fs /\tb_starlink_pss_fft_bank_owned_slice(FAST_MHZ=175,EXACT_EXTRA_EPOCHS=1) /exact_reference/statuses=<Blank>
EDGE_SAMPLE time=1198591490501fs /\tb_starlink_pss_fft_bank_owned_slice(FAST_MHZ=175,EXACT_EXTRA_EPOCHS=1) /statuses=00000001
EDGE_SAMPLE time=1198594345644fs /\tb_starlink_pss_fft_bank_owned_slice(FAST_MHZ=175,EXACT_EXTRA_EPOCHS=1) /statuses=00000001
EDGE_SAMPLE time=1198594347644fs /\tb_starlink_pss_fft_bank_owned_slice(FAST_MHZ=175,EXACT_EXTRA_EPOCHS=1) /statuses=00000001
EDGE_SAMPLE time=1198591490501fs /\tb_starlink_pss_fft_bank_owned_slice(FAST_MHZ=175,EXACT_EXTRA_EPOCHS=1) /exact_reference/injected_status=<Blank>
EDGE_SAMPLE time=1198594345644fs /\tb_starlink_pss_fft_bank_owned_slice(FAST_MHZ=175,EXACT_EXTRA_EPOCHS=1) /exact_reference/injected_status=<Blank>
EDGE_SAMPLE time=1198594347644fs /\tb_starlink_pss_fft_bank_owned_slice(FAST_MHZ=175,EXACT_EXTRA_EPOCHS=1) /exact_reference/injected_status=<Blank>
EDGE_SAMPLE time=1198591490501fs /\tb_starlink_pss_fft_bank_owned_slice(FAST_MHZ=175,EXACT_EXTRA_EPOCHS=1) /injected_status=05
EDGE_SAMPLE time=1198594345644fs /\tb_starlink_pss_fft_bank_owned_slice(FAST_MHZ=175,EXACT_EXTRA_EPOCHS=1) /injected_status=05
EDGE_SAMPLE time=1198594347644fs /\tb_starlink_pss_fft_bank_owned_slice(FAST_MHZ=175,EXACT_EXTRA_EPOCHS=1) /injected_status=05
EDGE_SAMPLE time=1198591490501fs /\tb_starlink_pss_fft_bank_owned_slice(FAST_MHZ=175,EXACT_EXTRA_EPOCHS=1) /exact_reference/old_core_valid=<Blank>
EDGE_SAMPLE time=1198594345644fs /\tb_starlink_pss_fft_bank_owned_slice(FAST_MHZ=175,EXACT_EXTRA_EPOCHS=1) /exact_reference/old_core_valid=<Blank>
EDGE_SAMPLE time=1198594347644fs /\tb_starlink_pss_fft_bank_owned_slice(FAST_MHZ=175,EXACT_EXTRA_EPOCHS=1) /exact_reference/old_core_valid=<Blank>
EDGE_SAMPLE time=1198591490501fs /\tb_starlink_pss_fft_bank_owned_slice(FAST_MHZ=175,EXACT_EXTRA_EPOCHS=1) /old_core_valid=0
EDGE_SAMPLE time=1198594345644fs /\tb_starlink_pss_fft_bank_owned_slice(FAST_MHZ=175,EXACT_EXTRA_EPOCHS=1) /old_core_valid=0
EDGE_SAMPLE time=1198594347644fs /\tb_starlink_pss_fft_bank_owned_slice(FAST_MHZ=175,EXACT_EXTRA_EPOCHS=1) /old_core_valid=0
EDGE_SAMPLE time=1198591490501fs /\tb_starlink_pss_fft_bank_owned_slice(FAST_MHZ=175,EXACT_EXTRA_EPOCHS=1) /exact_reference/old_input_fault=<Blank>
EDGE_SAMPLE time=1198594345644fs /\tb_starlink_pss_fft_bank_owned_slice(FAST_MHZ=175,EXACT_EXTRA_EPOCHS=1) /exact_reference/old_input_fault=<Blank>
EDGE_SAMPLE time=1198594347644fs /\tb_starlink_pss_fft_bank_owned_slice(FAST_MHZ=175,EXACT_EXTRA_EPOCHS=1) /exact_reference/old_input_fault=<Blank>
EDGE_SAMPLE time=1198591490501fs /\tb_starlink_pss_fft_bank_owned_slice(FAST_MHZ=175,EXACT_EXTRA_EPOCHS=1) /old_input_fault=0
EDGE_SAMPLE time=1198594345644fs /\tb_starlink_pss_fft_bank_owned_slice(FAST_MHZ=175,EXACT_EXTRA_EPOCHS=1) /old_input_fault=0
EDGE_SAMPLE time=1198594347644fs /\tb_starlink_pss_fft_bank_owned_slice(FAST_MHZ=175,EXACT_EXTRA_EPOCHS=1) /old_input_fault=0
EDGE_SAMPLE time=1198591490501fs /\tb_starlink_pss_fft_bank_owned_slice(FAST_MHZ=175,EXACT_EXTRA_EPOCHS=1) /exact_checks=000666b4
EDGE_SAMPLE time=1198594345644fs /\tb_starlink_pss_fft_bank_owned_slice(FAST_MHZ=175,EXACT_EXTRA_EPOCHS=1) /exact_checks=000666b4
EDGE_SAMPLE time=1198594347644fs /\tb_starlink_pss_fft_bank_owned_slice(FAST_MHZ=175,EXACT_EXTRA_EPOCHS=1) /exact_checks=000666b4
EDGE_SAMPLE time=1198591490501fs /\tb_starlink_pss_fft_bank_owned_slice(FAST_MHZ=175,EXACT_EXTRA_EPOCHS=1) /exact_active_checks=0004dde1
EDGE_SAMPLE time=1198594345644fs /\tb_starlink_pss_fft_bank_owned_slice(FAST_MHZ=175,EXACT_EXTRA_EPOCHS=1) /exact_active_checks=0004dde1
EDGE_SAMPLE time=1198594347644fs /\tb_starlink_pss_fft_bank_owned_slice(FAST_MHZ=175,EXACT_EXTRA_EPOCHS=1) /exact_active_checks=0004dde1
EDGE_SAMPLE time=1198591490501fs /\tb_starlink_pss_fft_bank_owned_slice(FAST_MHZ=175,EXACT_EXTRA_EPOCHS=1) /exact_consumed=00000024
EDGE_SAMPLE time=1198594345644fs /\tb_starlink_pss_fft_bank_owned_slice(FAST_MHZ=175,EXACT_EXTRA_EPOCHS=1) /exact_consumed=00000024
EDGE_SAMPLE time=1198594347644fs /\tb_starlink_pss_fft_bank_owned_slice(FAST_MHZ=175,EXACT_EXTRA_EPOCHS=1) /exact_consumed=00000024
close_sim -force
INFO: [Simtcl 6-16] Simulation closed
exit
INFO: [Common 17-206] Exiting Vivado at Thu Sep 10 07:15:35 2026...
