Copyright 1986-2022 Xilinx, Inc. All Rights Reserved.
----------------------------------------------------------------------------------------------------------------------
| Tool Version : Vivado v.2022.2 (lin64) Build 3671981 Fri Oct 14 04:59:54 MDT 2022
| Date         : Thu Sep 10 03:08:06 2026
| Host         : gauss running 64-bit Ubuntu 26.04 LTS
| Command      : report_cdc -details -file /tmp/starlink-completed-input.5EaJuD/balanced-synth-v1/cdc_unqualified.rpt
| Design       : starlink_pss_fft_bank_owned_slice
| Device       : 7z010-clg400
| Speed File   : -1  PRODUCTION 1.12 2019-11-22
----------------------------------------------------------------------------------------------------------------------

CDC Report

ID      Severity  Count  Description
------  --------  -----  ----------------------------------------------
CDC-3   Info          6  1-bit synchronized with ASYNC_REG property
CDC-15  Warning     139  Clock enable controlled CDC structure detected

Source Clock: source_100
Destination Clock: island_175
CDC Type: No Common Primary Clock

Row  ID      Severity  Description                                     Depth  Exception  Source (From)                           Destination (To)
---  ------  --------  ----------------------------------------------  -----  ---------  --------------------------------------  ---------------------------------------
  1  CDC-3   Info      1-bit synchronized with ASYNC_REG property          2  None       output_bank/acknowledge_toggle_reg/C    output_bank/acknowledge_sync_reg[0]/D
  2  CDC-15  Warning   Clock enable controlled CDC structure detected      0  None       source_bank/metadata_in_hold_reg[5]/C   source_bank/metadata_out_hold_reg[5]/D
  3  CDC-15  Warning   Clock enable controlled CDC structure detected      0  None       source_bank/metadata_in_hold_reg[6]/C   source_bank/metadata_out_hold_reg[6]/D
  4  CDC-15  Warning   Clock enable controlled CDC structure detected      0  None       source_bank/metadata_in_hold_reg[7]/C   source_bank/metadata_out_hold_reg[7]/D
  5  CDC-15  Warning   Clock enable controlled CDC structure detected      0  None       source_bank/metadata_in_hold_reg[8]/C   source_bank/metadata_out_hold_reg[8]/D
  6  CDC-15  Warning   Clock enable controlled CDC structure detected      0  None       source_bank/metadata_in_hold_reg[9]/C   source_bank/metadata_out_hold_reg[9]/D
  7  CDC-15  Warning   Clock enable controlled CDC structure detected      0  None       source_bank/metadata_in_hold_reg[10]/C  source_bank/metadata_out_hold_reg[10]/D
  8  CDC-15  Warning   Clock enable controlled CDC structure detected      0  None       source_bank/metadata_in_hold_reg[11]/C  source_bank/metadata_out_hold_reg[11]/D
  9  CDC-15  Warning   Clock enable controlled CDC structure detected      0  None       source_bank/metadata_in_hold_reg[12]/C  source_bank/metadata_out_hold_reg[12]/D
 10  CDC-15  Warning   Clock enable controlled CDC structure detected      0  None       source_bank/metadata_in_hold_reg[13]/C  source_bank/metadata_out_hold_reg[13]/D
 11  CDC-15  Warning   Clock enable controlled CDC structure detected      0  None       source_bank/metadata_in_hold_reg[14]/C  source_bank/metadata_out_hold_reg[14]/D
 12  CDC-15  Warning   Clock enable controlled CDC structure detected      0  None       source_bank/metadata_in_hold_reg[15]/C  source_bank/metadata_out_hold_reg[15]/D
 13  CDC-15  Warning   Clock enable controlled CDC structure detected      0  None       source_bank/metadata_in_hold_reg[16]/C  source_bank/metadata_out_hold_reg[16]/D
 14  CDC-15  Warning   Clock enable controlled CDC structure detected      0  None       source_bank/metadata_in_hold_reg[17]/C  source_bank/metadata_out_hold_reg[17]/D
 15  CDC-15  Warning   Clock enable controlled CDC structure detected      0  None       source_bank/metadata_in_hold_reg[18]/C  source_bank/metadata_out_hold_reg[18]/D
 16  CDC-15  Warning   Clock enable controlled CDC structure detected      0  None       source_bank/metadata_in_hold_reg[19]/C  source_bank/metadata_out_hold_reg[19]/D
 17  CDC-15  Warning   Clock enable controlled CDC structure detected      0  None       source_bank/metadata_in_hold_reg[20]/C  source_bank/metadata_out_hold_reg[20]/D
 18  CDC-15  Warning   Clock enable controlled CDC structure detected      0  None       source_bank/metadata_in_hold_reg[21]/C  source_bank/metadata_out_hold_reg[21]/D
 19  CDC-15  Warning   Clock enable controlled CDC structure detected      0  None       source_bank/metadata_in_hold_reg[22]/C  source_bank/metadata_out_hold_reg[22]/D
 20  CDC-15  Warning   Clock enable controlled CDC structure detected      0  None       source_bank/metadata_in_hold_reg[23]/C  source_bank/metadata_out_hold_reg[23]/D
 21  CDC-15  Warning   Clock enable controlled CDC structure detected      0  None       source_bank/metadata_in_hold_reg[24]/C  source_bank/metadata_out_hold_reg[24]/D
 22  CDC-15  Warning   Clock enable controlled CDC structure detected      0  None       source_bank/metadata_in_hold_reg[25]/C  source_bank/metadata_out_hold_reg[25]/D
 23  CDC-15  Warning   Clock enable controlled CDC structure detected      0  None       source_bank/metadata_in_hold_reg[26]/C  source_bank/metadata_out_hold_reg[26]/D
 24  CDC-15  Warning   Clock enable controlled CDC structure detected      0  None       source_bank/metadata_in_hold_reg[27]/C  source_bank/metadata_out_hold_reg[27]/D
 25  CDC-15  Warning   Clock enable controlled CDC structure detected      0  None       source_bank/metadata_in_hold_reg[28]/C  source_bank/metadata_out_hold_reg[28]/D
 26  CDC-15  Warning   Clock enable controlled CDC structure detected      0  None       source_bank/metadata_in_hold_reg[29]/C  source_bank/metadata_out_hold_reg[29]/D
 27  CDC-15  Warning   Clock enable controlled CDC structure detected      0  None       source_bank/metadata_in_hold_reg[30]/C  source_bank/metadata_out_hold_reg[30]/D
 28  CDC-15  Warning   Clock enable controlled CDC structure detected      0  None       source_bank/metadata_in_hold_reg[31]/C  source_bank/metadata_out_hold_reg[31]/D
 29  CDC-15  Warning   Clock enable controlled CDC structure detected      0  None       source_bank/metadata_in_hold_reg[32]/C  source_bank/metadata_out_hold_reg[32]/D
 30  CDC-15  Warning   Clock enable controlled CDC structure detected      0  None       source_bank/metadata_in_hold_reg[33]/C  source_bank/metadata_out_hold_reg[33]/D
 31  CDC-15  Warning   Clock enable controlled CDC structure detected      0  None       source_bank/metadata_in_hold_reg[34]/C  source_bank/metadata_out_hold_reg[34]/D
 32  CDC-15  Warning   Clock enable controlled CDC structure detected      0  None       source_bank/metadata_in_hold_reg[35]/C  source_bank/metadata_out_hold_reg[35]/D
 33  CDC-15  Warning   Clock enable controlled CDC structure detected      0  None       source_bank/metadata_in_hold_reg[36]/C  source_bank/metadata_out_hold_reg[36]/D
 34  CDC-15  Warning   Clock enable controlled CDC structure detected      0  None       source_bank/metadata_in_hold_reg[37]/C  source_bank/metadata_out_hold_reg[37]/D
 35  CDC-15  Warning   Clock enable controlled CDC structure detected      0  None       source_bank/metadata_in_hold_reg[38]/C  source_bank/metadata_out_hold_reg[38]/D
 36  CDC-15  Warning   Clock enable controlled CDC structure detected      0  None       source_bank/metadata_in_hold_reg[39]/C  source_bank/metadata_out_hold_reg[39]/D
 37  CDC-15  Warning   Clock enable controlled CDC structure detected      0  None       source_bank/metadata_in_hold_reg[40]/C  source_bank/metadata_out_hold_reg[40]/D
 38  CDC-15  Warning   Clock enable controlled CDC structure detected      0  None       source_bank/metadata_in_hold_reg[41]/C  source_bank/metadata_out_hold_reg[41]/D
 39  CDC-15  Warning   Clock enable controlled CDC structure detected      0  None       source_bank/metadata_in_hold_reg[42]/C  source_bank/metadata_out_hold_reg[42]/D
 40  CDC-15  Warning   Clock enable controlled CDC structure detected      0  None       source_bank/metadata_in_hold_reg[43]/C  source_bank/metadata_out_hold_reg[43]/D
 41  CDC-15  Warning   Clock enable controlled CDC structure detected      0  None       source_bank/metadata_in_hold_reg[44]/C  source_bank/metadata_out_hold_reg[44]/D
 42  CDC-15  Warning   Clock enable controlled CDC structure detected      0  None       source_bank/metadata_in_hold_reg[45]/C  source_bank/metadata_out_hold_reg[45]/D
 43  CDC-15  Warning   Clock enable controlled CDC structure detected      0  None       source_bank/metadata_in_hold_reg[46]/C  source_bank/metadata_out_hold_reg[46]/D
 44  CDC-15  Warning   Clock enable controlled CDC structure detected      0  None       source_bank/metadata_in_hold_reg[47]/C  source_bank/metadata_out_hold_reg[47]/D
 45  CDC-15  Warning   Clock enable controlled CDC structure detected      0  None       source_bank/metadata_in_hold_reg[48]/C  source_bank/metadata_out_hold_reg[48]/D
 46  CDC-15  Warning   Clock enable controlled CDC structure detected      0  None       source_bank/metadata_in_hold_reg[49]/C  source_bank/metadata_out_hold_reg[49]/D
 47  CDC-15  Warning   Clock enable controlled CDC structure detected      0  None       source_bank/metadata_in_hold_reg[50]/C  source_bank/metadata_out_hold_reg[50]/D
 48  CDC-15  Warning   Clock enable controlled CDC structure detected      0  None       source_bank/metadata_in_hold_reg[51]/C  source_bank/metadata_out_hold_reg[51]/D
 49  CDC-15  Warning   Clock enable controlled CDC structure detected      0  None       source_bank/metadata_in_hold_reg[52]/C  source_bank/metadata_out_hold_reg[52]/D
 50  CDC-15  Warning   Clock enable controlled CDC structure detected      0  None       source_bank/metadata_in_hold_reg[53]/C  source_bank/metadata_out_hold_reg[53]/D
 51  CDC-15  Warning   Clock enable controlled CDC structure detected      0  None       source_bank/metadata_in_hold_reg[54]/C  source_bank/metadata_out_hold_reg[54]/D
 52  CDC-15  Warning   Clock enable controlled CDC structure detected      0  None       source_bank/metadata_in_hold_reg[55]/C  source_bank/metadata_out_hold_reg[55]/D
 53  CDC-15  Warning   Clock enable controlled CDC structure detected      0  None       source_bank/metadata_in_hold_reg[56]/C  source_bank/metadata_out_hold_reg[56]/D
 54  CDC-15  Warning   Clock enable controlled CDC structure detected      0  None       source_bank/metadata_in_hold_reg[57]/C  source_bank/metadata_out_hold_reg[57]/D
 55  CDC-15  Warning   Clock enable controlled CDC structure detected      0  None       source_bank/metadata_in_hold_reg[58]/C  source_bank/metadata_out_hold_reg[58]/D
 56  CDC-15  Warning   Clock enable controlled CDC structure detected      0  None       source_bank/metadata_in_hold_reg[59]/C  source_bank/metadata_out_hold_reg[59]/D
 57  CDC-15  Warning   Clock enable controlled CDC structure detected      0  None       source_bank/metadata_in_hold_reg[60]/C  source_bank/metadata_out_hold_reg[60]/D
 58  CDC-15  Warning   Clock enable controlled CDC structure detected      0  None       source_bank/metadata_in_hold_reg[61]/C  source_bank/metadata_out_hold_reg[61]/D
 59  CDC-15  Warning   Clock enable controlled CDC structure detected      0  None       source_bank/metadata_in_hold_reg[62]/C  source_bank/metadata_out_hold_reg[62]/D
 60  CDC-15  Warning   Clock enable controlled CDC structure detected      0  None       source_bank/metadata_in_hold_reg[63]/C  source_bank/metadata_out_hold_reg[63]/D
 61  CDC-15  Warning   Clock enable controlled CDC structure detected      0  None       source_bank/metadata_in_hold_reg[64]/C  source_bank/metadata_out_hold_reg[64]/D
 62  CDC-15  Warning   Clock enable controlled CDC structure detected      0  None       source_bank/metadata_in_hold_reg[65]/C  source_bank/metadata_out_hold_reg[65]/D
 63  CDC-15  Warning   Clock enable controlled CDC structure detected      0  None       source_bank/metadata_in_hold_reg[66]/C  source_bank/metadata_out_hold_reg[66]/D
 64  CDC-15  Warning   Clock enable controlled CDC structure detected      0  None       source_bank/metadata_in_hold_reg[67]/C  source_bank/metadata_out_hold_reg[67]/D
 65  CDC-15  Warning   Clock enable controlled CDC structure detected      0  None       source_bank/metadata_in_hold_reg[68]/C  source_bank/metadata_out_hold_reg[68]/D
 66  CDC-3   Info      1-bit synchronized with ASYNC_REG property          2  None       source_bank/request_toggle_reg/C        source_bank/request_sync_reg[0]/D
 67  CDC-3   Info      1-bit synchronized with ASYNC_REG property          2  None       source_bank/input_fault_reg/C           source_fault_fast_reg[0]/D

Source Clock: island_175
Destination Clock: source_100
CDC Type: No Common Primary Clock

Row  ID      Severity  Description                                     Depth  Exception  Source (From)                           Destination (To)
---  ------  --------  ----------------------------------------------  -----  ---------  --------------------------------------  ---------------------------------------
  1  CDC-3   Info      1-bit synchronized with ASYNC_REG property          2  None       fast_fault_reg/C                        fast_fault_slow_reg[0]/D
  2  CDC-15  Warning   Clock enable controlled CDC structure detected      0  None       output_bank/metadata_in_hold_reg[0]/C   output_bank/metadata_out_hold_reg[0]/D
  3  CDC-15  Warning   Clock enable controlled CDC structure detected      0  None       output_bank/metadata_in_hold_reg[1]/C   output_bank/metadata_out_hold_reg[1]/D
  4  CDC-15  Warning   Clock enable controlled CDC structure detected      0  None       output_bank/metadata_in_hold_reg[2]/C   output_bank/metadata_out_hold_reg[2]/D
  5  CDC-15  Warning   Clock enable controlled CDC structure detected      0  None       output_bank/metadata_in_hold_reg[3]/C   output_bank/metadata_out_hold_reg[3]/D
  6  CDC-15  Warning   Clock enable controlled CDC structure detected      0  None       output_bank/metadata_in_hold_reg[4]/C   output_bank/metadata_out_hold_reg[4]/D
  7  CDC-15  Warning   Clock enable controlled CDC structure detected      0  None       output_bank/metadata_in_hold_reg[5]/C   output_bank/metadata_out_hold_reg[5]/D
  8  CDC-15  Warning   Clock enable controlled CDC structure detected      0  None       output_bank/metadata_in_hold_reg[6]/C   output_bank/metadata_out_hold_reg[6]/D
  9  CDC-15  Warning   Clock enable controlled CDC structure detected      0  None       output_bank/metadata_in_hold_reg[7]/C   output_bank/metadata_out_hold_reg[7]/D
 10  CDC-15  Warning   Clock enable controlled CDC structure detected      0  None       output_bank/metadata_in_hold_reg[8]/C   output_bank/metadata_out_hold_reg[8]/D
 11  CDC-15  Warning   Clock enable controlled CDC structure detected      0  None       output_bank/metadata_in_hold_reg[9]/C   output_bank/metadata_out_hold_reg[9]/D
 12  CDC-15  Warning   Clock enable controlled CDC structure detected      0  None       output_bank/metadata_in_hold_reg[10]/C  output_bank/metadata_out_hold_reg[10]/D
 13  CDC-15  Warning   Clock enable controlled CDC structure detected      0  None       output_bank/metadata_in_hold_reg[11]/C  output_bank/metadata_out_hold_reg[11]/D
 14  CDC-15  Warning   Clock enable controlled CDC structure detected      0  None       output_bank/metadata_in_hold_reg[12]/C  output_bank/metadata_out_hold_reg[12]/D
 15  CDC-15  Warning   Clock enable controlled CDC structure detected      0  None       output_bank/metadata_in_hold_reg[13]/C  output_bank/metadata_out_hold_reg[13]/D
 16  CDC-15  Warning   Clock enable controlled CDC structure detected      0  None       output_bank/metadata_in_hold_reg[14]/C  output_bank/metadata_out_hold_reg[14]/D
 17  CDC-15  Warning   Clock enable controlled CDC structure detected      0  None       output_bank/metadata_in_hold_reg[15]/C  output_bank/metadata_out_hold_reg[15]/D
 18  CDC-15  Warning   Clock enable controlled CDC structure detected      0  None       output_bank/metadata_in_hold_reg[16]/C  output_bank/metadata_out_hold_reg[16]/D
 19  CDC-15  Warning   Clock enable controlled CDC structure detected      0  None       output_bank/metadata_in_hold_reg[17]/C  output_bank/metadata_out_hold_reg[17]/D
 20  CDC-15  Warning   Clock enable controlled CDC structure detected      0  None       output_bank/metadata_in_hold_reg[18]/C  output_bank/metadata_out_hold_reg[18]/D
 21  CDC-15  Warning   Clock enable controlled CDC structure detected      0  None       output_bank/metadata_in_hold_reg[19]/C  output_bank/metadata_out_hold_reg[19]/D
 22  CDC-15  Warning   Clock enable controlled CDC structure detected      0  None       output_bank/metadata_in_hold_reg[20]/C  output_bank/metadata_out_hold_reg[20]/D
 23  CDC-15  Warning   Clock enable controlled CDC structure detected      0  None       output_bank/metadata_in_hold_reg[21]/C  output_bank/metadata_out_hold_reg[21]/D
 24  CDC-15  Warning   Clock enable controlled CDC structure detected      0  None       output_bank/metadata_in_hold_reg[22]/C  output_bank/metadata_out_hold_reg[22]/D
 25  CDC-15  Warning   Clock enable controlled CDC structure detected      0  None       output_bank/metadata_in_hold_reg[23]/C  output_bank/metadata_out_hold_reg[23]/D
 26  CDC-15  Warning   Clock enable controlled CDC structure detected      0  None       output_bank/metadata_in_hold_reg[24]/C  output_bank/metadata_out_hold_reg[24]/D
 27  CDC-15  Warning   Clock enable controlled CDC structure detected      0  None       output_bank/metadata_in_hold_reg[25]/C  output_bank/metadata_out_hold_reg[25]/D
 28  CDC-15  Warning   Clock enable controlled CDC structure detected      0  None       output_bank/metadata_in_hold_reg[26]/C  output_bank/metadata_out_hold_reg[26]/D
 29  CDC-15  Warning   Clock enable controlled CDC structure detected      0  None       output_bank/metadata_in_hold_reg[27]/C  output_bank/metadata_out_hold_reg[27]/D
 30  CDC-15  Warning   Clock enable controlled CDC structure detected      0  None       output_bank/metadata_in_hold_reg[28]/C  output_bank/metadata_out_hold_reg[28]/D
 31  CDC-15  Warning   Clock enable controlled CDC structure detected      0  None       output_bank/metadata_in_hold_reg[29]/C  output_bank/metadata_out_hold_reg[29]/D
 32  CDC-15  Warning   Clock enable controlled CDC structure detected      0  None       output_bank/metadata_in_hold_reg[30]/C  output_bank/metadata_out_hold_reg[30]/D
 33  CDC-15  Warning   Clock enable controlled CDC structure detected      0  None       output_bank/metadata_in_hold_reg[31]/C  output_bank/metadata_out_hold_reg[31]/D
 34  CDC-15  Warning   Clock enable controlled CDC structure detected      0  None       output_bank/metadata_in_hold_reg[32]/C  output_bank/metadata_out_hold_reg[32]/D
 35  CDC-15  Warning   Clock enable controlled CDC structure detected      0  None       output_bank/metadata_in_hold_reg[33]/C  output_bank/metadata_out_hold_reg[33]/D
 36  CDC-15  Warning   Clock enable controlled CDC structure detected      0  None       output_bank/metadata_in_hold_reg[34]/C  output_bank/metadata_out_hold_reg[34]/D
 37  CDC-15  Warning   Clock enable controlled CDC structure detected      0  None       output_bank/metadata_in_hold_reg[35]/C  output_bank/metadata_out_hold_reg[35]/D
 38  CDC-15  Warning   Clock enable controlled CDC structure detected      0  None       output_bank/metadata_in_hold_reg[36]/C  output_bank/metadata_out_hold_reg[36]/D
 39  CDC-15  Warning   Clock enable controlled CDC structure detected      0  None       output_bank/metadata_in_hold_reg[37]/C  output_bank/metadata_out_hold_reg[37]/D
 40  CDC-15  Warning   Clock enable controlled CDC structure detected      0  None       output_bank/metadata_in_hold_reg[38]/C  output_bank/metadata_out_hold_reg[38]/D
 41  CDC-15  Warning   Clock enable controlled CDC structure detected      0  None       output_bank/metadata_in_hold_reg[39]/C  output_bank/metadata_out_hold_reg[39]/D
 42  CDC-15  Warning   Clock enable controlled CDC structure detected      0  None       output_bank/metadata_in_hold_reg[40]/C  output_bank/metadata_out_hold_reg[40]/D
 43  CDC-15  Warning   Clock enable controlled CDC structure detected      0  None       output_bank/metadata_in_hold_reg[41]/C  output_bank/metadata_out_hold_reg[41]/D
 44  CDC-15  Warning   Clock enable controlled CDC structure detected      0  None       output_bank/metadata_in_hold_reg[42]/C  output_bank/metadata_out_hold_reg[42]/D
 45  CDC-15  Warning   Clock enable controlled CDC structure detected      0  None       output_bank/metadata_in_hold_reg[43]/C  output_bank/metadata_out_hold_reg[43]/D
 46  CDC-15  Warning   Clock enable controlled CDC structure detected      0  None       output_bank/metadata_in_hold_reg[44]/C  output_bank/metadata_out_hold_reg[44]/D
 47  CDC-15  Warning   Clock enable controlled CDC structure detected      0  None       output_bank/metadata_in_hold_reg[45]/C  output_bank/metadata_out_hold_reg[45]/D
 48  CDC-15  Warning   Clock enable controlled CDC structure detected      0  None       output_bank/metadata_in_hold_reg[46]/C  output_bank/metadata_out_hold_reg[46]/D
 49  CDC-15  Warning   Clock enable controlled CDC structure detected      0  None       output_bank/metadata_in_hold_reg[47]/C  output_bank/metadata_out_hold_reg[47]/D
 50  CDC-15  Warning   Clock enable controlled CDC structure detected      0  None       output_bank/metadata_in_hold_reg[48]/C  output_bank/metadata_out_hold_reg[48]/D
 51  CDC-15  Warning   Clock enable controlled CDC structure detected      0  None       output_bank/metadata_in_hold_reg[49]/C  output_bank/metadata_out_hold_reg[49]/D
 52  CDC-15  Warning   Clock enable controlled CDC structure detected      0  None       output_bank/metadata_in_hold_reg[50]/C  output_bank/metadata_out_hold_reg[50]/D
 53  CDC-15  Warning   Clock enable controlled CDC structure detected      0  None       output_bank/metadata_in_hold_reg[51]/C  output_bank/metadata_out_hold_reg[51]/D
 54  CDC-15  Warning   Clock enable controlled CDC structure detected      0  None       output_bank/metadata_in_hold_reg[52]/C  output_bank/metadata_out_hold_reg[52]/D
 55  CDC-15  Warning   Clock enable controlled CDC structure detected      0  None       output_bank/metadata_in_hold_reg[53]/C  output_bank/metadata_out_hold_reg[53]/D
 56  CDC-15  Warning   Clock enable controlled CDC structure detected      0  None       output_bank/metadata_in_hold_reg[54]/C  output_bank/metadata_out_hold_reg[54]/D
 57  CDC-15  Warning   Clock enable controlled CDC structure detected      0  None       output_bank/metadata_in_hold_reg[55]/C  output_bank/metadata_out_hold_reg[55]/D
 58  CDC-15  Warning   Clock enable controlled CDC structure detected      0  None       output_bank/metadata_in_hold_reg[56]/C  output_bank/metadata_out_hold_reg[56]/D
 59  CDC-15  Warning   Clock enable controlled CDC structure detected      0  None       output_bank/metadata_in_hold_reg[57]/C  output_bank/metadata_out_hold_reg[57]/D
 60  CDC-15  Warning   Clock enable controlled CDC structure detected      0  None       output_bank/metadata_in_hold_reg[58]/C  output_bank/metadata_out_hold_reg[58]/D
 61  CDC-15  Warning   Clock enable controlled CDC structure detected      0  None       output_bank/metadata_in_hold_reg[59]/C  output_bank/metadata_out_hold_reg[59]/D
 62  CDC-15  Warning   Clock enable controlled CDC structure detected      0  None       output_bank/metadata_in_hold_reg[60]/C  output_bank/metadata_out_hold_reg[60]/D
 63  CDC-15  Warning   Clock enable controlled CDC structure detected      0  None       output_bank/metadata_in_hold_reg[61]/C  output_bank/metadata_out_hold_reg[61]/D
 64  CDC-15  Warning   Clock enable controlled CDC structure detected      0  None       output_bank/metadata_in_hold_reg[62]/C  output_bank/metadata_out_hold_reg[62]/D
 65  CDC-15  Warning   Clock enable controlled CDC structure detected      0  None       output_bank/metadata_in_hold_reg[63]/C  output_bank/metadata_out_hold_reg[63]/D
 66  CDC-15  Warning   Clock enable controlled CDC structure detected      0  None       output_bank/metadata_in_hold_reg[64]/C  output_bank/metadata_out_hold_reg[64]/D
 67  CDC-15  Warning   Clock enable controlled CDC structure detected      0  None       output_bank/metadata_in_hold_reg[65]/C  output_bank/metadata_out_hold_reg[65]/D
 68  CDC-15  Warning   Clock enable controlled CDC structure detected      0  None       output_bank/metadata_in_hold_reg[66]/C  output_bank/metadata_out_hold_reg[66]/D
 69  CDC-15  Warning   Clock enable controlled CDC structure detected      0  None       output_bank/metadata_in_hold_reg[67]/C  output_bank/metadata_out_hold_reg[67]/D
 70  CDC-15  Warning   Clock enable controlled CDC structure detected      0  None       output_bank/metadata_in_hold_reg[68]/C  output_bank/metadata_out_hold_reg[68]/D
 71  CDC-15  Warning   Clock enable controlled CDC structure detected      0  None       output_bank/metadata_in_hold_reg[69]/C  output_bank/metadata_out_hold_reg[69]/D
 72  CDC-15  Warning   Clock enable controlled CDC structure detected      0  None       output_bank/metadata_in_hold_reg[70]/C  output_bank/metadata_out_hold_reg[70]/D
 73  CDC-15  Warning   Clock enable controlled CDC structure detected      0  None       output_bank/metadata_in_hold_reg[71]/C  output_bank/metadata_out_hold_reg[71]/D
 74  CDC-15  Warning   Clock enable controlled CDC structure detected      0  None       output_bank/metadata_in_hold_reg[72]/C  output_bank/metadata_out_hold_reg[72]/D
 75  CDC-15  Warning   Clock enable controlled CDC structure detected      0  None       output_bank/metadata_in_hold_reg[73]/C  output_bank/metadata_out_hold_reg[73]/D
 76  CDC-15  Warning   Clock enable controlled CDC structure detected      0  None       output_bank/metadata_in_hold_reg[74]/C  output_bank/metadata_out_hold_reg[74]/D
 77  CDC-3   Info      1-bit synchronized with ASYNC_REG property          2  None       output_bank/request_toggle_reg/C        output_bank/request_sync_reg[0]/D
 78  CDC-3   Info      1-bit synchronized with ASYNC_REG property          2  None       source_bank/acknowledge_toggle_reg/C    source_bank/acknowledge_sync_reg[0]/D

