Copyright 1986-2022 Xilinx, Inc. All Rights Reserved.
---------------------------------------------------------------------------------------------------------------------------------
| Tool Version : Vivado v.2022.2 (lin64) Build 3671981 Fri Oct 14 04:59:54 MDT 2022
| Date         : Thu Sep 10 03:08:06 2026
| Host         : gauss running 64-bit Ubuntu 26.04 LTS
| Command      : check_timing -verbose -file /tmp/starlink-completed-input.5EaJuD/balanced-synth-v1/check_timing_unqualified.rpt
| Design       : starlink_pss_fft_bank_owned_slice
| Device       : 7z010-clg400
| Speed File   : -1  PRODUCTION 1.12 2019-11-22
---------------------------------------------------------------------------------------------------------------------------------


check_timing report

Table of Contents
-----------------
1. checking no_clock (0)
2. checking constant_clock (0)
3. checking pulse_width_clock (0)
4. checking unconstrained_internal_endpoints (0)
5. checking no_input_delay (114)
6. checking no_output_delay (124)
7. checking multiple_clock (0)
8. checking generated_clocks (0)
9. checking loops (0)
10. checking partial_input_delay (0)
11. checking partial_output_delay (0)
12. checking latch_loops (0)

1. checking no_clock (0)
------------------------
 There are 0 register/latch pins with no clock.


2. checking constant_clock (0)
------------------------------
 There are 0 register/latch pins with constant_clock.


3. checking pulse_width_clock (0)
---------------------------------
 There are 0 register/latch pins which need pulse_width check


4. checking unconstrained_internal_endpoints (0)
------------------------------------------------
 There are 0 pins that are not constrained for maximum delay.

 There are 0 pins that are not constrained for maximum delay due to constant clock.


5. checking no_input_delay (114)
--------------------------------
 There are 114 input ports with no input delay specified. (HIGH)

fft_resetn
input_block_start[0]
input_block_start[10]
input_block_start[11]
input_block_start[12]
input_block_start[13]
input_block_start[14]
input_block_start[15]
input_block_start[16]
input_block_start[17]
input_block_start[18]
input_block_start[19]
input_block_start[1]
input_block_start[20]
input_block_start[21]
input_block_start[22]
input_block_start[23]
input_block_start[24]
input_block_start[25]
input_block_start[26]
input_block_start[27]
input_block_start[28]
input_block_start[29]
input_block_start[2]
input_block_start[30]
input_block_start[31]
input_block_start[32]
input_block_start[33]
input_block_start[34]
input_block_start[35]
input_block_start[36]
input_block_start[37]
input_block_start[38]
input_block_start[39]
input_block_start[3]
input_block_start[40]
input_block_start[41]
input_block_start[42]
input_block_start[43]
input_block_start[44]
input_block_start[45]
input_block_start[46]
input_block_start[47]
input_block_start[48]
input_block_start[49]
input_block_start[4]
input_block_start[50]
input_block_start[51]
input_block_start[52]
input_block_start[53]
input_block_start[54]
input_block_start[55]
input_block_start[56]
input_block_start[57]
input_block_start[58]
input_block_start[59]
input_block_start[5]
input_block_start[60]
input_block_start[61]
input_block_start[62]
input_block_start[63]
input_block_start[6]
input_block_start[7]
input_block_start[8]
input_block_start[9]
input_data[0]
input_data[10]
input_data[11]
input_data[12]
input_data[13]
input_data[14]
input_data[15]
input_data[16]
input_data[17]
input_data[18]
input_data[19]
input_data[1]
input_data[20]
input_data[21]
input_data[22]
input_data[23]
input_data[24]
input_data[25]
input_data[26]
input_data[27]
input_data[28]
input_data[29]
input_data[2]
input_data[30]
input_data[31]
input_data[32]
input_data[33]
input_data[34]
input_data[35]
input_data[3]
input_data[4]
input_data[5]
input_data[6]
input_data[7]
input_data[8]
input_data[9]
input_last
input_position[0]
input_position[1]
input_position[2]
input_position[3]
input_position[4]
input_position[5]
input_position[6]
input_position[7]
input_position[8]
input_valid
output_ready
resetn

 There are 0 input ports with no input delay but user has a false path constraint.


6. checking no_output_delay (124)
---------------------------------
 There are 124 ports with no output delay specified. (HIGH)

fault
input_ready
output_data[0]
output_data[10]
output_data[11]
output_data[12]
output_data[13]
output_data[14]
output_data[15]
output_data[16]
output_data[17]
output_data[18]
output_data[19]
output_data[1]
output_data[20]
output_data[21]
output_data[22]
output_data[23]
output_data[24]
output_data[25]
output_data[26]
output_data[27]
output_data[28]
output_data[29]
output_data[2]
output_data[30]
output_data[31]
output_data[32]
output_data[33]
output_data[34]
output_data[35]
output_data[3]
output_data[4]
output_data[5]
output_data[6]
output_data[7]
output_data[8]
output_data[9]
output_last
output_metadata[0]
output_metadata[10]
output_metadata[11]
output_metadata[12]
output_metadata[13]
output_metadata[14]
output_metadata[15]
output_metadata[16]
output_metadata[17]
output_metadata[18]
output_metadata[19]
output_metadata[1]
output_metadata[20]
output_metadata[21]
output_metadata[22]
output_metadata[23]
output_metadata[24]
output_metadata[25]
output_metadata[26]
output_metadata[27]
output_metadata[28]
output_metadata[29]
output_metadata[2]
output_metadata[30]
output_metadata[31]
output_metadata[32]
output_metadata[33]
output_metadata[34]
output_metadata[35]
output_metadata[36]
output_metadata[37]
output_metadata[38]
output_metadata[39]
output_metadata[3]
output_metadata[40]
output_metadata[41]
output_metadata[42]
output_metadata[43]
output_metadata[44]
output_metadata[45]
output_metadata[46]
output_metadata[47]
output_metadata[48]
output_metadata[49]
output_metadata[4]
output_metadata[50]
output_metadata[51]
output_metadata[52]
output_metadata[53]
output_metadata[54]
output_metadata[55]
output_metadata[56]
output_metadata[57]
output_metadata[58]
output_metadata[59]
output_metadata[5]
output_metadata[60]
output_metadata[61]
output_metadata[62]
output_metadata[63]
output_metadata[64]
output_metadata[65]
output_metadata[66]
output_metadata[67]
output_metadata[68]
output_metadata[69]
output_metadata[6]
output_metadata[70]
output_metadata[71]
output_metadata[72]
output_metadata[73]
output_metadata[74]
output_metadata[7]
output_metadata[8]
output_metadata[9]
output_position[0]
output_position[1]
output_position[2]
output_position[3]
output_position[4]
output_position[5]
output_position[6]
output_position[7]
output_position[8]
output_valid

 There are 0 ports with no output delay but user has a false path constraint

 There are 0 ports with no output delay but with a timing clock defined on it or propagating through it


7. checking multiple_clock (0)
------------------------------
 There are 0 register/latch pins with multiple clocks.


8. checking generated_clocks (0)
--------------------------------
 There are 0 generated clocks that are not connected to a clock source.


9. checking loops (0)
---------------------
 There are 0 combinational loops in the design.


10. checking partial_input_delay (0)
------------------------------------
 There are 0 input ports with partial input delay specified.


11. checking partial_output_delay (0)
-------------------------------------
 There are 0 ports with partial output delay specified.


12. checking latch_loops (0)
----------------------------
 There are 0 combinational latch loops in the design through latch input


