Copyright 1986-2022 Xilinx, Inc. All Rights Reserved.
-----------------------------------------------------------------------------------------------------------------------------------------------------------------------------------------------------------------
| Tool Version : Vivado v.2022.2 (lin64) Build 3671981 Fri Oct 14 04:59:54 MDT 2022
| Date         : Thu Sep 10 05:13:14 2026
| Host         : gauss running 64-bit Ubuntu 26.04 LTS
| Command      : report_timing -from [get_clocks island_175] -to [get_clocks island_175] -delay_type max -max_paths 20 -file /tmp/starlink-completed-input.5EaJuD/forward-retirement-route-v1/island_175_max.rpt
| Design       : starlink_pss_fft_bank_owned_slice
| Device       : 7z010-clg400
| Speed File   : -1  PRODUCTION 1.12 2019-11-22
-----------------------------------------------------------------------------------------------------------------------------------------------------------------------------------------------------------------

Timing Report

Slack (VIOLATED) :        -1.907ns  (required time - arrival time)
  Source:                 registered_scheduling.held_phase_reg_replica_1/C
                            (rising edge-triggered cell FDRE clocked by island_175  {rise@0.000ns fall@2.857ns period=5.714ns})
  Destination:            fast_fault_reg/D
                            (rising edge-triggered cell FDRE clocked by island_175  {rise@0.000ns fall@2.857ns period=5.714ns})
  Path Group:             island_175
  Path Type:              Setup (Max at Slow Process Corner)
  Requirement:            5.714ns  (island_175 rise@5.714ns - island_175 rise@0.000ns)
  Data Path Delay:        7.568ns  (logic 1.572ns (20.772%)  route 5.996ns (79.228%))
  Logic Levels:           9  (LUT2=1 LUT3=2 LUT6=6)
  Clock Path Skew:        -0.049ns (DCD - SCD + CPR)
    Destination Clock Delay (DCD):    0.924ns = ( 6.638 - 5.714 ) 
    Source Clock Delay      (SCD):    0.973ns
    Clock Pessimism Removal (CPR):    0.000ns
  Clock Uncertainty:      0.035ns  ((TSJ^2 + TIJ^2)^1/2 + DJ) / 2 + PE
    Total System Jitter     (TSJ):    0.071ns
    Total Input Jitter      (TIJ):    0.000ns
    Discrete Jitter          (DJ):    0.000ns
    Phase Error              (PE):    0.000ns

    Location             Delay type                Incr(ns)  Path(ns)    Netlist Resource(s)
  -------------------------------------------------------------------    -------------------
                         (clock island_175 rise edge)
                                                      0.000     0.000 r  
                                                      0.000     0.000 r  fft_clk (IN)
                         net (fo=4716, unset)         0.973     0.973    fft_clk
    SLICE_X31Y7          FDRE                                         r  registered_scheduling.held_phase_reg_replica_1/C
  -------------------------------------------------------------------    -------------------
    SLICE_X31Y7          FDRE (Prop_fdre_C_Q)         0.456     1.429 r  registered_scheduling.held_phase_reg_replica_1/Q
                         net (fo=56, routed)          0.944     2.373    product_bank/held_phase_repN_1_alias
    SLICE_X28Y10         LUT3 (Prop_lut3_I1_O)        0.124     2.497 r  product_bank/balanced_identity.leaf_equal_inferred_i_36/O
                         net (fo=2, routed)           0.578     3.075    input_guard/balanced_identity.group_equal_orig0_inferred__2/i__11
    SLICE_X26Y10         LUT6 (Prop_lut6_I4_O)        0.124     3.199 f  input_guard/balanced_identity.leaf_equal_inferred_i_5/O
                         net (fo=1, routed)           1.057     4.256    input_guard/balanced_identity.leaf_equal[19]
    SLICE_X25Y10         LUT6 (Prop_lut6_I0_O)        0.124     4.380 f  input_guard/balanced_identity.group_equal_orig0_inferred__2/i_/O
                         net (fo=1, routed)           1.101     5.481    input_guard/balanced_identity.group_equal[3]
    SLICE_X25Y7          LUT6 (Prop_lut6_I4_O)        0.124     5.605 r  input_guard/fault_reasons[1]_i_2/O
                         net (fo=8, routed)           0.656     6.261    input_guard/fault_reasons[1]_i_2_n_0
    SLICE_X19Y7          LUT6 (Prop_lut6_I0_O)        0.124     6.385 r  input_guard/descriptor[69]_i_3__0/O
                         net (fo=2, routed)           0.161     6.546    product_bank/registered_scheduling.admission_receipt_i_2_0
    SLICE_X19Y7          LUT6 (Prop_lut6_I2_O)        0.124     6.670 f  product_bank/fault_reasons[0]_i_4/O
                         net (fo=3, routed)           0.319     6.989    product_bank/registered_scheduling.forward_committed_reg
    SLICE_X19Y8          LUT6 (Prop_lut6_I3_O)        0.124     7.113 r  product_bank/fault_reasons[0]_i_2_comp/O
                         net (fo=2, routed)           0.573     7.686    product_bank/registered_scheduling.preparation_age_reg[5]
    SLICE_X18Y10         LUT3 (Prop_lut3_I0_O)        0.124     7.810 r  product_bank/registered_scheduling.completion_receipt_i_7/O
                         net (fo=3, routed)           0.606     8.417    product_bank/any_fast_fault
    SLICE_X13Y10         LUT2 (Prop_lut2_I0_O)        0.124     8.541 r  product_bank/fast_fault_i_1/O
                         net (fo=1, routed)           0.000     8.541    product_bank_n_230
    SLICE_X13Y10         FDRE                                         r  fast_fault_reg/D
  -------------------------------------------------------------------    -------------------

                         (clock island_175 rise edge)
                                                      5.714     5.714 r  
                                                      0.000     5.714 r  fft_clk (IN)
                         net (fo=4716, unset)         0.924     6.638    fft_clk
    SLICE_X13Y10         FDRE                                         r  fast_fault_reg/C
                         clock pessimism              0.000     6.638    
                         clock uncertainty           -0.035     6.603    
    SLICE_X13Y10         FDRE (Setup_fdre_C_D)        0.031     6.634    fast_fault_reg
  -------------------------------------------------------------------
                         required time                          6.634    
                         arrival time                          -8.541    
  -------------------------------------------------------------------
                         slack                                 -1.907    

Slack (VIOLATED) :        -1.868ns  (required time - arrival time)
  Source:                 joiner/kernel_rom/output_kernel_word_reg/CLKARDCLK
                            (rising edge-triggered cell RAMB18E1 clocked by island_175  {rise@0.000ns fall@2.857ns period=5.714ns})
  Destination:            product/product_ii_reg/B[16]
                            (rising edge-triggered cell DSP48E1 clocked by island_175  {rise@0.000ns fall@2.857ns period=5.714ns})
  Path Group:             island_175
  Path Type:              Setup (Max at Slow Process Corner)
  Requirement:            5.714ns  (island_175 rise@5.714ns - island_175 rise@0.000ns)
  Data Path Delay:        3.962ns  (logic 2.454ns (61.932%)  route 1.508ns (38.067%))
  Logic Levels:           0  
  Clock Path Skew:        -0.049ns (DCD - SCD + CPR)
    Destination Clock Delay (DCD):    0.924ns = ( 6.638 - 5.714 ) 
    Source Clock Delay      (SCD):    0.973ns
    Clock Pessimism Removal (CPR):    0.000ns
  Clock Uncertainty:      0.035ns  ((TSJ^2 + TIJ^2)^1/2 + DJ) / 2 + PE
    Total System Jitter     (TSJ):    0.071ns
    Total Input Jitter      (TIJ):    0.000ns
    Discrete Jitter          (DJ):    0.000ns
    Phase Error              (PE):    0.000ns

    Location             Delay type                Incr(ns)  Path(ns)    Netlist Resource(s)
  -------------------------------------------------------------------    -------------------
                         (clock island_175 rise edge)
                                                      0.000     0.000 r  
                                                      0.000     0.000 r  fft_clk (IN)
                         net (fo=4716, unset)         0.973     0.973    joiner/kernel_rom/fft_clk
    RAMB18_X1Y0          RAMB18E1                                     r  joiner/kernel_rom/output_kernel_word_reg/CLKARDCLK
  -------------------------------------------------------------------    -------------------
    RAMB18_X1Y0          RAMB18E1 (Prop_ramb18e1_CLKARDCLK_DOPADOP[0])
                                                      2.454     3.427 r  joiner/kernel_rom/output_kernel_word_reg/DOPADOP[0]
                         net (fo=2, routed)           1.508     4.935    product/B[16]
    DSP48_X0Y0           DSP48E1                                      r  product/product_ii_reg/B[16]
  -------------------------------------------------------------------    -------------------

                         (clock island_175 rise edge)
                                                      5.714     5.714 r  
                                                      0.000     5.714 r  fft_clk (IN)
                         net (fo=4716, unset)         0.924     6.638    product/fft_clk
    DSP48_X0Y0           DSP48E1                                      r  product/product_ii_reg/CLK
                         clock pessimism              0.000     6.638    
                         clock uncertainty           -0.035     6.603    
    DSP48_X0Y0           DSP48E1 (Setup_dsp48e1_CLK_B[16])
                                                     -3.536     3.067    product/product_ii_reg
  -------------------------------------------------------------------
                         required time                          3.067    
                         arrival time                          -4.935    
  -------------------------------------------------------------------
                         slack                                 -1.868    

Slack (VIOLATED) :        -1.852ns  (required time - arrival time)
  Source:                 product/i__carry_i_5__1_psdsp_5/C
                            (rising edge-triggered cell FDRE clocked by island_175  {rise@0.000ns fall@2.857ns period=5.714ns})
  Destination:            product/output_overflow_reg/D
                            (rising edge-triggered cell FDRE clocked by island_175  {rise@0.000ns fall@2.857ns period=5.714ns})
  Path Group:             island_175
  Path Type:              Setup (Max at Slow Process Corner)
  Requirement:            5.714ns  (island_175 rise@5.714ns - island_175 rise@0.000ns)
  Data Path Delay:        7.559ns  (logic 3.339ns (44.172%)  route 4.220ns (55.828%))
  Logic Levels:           13  (CARRY4=8 LUT2=1 LUT5=1 LUT6=3)
  Clock Path Skew:        -0.049ns (DCD - SCD + CPR)
    Destination Clock Delay (DCD):    0.924ns = ( 6.638 - 5.714 ) 
    Source Clock Delay      (SCD):    0.973ns
    Clock Pessimism Removal (CPR):    0.000ns
  Clock Uncertainty:      0.035ns  ((TSJ^2 + TIJ^2)^1/2 + DJ) / 2 + PE
    Total System Jitter     (TSJ):    0.071ns
    Total Input Jitter      (TIJ):    0.000ns
    Discrete Jitter          (DJ):    0.000ns
    Phase Error              (PE):    0.000ns

    Location             Delay type                Incr(ns)  Path(ns)    Netlist Resource(s)
  -------------------------------------------------------------------    -------------------
                         (clock island_175 rise edge)
                                                      0.000     0.000 r  
                                                      0.000     0.000 r  fft_clk (IN)
                         net (fo=4716, unset)         0.973     0.973    product/fft_clk
    SLICE_X32Y6          FDRE                                         r  product/i__carry_i_5__1_psdsp_5/C
  -------------------------------------------------------------------    -------------------
    SLICE_X32Y6          FDRE (Prop_fdre_C_Q)         0.478     1.451 r  product/i__carry_i_5__1_psdsp_5/Q
                         net (fo=1, routed)           1.030     2.481    product/sum_imag_reg__0[0]
    SLICE_X26Y2          LUT6 (Prop_lut6_I0_O)        0.296     2.777 r  product/i__carry_i_5__1/O
                         net (fo=1, routed)           0.656     3.433    product/i__carry_i_5__1_n_0
    SLICE_X27Y2          LUT6 (Prop_lut6_I4_O)        0.124     3.557 r  product/i__carry_i_1__6/O
                         net (fo=1, routed)           0.000     3.557    product/i__carry_i_1__6_n_0
    SLICE_X27Y2          CARRY4 (Prop_carry4_S[0]_CO[3])
                                                      0.532     4.089 r  product/round_and_saturate2_inferred__0/i__carry/CO[3]
                         net (fo=1, routed)           0.000     4.089    product/round_and_saturate2_inferred__0/i__carry_n_0
    SLICE_X27Y3          CARRY4 (Prop_carry4_CI_CO[3])
                                                      0.114     4.203 r  product/round_and_saturate2_inferred__0/i__carry__0/CO[3]
                         net (fo=1, routed)           0.000     4.203    product/round_and_saturate2_inferred__0/i__carry__0_n_0
    SLICE_X27Y4          CARRY4 (Prop_carry4_CI_CO[3])
                                                      0.114     4.317 r  product/round_and_saturate2_inferred__0/i__carry__1/CO[3]
                         net (fo=1, routed)           0.000     4.317    product/round_and_saturate2_inferred__0/i__carry__1_n_0
    SLICE_X27Y5          CARRY4 (Prop_carry4_CI_CO[3])
                                                      0.114     4.431 r  product/round_and_saturate2_inferred__0/i__carry__2/CO[3]
                         net (fo=1, routed)           0.000     4.431    product/round_and_saturate2_inferred__0/i__carry__2_n_0
    SLICE_X27Y6          CARRY4 (Prop_carry4_CI_CO[3])
                                                      0.114     4.545 r  product/round_and_saturate2_inferred__0/i__carry__3/CO[3]
                         net (fo=38, routed)          1.008     5.552    product/round_and_saturate2_inferred__0/i__carry__3_n_0
    SLICE_X26Y7          LUT2 (Prop_lut2_I0_O)        0.124     5.676 r  product/i__carry_i_4__2/O
                         net (fo=1, routed)           0.000     5.676    product/i__carry_i_4__2_n_0
    SLICE_X26Y7          CARRY4 (Prop_carry4_S[1]_CO[3])
                                                      0.550     6.226 r  product/round_and_saturate1_inferred__2/i__carry/CO[3]
                         net (fo=1, routed)           0.000     6.226    product/round_and_saturate1_inferred__2/i__carry_n_0
    SLICE_X26Y8          CARRY4 (Prop_carry4_CI_CO[3])
                                                      0.114     6.340 r  product/round_and_saturate1_inferred__2/i__carry__0/CO[3]
                         net (fo=1, routed)           0.000     6.340    product/round_and_saturate1_inferred__2/i__carry__0_n_0
    SLICE_X26Y9          CARRY4 (Prop_carry4_CI_CO[2])
                                                      0.228     6.568 r  product/round_and_saturate1_inferred__2/i__carry__1/CO[2]
                         net (fo=19, routed)          1.118     7.686    product/round_and_saturate1_inferred__2/i__carry__1_n_1
    SLICE_X18Y7          LUT5 (Prop_lut5_I2_O)        0.313     7.999 r  product/output_overflow_i_2/O
                         net (fo=1, routed)           0.409     8.408    product/output_overflow_i_2_n_0
    SLICE_X16Y8          LUT6 (Prop_lut6_I2_O)        0.124     8.532 r  product/output_overflow_i_1/O
                         net (fo=1, routed)           0.000     8.532    product/output_overflow_i_1_n_0
    SLICE_X16Y8          FDRE                                         r  product/output_overflow_reg/D
  -------------------------------------------------------------------    -------------------

                         (clock island_175 rise edge)
                                                      5.714     5.714 r  
                                                      0.000     5.714 r  fft_clk (IN)
                         net (fo=4716, unset)         0.924     6.638    product/fft_clk
    SLICE_X16Y8          FDRE                                         r  product/output_overflow_reg/C
                         clock pessimism              0.000     6.638    
                         clock uncertainty           -0.035     6.603    
    SLICE_X16Y8          FDRE (Setup_fdre_C_D)        0.077     6.680    product/output_overflow_reg
  -------------------------------------------------------------------
                         required time                          6.680    
                         arrival time                          -8.532    
  -------------------------------------------------------------------
                         slack                                 -1.852    

Slack (VIOLATED) :        -1.848ns  (required time - arrival time)
  Source:                 joiner/kernel_rom/output_kernel_word_reg/CLKARDCLK
                            (rising edge-triggered cell RAMB18E1 clocked by island_175  {rise@0.000ns fall@2.857ns period=5.714ns})
  Destination:            product/product_ii_reg/B[14]
                            (rising edge-triggered cell DSP48E1 clocked by island_175  {rise@0.000ns fall@2.857ns period=5.714ns})
  Path Group:             island_175
  Path Type:              Setup (Max at Slow Process Corner)
  Requirement:            5.714ns  (island_175 rise@5.714ns - island_175 rise@0.000ns)
  Data Path Delay:        3.942ns  (logic 2.454ns (62.250%)  route 1.488ns (37.750%))
  Logic Levels:           0  
  Clock Path Skew:        -0.049ns (DCD - SCD + CPR)
    Destination Clock Delay (DCD):    0.924ns = ( 6.638 - 5.714 ) 
    Source Clock Delay      (SCD):    0.973ns
    Clock Pessimism Removal (CPR):    0.000ns
  Clock Uncertainty:      0.035ns  ((TSJ^2 + TIJ^2)^1/2 + DJ) / 2 + PE
    Total System Jitter     (TSJ):    0.071ns
    Total Input Jitter      (TIJ):    0.000ns
    Discrete Jitter          (DJ):    0.000ns
    Phase Error              (PE):    0.000ns

    Location             Delay type                Incr(ns)  Path(ns)    Netlist Resource(s)
  -------------------------------------------------------------------    -------------------
                         (clock island_175 rise edge)
                                                      0.000     0.000 r  
                                                      0.000     0.000 r  fft_clk (IN)
                         net (fo=4716, unset)         0.973     0.973    joiner/kernel_rom/fft_clk
    RAMB18_X1Y0          RAMB18E1                                     r  joiner/kernel_rom/output_kernel_word_reg/CLKARDCLK
  -------------------------------------------------------------------    -------------------
    RAMB18_X1Y0          RAMB18E1 (Prop_ramb18e1_CLKARDCLK_DOADO[14])
                                                      2.454     3.427 r  joiner/kernel_rom/output_kernel_word_reg/DOADO[14]
                         net (fo=2, routed)           1.488     4.915    product/B[14]
    DSP48_X0Y0           DSP48E1                                      r  product/product_ii_reg/B[14]
  -------------------------------------------------------------------    -------------------

                         (clock island_175 rise edge)
                                                      5.714     5.714 r  
                                                      0.000     5.714 r  fft_clk (IN)
                         net (fo=4716, unset)         0.924     6.638    product/fft_clk
    DSP48_X0Y0           DSP48E1                                      r  product/product_ii_reg/CLK
                         clock pessimism              0.000     6.638    
                         clock uncertainty           -0.035     6.603    
    DSP48_X0Y0           DSP48E1 (Setup_dsp48e1_CLK_B[14])
                                                     -3.536     3.067    product/product_ii_reg
  -------------------------------------------------------------------
                         required time                          3.067    
                         arrival time                          -4.915    
  -------------------------------------------------------------------
                         slack                                 -1.848    

Slack (VIOLATED) :        -1.846ns  (required time - arrival time)
  Source:                 joiner/kernel_rom/output_kernel_word_reg/CLKARDCLK
                            (rising edge-triggered cell RAMB18E1 clocked by island_175  {rise@0.000ns fall@2.857ns period=5.714ns})
  Destination:            product/product_ii_reg/B[17]
                            (rising edge-triggered cell DSP48E1 clocked by island_175  {rise@0.000ns fall@2.857ns period=5.714ns})
  Path Group:             island_175
  Path Type:              Setup (Max at Slow Process Corner)
  Requirement:            5.714ns  (island_175 rise@5.714ns - island_175 rise@0.000ns)
  Data Path Delay:        3.940ns  (logic 2.454ns (62.278%)  route 1.486ns (37.722%))
  Logic Levels:           0  
  Clock Path Skew:        -0.049ns (DCD - SCD + CPR)
    Destination Clock Delay (DCD):    0.924ns = ( 6.638 - 5.714 ) 
    Source Clock Delay      (SCD):    0.973ns
    Clock Pessimism Removal (CPR):    0.000ns
  Clock Uncertainty:      0.035ns  ((TSJ^2 + TIJ^2)^1/2 + DJ) / 2 + PE
    Total System Jitter     (TSJ):    0.071ns
    Total Input Jitter      (TIJ):    0.000ns
    Discrete Jitter          (DJ):    0.000ns
    Phase Error              (PE):    0.000ns

    Location             Delay type                Incr(ns)  Path(ns)    Netlist Resource(s)
  -------------------------------------------------------------------    -------------------
                         (clock island_175 rise edge)
                                                      0.000     0.000 r  
                                                      0.000     0.000 r  fft_clk (IN)
                         net (fo=4716, unset)         0.973     0.973    joiner/kernel_rom/fft_clk
    RAMB18_X1Y0          RAMB18E1                                     r  joiner/kernel_rom/output_kernel_word_reg/CLKARDCLK
  -------------------------------------------------------------------    -------------------
    RAMB18_X1Y0          RAMB18E1 (Prop_ramb18e1_CLKARDCLK_DOPADOP[1])
                                                      2.454     3.427 r  joiner/kernel_rom/output_kernel_word_reg/DOPADOP[1]
                         net (fo=2, routed)           1.486     4.913    product/B[17]
    DSP48_X0Y0           DSP48E1                                      r  product/product_ii_reg/B[17]
  -------------------------------------------------------------------    -------------------

                         (clock island_175 rise edge)
                                                      5.714     5.714 r  
                                                      0.000     5.714 r  fft_clk (IN)
                         net (fo=4716, unset)         0.924     6.638    product/fft_clk
    DSP48_X0Y0           DSP48E1                                      r  product/product_ii_reg/CLK
                         clock pessimism              0.000     6.638    
                         clock uncertainty           -0.035     6.603    
    DSP48_X0Y0           DSP48E1 (Setup_dsp48e1_CLK_B[17])
                                                     -3.536     3.067    product/product_ii_reg
  -------------------------------------------------------------------
                         required time                          3.067    
                         arrival time                          -4.913    
  -------------------------------------------------------------------
                         slack                                 -1.846    

Slack (VIOLATED) :        -1.845ns  (required time - arrival time)
  Source:                 joiner/kernel_rom/output_kernel_word_reg/CLKARDCLK
                            (rising edge-triggered cell RAMB18E1 clocked by island_175  {rise@0.000ns fall@2.857ns period=5.714ns})
  Destination:            product/product_ii_reg/B[13]
                            (rising edge-triggered cell DSP48E1 clocked by island_175  {rise@0.000ns fall@2.857ns period=5.714ns})
  Path Group:             island_175
  Path Type:              Setup (Max at Slow Process Corner)
  Requirement:            5.714ns  (island_175 rise@5.714ns - island_175 rise@0.000ns)
  Data Path Delay:        3.939ns  (logic 2.454ns (62.298%)  route 1.485ns (37.702%))
  Logic Levels:           0  
  Clock Path Skew:        -0.049ns (DCD - SCD + CPR)
    Destination Clock Delay (DCD):    0.924ns = ( 6.638 - 5.714 ) 
    Source Clock Delay      (SCD):    0.973ns
    Clock Pessimism Removal (CPR):    0.000ns
  Clock Uncertainty:      0.035ns  ((TSJ^2 + TIJ^2)^1/2 + DJ) / 2 + PE
    Total System Jitter     (TSJ):    0.071ns
    Total Input Jitter      (TIJ):    0.000ns
    Discrete Jitter          (DJ):    0.000ns
    Phase Error              (PE):    0.000ns

    Location             Delay type                Incr(ns)  Path(ns)    Netlist Resource(s)
  -------------------------------------------------------------------    -------------------
                         (clock island_175 rise edge)
                                                      0.000     0.000 r  
                                                      0.000     0.000 r  fft_clk (IN)
                         net (fo=4716, unset)         0.973     0.973    joiner/kernel_rom/fft_clk
    RAMB18_X1Y0          RAMB18E1                                     r  joiner/kernel_rom/output_kernel_word_reg/CLKARDCLK
  -------------------------------------------------------------------    -------------------
    RAMB18_X1Y0          RAMB18E1 (Prop_ramb18e1_CLKARDCLK_DOADO[13])
                                                      2.454     3.427 r  joiner/kernel_rom/output_kernel_word_reg/DOADO[13]
                         net (fo=2, routed)           1.485     4.912    product/B[13]
    DSP48_X0Y0           DSP48E1                                      r  product/product_ii_reg/B[13]
  -------------------------------------------------------------------    -------------------

                         (clock island_175 rise edge)
                                                      5.714     5.714 r  
                                                      0.000     5.714 r  fft_clk (IN)
                         net (fo=4716, unset)         0.924     6.638    product/fft_clk
    DSP48_X0Y0           DSP48E1                                      r  product/product_ii_reg/CLK
                         clock pessimism              0.000     6.638    
                         clock uncertainty           -0.035     6.603    
    DSP48_X0Y0           DSP48E1 (Setup_dsp48e1_CLK_B[13])
                                                     -3.536     3.067    product/product_ii_reg
  -------------------------------------------------------------------
                         required time                          3.067    
                         arrival time                          -4.912    
  -------------------------------------------------------------------
                         slack                                 -1.845    

Slack (VIOLATED) :        -1.841ns  (required time - arrival time)
  Source:                 joiner/kernel_rom/output_kernel_word_reg/CLKARDCLK
                            (rising edge-triggered cell RAMB18E1 clocked by island_175  {rise@0.000ns fall@2.857ns period=5.714ns})
  Destination:            product/product_ii_reg/B[7]
                            (rising edge-triggered cell DSP48E1 clocked by island_175  {rise@0.000ns fall@2.857ns period=5.714ns})
  Path Group:             island_175
  Path Type:              Setup (Max at Slow Process Corner)
  Requirement:            5.714ns  (island_175 rise@5.714ns - island_175 rise@0.000ns)
  Data Path Delay:        3.935ns  (logic 2.454ns (62.359%)  route 1.481ns (37.641%))
  Logic Levels:           0  
  Clock Path Skew:        -0.049ns (DCD - SCD + CPR)
    Destination Clock Delay (DCD):    0.924ns = ( 6.638 - 5.714 ) 
    Source Clock Delay      (SCD):    0.973ns
    Clock Pessimism Removal (CPR):    0.000ns
  Clock Uncertainty:      0.035ns  ((TSJ^2 + TIJ^2)^1/2 + DJ) / 2 + PE
    Total System Jitter     (TSJ):    0.071ns
    Total Input Jitter      (TIJ):    0.000ns
    Discrete Jitter          (DJ):    0.000ns
    Phase Error              (PE):    0.000ns

    Location             Delay type                Incr(ns)  Path(ns)    Netlist Resource(s)
  -------------------------------------------------------------------    -------------------
                         (clock island_175 rise edge)
                                                      0.000     0.000 r  
                                                      0.000     0.000 r  fft_clk (IN)
                         net (fo=4716, unset)         0.973     0.973    joiner/kernel_rom/fft_clk
    RAMB18_X1Y0          RAMB18E1                                     r  joiner/kernel_rom/output_kernel_word_reg/CLKARDCLK
  -------------------------------------------------------------------    -------------------
    RAMB18_X1Y0          RAMB18E1 (Prop_ramb18e1_CLKARDCLK_DOADO[7])
                                                      2.454     3.427 r  joiner/kernel_rom/output_kernel_word_reg/DOADO[7]
                         net (fo=2, routed)           1.481     4.908    product/B[7]
    DSP48_X0Y0           DSP48E1                                      r  product/product_ii_reg/B[7]
  -------------------------------------------------------------------    -------------------

                         (clock island_175 rise edge)
                                                      5.714     5.714 r  
                                                      0.000     5.714 r  fft_clk (IN)
                         net (fo=4716, unset)         0.924     6.638    product/fft_clk
    DSP48_X0Y0           DSP48E1                                      r  product/product_ii_reg/CLK
                         clock pessimism              0.000     6.638    
                         clock uncertainty           -0.035     6.603    
    DSP48_X0Y0           DSP48E1 (Setup_dsp48e1_CLK_B[7])
                                                     -3.536     3.067    product/product_ii_reg
  -------------------------------------------------------------------
                         required time                          3.067    
                         arrival time                          -4.908    
  -------------------------------------------------------------------
                         slack                                 -1.841    

Slack (VIOLATED) :        -1.839ns  (required time - arrival time)
  Source:                 joiner/kernel_rom/output_kernel_word_reg/CLKARDCLK
                            (rising edge-triggered cell RAMB18E1 clocked by island_175  {rise@0.000ns fall@2.857ns period=5.714ns})
  Destination:            product/product_ii_reg/B[9]
                            (rising edge-triggered cell DSP48E1 clocked by island_175  {rise@0.000ns fall@2.857ns period=5.714ns})
  Path Group:             island_175
  Path Type:              Setup (Max at Slow Process Corner)
  Requirement:            5.714ns  (island_175 rise@5.714ns - island_175 rise@0.000ns)
  Data Path Delay:        3.933ns  (logic 2.454ns (62.402%)  route 1.479ns (37.598%))
  Logic Levels:           0  
  Clock Path Skew:        -0.049ns (DCD - SCD + CPR)
    Destination Clock Delay (DCD):    0.924ns = ( 6.638 - 5.714 ) 
    Source Clock Delay      (SCD):    0.973ns
    Clock Pessimism Removal (CPR):    0.000ns
  Clock Uncertainty:      0.035ns  ((TSJ^2 + TIJ^2)^1/2 + DJ) / 2 + PE
    Total System Jitter     (TSJ):    0.071ns
    Total Input Jitter      (TIJ):    0.000ns
    Discrete Jitter          (DJ):    0.000ns
    Phase Error              (PE):    0.000ns

    Location             Delay type                Incr(ns)  Path(ns)    Netlist Resource(s)
  -------------------------------------------------------------------    -------------------
                         (clock island_175 rise edge)
                                                      0.000     0.000 r  
                                                      0.000     0.000 r  fft_clk (IN)
                         net (fo=4716, unset)         0.973     0.973    joiner/kernel_rom/fft_clk
    RAMB18_X1Y0          RAMB18E1                                     r  joiner/kernel_rom/output_kernel_word_reg/CLKARDCLK
  -------------------------------------------------------------------    -------------------
    RAMB18_X1Y0          RAMB18E1 (Prop_ramb18e1_CLKARDCLK_DOADO[9])
                                                      2.454     3.427 r  joiner/kernel_rom/output_kernel_word_reg/DOADO[9]
                         net (fo=2, routed)           1.479     4.906    product/B[9]
    DSP48_X0Y0           DSP48E1                                      r  product/product_ii_reg/B[9]
  -------------------------------------------------------------------    -------------------

                         (clock island_175 rise edge)
                                                      5.714     5.714 r  
                                                      0.000     5.714 r  fft_clk (IN)
                         net (fo=4716, unset)         0.924     6.638    product/fft_clk
    DSP48_X0Y0           DSP48E1                                      r  product/product_ii_reg/CLK
                         clock pessimism              0.000     6.638    
                         clock uncertainty           -0.035     6.603    
    DSP48_X0Y0           DSP48E1 (Setup_dsp48e1_CLK_B[9])
                                                     -3.536     3.067    product/product_ii_reg
  -------------------------------------------------------------------
                         required time                          3.067    
                         arrival time                          -4.906    
  -------------------------------------------------------------------
                         slack                                 -1.839    

Slack (VIOLATED) :        -1.831ns  (required time - arrival time)
  Source:                 joiner/kernel_rom/output_kernel_word_reg/CLKARDCLK
                            (rising edge-triggered cell RAMB18E1 clocked by island_175  {rise@0.000ns fall@2.857ns period=5.714ns})
  Destination:            product/product_ii_reg/B[3]
                            (rising edge-triggered cell DSP48E1 clocked by island_175  {rise@0.000ns fall@2.857ns period=5.714ns})
  Path Group:             island_175
  Path Type:              Setup (Max at Slow Process Corner)
  Requirement:            5.714ns  (island_175 rise@5.714ns - island_175 rise@0.000ns)
  Data Path Delay:        3.925ns  (logic 2.454ns (62.515%)  route 1.471ns (37.485%))
  Logic Levels:           0  
  Clock Path Skew:        -0.049ns (DCD - SCD + CPR)
    Destination Clock Delay (DCD):    0.924ns = ( 6.638 - 5.714 ) 
    Source Clock Delay      (SCD):    0.973ns
    Clock Pessimism Removal (CPR):    0.000ns
  Clock Uncertainty:      0.035ns  ((TSJ^2 + TIJ^2)^1/2 + DJ) / 2 + PE
    Total System Jitter     (TSJ):    0.071ns
    Total Input Jitter      (TIJ):    0.000ns
    Discrete Jitter          (DJ):    0.000ns
    Phase Error              (PE):    0.000ns

    Location             Delay type                Incr(ns)  Path(ns)    Netlist Resource(s)
  -------------------------------------------------------------------    -------------------
                         (clock island_175 rise edge)
                                                      0.000     0.000 r  
                                                      0.000     0.000 r  fft_clk (IN)
                         net (fo=4716, unset)         0.973     0.973    joiner/kernel_rom/fft_clk
    RAMB18_X1Y0          RAMB18E1                                     r  joiner/kernel_rom/output_kernel_word_reg/CLKARDCLK
  -------------------------------------------------------------------    -------------------
    RAMB18_X1Y0          RAMB18E1 (Prop_ramb18e1_CLKARDCLK_DOADO[3])
                                                      2.454     3.427 r  joiner/kernel_rom/output_kernel_word_reg/DOADO[3]
                         net (fo=2, routed)           1.471     4.898    product/B[3]
    DSP48_X0Y0           DSP48E1                                      r  product/product_ii_reg/B[3]
  -------------------------------------------------------------------    -------------------

                         (clock island_175 rise edge)
                                                      5.714     5.714 r  
                                                      0.000     5.714 r  fft_clk (IN)
                         net (fo=4716, unset)         0.924     6.638    product/fft_clk
    DSP48_X0Y0           DSP48E1                                      r  product/product_ii_reg/CLK
                         clock pessimism              0.000     6.638    
                         clock uncertainty           -0.035     6.603    
    DSP48_X0Y0           DSP48E1 (Setup_dsp48e1_CLK_B[3])
                                                     -3.536     3.067    product/product_ii_reg
  -------------------------------------------------------------------
                         required time                          3.067    
                         arrival time                          -4.898    
  -------------------------------------------------------------------
                         slack                                 -1.831    

Slack (VIOLATED) :        -1.828ns  (required time - arrival time)
  Source:                 joiner/kernel_rom/output_kernel_word_reg/CLKARDCLK
                            (rising edge-triggered cell RAMB18E1 clocked by island_175  {rise@0.000ns fall@2.857ns period=5.714ns})
  Destination:            product/product_ii_reg/B[10]
                            (rising edge-triggered cell DSP48E1 clocked by island_175  {rise@0.000ns fall@2.857ns period=5.714ns})
  Path Group:             island_175
  Path Type:              Setup (Max at Slow Process Corner)
  Requirement:            5.714ns  (island_175 rise@5.714ns - island_175 rise@0.000ns)
  Data Path Delay:        3.922ns  (logic 2.454ns (62.562%)  route 1.468ns (37.438%))
  Logic Levels:           0  
  Clock Path Skew:        -0.049ns (DCD - SCD + CPR)
    Destination Clock Delay (DCD):    0.924ns = ( 6.638 - 5.714 ) 
    Source Clock Delay      (SCD):    0.973ns
    Clock Pessimism Removal (CPR):    0.000ns
  Clock Uncertainty:      0.035ns  ((TSJ^2 + TIJ^2)^1/2 + DJ) / 2 + PE
    Total System Jitter     (TSJ):    0.071ns
    Total Input Jitter      (TIJ):    0.000ns
    Discrete Jitter          (DJ):    0.000ns
    Phase Error              (PE):    0.000ns

    Location             Delay type                Incr(ns)  Path(ns)    Netlist Resource(s)
  -------------------------------------------------------------------    -------------------
                         (clock island_175 rise edge)
                                                      0.000     0.000 r  
                                                      0.000     0.000 r  fft_clk (IN)
                         net (fo=4716, unset)         0.973     0.973    joiner/kernel_rom/fft_clk
    RAMB18_X1Y0          RAMB18E1                                     r  joiner/kernel_rom/output_kernel_word_reg/CLKARDCLK
  -------------------------------------------------------------------    -------------------
    RAMB18_X1Y0          RAMB18E1 (Prop_ramb18e1_CLKARDCLK_DOADO[10])
                                                      2.454     3.427 r  joiner/kernel_rom/output_kernel_word_reg/DOADO[10]
                         net (fo=2, routed)           1.468     4.895    product/B[10]
    DSP48_X0Y0           DSP48E1                                      r  product/product_ii_reg/B[10]
  -------------------------------------------------------------------    -------------------

                         (clock island_175 rise edge)
                                                      5.714     5.714 r  
                                                      0.000     5.714 r  fft_clk (IN)
                         net (fo=4716, unset)         0.924     6.638    product/fft_clk
    DSP48_X0Y0           DSP48E1                                      r  product/product_ii_reg/CLK
                         clock pessimism              0.000     6.638    
                         clock uncertainty           -0.035     6.603    
    DSP48_X0Y0           DSP48E1 (Setup_dsp48e1_CLK_B[10])
                                                     -3.536     3.067    product/product_ii_reg
  -------------------------------------------------------------------
                         required time                          3.067    
                         arrival time                          -4.895    
  -------------------------------------------------------------------
                         slack                                 -1.828    

Slack (VIOLATED) :        -1.786ns  (required time - arrival time)
  Source:                 registered_scheduling.held_phase_reg_replica_1/C
                            (rising edge-triggered cell FDRE clocked by island_175  {rise@0.000ns fall@2.857ns period=5.714ns})
  Destination:            input_guard/descriptor_reg[42]/CE
                            (rising edge-triggered cell FDCE clocked by island_175  {rise@0.000ns fall@2.857ns period=5.714ns})
  Path Group:             island_175
  Path Type:              Setup (Max at Slow Process Corner)
  Requirement:            5.714ns  (island_175 rise@5.714ns - island_175 rise@0.000ns)
  Data Path Delay:        7.211ns  (logic 1.200ns (16.640%)  route 6.011ns (83.360%))
  Logic Levels:           6  (LUT3=1 LUT4=1 LUT6=4)
  Clock Path Skew:        -0.049ns (DCD - SCD + CPR)
    Destination Clock Delay (DCD):    0.924ns = ( 6.638 - 5.714 ) 
    Source Clock Delay      (SCD):    0.973ns
    Clock Pessimism Removal (CPR):    0.000ns
  Clock Uncertainty:      0.035ns  ((TSJ^2 + TIJ^2)^1/2 + DJ) / 2 + PE
    Total System Jitter     (TSJ):    0.071ns
    Total Input Jitter      (TIJ):    0.000ns
    Discrete Jitter          (DJ):    0.000ns
    Phase Error              (PE):    0.000ns

    Location             Delay type                Incr(ns)  Path(ns)    Netlist Resource(s)
  -------------------------------------------------------------------    -------------------
                         (clock island_175 rise edge)
                                                      0.000     0.000 r  
                                                      0.000     0.000 r  fft_clk (IN)
                         net (fo=4716, unset)         0.973     0.973    fft_clk
    SLICE_X31Y7          FDRE                                         r  registered_scheduling.held_phase_reg_replica_1/C
  -------------------------------------------------------------------    -------------------
    SLICE_X31Y7          FDRE (Prop_fdre_C_Q)         0.456     1.429 r  registered_scheduling.held_phase_reg_replica_1/Q
                         net (fo=56, routed)          0.944     2.373    product_bank/held_phase_repN_1_alias
    SLICE_X28Y10         LUT3 (Prop_lut3_I1_O)        0.124     2.497 r  product_bank/balanced_identity.leaf_equal_inferred_i_36/O
                         net (fo=2, routed)           0.578     3.075    input_guard/balanced_identity.group_equal_orig0_inferred__2/i__11
    SLICE_X26Y10         LUT6 (Prop_lut6_I4_O)        0.124     3.199 r  input_guard/balanced_identity.leaf_equal_inferred_i_5/O
                         net (fo=1, routed)           1.057     4.256    input_guard/balanced_identity.leaf_equal[19]
    SLICE_X25Y10         LUT6 (Prop_lut6_I0_O)        0.124     4.380 r  input_guard/balanced_identity.group_equal_orig0_inferred__2/i_/O
                         net (fo=1, routed)           1.101     5.481    input_guard/balanced_identity.group_equal[3]
    SLICE_X25Y7          LUT6 (Prop_lut6_I4_O)        0.124     5.605 f  input_guard/fault_reasons[1]_i_2/O
                         net (fo=8, routed)           0.656     6.261    input_guard/fault_reasons[1]_i_2_n_0
    SLICE_X19Y7          LUT6 (Prop_lut6_I0_O)        0.124     6.385 f  input_guard/descriptor[69]_i_3__0/O
                         net (fo=2, routed)           0.565     6.950    input_guard/input_started_reg_0
    SLICE_X23Y7          LUT4 (Prop_lut4_I2_O)        0.124     7.074 r  input_guard/descriptor[69]_i_1/O
                         net (fo=71, routed)          1.111     8.184    input_guard/job_started
    SLICE_X29Y13         FDCE                                         r  input_guard/descriptor_reg[42]/CE
  -------------------------------------------------------------------    -------------------

                         (clock island_175 rise edge)
                                                      5.714     5.714 r  
                                                      0.000     5.714 r  fft_clk (IN)
                         net (fo=4716, unset)         0.924     6.638    input_guard/fft_clk
    SLICE_X29Y13         FDCE                                         r  input_guard/descriptor_reg[42]/C
                         clock pessimism              0.000     6.638    
                         clock uncertainty           -0.035     6.603    
    SLICE_X29Y13         FDCE (Setup_fdce_C_CE)      -0.205     6.398    input_guard/descriptor_reg[42]
  -------------------------------------------------------------------
                         required time                          6.398    
                         arrival time                          -8.184    
  -------------------------------------------------------------------
                         slack                                 -1.786    

Slack (VIOLATED) :        -1.786ns  (required time - arrival time)
  Source:                 registered_scheduling.held_phase_reg_replica_1/C
                            (rising edge-triggered cell FDRE clocked by island_175  {rise@0.000ns fall@2.857ns period=5.714ns})
  Destination:            input_guard/descriptor_reg[43]/CE
                            (rising edge-triggered cell FDCE clocked by island_175  {rise@0.000ns fall@2.857ns period=5.714ns})
  Path Group:             island_175
  Path Type:              Setup (Max at Slow Process Corner)
  Requirement:            5.714ns  (island_175 rise@5.714ns - island_175 rise@0.000ns)
  Data Path Delay:        7.211ns  (logic 1.200ns (16.640%)  route 6.011ns (83.360%))
  Logic Levels:           6  (LUT3=1 LUT4=1 LUT6=4)
  Clock Path Skew:        -0.049ns (DCD - SCD + CPR)
    Destination Clock Delay (DCD):    0.924ns = ( 6.638 - 5.714 ) 
    Source Clock Delay      (SCD):    0.973ns
    Clock Pessimism Removal (CPR):    0.000ns
  Clock Uncertainty:      0.035ns  ((TSJ^2 + TIJ^2)^1/2 + DJ) / 2 + PE
    Total System Jitter     (TSJ):    0.071ns
    Total Input Jitter      (TIJ):    0.000ns
    Discrete Jitter          (DJ):    0.000ns
    Phase Error              (PE):    0.000ns

    Location             Delay type                Incr(ns)  Path(ns)    Netlist Resource(s)
  -------------------------------------------------------------------    -------------------
                         (clock island_175 rise edge)
                                                      0.000     0.000 r  
                                                      0.000     0.000 r  fft_clk (IN)
                         net (fo=4716, unset)         0.973     0.973    fft_clk
    SLICE_X31Y7          FDRE                                         r  registered_scheduling.held_phase_reg_replica_1/C
  -------------------------------------------------------------------    -------------------
    SLICE_X31Y7          FDRE (Prop_fdre_C_Q)         0.456     1.429 r  registered_scheduling.held_phase_reg_replica_1/Q
                         net (fo=56, routed)          0.944     2.373    product_bank/held_phase_repN_1_alias
    SLICE_X28Y10         LUT3 (Prop_lut3_I1_O)        0.124     2.497 r  product_bank/balanced_identity.leaf_equal_inferred_i_36/O
                         net (fo=2, routed)           0.578     3.075    input_guard/balanced_identity.group_equal_orig0_inferred__2/i__11
    SLICE_X26Y10         LUT6 (Prop_lut6_I4_O)        0.124     3.199 r  input_guard/balanced_identity.leaf_equal_inferred_i_5/O
                         net (fo=1, routed)           1.057     4.256    input_guard/balanced_identity.leaf_equal[19]
    SLICE_X25Y10         LUT6 (Prop_lut6_I0_O)        0.124     4.380 r  input_guard/balanced_identity.group_equal_orig0_inferred__2/i_/O
                         net (fo=1, routed)           1.101     5.481    input_guard/balanced_identity.group_equal[3]
    SLICE_X25Y7          LUT6 (Prop_lut6_I4_O)        0.124     5.605 f  input_guard/fault_reasons[1]_i_2/O
                         net (fo=8, routed)           0.656     6.261    input_guard/fault_reasons[1]_i_2_n_0
    SLICE_X19Y7          LUT6 (Prop_lut6_I0_O)        0.124     6.385 f  input_guard/descriptor[69]_i_3__0/O
                         net (fo=2, routed)           0.565     6.950    input_guard/input_started_reg_0
    SLICE_X23Y7          LUT4 (Prop_lut4_I2_O)        0.124     7.074 r  input_guard/descriptor[69]_i_1/O
                         net (fo=71, routed)          1.111     8.184    input_guard/job_started
    SLICE_X29Y13         FDCE                                         r  input_guard/descriptor_reg[43]/CE
  -------------------------------------------------------------------    -------------------

                         (clock island_175 rise edge)
                                                      5.714     5.714 r  
                                                      0.000     5.714 r  fft_clk (IN)
                         net (fo=4716, unset)         0.924     6.638    input_guard/fft_clk
    SLICE_X29Y13         FDCE                                         r  input_guard/descriptor_reg[43]/C
                         clock pessimism              0.000     6.638    
                         clock uncertainty           -0.035     6.603    
    SLICE_X29Y13         FDCE (Setup_fdce_C_CE)      -0.205     6.398    input_guard/descriptor_reg[43]
  -------------------------------------------------------------------
                         required time                          6.398    
                         arrival time                          -8.184    
  -------------------------------------------------------------------
                         slack                                 -1.786    

Slack (VIOLATED) :        -1.786ns  (required time - arrival time)
  Source:                 registered_scheduling.held_phase_reg_replica_1/C
                            (rising edge-triggered cell FDRE clocked by island_175  {rise@0.000ns fall@2.857ns period=5.714ns})
  Destination:            input_guard/descriptor_reg[44]/CE
                            (rising edge-triggered cell FDCE clocked by island_175  {rise@0.000ns fall@2.857ns period=5.714ns})
  Path Group:             island_175
  Path Type:              Setup (Max at Slow Process Corner)
  Requirement:            5.714ns  (island_175 rise@5.714ns - island_175 rise@0.000ns)
  Data Path Delay:        7.211ns  (logic 1.200ns (16.640%)  route 6.011ns (83.360%))
  Logic Levels:           6  (LUT3=1 LUT4=1 LUT6=4)
  Clock Path Skew:        -0.049ns (DCD - SCD + CPR)
    Destination Clock Delay (DCD):    0.924ns = ( 6.638 - 5.714 ) 
    Source Clock Delay      (SCD):    0.973ns
    Clock Pessimism Removal (CPR):    0.000ns
  Clock Uncertainty:      0.035ns  ((TSJ^2 + TIJ^2)^1/2 + DJ) / 2 + PE
    Total System Jitter     (TSJ):    0.071ns
    Total Input Jitter      (TIJ):    0.000ns
    Discrete Jitter          (DJ):    0.000ns
    Phase Error              (PE):    0.000ns

    Location             Delay type                Incr(ns)  Path(ns)    Netlist Resource(s)
  -------------------------------------------------------------------    -------------------
                         (clock island_175 rise edge)
                                                      0.000     0.000 r  
                                                      0.000     0.000 r  fft_clk (IN)
                         net (fo=4716, unset)         0.973     0.973    fft_clk
    SLICE_X31Y7          FDRE                                         r  registered_scheduling.held_phase_reg_replica_1/C
  -------------------------------------------------------------------    -------------------
    SLICE_X31Y7          FDRE (Prop_fdre_C_Q)         0.456     1.429 r  registered_scheduling.held_phase_reg_replica_1/Q
                         net (fo=56, routed)          0.944     2.373    product_bank/held_phase_repN_1_alias
    SLICE_X28Y10         LUT3 (Prop_lut3_I1_O)        0.124     2.497 r  product_bank/balanced_identity.leaf_equal_inferred_i_36/O
                         net (fo=2, routed)           0.578     3.075    input_guard/balanced_identity.group_equal_orig0_inferred__2/i__11
    SLICE_X26Y10         LUT6 (Prop_lut6_I4_O)        0.124     3.199 r  input_guard/balanced_identity.leaf_equal_inferred_i_5/O
                         net (fo=1, routed)           1.057     4.256    input_guard/balanced_identity.leaf_equal[19]
    SLICE_X25Y10         LUT6 (Prop_lut6_I0_O)        0.124     4.380 r  input_guard/balanced_identity.group_equal_orig0_inferred__2/i_/O
                         net (fo=1, routed)           1.101     5.481    input_guard/balanced_identity.group_equal[3]
    SLICE_X25Y7          LUT6 (Prop_lut6_I4_O)        0.124     5.605 f  input_guard/fault_reasons[1]_i_2/O
                         net (fo=8, routed)           0.656     6.261    input_guard/fault_reasons[1]_i_2_n_0
    SLICE_X19Y7          LUT6 (Prop_lut6_I0_O)        0.124     6.385 f  input_guard/descriptor[69]_i_3__0/O
                         net (fo=2, routed)           0.565     6.950    input_guard/input_started_reg_0
    SLICE_X23Y7          LUT4 (Prop_lut4_I2_O)        0.124     7.074 r  input_guard/descriptor[69]_i_1/O
                         net (fo=71, routed)          1.111     8.184    input_guard/job_started
    SLICE_X29Y13         FDCE                                         r  input_guard/descriptor_reg[44]/CE
  -------------------------------------------------------------------    -------------------

                         (clock island_175 rise edge)
                                                      5.714     5.714 r  
                                                      0.000     5.714 r  fft_clk (IN)
                         net (fo=4716, unset)         0.924     6.638    input_guard/fft_clk
    SLICE_X29Y13         FDCE                                         r  input_guard/descriptor_reg[44]/C
                         clock pessimism              0.000     6.638    
                         clock uncertainty           -0.035     6.603    
    SLICE_X29Y13         FDCE (Setup_fdce_C_CE)      -0.205     6.398    input_guard/descriptor_reg[44]
  -------------------------------------------------------------------
                         required time                          6.398    
                         arrival time                          -8.184    
  -------------------------------------------------------------------
                         slack                                 -1.786    

Slack (VIOLATED) :        -1.786ns  (required time - arrival time)
  Source:                 registered_scheduling.held_phase_reg_replica_1/C
                            (rising edge-triggered cell FDRE clocked by island_175  {rise@0.000ns fall@2.857ns period=5.714ns})
  Destination:            input_guard/descriptor_reg[47]/CE
                            (rising edge-triggered cell FDCE clocked by island_175  {rise@0.000ns fall@2.857ns period=5.714ns})
  Path Group:             island_175
  Path Type:              Setup (Max at Slow Process Corner)
  Requirement:            5.714ns  (island_175 rise@5.714ns - island_175 rise@0.000ns)
  Data Path Delay:        7.211ns  (logic 1.200ns (16.640%)  route 6.011ns (83.360%))
  Logic Levels:           6  (LUT3=1 LUT4=1 LUT6=4)
  Clock Path Skew:        -0.049ns (DCD - SCD + CPR)
    Destination Clock Delay (DCD):    0.924ns = ( 6.638 - 5.714 ) 
    Source Clock Delay      (SCD):    0.973ns
    Clock Pessimism Removal (CPR):    0.000ns
  Clock Uncertainty:      0.035ns  ((TSJ^2 + TIJ^2)^1/2 + DJ) / 2 + PE
    Total System Jitter     (TSJ):    0.071ns
    Total Input Jitter      (TIJ):    0.000ns
    Discrete Jitter          (DJ):    0.000ns
    Phase Error              (PE):    0.000ns

    Location             Delay type                Incr(ns)  Path(ns)    Netlist Resource(s)
  -------------------------------------------------------------------    -------------------
                         (clock island_175 rise edge)
                                                      0.000     0.000 r  
                                                      0.000     0.000 r  fft_clk (IN)
                         net (fo=4716, unset)         0.973     0.973    fft_clk
    SLICE_X31Y7          FDRE                                         r  registered_scheduling.held_phase_reg_replica_1/C
  -------------------------------------------------------------------    -------------------
    SLICE_X31Y7          FDRE (Prop_fdre_C_Q)         0.456     1.429 r  registered_scheduling.held_phase_reg_replica_1/Q
                         net (fo=56, routed)          0.944     2.373    product_bank/held_phase_repN_1_alias
    SLICE_X28Y10         LUT3 (Prop_lut3_I1_O)        0.124     2.497 r  product_bank/balanced_identity.leaf_equal_inferred_i_36/O
                         net (fo=2, routed)           0.578     3.075    input_guard/balanced_identity.group_equal_orig0_inferred__2/i__11
    SLICE_X26Y10         LUT6 (Prop_lut6_I4_O)        0.124     3.199 r  input_guard/balanced_identity.leaf_equal_inferred_i_5/O
                         net (fo=1, routed)           1.057     4.256    input_guard/balanced_identity.leaf_equal[19]
    SLICE_X25Y10         LUT6 (Prop_lut6_I0_O)        0.124     4.380 r  input_guard/balanced_identity.group_equal_orig0_inferred__2/i_/O
                         net (fo=1, routed)           1.101     5.481    input_guard/balanced_identity.group_equal[3]
    SLICE_X25Y7          LUT6 (Prop_lut6_I4_O)        0.124     5.605 f  input_guard/fault_reasons[1]_i_2/O
                         net (fo=8, routed)           0.656     6.261    input_guard/fault_reasons[1]_i_2_n_0
    SLICE_X19Y7          LUT6 (Prop_lut6_I0_O)        0.124     6.385 f  input_guard/descriptor[69]_i_3__0/O
                         net (fo=2, routed)           0.565     6.950    input_guard/input_started_reg_0
    SLICE_X23Y7          LUT4 (Prop_lut4_I2_O)        0.124     7.074 r  input_guard/descriptor[69]_i_1/O
                         net (fo=71, routed)          1.111     8.184    input_guard/job_started
    SLICE_X29Y13         FDCE                                         r  input_guard/descriptor_reg[47]/CE
  -------------------------------------------------------------------    -------------------

                         (clock island_175 rise edge)
                                                      5.714     5.714 r  
                                                      0.000     5.714 r  fft_clk (IN)
                         net (fo=4716, unset)         0.924     6.638    input_guard/fft_clk
    SLICE_X29Y13         FDCE                                         r  input_guard/descriptor_reg[47]/C
                         clock pessimism              0.000     6.638    
                         clock uncertainty           -0.035     6.603    
    SLICE_X29Y13         FDCE (Setup_fdce_C_CE)      -0.205     6.398    input_guard/descriptor_reg[47]
  -------------------------------------------------------------------
                         required time                          6.398    
                         arrival time                          -8.184    
  -------------------------------------------------------------------
                         slack                                 -1.786    

Slack (VIOLATED) :        -1.786ns  (required time - arrival time)
  Source:                 registered_scheduling.held_phase_reg_replica_1/C
                            (rising edge-triggered cell FDRE clocked by island_175  {rise@0.000ns fall@2.857ns period=5.714ns})
  Destination:            input_guard/descriptor_reg[50]/CE
                            (rising edge-triggered cell FDCE clocked by island_175  {rise@0.000ns fall@2.857ns period=5.714ns})
  Path Group:             island_175
  Path Type:              Setup (Max at Slow Process Corner)
  Requirement:            5.714ns  (island_175 rise@5.714ns - island_175 rise@0.000ns)
  Data Path Delay:        7.211ns  (logic 1.200ns (16.640%)  route 6.011ns (83.360%))
  Logic Levels:           6  (LUT3=1 LUT4=1 LUT6=4)
  Clock Path Skew:        -0.049ns (DCD - SCD + CPR)
    Destination Clock Delay (DCD):    0.924ns = ( 6.638 - 5.714 ) 
    Source Clock Delay      (SCD):    0.973ns
    Clock Pessimism Removal (CPR):    0.000ns
  Clock Uncertainty:      0.035ns  ((TSJ^2 + TIJ^2)^1/2 + DJ) / 2 + PE
    Total System Jitter     (TSJ):    0.071ns
    Total Input Jitter      (TIJ):    0.000ns
    Discrete Jitter          (DJ):    0.000ns
    Phase Error              (PE):    0.000ns

    Location             Delay type                Incr(ns)  Path(ns)    Netlist Resource(s)
  -------------------------------------------------------------------    -------------------
                         (clock island_175 rise edge)
                                                      0.000     0.000 r  
                                                      0.000     0.000 r  fft_clk (IN)
                         net (fo=4716, unset)         0.973     0.973    fft_clk
    SLICE_X31Y7          FDRE                                         r  registered_scheduling.held_phase_reg_replica_1/C
  -------------------------------------------------------------------    -------------------
    SLICE_X31Y7          FDRE (Prop_fdre_C_Q)         0.456     1.429 r  registered_scheduling.held_phase_reg_replica_1/Q
                         net (fo=56, routed)          0.944     2.373    product_bank/held_phase_repN_1_alias
    SLICE_X28Y10         LUT3 (Prop_lut3_I1_O)        0.124     2.497 r  product_bank/balanced_identity.leaf_equal_inferred_i_36/O
                         net (fo=2, routed)           0.578     3.075    input_guard/balanced_identity.group_equal_orig0_inferred__2/i__11
    SLICE_X26Y10         LUT6 (Prop_lut6_I4_O)        0.124     3.199 r  input_guard/balanced_identity.leaf_equal_inferred_i_5/O
                         net (fo=1, routed)           1.057     4.256    input_guard/balanced_identity.leaf_equal[19]
    SLICE_X25Y10         LUT6 (Prop_lut6_I0_O)        0.124     4.380 r  input_guard/balanced_identity.group_equal_orig0_inferred__2/i_/O
                         net (fo=1, routed)           1.101     5.481    input_guard/balanced_identity.group_equal[3]
    SLICE_X25Y7          LUT6 (Prop_lut6_I4_O)        0.124     5.605 f  input_guard/fault_reasons[1]_i_2/O
                         net (fo=8, routed)           0.656     6.261    input_guard/fault_reasons[1]_i_2_n_0
    SLICE_X19Y7          LUT6 (Prop_lut6_I0_O)        0.124     6.385 f  input_guard/descriptor[69]_i_3__0/O
                         net (fo=2, routed)           0.565     6.950    input_guard/input_started_reg_0
    SLICE_X23Y7          LUT4 (Prop_lut4_I2_O)        0.124     7.074 r  input_guard/descriptor[69]_i_1/O
                         net (fo=71, routed)          1.111     8.184    input_guard/job_started
    SLICE_X29Y13         FDCE                                         r  input_guard/descriptor_reg[50]/CE
  -------------------------------------------------------------------    -------------------

                         (clock island_175 rise edge)
                                                      5.714     5.714 r  
                                                      0.000     5.714 r  fft_clk (IN)
                         net (fo=4716, unset)         0.924     6.638    input_guard/fft_clk
    SLICE_X29Y13         FDCE                                         r  input_guard/descriptor_reg[50]/C
                         clock pessimism              0.000     6.638    
                         clock uncertainty           -0.035     6.603    
    SLICE_X29Y13         FDCE (Setup_fdce_C_CE)      -0.205     6.398    input_guard/descriptor_reg[50]
  -------------------------------------------------------------------
                         required time                          6.398    
                         arrival time                          -8.184    
  -------------------------------------------------------------------
                         slack                                 -1.786    

Slack (VIOLATED) :        -1.786ns  (required time - arrival time)
  Source:                 registered_scheduling.held_phase_reg_replica_1/C
                            (rising edge-triggered cell FDRE clocked by island_175  {rise@0.000ns fall@2.857ns period=5.714ns})
  Destination:            input_guard/descriptor_reg[60]/CE
                            (rising edge-triggered cell FDCE clocked by island_175  {rise@0.000ns fall@2.857ns period=5.714ns})
  Path Group:             island_175
  Path Type:              Setup (Max at Slow Process Corner)
  Requirement:            5.714ns  (island_175 rise@5.714ns - island_175 rise@0.000ns)
  Data Path Delay:        7.211ns  (logic 1.200ns (16.640%)  route 6.011ns (83.360%))
  Logic Levels:           6  (LUT3=1 LUT4=1 LUT6=4)
  Clock Path Skew:        -0.049ns (DCD - SCD + CPR)
    Destination Clock Delay (DCD):    0.924ns = ( 6.638 - 5.714 ) 
    Source Clock Delay      (SCD):    0.973ns
    Clock Pessimism Removal (CPR):    0.000ns
  Clock Uncertainty:      0.035ns  ((TSJ^2 + TIJ^2)^1/2 + DJ) / 2 + PE
    Total System Jitter     (TSJ):    0.071ns
    Total Input Jitter      (TIJ):    0.000ns
    Discrete Jitter          (DJ):    0.000ns
    Phase Error              (PE):    0.000ns

    Location             Delay type                Incr(ns)  Path(ns)    Netlist Resource(s)
  -------------------------------------------------------------------    -------------------
                         (clock island_175 rise edge)
                                                      0.000     0.000 r  
                                                      0.000     0.000 r  fft_clk (IN)
                         net (fo=4716, unset)         0.973     0.973    fft_clk
    SLICE_X31Y7          FDRE                                         r  registered_scheduling.held_phase_reg_replica_1/C
  -------------------------------------------------------------------    -------------------
    SLICE_X31Y7          FDRE (Prop_fdre_C_Q)         0.456     1.429 r  registered_scheduling.held_phase_reg_replica_1/Q
                         net (fo=56, routed)          0.944     2.373    product_bank/held_phase_repN_1_alias
    SLICE_X28Y10         LUT3 (Prop_lut3_I1_O)        0.124     2.497 r  product_bank/balanced_identity.leaf_equal_inferred_i_36/O
                         net (fo=2, routed)           0.578     3.075    input_guard/balanced_identity.group_equal_orig0_inferred__2/i__11
    SLICE_X26Y10         LUT6 (Prop_lut6_I4_O)        0.124     3.199 r  input_guard/balanced_identity.leaf_equal_inferred_i_5/O
                         net (fo=1, routed)           1.057     4.256    input_guard/balanced_identity.leaf_equal[19]
    SLICE_X25Y10         LUT6 (Prop_lut6_I0_O)        0.124     4.380 r  input_guard/balanced_identity.group_equal_orig0_inferred__2/i_/O
                         net (fo=1, routed)           1.101     5.481    input_guard/balanced_identity.group_equal[3]
    SLICE_X25Y7          LUT6 (Prop_lut6_I4_O)        0.124     5.605 f  input_guard/fault_reasons[1]_i_2/O
                         net (fo=8, routed)           0.656     6.261    input_guard/fault_reasons[1]_i_2_n_0
    SLICE_X19Y7          LUT6 (Prop_lut6_I0_O)        0.124     6.385 f  input_guard/descriptor[69]_i_3__0/O
                         net (fo=2, routed)           0.565     6.950    input_guard/input_started_reg_0
    SLICE_X23Y7          LUT4 (Prop_lut4_I2_O)        0.124     7.074 r  input_guard/descriptor[69]_i_1/O
                         net (fo=71, routed)          1.111     8.184    input_guard/job_started
    SLICE_X29Y13         FDCE                                         r  input_guard/descriptor_reg[60]/CE
  -------------------------------------------------------------------    -------------------

                         (clock island_175 rise edge)
                                                      5.714     5.714 r  
                                                      0.000     5.714 r  fft_clk (IN)
                         net (fo=4716, unset)         0.924     6.638    input_guard/fft_clk
    SLICE_X29Y13         FDCE                                         r  input_guard/descriptor_reg[60]/C
                         clock pessimism              0.000     6.638    
                         clock uncertainty           -0.035     6.603    
    SLICE_X29Y13         FDCE (Setup_fdce_C_CE)      -0.205     6.398    input_guard/descriptor_reg[60]
  -------------------------------------------------------------------
                         required time                          6.398    
                         arrival time                          -8.184    
  -------------------------------------------------------------------
                         slack                                 -1.786    

Slack (VIOLATED) :        -1.786ns  (required time - arrival time)
  Source:                 registered_scheduling.held_phase_reg_replica_1/C
                            (rising edge-triggered cell FDRE clocked by island_175  {rise@0.000ns fall@2.857ns period=5.714ns})
  Destination:            input_guard/descriptor_reg[61]/CE
                            (rising edge-triggered cell FDCE clocked by island_175  {rise@0.000ns fall@2.857ns period=5.714ns})
  Path Group:             island_175
  Path Type:              Setup (Max at Slow Process Corner)
  Requirement:            5.714ns  (island_175 rise@5.714ns - island_175 rise@0.000ns)
  Data Path Delay:        7.211ns  (logic 1.200ns (16.640%)  route 6.011ns (83.360%))
  Logic Levels:           6  (LUT3=1 LUT4=1 LUT6=4)
  Clock Path Skew:        -0.049ns (DCD - SCD + CPR)
    Destination Clock Delay (DCD):    0.924ns = ( 6.638 - 5.714 ) 
    Source Clock Delay      (SCD):    0.973ns
    Clock Pessimism Removal (CPR):    0.000ns
  Clock Uncertainty:      0.035ns  ((TSJ^2 + TIJ^2)^1/2 + DJ) / 2 + PE
    Total System Jitter     (TSJ):    0.071ns
    Total Input Jitter      (TIJ):    0.000ns
    Discrete Jitter          (DJ):    0.000ns
    Phase Error              (PE):    0.000ns

    Location             Delay type                Incr(ns)  Path(ns)    Netlist Resource(s)
  -------------------------------------------------------------------    -------------------
                         (clock island_175 rise edge)
                                                      0.000     0.000 r  
                                                      0.000     0.000 r  fft_clk (IN)
                         net (fo=4716, unset)         0.973     0.973    fft_clk
    SLICE_X31Y7          FDRE                                         r  registered_scheduling.held_phase_reg_replica_1/C
  -------------------------------------------------------------------    -------------------
    SLICE_X31Y7          FDRE (Prop_fdre_C_Q)         0.456     1.429 r  registered_scheduling.held_phase_reg_replica_1/Q
                         net (fo=56, routed)          0.944     2.373    product_bank/held_phase_repN_1_alias
    SLICE_X28Y10         LUT3 (Prop_lut3_I1_O)        0.124     2.497 r  product_bank/balanced_identity.leaf_equal_inferred_i_36/O
                         net (fo=2, routed)           0.578     3.075    input_guard/balanced_identity.group_equal_orig0_inferred__2/i__11
    SLICE_X26Y10         LUT6 (Prop_lut6_I4_O)        0.124     3.199 r  input_guard/balanced_identity.leaf_equal_inferred_i_5/O
                         net (fo=1, routed)           1.057     4.256    input_guard/balanced_identity.leaf_equal[19]
    SLICE_X25Y10         LUT6 (Prop_lut6_I0_O)        0.124     4.380 r  input_guard/balanced_identity.group_equal_orig0_inferred__2/i_/O
                         net (fo=1, routed)           1.101     5.481    input_guard/balanced_identity.group_equal[3]
    SLICE_X25Y7          LUT6 (Prop_lut6_I4_O)        0.124     5.605 f  input_guard/fault_reasons[1]_i_2/O
                         net (fo=8, routed)           0.656     6.261    input_guard/fault_reasons[1]_i_2_n_0
    SLICE_X19Y7          LUT6 (Prop_lut6_I0_O)        0.124     6.385 f  input_guard/descriptor[69]_i_3__0/O
                         net (fo=2, routed)           0.565     6.950    input_guard/input_started_reg_0
    SLICE_X23Y7          LUT4 (Prop_lut4_I2_O)        0.124     7.074 r  input_guard/descriptor[69]_i_1/O
                         net (fo=71, routed)          1.111     8.184    input_guard/job_started
    SLICE_X29Y13         FDCE                                         r  input_guard/descriptor_reg[61]/CE
  -------------------------------------------------------------------    -------------------

                         (clock island_175 rise edge)
                                                      5.714     5.714 r  
                                                      0.000     5.714 r  fft_clk (IN)
                         net (fo=4716, unset)         0.924     6.638    input_guard/fft_clk
    SLICE_X29Y13         FDCE                                         r  input_guard/descriptor_reg[61]/C
                         clock pessimism              0.000     6.638    
                         clock uncertainty           -0.035     6.603    
    SLICE_X29Y13         FDCE (Setup_fdce_C_CE)      -0.205     6.398    input_guard/descriptor_reg[61]
  -------------------------------------------------------------------
                         required time                          6.398    
                         arrival time                          -8.184    
  -------------------------------------------------------------------
                         slack                                 -1.786    

Slack (VIOLATED) :        -1.786ns  (required time - arrival time)
  Source:                 registered_scheduling.held_phase_reg_replica_1/C
                            (rising edge-triggered cell FDRE clocked by island_175  {rise@0.000ns fall@2.857ns period=5.714ns})
  Destination:            input_guard/descriptor_reg[62]/CE
                            (rising edge-triggered cell FDCE clocked by island_175  {rise@0.000ns fall@2.857ns period=5.714ns})
  Path Group:             island_175
  Path Type:              Setup (Max at Slow Process Corner)
  Requirement:            5.714ns  (island_175 rise@5.714ns - island_175 rise@0.000ns)
  Data Path Delay:        7.211ns  (logic 1.200ns (16.640%)  route 6.011ns (83.360%))
  Logic Levels:           6  (LUT3=1 LUT4=1 LUT6=4)
  Clock Path Skew:        -0.049ns (DCD - SCD + CPR)
    Destination Clock Delay (DCD):    0.924ns = ( 6.638 - 5.714 ) 
    Source Clock Delay      (SCD):    0.973ns
    Clock Pessimism Removal (CPR):    0.000ns
  Clock Uncertainty:      0.035ns  ((TSJ^2 + TIJ^2)^1/2 + DJ) / 2 + PE
    Total System Jitter     (TSJ):    0.071ns
    Total Input Jitter      (TIJ):    0.000ns
    Discrete Jitter          (DJ):    0.000ns
    Phase Error              (PE):    0.000ns

    Location             Delay type                Incr(ns)  Path(ns)    Netlist Resource(s)
  -------------------------------------------------------------------    -------------------
                         (clock island_175 rise edge)
                                                      0.000     0.000 r  
                                                      0.000     0.000 r  fft_clk (IN)
                         net (fo=4716, unset)         0.973     0.973    fft_clk
    SLICE_X31Y7          FDRE                                         r  registered_scheduling.held_phase_reg_replica_1/C
  -------------------------------------------------------------------    -------------------
    SLICE_X31Y7          FDRE (Prop_fdre_C_Q)         0.456     1.429 r  registered_scheduling.held_phase_reg_replica_1/Q
                         net (fo=56, routed)          0.944     2.373    product_bank/held_phase_repN_1_alias
    SLICE_X28Y10         LUT3 (Prop_lut3_I1_O)        0.124     2.497 r  product_bank/balanced_identity.leaf_equal_inferred_i_36/O
                         net (fo=2, routed)           0.578     3.075    input_guard/balanced_identity.group_equal_orig0_inferred__2/i__11
    SLICE_X26Y10         LUT6 (Prop_lut6_I4_O)        0.124     3.199 r  input_guard/balanced_identity.leaf_equal_inferred_i_5/O
                         net (fo=1, routed)           1.057     4.256    input_guard/balanced_identity.leaf_equal[19]
    SLICE_X25Y10         LUT6 (Prop_lut6_I0_O)        0.124     4.380 r  input_guard/balanced_identity.group_equal_orig0_inferred__2/i_/O
                         net (fo=1, routed)           1.101     5.481    input_guard/balanced_identity.group_equal[3]
    SLICE_X25Y7          LUT6 (Prop_lut6_I4_O)        0.124     5.605 f  input_guard/fault_reasons[1]_i_2/O
                         net (fo=8, routed)           0.656     6.261    input_guard/fault_reasons[1]_i_2_n_0
    SLICE_X19Y7          LUT6 (Prop_lut6_I0_O)        0.124     6.385 f  input_guard/descriptor[69]_i_3__0/O
                         net (fo=2, routed)           0.565     6.950    input_guard/input_started_reg_0
    SLICE_X23Y7          LUT4 (Prop_lut4_I2_O)        0.124     7.074 r  input_guard/descriptor[69]_i_1/O
                         net (fo=71, routed)          1.111     8.184    input_guard/job_started
    SLICE_X29Y13         FDCE                                         r  input_guard/descriptor_reg[62]/CE
  -------------------------------------------------------------------    -------------------

                         (clock island_175 rise edge)
                                                      5.714     5.714 r  
                                                      0.000     5.714 r  fft_clk (IN)
                         net (fo=4716, unset)         0.924     6.638    input_guard/fft_clk
    SLICE_X29Y13         FDCE                                         r  input_guard/descriptor_reg[62]/C
                         clock pessimism              0.000     6.638    
                         clock uncertainty           -0.035     6.603    
    SLICE_X29Y13         FDCE (Setup_fdce_C_CE)      -0.205     6.398    input_guard/descriptor_reg[62]
  -------------------------------------------------------------------
                         required time                          6.398    
                         arrival time                          -8.184    
  -------------------------------------------------------------------
                         slack                                 -1.786    

Slack (VIOLATED) :        -1.770ns  (required time - arrival time)
  Source:                 registered_scheduling.held_phase_reg_replica_1/C
                            (rising edge-triggered cell FDRE clocked by island_175  {rise@0.000ns fall@2.857ns period=5.714ns})
  Destination:            registered_scheduling.descriptor_certified_reg/D
                            (rising edge-triggered cell FDRE clocked by island_175  {rise@0.000ns fall@2.857ns period=5.714ns})
  Path Group:             island_175
  Path Type:              Setup (Max at Slow Process Corner)
  Requirement:            5.714ns  (island_175 rise@5.714ns - island_175 rise@0.000ns)
  Data Path Delay:        7.429ns  (logic 1.572ns (21.161%)  route 5.857ns (78.839%))
  Logic Levels:           9  (LUT3=2 LUT6=7)
  Clock Path Skew:        -0.049ns (DCD - SCD + CPR)
    Destination Clock Delay (DCD):    0.924ns = ( 6.638 - 5.714 ) 
    Source Clock Delay      (SCD):    0.973ns
    Clock Pessimism Removal (CPR):    0.000ns
  Clock Uncertainty:      0.035ns  ((TSJ^2 + TIJ^2)^1/2 + DJ) / 2 + PE
    Total System Jitter     (TSJ):    0.071ns
    Total Input Jitter      (TIJ):    0.000ns
    Discrete Jitter          (DJ):    0.000ns
    Phase Error              (PE):    0.000ns

    Location             Delay type                Incr(ns)  Path(ns)    Netlist Resource(s)
  -------------------------------------------------------------------    -------------------
                         (clock island_175 rise edge)
                                                      0.000     0.000 r  
                                                      0.000     0.000 r  fft_clk (IN)
                         net (fo=4716, unset)         0.973     0.973    fft_clk
    SLICE_X31Y7          FDRE                                         r  registered_scheduling.held_phase_reg_replica_1/C
  -------------------------------------------------------------------    -------------------
    SLICE_X31Y7          FDRE (Prop_fdre_C_Q)         0.456     1.429 r  registered_scheduling.held_phase_reg_replica_1/Q
                         net (fo=56, routed)          0.944     2.373    product_bank/held_phase_repN_1_alias
    SLICE_X28Y10         LUT3 (Prop_lut3_I1_O)        0.124     2.497 r  product_bank/balanced_identity.leaf_equal_inferred_i_36/O
                         net (fo=2, routed)           0.578     3.075    input_guard/balanced_identity.group_equal_orig0_inferred__2/i__11
    SLICE_X26Y10         LUT6 (Prop_lut6_I4_O)        0.124     3.199 r  input_guard/balanced_identity.leaf_equal_inferred_i_5/O
                         net (fo=1, routed)           1.057     4.256    input_guard/balanced_identity.leaf_equal[19]
    SLICE_X25Y10         LUT6 (Prop_lut6_I0_O)        0.124     4.380 r  input_guard/balanced_identity.group_equal_orig0_inferred__2/i_/O
                         net (fo=1, routed)           1.101     5.481    input_guard/balanced_identity.group_equal[3]
    SLICE_X25Y7          LUT6 (Prop_lut6_I4_O)        0.124     5.605 f  input_guard/fault_reasons[1]_i_2/O
                         net (fo=8, routed)           0.656     6.261    input_guard/fault_reasons[1]_i_2_n_0
    SLICE_X19Y7          LUT6 (Prop_lut6_I0_O)        0.124     6.385 f  input_guard/descriptor[69]_i_3__0/O
                         net (fo=2, routed)           0.161     6.546    product_bank/registered_scheduling.admission_receipt_i_2_0
    SLICE_X19Y7          LUT6 (Prop_lut6_I2_O)        0.124     6.670 r  product_bank/fault_reasons[0]_i_4/O
                         net (fo=3, routed)           0.319     6.989    product_bank/registered_scheduling.forward_committed_reg
    SLICE_X19Y8          LUT6 (Prop_lut6_I3_O)        0.124     7.113 f  product_bank/fault_reasons[0]_i_2_comp/O
                         net (fo=2, routed)           0.573     7.686    product_bank/registered_scheduling.preparation_age_reg[5]
    SLICE_X18Y10         LUT3 (Prop_lut3_I0_O)        0.124     7.810 f  product_bank/registered_scheduling.completion_receipt_i_7/O
                         net (fo=3, routed)           0.467     8.278    product_bank/any_fast_fault
    SLICE_X17Y8          LUT6 (Prop_lut6_I4_O)        0.124     8.402 r  product_bank/registered_scheduling.descriptor_certified_i_1/O
                         net (fo=1, routed)           0.000     8.402    product_bank_n_228
    SLICE_X17Y8          FDRE                                         r  registered_scheduling.descriptor_certified_reg/D
  -------------------------------------------------------------------    -------------------

                         (clock island_175 rise edge)
                                                      5.714     5.714 r  
                                                      0.000     5.714 r  fft_clk (IN)
                         net (fo=4716, unset)         0.924     6.638    fft_clk
    SLICE_X17Y8          FDRE                                         r  registered_scheduling.descriptor_certified_reg/C
                         clock pessimism              0.000     6.638    
                         clock uncertainty           -0.035     6.603    
    SLICE_X17Y8          FDRE (Setup_fdre_C_D)        0.029     6.632    registered_scheduling.descriptor_certified_reg
  -------------------------------------------------------------------
                         required time                          6.632    
                         arrival time                          -8.402    
  -------------------------------------------------------------------
                         slack                                 -1.770    

Slack (VIOLATED) :        -1.761ns  (required time - arrival time)
  Source:                 joiner/kernel_rom/output_kernel_word_reg/CLKARDCLK
                            (rising edge-triggered cell RAMB18E1 clocked by island_175  {rise@0.000ns fall@2.857ns period=5.714ns})
  Destination:            product/product_ii_reg/B[12]
                            (rising edge-triggered cell DSP48E1 clocked by island_175  {rise@0.000ns fall@2.857ns period=5.714ns})
  Path Group:             island_175
  Path Type:              Setup (Max at Slow Process Corner)
  Requirement:            5.714ns  (island_175 rise@5.714ns - island_175 rise@0.000ns)
  Data Path Delay:        3.855ns  (logic 2.454ns (63.657%)  route 1.401ns (36.343%))
  Logic Levels:           0  
  Clock Path Skew:        -0.049ns (DCD - SCD + CPR)
    Destination Clock Delay (DCD):    0.924ns = ( 6.638 - 5.714 ) 
    Source Clock Delay      (SCD):    0.973ns
    Clock Pessimism Removal (CPR):    0.000ns
  Clock Uncertainty:      0.035ns  ((TSJ^2 + TIJ^2)^1/2 + DJ) / 2 + PE
    Total System Jitter     (TSJ):    0.071ns
    Total Input Jitter      (TIJ):    0.000ns
    Discrete Jitter          (DJ):    0.000ns
    Phase Error              (PE):    0.000ns

    Location             Delay type                Incr(ns)  Path(ns)    Netlist Resource(s)
  -------------------------------------------------------------------    -------------------
                         (clock island_175 rise edge)
                                                      0.000     0.000 r  
                                                      0.000     0.000 r  fft_clk (IN)
                         net (fo=4716, unset)         0.973     0.973    joiner/kernel_rom/fft_clk
    RAMB18_X1Y0          RAMB18E1                                     r  joiner/kernel_rom/output_kernel_word_reg/CLKARDCLK
  -------------------------------------------------------------------    -------------------
    RAMB18_X1Y0          RAMB18E1 (Prop_ramb18e1_CLKARDCLK_DOADO[12])
                                                      2.454     3.427 r  joiner/kernel_rom/output_kernel_word_reg/DOADO[12]
                         net (fo=2, routed)           1.401     4.828    product/B[12]
    DSP48_X0Y0           DSP48E1                                      r  product/product_ii_reg/B[12]
  -------------------------------------------------------------------    -------------------

                         (clock island_175 rise edge)
                                                      5.714     5.714 r  
                                                      0.000     5.714 r  fft_clk (IN)
                         net (fo=4716, unset)         0.924     6.638    product/fft_clk
    DSP48_X0Y0           DSP48E1                                      r  product/product_ii_reg/CLK
                         clock pessimism              0.000     6.638    
                         clock uncertainty           -0.035     6.603    
    DSP48_X0Y0           DSP48E1 (Setup_dsp48e1_CLK_B[12])
                                                     -3.536     3.067    product/product_ii_reg
  -------------------------------------------------------------------
                         required time                          3.067    
                         arrival time                          -4.828    
  -------------------------------------------------------------------
                         slack                                 -1.761    




