Copyright 1986-2022 Xilinx, Inc. All Rights Reserved.
-----------------------------------------------------------------------------------------------------------------------------------------------------------------------------------------------------------------
| Tool Version : Vivado v.2022.2 (lin64) Build 3671981 Fri Oct 14 04:59:54 MDT 2022
| Date         : Thu Sep 10 05:13:13 2026
| Host         : gauss running 64-bit Ubuntu 26.04 LTS
| Command      : report_timing -from [get_clocks source_100] -to [get_clocks source_100] -delay_type min -max_paths 20 -file /tmp/starlink-completed-input.5EaJuD/forward-retirement-route-v1/source_100_min.rpt
| Design       : starlink_pss_fft_bank_owned_slice
| Device       : 7z010-clg400
| Speed File   : -1  PRODUCTION 1.12 2019-11-22
-----------------------------------------------------------------------------------------------------------------------------------------------------------------------------------------------------------------

Timing Report

Slack (MET) :             0.100ns  (arrival time - required time)
  Source:                 fast_fault_slow_reg[0]/C
                            (rising edge-triggered cell FDRE clocked by source_100  {rise@0.000ns fall@5.000ns period=10.000ns})
  Destination:            fast_fault_slow_reg[1]/D
                            (rising edge-triggered cell FDRE clocked by source_100  {rise@0.000ns fall@5.000ns period=10.000ns})
  Path Group:             source_100
  Path Type:              Hold (Min at Fast Process Corner)
  Requirement:            0.000ns  (source_100 rise@0.000ns - source_100 rise@0.000ns)
  Data Path Delay:        0.197ns  (logic 0.141ns (71.611%)  route 0.056ns (28.389%))
  Logic Levels:           0  
  Clock Path Skew:        0.022ns (DCD - SCD - CPR)
    Destination Clock Delay (DCD):    0.432ns
    Source Clock Delay      (SCD):    0.410ns
    Clock Pessimism Removal (CPR):    -0.000ns

    Location             Delay type                Incr(ns)  Path(ns)    Netlist Resource(s)
  -------------------------------------------------------------------    -------------------
                         (clock source_100 rise edge)
                                                      0.000     0.000 r  
                                                      0.000     0.000 r  clk (IN)
                         net (fo=183, unset)          0.410     0.410    clk
    SLICE_X13Y9          FDRE                                         r  fast_fault_slow_reg[0]/C
  -------------------------------------------------------------------    -------------------
    SLICE_X13Y9          FDRE (Prop_fdre_C_Q)         0.141     0.551 r  fast_fault_slow_reg[0]/Q
                         net (fo=1, routed)           0.056     0.607    fast_fault_slow[0]
    SLICE_X13Y9          FDRE                                         r  fast_fault_slow_reg[1]/D
  -------------------------------------------------------------------    -------------------

                         (clock source_100 rise edge)
                                                      0.000     0.000 r  
                                                      0.000     0.000 r  clk (IN)
                         net (fo=183, unset)          0.432     0.432    clk
    SLICE_X13Y9          FDRE                                         r  fast_fault_slow_reg[1]/C
                         clock pessimism              0.000     0.432    
    SLICE_X13Y9          FDRE (Hold_fdre_C_D)         0.075     0.507    fast_fault_slow_reg[1]
  -------------------------------------------------------------------
                         required time                         -0.507    
                         arrival time                           0.607    
  -------------------------------------------------------------------
                         slack                                  0.100    

Slack (MET) :             0.100ns  (arrival time - required time)
  Source:                 source_bank/acknowledge_sync_reg[0]/C
                            (rising edge-triggered cell FDRE clocked by source_100  {rise@0.000ns fall@5.000ns period=10.000ns})
  Destination:            source_bank/acknowledge_sync_reg[1]/D
                            (rising edge-triggered cell FDRE clocked by source_100  {rise@0.000ns fall@5.000ns period=10.000ns})
  Path Group:             source_100
  Path Type:              Hold (Min at Fast Process Corner)
  Requirement:            0.000ns  (source_100 rise@0.000ns - source_100 rise@0.000ns)
  Data Path Delay:        0.197ns  (logic 0.141ns (71.611%)  route 0.056ns (28.389%))
  Logic Levels:           0  
  Clock Path Skew:        0.022ns (DCD - SCD - CPR)
    Destination Clock Delay (DCD):    0.432ns
    Source Clock Delay      (SCD):    0.410ns
    Clock Pessimism Removal (CPR):    -0.000ns

    Location             Delay type                Incr(ns)  Path(ns)    Netlist Resource(s)
  -------------------------------------------------------------------    -------------------
                         (clock source_100 rise edge)
                                                      0.000     0.000 r  
                                                      0.000     0.000 r  clk (IN)
                         net (fo=183, unset)          0.410     0.410    source_bank/clk
    SLICE_X7Y7           FDRE                                         r  source_bank/acknowledge_sync_reg[0]/C
  -------------------------------------------------------------------    -------------------
    SLICE_X7Y7           FDRE (Prop_fdre_C_Q)         0.141     0.551 r  source_bank/acknowledge_sync_reg[0]/Q
                         net (fo=1, routed)           0.056     0.607    source_bank/acknowledge_sync[0]
    SLICE_X7Y7           FDRE                                         r  source_bank/acknowledge_sync_reg[1]/D
  -------------------------------------------------------------------    -------------------

                         (clock source_100 rise edge)
                                                      0.000     0.000 r  
                                                      0.000     0.000 r  clk (IN)
                         net (fo=183, unset)          0.432     0.432    source_bank/clk
    SLICE_X7Y7           FDRE                                         r  source_bank/acknowledge_sync_reg[1]/C
                         clock pessimism              0.000     0.432    
    SLICE_X7Y7           FDRE (Hold_fdre_C_D)         0.075     0.507    source_bank/acknowledge_sync_reg[1]
  -------------------------------------------------------------------
                         required time                         -0.507    
                         arrival time                           0.607    
  -------------------------------------------------------------------
                         slack                                  0.100    

Slack (MET) :             0.138ns  (arrival time - required time)
  Source:                 fast_reset_slow_reg[0]/C
                            (rising edge-triggered cell FDCE clocked by source_100  {rise@0.000ns fall@5.000ns period=10.000ns})
  Destination:            fast_reset_slow_reg[1]/D
                            (rising edge-triggered cell FDCE clocked by source_100  {rise@0.000ns fall@5.000ns period=10.000ns})
  Path Group:             source_100
  Path Type:              Hold (Min at Fast Process Corner)
  Requirement:            0.000ns  (source_100 rise@0.000ns - source_100 rise@0.000ns)
  Data Path Delay:        0.220ns  (logic 0.164ns (74.580%)  route 0.056ns (25.420%))
  Logic Levels:           0  
  Clock Path Skew:        0.022ns (DCD - SCD - CPR)
    Destination Clock Delay (DCD):    0.432ns
    Source Clock Delay      (SCD):    0.410ns
    Clock Pessimism Removal (CPR):    -0.000ns

    Location             Delay type                Incr(ns)  Path(ns)    Netlist Resource(s)
  -------------------------------------------------------------------    -------------------
                         (clock source_100 rise edge)
                                                      0.000     0.000 r  
                                                      0.000     0.000 r  clk (IN)
                         net (fo=183, unset)          0.410     0.410    clk
    SLICE_X10Y0          FDCE                                         r  fast_reset_slow_reg[0]/C
  -------------------------------------------------------------------    -------------------
    SLICE_X10Y0          FDCE (Prop_fdce_C_Q)         0.164     0.574 r  fast_reset_slow_reg[0]/Q
                         net (fo=1, routed)           0.056     0.630    fast_reset_slow[0]
    SLICE_X10Y0          FDCE                                         r  fast_reset_slow_reg[1]/D
  -------------------------------------------------------------------    -------------------

                         (clock source_100 rise edge)
                                                      0.000     0.000 r  
                                                      0.000     0.000 r  clk (IN)
                         net (fo=183, unset)          0.432     0.432    clk
    SLICE_X10Y0          FDCE                                         r  fast_reset_slow_reg[1]/C
                         clock pessimism              0.000     0.432    
    SLICE_X10Y0          FDCE (Hold_fdce_C_D)         0.060     0.492    fast_reset_slow_reg[1]
  -------------------------------------------------------------------
                         required time                         -0.492    
                         arrival time                           0.630    
  -------------------------------------------------------------------
                         slack                                  0.138    

Slack (MET) :             0.138ns  (arrival time - required time)
  Source:                 slow_reset_slow_reg[0]/C
                            (rising edge-triggered cell FDCE clocked by source_100  {rise@0.000ns fall@5.000ns period=10.000ns})
  Destination:            slow_reset_slow_reg[1]/D
                            (rising edge-triggered cell FDCE clocked by source_100  {rise@0.000ns fall@5.000ns period=10.000ns})
  Path Group:             source_100
  Path Type:              Hold (Min at Fast Process Corner)
  Requirement:            0.000ns  (source_100 rise@0.000ns - source_100 rise@0.000ns)
  Data Path Delay:        0.220ns  (logic 0.164ns (74.580%)  route 0.056ns (25.420%))
  Logic Levels:           0  
  Clock Path Skew:        0.022ns (DCD - SCD - CPR)
    Destination Clock Delay (DCD):    0.432ns
    Source Clock Delay      (SCD):    0.410ns
    Clock Pessimism Removal (CPR):    -0.000ns

    Location             Delay type                Incr(ns)  Path(ns)    Netlist Resource(s)
  -------------------------------------------------------------------    -------------------
                         (clock source_100 rise edge)
                                                      0.000     0.000 r  
                                                      0.000     0.000 r  clk (IN)
                         net (fo=183, unset)          0.410     0.410    clk
    SLICE_X8Y0           FDCE                                         r  slow_reset_slow_reg[0]/C
  -------------------------------------------------------------------    -------------------
    SLICE_X8Y0           FDCE (Prop_fdce_C_Q)         0.164     0.574 r  slow_reset_slow_reg[0]/Q
                         net (fo=1, routed)           0.056     0.630    slow_reset_slow[0]
    SLICE_X8Y0           FDCE                                         r  slow_reset_slow_reg[1]/D
  -------------------------------------------------------------------    -------------------

                         (clock source_100 rise edge)
                                                      0.000     0.000 r  
                                                      0.000     0.000 r  clk (IN)
                         net (fo=183, unset)          0.432     0.432    clk
    SLICE_X8Y0           FDCE                                         r  slow_reset_slow_reg[1]/C
                         clock pessimism              0.000     0.432    
    SLICE_X8Y0           FDCE (Hold_fdce_C_D)         0.060     0.492    slow_reset_slow_reg[1]
  -------------------------------------------------------------------
                         required time                         -0.492    
                         arrival time                           0.630    
  -------------------------------------------------------------------
                         slack                                  0.138    

Slack (MET) :             0.180ns  (arrival time - required time)
  Source:                 output_bank/read_address_reg[4]/C
                            (rising edge-triggered cell FDRE clocked by source_100  {rise@0.000ns fall@5.000ns period=10.000ns})
  Destination:            output_bank/read_output_position_reg[4]/D
                            (rising edge-triggered cell FDRE clocked by source_100  {rise@0.000ns fall@5.000ns period=10.000ns})
  Path Group:             source_100
  Path Type:              Hold (Min at Fast Process Corner)
  Requirement:            0.000ns  (source_100 rise@0.000ns - source_100 rise@0.000ns)
  Data Path Delay:        0.249ns  (logic 0.164ns (65.993%)  route 0.085ns (34.007%))
  Logic Levels:           0  
  Clock Path Skew:        0.022ns (DCD - SCD - CPR)
    Destination Clock Delay (DCD):    0.432ns
    Source Clock Delay      (SCD):    0.410ns
    Clock Pessimism Removal (CPR):    -0.000ns

    Location             Delay type                Incr(ns)  Path(ns)    Netlist Resource(s)
  -------------------------------------------------------------------    -------------------
                         (clock source_100 rise edge)
                                                      0.000     0.000 r  
                                                      0.000     0.000 r  clk (IN)
                         net (fo=183, unset)          0.410     0.410    output_bank/clk
    SLICE_X4Y1           FDRE                                         r  output_bank/read_address_reg[4]/C
  -------------------------------------------------------------------    -------------------
    SLICE_X4Y1           FDRE (Prop_fdre_C_Q)         0.164     0.574 r  output_bank/read_address_reg[4]/Q
                         net (fo=4, routed)           0.085     0.659    output_bank/read_address[4]
    SLICE_X5Y1           FDRE                                         r  output_bank/read_output_position_reg[4]/D
  -------------------------------------------------------------------    -------------------

                         (clock source_100 rise edge)
                                                      0.000     0.000 r  
                                                      0.000     0.000 r  clk (IN)
                         net (fo=183, unset)          0.432     0.432    output_bank/clk
    SLICE_X5Y1           FDRE                                         r  output_bank/read_output_position_reg[4]/C
                         clock pessimism              0.000     0.432    
    SLICE_X5Y1           FDRE (Hold_fdre_C_D)         0.047     0.479    output_bank/read_output_position_reg[4]
  -------------------------------------------------------------------
                         required time                         -0.479    
                         arrival time                           0.659    
  -------------------------------------------------------------------
                         slack                                  0.180    

Slack (MET) :             0.188ns  (arrival time - required time)
  Source:                 output_bank/read_all_loaded_reg/C
                            (rising edge-triggered cell FDRE clocked by source_100  {rise@0.000ns fall@5.000ns period=10.000ns})
  Destination:            output_bank/read_all_loaded_reg/D
                            (rising edge-triggered cell FDRE clocked by source_100  {rise@0.000ns fall@5.000ns period=10.000ns})
  Path Group:             source_100
  Path Type:              Hold (Min at Fast Process Corner)
  Requirement:            0.000ns  (source_100 rise@0.000ns - source_100 rise@0.000ns)
  Data Path Delay:        0.300ns  (logic 0.186ns (61.957%)  route 0.114ns (38.043%))
  Logic Levels:           1  (LUT5=1)
  Clock Path Skew:        0.022ns (DCD - SCD - CPR)
    Destination Clock Delay (DCD):    0.432ns
    Source Clock Delay      (SCD):    0.410ns
    Clock Pessimism Removal (CPR):    -0.000ns

    Location             Delay type                Incr(ns)  Path(ns)    Netlist Resource(s)
  -------------------------------------------------------------------    -------------------
                         (clock source_100 rise edge)
                                                      0.000     0.000 r  
                                                      0.000     0.000 r  clk (IN)
                         net (fo=183, unset)          0.410     0.410    output_bank/clk
    SLICE_X3Y2           FDRE                                         r  output_bank/read_all_loaded_reg/C
  -------------------------------------------------------------------    -------------------
    SLICE_X3Y2           FDRE (Prop_fdre_C_Q)         0.141     0.551 r  output_bank/read_all_loaded_reg/Q
                         net (fo=2, routed)           0.114     0.665    output_bank/read_all_loaded_reg_n_0
    SLICE_X3Y2           LUT5 (Prop_lut5_I4_O)        0.045     0.710 r  output_bank/read_all_loaded_i_1__1/O
                         net (fo=1, routed)           0.000     0.710    output_bank/read_all_loaded_i_1__1_n_0
    SLICE_X3Y2           FDRE                                         r  output_bank/read_all_loaded_reg/D
  -------------------------------------------------------------------    -------------------

                         (clock source_100 rise edge)
                                                      0.000     0.000 r  
                                                      0.000     0.000 r  clk (IN)
                         net (fo=183, unset)          0.432     0.432    output_bank/clk
    SLICE_X3Y2           FDRE                                         r  output_bank/read_all_loaded_reg/C
                         clock pessimism              0.000     0.432    
    SLICE_X3Y2           FDRE (Hold_fdre_C_D)         0.091     0.523    output_bank/read_all_loaded_reg
  -------------------------------------------------------------------
                         required time                         -0.523    
                         arrival time                           0.710    
  -------------------------------------------------------------------
                         slack                                  0.188    

Slack (MET) :             0.196ns  (arrival time - required time)
  Source:                 output_bank/acknowledge_toggle_reg/C
                            (rising edge-triggered cell FDRE clocked by source_100  {rise@0.000ns fall@5.000ns period=10.000ns})
  Destination:            output_bank/reading_reg/D
                            (rising edge-triggered cell FDRE clocked by source_100  {rise@0.000ns fall@5.000ns period=10.000ns})
  Path Group:             source_100
  Path Type:              Hold (Min at Fast Process Corner)
  Requirement:            0.000ns  (source_100 rise@0.000ns - source_100 rise@0.000ns)
  Data Path Delay:        0.309ns  (logic 0.186ns (60.288%)  route 0.123ns (39.712%))
  Logic Levels:           1  (LUT5=1)
  Clock Path Skew:        0.022ns (DCD - SCD - CPR)
    Destination Clock Delay (DCD):    0.432ns
    Source Clock Delay      (SCD):    0.410ns
    Clock Pessimism Removal (CPR):    -0.000ns

    Location             Delay type                Incr(ns)  Path(ns)    Netlist Resource(s)
  -------------------------------------------------------------------    -------------------
                         (clock source_100 rise edge)
                                                      0.000     0.000 r  
                                                      0.000     0.000 r  clk (IN)
                         net (fo=183, unset)          0.410     0.410    output_bank/clk
    SLICE_X2Y4           FDRE                                         r  output_bank/acknowledge_toggle_reg/C
  -------------------------------------------------------------------    -------------------
    SLICE_X2Y4           FDRE (Prop_fdre_C_Q)         0.141     0.551 r  output_bank/acknowledge_toggle_reg/Q
                         net (fo=6, routed)           0.123     0.674    output_bank/acknowledge_toggle
    SLICE_X3Y4           LUT5 (Prop_lut5_I1_O)        0.045     0.719 r  output_bank/reading_i_1/O
                         net (fo=1, routed)           0.000     0.719    output_bank/reading_i_1_n_0
    SLICE_X3Y4           FDRE                                         r  output_bank/reading_reg/D
  -------------------------------------------------------------------    -------------------

                         (clock source_100 rise edge)
                                                      0.000     0.000 r  
                                                      0.000     0.000 r  clk (IN)
                         net (fo=183, unset)          0.432     0.432    output_bank/clk
    SLICE_X3Y4           FDRE                                         r  output_bank/reading_reg/C
                         clock pessimism              0.000     0.432    
    SLICE_X3Y4           FDRE (Hold_fdre_C_D)         0.091     0.523    output_bank/reading_reg
  -------------------------------------------------------------------
                         required time                         -0.523    
                         arrival time                           0.719    
  -------------------------------------------------------------------
                         slack                                  0.196    

Slack (MET) :             0.197ns  (arrival time - required time)
  Source:                 output_bank/read_address_reg[5]/C
                            (rising edge-triggered cell FDRE clocked by source_100  {rise@0.000ns fall@5.000ns period=10.000ns})
  Destination:            output_bank/read_output_position_reg[5]/D
                            (rising edge-triggered cell FDRE clocked by source_100  {rise@0.000ns fall@5.000ns period=10.000ns})
  Path Group:             source_100
  Path Type:              Hold (Min at Fast Process Corner)
  Requirement:            0.000ns  (source_100 rise@0.000ns - source_100 rise@0.000ns)
  Data Path Delay:        0.288ns  (logic 0.141ns (48.917%)  route 0.147ns (51.083%))
  Logic Levels:           0  
  Clock Path Skew:        0.022ns (DCD - SCD - CPR)
    Destination Clock Delay (DCD):    0.432ns
    Source Clock Delay      (SCD):    0.410ns
    Clock Pessimism Removal (CPR):    -0.000ns

    Location             Delay type                Incr(ns)  Path(ns)    Netlist Resource(s)
  -------------------------------------------------------------------    -------------------
                         (clock source_100 rise edge)
                                                      0.000     0.000 r  
                                                      0.000     0.000 r  clk (IN)
                         net (fo=183, unset)          0.410     0.410    output_bank/clk
    SLICE_X3Y1           FDRE                                         r  output_bank/read_address_reg[5]/C
  -------------------------------------------------------------------    -------------------
    SLICE_X3Y1           FDRE (Prop_fdre_C_Q)         0.141     0.551 r  output_bank/read_address_reg[5]/Q
                         net (fo=8, routed)           0.147     0.698    output_bank/read_address[5]
    SLICE_X5Y1           FDRE                                         r  output_bank/read_output_position_reg[5]/D
  -------------------------------------------------------------------    -------------------

                         (clock source_100 rise edge)
                                                      0.000     0.000 r  
                                                      0.000     0.000 r  clk (IN)
                         net (fo=183, unset)          0.432     0.432    output_bank/clk
    SLICE_X5Y1           FDRE                                         r  output_bank/read_output_position_reg[5]/C
                         clock pessimism              0.000     0.432    
    SLICE_X5Y1           FDRE (Hold_fdre_C_D)         0.070     0.502    output_bank/read_output_position_reg[5]
  -------------------------------------------------------------------
                         required time                         -0.502    
                         arrival time                           0.698    
  -------------------------------------------------------------------
                         slack                                  0.197    

Slack (MET) :             0.203ns  (arrival time - required time)
  Source:                 output_bank/read_address_reg[0]/C
                            (rising edge-triggered cell FDRE clocked by source_100  {rise@0.000ns fall@5.000ns period=10.000ns})
  Destination:            output_bank/payload_memory_reg/ADDRARDADDR[5]
                            (rising edge-triggered cell RAMB18E1 clocked by source_100  {rise@0.000ns fall@5.000ns period=10.000ns})
  Path Group:             source_100
  Path Type:              Hold (Min at Fast Process Corner)
  Requirement:            0.000ns  (source_100 rise@0.000ns - source_100 rise@0.000ns)
  Data Path Delay:        0.408ns  (logic 0.141ns (34.599%)  route 0.267ns (65.401%))
  Logic Levels:           0  
  Clock Path Skew:        0.022ns (DCD - SCD - CPR)
    Destination Clock Delay (DCD):    0.432ns
    Source Clock Delay      (SCD):    0.410ns
    Clock Pessimism Removal (CPR):    -0.000ns

    Location             Delay type                Incr(ns)  Path(ns)    Netlist Resource(s)
  -------------------------------------------------------------------    -------------------
                         (clock source_100 rise edge)
                                                      0.000     0.000 r  
                                                      0.000     0.000 r  clk (IN)
                         net (fo=183, unset)          0.410     0.410    output_bank/clk
    SLICE_X5Y2           FDRE                                         r  output_bank/read_address_reg[0]/C
  -------------------------------------------------------------------    -------------------
    SLICE_X5Y2           FDRE (Prop_fdre_C_Q)         0.141     0.551 r  output_bank/read_address_reg[0]/Q
                         net (fo=8, routed)           0.267     0.818    output_bank/read_address[0]
    RAMB18_X0Y1          RAMB18E1                                     r  output_bank/payload_memory_reg/ADDRARDADDR[5]
  -------------------------------------------------------------------    -------------------

                         (clock source_100 rise edge)
                                                      0.000     0.000 r  
                                                      0.000     0.000 r  clk (IN)
                         net (fo=183, unset)          0.432     0.432    output_bank/clk
    RAMB18_X0Y1          RAMB18E1                                     r  output_bank/payload_memory_reg/CLKARDCLK
                         clock pessimism              0.000     0.432    
    RAMB18_X0Y1          RAMB18E1 (Hold_ramb18e1_CLKARDCLK_ADDRARDADDR[5])
                                                      0.183     0.615    output_bank/payload_memory_reg
  -------------------------------------------------------------------
                         required time                         -0.615    
                         arrival time                           0.818    
  -------------------------------------------------------------------
                         slack                                  0.203    

Slack (MET) :             0.220ns  (arrival time - required time)
  Source:                 output_bank/request_sync_reg[0]/C
                            (rising edge-triggered cell FDRE clocked by source_100  {rise@0.000ns fall@5.000ns period=10.000ns})
  Destination:            output_bank/request_sync_reg[1]/D
                            (rising edge-triggered cell FDRE clocked by source_100  {rise@0.000ns fall@5.000ns period=10.000ns})
  Path Group:             source_100
  Path Type:              Hold (Min at Fast Process Corner)
  Requirement:            0.000ns  (source_100 rise@0.000ns - source_100 rise@0.000ns)
  Data Path Delay:        0.317ns  (logic 0.141ns (44.418%)  route 0.176ns (55.582%))
  Logic Levels:           0  
  Clock Path Skew:        0.022ns (DCD - SCD - CPR)
    Destination Clock Delay (DCD):    0.432ns
    Source Clock Delay      (SCD):    0.410ns
    Clock Pessimism Removal (CPR):    -0.000ns

    Location             Delay type                Incr(ns)  Path(ns)    Netlist Resource(s)
  -------------------------------------------------------------------    -------------------
                         (clock source_100 rise edge)
                                                      0.000     0.000 r  
                                                      0.000     0.000 r  clk (IN)
                         net (fo=183, unset)          0.410     0.410    output_bank/clk
    SLICE_X13Y9          FDRE                                         r  output_bank/request_sync_reg[0]/C
  -------------------------------------------------------------------    -------------------
    SLICE_X13Y9          FDRE (Prop_fdre_C_Q)         0.141     0.551 r  output_bank/request_sync_reg[0]/Q
                         net (fo=1, routed)           0.176     0.728    output_bank/request_sync[0]
    SLICE_X13Y9          FDRE                                         r  output_bank/request_sync_reg[1]/D
  -------------------------------------------------------------------    -------------------

                         (clock source_100 rise edge)
                                                      0.000     0.000 r  
                                                      0.000     0.000 r  clk (IN)
                         net (fo=183, unset)          0.432     0.432    output_bank/clk
    SLICE_X13Y9          FDRE                                         r  output_bank/request_sync_reg[1]/C
                         clock pessimism              0.000     0.432    
    SLICE_X13Y9          FDRE (Hold_fdre_C_D)         0.076     0.508    output_bank/request_sync_reg[1]
  -------------------------------------------------------------------
                         required time                         -0.508    
                         arrival time                           0.728    
  -------------------------------------------------------------------
                         slack                                  0.220    

Slack (MET) :             0.223ns  (arrival time - required time)
  Source:                 output_bank/read_address_reg[6]/C
                            (rising edge-triggered cell FDRE clocked by source_100  {rise@0.000ns fall@5.000ns period=10.000ns})
  Destination:            output_bank/read_output_position_reg[6]/D
                            (rising edge-triggered cell FDRE clocked by source_100  {rise@0.000ns fall@5.000ns period=10.000ns})
  Path Group:             source_100
  Path Type:              Hold (Min at Fast Process Corner)
  Requirement:            0.000ns  (source_100 rise@0.000ns - source_100 rise@0.000ns)
  Data Path Delay:        0.317ns  (logic 0.164ns (51.732%)  route 0.153ns (48.268%))
  Logic Levels:           0  
  Clock Path Skew:        0.022ns (DCD - SCD - CPR)
    Destination Clock Delay (DCD):    0.432ns
    Source Clock Delay      (SCD):    0.410ns
    Clock Pessimism Removal (CPR):    -0.000ns

    Location             Delay type                Incr(ns)  Path(ns)    Netlist Resource(s)
  -------------------------------------------------------------------    -------------------
                         (clock source_100 rise edge)
                                                      0.000     0.000 r  
                                                      0.000     0.000 r  clk (IN)
                         net (fo=183, unset)          0.410     0.410    output_bank/clk
    SLICE_X4Y1           FDRE                                         r  output_bank/read_address_reg[6]/C
  -------------------------------------------------------------------    -------------------
    SLICE_X4Y1           FDRE (Prop_fdre_C_Q)         0.164     0.574 r  output_bank/read_address_reg[6]/Q
                         net (fo=7, routed)           0.153     0.727    output_bank/read_address[6]
    SLICE_X5Y1           FDRE                                         r  output_bank/read_output_position_reg[6]/D
  -------------------------------------------------------------------    -------------------

                         (clock source_100 rise edge)
                                                      0.000     0.000 r  
                                                      0.000     0.000 r  clk (IN)
                         net (fo=183, unset)          0.432     0.432    output_bank/clk
    SLICE_X5Y1           FDRE                                         r  output_bank/read_output_position_reg[6]/C
                         clock pessimism              0.000     0.432    
    SLICE_X5Y1           FDRE (Hold_fdre_C_D)         0.072     0.504    output_bank/read_output_position_reg[6]
  -------------------------------------------------------------------
                         required time                         -0.504    
                         arrival time                           0.727    
  -------------------------------------------------------------------
                         slack                                  0.223    

Slack (MET) :             0.229ns  (arrival time - required time)
  Source:                 output_bank/read_address_reg[0]/C
                            (rising edge-triggered cell FDRE clocked by source_100  {rise@0.000ns fall@5.000ns period=10.000ns})
  Destination:            output_bank/read_address_reg[3]/D
                            (rising edge-triggered cell FDRE clocked by source_100  {rise@0.000ns fall@5.000ns period=10.000ns})
  Path Group:             source_100
  Path Type:              Hold (Min at Fast Process Corner)
  Requirement:            0.000ns  (source_100 rise@0.000ns - source_100 rise@0.000ns)
  Data Path Delay:        0.381ns  (logic 0.189ns (49.551%)  route 0.192ns (50.449%))
  Logic Levels:           1  (LUT5=1)
  Clock Path Skew:        0.022ns (DCD - SCD - CPR)
    Destination Clock Delay (DCD):    0.432ns
    Source Clock Delay      (SCD):    0.410ns
    Clock Pessimism Removal (CPR):    -0.000ns

    Location             Delay type                Incr(ns)  Path(ns)    Netlist Resource(s)
  -------------------------------------------------------------------    -------------------
                         (clock source_100 rise edge)
                                                      0.000     0.000 r  
                                                      0.000     0.000 r  clk (IN)
                         net (fo=183, unset)          0.410     0.410    output_bank/clk
    SLICE_X5Y2           FDRE                                         r  output_bank/read_address_reg[0]/C
  -------------------------------------------------------------------    -------------------
    SLICE_X5Y2           FDRE (Prop_fdre_C_Q)         0.141     0.551 r  output_bank/read_address_reg[0]/Q
                         net (fo=8, routed)           0.192     0.744    output_bank/read_address[0]
    SLICE_X4Y1           LUT5 (Prop_lut5_I2_O)        0.048     0.792 r  output_bank/read_address[3]_i_1/O
                         net (fo=1, routed)           0.000     0.792    output_bank/read_address[3]_i_1_n_0
    SLICE_X4Y1           FDRE                                         r  output_bank/read_address_reg[3]/D
  -------------------------------------------------------------------    -------------------

                         (clock source_100 rise edge)
                                                      0.000     0.000 r  
                                                      0.000     0.000 r  clk (IN)
                         net (fo=183, unset)          0.432     0.432    output_bank/clk
    SLICE_X4Y1           FDRE                                         r  output_bank/read_address_reg[3]/C
                         clock pessimism              0.000     0.432    
    SLICE_X4Y1           FDRE (Hold_fdre_C_D)         0.131     0.563    output_bank/read_address_reg[3]
  -------------------------------------------------------------------
                         required time                         -0.563    
                         arrival time                           0.792    
  -------------------------------------------------------------------
                         slack                                  0.229    

Slack (MET) :             0.232ns  (arrival time - required time)
  Source:                 output_bank/read_address_reg[2]/C
                            (rising edge-triggered cell FDRE clocked by source_100  {rise@0.000ns fall@5.000ns period=10.000ns})
  Destination:            output_bank/payload_memory_reg/ADDRARDADDR[7]
                            (rising edge-triggered cell RAMB18E1 clocked by source_100  {rise@0.000ns fall@5.000ns period=10.000ns})
  Path Group:             source_100
  Path Type:              Hold (Min at Fast Process Corner)
  Requirement:            0.000ns  (source_100 rise@0.000ns - source_100 rise@0.000ns)
  Data Path Delay:        0.437ns  (logic 0.164ns (37.558%)  route 0.273ns (62.442%))
  Logic Levels:           0  
  Clock Path Skew:        0.022ns (DCD - SCD - CPR)
    Destination Clock Delay (DCD):    0.432ns
    Source Clock Delay      (SCD):    0.410ns
    Clock Pessimism Removal (CPR):    -0.000ns

    Location             Delay type                Incr(ns)  Path(ns)    Netlist Resource(s)
  -------------------------------------------------------------------    -------------------
                         (clock source_100 rise edge)
                                                      0.000     0.000 r  
                                                      0.000     0.000 r  clk (IN)
                         net (fo=183, unset)          0.410     0.410    output_bank/clk
    SLICE_X4Y1           FDRE                                         r  output_bank/read_address_reg[2]/C
  -------------------------------------------------------------------    -------------------
    SLICE_X4Y1           FDRE (Prop_fdre_C_Q)         0.164     0.574 r  output_bank/read_address_reg[2]/Q
                         net (fo=6, routed)           0.273     0.847    output_bank/read_address[2]
    RAMB18_X0Y1          RAMB18E1                                     r  output_bank/payload_memory_reg/ADDRARDADDR[7]
  -------------------------------------------------------------------    -------------------

                         (clock source_100 rise edge)
                                                      0.000     0.000 r  
                                                      0.000     0.000 r  clk (IN)
                         net (fo=183, unset)          0.432     0.432    output_bank/clk
    RAMB18_X0Y1          RAMB18E1                                     r  output_bank/payload_memory_reg/CLKARDCLK
                         clock pessimism              0.000     0.432    
    RAMB18_X0Y1          RAMB18E1 (Hold_ramb18e1_CLKARDCLK_ADDRARDADDR[7])
                                                      0.183     0.615    output_bank/payload_memory_reg
  -------------------------------------------------------------------
                         required time                         -0.615    
                         arrival time                           0.847    
  -------------------------------------------------------------------
                         slack                                  0.232    

Slack (MET) :             0.235ns  (arrival time - required time)
  Source:                 output_bank/read_address_reg[0]/C
                            (rising edge-triggered cell FDRE clocked by source_100  {rise@0.000ns fall@5.000ns period=10.000ns})
  Destination:            output_bank/read_address_reg[1]/D
                            (rising edge-triggered cell FDRE clocked by source_100  {rise@0.000ns fall@5.000ns period=10.000ns})
  Path Group:             source_100
  Path Type:              Hold (Min at Fast Process Corner)
  Requirement:            0.000ns  (source_100 rise@0.000ns - source_100 rise@0.000ns)
  Data Path Delay:        0.363ns  (logic 0.183ns (50.353%)  route 0.180ns (49.647%))
  Logic Levels:           1  (LUT3=1)
  Clock Path Skew:        0.022ns (DCD - SCD - CPR)
    Destination Clock Delay (DCD):    0.432ns
    Source Clock Delay      (SCD):    0.410ns
    Clock Pessimism Removal (CPR):    -0.000ns

    Location             Delay type                Incr(ns)  Path(ns)    Netlist Resource(s)
  -------------------------------------------------------------------    -------------------
                         (clock source_100 rise edge)
                                                      0.000     0.000 r  
                                                      0.000     0.000 r  clk (IN)
                         net (fo=183, unset)          0.410     0.410    output_bank/clk
    SLICE_X5Y2           FDRE                                         r  output_bank/read_address_reg[0]/C
  -------------------------------------------------------------------    -------------------
    SLICE_X5Y2           FDRE (Prop_fdre_C_Q)         0.141     0.551 r  output_bank/read_address_reg[0]/Q
                         net (fo=8, routed)           0.180     0.732    output_bank/read_address[0]
    SLICE_X5Y2           LUT3 (Prop_lut3_I1_O)        0.042     0.774 r  output_bank/read_address[1]_i_1/O
                         net (fo=1, routed)           0.000     0.774    output_bank/read_address[1]_i_1_n_0
    SLICE_X5Y2           FDRE                                         r  output_bank/read_address_reg[1]/D
  -------------------------------------------------------------------    -------------------

                         (clock source_100 rise edge)
                                                      0.000     0.000 r  
                                                      0.000     0.000 r  clk (IN)
                         net (fo=183, unset)          0.432     0.432    output_bank/clk
    SLICE_X5Y2           FDRE                                         r  output_bank/read_address_reg[1]/C
                         clock pessimism              0.000     0.432    
    SLICE_X5Y2           FDRE (Hold_fdre_C_D)         0.107     0.539    output_bank/read_address_reg[1]
  -------------------------------------------------------------------
                         required time                         -0.539    
                         arrival time                           0.774    
  -------------------------------------------------------------------
                         slack                                  0.235    

Slack (MET) :             0.237ns  (arrival time - required time)
  Source:                 output_bank/read_address_reg[0]/C
                            (rising edge-triggered cell FDRE clocked by source_100  {rise@0.000ns fall@5.000ns period=10.000ns})
  Destination:            output_bank/read_address_reg[2]/D
                            (rising edge-triggered cell FDRE clocked by source_100  {rise@0.000ns fall@5.000ns period=10.000ns})
  Path Group:             source_100
  Path Type:              Hold (Min at Fast Process Corner)
  Requirement:            0.000ns  (source_100 rise@0.000ns - source_100 rise@0.000ns)
  Data Path Delay:        0.378ns  (logic 0.186ns (49.151%)  route 0.192ns (50.849%))
  Logic Levels:           1  (LUT4=1)
  Clock Path Skew:        0.022ns (DCD - SCD - CPR)
    Destination Clock Delay (DCD):    0.432ns
    Source Clock Delay      (SCD):    0.410ns
    Clock Pessimism Removal (CPR):    -0.000ns

    Location             Delay type                Incr(ns)  Path(ns)    Netlist Resource(s)
  -------------------------------------------------------------------    -------------------
                         (clock source_100 rise edge)
                                                      0.000     0.000 r  
                                                      0.000     0.000 r  clk (IN)
                         net (fo=183, unset)          0.410     0.410    output_bank/clk
    SLICE_X5Y2           FDRE                                         r  output_bank/read_address_reg[0]/C
  -------------------------------------------------------------------    -------------------
    SLICE_X5Y2           FDRE (Prop_fdre_C_Q)         0.141     0.551 r  output_bank/read_address_reg[0]/Q
                         net (fo=8, routed)           0.192     0.744    output_bank/read_address[0]
    SLICE_X4Y1           LUT4 (Prop_lut4_I1_O)        0.045     0.789 r  output_bank/read_address[2]_i_1/O
                         net (fo=1, routed)           0.000     0.789    output_bank/read_address[2]_i_1_n_0
    SLICE_X4Y1           FDRE                                         r  output_bank/read_address_reg[2]/D
  -------------------------------------------------------------------    -------------------

                         (clock source_100 rise edge)
                                                      0.000     0.000 r  
                                                      0.000     0.000 r  clk (IN)
                         net (fo=183, unset)          0.432     0.432    output_bank/clk
    SLICE_X4Y1           FDRE                                         r  output_bank/read_address_reg[2]/C
                         clock pessimism              0.000     0.432    
    SLICE_X4Y1           FDRE (Hold_fdre_C_D)         0.120     0.552    output_bank/read_address_reg[2]
  -------------------------------------------------------------------
                         required time                         -0.552    
                         arrival time                           0.789    
  -------------------------------------------------------------------
                         slack                                  0.237    

Slack (MET) :             0.237ns  (arrival time - required time)
  Source:                 output_bank/read_address_reg[4]/C
                            (rising edge-triggered cell FDRE clocked by source_100  {rise@0.000ns fall@5.000ns period=10.000ns})
  Destination:            output_bank/payload_memory_reg/ADDRARDADDR[9]
                            (rising edge-triggered cell RAMB18E1 clocked by source_100  {rise@0.000ns fall@5.000ns period=10.000ns})
  Path Group:             source_100
  Path Type:              Hold (Min at Fast Process Corner)
  Requirement:            0.000ns  (source_100 rise@0.000ns - source_100 rise@0.000ns)
  Data Path Delay:        0.442ns  (logic 0.164ns (37.138%)  route 0.278ns (62.862%))
  Logic Levels:           0  
  Clock Path Skew:        0.022ns (DCD - SCD - CPR)
    Destination Clock Delay (DCD):    0.432ns
    Source Clock Delay      (SCD):    0.410ns
    Clock Pessimism Removal (CPR):    -0.000ns

    Location             Delay type                Incr(ns)  Path(ns)    Netlist Resource(s)
  -------------------------------------------------------------------    -------------------
                         (clock source_100 rise edge)
                                                      0.000     0.000 r  
                                                      0.000     0.000 r  clk (IN)
                         net (fo=183, unset)          0.410     0.410    output_bank/clk
    SLICE_X4Y1           FDRE                                         r  output_bank/read_address_reg[4]/C
  -------------------------------------------------------------------    -------------------
    SLICE_X4Y1           FDRE (Prop_fdre_C_Q)         0.164     0.574 r  output_bank/read_address_reg[4]/Q
                         net (fo=4, routed)           0.278     0.852    output_bank/read_address[4]
    RAMB18_X0Y1          RAMB18E1                                     r  output_bank/payload_memory_reg/ADDRARDADDR[9]
  -------------------------------------------------------------------    -------------------

                         (clock source_100 rise edge)
                                                      0.000     0.000 r  
                                                      0.000     0.000 r  clk (IN)
                         net (fo=183, unset)          0.432     0.432    output_bank/clk
    RAMB18_X0Y1          RAMB18E1                                     r  output_bank/payload_memory_reg/CLKARDCLK
                         clock pessimism              0.000     0.432    
    RAMB18_X0Y1          RAMB18E1 (Hold_ramb18e1_CLKARDCLK_ADDRARDADDR[9])
                                                      0.183     0.615    output_bank/payload_memory_reg
  -------------------------------------------------------------------
                         required time                         -0.615    
                         arrival time                           0.852    
  -------------------------------------------------------------------
                         slack                                  0.237    

Slack (MET) :             0.238ns  (arrival time - required time)
  Source:                 source_bank/write_position_reg[7]/C
                            (rising edge-triggered cell FDRE clocked by source_100  {rise@0.000ns fall@5.000ns period=10.000ns})
  Destination:            source_bank/payload_memory_reg/ADDRBWRADDR[12]
                            (rising edge-triggered cell RAMB18E1 clocked by source_100  {rise@0.000ns fall@5.000ns period=10.000ns})
  Path Group:             source_100
  Path Type:              Hold (Min at Fast Process Corner)
  Requirement:            0.000ns  (source_100 rise@0.000ns - source_100 rise@0.000ns)
  Data Path Delay:        0.389ns  (logic 0.148ns (38.055%)  route 0.241ns (61.945%))
  Logic Levels:           0  
  Clock Path Skew:        0.022ns (DCD - SCD - CPR)
    Destination Clock Delay (DCD):    0.432ns
    Source Clock Delay      (SCD):    0.410ns
    Clock Pessimism Removal (CPR):    -0.000ns

    Location             Delay type                Incr(ns)  Path(ns)    Netlist Resource(s)
  -------------------------------------------------------------------    -------------------
                         (clock source_100 rise edge)
                                                      0.000     0.000 r  
                                                      0.000     0.000 r  clk (IN)
                         net (fo=183, unset)          0.410     0.410    source_bank/clk
    SLICE_X6Y5           FDRE                                         r  source_bank/write_position_reg[7]/C
  -------------------------------------------------------------------    -------------------
    SLICE_X6Y5           FDRE (Prop_fdre_C_Q)         0.148     0.558 r  source_bank/write_position_reg[7]/Q
                         net (fo=6, routed)           0.241     0.799    source_bank/write_position[7]
    RAMB18_X0Y2          RAMB18E1                                     r  source_bank/payload_memory_reg/ADDRBWRADDR[12]
  -------------------------------------------------------------------    -------------------

                         (clock source_100 rise edge)
                                                      0.000     0.000 r  
                                                      0.000     0.000 r  clk (IN)
                         net (fo=183, unset)          0.432     0.432    source_bank/clk
    RAMB18_X0Y2          RAMB18E1                                     r  source_bank/payload_memory_reg/CLKBWRCLK
                         clock pessimism              0.000     0.432    
    RAMB18_X0Y2          RAMB18E1 (Hold_ramb18e1_CLKBWRCLK_ADDRBWRADDR[12])
                                                      0.129     0.561    source_bank/payload_memory_reg
  -------------------------------------------------------------------
                         required time                         -0.561    
                         arrival time                           0.799    
  -------------------------------------------------------------------
                         slack                                  0.238    

Slack (MET) :             0.242ns  (arrival time - required time)
  Source:                 output_bank/read_address_reg[8]/C
                            (rising edge-triggered cell FDRE clocked by source_100  {rise@0.000ns fall@5.000ns period=10.000ns})
  Destination:            output_bank/read_address_reg[8]/D
                            (rising edge-triggered cell FDRE clocked by source_100  {rise@0.000ns fall@5.000ns period=10.000ns})
  Path Group:             source_100
  Path Type:              Hold (Min at Fast Process Corner)
  Requirement:            0.000ns  (source_100 rise@0.000ns - source_100 rise@0.000ns)
  Data Path Delay:        0.354ns  (logic 0.186ns (52.507%)  route 0.168ns (47.493%))
  Logic Levels:           1  (LUT6=1)
  Clock Path Skew:        0.022ns (DCD - SCD - CPR)
    Destination Clock Delay (DCD):    0.432ns
    Source Clock Delay      (SCD):    0.410ns
    Clock Pessimism Removal (CPR):    -0.000ns

    Location             Delay type                Incr(ns)  Path(ns)    Netlist Resource(s)
  -------------------------------------------------------------------    -------------------
                         (clock source_100 rise edge)
                                                      0.000     0.000 r  
                                                      0.000     0.000 r  clk (IN)
                         net (fo=183, unset)          0.410     0.410    output_bank/clk
    SLICE_X3Y1           FDRE                                         r  output_bank/read_address_reg[8]/C
  -------------------------------------------------------------------    -------------------
    SLICE_X3Y1           FDRE (Prop_fdre_C_Q)         0.141     0.551 r  output_bank/read_address_reg[8]/Q
                         net (fo=5, routed)           0.168     0.719    output_bank/read_address[8]
    SLICE_X3Y1           LUT6 (Prop_lut6_I5_O)        0.045     0.764 r  output_bank/read_address[8]_i_1/O
                         net (fo=1, routed)           0.000     0.764    output_bank/read_address[8]_i_1_n_0
    SLICE_X3Y1           FDRE                                         r  output_bank/read_address_reg[8]/D
  -------------------------------------------------------------------    -------------------

                         (clock source_100 rise edge)
                                                      0.000     0.000 r  
                                                      0.000     0.000 r  clk (IN)
                         net (fo=183, unset)          0.432     0.432    output_bank/clk
    SLICE_X3Y1           FDRE                                         r  output_bank/read_address_reg[8]/C
                         clock pessimism              0.000     0.432    
    SLICE_X3Y1           FDRE (Hold_fdre_C_D)         0.091     0.523    output_bank/read_address_reg[8]
  -------------------------------------------------------------------
                         required time                         -0.523    
                         arrival time                           0.764    
  -------------------------------------------------------------------
                         slack                                  0.242    

Slack (MET) :             0.242ns  (arrival time - required time)
  Source:                 source_bank/write_position_reg[2]/C
                            (rising edge-triggered cell FDRE clocked by source_100  {rise@0.000ns fall@5.000ns period=10.000ns})
  Destination:            source_bank/write_position_reg[3]/D
                            (rising edge-triggered cell FDRE clocked by source_100  {rise@0.000ns fall@5.000ns period=10.000ns})
  Path Group:             source_100
  Path Type:              Hold (Min at Fast Process Corner)
  Requirement:            0.000ns  (source_100 rise@0.000ns - source_100 rise@0.000ns)
  Data Path Delay:        0.394ns  (logic 0.207ns (52.480%)  route 0.187ns (47.520%))
  Logic Levels:           1  (LUT5=1)
  Clock Path Skew:        0.022ns (DCD - SCD - CPR)
    Destination Clock Delay (DCD):    0.432ns
    Source Clock Delay      (SCD):    0.410ns
    Clock Pessimism Removal (CPR):    -0.000ns

    Location             Delay type                Incr(ns)  Path(ns)    Netlist Resource(s)
  -------------------------------------------------------------------    -------------------
                         (clock source_100 rise edge)
                                                      0.000     0.000 r  
                                                      0.000     0.000 r  clk (IN)
                         net (fo=183, unset)          0.410     0.410    source_bank/clk
    SLICE_X6Y5           FDRE                                         r  source_bank/write_position_reg[2]/C
  -------------------------------------------------------------------    -------------------
    SLICE_X6Y5           FDRE (Prop_fdre_C_Q)         0.164     0.574 r  source_bank/write_position_reg[2]/Q
                         net (fo=7, routed)           0.187     0.762    source_bank/write_position[2]
    SLICE_X6Y5           LUT5 (Prop_lut5_I3_O)        0.043     0.805 r  source_bank/write_position[3]_i_1/O
                         net (fo=1, routed)           0.000     0.805    source_bank/write_position__0[3]
    SLICE_X6Y5           FDRE                                         r  source_bank/write_position_reg[3]/D
  -------------------------------------------------------------------    -------------------

                         (clock source_100 rise edge)
                                                      0.000     0.000 r  
                                                      0.000     0.000 r  clk (IN)
                         net (fo=183, unset)          0.432     0.432    source_bank/clk
    SLICE_X6Y5           FDRE                                         r  source_bank/write_position_reg[3]/C
                         clock pessimism              0.000     0.432    
    SLICE_X6Y5           FDRE (Hold_fdre_C_D)         0.131     0.563    source_bank/write_position_reg[3]
  -------------------------------------------------------------------
                         required time                         -0.563    
                         arrival time                           0.805    
  -------------------------------------------------------------------
                         slack                                  0.242    

Slack (MET) :             0.242ns  (arrival time - required time)
  Source:                 output_bank/read_address_reg[8]/C
                            (rising edge-triggered cell FDRE clocked by source_100  {rise@0.000ns fall@5.000ns period=10.000ns})
  Destination:            output_bank/read_output_position_reg[8]/D
                            (rising edge-triggered cell FDRE clocked by source_100  {rise@0.000ns fall@5.000ns period=10.000ns})
  Path Group:             source_100
  Path Type:              Hold (Min at Fast Process Corner)
  Requirement:            0.000ns  (source_100 rise@0.000ns - source_100 rise@0.000ns)
  Data Path Delay:        0.335ns  (logic 0.141ns (42.091%)  route 0.194ns (57.909%))
  Logic Levels:           0  
  Clock Path Skew:        0.022ns (DCD - SCD - CPR)
    Destination Clock Delay (DCD):    0.432ns
    Source Clock Delay      (SCD):    0.410ns
    Clock Pessimism Removal (CPR):    -0.000ns

    Location             Delay type                Incr(ns)  Path(ns)    Netlist Resource(s)
  -------------------------------------------------------------------    -------------------
                         (clock source_100 rise edge)
                                                      0.000     0.000 r  
                                                      0.000     0.000 r  clk (IN)
                         net (fo=183, unset)          0.410     0.410    output_bank/clk
    SLICE_X3Y1           FDRE                                         r  output_bank/read_address_reg[8]/C
  -------------------------------------------------------------------    -------------------
    SLICE_X3Y1           FDRE (Prop_fdre_C_Q)         0.141     0.551 r  output_bank/read_address_reg[8]/Q
                         net (fo=5, routed)           0.194     0.745    output_bank/read_address[8]
    SLICE_X5Y1           FDRE                                         r  output_bank/read_output_position_reg[8]/D
  -------------------------------------------------------------------    -------------------

                         (clock source_100 rise edge)
                                                      0.000     0.000 r  
                                                      0.000     0.000 r  clk (IN)
                         net (fo=183, unset)          0.432     0.432    output_bank/clk
    SLICE_X5Y1           FDRE                                         r  output_bank/read_output_position_reg[8]/C
                         clock pessimism              0.000     0.432    
    SLICE_X5Y1           FDRE (Hold_fdre_C_D)         0.071     0.503    output_bank/read_output_position_reg[8]
  -------------------------------------------------------------------
                         required time                         -0.503    
                         arrival time                           0.745    
  -------------------------------------------------------------------
                         slack                                  0.242    




