Copyright 1986-2022 Xilinx, Inc. All Rights Reserved.
-----------------------------------------------------------------------------------------------------------------------------------------------------------------------------------------------------------------
| Tool Version : Vivado v.2022.2 (lin64) Build 3671981 Fri Oct 14 04:59:54 MDT 2022
| Date         : Thu Sep 10 05:13:13 2026
| Host         : gauss running 64-bit Ubuntu 26.04 LTS
| Command      : report_timing -from [get_clocks source_100] -to [get_clocks source_100] -delay_type max -max_paths 20 -file /tmp/starlink-completed-input.5EaJuD/forward-retirement-route-v1/source_100_max.rpt
| Design       : starlink_pss_fft_bank_owned_slice
| Device       : 7z010-clg400
| Speed File   : -1  PRODUCTION 1.12 2019-11-22
-----------------------------------------------------------------------------------------------------------------------------------------------------------------------------------------------------------------

Timing Report

Slack (MET) :             2.400ns  (required time - arrival time)
  Source:                 fast_reset_slow_reg[1]/C
                            (rising edge-triggered cell FDCE clocked by source_100  {rise@0.000ns fall@5.000ns period=10.000ns})
  Destination:            source_bank/metadata_in_hold_reg[13]/CE
                            (rising edge-triggered cell FDRE clocked by source_100  {rise@0.000ns fall@5.000ns period=10.000ns})
  Path Group:             source_100
  Path Type:              Setup (Max at Slow Process Corner)
  Requirement:            10.000ns  (source_100 rise@10.000ns - source_100 rise@0.000ns)
  Data Path Delay:        7.311ns  (logic 1.254ns (17.153%)  route 6.057ns (82.847%))
  Logic Levels:           3  (LUT2=1 LUT4=1 LUT5=1)
  Clock Path Skew:        -0.049ns (DCD - SCD + CPR)
    Destination Clock Delay (DCD):    0.924ns = ( 10.924 - 10.000 ) 
    Source Clock Delay      (SCD):    0.973ns
    Clock Pessimism Removal (CPR):    0.000ns
  Clock Uncertainty:      0.035ns  ((TSJ^2 + TIJ^2)^1/2 + DJ) / 2 + PE
    Total System Jitter     (TSJ):    0.071ns
    Total Input Jitter      (TIJ):    0.000ns
    Discrete Jitter          (DJ):    0.000ns
    Phase Error              (PE):    0.000ns

    Location             Delay type                Incr(ns)  Path(ns)    Netlist Resource(s)
  -------------------------------------------------------------------    -------------------
                         (clock source_100 rise edge)
                                                      0.000     0.000 r  
                                                      0.000     0.000 r  clk (IN)
                         net (fo=183, unset)          0.973     0.973    clk
    SLICE_X10Y0          FDCE                                         r  fast_reset_slow_reg[1]/C
  -------------------------------------------------------------------    -------------------
    SLICE_X10Y0          FDCE (Prop_fdce_C_Q)         0.478     1.451 r  fast_reset_slow_reg[1]/Q
                         net (fo=1, routed)           0.735     2.186    output_bank/out[0]
    SLICE_X9Y0           LUT2 (Prop_lut2_I0_O)        0.295     2.481 f  output_bank/input_ready_INST_0_i_2/O
                         net (fo=36, routed)          1.203     3.684    source_bank/request_toggle_reg_0
    SLICE_X7Y7           LUT4 (Prop_lut4_I1_O)        0.154     3.838 r  source_bank/input_ready_INST_0_i_1/O
                         net (fo=9, routed)           1.084     4.922    source_bank/input_ready_INST_0_i_1_n_0
    SLICE_X4Y4           LUT5 (Prop_lut5_I1_O)        0.327     5.249 r  source_bank/metadata_in_hold[68]_i_1__0/O
                         net (fo=64, routed)          3.035     8.284    source_bank/metadata_load
    SLICE_X39Y4          FDRE                                         r  source_bank/metadata_in_hold_reg[13]/CE
  -------------------------------------------------------------------    -------------------

                         (clock source_100 rise edge)
                                                     10.000    10.000 r  
                                                      0.000    10.000 r  clk (IN)
                         net (fo=183, unset)          0.924    10.924    source_bank/clk
    SLICE_X39Y4          FDRE                                         r  source_bank/metadata_in_hold_reg[13]/C
                         clock pessimism              0.000    10.924    
                         clock uncertainty           -0.035    10.889    
    SLICE_X39Y4          FDRE (Setup_fdre_C_CE)      -0.205    10.684    source_bank/metadata_in_hold_reg[13]
  -------------------------------------------------------------------
                         required time                         10.684    
                         arrival time                          -8.284    
  -------------------------------------------------------------------
                         slack                                  2.400    

Slack (MET) :             2.437ns  (required time - arrival time)
  Source:                 fast_reset_slow_reg[1]/C
                            (rising edge-triggered cell FDCE clocked by source_100  {rise@0.000ns fall@5.000ns period=10.000ns})
  Destination:            source_bank/metadata_in_hold_reg[10]/CE
                            (rising edge-triggered cell FDRE clocked by source_100  {rise@0.000ns fall@5.000ns period=10.000ns})
  Path Group:             source_100
  Path Type:              Setup (Max at Slow Process Corner)
  Requirement:            10.000ns  (source_100 rise@10.000ns - source_100 rise@0.000ns)
  Data Path Delay:        7.274ns  (logic 1.254ns (17.238%)  route 6.020ns (82.762%))
  Logic Levels:           3  (LUT2=1 LUT4=1 LUT5=1)
  Clock Path Skew:        -0.049ns (DCD - SCD + CPR)
    Destination Clock Delay (DCD):    0.924ns = ( 10.924 - 10.000 ) 
    Source Clock Delay      (SCD):    0.973ns
    Clock Pessimism Removal (CPR):    0.000ns
  Clock Uncertainty:      0.035ns  ((TSJ^2 + TIJ^2)^1/2 + DJ) / 2 + PE
    Total System Jitter     (TSJ):    0.071ns
    Total Input Jitter      (TIJ):    0.000ns
    Discrete Jitter          (DJ):    0.000ns
    Phase Error              (PE):    0.000ns

    Location             Delay type                Incr(ns)  Path(ns)    Netlist Resource(s)
  -------------------------------------------------------------------    -------------------
                         (clock source_100 rise edge)
                                                      0.000     0.000 r  
                                                      0.000     0.000 r  clk (IN)
                         net (fo=183, unset)          0.973     0.973    clk
    SLICE_X10Y0          FDCE                                         r  fast_reset_slow_reg[1]/C
  -------------------------------------------------------------------    -------------------
    SLICE_X10Y0          FDCE (Prop_fdce_C_Q)         0.478     1.451 r  fast_reset_slow_reg[1]/Q
                         net (fo=1, routed)           0.735     2.186    output_bank/out[0]
    SLICE_X9Y0           LUT2 (Prop_lut2_I0_O)        0.295     2.481 f  output_bank/input_ready_INST_0_i_2/O
                         net (fo=36, routed)          1.203     3.684    source_bank/request_toggle_reg_0
    SLICE_X7Y7           LUT4 (Prop_lut4_I1_O)        0.154     3.838 r  source_bank/input_ready_INST_0_i_1/O
                         net (fo=9, routed)           1.084     4.922    source_bank/input_ready_INST_0_i_1_n_0
    SLICE_X4Y4           LUT5 (Prop_lut5_I1_O)        0.327     5.249 r  source_bank/metadata_in_hold[68]_i_1__0/O
                         net (fo=64, routed)          2.999     8.247    source_bank/metadata_load
    SLICE_X37Y3          FDRE                                         r  source_bank/metadata_in_hold_reg[10]/CE
  -------------------------------------------------------------------    -------------------

                         (clock source_100 rise edge)
                                                     10.000    10.000 r  
                                                      0.000    10.000 r  clk (IN)
                         net (fo=183, unset)          0.924    10.924    source_bank/clk
    SLICE_X37Y3          FDRE                                         r  source_bank/metadata_in_hold_reg[10]/C
                         clock pessimism              0.000    10.924    
                         clock uncertainty           -0.035    10.889    
    SLICE_X37Y3          FDRE (Setup_fdre_C_CE)      -0.205    10.684    source_bank/metadata_in_hold_reg[10]
  -------------------------------------------------------------------
                         required time                         10.684    
                         arrival time                          -8.247    
  -------------------------------------------------------------------
                         slack                                  2.437    

Slack (MET) :             2.437ns  (required time - arrival time)
  Source:                 fast_reset_slow_reg[1]/C
                            (rising edge-triggered cell FDCE clocked by source_100  {rise@0.000ns fall@5.000ns period=10.000ns})
  Destination:            source_bank/metadata_in_hold_reg[11]/CE
                            (rising edge-triggered cell FDRE clocked by source_100  {rise@0.000ns fall@5.000ns period=10.000ns})
  Path Group:             source_100
  Path Type:              Setup (Max at Slow Process Corner)
  Requirement:            10.000ns  (source_100 rise@10.000ns - source_100 rise@0.000ns)
  Data Path Delay:        7.274ns  (logic 1.254ns (17.238%)  route 6.020ns (82.762%))
  Logic Levels:           3  (LUT2=1 LUT4=1 LUT5=1)
  Clock Path Skew:        -0.049ns (DCD - SCD + CPR)
    Destination Clock Delay (DCD):    0.924ns = ( 10.924 - 10.000 ) 
    Source Clock Delay      (SCD):    0.973ns
    Clock Pessimism Removal (CPR):    0.000ns
  Clock Uncertainty:      0.035ns  ((TSJ^2 + TIJ^2)^1/2 + DJ) / 2 + PE
    Total System Jitter     (TSJ):    0.071ns
    Total Input Jitter      (TIJ):    0.000ns
    Discrete Jitter          (DJ):    0.000ns
    Phase Error              (PE):    0.000ns

    Location             Delay type                Incr(ns)  Path(ns)    Netlist Resource(s)
  -------------------------------------------------------------------    -------------------
                         (clock source_100 rise edge)
                                                      0.000     0.000 r  
                                                      0.000     0.000 r  clk (IN)
                         net (fo=183, unset)          0.973     0.973    clk
    SLICE_X10Y0          FDCE                                         r  fast_reset_slow_reg[1]/C
  -------------------------------------------------------------------    -------------------
    SLICE_X10Y0          FDCE (Prop_fdce_C_Q)         0.478     1.451 r  fast_reset_slow_reg[1]/Q
                         net (fo=1, routed)           0.735     2.186    output_bank/out[0]
    SLICE_X9Y0           LUT2 (Prop_lut2_I0_O)        0.295     2.481 f  output_bank/input_ready_INST_0_i_2/O
                         net (fo=36, routed)          1.203     3.684    source_bank/request_toggle_reg_0
    SLICE_X7Y7           LUT4 (Prop_lut4_I1_O)        0.154     3.838 r  source_bank/input_ready_INST_0_i_1/O
                         net (fo=9, routed)           1.084     4.922    source_bank/input_ready_INST_0_i_1_n_0
    SLICE_X4Y4           LUT5 (Prop_lut5_I1_O)        0.327     5.249 r  source_bank/metadata_in_hold[68]_i_1__0/O
                         net (fo=64, routed)          2.999     8.247    source_bank/metadata_load
    SLICE_X37Y3          FDRE                                         r  source_bank/metadata_in_hold_reg[11]/CE
  -------------------------------------------------------------------    -------------------

                         (clock source_100 rise edge)
                                                     10.000    10.000 r  
                                                      0.000    10.000 r  clk (IN)
                         net (fo=183, unset)          0.924    10.924    source_bank/clk
    SLICE_X37Y3          FDRE                                         r  source_bank/metadata_in_hold_reg[11]/C
                         clock pessimism              0.000    10.924    
                         clock uncertainty           -0.035    10.889    
    SLICE_X37Y3          FDRE (Setup_fdre_C_CE)      -0.205    10.684    source_bank/metadata_in_hold_reg[11]
  -------------------------------------------------------------------
                         required time                         10.684    
                         arrival time                          -8.247    
  -------------------------------------------------------------------
                         slack                                  2.437    

Slack (MET) :             2.437ns  (required time - arrival time)
  Source:                 fast_reset_slow_reg[1]/C
                            (rising edge-triggered cell FDCE clocked by source_100  {rise@0.000ns fall@5.000ns period=10.000ns})
  Destination:            source_bank/metadata_in_hold_reg[17]/CE
                            (rising edge-triggered cell FDRE clocked by source_100  {rise@0.000ns fall@5.000ns period=10.000ns})
  Path Group:             source_100
  Path Type:              Setup (Max at Slow Process Corner)
  Requirement:            10.000ns  (source_100 rise@10.000ns - source_100 rise@0.000ns)
  Data Path Delay:        7.274ns  (logic 1.254ns (17.238%)  route 6.020ns (82.762%))
  Logic Levels:           3  (LUT2=1 LUT4=1 LUT5=1)
  Clock Path Skew:        -0.049ns (DCD - SCD + CPR)
    Destination Clock Delay (DCD):    0.924ns = ( 10.924 - 10.000 ) 
    Source Clock Delay      (SCD):    0.973ns
    Clock Pessimism Removal (CPR):    0.000ns
  Clock Uncertainty:      0.035ns  ((TSJ^2 + TIJ^2)^1/2 + DJ) / 2 + PE
    Total System Jitter     (TSJ):    0.071ns
    Total Input Jitter      (TIJ):    0.000ns
    Discrete Jitter          (DJ):    0.000ns
    Phase Error              (PE):    0.000ns

    Location             Delay type                Incr(ns)  Path(ns)    Netlist Resource(s)
  -------------------------------------------------------------------    -------------------
                         (clock source_100 rise edge)
                                                      0.000     0.000 r  
                                                      0.000     0.000 r  clk (IN)
                         net (fo=183, unset)          0.973     0.973    clk
    SLICE_X10Y0          FDCE                                         r  fast_reset_slow_reg[1]/C
  -------------------------------------------------------------------    -------------------
    SLICE_X10Y0          FDCE (Prop_fdce_C_Q)         0.478     1.451 r  fast_reset_slow_reg[1]/Q
                         net (fo=1, routed)           0.735     2.186    output_bank/out[0]
    SLICE_X9Y0           LUT2 (Prop_lut2_I0_O)        0.295     2.481 f  output_bank/input_ready_INST_0_i_2/O
                         net (fo=36, routed)          1.203     3.684    source_bank/request_toggle_reg_0
    SLICE_X7Y7           LUT4 (Prop_lut4_I1_O)        0.154     3.838 r  source_bank/input_ready_INST_0_i_1/O
                         net (fo=9, routed)           1.084     4.922    source_bank/input_ready_INST_0_i_1_n_0
    SLICE_X4Y4           LUT5 (Prop_lut5_I1_O)        0.327     5.249 r  source_bank/metadata_in_hold[68]_i_1__0/O
                         net (fo=64, routed)          2.999     8.247    source_bank/metadata_load
    SLICE_X37Y3          FDRE                                         r  source_bank/metadata_in_hold_reg[17]/CE
  -------------------------------------------------------------------    -------------------

                         (clock source_100 rise edge)
                                                     10.000    10.000 r  
                                                      0.000    10.000 r  clk (IN)
                         net (fo=183, unset)          0.924    10.924    source_bank/clk
    SLICE_X37Y3          FDRE                                         r  source_bank/metadata_in_hold_reg[17]/C
                         clock pessimism              0.000    10.924    
                         clock uncertainty           -0.035    10.889    
    SLICE_X37Y3          FDRE (Setup_fdre_C_CE)      -0.205    10.684    source_bank/metadata_in_hold_reg[17]
  -------------------------------------------------------------------
                         required time                         10.684    
                         arrival time                          -8.247    
  -------------------------------------------------------------------
                         slack                                  2.437    

Slack (MET) :             2.437ns  (required time - arrival time)
  Source:                 fast_reset_slow_reg[1]/C
                            (rising edge-triggered cell FDCE clocked by source_100  {rise@0.000ns fall@5.000ns period=10.000ns})
  Destination:            source_bank/metadata_in_hold_reg[24]/CE
                            (rising edge-triggered cell FDRE clocked by source_100  {rise@0.000ns fall@5.000ns period=10.000ns})
  Path Group:             source_100
  Path Type:              Setup (Max at Slow Process Corner)
  Requirement:            10.000ns  (source_100 rise@10.000ns - source_100 rise@0.000ns)
  Data Path Delay:        7.274ns  (logic 1.254ns (17.238%)  route 6.020ns (82.762%))
  Logic Levels:           3  (LUT2=1 LUT4=1 LUT5=1)
  Clock Path Skew:        -0.049ns (DCD - SCD + CPR)
    Destination Clock Delay (DCD):    0.924ns = ( 10.924 - 10.000 ) 
    Source Clock Delay      (SCD):    0.973ns
    Clock Pessimism Removal (CPR):    0.000ns
  Clock Uncertainty:      0.035ns  ((TSJ^2 + TIJ^2)^1/2 + DJ) / 2 + PE
    Total System Jitter     (TSJ):    0.071ns
    Total Input Jitter      (TIJ):    0.000ns
    Discrete Jitter          (DJ):    0.000ns
    Phase Error              (PE):    0.000ns

    Location             Delay type                Incr(ns)  Path(ns)    Netlist Resource(s)
  -------------------------------------------------------------------    -------------------
                         (clock source_100 rise edge)
                                                      0.000     0.000 r  
                                                      0.000     0.000 r  clk (IN)
                         net (fo=183, unset)          0.973     0.973    clk
    SLICE_X10Y0          FDCE                                         r  fast_reset_slow_reg[1]/C
  -------------------------------------------------------------------    -------------------
    SLICE_X10Y0          FDCE (Prop_fdce_C_Q)         0.478     1.451 r  fast_reset_slow_reg[1]/Q
                         net (fo=1, routed)           0.735     2.186    output_bank/out[0]
    SLICE_X9Y0           LUT2 (Prop_lut2_I0_O)        0.295     2.481 f  output_bank/input_ready_INST_0_i_2/O
                         net (fo=36, routed)          1.203     3.684    source_bank/request_toggle_reg_0
    SLICE_X7Y7           LUT4 (Prop_lut4_I1_O)        0.154     3.838 r  source_bank/input_ready_INST_0_i_1/O
                         net (fo=9, routed)           1.084     4.922    source_bank/input_ready_INST_0_i_1_n_0
    SLICE_X4Y4           LUT5 (Prop_lut5_I1_O)        0.327     5.249 r  source_bank/metadata_in_hold[68]_i_1__0/O
                         net (fo=64, routed)          2.999     8.247    source_bank/metadata_load
    SLICE_X37Y3          FDRE                                         r  source_bank/metadata_in_hold_reg[24]/CE
  -------------------------------------------------------------------    -------------------

                         (clock source_100 rise edge)
                                                     10.000    10.000 r  
                                                      0.000    10.000 r  clk (IN)
                         net (fo=183, unset)          0.924    10.924    source_bank/clk
    SLICE_X37Y3          FDRE                                         r  source_bank/metadata_in_hold_reg[24]/C
                         clock pessimism              0.000    10.924    
                         clock uncertainty           -0.035    10.889    
    SLICE_X37Y3          FDRE (Setup_fdre_C_CE)      -0.205    10.684    source_bank/metadata_in_hold_reg[24]
  -------------------------------------------------------------------
                         required time                         10.684    
                         arrival time                          -8.247    
  -------------------------------------------------------------------
                         slack                                  2.437    

Slack (MET) :             2.437ns  (required time - arrival time)
  Source:                 fast_reset_slow_reg[1]/C
                            (rising edge-triggered cell FDCE clocked by source_100  {rise@0.000ns fall@5.000ns period=10.000ns})
  Destination:            source_bank/metadata_in_hold_reg[6]/CE
                            (rising edge-triggered cell FDRE clocked by source_100  {rise@0.000ns fall@5.000ns period=10.000ns})
  Path Group:             source_100
  Path Type:              Setup (Max at Slow Process Corner)
  Requirement:            10.000ns  (source_100 rise@10.000ns - source_100 rise@0.000ns)
  Data Path Delay:        7.274ns  (logic 1.254ns (17.238%)  route 6.020ns (82.762%))
  Logic Levels:           3  (LUT2=1 LUT4=1 LUT5=1)
  Clock Path Skew:        -0.049ns (DCD - SCD + CPR)
    Destination Clock Delay (DCD):    0.924ns = ( 10.924 - 10.000 ) 
    Source Clock Delay      (SCD):    0.973ns
    Clock Pessimism Removal (CPR):    0.000ns
  Clock Uncertainty:      0.035ns  ((TSJ^2 + TIJ^2)^1/2 + DJ) / 2 + PE
    Total System Jitter     (TSJ):    0.071ns
    Total Input Jitter      (TIJ):    0.000ns
    Discrete Jitter          (DJ):    0.000ns
    Phase Error              (PE):    0.000ns

    Location             Delay type                Incr(ns)  Path(ns)    Netlist Resource(s)
  -------------------------------------------------------------------    -------------------
                         (clock source_100 rise edge)
                                                      0.000     0.000 r  
                                                      0.000     0.000 r  clk (IN)
                         net (fo=183, unset)          0.973     0.973    clk
    SLICE_X10Y0          FDCE                                         r  fast_reset_slow_reg[1]/C
  -------------------------------------------------------------------    -------------------
    SLICE_X10Y0          FDCE (Prop_fdce_C_Q)         0.478     1.451 r  fast_reset_slow_reg[1]/Q
                         net (fo=1, routed)           0.735     2.186    output_bank/out[0]
    SLICE_X9Y0           LUT2 (Prop_lut2_I0_O)        0.295     2.481 f  output_bank/input_ready_INST_0_i_2/O
                         net (fo=36, routed)          1.203     3.684    source_bank/request_toggle_reg_0
    SLICE_X7Y7           LUT4 (Prop_lut4_I1_O)        0.154     3.838 r  source_bank/input_ready_INST_0_i_1/O
                         net (fo=9, routed)           1.084     4.922    source_bank/input_ready_INST_0_i_1_n_0
    SLICE_X4Y4           LUT5 (Prop_lut5_I1_O)        0.327     5.249 r  source_bank/metadata_in_hold[68]_i_1__0/O
                         net (fo=64, routed)          2.999     8.247    source_bank/metadata_load
    SLICE_X37Y3          FDRE                                         r  source_bank/metadata_in_hold_reg[6]/CE
  -------------------------------------------------------------------    -------------------

                         (clock source_100 rise edge)
                                                     10.000    10.000 r  
                                                      0.000    10.000 r  clk (IN)
                         net (fo=183, unset)          0.924    10.924    source_bank/clk
    SLICE_X37Y3          FDRE                                         r  source_bank/metadata_in_hold_reg[6]/C
                         clock pessimism              0.000    10.924    
                         clock uncertainty           -0.035    10.889    
    SLICE_X37Y3          FDRE (Setup_fdre_C_CE)      -0.205    10.684    source_bank/metadata_in_hold_reg[6]
  -------------------------------------------------------------------
                         required time                         10.684    
                         arrival time                          -8.247    
  -------------------------------------------------------------------
                         slack                                  2.437    

Slack (MET) :             2.437ns  (required time - arrival time)
  Source:                 fast_reset_slow_reg[1]/C
                            (rising edge-triggered cell FDCE clocked by source_100  {rise@0.000ns fall@5.000ns period=10.000ns})
  Destination:            source_bank/metadata_in_hold_reg[7]/CE
                            (rising edge-triggered cell FDRE clocked by source_100  {rise@0.000ns fall@5.000ns period=10.000ns})
  Path Group:             source_100
  Path Type:              Setup (Max at Slow Process Corner)
  Requirement:            10.000ns  (source_100 rise@10.000ns - source_100 rise@0.000ns)
  Data Path Delay:        7.274ns  (logic 1.254ns (17.238%)  route 6.020ns (82.762%))
  Logic Levels:           3  (LUT2=1 LUT4=1 LUT5=1)
  Clock Path Skew:        -0.049ns (DCD - SCD + CPR)
    Destination Clock Delay (DCD):    0.924ns = ( 10.924 - 10.000 ) 
    Source Clock Delay      (SCD):    0.973ns
    Clock Pessimism Removal (CPR):    0.000ns
  Clock Uncertainty:      0.035ns  ((TSJ^2 + TIJ^2)^1/2 + DJ) / 2 + PE
    Total System Jitter     (TSJ):    0.071ns
    Total Input Jitter      (TIJ):    0.000ns
    Discrete Jitter          (DJ):    0.000ns
    Phase Error              (PE):    0.000ns

    Location             Delay type                Incr(ns)  Path(ns)    Netlist Resource(s)
  -------------------------------------------------------------------    -------------------
                         (clock source_100 rise edge)
                                                      0.000     0.000 r  
                                                      0.000     0.000 r  clk (IN)
                         net (fo=183, unset)          0.973     0.973    clk
    SLICE_X10Y0          FDCE                                         r  fast_reset_slow_reg[1]/C
  -------------------------------------------------------------------    -------------------
    SLICE_X10Y0          FDCE (Prop_fdce_C_Q)         0.478     1.451 r  fast_reset_slow_reg[1]/Q
                         net (fo=1, routed)           0.735     2.186    output_bank/out[0]
    SLICE_X9Y0           LUT2 (Prop_lut2_I0_O)        0.295     2.481 f  output_bank/input_ready_INST_0_i_2/O
                         net (fo=36, routed)          1.203     3.684    source_bank/request_toggle_reg_0
    SLICE_X7Y7           LUT4 (Prop_lut4_I1_O)        0.154     3.838 r  source_bank/input_ready_INST_0_i_1/O
                         net (fo=9, routed)           1.084     4.922    source_bank/input_ready_INST_0_i_1_n_0
    SLICE_X4Y4           LUT5 (Prop_lut5_I1_O)        0.327     5.249 r  source_bank/metadata_in_hold[68]_i_1__0/O
                         net (fo=64, routed)          2.999     8.247    source_bank/metadata_load
    SLICE_X37Y3          FDRE                                         r  source_bank/metadata_in_hold_reg[7]/CE
  -------------------------------------------------------------------    -------------------

                         (clock source_100 rise edge)
                                                     10.000    10.000 r  
                                                      0.000    10.000 r  clk (IN)
                         net (fo=183, unset)          0.924    10.924    source_bank/clk
    SLICE_X37Y3          FDRE                                         r  source_bank/metadata_in_hold_reg[7]/C
                         clock pessimism              0.000    10.924    
                         clock uncertainty           -0.035    10.889    
    SLICE_X37Y3          FDRE (Setup_fdre_C_CE)      -0.205    10.684    source_bank/metadata_in_hold_reg[7]
  -------------------------------------------------------------------
                         required time                         10.684    
                         arrival time                          -8.247    
  -------------------------------------------------------------------
                         slack                                  2.437    

Slack (MET) :             2.437ns  (required time - arrival time)
  Source:                 fast_reset_slow_reg[1]/C
                            (rising edge-triggered cell FDCE clocked by source_100  {rise@0.000ns fall@5.000ns period=10.000ns})
  Destination:            source_bank/metadata_in_hold_reg[8]/CE
                            (rising edge-triggered cell FDRE clocked by source_100  {rise@0.000ns fall@5.000ns period=10.000ns})
  Path Group:             source_100
  Path Type:              Setup (Max at Slow Process Corner)
  Requirement:            10.000ns  (source_100 rise@10.000ns - source_100 rise@0.000ns)
  Data Path Delay:        7.274ns  (logic 1.254ns (17.238%)  route 6.020ns (82.762%))
  Logic Levels:           3  (LUT2=1 LUT4=1 LUT5=1)
  Clock Path Skew:        -0.049ns (DCD - SCD + CPR)
    Destination Clock Delay (DCD):    0.924ns = ( 10.924 - 10.000 ) 
    Source Clock Delay      (SCD):    0.973ns
    Clock Pessimism Removal (CPR):    0.000ns
  Clock Uncertainty:      0.035ns  ((TSJ^2 + TIJ^2)^1/2 + DJ) / 2 + PE
    Total System Jitter     (TSJ):    0.071ns
    Total Input Jitter      (TIJ):    0.000ns
    Discrete Jitter          (DJ):    0.000ns
    Phase Error              (PE):    0.000ns

    Location             Delay type                Incr(ns)  Path(ns)    Netlist Resource(s)
  -------------------------------------------------------------------    -------------------
                         (clock source_100 rise edge)
                                                      0.000     0.000 r  
                                                      0.000     0.000 r  clk (IN)
                         net (fo=183, unset)          0.973     0.973    clk
    SLICE_X10Y0          FDCE                                         r  fast_reset_slow_reg[1]/C
  -------------------------------------------------------------------    -------------------
    SLICE_X10Y0          FDCE (Prop_fdce_C_Q)         0.478     1.451 r  fast_reset_slow_reg[1]/Q
                         net (fo=1, routed)           0.735     2.186    output_bank/out[0]
    SLICE_X9Y0           LUT2 (Prop_lut2_I0_O)        0.295     2.481 f  output_bank/input_ready_INST_0_i_2/O
                         net (fo=36, routed)          1.203     3.684    source_bank/request_toggle_reg_0
    SLICE_X7Y7           LUT4 (Prop_lut4_I1_O)        0.154     3.838 r  source_bank/input_ready_INST_0_i_1/O
                         net (fo=9, routed)           1.084     4.922    source_bank/input_ready_INST_0_i_1_n_0
    SLICE_X4Y4           LUT5 (Prop_lut5_I1_O)        0.327     5.249 r  source_bank/metadata_in_hold[68]_i_1__0/O
                         net (fo=64, routed)          2.999     8.247    source_bank/metadata_load
    SLICE_X37Y3          FDRE                                         r  source_bank/metadata_in_hold_reg[8]/CE
  -------------------------------------------------------------------    -------------------

                         (clock source_100 rise edge)
                                                     10.000    10.000 r  
                                                      0.000    10.000 r  clk (IN)
                         net (fo=183, unset)          0.924    10.924    source_bank/clk
    SLICE_X37Y3          FDRE                                         r  source_bank/metadata_in_hold_reg[8]/C
                         clock pessimism              0.000    10.924    
                         clock uncertainty           -0.035    10.889    
    SLICE_X37Y3          FDRE (Setup_fdre_C_CE)      -0.205    10.684    source_bank/metadata_in_hold_reg[8]
  -------------------------------------------------------------------
                         required time                         10.684    
                         arrival time                          -8.247    
  -------------------------------------------------------------------
                         slack                                  2.437    

Slack (MET) :             2.452ns  (required time - arrival time)
  Source:                 fast_reset_slow_reg[1]/C
                            (rising edge-triggered cell FDCE clocked by source_100  {rise@0.000ns fall@5.000ns period=10.000ns})
  Destination:            source_bank/metadata_in_hold_reg[37]/CE
                            (rising edge-triggered cell FDRE clocked by source_100  {rise@0.000ns fall@5.000ns period=10.000ns})
  Path Group:             source_100
  Path Type:              Setup (Max at Slow Process Corner)
  Requirement:            10.000ns  (source_100 rise@10.000ns - source_100 rise@0.000ns)
  Data Path Delay:        7.259ns  (logic 1.254ns (17.275%)  route 6.005ns (82.725%))
  Logic Levels:           3  (LUT2=1 LUT4=1 LUT5=1)
  Clock Path Skew:        -0.049ns (DCD - SCD + CPR)
    Destination Clock Delay (DCD):    0.924ns = ( 10.924 - 10.000 ) 
    Source Clock Delay      (SCD):    0.973ns
    Clock Pessimism Removal (CPR):    0.000ns
  Clock Uncertainty:      0.035ns  ((TSJ^2 + TIJ^2)^1/2 + DJ) / 2 + PE
    Total System Jitter     (TSJ):    0.071ns
    Total Input Jitter      (TIJ):    0.000ns
    Discrete Jitter          (DJ):    0.000ns
    Phase Error              (PE):    0.000ns

    Location             Delay type                Incr(ns)  Path(ns)    Netlist Resource(s)
  -------------------------------------------------------------------    -------------------
                         (clock source_100 rise edge)
                                                      0.000     0.000 r  
                                                      0.000     0.000 r  clk (IN)
                         net (fo=183, unset)          0.973     0.973    clk
    SLICE_X10Y0          FDCE                                         r  fast_reset_slow_reg[1]/C
  -------------------------------------------------------------------    -------------------
    SLICE_X10Y0          FDCE (Prop_fdce_C_Q)         0.478     1.451 r  fast_reset_slow_reg[1]/Q
                         net (fo=1, routed)           0.735     2.186    output_bank/out[0]
    SLICE_X9Y0           LUT2 (Prop_lut2_I0_O)        0.295     2.481 f  output_bank/input_ready_INST_0_i_2/O
                         net (fo=36, routed)          1.203     3.684    source_bank/request_toggle_reg_0
    SLICE_X7Y7           LUT4 (Prop_lut4_I1_O)        0.154     3.838 r  source_bank/input_ready_INST_0_i_1/O
                         net (fo=9, routed)           1.084     4.922    source_bank/input_ready_INST_0_i_1_n_0
    SLICE_X4Y4           LUT5 (Prop_lut5_I1_O)        0.327     5.249 r  source_bank/metadata_in_hold[68]_i_1__0/O
                         net (fo=64, routed)          2.983     8.232    source_bank/metadata_load
    SLICE_X37Y9          FDRE                                         r  source_bank/metadata_in_hold_reg[37]/CE
  -------------------------------------------------------------------    -------------------

                         (clock source_100 rise edge)
                                                     10.000    10.000 r  
                                                      0.000    10.000 r  clk (IN)
                         net (fo=183, unset)          0.924    10.924    source_bank/clk
    SLICE_X37Y9          FDRE                                         r  source_bank/metadata_in_hold_reg[37]/C
                         clock pessimism              0.000    10.924    
                         clock uncertainty           -0.035    10.889    
    SLICE_X37Y9          FDRE (Setup_fdre_C_CE)      -0.205    10.684    source_bank/metadata_in_hold_reg[37]
  -------------------------------------------------------------------
                         required time                         10.684    
                         arrival time                          -8.232    
  -------------------------------------------------------------------
                         slack                                  2.452    

Slack (MET) :             2.452ns  (required time - arrival time)
  Source:                 fast_reset_slow_reg[1]/C
                            (rising edge-triggered cell FDCE clocked by source_100  {rise@0.000ns fall@5.000ns period=10.000ns})
  Destination:            source_bank/metadata_in_hold_reg[54]/CE
                            (rising edge-triggered cell FDRE clocked by source_100  {rise@0.000ns fall@5.000ns period=10.000ns})
  Path Group:             source_100
  Path Type:              Setup (Max at Slow Process Corner)
  Requirement:            10.000ns  (source_100 rise@10.000ns - source_100 rise@0.000ns)
  Data Path Delay:        7.259ns  (logic 1.254ns (17.275%)  route 6.005ns (82.725%))
  Logic Levels:           3  (LUT2=1 LUT4=1 LUT5=1)
  Clock Path Skew:        -0.049ns (DCD - SCD + CPR)
    Destination Clock Delay (DCD):    0.924ns = ( 10.924 - 10.000 ) 
    Source Clock Delay      (SCD):    0.973ns
    Clock Pessimism Removal (CPR):    0.000ns
  Clock Uncertainty:      0.035ns  ((TSJ^2 + TIJ^2)^1/2 + DJ) / 2 + PE
    Total System Jitter     (TSJ):    0.071ns
    Total Input Jitter      (TIJ):    0.000ns
    Discrete Jitter          (DJ):    0.000ns
    Phase Error              (PE):    0.000ns

    Location             Delay type                Incr(ns)  Path(ns)    Netlist Resource(s)
  -------------------------------------------------------------------    -------------------
                         (clock source_100 rise edge)
                                                      0.000     0.000 r  
                                                      0.000     0.000 r  clk (IN)
                         net (fo=183, unset)          0.973     0.973    clk
    SLICE_X10Y0          FDCE                                         r  fast_reset_slow_reg[1]/C
  -------------------------------------------------------------------    -------------------
    SLICE_X10Y0          FDCE (Prop_fdce_C_Q)         0.478     1.451 r  fast_reset_slow_reg[1]/Q
                         net (fo=1, routed)           0.735     2.186    output_bank/out[0]
    SLICE_X9Y0           LUT2 (Prop_lut2_I0_O)        0.295     2.481 f  output_bank/input_ready_INST_0_i_2/O
                         net (fo=36, routed)          1.203     3.684    source_bank/request_toggle_reg_0
    SLICE_X7Y7           LUT4 (Prop_lut4_I1_O)        0.154     3.838 r  source_bank/input_ready_INST_0_i_1/O
                         net (fo=9, routed)           1.084     4.922    source_bank/input_ready_INST_0_i_1_n_0
    SLICE_X4Y4           LUT5 (Prop_lut5_I1_O)        0.327     5.249 r  source_bank/metadata_in_hold[68]_i_1__0/O
                         net (fo=64, routed)          2.983     8.232    source_bank/metadata_load
    SLICE_X37Y9          FDRE                                         r  source_bank/metadata_in_hold_reg[54]/CE
  -------------------------------------------------------------------    -------------------

                         (clock source_100 rise edge)
                                                     10.000    10.000 r  
                                                      0.000    10.000 r  clk (IN)
                         net (fo=183, unset)          0.924    10.924    source_bank/clk
    SLICE_X37Y9          FDRE                                         r  source_bank/metadata_in_hold_reg[54]/C
                         clock pessimism              0.000    10.924    
                         clock uncertainty           -0.035    10.889    
    SLICE_X37Y9          FDRE (Setup_fdre_C_CE)      -0.205    10.684    source_bank/metadata_in_hold_reg[54]
  -------------------------------------------------------------------
                         required time                         10.684    
                         arrival time                          -8.232    
  -------------------------------------------------------------------
                         slack                                  2.452    

Slack (MET) :             2.458ns  (required time - arrival time)
  Source:                 fast_reset_slow_reg[1]/C
                            (rising edge-triggered cell FDCE clocked by source_100  {rise@0.000ns fall@5.000ns period=10.000ns})
  Destination:            source_bank/metadata_in_hold_reg[12]/CE
                            (rising edge-triggered cell FDRE clocked by source_100  {rise@0.000ns fall@5.000ns period=10.000ns})
  Path Group:             source_100
  Path Type:              Setup (Max at Slow Process Corner)
  Requirement:            10.000ns  (source_100 rise@10.000ns - source_100 rise@0.000ns)
  Data Path Delay:        7.289ns  (logic 1.254ns (17.204%)  route 6.035ns (82.796%))
  Logic Levels:           3  (LUT2=1 LUT4=1 LUT5=1)
  Clock Path Skew:        -0.049ns (DCD - SCD + CPR)
    Destination Clock Delay (DCD):    0.924ns = ( 10.924 - 10.000 ) 
    Source Clock Delay      (SCD):    0.973ns
    Clock Pessimism Removal (CPR):    0.000ns
  Clock Uncertainty:      0.035ns  ((TSJ^2 + TIJ^2)^1/2 + DJ) / 2 + PE
    Total System Jitter     (TSJ):    0.071ns
    Total Input Jitter      (TIJ):    0.000ns
    Discrete Jitter          (DJ):    0.000ns
    Phase Error              (PE):    0.000ns

    Location             Delay type                Incr(ns)  Path(ns)    Netlist Resource(s)
  -------------------------------------------------------------------    -------------------
                         (clock source_100 rise edge)
                                                      0.000     0.000 r  
                                                      0.000     0.000 r  clk (IN)
                         net (fo=183, unset)          0.973     0.973    clk
    SLICE_X10Y0          FDCE                                         r  fast_reset_slow_reg[1]/C
  -------------------------------------------------------------------    -------------------
    SLICE_X10Y0          FDCE (Prop_fdce_C_Q)         0.478     1.451 r  fast_reset_slow_reg[1]/Q
                         net (fo=1, routed)           0.735     2.186    output_bank/out[0]
    SLICE_X9Y0           LUT2 (Prop_lut2_I0_O)        0.295     2.481 f  output_bank/input_ready_INST_0_i_2/O
                         net (fo=36, routed)          1.203     3.684    source_bank/request_toggle_reg_0
    SLICE_X7Y7           LUT4 (Prop_lut4_I1_O)        0.154     3.838 r  source_bank/input_ready_INST_0_i_1/O
                         net (fo=9, routed)           1.084     4.922    source_bank/input_ready_INST_0_i_1_n_0
    SLICE_X4Y4           LUT5 (Prop_lut5_I1_O)        0.327     5.249 r  source_bank/metadata_in_hold[68]_i_1__0/O
                         net (fo=64, routed)          3.013     8.262    source_bank/metadata_load
    SLICE_X34Y2          FDRE                                         r  source_bank/metadata_in_hold_reg[12]/CE
  -------------------------------------------------------------------    -------------------

                         (clock source_100 rise edge)
                                                     10.000    10.000 r  
                                                      0.000    10.000 r  clk (IN)
                         net (fo=183, unset)          0.924    10.924    source_bank/clk
    SLICE_X34Y2          FDRE                                         r  source_bank/metadata_in_hold_reg[12]/C
                         clock pessimism              0.000    10.924    
                         clock uncertainty           -0.035    10.889    
    SLICE_X34Y2          FDRE (Setup_fdre_C_CE)      -0.169    10.720    source_bank/metadata_in_hold_reg[12]
  -------------------------------------------------------------------
                         required time                         10.720    
                         arrival time                          -8.262    
  -------------------------------------------------------------------
                         slack                                  2.458    

Slack (MET) :             2.458ns  (required time - arrival time)
  Source:                 fast_reset_slow_reg[1]/C
                            (rising edge-triggered cell FDCE clocked by source_100  {rise@0.000ns fall@5.000ns period=10.000ns})
  Destination:            source_bank/metadata_in_hold_reg[20]/CE
                            (rising edge-triggered cell FDRE clocked by source_100  {rise@0.000ns fall@5.000ns period=10.000ns})
  Path Group:             source_100
  Path Type:              Setup (Max at Slow Process Corner)
  Requirement:            10.000ns  (source_100 rise@10.000ns - source_100 rise@0.000ns)
  Data Path Delay:        7.289ns  (logic 1.254ns (17.204%)  route 6.035ns (82.796%))
  Logic Levels:           3  (LUT2=1 LUT4=1 LUT5=1)
  Clock Path Skew:        -0.049ns (DCD - SCD + CPR)
    Destination Clock Delay (DCD):    0.924ns = ( 10.924 - 10.000 ) 
    Source Clock Delay      (SCD):    0.973ns
    Clock Pessimism Removal (CPR):    0.000ns
  Clock Uncertainty:      0.035ns  ((TSJ^2 + TIJ^2)^1/2 + DJ) / 2 + PE
    Total System Jitter     (TSJ):    0.071ns
    Total Input Jitter      (TIJ):    0.000ns
    Discrete Jitter          (DJ):    0.000ns
    Phase Error              (PE):    0.000ns

    Location             Delay type                Incr(ns)  Path(ns)    Netlist Resource(s)
  -------------------------------------------------------------------    -------------------
                         (clock source_100 rise edge)
                                                      0.000     0.000 r  
                                                      0.000     0.000 r  clk (IN)
                         net (fo=183, unset)          0.973     0.973    clk
    SLICE_X10Y0          FDCE                                         r  fast_reset_slow_reg[1]/C
  -------------------------------------------------------------------    -------------------
    SLICE_X10Y0          FDCE (Prop_fdce_C_Q)         0.478     1.451 r  fast_reset_slow_reg[1]/Q
                         net (fo=1, routed)           0.735     2.186    output_bank/out[0]
    SLICE_X9Y0           LUT2 (Prop_lut2_I0_O)        0.295     2.481 f  output_bank/input_ready_INST_0_i_2/O
                         net (fo=36, routed)          1.203     3.684    source_bank/request_toggle_reg_0
    SLICE_X7Y7           LUT4 (Prop_lut4_I1_O)        0.154     3.838 r  source_bank/input_ready_INST_0_i_1/O
                         net (fo=9, routed)           1.084     4.922    source_bank/input_ready_INST_0_i_1_n_0
    SLICE_X4Y4           LUT5 (Prop_lut5_I1_O)        0.327     5.249 r  source_bank/metadata_in_hold[68]_i_1__0/O
                         net (fo=64, routed)          3.013     8.262    source_bank/metadata_load
    SLICE_X34Y2          FDRE                                         r  source_bank/metadata_in_hold_reg[20]/CE
  -------------------------------------------------------------------    -------------------

                         (clock source_100 rise edge)
                                                     10.000    10.000 r  
                                                      0.000    10.000 r  clk (IN)
                         net (fo=183, unset)          0.924    10.924    source_bank/clk
    SLICE_X34Y2          FDRE                                         r  source_bank/metadata_in_hold_reg[20]/C
                         clock pessimism              0.000    10.924    
                         clock uncertainty           -0.035    10.889    
    SLICE_X34Y2          FDRE (Setup_fdre_C_CE)      -0.169    10.720    source_bank/metadata_in_hold_reg[20]
  -------------------------------------------------------------------
                         required time                         10.720    
                         arrival time                          -8.262    
  -------------------------------------------------------------------
                         slack                                  2.458    

Slack (MET) :             2.458ns  (required time - arrival time)
  Source:                 fast_reset_slow_reg[1]/C
                            (rising edge-triggered cell FDCE clocked by source_100  {rise@0.000ns fall@5.000ns period=10.000ns})
  Destination:            source_bank/metadata_in_hold_reg[5]/CE
                            (rising edge-triggered cell FDRE clocked by source_100  {rise@0.000ns fall@5.000ns period=10.000ns})
  Path Group:             source_100
  Path Type:              Setup (Max at Slow Process Corner)
  Requirement:            10.000ns  (source_100 rise@10.000ns - source_100 rise@0.000ns)
  Data Path Delay:        7.289ns  (logic 1.254ns (17.204%)  route 6.035ns (82.796%))
  Logic Levels:           3  (LUT2=1 LUT4=1 LUT5=1)
  Clock Path Skew:        -0.049ns (DCD - SCD + CPR)
    Destination Clock Delay (DCD):    0.924ns = ( 10.924 - 10.000 ) 
    Source Clock Delay      (SCD):    0.973ns
    Clock Pessimism Removal (CPR):    0.000ns
  Clock Uncertainty:      0.035ns  ((TSJ^2 + TIJ^2)^1/2 + DJ) / 2 + PE
    Total System Jitter     (TSJ):    0.071ns
    Total Input Jitter      (TIJ):    0.000ns
    Discrete Jitter          (DJ):    0.000ns
    Phase Error              (PE):    0.000ns

    Location             Delay type                Incr(ns)  Path(ns)    Netlist Resource(s)
  -------------------------------------------------------------------    -------------------
                         (clock source_100 rise edge)
                                                      0.000     0.000 r  
                                                      0.000     0.000 r  clk (IN)
                         net (fo=183, unset)          0.973     0.973    clk
    SLICE_X10Y0          FDCE                                         r  fast_reset_slow_reg[1]/C
  -------------------------------------------------------------------    -------------------
    SLICE_X10Y0          FDCE (Prop_fdce_C_Q)         0.478     1.451 r  fast_reset_slow_reg[1]/Q
                         net (fo=1, routed)           0.735     2.186    output_bank/out[0]
    SLICE_X9Y0           LUT2 (Prop_lut2_I0_O)        0.295     2.481 f  output_bank/input_ready_INST_0_i_2/O
                         net (fo=36, routed)          1.203     3.684    source_bank/request_toggle_reg_0
    SLICE_X7Y7           LUT4 (Prop_lut4_I1_O)        0.154     3.838 r  source_bank/input_ready_INST_0_i_1/O
                         net (fo=9, routed)           1.084     4.922    source_bank/input_ready_INST_0_i_1_n_0
    SLICE_X4Y4           LUT5 (Prop_lut5_I1_O)        0.327     5.249 r  source_bank/metadata_in_hold[68]_i_1__0/O
                         net (fo=64, routed)          3.013     8.262    source_bank/metadata_load
    SLICE_X34Y2          FDRE                                         r  source_bank/metadata_in_hold_reg[5]/CE
  -------------------------------------------------------------------    -------------------

                         (clock source_100 rise edge)
                                                     10.000    10.000 r  
                                                      0.000    10.000 r  clk (IN)
                         net (fo=183, unset)          0.924    10.924    source_bank/clk
    SLICE_X34Y2          FDRE                                         r  source_bank/metadata_in_hold_reg[5]/C
                         clock pessimism              0.000    10.924    
                         clock uncertainty           -0.035    10.889    
    SLICE_X34Y2          FDRE (Setup_fdre_C_CE)      -0.169    10.720    source_bank/metadata_in_hold_reg[5]
  -------------------------------------------------------------------
                         required time                         10.720    
                         arrival time                          -8.262    
  -------------------------------------------------------------------
                         slack                                  2.458    

Slack (MET) :             2.516ns  (required time - arrival time)
  Source:                 source_bank/metadata_in_hold_reg[7]/C
                            (rising edge-triggered cell FDRE clocked by source_100  {rise@0.000ns fall@5.000ns period=10.000ns})
  Destination:            source_bank/write_position_reg[0]/CE
                            (rising edge-triggered cell FDRE clocked by source_100  {rise@0.000ns fall@5.000ns period=10.000ns})
  Path Group:             source_100
  Path Type:              Setup (Max at Slow Process Corner)
  Requirement:            10.000ns  (source_100 rise@10.000ns - source_100 rise@0.000ns)
  Data Path Delay:        6.991ns  (logic 2.587ns (37.006%)  route 4.404ns (62.994%))
  Logic Levels:           9  (CARRY4=6 LUT4=1 LUT5=1 LUT6=1)
  Clock Path Skew:        -0.049ns (DCD - SCD + CPR)
    Destination Clock Delay (DCD):    0.924ns = ( 10.924 - 10.000 ) 
    Source Clock Delay      (SCD):    0.973ns
    Clock Pessimism Removal (CPR):    0.000ns
  Clock Uncertainty:      0.035ns  ((TSJ^2 + TIJ^2)^1/2 + DJ) / 2 + PE
    Total System Jitter     (TSJ):    0.071ns
    Total Input Jitter      (TIJ):    0.000ns
    Discrete Jitter          (DJ):    0.000ns
    Phase Error              (PE):    0.000ns

    Location             Delay type                Incr(ns)  Path(ns)    Netlist Resource(s)
  -------------------------------------------------------------------    -------------------
                         (clock source_100 rise edge)
                                                      0.000     0.000 r  
                                                      0.000     0.000 r  clk (IN)
                         net (fo=183, unset)          0.973     0.973    source_bank/clk
    SLICE_X37Y3          FDRE                                         r  source_bank/metadata_in_hold_reg[7]/C
  -------------------------------------------------------------------    -------------------
    SLICE_X37Y3          FDRE (Prop_fdre_C_Q)         0.419     1.392 r  source_bank/metadata_in_hold_reg[7]/Q
                         net (fo=2, routed)           0.870     2.262    source_bank/metadata_in_hold[7]
    SLICE_X37Y3          LUT6 (Prop_lut6_I3_O)        0.296     2.558 r  source_bank/metadata_matches__0_carry_i_5/O
                         net (fo=1, routed)           0.622     3.180    source_bank/metadata_matches__0_carry_i_5_n_0
    SLICE_X37Y4          CARRY4 (Prop_carry4_S[0]_CO[3])
                                                      0.656     3.836 r  source_bank/metadata_matches__0_carry/CO[3]
                         net (fo=1, routed)           0.000     3.836    source_bank/metadata_matches__0_carry_n_0
    SLICE_X37Y5          CARRY4 (Prop_carry4_CI_CO[3])
                                                      0.114     3.950 r  source_bank/metadata_matches__0_carry__0/CO[3]
                         net (fo=1, routed)           0.000     3.950    source_bank/metadata_matches__0_carry__0_n_0
    SLICE_X37Y6          CARRY4 (Prop_carry4_CI_CO[3])
                                                      0.114     4.064 r  source_bank/metadata_matches__0_carry__1/CO[3]
                         net (fo=1, routed)           0.000     4.064    source_bank/metadata_matches__0_carry__1_n_0
    SLICE_X37Y7          CARRY4 (Prop_carry4_CI_CO[3])
                                                      0.114     4.178 r  source_bank/metadata_matches__0_carry__2/CO[3]
                         net (fo=1, routed)           0.000     4.178    source_bank/metadata_matches__0_carry__2_n_0
    SLICE_X37Y8          CARRY4 (Prop_carry4_CI_CO[3])
                                                      0.114     4.292 r  source_bank/metadata_matches__0_carry__3/CO[3]
                         net (fo=1, routed)           0.000     4.292    source_bank/metadata_matches__0_carry__3_n_0
    SLICE_X37Y9          CARRY4 (Prop_carry4_CI_CO[0])
                                                      0.271     4.563 r  source_bank/metadata_matches__0_carry__4/CO[0]
                         net (fo=1, routed)           1.702     6.265    source_bank/metadata_matches
    SLICE_X6Y5           LUT5 (Prop_lut5_I2_O)        0.373     6.638 r  source_bank/write_position[8]_i_3/O
                         net (fo=3, routed)           0.488     7.125    source_bank/input_framing_valid__2
    SLICE_X6Y6           LUT4 (Prop_lut4_I3_O)        0.116     7.241 r  source_bank/write_position[8]_i_1__0/O
                         net (fo=9, routed)           0.723     7.964    source_bank/write_position[8]_i_1__0_n_0
    SLICE_X3Y5           FDRE                                         r  source_bank/write_position_reg[0]/CE
  -------------------------------------------------------------------    -------------------

                         (clock source_100 rise edge)
                                                     10.000    10.000 r  
                                                      0.000    10.000 r  clk (IN)
                         net (fo=183, unset)          0.924    10.924    source_bank/clk
    SLICE_X3Y5           FDRE                                         r  source_bank/write_position_reg[0]/C
                         clock pessimism              0.000    10.924    
                         clock uncertainty           -0.035    10.889    
    SLICE_X3Y5           FDRE (Setup_fdre_C_CE)      -0.409    10.480    source_bank/write_position_reg[0]
  -------------------------------------------------------------------
                         required time                         10.480    
                         arrival time                          -7.964    
  -------------------------------------------------------------------
                         slack                                  2.516    

Slack (MET) :             2.516ns  (required time - arrival time)
  Source:                 source_bank/metadata_in_hold_reg[7]/C
                            (rising edge-triggered cell FDRE clocked by source_100  {rise@0.000ns fall@5.000ns period=10.000ns})
  Destination:            source_bank/write_position_reg[1]/CE
                            (rising edge-triggered cell FDRE clocked by source_100  {rise@0.000ns fall@5.000ns period=10.000ns})
  Path Group:             source_100
  Path Type:              Setup (Max at Slow Process Corner)
  Requirement:            10.000ns  (source_100 rise@10.000ns - source_100 rise@0.000ns)
  Data Path Delay:        6.991ns  (logic 2.587ns (37.006%)  route 4.404ns (62.994%))
  Logic Levels:           9  (CARRY4=6 LUT4=1 LUT5=1 LUT6=1)
  Clock Path Skew:        -0.049ns (DCD - SCD + CPR)
    Destination Clock Delay (DCD):    0.924ns = ( 10.924 - 10.000 ) 
    Source Clock Delay      (SCD):    0.973ns
    Clock Pessimism Removal (CPR):    0.000ns
  Clock Uncertainty:      0.035ns  ((TSJ^2 + TIJ^2)^1/2 + DJ) / 2 + PE
    Total System Jitter     (TSJ):    0.071ns
    Total Input Jitter      (TIJ):    0.000ns
    Discrete Jitter          (DJ):    0.000ns
    Phase Error              (PE):    0.000ns

    Location             Delay type                Incr(ns)  Path(ns)    Netlist Resource(s)
  -------------------------------------------------------------------    -------------------
                         (clock source_100 rise edge)
                                                      0.000     0.000 r  
                                                      0.000     0.000 r  clk (IN)
                         net (fo=183, unset)          0.973     0.973    source_bank/clk
    SLICE_X37Y3          FDRE                                         r  source_bank/metadata_in_hold_reg[7]/C
  -------------------------------------------------------------------    -------------------
    SLICE_X37Y3          FDRE (Prop_fdre_C_Q)         0.419     1.392 r  source_bank/metadata_in_hold_reg[7]/Q
                         net (fo=2, routed)           0.870     2.262    source_bank/metadata_in_hold[7]
    SLICE_X37Y3          LUT6 (Prop_lut6_I3_O)        0.296     2.558 r  source_bank/metadata_matches__0_carry_i_5/O
                         net (fo=1, routed)           0.622     3.180    source_bank/metadata_matches__0_carry_i_5_n_0
    SLICE_X37Y4          CARRY4 (Prop_carry4_S[0]_CO[3])
                                                      0.656     3.836 r  source_bank/metadata_matches__0_carry/CO[3]
                         net (fo=1, routed)           0.000     3.836    source_bank/metadata_matches__0_carry_n_0
    SLICE_X37Y5          CARRY4 (Prop_carry4_CI_CO[3])
                                                      0.114     3.950 r  source_bank/metadata_matches__0_carry__0/CO[3]
                         net (fo=1, routed)           0.000     3.950    source_bank/metadata_matches__0_carry__0_n_0
    SLICE_X37Y6          CARRY4 (Prop_carry4_CI_CO[3])
                                                      0.114     4.064 r  source_bank/metadata_matches__0_carry__1/CO[3]
                         net (fo=1, routed)           0.000     4.064    source_bank/metadata_matches__0_carry__1_n_0
    SLICE_X37Y7          CARRY4 (Prop_carry4_CI_CO[3])
                                                      0.114     4.178 r  source_bank/metadata_matches__0_carry__2/CO[3]
                         net (fo=1, routed)           0.000     4.178    source_bank/metadata_matches__0_carry__2_n_0
    SLICE_X37Y8          CARRY4 (Prop_carry4_CI_CO[3])
                                                      0.114     4.292 r  source_bank/metadata_matches__0_carry__3/CO[3]
                         net (fo=1, routed)           0.000     4.292    source_bank/metadata_matches__0_carry__3_n_0
    SLICE_X37Y9          CARRY4 (Prop_carry4_CI_CO[0])
                                                      0.271     4.563 r  source_bank/metadata_matches__0_carry__4/CO[0]
                         net (fo=1, routed)           1.702     6.265    source_bank/metadata_matches
    SLICE_X6Y5           LUT5 (Prop_lut5_I2_O)        0.373     6.638 r  source_bank/write_position[8]_i_3/O
                         net (fo=3, routed)           0.488     7.125    source_bank/input_framing_valid__2
    SLICE_X6Y6           LUT4 (Prop_lut4_I3_O)        0.116     7.241 r  source_bank/write_position[8]_i_1__0/O
                         net (fo=9, routed)           0.723     7.964    source_bank/write_position[8]_i_1__0_n_0
    SLICE_X2Y5           FDRE                                         r  source_bank/write_position_reg[1]/CE
  -------------------------------------------------------------------    -------------------

                         (clock source_100 rise edge)
                                                     10.000    10.000 r  
                                                      0.000    10.000 r  clk (IN)
                         net (fo=183, unset)          0.924    10.924    source_bank/clk
    SLICE_X2Y5           FDRE                                         r  source_bank/write_position_reg[1]/C
                         clock pessimism              0.000    10.924    
                         clock uncertainty           -0.035    10.889    
    SLICE_X2Y5           FDRE (Setup_fdre_C_CE)      -0.409    10.480    source_bank/write_position_reg[1]
  -------------------------------------------------------------------
                         required time                         10.480    
                         arrival time                          -7.964    
  -------------------------------------------------------------------
                         slack                                  2.516    

Slack (MET) :             2.516ns  (required time - arrival time)
  Source:                 source_bank/metadata_in_hold_reg[7]/C
                            (rising edge-triggered cell FDRE clocked by source_100  {rise@0.000ns fall@5.000ns period=10.000ns})
  Destination:            source_bank/write_position_reg[4]/CE
                            (rising edge-triggered cell FDRE clocked by source_100  {rise@0.000ns fall@5.000ns period=10.000ns})
  Path Group:             source_100
  Path Type:              Setup (Max at Slow Process Corner)
  Requirement:            10.000ns  (source_100 rise@10.000ns - source_100 rise@0.000ns)
  Data Path Delay:        6.991ns  (logic 2.587ns (37.006%)  route 4.404ns (62.994%))
  Logic Levels:           9  (CARRY4=6 LUT4=1 LUT5=1 LUT6=1)
  Clock Path Skew:        -0.049ns (DCD - SCD + CPR)
    Destination Clock Delay (DCD):    0.924ns = ( 10.924 - 10.000 ) 
    Source Clock Delay      (SCD):    0.973ns
    Clock Pessimism Removal (CPR):    0.000ns
  Clock Uncertainty:      0.035ns  ((TSJ^2 + TIJ^2)^1/2 + DJ) / 2 + PE
    Total System Jitter     (TSJ):    0.071ns
    Total Input Jitter      (TIJ):    0.000ns
    Discrete Jitter          (DJ):    0.000ns
    Phase Error              (PE):    0.000ns

    Location             Delay type                Incr(ns)  Path(ns)    Netlist Resource(s)
  -------------------------------------------------------------------    -------------------
                         (clock source_100 rise edge)
                                                      0.000     0.000 r  
                                                      0.000     0.000 r  clk (IN)
                         net (fo=183, unset)          0.973     0.973    source_bank/clk
    SLICE_X37Y3          FDRE                                         r  source_bank/metadata_in_hold_reg[7]/C
  -------------------------------------------------------------------    -------------------
    SLICE_X37Y3          FDRE (Prop_fdre_C_Q)         0.419     1.392 r  source_bank/metadata_in_hold_reg[7]/Q
                         net (fo=2, routed)           0.870     2.262    source_bank/metadata_in_hold[7]
    SLICE_X37Y3          LUT6 (Prop_lut6_I3_O)        0.296     2.558 r  source_bank/metadata_matches__0_carry_i_5/O
                         net (fo=1, routed)           0.622     3.180    source_bank/metadata_matches__0_carry_i_5_n_0
    SLICE_X37Y4          CARRY4 (Prop_carry4_S[0]_CO[3])
                                                      0.656     3.836 r  source_bank/metadata_matches__0_carry/CO[3]
                         net (fo=1, routed)           0.000     3.836    source_bank/metadata_matches__0_carry_n_0
    SLICE_X37Y5          CARRY4 (Prop_carry4_CI_CO[3])
                                                      0.114     3.950 r  source_bank/metadata_matches__0_carry__0/CO[3]
                         net (fo=1, routed)           0.000     3.950    source_bank/metadata_matches__0_carry__0_n_0
    SLICE_X37Y6          CARRY4 (Prop_carry4_CI_CO[3])
                                                      0.114     4.064 r  source_bank/metadata_matches__0_carry__1/CO[3]
                         net (fo=1, routed)           0.000     4.064    source_bank/metadata_matches__0_carry__1_n_0
    SLICE_X37Y7          CARRY4 (Prop_carry4_CI_CO[3])
                                                      0.114     4.178 r  source_bank/metadata_matches__0_carry__2/CO[3]
                         net (fo=1, routed)           0.000     4.178    source_bank/metadata_matches__0_carry__2_n_0
    SLICE_X37Y8          CARRY4 (Prop_carry4_CI_CO[3])
                                                      0.114     4.292 r  source_bank/metadata_matches__0_carry__3/CO[3]
                         net (fo=1, routed)           0.000     4.292    source_bank/metadata_matches__0_carry__3_n_0
    SLICE_X37Y9          CARRY4 (Prop_carry4_CI_CO[0])
                                                      0.271     4.563 r  source_bank/metadata_matches__0_carry__4/CO[0]
                         net (fo=1, routed)           1.702     6.265    source_bank/metadata_matches
    SLICE_X6Y5           LUT5 (Prop_lut5_I2_O)        0.373     6.638 r  source_bank/write_position[8]_i_3/O
                         net (fo=3, routed)           0.488     7.125    source_bank/input_framing_valid__2
    SLICE_X6Y6           LUT4 (Prop_lut4_I3_O)        0.116     7.241 r  source_bank/write_position[8]_i_1__0/O
                         net (fo=9, routed)           0.723     7.964    source_bank/write_position[8]_i_1__0_n_0
    SLICE_X3Y5           FDRE                                         r  source_bank/write_position_reg[4]/CE
  -------------------------------------------------------------------    -------------------

                         (clock source_100 rise edge)
                                                     10.000    10.000 r  
                                                      0.000    10.000 r  clk (IN)
                         net (fo=183, unset)          0.924    10.924    source_bank/clk
    SLICE_X3Y5           FDRE                                         r  source_bank/write_position_reg[4]/C
                         clock pessimism              0.000    10.924    
                         clock uncertainty           -0.035    10.889    
    SLICE_X3Y5           FDRE (Setup_fdre_C_CE)      -0.409    10.480    source_bank/write_position_reg[4]
  -------------------------------------------------------------------
                         required time                         10.480    
                         arrival time                          -7.964    
  -------------------------------------------------------------------
                         slack                                  2.516    

Slack (MET) :             2.516ns  (required time - arrival time)
  Source:                 source_bank/metadata_in_hold_reg[7]/C
                            (rising edge-triggered cell FDRE clocked by source_100  {rise@0.000ns fall@5.000ns period=10.000ns})
  Destination:            source_bank/write_position_reg[5]/CE
                            (rising edge-triggered cell FDRE clocked by source_100  {rise@0.000ns fall@5.000ns period=10.000ns})
  Path Group:             source_100
  Path Type:              Setup (Max at Slow Process Corner)
  Requirement:            10.000ns  (source_100 rise@10.000ns - source_100 rise@0.000ns)
  Data Path Delay:        6.991ns  (logic 2.587ns (37.006%)  route 4.404ns (62.994%))
  Logic Levels:           9  (CARRY4=6 LUT4=1 LUT5=1 LUT6=1)
  Clock Path Skew:        -0.049ns (DCD - SCD + CPR)
    Destination Clock Delay (DCD):    0.924ns = ( 10.924 - 10.000 ) 
    Source Clock Delay      (SCD):    0.973ns
    Clock Pessimism Removal (CPR):    0.000ns
  Clock Uncertainty:      0.035ns  ((TSJ^2 + TIJ^2)^1/2 + DJ) / 2 + PE
    Total System Jitter     (TSJ):    0.071ns
    Total Input Jitter      (TIJ):    0.000ns
    Discrete Jitter          (DJ):    0.000ns
    Phase Error              (PE):    0.000ns

    Location             Delay type                Incr(ns)  Path(ns)    Netlist Resource(s)
  -------------------------------------------------------------------    -------------------
                         (clock source_100 rise edge)
                                                      0.000     0.000 r  
                                                      0.000     0.000 r  clk (IN)
                         net (fo=183, unset)          0.973     0.973    source_bank/clk
    SLICE_X37Y3          FDRE                                         r  source_bank/metadata_in_hold_reg[7]/C
  -------------------------------------------------------------------    -------------------
    SLICE_X37Y3          FDRE (Prop_fdre_C_Q)         0.419     1.392 r  source_bank/metadata_in_hold_reg[7]/Q
                         net (fo=2, routed)           0.870     2.262    source_bank/metadata_in_hold[7]
    SLICE_X37Y3          LUT6 (Prop_lut6_I3_O)        0.296     2.558 r  source_bank/metadata_matches__0_carry_i_5/O
                         net (fo=1, routed)           0.622     3.180    source_bank/metadata_matches__0_carry_i_5_n_0
    SLICE_X37Y4          CARRY4 (Prop_carry4_S[0]_CO[3])
                                                      0.656     3.836 r  source_bank/metadata_matches__0_carry/CO[3]
                         net (fo=1, routed)           0.000     3.836    source_bank/metadata_matches__0_carry_n_0
    SLICE_X37Y5          CARRY4 (Prop_carry4_CI_CO[3])
                                                      0.114     3.950 r  source_bank/metadata_matches__0_carry__0/CO[3]
                         net (fo=1, routed)           0.000     3.950    source_bank/metadata_matches__0_carry__0_n_0
    SLICE_X37Y6          CARRY4 (Prop_carry4_CI_CO[3])
                                                      0.114     4.064 r  source_bank/metadata_matches__0_carry__1/CO[3]
                         net (fo=1, routed)           0.000     4.064    source_bank/metadata_matches__0_carry__1_n_0
    SLICE_X37Y7          CARRY4 (Prop_carry4_CI_CO[3])
                                                      0.114     4.178 r  source_bank/metadata_matches__0_carry__2/CO[3]
                         net (fo=1, routed)           0.000     4.178    source_bank/metadata_matches__0_carry__2_n_0
    SLICE_X37Y8          CARRY4 (Prop_carry4_CI_CO[3])
                                                      0.114     4.292 r  source_bank/metadata_matches__0_carry__3/CO[3]
                         net (fo=1, routed)           0.000     4.292    source_bank/metadata_matches__0_carry__3_n_0
    SLICE_X37Y9          CARRY4 (Prop_carry4_CI_CO[0])
                                                      0.271     4.563 r  source_bank/metadata_matches__0_carry__4/CO[0]
                         net (fo=1, routed)           1.702     6.265    source_bank/metadata_matches
    SLICE_X6Y5           LUT5 (Prop_lut5_I2_O)        0.373     6.638 r  source_bank/write_position[8]_i_3/O
                         net (fo=3, routed)           0.488     7.125    source_bank/input_framing_valid__2
    SLICE_X6Y6           LUT4 (Prop_lut4_I3_O)        0.116     7.241 r  source_bank/write_position[8]_i_1__0/O
                         net (fo=9, routed)           0.723     7.964    source_bank/write_position[8]_i_1__0_n_0
    SLICE_X3Y5           FDRE                                         r  source_bank/write_position_reg[5]/CE
  -------------------------------------------------------------------    -------------------

                         (clock source_100 rise edge)
                                                     10.000    10.000 r  
                                                      0.000    10.000 r  clk (IN)
                         net (fo=183, unset)          0.924    10.924    source_bank/clk
    SLICE_X3Y5           FDRE                                         r  source_bank/write_position_reg[5]/C
                         clock pessimism              0.000    10.924    
                         clock uncertainty           -0.035    10.889    
    SLICE_X3Y5           FDRE (Setup_fdre_C_CE)      -0.409    10.480    source_bank/write_position_reg[5]
  -------------------------------------------------------------------
                         required time                         10.480    
                         arrival time                          -7.964    
  -------------------------------------------------------------------
                         slack                                  2.516    

Slack (MET) :             2.516ns  (required time - arrival time)
  Source:                 source_bank/metadata_in_hold_reg[7]/C
                            (rising edge-triggered cell FDRE clocked by source_100  {rise@0.000ns fall@5.000ns period=10.000ns})
  Destination:            source_bank/write_position_reg[8]/CE
                            (rising edge-triggered cell FDRE clocked by source_100  {rise@0.000ns fall@5.000ns period=10.000ns})
  Path Group:             source_100
  Path Type:              Setup (Max at Slow Process Corner)
  Requirement:            10.000ns  (source_100 rise@10.000ns - source_100 rise@0.000ns)
  Data Path Delay:        6.991ns  (logic 2.587ns (37.006%)  route 4.404ns (62.994%))
  Logic Levels:           9  (CARRY4=6 LUT4=1 LUT5=1 LUT6=1)
  Clock Path Skew:        -0.049ns (DCD - SCD + CPR)
    Destination Clock Delay (DCD):    0.924ns = ( 10.924 - 10.000 ) 
    Source Clock Delay      (SCD):    0.973ns
    Clock Pessimism Removal (CPR):    0.000ns
  Clock Uncertainty:      0.035ns  ((TSJ^2 + TIJ^2)^1/2 + DJ) / 2 + PE
    Total System Jitter     (TSJ):    0.071ns
    Total Input Jitter      (TIJ):    0.000ns
    Discrete Jitter          (DJ):    0.000ns
    Phase Error              (PE):    0.000ns

    Location             Delay type                Incr(ns)  Path(ns)    Netlist Resource(s)
  -------------------------------------------------------------------    -------------------
                         (clock source_100 rise edge)
                                                      0.000     0.000 r  
                                                      0.000     0.000 r  clk (IN)
                         net (fo=183, unset)          0.973     0.973    source_bank/clk
    SLICE_X37Y3          FDRE                                         r  source_bank/metadata_in_hold_reg[7]/C
  -------------------------------------------------------------------    -------------------
    SLICE_X37Y3          FDRE (Prop_fdre_C_Q)         0.419     1.392 r  source_bank/metadata_in_hold_reg[7]/Q
                         net (fo=2, routed)           0.870     2.262    source_bank/metadata_in_hold[7]
    SLICE_X37Y3          LUT6 (Prop_lut6_I3_O)        0.296     2.558 r  source_bank/metadata_matches__0_carry_i_5/O
                         net (fo=1, routed)           0.622     3.180    source_bank/metadata_matches__0_carry_i_5_n_0
    SLICE_X37Y4          CARRY4 (Prop_carry4_S[0]_CO[3])
                                                      0.656     3.836 r  source_bank/metadata_matches__0_carry/CO[3]
                         net (fo=1, routed)           0.000     3.836    source_bank/metadata_matches__0_carry_n_0
    SLICE_X37Y5          CARRY4 (Prop_carry4_CI_CO[3])
                                                      0.114     3.950 r  source_bank/metadata_matches__0_carry__0/CO[3]
                         net (fo=1, routed)           0.000     3.950    source_bank/metadata_matches__0_carry__0_n_0
    SLICE_X37Y6          CARRY4 (Prop_carry4_CI_CO[3])
                                                      0.114     4.064 r  source_bank/metadata_matches__0_carry__1/CO[3]
                         net (fo=1, routed)           0.000     4.064    source_bank/metadata_matches__0_carry__1_n_0
    SLICE_X37Y7          CARRY4 (Prop_carry4_CI_CO[3])
                                                      0.114     4.178 r  source_bank/metadata_matches__0_carry__2/CO[3]
                         net (fo=1, routed)           0.000     4.178    source_bank/metadata_matches__0_carry__2_n_0
    SLICE_X37Y8          CARRY4 (Prop_carry4_CI_CO[3])
                                                      0.114     4.292 r  source_bank/metadata_matches__0_carry__3/CO[3]
                         net (fo=1, routed)           0.000     4.292    source_bank/metadata_matches__0_carry__3_n_0
    SLICE_X37Y9          CARRY4 (Prop_carry4_CI_CO[0])
                                                      0.271     4.563 r  source_bank/metadata_matches__0_carry__4/CO[0]
                         net (fo=1, routed)           1.702     6.265    source_bank/metadata_matches
    SLICE_X6Y5           LUT5 (Prop_lut5_I2_O)        0.373     6.638 r  source_bank/write_position[8]_i_3/O
                         net (fo=3, routed)           0.488     7.125    source_bank/input_framing_valid__2
    SLICE_X6Y6           LUT4 (Prop_lut4_I3_O)        0.116     7.241 r  source_bank/write_position[8]_i_1__0/O
                         net (fo=9, routed)           0.723     7.964    source_bank/write_position[8]_i_1__0_n_0
    SLICE_X3Y5           FDRE                                         r  source_bank/write_position_reg[8]/CE
  -------------------------------------------------------------------    -------------------

                         (clock source_100 rise edge)
                                                     10.000    10.000 r  
                                                      0.000    10.000 r  clk (IN)
                         net (fo=183, unset)          0.924    10.924    source_bank/clk
    SLICE_X3Y5           FDRE                                         r  source_bank/write_position_reg[8]/C
                         clock pessimism              0.000    10.924    
                         clock uncertainty           -0.035    10.889    
    SLICE_X3Y5           FDRE (Setup_fdre_C_CE)      -0.409    10.480    source_bank/write_position_reg[8]
  -------------------------------------------------------------------
                         required time                         10.480    
                         arrival time                          -7.964    
  -------------------------------------------------------------------
                         slack                                  2.516    

Slack (MET) :             2.536ns  (required time - arrival time)
  Source:                 fast_reset_slow_reg[1]/C
                            (rising edge-triggered cell FDCE clocked by source_100  {rise@0.000ns fall@5.000ns period=10.000ns})
  Destination:            output_bank/metadata_out_hold_reg[11]/CE
                            (rising edge-triggered cell FDRE clocked by source_100  {rise@0.000ns fall@5.000ns period=10.000ns})
  Path Group:             source_100
  Path Type:              Setup (Max at Slow Process Corner)
  Requirement:            10.000ns  (source_100 rise@10.000ns - source_100 rise@0.000ns)
  Data Path Delay:        6.972ns  (logic 0.926ns (13.281%)  route 6.046ns (86.719%))
  Logic Levels:           2  (LUT2=1 LUT4=1)
  Clock Path Skew:        -0.049ns (DCD - SCD + CPR)
    Destination Clock Delay (DCD):    0.924ns = ( 10.924 - 10.000 ) 
    Source Clock Delay      (SCD):    0.973ns
    Clock Pessimism Removal (CPR):    0.000ns
  Clock Uncertainty:      0.035ns  ((TSJ^2 + TIJ^2)^1/2 + DJ) / 2 + PE
    Total System Jitter     (TSJ):    0.071ns
    Total Input Jitter      (TIJ):    0.000ns
    Discrete Jitter          (DJ):    0.000ns
    Phase Error              (PE):    0.000ns

    Location             Delay type                Incr(ns)  Path(ns)    Netlist Resource(s)
  -------------------------------------------------------------------    -------------------
                         (clock source_100 rise edge)
                                                      0.000     0.000 r  
                                                      0.000     0.000 r  clk (IN)
                         net (fo=183, unset)          0.973     0.973    clk
    SLICE_X10Y0          FDCE                                         r  fast_reset_slow_reg[1]/C
  -------------------------------------------------------------------    -------------------
    SLICE_X10Y0          FDCE (Prop_fdce_C_Q)         0.478     1.451 r  fast_reset_slow_reg[1]/Q
                         net (fo=1, routed)           0.735     2.186    output_bank/out[0]
    SLICE_X9Y0           LUT2 (Prop_lut2_I0_O)        0.295     2.481 f  output_bank/input_ready_INST_0_i_2/O
                         net (fo=36, routed)          1.275     3.756    output_bank/fast_reset_slow_reg[1]
    SLICE_X3Y2           LUT4 (Prop_lut4_I1_O)        0.153     3.909 r  output_bank/metadata_out_hold[74]_i_1/O
                         net (fo=75, routed)          4.036     7.945    output_bank/metadata_out_hold
    SLICE_X40Y0          FDRE                                         r  output_bank/metadata_out_hold_reg[11]/CE
  -------------------------------------------------------------------    -------------------

                         (clock source_100 rise edge)
                                                     10.000    10.000 r  
                                                      0.000    10.000 r  clk (IN)
                         net (fo=183, unset)          0.924    10.924    output_bank/clk
    SLICE_X40Y0          FDRE                                         r  output_bank/metadata_out_hold_reg[11]/C
                         clock pessimism              0.000    10.924    
                         clock uncertainty           -0.035    10.889    
    SLICE_X40Y0          FDRE (Setup_fdre_C_CE)      -0.408    10.481    output_bank/metadata_out_hold_reg[11]
  -------------------------------------------------------------------
                         required time                         10.481    
                         arrival time                          -7.945    
  -------------------------------------------------------------------
                         slack                                  2.536    

Slack (MET) :             2.553ns  (required time - arrival time)
  Source:                 fast_reset_slow_reg[1]/C
                            (rising edge-triggered cell FDCE clocked by source_100  {rise@0.000ns fall@5.000ns period=10.000ns})
  Destination:            output_bank/metadata_out_hold_reg[19]/CE
                            (rising edge-triggered cell FDRE clocked by source_100  {rise@0.000ns fall@5.000ns period=10.000ns})
  Path Group:             source_100
  Path Type:              Setup (Max at Slow Process Corner)
  Requirement:            10.000ns  (source_100 rise@10.000ns - source_100 rise@0.000ns)
  Data Path Delay:        6.955ns  (logic 0.926ns (13.314%)  route 6.029ns (86.686%))
  Logic Levels:           2  (LUT2=1 LUT4=1)
  Clock Path Skew:        -0.049ns (DCD - SCD + CPR)
    Destination Clock Delay (DCD):    0.924ns = ( 10.924 - 10.000 ) 
    Source Clock Delay      (SCD):    0.973ns
    Clock Pessimism Removal (CPR):    0.000ns
  Clock Uncertainty:      0.035ns  ((TSJ^2 + TIJ^2)^1/2 + DJ) / 2 + PE
    Total System Jitter     (TSJ):    0.071ns
    Total Input Jitter      (TIJ):    0.000ns
    Discrete Jitter          (DJ):    0.000ns
    Phase Error              (PE):    0.000ns

    Location             Delay type                Incr(ns)  Path(ns)    Netlist Resource(s)
  -------------------------------------------------------------------    -------------------
                         (clock source_100 rise edge)
                                                      0.000     0.000 r  
                                                      0.000     0.000 r  clk (IN)
                         net (fo=183, unset)          0.973     0.973    clk
    SLICE_X10Y0          FDCE                                         r  fast_reset_slow_reg[1]/C
  -------------------------------------------------------------------    -------------------
    SLICE_X10Y0          FDCE (Prop_fdce_C_Q)         0.478     1.451 r  fast_reset_slow_reg[1]/Q
                         net (fo=1, routed)           0.735     2.186    output_bank/out[0]
    SLICE_X9Y0           LUT2 (Prop_lut2_I0_O)        0.295     2.481 f  output_bank/input_ready_INST_0_i_2/O
                         net (fo=36, routed)          1.275     3.756    output_bank/fast_reset_slow_reg[1]
    SLICE_X3Y2           LUT4 (Prop_lut4_I1_O)        0.153     3.909 r  output_bank/metadata_out_hold[74]_i_1/O
                         net (fo=75, routed)          4.019     7.928    output_bank/metadata_out_hold
    SLICE_X39Y1          FDRE                                         r  output_bank/metadata_out_hold_reg[19]/CE
  -------------------------------------------------------------------    -------------------

                         (clock source_100 rise edge)
                                                     10.000    10.000 r  
                                                      0.000    10.000 r  clk (IN)
                         net (fo=183, unset)          0.924    10.924    output_bank/clk
    SLICE_X39Y1          FDRE                                         r  output_bank/metadata_out_hold_reg[19]/C
                         clock pessimism              0.000    10.924    
                         clock uncertainty           -0.035    10.889    
    SLICE_X39Y1          FDRE (Setup_fdre_C_CE)      -0.408    10.481    output_bank/metadata_out_hold_reg[19]
  -------------------------------------------------------------------
                         required time                         10.481    
                         arrival time                          -7.928    
  -------------------------------------------------------------------
                         slack                                  2.553    




