........................................................................ [  8%]
........................................................................ [ 17%]
........................................................................ [ 25%]
........................................................................ [ 34%]
.........ssss..........................ss............FF....FFF.......... [ 43%]
...............ss....................................................... [ 51%]
........................................................................ [ 60%]
................................................FF...................... [ 68%]
........................................................................ [ 77%]
......ss................................................................ [ 86%]
........................................................................ [ 94%]
...........................................                              [100%]
=================================== FAILURES ===================================
_____________ test_actual_map_driver_contract_and_health_functions _____________

tmp_path = PosixPath('/tmp/starlink-completed-input.5EaJuD/exact-control-regression-v1/test_actual_map_driver_contrac0')

    def test_actual_map_driver_contract_and_health_functions(tmp_path):
>       driver = (ROOT / "linux/drivers/iio/adc/adi_starlink_pss_map.c").read_text()
                 ^^^^^^^^^^^^^^^^^^^^^^^^^^^^^^^^^^^^^^^^^^^^^^^^^^^^^^^^^^^^^^^^^^^

tests/starlink_oracle/test_map_driver_contract.py:26: 
_ _ _ _ _ _ _ _ _ _ _ _ _ _ _ _ _ _ _ _ _ _ _ _ _ _ _ _ _ _ _ _ _ _ _ _ _ _ _ _ 
/home/mouse9911/.local/share/uv/python/cpython-3.11.16-linux-x86_64-gnu/lib/python3.11/pathlib.py:1058: in read_text
    with self.open(mode='r', encoding=encoding, errors=errors) as f:
         ^^^^^^^^^^^^^^^^^^^^^^^^^^^^^^^^^^^^^^^^^^^^^^^^^^^^^
_ _ _ _ _ _ _ _ _ _ _ _ _ _ _ _ _ _ _ _ _ _ _ _ _ _ _ _ _ _ _ _ _ _ _ _ _ _ _ _ 

self = PosixPath('/tmp/starlink-coarse-alternatives.Y3JzOI/completed-input-fence/linux/drivers/iio/adc/adi_starlink_pss_map.c')
mode = 'r', buffering = -1, encoding = 'locale', errors = None, newline = None

    def open(self, mode='r', buffering=-1, encoding=None,
             errors=None, newline=None):
        """
        Open the file pointed by this path and return a file object, as
        the built-in open() function does.
        """
        if "b" not in mode:
            encoding = io.text_encoding(encoding)
>       return io.open(self, mode, buffering, encoding, errors, newline)
               ^^^^^^^^^^^^^^^^^^^^^^^^^^^^^^^^^^^^^^^^^^^^^^^^^^^^^^^^^
E       FileNotFoundError: [Errno 2] No such file or directory: '/tmp/starlink-coarse-alternatives.Y3JzOI/completed-input-fence/linux/drivers/iio/adc/adi_starlink_pss_map.c'

/home/mouse9911/.local/share/uv/python/cpython-3.11.16-linux-x86_64-gnu/lib/python3.11/pathlib.py:1044: FileNotFoundError
________________ test_actual_map_health_receipt_and_late_fault _________________

tmp_path = PosixPath('/tmp/starlink-completed-input.5EaJuD/exact-control-regression-v1/test_actual_map_health_receipt0')

    def test_actual_map_health_receipt_and_late_fault(tmp_path):
>       driver = (ROOT / "linux/drivers/iio/adc/adi_starlink_pss_map.c").read_text()
                 ^^^^^^^^^^^^^^^^^^^^^^^^^^^^^^^^^^^^^^^^^^^^^^^^^^^^^^^^^^^^^^^^^^^

tests/starlink_oracle/test_map_health_receipt.py:29: 
_ _ _ _ _ _ _ _ _ _ _ _ _ _ _ _ _ _ _ _ _ _ _ _ _ _ _ _ _ _ _ _ _ _ _ _ _ _ _ _ 
/home/mouse9911/.local/share/uv/python/cpython-3.11.16-linux-x86_64-gnu/lib/python3.11/pathlib.py:1058: in read_text
    with self.open(mode='r', encoding=encoding, errors=errors) as f:
         ^^^^^^^^^^^^^^^^^^^^^^^^^^^^^^^^^^^^^^^^^^^^^^^^^^^^^
_ _ _ _ _ _ _ _ _ _ _ _ _ _ _ _ _ _ _ _ _ _ _ _ _ _ _ _ _ _ _ _ _ _ _ _ _ _ _ _ 

self = PosixPath('/tmp/starlink-coarse-alternatives.Y3JzOI/completed-input-fence/linux/drivers/iio/adc/adi_starlink_pss_map.c')
mode = 'r', buffering = -1, encoding = 'locale', errors = None, newline = None

    def open(self, mode='r', buffering=-1, encoding=None,
             errors=None, newline=None):
        """
        Open the file pointed by this path and return a file object, as
        the built-in open() function does.
        """
        if "b" not in mode:
            encoding = io.text_encoding(encoding)
>       return io.open(self, mode, buffering, encoding, errors, newline)
               ^^^^^^^^^^^^^^^^^^^^^^^^^^^^^^^^^^^^^^^^^^^^^^^^^^^^^^^^^
E       FileNotFoundError: [Errno 2] No such file or directory: '/tmp/starlink-coarse-alternatives.Y3JzOI/completed-input-fence/linux/drivers/iio/adc/adi_starlink_pss_map.c'

/home/mouse9911/.local/share/uv/python/cpython-3.11.16-linux-x86_64-gnu/lib/python3.11/pathlib.py:1044: FileNotFoundError
_________ test_acquisition_health_is_additive_read_only_iio_attribute __________

    def test_acquisition_health_is_additive_read_only_iio_attribute():
>       driver = (ROOT / "linux/drivers/iio/adc/adi_starlink_pss_map.c").read_text()
                 ^^^^^^^^^^^^^^^^^^^^^^^^^^^^^^^^^^^^^^^^^^^^^^^^^^^^^^^^^^^^^^^^^^^

tests/starlink_oracle/test_map_health_receipt.py:81: 
_ _ _ _ _ _ _ _ _ _ _ _ _ _ _ _ _ _ _ _ _ _ _ _ _ _ _ _ _ _ _ _ _ _ _ _ _ _ _ _ 
/home/mouse9911/.local/share/uv/python/cpython-3.11.16-linux-x86_64-gnu/lib/python3.11/pathlib.py:1058: in read_text
    with self.open(mode='r', encoding=encoding, errors=errors) as f:
         ^^^^^^^^^^^^^^^^^^^^^^^^^^^^^^^^^^^^^^^^^^^^^^^^^^^^^
_ _ _ _ _ _ _ _ _ _ _ _ _ _ _ _ _ _ _ _ _ _ _ _ _ _ _ _ _ _ _ _ _ _ _ _ _ _ _ _ 

self = PosixPath('/tmp/starlink-coarse-alternatives.Y3JzOI/completed-input-fence/linux/drivers/iio/adc/adi_starlink_pss_map.c')
mode = 'r', buffering = -1, encoding = 'locale', errors = None, newline = None

    def open(self, mode='r', buffering=-1, encoding=None,
             errors=None, newline=None):
        """
        Open the file pointed by this path and return a file object, as
        the built-in open() function does.
        """
        if "b" not in mode:
            encoding = io.text_encoding(encoding)
>       return io.open(self, mode, buffering, encoding, errors, newline)
               ^^^^^^^^^^^^^^^^^^^^^^^^^^^^^^^^^^^^^^^^^^^^^^^^^^^^^^^^^
E       FileNotFoundError: [Errno 2] No such file or directory: '/tmp/starlink-coarse-alternatives.Y3JzOI/completed-input-fence/linux/drivers/iio/adc/adi_starlink_pss_map.c'

/home/mouse9911/.local/share/uv/python/cpython-3.11.16-linux-x86_64-gnu/lib/python3.11/pathlib.py:1044: FileNotFoundError
________________ test_actual_stop_request_receipt_and_irq_drain ________________

tmp_path = PosixPath('/tmp/starlink-completed-input.5EaJuD/exact-control-regression-v1/test_actual_stop_request_recei0')

    def test_actual_stop_request_receipt_and_irq_drain(tmp_path):
>       driver = (ROOT / "linux/drivers/iio/adc/adi_starlink_pss_map.c").read_text()
                 ^^^^^^^^^^^^^^^^^^^^^^^^^^^^^^^^^^^^^^^^^^^^^^^^^^^^^^^^^^^^^^^^^^^

tests/starlink_oracle/test_map_stop_driver.py:22: 
_ _ _ _ _ _ _ _ _ _ _ _ _ _ _ _ _ _ _ _ _ _ _ _ _ _ _ _ _ _ _ _ _ _ _ _ _ _ _ _ 
/home/mouse9911/.local/share/uv/python/cpython-3.11.16-linux-x86_64-gnu/lib/python3.11/pathlib.py:1058: in read_text
    with self.open(mode='r', encoding=encoding, errors=errors) as f:
         ^^^^^^^^^^^^^^^^^^^^^^^^^^^^^^^^^^^^^^^^^^^^^^^^^^^^^
_ _ _ _ _ _ _ _ _ _ _ _ _ _ _ _ _ _ _ _ _ _ _ _ _ _ _ _ _ _ _ _ _ _ _ _ _ _ _ _ 

self = PosixPath('/tmp/starlink-coarse-alternatives.Y3JzOI/completed-input-fence/linux/drivers/iio/adc/adi_starlink_pss_map.c')
mode = 'r', buffering = -1, encoding = 'locale', errors = None, newline = None

    def open(self, mode='r', buffering=-1, encoding=None,
             errors=None, newline=None):
        """
        Open the file pointed by this path and return a file object, as
        the built-in open() function does.
        """
        if "b" not in mode:
            encoding = io.text_encoding(encoding)
>       return io.open(self, mode, buffering, encoding, errors, newline)
               ^^^^^^^^^^^^^^^^^^^^^^^^^^^^^^^^^^^^^^^^^^^^^^^^^^^^^^^^^
E       FileNotFoundError: [Errno 2] No such file or directory: '/tmp/starlink-coarse-alternatives.Y3JzOI/completed-input-fence/linux/drivers/iio/adc/adi_starlink_pss_map.c'

/home/mouse9911/.local/share/uv/python/cpython-3.11.16-linux-x86_64-gnu/lib/python3.11/pathlib.py:1044: FileNotFoundError
______________ test_stop_attributes_are_separate_typed_operations ______________

    def test_stop_attributes_are_separate_typed_operations():
>       driver = (ROOT / "linux/drivers/iio/adc/adi_starlink_pss_map.c").read_text()
                 ^^^^^^^^^^^^^^^^^^^^^^^^^^^^^^^^^^^^^^^^^^^^^^^^^^^^^^^^^^^^^^^^^^^

tests/starlink_oracle/test_map_stop_driver.py:58: 
_ _ _ _ _ _ _ _ _ _ _ _ _ _ _ _ _ _ _ _ _ _ _ _ _ _ _ _ _ _ _ _ _ _ _ _ _ _ _ _ 
/home/mouse9911/.local/share/uv/python/cpython-3.11.16-linux-x86_64-gnu/lib/python3.11/pathlib.py:1058: in read_text
    with self.open(mode='r', encoding=encoding, errors=errors) as f:
         ^^^^^^^^^^^^^^^^^^^^^^^^^^^^^^^^^^^^^^^^^^^^^^^^^^^^^
_ _ _ _ _ _ _ _ _ _ _ _ _ _ _ _ _ _ _ _ _ _ _ _ _ _ _ _ _ _ _ _ _ _ _ _ _ _ _ _ 

self = PosixPath('/tmp/starlink-coarse-alternatives.Y3JzOI/completed-input-fence/linux/drivers/iio/adc/adi_starlink_pss_map.c')
mode = 'r', buffering = -1, encoding = 'locale', errors = None, newline = None

    def open(self, mode='r', buffering=-1, encoding=None,
             errors=None, newline=None):
        """
        Open the file pointed by this path and return a file object, as
        the built-in open() function does.
        """
        if "b" not in mode:
            encoding = io.text_encoding(encoding)
>       return io.open(self, mode, buffering, encoding, errors, newline)
               ^^^^^^^^^^^^^^^^^^^^^^^^^^^^^^^^^^^^^^^^^^^^^^^^^^^^^^^^^
E       FileNotFoundError: [Errno 2] No such file or directory: '/tmp/starlink-coarse-alternatives.Y3JzOI/completed-input-fence/linux/drivers/iio/adc/adi_starlink_pss_map.c'

/home/mouse9911/.local/share/uv/python/cpython-3.11.16-linux-x86_64-gnu/lib/python3.11/pathlib.py:1044: FileNotFoundError
___________ test_frozen_pilot_dma_geometry_matches_the_local_backend ___________

    def test_frozen_pilot_dma_geometry_matches_the_local_backend():
        """Fail if the fixed ABI cap/alignment requires a new backend review."""
        design = (ROOT / "hdl/projects/pluto/system_bd.tcl").read_text()
>       dma = (ROOT / "linux/drivers/dma/dma-axi-dmac.c").read_text()
              ^^^^^^^^^^^^^^^^^^^^^^^^^^^^^^^^^^^^^^^^^^^^^^^^^^^^^^^

tests/starlink_oracle/test_pilot_driver_lifecycle.py:18: 
_ _ _ _ _ _ _ _ _ _ _ _ _ _ _ _ _ _ _ _ _ _ _ _ _ _ _ _ _ _ _ _ _ _ _ _ _ _ _ _ 
/home/mouse9911/.local/share/uv/python/cpython-3.11.16-linux-x86_64-gnu/lib/python3.11/pathlib.py:1058: in read_text
    with self.open(mode='r', encoding=encoding, errors=errors) as f:
         ^^^^^^^^^^^^^^^^^^^^^^^^^^^^^^^^^^^^^^^^^^^^^^^^^^^^^
_ _ _ _ _ _ _ _ _ _ _ _ _ _ _ _ _ _ _ _ _ _ _ _ _ _ _ _ _ _ _ _ _ _ _ _ _ _ _ _ 

self = PosixPath('/tmp/starlink-coarse-alternatives.Y3JzOI/completed-input-fence/linux/drivers/dma/dma-axi-dmac.c')
mode = 'r', buffering = -1, encoding = 'locale', errors = None, newline = None

    def open(self, mode='r', buffering=-1, encoding=None,
             errors=None, newline=None):
        """
        Open the file pointed by this path and return a file object, as
        the built-in open() function does.
        """
        if "b" not in mode:
            encoding = io.text_encoding(encoding)
>       return io.open(self, mode, buffering, encoding, errors, newline)
               ^^^^^^^^^^^^^^^^^^^^^^^^^^^^^^^^^^^^^^^^^^^^^^^^^^^^^^^^^
E       FileNotFoundError: [Errno 2] No such file or directory: '/tmp/starlink-coarse-alternatives.Y3JzOI/completed-input-fence/linux/drivers/dma/dma-axi-dmac.c'

/home/mouse9911/.local/share/uv/python/cpython-3.11.16-linux-x86_64-gnu/lib/python3.11/pathlib.py:1044: FileNotFoundError
_______________ test_actual_pilot_driver_geometry_and_lifecycle ________________

tmp_path = PosixPath('/tmp/starlink-completed-input.5EaJuD/exact-control-regression-v1/test_actual_pilot_driver_geome0')

    def test_actual_pilot_driver_geometry_and_lifecycle(tmp_path):
>       driver = (ROOT / "linux/drivers/iio/adc/adi_starlink_pilot.c").read_text()
                 ^^^^^^^^^^^^^^^^^^^^^^^^^^^^^^^^^^^^^^^^^^^^^^^^^^^^^^^^^^^^^^^^^

tests/starlink_oracle/test_pilot_driver_lifecycle.py:42: 
_ _ _ _ _ _ _ _ _ _ _ _ _ _ _ _ _ _ _ _ _ _ _ _ _ _ _ _ _ _ _ _ _ _ _ _ _ _ _ _ 
/home/mouse9911/.local/share/uv/python/cpython-3.11.16-linux-x86_64-gnu/lib/python3.11/pathlib.py:1058: in read_text
    with self.open(mode='r', encoding=encoding, errors=errors) as f:
         ^^^^^^^^^^^^^^^^^^^^^^^^^^^^^^^^^^^^^^^^^^^^^^^^^^^^^
_ _ _ _ _ _ _ _ _ _ _ _ _ _ _ _ _ _ _ _ _ _ _ _ _ _ _ _ _ _ _ _ _ _ _ _ _ _ _ _ 

self = PosixPath('/tmp/starlink-coarse-alternatives.Y3JzOI/completed-input-fence/linux/drivers/iio/adc/adi_starlink_pilot.c')
mode = 'r', buffering = -1, encoding = 'locale', errors = None, newline = None

    def open(self, mode='r', buffering=-1, encoding=None,
             errors=None, newline=None):
        """
        Open the file pointed by this path and return a file object, as
        the built-in open() function does.
        """
        if "b" not in mode:
            encoding = io.text_encoding(encoding)
>       return io.open(self, mode, buffering, encoding, errors, newline)
               ^^^^^^^^^^^^^^^^^^^^^^^^^^^^^^^^^^^^^^^^^^^^^^^^^^^^^^^^^
E       FileNotFoundError: [Errno 2] No such file or directory: '/tmp/starlink-coarse-alternatives.Y3JzOI/completed-input-fence/linux/drivers/iio/adc/adi_starlink_pilot.c'

/home/mouse9911/.local/share/uv/python/cpython-3.11.16-linux-x86_64-gnu/lib/python3.11/pathlib.py:1044: FileNotFoundError
=========================== short test summary info ============================
SKIPPED [4] tests/starlink_oracle/test_input_cursor_equivalence.py:79: explicit actual Vivado input-cursor measurement required
SKIPPED [2] tests/starlink_oracle/test_mailbox_metadata_tree.py:229: explicit actual Vivado metadata-tree measurement required
SKIPPED [2] tests/starlink_oracle/test_phase_input_contract.py:130: explicit actual Vivado phase-mode measurement required
SKIPPED [2] tests/starlink_oracle/test_realtime_occupancy.py:79: explicit actual Vivado guard measurement required
FAILED tests/starlink_oracle/test_map_driver_contract.py::test_actual_map_driver_contract_and_health_functions
FAILED tests/starlink_oracle/test_map_health_receipt.py::test_actual_map_health_receipt_and_late_fault
FAILED tests/starlink_oracle/test_map_health_receipt.py::test_acquisition_health_is_additive_read_only_iio_attribute
FAILED tests/starlink_oracle/test_map_stop_driver.py::test_actual_stop_request_receipt_and_irq_drain
FAILED tests/starlink_oracle/test_map_stop_driver.py::test_stop_attributes_are_separate_typed_operations
FAILED tests/starlink_oracle/test_pilot_driver_lifecycle.py::test_frozen_pilot_dma_geometry_matches_the_local_backend
FAILED tests/starlink_oracle/test_pilot_driver_lifecycle.py::test_actual_pilot_driver_geometry_and_lifecycle
7 failed, 818 passed, 10 skipped in 180.33s (0:03:00)
