Copyright 1986-2022 Xilinx, Inc. All Rights Reserved.
----------------------------------------------------------------------------------------------------------------------------------------------------------------------------------------------
| Tool Version : Vivado v.2022.2 (lin64) Build 3671981 Fri Oct 14 04:59:54 MDT 2022
| Date         : Thu Sep 10 01:31:07 2026
| Host         : gauss running 64-bit Ubuntu 26.04 LTS
| Command      : report_timing -from [get_clocks island_175] -to [get_clocks island_175] -delay_type min -max_paths 20 -file /tmp/starlink-completed-input.5EaJuD/route-v2/island_175_min.rpt
| Design       : starlink_pss_fft_bank_owned_slice
| Device       : 7z010-clg400
| Speed File   : -1  PRODUCTION 1.12 2019-11-22
----------------------------------------------------------------------------------------------------------------------------------------------------------------------------------------------

Timing Report

Slack (MET) :             0.059ns  (arrival time - required time)
  Source:                 shared_xfft/U0/i_synth/xfft_inst/non_floating_point.arch_b.xfft_inst/control/processing_address_generator/mux_addr3/use_lut6_2.latency1.Q_reg[6]/C
                            (rising edge-triggered cell FDRE clocked by island_175  {rise@0.000ns fall@2.857ns period=5.714ns})
  Destination:            shared_xfft/U0/i_synth/xfft_inst/non_floating_point.arch_b.xfft_inst/control/memory_control[3].delay_line_for_wr_addr/no_sclr_lut.real_shift_ram.use_baseblock.not_use_hlutnm_srls.i_shift_ram/i_bb_inst/f0.srl_sig_reg[22][6]_srl23/D
                            (rising edge-triggered cell SRLC32E clocked by island_175  {rise@0.000ns fall@2.857ns period=5.714ns})
  Path Group:             island_175
  Path Type:              Hold (Min at Fast Process Corner)
  Requirement:            0.000ns  (island_175 rise@0.000ns - island_175 rise@0.000ns)
  Data Path Delay:        0.263ns  (logic 0.141ns (53.571%)  route 0.122ns (46.429%))
  Logic Levels:           0  
  Clock Path Skew:        0.022ns (DCD - SCD - CPR)
    Destination Clock Delay (DCD):    0.432ns
    Source Clock Delay      (SCD):    0.410ns
    Clock Pessimism Removal (CPR):    -0.000ns

    Location             Delay type                Incr(ns)  Path(ns)    Netlist Resource(s)
  -------------------------------------------------------------------    -------------------
                         (clock island_175 rise edge)
                                                      0.000     0.000 r  
                                                      0.000     0.000 r  fft_clk (IN)
                         net (fo=4618, unset)         0.410     0.410    shared_xfft/U0/i_synth/xfft_inst/non_floating_point.arch_b.xfft_inst/control/processing_address_generator/mux_addr3/aclk
    SLICE_X5Y10          FDRE                                         r  shared_xfft/U0/i_synth/xfft_inst/non_floating_point.arch_b.xfft_inst/control/processing_address_generator/mux_addr3/use_lut6_2.latency1.Q_reg[6]/C
  -------------------------------------------------------------------    -------------------
    SLICE_X5Y10          FDRE (Prop_fdre_C_Q)         0.141     0.551 r  shared_xfft/U0/i_synth/xfft_inst/non_floating_point.arch_b.xfft_inst/control/processing_address_generator/mux_addr3/use_lut6_2.latency1.Q_reg[6]/Q
                         net (fo=2, routed)           0.122     0.673    shared_xfft/U0/i_synth/xfft_inst/non_floating_point.arch_b.xfft_inst/control/memory_control[3].delay_line_for_wr_addr/no_sclr_lut.real_shift_ram.use_baseblock.not_use_hlutnm_srls.i_shift_ram/i_bb_inst/d[6]
    SLICE_X4Y9           SRLC32E                                      r  shared_xfft/U0/i_synth/xfft_inst/non_floating_point.arch_b.xfft_inst/control/memory_control[3].delay_line_for_wr_addr/no_sclr_lut.real_shift_ram.use_baseblock.not_use_hlutnm_srls.i_shift_ram/i_bb_inst/f0.srl_sig_reg[22][6]_srl23/D
  -------------------------------------------------------------------    -------------------

                         (clock island_175 rise edge)
                                                      0.000     0.000 r  
                                                      0.000     0.000 r  fft_clk (IN)
                         net (fo=4618, unset)         0.432     0.432    shared_xfft/U0/i_synth/xfft_inst/non_floating_point.arch_b.xfft_inst/control/memory_control[3].delay_line_for_wr_addr/no_sclr_lut.real_shift_ram.use_baseblock.not_use_hlutnm_srls.i_shift_ram/i_bb_inst/clk
    SLICE_X4Y9           SRLC32E                                      r  shared_xfft/U0/i_synth/xfft_inst/non_floating_point.arch_b.xfft_inst/control/memory_control[3].delay_line_for_wr_addr/no_sclr_lut.real_shift_ram.use_baseblock.not_use_hlutnm_srls.i_shift_ram/i_bb_inst/f0.srl_sig_reg[22][6]_srl23/CLK
                         clock pessimism              0.000     0.432    
    SLICE_X4Y9           SRLC32E (Hold_srlc32e_CLK_D)
                                                      0.183     0.615    shared_xfft/U0/i_synth/xfft_inst/non_floating_point.arch_b.xfft_inst/control/memory_control[3].delay_line_for_wr_addr/no_sclr_lut.real_shift_ram.use_baseblock.not_use_hlutnm_srls.i_shift_ram/i_bb_inst/f0.srl_sig_reg[22][6]_srl23
  -------------------------------------------------------------------
                         required time                         -0.615    
                         arrival time                           0.673    
  -------------------------------------------------------------------
                         slack                                  0.059    

Slack (MET) :             0.070ns  (arrival time - required time)
  Source:                 shared_xfft/U0/i_synth/xfft_inst/non_floating_point.arch_b.xfft_inst/single_channel.datapath/input_muxes[0].write_data_im_mux/use_lut6_2.latency1.Q_reg[4]/C
                            (rising edge-triggered cell FDRE clocked by island_175  {rise@0.000ns fall@2.857ns period=5.714ns})
  Destination:            shared_xfft/U0/i_synth/xfft_inst/non_floating_point.arch_b.xfft_inst/single_channel.datapath/memories[0].blkmem_gen.use_bram_only.dpms/depths_3to9.ram_loop[0].use_RAMB18.SDP_RAMB18E1_36x512/DIBDI[4]
                            (rising edge-triggered cell RAMB18E1 clocked by island_175  {rise@0.000ns fall@2.857ns period=5.714ns})
  Path Group:             island_175
  Path Type:              Hold (Min at Fast Process Corner)
  Requirement:            0.000ns  (island_175 rise@0.000ns - island_175 rise@0.000ns)
  Data Path Delay:        0.247ns  (logic 0.141ns (57.072%)  route 0.106ns (42.928%))
  Logic Levels:           0  
  Clock Path Skew:        0.022ns (DCD - SCD - CPR)
    Destination Clock Delay (DCD):    0.432ns
    Source Clock Delay      (SCD):    0.410ns
    Clock Pessimism Removal (CPR):    -0.000ns

    Location             Delay type                Incr(ns)  Path(ns)    Netlist Resource(s)
  -------------------------------------------------------------------    -------------------
                         (clock island_175 rise edge)
                                                      0.000     0.000 r  
                                                      0.000     0.000 r  fft_clk (IN)
                         net (fo=4618, unset)         0.410     0.410    shared_xfft/U0/i_synth/xfft_inst/non_floating_point.arch_b.xfft_inst/single_channel.datapath/input_muxes[0].write_data_im_mux/aclk
    SLICE_X7Y17          FDRE                                         r  shared_xfft/U0/i_synth/xfft_inst/non_floating_point.arch_b.xfft_inst/single_channel.datapath/input_muxes[0].write_data_im_mux/use_lut6_2.latency1.Q_reg[4]/C
  -------------------------------------------------------------------    -------------------
    SLICE_X7Y17          FDRE (Prop_fdre_C_Q)         0.141     0.551 r  shared_xfft/U0/i_synth/xfft_inst/non_floating_point.arch_b.xfft_inst/single_channel.datapath/input_muxes[0].write_data_im_mux/use_lut6_2.latency1.Q_reg[4]/Q
                         net (fo=1, routed)           0.106     0.657    shared_xfft/U0/i_synth/xfft_inst/non_floating_point.arch_b.xfft_inst/single_channel.datapath/memories[0].blkmem_gen.use_bram_only.dpms/dina[4]
    RAMB18_X0Y6          RAMB18E1                                     r  shared_xfft/U0/i_synth/xfft_inst/non_floating_point.arch_b.xfft_inst/single_channel.datapath/memories[0].blkmem_gen.use_bram_only.dpms/depths_3to9.ram_loop[0].use_RAMB18.SDP_RAMB18E1_36x512/DIBDI[4]
  -------------------------------------------------------------------    -------------------

                         (clock island_175 rise edge)
                                                      0.000     0.000 r  
                                                      0.000     0.000 r  fft_clk (IN)
                         net (fo=4618, unset)         0.432     0.432    shared_xfft/U0/i_synth/xfft_inst/non_floating_point.arch_b.xfft_inst/single_channel.datapath/memories[0].blkmem_gen.use_bram_only.dpms/clk
    RAMB18_X0Y6          RAMB18E1                                     r  shared_xfft/U0/i_synth/xfft_inst/non_floating_point.arch_b.xfft_inst/single_channel.datapath/memories[0].blkmem_gen.use_bram_only.dpms/depths_3to9.ram_loop[0].use_RAMB18.SDP_RAMB18E1_36x512/CLKBWRCLK
                         clock pessimism              0.000     0.432    
    RAMB18_X0Y6          RAMB18E1 (Hold_ramb18e1_CLKBWRCLK_DIBDI[4])
                                                      0.155     0.587    shared_xfft/U0/i_synth/xfft_inst/non_floating_point.arch_b.xfft_inst/single_channel.datapath/memories[0].blkmem_gen.use_bram_only.dpms/depths_3to9.ram_loop[0].use_RAMB18.SDP_RAMB18E1_36x512
  -------------------------------------------------------------------
                         required time                         -0.587    
                         arrival time                           0.657    
  -------------------------------------------------------------------
                         slack                                  0.070    

Slack (MET) :             0.071ns  (arrival time - required time)
  Source:                 shared_xfft/U0/i_synth/xfft_inst/non_floating_point.arch_b.xfft_inst/single_channel.datapath/input_muxes[1].write_data_re_mux/use_lut6_2.latency1.Q_reg[4]/C
                            (rising edge-triggered cell FDRE clocked by island_175  {rise@0.000ns fall@2.857ns period=5.714ns})
  Destination:            shared_xfft/U0/i_synth/xfft_inst/non_floating_point.arch_b.xfft_inst/single_channel.datapath/memories[1].blkmem_gen.use_bram_only.dpms/depths_3to9.ram_loop[0].use_RAMB18.SDP_RAMB18E1_36x512/DIADI[4]
                            (rising edge-triggered cell RAMB18E1 clocked by island_175  {rise@0.000ns fall@2.857ns period=5.714ns})
  Path Group:             island_175
  Path Type:              Hold (Min at Fast Process Corner)
  Requirement:            0.000ns  (island_175 rise@0.000ns - island_175 rise@0.000ns)
  Data Path Delay:        0.248ns  (logic 0.141ns (56.898%)  route 0.107ns (43.102%))
  Logic Levels:           0  
  Clock Path Skew:        0.022ns (DCD - SCD - CPR)
    Destination Clock Delay (DCD):    0.432ns
    Source Clock Delay      (SCD):    0.410ns
    Clock Pessimism Removal (CPR):    -0.000ns

    Location             Delay type                Incr(ns)  Path(ns)    Netlist Resource(s)
  -------------------------------------------------------------------    -------------------
                         (clock island_175 rise edge)
                                                      0.000     0.000 r  
                                                      0.000     0.000 r  fft_clk (IN)
                         net (fo=4618, unset)         0.410     0.410    shared_xfft/U0/i_synth/xfft_inst/non_floating_point.arch_b.xfft_inst/single_channel.datapath/input_muxes[1].write_data_re_mux/aclk
    SLICE_X7Y19          FDRE                                         r  shared_xfft/U0/i_synth/xfft_inst/non_floating_point.arch_b.xfft_inst/single_channel.datapath/input_muxes[1].write_data_re_mux/use_lut6_2.latency1.Q_reg[4]/C
  -------------------------------------------------------------------    -------------------
    SLICE_X7Y19          FDRE (Prop_fdre_C_Q)         0.141     0.551 r  shared_xfft/U0/i_synth/xfft_inst/non_floating_point.arch_b.xfft_inst/single_channel.datapath/input_muxes[1].write_data_re_mux/use_lut6_2.latency1.Q_reg[4]/Q
                         net (fo=1, routed)           0.107     0.658    shared_xfft/U0/i_synth/xfft_inst/non_floating_point.arch_b.xfft_inst/single_channel.datapath/memories[1].blkmem_gen.use_bram_only.dpms/dina[22]
    RAMB18_X0Y7          RAMB18E1                                     r  shared_xfft/U0/i_synth/xfft_inst/non_floating_point.arch_b.xfft_inst/single_channel.datapath/memories[1].blkmem_gen.use_bram_only.dpms/depths_3to9.ram_loop[0].use_RAMB18.SDP_RAMB18E1_36x512/DIADI[4]
  -------------------------------------------------------------------    -------------------

                         (clock island_175 rise edge)
                                                      0.000     0.000 r  
                                                      0.000     0.000 r  fft_clk (IN)
                         net (fo=4618, unset)         0.432     0.432    shared_xfft/U0/i_synth/xfft_inst/non_floating_point.arch_b.xfft_inst/single_channel.datapath/memories[1].blkmem_gen.use_bram_only.dpms/clk
    RAMB18_X0Y7          RAMB18E1                                     r  shared_xfft/U0/i_synth/xfft_inst/non_floating_point.arch_b.xfft_inst/single_channel.datapath/memories[1].blkmem_gen.use_bram_only.dpms/depths_3to9.ram_loop[0].use_RAMB18.SDP_RAMB18E1_36x512/CLKBWRCLK
                         clock pessimism              0.000     0.432    
    RAMB18_X0Y7          RAMB18E1 (Hold_ramb18e1_CLKBWRCLK_DIADI[4])
                                                      0.155     0.587    shared_xfft/U0/i_synth/xfft_inst/non_floating_point.arch_b.xfft_inst/single_channel.datapath/memories[1].blkmem_gen.use_bram_only.dpms/depths_3to9.ram_loop[0].use_RAMB18.SDP_RAMB18E1_36x512
  -------------------------------------------------------------------
                         required time                         -0.587    
                         arrival time                           0.658    
  -------------------------------------------------------------------
                         slack                                  0.071    

Slack (MET) :             0.073ns  (arrival time - required time)
  Source:                 shared_xfft/U0/i_synth/xfft_inst/non_floating_point.arch_b.xfft_inst/control/control/need_output_sclr.sclr_register/ORS_reg/C
                            (rising edge-triggered cell FDRE clocked by island_175  {rise@0.000ns fall@2.857ns period=5.714ns})
  Destination:            shared_xfft/U0/i_synth/xfft_inst/non_floating_point.arch_b.xfft_inst/control/control/need_output_sclr.delay_line[23].cy_reg[24]_srl23/D
                            (rising edge-triggered cell SRLC32E clocked by island_175  {rise@0.000ns fall@2.857ns period=5.714ns})
  Path Group:             island_175
  Path Type:              Hold (Min at Fast Process Corner)
  Requirement:            0.000ns  (island_175 rise@0.000ns - island_175 rise@0.000ns)
  Data Path Delay:        0.277ns  (logic 0.141ns (50.867%)  route 0.136ns (49.133%))
  Logic Levels:           0  
  Clock Path Skew:        0.022ns (DCD - SCD - CPR)
    Destination Clock Delay (DCD):    0.432ns
    Source Clock Delay      (SCD):    0.410ns
    Clock Pessimism Removal (CPR):    -0.000ns

    Location             Delay type                Incr(ns)  Path(ns)    Netlist Resource(s)
  -------------------------------------------------------------------    -------------------
                         (clock island_175 rise edge)
                                                      0.000     0.000 r  
                                                      0.000     0.000 r  fft_clk (IN)
                         net (fo=4618, unset)         0.410     0.410    shared_xfft/U0/i_synth/xfft_inst/non_floating_point.arch_b.xfft_inst/control/control/need_output_sclr.sclr_register/aclk
    SLICE_X7Y10          FDRE                                         r  shared_xfft/U0/i_synth/xfft_inst/non_floating_point.arch_b.xfft_inst/control/control/need_output_sclr.sclr_register/ORS_reg/C
  -------------------------------------------------------------------    -------------------
    SLICE_X7Y10          FDRE (Prop_fdre_C_Q)         0.141     0.551 r  shared_xfft/U0/i_synth/xfft_inst/non_floating_point.arch_b.xfft_inst/control/control/need_output_sclr.sclr_register/ORS_reg/Q
                         net (fo=4, routed)           0.136     0.687    shared_xfft/U0/i_synth/xfft_inst/non_floating_point.arch_b.xfft_inst/control/control/p_0_in
    SLICE_X8Y9           SRLC32E                                      r  shared_xfft/U0/i_synth/xfft_inst/non_floating_point.arch_b.xfft_inst/control/control/need_output_sclr.delay_line[23].cy_reg[24]_srl23/D
  -------------------------------------------------------------------    -------------------

                         (clock island_175 rise edge)
                                                      0.000     0.000 r  
                                                      0.000     0.000 r  fft_clk (IN)
                         net (fo=4618, unset)         0.432     0.432    shared_xfft/U0/i_synth/xfft_inst/non_floating_point.arch_b.xfft_inst/control/control/aclk
    SLICE_X8Y9           SRLC32E                                      r  shared_xfft/U0/i_synth/xfft_inst/non_floating_point.arch_b.xfft_inst/control/control/need_output_sclr.delay_line[23].cy_reg[24]_srl23/CLK
                         clock pessimism              0.000     0.432    
    SLICE_X8Y9           SRLC32E (Hold_srlc32e_CLK_D)
                                                      0.183     0.615    shared_xfft/U0/i_synth/xfft_inst/non_floating_point.arch_b.xfft_inst/control/control/need_output_sclr.delay_line[23].cy_reg[24]_srl23
  -------------------------------------------------------------------
                         required time                         -0.615    
                         arrival time                           0.687    
  -------------------------------------------------------------------
                         slack                                  0.073    

Slack (MET) :             0.093ns  (arrival time - required time)
  Source:                 shared_xfft/U0/i_synth/xfft_inst/non_floating_point.arch_b.xfft_inst/single_channel.datapath/input_muxes[1].write_data_re_mux/use_lut6_2.latency1.Q_reg[14]/C
                            (rising edge-triggered cell FDRE clocked by island_175  {rise@0.000ns fall@2.857ns period=5.714ns})
  Destination:            shared_xfft/U0/i_synth/xfft_inst/non_floating_point.arch_b.xfft_inst/single_channel.datapath/memories[1].blkmem_gen.use_bram_only.dpms/depths_3to9.ram_loop[0].use_RAMB18.SDP_RAMB18E1_36x512/DIADI[13]
                            (rising edge-triggered cell RAMB18E1 clocked by island_175  {rise@0.000ns fall@2.857ns period=5.714ns})
  Path Group:             island_175
  Path Type:              Hold (Min at Fast Process Corner)
  Requirement:            0.000ns  (island_175 rise@0.000ns - island_175 rise@0.000ns)
  Data Path Delay:        0.270ns  (logic 0.164ns (60.728%)  route 0.106ns (39.272%))
  Logic Levels:           0  
  Clock Path Skew:        0.022ns (DCD - SCD - CPR)
    Destination Clock Delay (DCD):    0.432ns
    Source Clock Delay      (SCD):    0.410ns
    Clock Pessimism Removal (CPR):    -0.000ns

    Location             Delay type                Incr(ns)  Path(ns)    Netlist Resource(s)
  -------------------------------------------------------------------    -------------------
                         (clock island_175 rise edge)
                                                      0.000     0.000 r  
                                                      0.000     0.000 r  fft_clk (IN)
                         net (fo=4618, unset)         0.410     0.410    shared_xfft/U0/i_synth/xfft_inst/non_floating_point.arch_b.xfft_inst/single_channel.datapath/input_muxes[1].write_data_re_mux/aclk
    SLICE_X6Y20          FDRE                                         r  shared_xfft/U0/i_synth/xfft_inst/non_floating_point.arch_b.xfft_inst/single_channel.datapath/input_muxes[1].write_data_re_mux/use_lut6_2.latency1.Q_reg[14]/C
  -------------------------------------------------------------------    -------------------
    SLICE_X6Y20          FDRE (Prop_fdre_C_Q)         0.164     0.574 r  shared_xfft/U0/i_synth/xfft_inst/non_floating_point.arch_b.xfft_inst/single_channel.datapath/input_muxes[1].write_data_re_mux/use_lut6_2.latency1.Q_reg[14]/Q
                         net (fo=1, routed)           0.106     0.680    shared_xfft/U0/i_synth/xfft_inst/non_floating_point.arch_b.xfft_inst/single_channel.datapath/memories[1].blkmem_gen.use_bram_only.dpms/dina[32]
    RAMB18_X0Y7          RAMB18E1                                     r  shared_xfft/U0/i_synth/xfft_inst/non_floating_point.arch_b.xfft_inst/single_channel.datapath/memories[1].blkmem_gen.use_bram_only.dpms/depths_3to9.ram_loop[0].use_RAMB18.SDP_RAMB18E1_36x512/DIADI[13]
  -------------------------------------------------------------------    -------------------

                         (clock island_175 rise edge)
                                                      0.000     0.000 r  
                                                      0.000     0.000 r  fft_clk (IN)
                         net (fo=4618, unset)         0.432     0.432    shared_xfft/U0/i_synth/xfft_inst/non_floating_point.arch_b.xfft_inst/single_channel.datapath/memories[1].blkmem_gen.use_bram_only.dpms/clk
    RAMB18_X0Y7          RAMB18E1                                     r  shared_xfft/U0/i_synth/xfft_inst/non_floating_point.arch_b.xfft_inst/single_channel.datapath/memories[1].blkmem_gen.use_bram_only.dpms/depths_3to9.ram_loop[0].use_RAMB18.SDP_RAMB18E1_36x512/CLKBWRCLK
                         clock pessimism              0.000     0.432    
    RAMB18_X0Y7          RAMB18E1 (Hold_ramb18e1_CLKBWRCLK_DIADI[13])
                                                      0.155     0.587    shared_xfft/U0/i_synth/xfft_inst/non_floating_point.arch_b.xfft_inst/single_channel.datapath/memories[1].blkmem_gen.use_bram_only.dpms/depths_3to9.ram_loop[0].use_RAMB18.SDP_RAMB18E1_36x512
  -------------------------------------------------------------------
                         required time                         -0.587    
                         arrival time                           0.680    
  -------------------------------------------------------------------
                         slack                                  0.093    

Slack (MET) :             0.094ns  (arrival time - required time)
  Source:                 shared_xfft/U0/i_synth/xfft_inst/non_floating_point.arch_b.xfft_inst/single_channel.datapath/input_muxes[3].write_data_im_mux/use_lut6_2.latency1.Q_reg[10]/C
                            (rising edge-triggered cell FDRE clocked by island_175  {rise@0.000ns fall@2.857ns period=5.714ns})
  Destination:            shared_xfft/U0/i_synth/xfft_inst/non_floating_point.arch_b.xfft_inst/single_channel.datapath/memories[3].blkmem_gen.use_bram_only.dpms/depths_3to9.ram_loop[0].use_RAMB18.SDP_RAMB18E1_36x512/DIBDI[9]
                            (rising edge-triggered cell RAMB18E1 clocked by island_175  {rise@0.000ns fall@2.857ns period=5.714ns})
  Path Group:             island_175
  Path Type:              Hold (Min at Fast Process Corner)
  Requirement:            0.000ns  (island_175 rise@0.000ns - island_175 rise@0.000ns)
  Data Path Delay:        0.271ns  (logic 0.164ns (60.558%)  route 0.107ns (39.442%))
  Logic Levels:           0  
  Clock Path Skew:        0.022ns (DCD - SCD - CPR)
    Destination Clock Delay (DCD):    0.432ns
    Source Clock Delay      (SCD):    0.410ns
    Clock Pessimism Removal (CPR):    -0.000ns

    Location             Delay type                Incr(ns)  Path(ns)    Netlist Resource(s)
  -------------------------------------------------------------------    -------------------
                         (clock island_175 rise edge)
                                                      0.000     0.000 r  
                                                      0.000     0.000 r  fft_clk (IN)
                         net (fo=4618, unset)         0.410     0.410    shared_xfft/U0/i_synth/xfft_inst/non_floating_point.arch_b.xfft_inst/single_channel.datapath/input_muxes[3].write_data_im_mux/aclk
    SLICE_X6Y20          FDRE                                         r  shared_xfft/U0/i_synth/xfft_inst/non_floating_point.arch_b.xfft_inst/single_channel.datapath/input_muxes[3].write_data_im_mux/use_lut6_2.latency1.Q_reg[10]/C
  -------------------------------------------------------------------    -------------------
    SLICE_X6Y20          FDRE (Prop_fdre_C_Q)         0.164     0.574 r  shared_xfft/U0/i_synth/xfft_inst/non_floating_point.arch_b.xfft_inst/single_channel.datapath/input_muxes[3].write_data_im_mux/use_lut6_2.latency1.Q_reg[10]/Q
                         net (fo=1, routed)           0.107     0.681    shared_xfft/U0/i_synth/xfft_inst/non_floating_point.arch_b.xfft_inst/single_channel.datapath/memories[3].blkmem_gen.use_bram_only.dpms/dina[10]
    RAMB18_X0Y8          RAMB18E1                                     r  shared_xfft/U0/i_synth/xfft_inst/non_floating_point.arch_b.xfft_inst/single_channel.datapath/memories[3].blkmem_gen.use_bram_only.dpms/depths_3to9.ram_loop[0].use_RAMB18.SDP_RAMB18E1_36x512/DIBDI[9]
  -------------------------------------------------------------------    -------------------

                         (clock island_175 rise edge)
                                                      0.000     0.000 r  
                                                      0.000     0.000 r  fft_clk (IN)
                         net (fo=4618, unset)         0.432     0.432    shared_xfft/U0/i_synth/xfft_inst/non_floating_point.arch_b.xfft_inst/single_channel.datapath/memories[3].blkmem_gen.use_bram_only.dpms/clk
    RAMB18_X0Y8          RAMB18E1                                     r  shared_xfft/U0/i_synth/xfft_inst/non_floating_point.arch_b.xfft_inst/single_channel.datapath/memories[3].blkmem_gen.use_bram_only.dpms/depths_3to9.ram_loop[0].use_RAMB18.SDP_RAMB18E1_36x512/CLKBWRCLK
                         clock pessimism              0.000     0.432    
    RAMB18_X0Y8          RAMB18E1 (Hold_ramb18e1_CLKBWRCLK_DIBDI[9])
                                                      0.155     0.587    shared_xfft/U0/i_synth/xfft_inst/non_floating_point.arch_b.xfft_inst/single_channel.datapath/memories[3].blkmem_gen.use_bram_only.dpms/depths_3to9.ram_loop[0].use_RAMB18.SDP_RAMB18E1_36x512
  -------------------------------------------------------------------
                         required time                         -0.587    
                         arrival time                           0.681    
  -------------------------------------------------------------------
                         slack                                  0.094    

Slack (MET) :             0.097ns  (arrival time - required time)
  Source:                 shared_xfft/U0/i_synth/xfft_inst/non_floating_point.arch_b.xfft_inst/single_channel.datapath/pe/mult_gen.Mult1/i_cmpy/three_mult_structure.use_dsp.i_dsp48/dsp_preadder_1.reg_mult1_preadd_d/dN.std_srl.shift_reg_reg[0][1]/C
                            (rising edge-triggered cell FDRE clocked by island_175  {rise@0.000ns fall@2.857ns period=5.714ns})
  Destination:            shared_xfft/U0/i_synth/xfft_inst/non_floating_point.arch_b.xfft_inst/single_channel.datapath/pe/mult_gen.Mult1/i_cmpy/three_mult_structure.use_dsp.i_dsp48/dsp_preadder_3.reg_mult3_preadd_d/dN.std_srl.shift_reg_reg[1][1]/D
                            (rising edge-triggered cell FDRE clocked by island_175  {rise@0.000ns fall@2.857ns period=5.714ns})
  Path Group:             island_175
  Path Type:              Hold (Min at Fast Process Corner)
  Requirement:            0.000ns  (island_175 rise@0.000ns - island_175 rise@0.000ns)
  Data Path Delay:        0.197ns  (logic 0.141ns (71.611%)  route 0.056ns (28.389%))
  Logic Levels:           0  
  Clock Path Skew:        0.022ns (DCD - SCD - CPR)
    Destination Clock Delay (DCD):    0.432ns
    Source Clock Delay      (SCD):    0.410ns
    Clock Pessimism Removal (CPR):    -0.000ns

    Location             Delay type                Incr(ns)  Path(ns)    Netlist Resource(s)
  -------------------------------------------------------------------    -------------------
                         (clock island_175 rise edge)
                                                      0.000     0.000 r  
                                                      0.000     0.000 r  fft_clk (IN)
                         net (fo=4618, unset)         0.410     0.410    shared_xfft/U0/i_synth/xfft_inst/non_floating_point.arch_b.xfft_inst/single_channel.datapath/pe/mult_gen.Mult1/i_cmpy/three_mult_structure.use_dsp.i_dsp48/dsp_preadder_1.reg_mult1_preadd_d/aclk
    SLICE_X13Y10         FDRE                                         r  shared_xfft/U0/i_synth/xfft_inst/non_floating_point.arch_b.xfft_inst/single_channel.datapath/pe/mult_gen.Mult1/i_cmpy/three_mult_structure.use_dsp.i_dsp48/dsp_preadder_1.reg_mult1_preadd_d/dN.std_srl.shift_reg_reg[0][1]/C
  -------------------------------------------------------------------    -------------------
    SLICE_X13Y10         FDRE (Prop_fdre_C_Q)         0.141     0.551 r  shared_xfft/U0/i_synth/xfft_inst/non_floating_point.arch_b.xfft_inst/single_channel.datapath/pe/mult_gen.Mult1/i_cmpy/three_mult_structure.use_dsp.i_dsp48/dsp_preadder_1.reg_mult1_preadd_d/dN.std_srl.shift_reg_reg[0][1]/Q
                         net (fo=1, routed)           0.056     0.607    shared_xfft/U0/i_synth/xfft_inst/non_floating_point.arch_b.xfft_inst/single_channel.datapath/pe/mult_gen.Mult1/i_cmpy/three_mult_structure.use_dsp.i_dsp48/dsp_preadder_3.reg_mult3_preadd_d/Q[1]
    SLICE_X13Y10         FDRE                                         r  shared_xfft/U0/i_synth/xfft_inst/non_floating_point.arch_b.xfft_inst/single_channel.datapath/pe/mult_gen.Mult1/i_cmpy/three_mult_structure.use_dsp.i_dsp48/dsp_preadder_3.reg_mult3_preadd_d/dN.std_srl.shift_reg_reg[1][1]/D
  -------------------------------------------------------------------    -------------------

                         (clock island_175 rise edge)
                                                      0.000     0.000 r  
                                                      0.000     0.000 r  fft_clk (IN)
                         net (fo=4618, unset)         0.432     0.432    shared_xfft/U0/i_synth/xfft_inst/non_floating_point.arch_b.xfft_inst/single_channel.datapath/pe/mult_gen.Mult1/i_cmpy/three_mult_structure.use_dsp.i_dsp48/dsp_preadder_3.reg_mult3_preadd_d/aclk
    SLICE_X13Y10         FDRE                                         r  shared_xfft/U0/i_synth/xfft_inst/non_floating_point.arch_b.xfft_inst/single_channel.datapath/pe/mult_gen.Mult1/i_cmpy/three_mult_structure.use_dsp.i_dsp48/dsp_preadder_3.reg_mult3_preadd_d/dN.std_srl.shift_reg_reg[1][1]/C
                         clock pessimism              0.000     0.432    
    SLICE_X13Y10         FDRE (Hold_fdre_C_D)         0.078     0.510    shared_xfft/U0/i_synth/xfft_inst/non_floating_point.arch_b.xfft_inst/single_channel.datapath/pe/mult_gen.Mult1/i_cmpy/three_mult_structure.use_dsp.i_dsp48/dsp_preadder_3.reg_mult3_preadd_d/dN.std_srl.shift_reg_reg[1][1]
  -------------------------------------------------------------------
                         required time                         -0.510    
                         arrival time                           0.607    
  -------------------------------------------------------------------
                         slack                                  0.097    

Slack (MET) :             0.097ns  (arrival time - required time)
  Source:                 shared_xfft/U0/i_synth/xfft_inst/non_floating_point.arch_b.xfft_inst/control/twiddle_generator1/tw0.twgen0/extra_reg.COSINE_reg[5]/C
                            (rising edge-triggered cell FDRE clocked by island_175  {rise@0.000ns fall@2.857ns period=5.714ns})
  Destination:            shared_xfft/U0/i_synth/xfft_inst/non_floating_point.arch_b.xfft_inst/single_channel.datapath/pe/mult_gen.Mult1/i_cmpy/three_mult_structure.use_dsp.i_dsp48/optionally_negate_inputs/apply_negation.registered_twos_comp_hblknm.gen_full_slices[1].gen_fdre[1].ff_br/D
                            (rising edge-triggered cell FDRE clocked by island_175  {rise@0.000ns fall@2.857ns period=5.714ns})
  Path Group:             island_175
  Path Type:              Hold (Min at Fast Process Corner)
  Requirement:            0.000ns  (island_175 rise@0.000ns - island_175 rise@0.000ns)
  Data Path Delay:        0.197ns  (logic 0.141ns (71.611%)  route 0.056ns (28.389%))
  Logic Levels:           0  
  Clock Path Skew:        0.022ns (DCD - SCD - CPR)
    Destination Clock Delay (DCD):    0.432ns
    Source Clock Delay      (SCD):    0.410ns
    Clock Pessimism Removal (CPR):    -0.000ns

    Location             Delay type                Incr(ns)  Path(ns)    Netlist Resource(s)
  -------------------------------------------------------------------    -------------------
                         (clock island_175 rise edge)
                                                      0.000     0.000 r  
                                                      0.000     0.000 r  fft_clk (IN)
                         net (fo=4618, unset)         0.410     0.410    shared_xfft/U0/i_synth/xfft_inst/non_floating_point.arch_b.xfft_inst/control/twiddle_generator1/tw0.twgen0/aclk
    SLICE_X7Y14          FDRE                                         r  shared_xfft/U0/i_synth/xfft_inst/non_floating_point.arch_b.xfft_inst/control/twiddle_generator1/tw0.twgen0/extra_reg.COSINE_reg[5]/C
  -------------------------------------------------------------------    -------------------
    SLICE_X7Y14          FDRE (Prop_fdre_C_Q)         0.141     0.551 r  shared_xfft/U0/i_synth/xfft_inst/non_floating_point.arch_b.xfft_inst/control/twiddle_generator1/tw0.twgen0/extra_reg.COSINE_reg[5]/Q
                         net (fo=1, routed)           0.056     0.607    shared_xfft/U0/i_synth/xfft_inst/non_floating_point.arch_b.xfft_inst/single_channel.datapath/pe/mult_gen.Mult1/i_cmpy/three_mult_structure.use_dsp.i_dsp48/optionally_negate_inputs/apply_negation.registered_twos_comp_hblknm.gen_part_slices[0].ff_br_0[5]
    SLICE_X7Y14          FDRE                                         r  shared_xfft/U0/i_synth/xfft_inst/non_floating_point.arch_b.xfft_inst/single_channel.datapath/pe/mult_gen.Mult1/i_cmpy/three_mult_structure.use_dsp.i_dsp48/optionally_negate_inputs/apply_negation.registered_twos_comp_hblknm.gen_full_slices[1].gen_fdre[1].ff_br/D
  -------------------------------------------------------------------    -------------------

                         (clock island_175 rise edge)
                                                      0.000     0.000 r  
                                                      0.000     0.000 r  fft_clk (IN)
                         net (fo=4618, unset)         0.432     0.432    shared_xfft/U0/i_synth/xfft_inst/non_floating_point.arch_b.xfft_inst/single_channel.datapath/pe/mult_gen.Mult1/i_cmpy/three_mult_structure.use_dsp.i_dsp48/optionally_negate_inputs/aclk
    SLICE_X7Y14          FDRE                                         r  shared_xfft/U0/i_synth/xfft_inst/non_floating_point.arch_b.xfft_inst/single_channel.datapath/pe/mult_gen.Mult1/i_cmpy/three_mult_structure.use_dsp.i_dsp48/optionally_negate_inputs/apply_negation.registered_twos_comp_hblknm.gen_full_slices[1].gen_fdre[1].ff_br/C
                         clock pessimism              0.000     0.432    
    SLICE_X7Y14          FDRE (Hold_fdre_C_D)         0.078     0.510    shared_xfft/U0/i_synth/xfft_inst/non_floating_point.arch_b.xfft_inst/single_channel.datapath/pe/mult_gen.Mult1/i_cmpy/three_mult_structure.use_dsp.i_dsp48/optionally_negate_inputs/apply_negation.registered_twos_comp_hblknm.gen_full_slices[1].gen_fdre[1].ff_br
  -------------------------------------------------------------------
                         required time                         -0.510    
                         arrival time                           0.607    
  -------------------------------------------------------------------
                         slack                                  0.097    

Slack (MET) :             0.098ns  (arrival time - required time)
  Source:                 shared_xfft/U0/i_synth/xfft_inst/non_floating_point.arch_b.xfft_inst/control/processing_address_generator/cnt_reg2_reg[6]/C
                            (rising edge-triggered cell FDRE clocked by island_175  {rise@0.000ns fall@2.857ns period=5.714ns})
  Destination:            shared_xfft/U0/i_synth/xfft_inst/non_floating_point.arch_b.xfft_inst/control/processing_address_generator/m2.mux_n_512/use_lut6_2.latency1.Q_reg[0]/D
                            (rising edge-triggered cell FDRE clocked by island_175  {rise@0.000ns fall@2.857ns period=5.714ns})
  Path Group:             island_175
  Path Type:              Hold (Min at Fast Process Corner)
  Requirement:            0.000ns  (island_175 rise@0.000ns - island_175 rise@0.000ns)
  Data Path Delay:        0.240ns  (logic 0.186ns (77.466%)  route 0.054ns (22.534%))
  Logic Levels:           1  (LUT2=1)
  Clock Path Skew:        0.022ns (DCD - SCD - CPR)
    Destination Clock Delay (DCD):    0.432ns
    Source Clock Delay      (SCD):    0.410ns
    Clock Pessimism Removal (CPR):    -0.000ns

    Location             Delay type                Incr(ns)  Path(ns)    Netlist Resource(s)
  -------------------------------------------------------------------    -------------------
                         (clock island_175 rise edge)
                                                      0.000     0.000 r  
                                                      0.000     0.000 r  fft_clk (IN)
                         net (fo=4618, unset)         0.410     0.410    shared_xfft/U0/i_synth/xfft_inst/non_floating_point.arch_b.xfft_inst/control/processing_address_generator/aclk
    SLICE_X7Y11          FDRE                                         r  shared_xfft/U0/i_synth/xfft_inst/non_floating_point.arch_b.xfft_inst/control/processing_address_generator/cnt_reg2_reg[6]/C
  -------------------------------------------------------------------    -------------------
    SLICE_X7Y11          FDRE (Prop_fdre_C_Q)         0.141     0.551 r  shared_xfft/U0/i_synth/xfft_inst/non_floating_point.arch_b.xfft_inst/control/processing_address_generator/cnt_reg2_reg[6]/Q
                         net (fo=1, routed)           0.054     0.605    shared_xfft/U0/i_synth/xfft_inst/non_floating_point.arch_b.xfft_inst/control/processing_address_generator/m2.mux_n_512/Q[0]
    SLICE_X6Y11          LUT2 (Prop_lut2_I0_O)        0.045     0.650 r  shared_xfft/U0/i_synth/xfft_inst/non_floating_point.arch_b.xfft_inst/control/processing_address_generator/m2.mux_n_512/use_lut6_2.need_extra_lut.mlut2/O
                         net (fo=1, routed)           0.000     0.650    shared_xfft/U0/i_synth/xfft_inst/non_floating_point.arch_b.xfft_inst/control/processing_address_generator/m2.mux_n_512/use_lut6_2.qi
    SLICE_X6Y11          FDRE                                         r  shared_xfft/U0/i_synth/xfft_inst/non_floating_point.arch_b.xfft_inst/control/processing_address_generator/m2.mux_n_512/use_lut6_2.latency1.Q_reg[0]/D
  -------------------------------------------------------------------    -------------------

                         (clock island_175 rise edge)
                                                      0.000     0.000 r  
                                                      0.000     0.000 r  fft_clk (IN)
                         net (fo=4618, unset)         0.432     0.432    shared_xfft/U0/i_synth/xfft_inst/non_floating_point.arch_b.xfft_inst/control/processing_address_generator/m2.mux_n_512/aclk
    SLICE_X6Y11          FDRE                                         r  shared_xfft/U0/i_synth/xfft_inst/non_floating_point.arch_b.xfft_inst/control/processing_address_generator/m2.mux_n_512/use_lut6_2.latency1.Q_reg[0]/C
                         clock pessimism              0.000     0.432    
    SLICE_X6Y11          FDRE (Hold_fdre_C_D)         0.121     0.553    shared_xfft/U0/i_synth/xfft_inst/non_floating_point.arch_b.xfft_inst/control/processing_address_generator/m2.mux_n_512/use_lut6_2.latency1.Q_reg[0]
  -------------------------------------------------------------------
                         required time                         -0.553    
                         arrival time                           0.650    
  -------------------------------------------------------------------
                         slack                                  0.098    

Slack (MET) :             0.099ns  (arrival time - required time)
  Source:                 shared_xfft/U0/i_synth/xfft_inst/non_floating_point.arch_b.xfft_inst/single_channel.datapath/pe/mult_gen.Mult1/i_cmpy/three_mult_structure.use_dsp.i_dsp48/dsp_preadder_1.reg_mult1_preadd_d/dN.std_srl.shift_reg_reg[0][0]/C
                            (rising edge-triggered cell FDRE clocked by island_175  {rise@0.000ns fall@2.857ns period=5.714ns})
  Destination:            shared_xfft/U0/i_synth/xfft_inst/non_floating_point.arch_b.xfft_inst/single_channel.datapath/pe/mult_gen.Mult1/i_cmpy/three_mult_structure.use_dsp.i_dsp48/dsp_preadder_3.reg_mult3_preadd_d/dN.std_srl.shift_reg_reg[1][0]/D
                            (rising edge-triggered cell FDRE clocked by island_175  {rise@0.000ns fall@2.857ns period=5.714ns})
  Path Group:             island_175
  Path Type:              Hold (Min at Fast Process Corner)
  Requirement:            0.000ns  (island_175 rise@0.000ns - island_175 rise@0.000ns)
  Data Path Delay:        0.197ns  (logic 0.141ns (71.611%)  route 0.056ns (28.389%))
  Logic Levels:           0  
  Clock Path Skew:        0.022ns (DCD - SCD - CPR)
    Destination Clock Delay (DCD):    0.432ns
    Source Clock Delay      (SCD):    0.410ns
    Clock Pessimism Removal (CPR):    -0.000ns

    Location             Delay type                Incr(ns)  Path(ns)    Netlist Resource(s)
  -------------------------------------------------------------------    -------------------
                         (clock island_175 rise edge)
                                                      0.000     0.000 r  
                                                      0.000     0.000 r  fft_clk (IN)
                         net (fo=4618, unset)         0.410     0.410    shared_xfft/U0/i_synth/xfft_inst/non_floating_point.arch_b.xfft_inst/single_channel.datapath/pe/mult_gen.Mult1/i_cmpy/three_mult_structure.use_dsp.i_dsp48/dsp_preadder_1.reg_mult1_preadd_d/aclk
    SLICE_X13Y10         FDRE                                         r  shared_xfft/U0/i_synth/xfft_inst/non_floating_point.arch_b.xfft_inst/single_channel.datapath/pe/mult_gen.Mult1/i_cmpy/three_mult_structure.use_dsp.i_dsp48/dsp_preadder_1.reg_mult1_preadd_d/dN.std_srl.shift_reg_reg[0][0]/C
  -------------------------------------------------------------------    -------------------
    SLICE_X13Y10         FDRE (Prop_fdre_C_Q)         0.141     0.551 r  shared_xfft/U0/i_synth/xfft_inst/non_floating_point.arch_b.xfft_inst/single_channel.datapath/pe/mult_gen.Mult1/i_cmpy/three_mult_structure.use_dsp.i_dsp48/dsp_preadder_1.reg_mult1_preadd_d/dN.std_srl.shift_reg_reg[0][0]/Q
                         net (fo=1, routed)           0.056     0.607    shared_xfft/U0/i_synth/xfft_inst/non_floating_point.arch_b.xfft_inst/single_channel.datapath/pe/mult_gen.Mult1/i_cmpy/three_mult_structure.use_dsp.i_dsp48/dsp_preadder_3.reg_mult3_preadd_d/Q[0]
    SLICE_X13Y10         FDRE                                         r  shared_xfft/U0/i_synth/xfft_inst/non_floating_point.arch_b.xfft_inst/single_channel.datapath/pe/mult_gen.Mult1/i_cmpy/three_mult_structure.use_dsp.i_dsp48/dsp_preadder_3.reg_mult3_preadd_d/dN.std_srl.shift_reg_reg[1][0]/D
  -------------------------------------------------------------------    -------------------

                         (clock island_175 rise edge)
                                                      0.000     0.000 r  
                                                      0.000     0.000 r  fft_clk (IN)
                         net (fo=4618, unset)         0.432     0.432    shared_xfft/U0/i_synth/xfft_inst/non_floating_point.arch_b.xfft_inst/single_channel.datapath/pe/mult_gen.Mult1/i_cmpy/three_mult_structure.use_dsp.i_dsp48/dsp_preadder_3.reg_mult3_preadd_d/aclk
    SLICE_X13Y10         FDRE                                         r  shared_xfft/U0/i_synth/xfft_inst/non_floating_point.arch_b.xfft_inst/single_channel.datapath/pe/mult_gen.Mult1/i_cmpy/three_mult_structure.use_dsp.i_dsp48/dsp_preadder_3.reg_mult3_preadd_d/dN.std_srl.shift_reg_reg[1][0]/C
                         clock pessimism              0.000     0.432    
    SLICE_X13Y10         FDRE (Hold_fdre_C_D)         0.076     0.508    shared_xfft/U0/i_synth/xfft_inst/non_floating_point.arch_b.xfft_inst/single_channel.datapath/pe/mult_gen.Mult1/i_cmpy/three_mult_structure.use_dsp.i_dsp48/dsp_preadder_3.reg_mult3_preadd_d/dN.std_srl.shift_reg_reg[1][0]
  -------------------------------------------------------------------
                         required time                         -0.508    
                         arrival time                           0.607    
  -------------------------------------------------------------------
                         slack                                  0.099    

Slack (MET) :             0.100ns  (arrival time - required time)
  Source:                 fast_reset_fast_reg[0]/C
                            (rising edge-triggered cell FDCE clocked by island_175  {rise@0.000ns fall@2.857ns period=5.714ns})
  Destination:            fast_reset_fast_reg[1]/D
                            (rising edge-triggered cell FDCE clocked by island_175  {rise@0.000ns fall@2.857ns period=5.714ns})
  Path Group:             island_175
  Path Type:              Hold (Min at Fast Process Corner)
  Requirement:            0.000ns  (island_175 rise@0.000ns - island_175 rise@0.000ns)
  Data Path Delay:        0.197ns  (logic 0.141ns (71.611%)  route 0.056ns (28.389%))
  Logic Levels:           0  
  Clock Path Skew:        0.022ns (DCD - SCD - CPR)
    Destination Clock Delay (DCD):    0.432ns
    Source Clock Delay      (SCD):    0.410ns
    Clock Pessimism Removal (CPR):    -0.000ns

    Location             Delay type                Incr(ns)  Path(ns)    Netlist Resource(s)
  -------------------------------------------------------------------    -------------------
                         (clock island_175 rise edge)
                                                      0.000     0.000 r  
                                                      0.000     0.000 r  fft_clk (IN)
                         net (fo=4618, unset)         0.410     0.410    fft_clk
    SLICE_X15Y8          FDCE                                         r  fast_reset_fast_reg[0]/C
  -------------------------------------------------------------------    -------------------
    SLICE_X15Y8          FDCE (Prop_fdce_C_Q)         0.141     0.551 r  fast_reset_fast_reg[0]/Q
                         net (fo=1, routed)           0.056     0.607    fast_reset_fast[0]
    SLICE_X15Y8          FDCE                                         r  fast_reset_fast_reg[1]/D
  -------------------------------------------------------------------    -------------------

                         (clock island_175 rise edge)
                                                      0.000     0.000 r  
                                                      0.000     0.000 r  fft_clk (IN)
                         net (fo=4618, unset)         0.432     0.432    fft_clk
    SLICE_X15Y8          FDCE                                         r  fast_reset_fast_reg[1]/C
                         clock pessimism              0.000     0.432    
    SLICE_X15Y8          FDCE (Hold_fdce_C_D)         0.075     0.507    fast_reset_fast_reg[1]
  -------------------------------------------------------------------
                         required time                         -0.507    
                         arrival time                           0.607    
  -------------------------------------------------------------------
                         slack                                  0.100    

Slack (MET) :             0.100ns  (arrival time - required time)
  Source:                 shared_xfft/U0/i_synth/xfft_inst/non_floating_point.arch_b.xfft_inst/control/twiddle_address_generator/N_MAX_P2.p2/N_MAX_512_MUX_FOR_P2.mux/four_to_one.four_to_one_mux/three_inputs.use_lut6.three_to_one_mux[7].latency1.reg/C
                            (rising edge-triggered cell FDRE clocked by island_175  {rise@0.000ns fall@2.857ns period=5.714ns})
  Destination:            shared_xfft/U0/i_synth/xfft_inst/non_floating_point.arch_b.xfft_inst/control/twiddle_address_generator/N_MAX_P2.p2/N_MAX_512_MUX_FOR_P2.pre_tw1_d_reg[7]/D
                            (rising edge-triggered cell FDRE clocked by island_175  {rise@0.000ns fall@2.857ns period=5.714ns})
  Path Group:             island_175
  Path Type:              Hold (Min at Fast Process Corner)
  Requirement:            0.000ns  (island_175 rise@0.000ns - island_175 rise@0.000ns)
  Data Path Delay:        0.197ns  (logic 0.141ns (71.611%)  route 0.056ns (28.389%))
  Logic Levels:           0  
  Clock Path Skew:        0.022ns (DCD - SCD - CPR)
    Destination Clock Delay (DCD):    0.432ns
    Source Clock Delay      (SCD):    0.410ns
    Clock Pessimism Removal (CPR):    -0.000ns

    Location             Delay type                Incr(ns)  Path(ns)    Netlist Resource(s)
  -------------------------------------------------------------------    -------------------
                         (clock island_175 rise edge)
                                                      0.000     0.000 r  
                                                      0.000     0.000 r  fft_clk (IN)
                         net (fo=4618, unset)         0.410     0.410    shared_xfft/U0/i_synth/xfft_inst/non_floating_point.arch_b.xfft_inst/control/twiddle_address_generator/N_MAX_P2.p2/N_MAX_512_MUX_FOR_P2.mux/four_to_one.four_to_one_mux/aclk
    SLICE_X23Y14         FDRE                                         r  shared_xfft/U0/i_synth/xfft_inst/non_floating_point.arch_b.xfft_inst/control/twiddle_address_generator/N_MAX_P2.p2/N_MAX_512_MUX_FOR_P2.mux/four_to_one.four_to_one_mux/three_inputs.use_lut6.three_to_one_mux[7].latency1.reg/C
  -------------------------------------------------------------------    -------------------
    SLICE_X23Y14         FDRE (Prop_fdre_C_Q)         0.141     0.551 r  shared_xfft/U0/i_synth/xfft_inst/non_floating_point.arch_b.xfft_inst/control/twiddle_address_generator/N_MAX_P2.p2/N_MAX_512_MUX_FOR_P2.mux/four_to_one.four_to_one_mux/three_inputs.use_lut6.three_to_one_mux[7].latency1.reg/Q
                         net (fo=1, routed)           0.056     0.607    shared_xfft/U0/i_synth/xfft_inst/non_floating_point.arch_b.xfft_inst/control/twiddle_address_generator/N_MAX_P2.p2/pre_tw1[7]
    SLICE_X23Y14         FDRE                                         r  shared_xfft/U0/i_synth/xfft_inst/non_floating_point.arch_b.xfft_inst/control/twiddle_address_generator/N_MAX_P2.p2/N_MAX_512_MUX_FOR_P2.pre_tw1_d_reg[7]/D
  -------------------------------------------------------------------    -------------------

                         (clock island_175 rise edge)
                                                      0.000     0.000 r  
                                                      0.000     0.000 r  fft_clk (IN)
                         net (fo=4618, unset)         0.432     0.432    shared_xfft/U0/i_synth/xfft_inst/non_floating_point.arch_b.xfft_inst/control/twiddle_address_generator/N_MAX_P2.p2/aclk
    SLICE_X23Y14         FDRE                                         r  shared_xfft/U0/i_synth/xfft_inst/non_floating_point.arch_b.xfft_inst/control/twiddle_address_generator/N_MAX_P2.p2/N_MAX_512_MUX_FOR_P2.pre_tw1_d_reg[7]/C
                         clock pessimism              0.000     0.432    
    SLICE_X23Y14         FDRE (Hold_fdre_C_D)         0.075     0.507    shared_xfft/U0/i_synth/xfft_inst/non_floating_point.arch_b.xfft_inst/control/twiddle_address_generator/N_MAX_P2.p2/N_MAX_512_MUX_FOR_P2.pre_tw1_d_reg[7]
  -------------------------------------------------------------------
                         required time                         -0.507    
                         arrival time                           0.607    
  -------------------------------------------------------------------
                         slack                                  0.100    

Slack (MET) :             0.100ns  (arrival time - required time)
  Source:                 shared_xfft/U0/i_synth/xfft_inst/non_floating_point.arch_b.xfft_inst/control/twiddle_generator1/tw0.twgen0/extra_reg.COSINE_reg[0]/C
                            (rising edge-triggered cell FDRE clocked by island_175  {rise@0.000ns fall@2.857ns period=5.714ns})
  Destination:            shared_xfft/U0/i_synth/xfft_inst/non_floating_point.arch_b.xfft_inst/single_channel.datapath/pe/mult_gen.Mult1/i_cmpy/three_mult_structure.use_dsp.i_dsp48/optionally_negate_inputs/apply_negation.registered_twos_comp_hblknm.gen_full_slices[0].gen_fdre[0].ff_br/D
                            (rising edge-triggered cell FDRE clocked by island_175  {rise@0.000ns fall@2.857ns period=5.714ns})
  Path Group:             island_175
  Path Type:              Hold (Min at Fast Process Corner)
  Requirement:            0.000ns  (island_175 rise@0.000ns - island_175 rise@0.000ns)
  Data Path Delay:        0.197ns  (logic 0.141ns (71.611%)  route 0.056ns (28.389%))
  Logic Levels:           0  
  Clock Path Skew:        0.022ns (DCD - SCD - CPR)
    Destination Clock Delay (DCD):    0.432ns
    Source Clock Delay      (SCD):    0.410ns
    Clock Pessimism Removal (CPR):    -0.000ns

    Location             Delay type                Incr(ns)  Path(ns)    Netlist Resource(s)
  -------------------------------------------------------------------    -------------------
                         (clock island_175 rise edge)
                                                      0.000     0.000 r  
                                                      0.000     0.000 r  fft_clk (IN)
                         net (fo=4618, unset)         0.410     0.410    shared_xfft/U0/i_synth/xfft_inst/non_floating_point.arch_b.xfft_inst/control/twiddle_generator1/tw0.twgen0/aclk
    SLICE_X9Y13          FDRE                                         r  shared_xfft/U0/i_synth/xfft_inst/non_floating_point.arch_b.xfft_inst/control/twiddle_generator1/tw0.twgen0/extra_reg.COSINE_reg[0]/C
  -------------------------------------------------------------------    -------------------
    SLICE_X9Y13          FDRE (Prop_fdre_C_Q)         0.141     0.551 r  shared_xfft/U0/i_synth/xfft_inst/non_floating_point.arch_b.xfft_inst/control/twiddle_generator1/tw0.twgen0/extra_reg.COSINE_reg[0]/Q
                         net (fo=1, routed)           0.056     0.607    shared_xfft/U0/i_synth/xfft_inst/non_floating_point.arch_b.xfft_inst/single_channel.datapath/pe/mult_gen.Mult1/i_cmpy/three_mult_structure.use_dsp.i_dsp48/optionally_negate_inputs/apply_negation.registered_twos_comp_hblknm.gen_part_slices[0].ff_br_0[0]
    SLICE_X9Y13          FDRE                                         r  shared_xfft/U0/i_synth/xfft_inst/non_floating_point.arch_b.xfft_inst/single_channel.datapath/pe/mult_gen.Mult1/i_cmpy/three_mult_structure.use_dsp.i_dsp48/optionally_negate_inputs/apply_negation.registered_twos_comp_hblknm.gen_full_slices[0].gen_fdre[0].ff_br/D
  -------------------------------------------------------------------    -------------------

                         (clock island_175 rise edge)
                                                      0.000     0.000 r  
                                                      0.000     0.000 r  fft_clk (IN)
                         net (fo=4618, unset)         0.432     0.432    shared_xfft/U0/i_synth/xfft_inst/non_floating_point.arch_b.xfft_inst/single_channel.datapath/pe/mult_gen.Mult1/i_cmpy/three_mult_structure.use_dsp.i_dsp48/optionally_negate_inputs/aclk
    SLICE_X9Y13          FDRE                                         r  shared_xfft/U0/i_synth/xfft_inst/non_floating_point.arch_b.xfft_inst/single_channel.datapath/pe/mult_gen.Mult1/i_cmpy/three_mult_structure.use_dsp.i_dsp48/optionally_negate_inputs/apply_negation.registered_twos_comp_hblknm.gen_full_slices[0].gen_fdre[0].ff_br/C
                         clock pessimism              0.000     0.432    
    SLICE_X9Y13          FDRE (Hold_fdre_C_D)         0.075     0.507    shared_xfft/U0/i_synth/xfft_inst/non_floating_point.arch_b.xfft_inst/single_channel.datapath/pe/mult_gen.Mult1/i_cmpy/three_mult_structure.use_dsp.i_dsp48/optionally_negate_inputs/apply_negation.registered_twos_comp_hblknm.gen_full_slices[0].gen_fdre[0].ff_br
  -------------------------------------------------------------------
                         required time                         -0.507    
                         arrival time                           0.607    
  -------------------------------------------------------------------
                         slack                                  0.100    

Slack (MET) :             0.100ns  (arrival time - required time)
  Source:                 source_bank/request_sync_reg[0]/C
                            (rising edge-triggered cell FDRE clocked by island_175  {rise@0.000ns fall@2.857ns period=5.714ns})
  Destination:            source_bank/request_sync_reg[1]/D
                            (rising edge-triggered cell FDRE clocked by island_175  {rise@0.000ns fall@2.857ns period=5.714ns})
  Path Group:             island_175
  Path Type:              Hold (Min at Fast Process Corner)
  Requirement:            0.000ns  (island_175 rise@0.000ns - island_175 rise@0.000ns)
  Data Path Delay:        0.197ns  (logic 0.141ns (71.611%)  route 0.056ns (28.389%))
  Logic Levels:           0  
  Clock Path Skew:        0.022ns (DCD - SCD - CPR)
    Destination Clock Delay (DCD):    0.432ns
    Source Clock Delay      (SCD):    0.410ns
    Clock Pessimism Removal (CPR):    -0.000ns

    Location             Delay type                Incr(ns)  Path(ns)    Netlist Resource(s)
  -------------------------------------------------------------------    -------------------
                         (clock island_175 rise edge)
                                                      0.000     0.000 r  
                                                      0.000     0.000 r  fft_clk (IN)
                         net (fo=4618, unset)         0.410     0.410    source_bank/fft_clk
    SLICE_X7Y3           FDRE                                         r  source_bank/request_sync_reg[0]/C
  -------------------------------------------------------------------    -------------------
    SLICE_X7Y3           FDRE (Prop_fdre_C_Q)         0.141     0.551 r  source_bank/request_sync_reg[0]/Q
                         net (fo=1, routed)           0.056     0.607    source_bank/request_sync[0]
    SLICE_X7Y3           FDRE                                         r  source_bank/request_sync_reg[1]/D
  -------------------------------------------------------------------    -------------------

                         (clock island_175 rise edge)
                                                      0.000     0.000 r  
                                                      0.000     0.000 r  fft_clk (IN)
                         net (fo=4618, unset)         0.432     0.432    source_bank/fft_clk
    SLICE_X7Y3           FDRE                                         r  source_bank/request_sync_reg[1]/C
                         clock pessimism              0.000     0.432    
    SLICE_X7Y3           FDRE (Hold_fdre_C_D)         0.075     0.507    source_bank/request_sync_reg[1]
  -------------------------------------------------------------------
                         required time                         -0.507    
                         arrival time                           0.607    
  -------------------------------------------------------------------
                         slack                                  0.100    

Slack (MET) :             0.103ns  (arrival time - required time)
  Source:                 shared_xfft/U0/i_synth/xfft_inst/non_floating_point.arch_b.xfft_inst/single_channel.datapath/input_muxes[1].write_data_re_mux/use_lut6_2.latency1.Q_reg[8]/C
                            (rising edge-triggered cell FDRE clocked by island_175  {rise@0.000ns fall@2.857ns period=5.714ns})
  Destination:            shared_xfft/U0/i_synth/xfft_inst/non_floating_point.arch_b.xfft_inst/single_channel.datapath/memories[1].blkmem_gen.use_bram_only.dpms/depths_3to9.ram_loop[0].use_RAMB18.SDP_RAMB18E1_36x512/DIPADIP[0]
                            (rising edge-triggered cell RAMB18E1 clocked by island_175  {rise@0.000ns fall@2.857ns period=5.714ns})
  Path Group:             island_175
  Path Type:              Hold (Min at Fast Process Corner)
  Requirement:            0.000ns  (island_175 rise@0.000ns - island_175 rise@0.000ns)
  Data Path Delay:        0.280ns  (logic 0.141ns (50.383%)  route 0.139ns (49.617%))
  Logic Levels:           0  
  Clock Path Skew:        0.022ns (DCD - SCD - CPR)
    Destination Clock Delay (DCD):    0.432ns
    Source Clock Delay      (SCD):    0.410ns
    Clock Pessimism Removal (CPR):    -0.000ns

    Location             Delay type                Incr(ns)  Path(ns)    Netlist Resource(s)
  -------------------------------------------------------------------    -------------------
                         (clock island_175 rise edge)
                                                      0.000     0.000 r  
                                                      0.000     0.000 r  fft_clk (IN)
                         net (fo=4618, unset)         0.410     0.410    shared_xfft/U0/i_synth/xfft_inst/non_floating_point.arch_b.xfft_inst/single_channel.datapath/input_muxes[1].write_data_re_mux/aclk
    SLICE_X7Y18          FDRE                                         r  shared_xfft/U0/i_synth/xfft_inst/non_floating_point.arch_b.xfft_inst/single_channel.datapath/input_muxes[1].write_data_re_mux/use_lut6_2.latency1.Q_reg[8]/C
  -------------------------------------------------------------------    -------------------
    SLICE_X7Y18          FDRE (Prop_fdre_C_Q)         0.141     0.551 r  shared_xfft/U0/i_synth/xfft_inst/non_floating_point.arch_b.xfft_inst/single_channel.datapath/input_muxes[1].write_data_re_mux/use_lut6_2.latency1.Q_reg[8]/Q
                         net (fo=1, routed)           0.139     0.690    shared_xfft/U0/i_synth/xfft_inst/non_floating_point.arch_b.xfft_inst/single_channel.datapath/memories[1].blkmem_gen.use_bram_only.dpms/dina[26]
    RAMB18_X0Y7          RAMB18E1                                     r  shared_xfft/U0/i_synth/xfft_inst/non_floating_point.arch_b.xfft_inst/single_channel.datapath/memories[1].blkmem_gen.use_bram_only.dpms/depths_3to9.ram_loop[0].use_RAMB18.SDP_RAMB18E1_36x512/DIPADIP[0]
  -------------------------------------------------------------------    -------------------

                         (clock island_175 rise edge)
                                                      0.000     0.000 r  
                                                      0.000     0.000 r  fft_clk (IN)
                         net (fo=4618, unset)         0.432     0.432    shared_xfft/U0/i_synth/xfft_inst/non_floating_point.arch_b.xfft_inst/single_channel.datapath/memories[1].blkmem_gen.use_bram_only.dpms/clk
    RAMB18_X0Y7          RAMB18E1                                     r  shared_xfft/U0/i_synth/xfft_inst/non_floating_point.arch_b.xfft_inst/single_channel.datapath/memories[1].blkmem_gen.use_bram_only.dpms/depths_3to9.ram_loop[0].use_RAMB18.SDP_RAMB18E1_36x512/CLKBWRCLK
                         clock pessimism              0.000     0.432    
    RAMB18_X0Y7          RAMB18E1 (Hold_ramb18e1_CLKBWRCLK_DIPADIP[0])
                                                      0.155     0.587    shared_xfft/U0/i_synth/xfft_inst/non_floating_point.arch_b.xfft_inst/single_channel.datapath/memories[1].blkmem_gen.use_bram_only.dpms/depths_3to9.ram_loop[0].use_RAMB18.SDP_RAMB18E1_36x512
  -------------------------------------------------------------------
                         required time                         -0.587    
                         arrival time                           0.690    
  -------------------------------------------------------------------
                         slack                                  0.103    

Slack (MET) :             0.103ns  (arrival time - required time)
  Source:                 shared_xfft/U0/i_synth/xfft_inst/non_floating_point.arch_b.xfft_inst/single_channel.datapath/input_muxes[3].write_data_im_mux/use_lut6_2.latency1.Q_reg[8]/C
                            (rising edge-triggered cell FDRE clocked by island_175  {rise@0.000ns fall@2.857ns period=5.714ns})
  Destination:            shared_xfft/U0/i_synth/xfft_inst/non_floating_point.arch_b.xfft_inst/single_channel.datapath/memories[3].blkmem_gen.use_bram_only.dpms/depths_3to9.ram_loop[0].use_RAMB18.SDP_RAMB18E1_36x512/DIPBDIP[0]
                            (rising edge-triggered cell RAMB18E1 clocked by island_175  {rise@0.000ns fall@2.857ns period=5.714ns})
  Path Group:             island_175
  Path Type:              Hold (Min at Fast Process Corner)
  Requirement:            0.000ns  (island_175 rise@0.000ns - island_175 rise@0.000ns)
  Data Path Delay:        0.280ns  (logic 0.141ns (50.383%)  route 0.139ns (49.617%))
  Logic Levels:           0  
  Clock Path Skew:        0.022ns (DCD - SCD - CPR)
    Destination Clock Delay (DCD):    0.432ns
    Source Clock Delay      (SCD):    0.410ns
    Clock Pessimism Removal (CPR):    -0.000ns

    Location             Delay type                Incr(ns)  Path(ns)    Netlist Resource(s)
  -------------------------------------------------------------------    -------------------
                         (clock island_175 rise edge)
                                                      0.000     0.000 r  
                                                      0.000     0.000 r  fft_clk (IN)
                         net (fo=4618, unset)         0.410     0.410    shared_xfft/U0/i_synth/xfft_inst/non_floating_point.arch_b.xfft_inst/single_channel.datapath/input_muxes[3].write_data_im_mux/aclk
    SLICE_X7Y23          FDRE                                         r  shared_xfft/U0/i_synth/xfft_inst/non_floating_point.arch_b.xfft_inst/single_channel.datapath/input_muxes[3].write_data_im_mux/use_lut6_2.latency1.Q_reg[8]/C
  -------------------------------------------------------------------    -------------------
    SLICE_X7Y23          FDRE (Prop_fdre_C_Q)         0.141     0.551 r  shared_xfft/U0/i_synth/xfft_inst/non_floating_point.arch_b.xfft_inst/single_channel.datapath/input_muxes[3].write_data_im_mux/use_lut6_2.latency1.Q_reg[8]/Q
                         net (fo=1, routed)           0.139     0.690    shared_xfft/U0/i_synth/xfft_inst/non_floating_point.arch_b.xfft_inst/single_channel.datapath/memories[3].blkmem_gen.use_bram_only.dpms/dina[8]
    RAMB18_X0Y8          RAMB18E1                                     r  shared_xfft/U0/i_synth/xfft_inst/non_floating_point.arch_b.xfft_inst/single_channel.datapath/memories[3].blkmem_gen.use_bram_only.dpms/depths_3to9.ram_loop[0].use_RAMB18.SDP_RAMB18E1_36x512/DIPBDIP[0]
  -------------------------------------------------------------------    -------------------

                         (clock island_175 rise edge)
                                                      0.000     0.000 r  
                                                      0.000     0.000 r  fft_clk (IN)
                         net (fo=4618, unset)         0.432     0.432    shared_xfft/U0/i_synth/xfft_inst/non_floating_point.arch_b.xfft_inst/single_channel.datapath/memories[3].blkmem_gen.use_bram_only.dpms/clk
    RAMB18_X0Y8          RAMB18E1                                     r  shared_xfft/U0/i_synth/xfft_inst/non_floating_point.arch_b.xfft_inst/single_channel.datapath/memories[3].blkmem_gen.use_bram_only.dpms/depths_3to9.ram_loop[0].use_RAMB18.SDP_RAMB18E1_36x512/CLKBWRCLK
                         clock pessimism              0.000     0.432    
    RAMB18_X0Y8          RAMB18E1 (Hold_ramb18e1_CLKBWRCLK_DIPBDIP[0])
                                                      0.155     0.587    shared_xfft/U0/i_synth/xfft_inst/non_floating_point.arch_b.xfft_inst/single_channel.datapath/memories[3].blkmem_gen.use_bram_only.dpms/depths_3to9.ram_loop[0].use_RAMB18.SDP_RAMB18E1_36x512
  -------------------------------------------------------------------
                         required time                         -0.587    
                         arrival time                           0.690    
  -------------------------------------------------------------------
                         slack                                  0.103    

Slack (MET) :             0.104ns  (arrival time - required time)
  Source:                 shared_xfft/U0/i_synth/xfft_inst/non_floating_point.arch_b.xfft_inst/control/control/need_we_process_sclr.sclr_register_we/ORS_reg/C
                            (rising edge-triggered cell FDRE clocked by island_175  {rise@0.000ns fall@2.857ns period=5.714ns})
  Destination:            shared_xfft/U0/i_synth/xfft_inst/non_floating_point.arch_b.xfft_inst/control/control/need_we_process_sclr.delay_i_we/no_sclr_lut.real_shift_ram.use_baseblock.not_use_hlutnm_srls.i_shift_ram/i_bb_inst/f0.srl_sig_reg[26][0]_srl27/D
                            (rising edge-triggered cell SRLC32E clocked by island_175  {rise@0.000ns fall@2.857ns period=5.714ns})
  Path Group:             island_175
  Path Type:              Hold (Min at Fast Process Corner)
  Requirement:            0.000ns  (island_175 rise@0.000ns - island_175 rise@0.000ns)
  Data Path Delay:        0.308ns  (logic 0.141ns (45.723%)  route 0.167ns (54.277%))
  Logic Levels:           0  
  Clock Path Skew:        0.022ns (DCD - SCD - CPR)
    Destination Clock Delay (DCD):    0.432ns
    Source Clock Delay      (SCD):    0.410ns
    Clock Pessimism Removal (CPR):    -0.000ns

    Location             Delay type                Incr(ns)  Path(ns)    Netlist Resource(s)
  -------------------------------------------------------------------    -------------------
                         (clock island_175 rise edge)
                                                      0.000     0.000 r  
                                                      0.000     0.000 r  fft_clk (IN)
                         net (fo=4618, unset)         0.410     0.410    shared_xfft/U0/i_synth/xfft_inst/non_floating_point.arch_b.xfft_inst/control/control/need_we_process_sclr.sclr_register_we/aclk
    SLICE_X1Y12          FDRE                                         r  shared_xfft/U0/i_synth/xfft_inst/non_floating_point.arch_b.xfft_inst/control/control/need_we_process_sclr.sclr_register_we/ORS_reg/C
  -------------------------------------------------------------------    -------------------
    SLICE_X1Y12          FDRE (Prop_fdre_C_Q)         0.141     0.551 r  shared_xfft/U0/i_synth/xfft_inst/non_floating_point.arch_b.xfft_inst/control/control/need_we_process_sclr.sclr_register_we/ORS_reg/Q
                         net (fo=3, routed)           0.167     0.719    shared_xfft/U0/i_synth/xfft_inst/non_floating_point.arch_b.xfft_inst/control/control/need_we_process_sclr.delay_i_we/no_sclr_lut.real_shift_ram.use_baseblock.not_use_hlutnm_srls.i_shift_ram/i_bb_inst/d[0]
    SLICE_X0Y12          SRLC32E                                      r  shared_xfft/U0/i_synth/xfft_inst/non_floating_point.arch_b.xfft_inst/control/control/need_we_process_sclr.delay_i_we/no_sclr_lut.real_shift_ram.use_baseblock.not_use_hlutnm_srls.i_shift_ram/i_bb_inst/f0.srl_sig_reg[26][0]_srl27/D
  -------------------------------------------------------------------    -------------------

                         (clock island_175 rise edge)
                                                      0.000     0.000 r  
                                                      0.000     0.000 r  fft_clk (IN)
                         net (fo=4618, unset)         0.432     0.432    shared_xfft/U0/i_synth/xfft_inst/non_floating_point.arch_b.xfft_inst/control/control/need_we_process_sclr.delay_i_we/no_sclr_lut.real_shift_ram.use_baseblock.not_use_hlutnm_srls.i_shift_ram/i_bb_inst/clk
    SLICE_X0Y12          SRLC32E                                      r  shared_xfft/U0/i_synth/xfft_inst/non_floating_point.arch_b.xfft_inst/control/control/need_we_process_sclr.delay_i_we/no_sclr_lut.real_shift_ram.use_baseblock.not_use_hlutnm_srls.i_shift_ram/i_bb_inst/f0.srl_sig_reg[26][0]_srl27/CLK
                         clock pessimism              0.000     0.432    
    SLICE_X0Y12          SRLC32E (Hold_srlc32e_CLK_D)
                                                      0.183     0.615    shared_xfft/U0/i_synth/xfft_inst/non_floating_point.arch_b.xfft_inst/control/control/need_we_process_sclr.delay_i_we/no_sclr_lut.real_shift_ram.use_baseblock.not_use_hlutnm_srls.i_shift_ram/i_bb_inst/f0.srl_sig_reg[26][0]_srl27
  -------------------------------------------------------------------
                         required time                         -0.615    
                         arrival time                           0.719    
  -------------------------------------------------------------------
                         slack                                  0.104    

Slack (MET) :             0.104ns  (arrival time - required time)
  Source:                 source_fault_fast_reg[0]/C
                            (rising edge-triggered cell FDRE clocked by island_175  {rise@0.000ns fall@2.857ns period=5.714ns})
  Destination:            source_fault_fast_reg[1]/D
                            (rising edge-triggered cell FDRE clocked by island_175  {rise@0.000ns fall@2.857ns period=5.714ns})
  Path Group:             island_175
  Path Type:              Hold (Min at Fast Process Corner)
  Requirement:            0.000ns  (island_175 rise@0.000ns - island_175 rise@0.000ns)
  Data Path Delay:        0.197ns  (logic 0.141ns (71.611%)  route 0.056ns (28.389%))
  Logic Levels:           0  
  Clock Path Skew:        0.022ns (DCD - SCD - CPR)
    Destination Clock Delay (DCD):    0.432ns
    Source Clock Delay      (SCD):    0.410ns
    Clock Pessimism Removal (CPR):    -0.000ns

    Location             Delay type                Incr(ns)  Path(ns)    Netlist Resource(s)
  -------------------------------------------------------------------    -------------------
                         (clock island_175 rise edge)
                                                      0.000     0.000 r  
                                                      0.000     0.000 r  fft_clk (IN)
                         net (fo=4618, unset)         0.410     0.410    fft_clk
    SLICE_X7Y3           FDRE                                         r  source_fault_fast_reg[0]/C
  -------------------------------------------------------------------    -------------------
    SLICE_X7Y3           FDRE (Prop_fdre_C_Q)         0.141     0.551 r  source_fault_fast_reg[0]/Q
                         net (fo=1, routed)           0.056     0.607    source_fault_fast[0]
    SLICE_X7Y3           FDRE                                         r  source_fault_fast_reg[1]/D
  -------------------------------------------------------------------    -------------------

                         (clock island_175 rise edge)
                                                      0.000     0.000 r  
                                                      0.000     0.000 r  fft_clk (IN)
                         net (fo=4618, unset)         0.432     0.432    fft_clk
    SLICE_X7Y3           FDRE                                         r  source_fault_fast_reg[1]/C
                         clock pessimism              0.000     0.432    
    SLICE_X7Y3           FDRE (Hold_fdre_C_D)         0.071     0.503    source_fault_fast_reg[1]
  -------------------------------------------------------------------
                         required time                         -0.503    
                         arrival time                           0.607    
  -------------------------------------------------------------------
                         slack                                  0.104    

Slack (MET) :             0.105ns  (arrival time - required time)
  Source:                 shared_xfft/U0/i_synth/xfft_inst/non_floating_point.arch_b.xfft_inst/single_channel.datapath/input_muxes[0].write_data_im_mux/use_lut6_2.latency1.Q_reg[8]/C
                            (rising edge-triggered cell FDRE clocked by island_175  {rise@0.000ns fall@2.857ns period=5.714ns})
  Destination:            shared_xfft/U0/i_synth/xfft_inst/non_floating_point.arch_b.xfft_inst/single_channel.datapath/memories[0].blkmem_gen.use_bram_only.dpms/depths_3to9.ram_loop[0].use_RAMB18.SDP_RAMB18E1_36x512/DIPBDIP[0]
                            (rising edge-triggered cell RAMB18E1 clocked by island_175  {rise@0.000ns fall@2.857ns period=5.714ns})
  Path Group:             island_175
  Path Type:              Hold (Min at Fast Process Corner)
  Requirement:            0.000ns  (island_175 rise@0.000ns - island_175 rise@0.000ns)
  Data Path Delay:        0.282ns  (logic 0.141ns (50.068%)  route 0.141ns (49.932%))
  Logic Levels:           0  
  Clock Path Skew:        0.022ns (DCD - SCD - CPR)
    Destination Clock Delay (DCD):    0.432ns
    Source Clock Delay      (SCD):    0.410ns
    Clock Pessimism Removal (CPR):    -0.000ns

    Location             Delay type                Incr(ns)  Path(ns)    Netlist Resource(s)
  -------------------------------------------------------------------    -------------------
                         (clock island_175 rise edge)
                                                      0.000     0.000 r  
                                                      0.000     0.000 r  fft_clk (IN)
                         net (fo=4618, unset)         0.410     0.410    shared_xfft/U0/i_synth/xfft_inst/non_floating_point.arch_b.xfft_inst/single_channel.datapath/input_muxes[0].write_data_im_mux/aclk
    SLICE_X7Y17          FDRE                                         r  shared_xfft/U0/i_synth/xfft_inst/non_floating_point.arch_b.xfft_inst/single_channel.datapath/input_muxes[0].write_data_im_mux/use_lut6_2.latency1.Q_reg[8]/C
  -------------------------------------------------------------------    -------------------
    SLICE_X7Y17          FDRE (Prop_fdre_C_Q)         0.141     0.551 r  shared_xfft/U0/i_synth/xfft_inst/non_floating_point.arch_b.xfft_inst/single_channel.datapath/input_muxes[0].write_data_im_mux/use_lut6_2.latency1.Q_reg[8]/Q
                         net (fo=1, routed)           0.141     0.692    shared_xfft/U0/i_synth/xfft_inst/non_floating_point.arch_b.xfft_inst/single_channel.datapath/memories[0].blkmem_gen.use_bram_only.dpms/dina[8]
    RAMB18_X0Y6          RAMB18E1                                     r  shared_xfft/U0/i_synth/xfft_inst/non_floating_point.arch_b.xfft_inst/single_channel.datapath/memories[0].blkmem_gen.use_bram_only.dpms/depths_3to9.ram_loop[0].use_RAMB18.SDP_RAMB18E1_36x512/DIPBDIP[0]
  -------------------------------------------------------------------    -------------------

                         (clock island_175 rise edge)
                                                      0.000     0.000 r  
                                                      0.000     0.000 r  fft_clk (IN)
                         net (fo=4618, unset)         0.432     0.432    shared_xfft/U0/i_synth/xfft_inst/non_floating_point.arch_b.xfft_inst/single_channel.datapath/memories[0].blkmem_gen.use_bram_only.dpms/clk
    RAMB18_X0Y6          RAMB18E1                                     r  shared_xfft/U0/i_synth/xfft_inst/non_floating_point.arch_b.xfft_inst/single_channel.datapath/memories[0].blkmem_gen.use_bram_only.dpms/depths_3to9.ram_loop[0].use_RAMB18.SDP_RAMB18E1_36x512/CLKBWRCLK
                         clock pessimism              0.000     0.432    
    RAMB18_X0Y6          RAMB18E1 (Hold_ramb18e1_CLKBWRCLK_DIPBDIP[0])
                                                      0.155     0.587    shared_xfft/U0/i_synth/xfft_inst/non_floating_point.arch_b.xfft_inst/single_channel.datapath/memories[0].blkmem_gen.use_bram_only.dpms/depths_3to9.ram_loop[0].use_RAMB18.SDP_RAMB18E1_36x512
  -------------------------------------------------------------------
                         required time                         -0.587    
                         arrival time                           0.692    
  -------------------------------------------------------------------
                         slack                                  0.105    

Slack (MET) :             0.106ns  (arrival time - required time)
  Source:                 product_bank/request_sync_reg[0]/C
                            (rising edge-triggered cell FDRE clocked by island_175  {rise@0.000ns fall@2.857ns period=5.714ns})
  Destination:            product_bank/request_sync_reg[1]/D
                            (rising edge-triggered cell FDRE clocked by island_175  {rise@0.000ns fall@2.857ns period=5.714ns})
  Path Group:             island_175
  Path Type:              Hold (Min at Fast Process Corner)
  Requirement:            0.000ns  (island_175 rise@0.000ns - island_175 rise@0.000ns)
  Data Path Delay:        0.199ns  (logic 0.141ns (70.953%)  route 0.058ns (29.047%))
  Logic Levels:           0  
  Clock Path Skew:        0.022ns (DCD - SCD - CPR)
    Destination Clock Delay (DCD):    0.432ns
    Source Clock Delay      (SCD):    0.410ns
    Clock Pessimism Removal (CPR):    -0.000ns

    Location             Delay type                Incr(ns)  Path(ns)    Netlist Resource(s)
  -------------------------------------------------------------------    -------------------
                         (clock island_175 rise edge)
                                                      0.000     0.000 r  
                                                      0.000     0.000 r  fft_clk (IN)
                         net (fo=4618, unset)         0.410     0.410    product_bank/fft_clk
    SLICE_X14Y4          FDRE                                         r  product_bank/request_sync_reg[0]/C
  -------------------------------------------------------------------    -------------------
    SLICE_X14Y4          FDRE (Prop_fdre_C_Q)         0.141     0.551 r  product_bank/request_sync_reg[0]/Q
                         net (fo=1, routed)           0.058     0.609    product_bank/request_sync[0]
    SLICE_X14Y4          FDRE                                         r  product_bank/request_sync_reg[1]/D
  -------------------------------------------------------------------    -------------------

                         (clock island_175 rise edge)
                                                      0.000     0.000 r  
                                                      0.000     0.000 r  fft_clk (IN)
                         net (fo=4618, unset)         0.432     0.432    product_bank/fft_clk
    SLICE_X14Y4          FDRE                                         r  product_bank/request_sync_reg[1]/C
                         clock pessimism              0.000     0.432    
    SLICE_X14Y4          FDRE (Hold_fdre_C_D)         0.071     0.503    product_bank/request_sync_reg[1]
  -------------------------------------------------------------------
                         required time                         -0.503    
                         arrival time                           0.609    
  -------------------------------------------------------------------
                         slack                                  0.106    




