Copyright 1986-2022 Xilinx, Inc. All Rights Reserved.
----------------------------------------------------------------------------------------------------------------------------------------------------------------------------------------------
| Tool Version : Vivado v.2022.2 (lin64) Build 3671981 Fri Oct 14 04:59:54 MDT 2022
| Date         : Thu Sep 10 01:31:06 2026
| Host         : gauss running 64-bit Ubuntu 26.04 LTS
| Command      : report_timing -from [get_clocks source_100] -to [get_clocks source_100] -delay_type min -max_paths 20 -file /tmp/starlink-completed-input.5EaJuD/route-v2/source_100_min.rpt
| Design       : starlink_pss_fft_bank_owned_slice
| Device       : 7z010-clg400
| Speed File   : -1  PRODUCTION 1.12 2019-11-22
----------------------------------------------------------------------------------------------------------------------------------------------------------------------------------------------

Timing Report

Slack (MET) :             0.100ns  (arrival time - required time)
  Source:                 fast_fault_slow_reg[0]/C
                            (rising edge-triggered cell FDRE clocked by source_100  {rise@0.000ns fall@5.000ns period=10.000ns})
  Destination:            fast_fault_slow_reg[1]/D
                            (rising edge-triggered cell FDRE clocked by source_100  {rise@0.000ns fall@5.000ns period=10.000ns})
  Path Group:             source_100
  Path Type:              Hold (Min at Fast Process Corner)
  Requirement:            0.000ns  (source_100 rise@0.000ns - source_100 rise@0.000ns)
  Data Path Delay:        0.197ns  (logic 0.141ns (71.611%)  route 0.056ns (28.389%))
  Logic Levels:           0  
  Clock Path Skew:        0.022ns (DCD - SCD - CPR)
    Destination Clock Delay (DCD):    0.432ns
    Source Clock Delay      (SCD):    0.410ns
    Clock Pessimism Removal (CPR):    -0.000ns

    Location             Delay type                Incr(ns)  Path(ns)    Netlist Resource(s)
  -------------------------------------------------------------------    -------------------
                         (clock source_100 rise edge)
                                                      0.000     0.000 r  
                                                      0.000     0.000 r  clk (IN)
                         net (fo=183, unset)          0.410     0.410    clk
    SLICE_X13Y7          FDRE                                         r  fast_fault_slow_reg[0]/C
  -------------------------------------------------------------------    -------------------
    SLICE_X13Y7          FDRE (Prop_fdre_C_Q)         0.141     0.551 r  fast_fault_slow_reg[0]/Q
                         net (fo=1, routed)           0.056     0.607    fast_fault_slow[0]
    SLICE_X13Y7          FDRE                                         r  fast_fault_slow_reg[1]/D
  -------------------------------------------------------------------    -------------------

                         (clock source_100 rise edge)
                                                      0.000     0.000 r  
                                                      0.000     0.000 r  clk (IN)
                         net (fo=183, unset)          0.432     0.432    clk
    SLICE_X13Y7          FDRE                                         r  fast_fault_slow_reg[1]/C
                         clock pessimism              0.000     0.432    
    SLICE_X13Y7          FDRE (Hold_fdre_C_D)         0.075     0.507    fast_fault_slow_reg[1]
  -------------------------------------------------------------------
                         required time                         -0.507    
                         arrival time                           0.607    
  -------------------------------------------------------------------
                         slack                                  0.100    

Slack (MET) :             0.100ns  (arrival time - required time)
  Source:                 slow_reset_slow_reg[0]/C
                            (rising edge-triggered cell FDCE clocked by source_100  {rise@0.000ns fall@5.000ns period=10.000ns})
  Destination:            slow_reset_slow_reg[1]/D
                            (rising edge-triggered cell FDCE clocked by source_100  {rise@0.000ns fall@5.000ns period=10.000ns})
  Path Group:             source_100
  Path Type:              Hold (Min at Fast Process Corner)
  Requirement:            0.000ns  (source_100 rise@0.000ns - source_100 rise@0.000ns)
  Data Path Delay:        0.197ns  (logic 0.141ns (71.611%)  route 0.056ns (28.389%))
  Logic Levels:           0  
  Clock Path Skew:        0.022ns (DCD - SCD - CPR)
    Destination Clock Delay (DCD):    0.432ns
    Source Clock Delay      (SCD):    0.410ns
    Clock Pessimism Removal (CPR):    -0.000ns

    Location             Delay type                Incr(ns)  Path(ns)    Netlist Resource(s)
  -------------------------------------------------------------------    -------------------
                         (clock source_100 rise edge)
                                                      0.000     0.000 r  
                                                      0.000     0.000 r  clk (IN)
                         net (fo=183, unset)          0.410     0.410    clk
    SLICE_X11Y0          FDCE                                         r  slow_reset_slow_reg[0]/C
  -------------------------------------------------------------------    -------------------
    SLICE_X11Y0          FDCE (Prop_fdce_C_Q)         0.141     0.551 r  slow_reset_slow_reg[0]/Q
                         net (fo=1, routed)           0.056     0.607    slow_reset_slow[0]
    SLICE_X11Y0          FDCE                                         r  slow_reset_slow_reg[1]/D
  -------------------------------------------------------------------    -------------------

                         (clock source_100 rise edge)
                                                      0.000     0.000 r  
                                                      0.000     0.000 r  clk (IN)
                         net (fo=183, unset)          0.432     0.432    clk
    SLICE_X11Y0          FDCE                                         r  slow_reset_slow_reg[1]/C
                         clock pessimism              0.000     0.432    
    SLICE_X11Y0          FDCE (Hold_fdce_C_D)         0.075     0.507    slow_reset_slow_reg[1]
  -------------------------------------------------------------------
                         required time                         -0.507    
                         arrival time                           0.607    
  -------------------------------------------------------------------
                         slack                                  0.100    

Slack (MET) :             0.104ns  (arrival time - required time)
  Source:                 output_bank/request_sync_reg[0]/C
                            (rising edge-triggered cell FDRE clocked by source_100  {rise@0.000ns fall@5.000ns period=10.000ns})
  Destination:            output_bank/request_sync_reg[1]/D
                            (rising edge-triggered cell FDRE clocked by source_100  {rise@0.000ns fall@5.000ns period=10.000ns})
  Path Group:             source_100
  Path Type:              Hold (Min at Fast Process Corner)
  Requirement:            0.000ns  (source_100 rise@0.000ns - source_100 rise@0.000ns)
  Data Path Delay:        0.197ns  (logic 0.141ns (71.611%)  route 0.056ns (28.389%))
  Logic Levels:           0  
  Clock Path Skew:        0.022ns (DCD - SCD - CPR)
    Destination Clock Delay (DCD):    0.432ns
    Source Clock Delay      (SCD):    0.410ns
    Clock Pessimism Removal (CPR):    -0.000ns

    Location             Delay type                Incr(ns)  Path(ns)    Netlist Resource(s)
  -------------------------------------------------------------------    -------------------
                         (clock source_100 rise edge)
                                                      0.000     0.000 r  
                                                      0.000     0.000 r  clk (IN)
                         net (fo=183, unset)          0.410     0.410    output_bank/clk
    SLICE_X13Y7          FDRE                                         r  output_bank/request_sync_reg[0]/C
  -------------------------------------------------------------------    -------------------
    SLICE_X13Y7          FDRE (Prop_fdre_C_Q)         0.141     0.551 r  output_bank/request_sync_reg[0]/Q
                         net (fo=1, routed)           0.056     0.607    output_bank/request_sync[0]
    SLICE_X13Y7          FDRE                                         r  output_bank/request_sync_reg[1]/D
  -------------------------------------------------------------------    -------------------

                         (clock source_100 rise edge)
                                                      0.000     0.000 r  
                                                      0.000     0.000 r  clk (IN)
                         net (fo=183, unset)          0.432     0.432    output_bank/clk
    SLICE_X13Y7          FDRE                                         r  output_bank/request_sync_reg[1]/C
                         clock pessimism              0.000     0.432    
    SLICE_X13Y7          FDRE (Hold_fdre_C_D)         0.071     0.503    output_bank/request_sync_reg[1]
  -------------------------------------------------------------------
                         required time                         -0.503    
                         arrival time                           0.607    
  -------------------------------------------------------------------
                         slack                                  0.104    

Slack (MET) :             0.138ns  (arrival time - required time)
  Source:                 fast_reset_slow_reg[0]/C
                            (rising edge-triggered cell FDCE clocked by source_100  {rise@0.000ns fall@5.000ns period=10.000ns})
  Destination:            fast_reset_slow_reg[1]/D
                            (rising edge-triggered cell FDCE clocked by source_100  {rise@0.000ns fall@5.000ns period=10.000ns})
  Path Group:             source_100
  Path Type:              Hold (Min at Fast Process Corner)
  Requirement:            0.000ns  (source_100 rise@0.000ns - source_100 rise@0.000ns)
  Data Path Delay:        0.220ns  (logic 0.164ns (74.580%)  route 0.056ns (25.420%))
  Logic Levels:           0  
  Clock Path Skew:        0.022ns (DCD - SCD - CPR)
    Destination Clock Delay (DCD):    0.432ns
    Source Clock Delay      (SCD):    0.410ns
    Clock Pessimism Removal (CPR):    -0.000ns

    Location             Delay type                Incr(ns)  Path(ns)    Netlist Resource(s)
  -------------------------------------------------------------------    -------------------
                         (clock source_100 rise edge)
                                                      0.000     0.000 r  
                                                      0.000     0.000 r  clk (IN)
                         net (fo=183, unset)          0.410     0.410    clk
    SLICE_X8Y0           FDCE                                         r  fast_reset_slow_reg[0]/C
  -------------------------------------------------------------------    -------------------
    SLICE_X8Y0           FDCE (Prop_fdce_C_Q)         0.164     0.574 r  fast_reset_slow_reg[0]/Q
                         net (fo=1, routed)           0.056     0.630    fast_reset_slow[0]
    SLICE_X8Y0           FDCE                                         r  fast_reset_slow_reg[1]/D
  -------------------------------------------------------------------    -------------------

                         (clock source_100 rise edge)
                                                      0.000     0.000 r  
                                                      0.000     0.000 r  clk (IN)
                         net (fo=183, unset)          0.432     0.432    clk
    SLICE_X8Y0           FDCE                                         r  fast_reset_slow_reg[1]/C
                         clock pessimism              0.000     0.432    
    SLICE_X8Y0           FDCE (Hold_fdce_C_D)         0.060     0.492    fast_reset_slow_reg[1]
  -------------------------------------------------------------------
                         required time                         -0.492    
                         arrival time                           0.630    
  -------------------------------------------------------------------
                         slack                                  0.138    

Slack (MET) :             0.138ns  (arrival time - required time)
  Source:                 source_bank/acknowledge_sync_reg[0]/C
                            (rising edge-triggered cell FDRE clocked by source_100  {rise@0.000ns fall@5.000ns period=10.000ns})
  Destination:            source_bank/acknowledge_sync_reg[1]/D
                            (rising edge-triggered cell FDRE clocked by source_100  {rise@0.000ns fall@5.000ns period=10.000ns})
  Path Group:             source_100
  Path Type:              Hold (Min at Fast Process Corner)
  Requirement:            0.000ns  (source_100 rise@0.000ns - source_100 rise@0.000ns)
  Data Path Delay:        0.220ns  (logic 0.164ns (74.580%)  route 0.056ns (25.420%))
  Logic Levels:           0  
  Clock Path Skew:        0.022ns (DCD - SCD - CPR)
    Destination Clock Delay (DCD):    0.432ns
    Source Clock Delay      (SCD):    0.410ns
    Clock Pessimism Removal (CPR):    -0.000ns

    Location             Delay type                Incr(ns)  Path(ns)    Netlist Resource(s)
  -------------------------------------------------------------------    -------------------
                         (clock source_100 rise edge)
                                                      0.000     0.000 r  
                                                      0.000     0.000 r  clk (IN)
                         net (fo=183, unset)          0.410     0.410    source_bank/clk
    SLICE_X6Y0           FDRE                                         r  source_bank/acknowledge_sync_reg[0]/C
  -------------------------------------------------------------------    -------------------
    SLICE_X6Y0           FDRE (Prop_fdre_C_Q)         0.164     0.574 r  source_bank/acknowledge_sync_reg[0]/Q
                         net (fo=1, routed)           0.056     0.630    source_bank/acknowledge_sync[0]
    SLICE_X6Y0           FDRE                                         r  source_bank/acknowledge_sync_reg[1]/D
  -------------------------------------------------------------------    -------------------

                         (clock source_100 rise edge)
                                                      0.000     0.000 r  
                                                      0.000     0.000 r  clk (IN)
                         net (fo=183, unset)          0.432     0.432    source_bank/clk
    SLICE_X6Y0           FDRE                                         r  source_bank/acknowledge_sync_reg[1]/C
                         clock pessimism              0.000     0.432    
    SLICE_X6Y0           FDRE (Hold_fdre_C_D)         0.060     0.492    source_bank/acknowledge_sync_reg[1]
  -------------------------------------------------------------------
                         required time                         -0.492    
                         arrival time                           0.630    
  -------------------------------------------------------------------
                         slack                                  0.138    

Slack (MET) :             0.185ns  (arrival time - required time)
  Source:                 source_bank/write_position_reg[0]/C
                            (rising edge-triggered cell FDRE clocked by source_100  {rise@0.000ns fall@5.000ns period=10.000ns})
  Destination:            source_bank/write_position_reg[3]/D
                            (rising edge-triggered cell FDRE clocked by source_100  {rise@0.000ns fall@5.000ns period=10.000ns})
  Path Group:             source_100
  Path Type:              Hold (Min at Fast Process Corner)
  Requirement:            0.000ns  (source_100 rise@0.000ns - source_100 rise@0.000ns)
  Data Path Delay:        0.338ns  (logic 0.189ns (55.993%)  route 0.149ns (44.007%))
  Logic Levels:           1  (LUT5=1)
  Clock Path Skew:        0.022ns (DCD - SCD - CPR)
    Destination Clock Delay (DCD):    0.432ns
    Source Clock Delay      (SCD):    0.410ns
    Clock Pessimism Removal (CPR):    -0.000ns

    Location             Delay type                Incr(ns)  Path(ns)    Netlist Resource(s)
  -------------------------------------------------------------------    -------------------
                         (clock source_100 rise edge)
                                                      0.000     0.000 r  
                                                      0.000     0.000 r  clk (IN)
                         net (fo=183, unset)          0.410     0.410    source_bank/clk
    SLICE_X5Y5           FDRE                                         r  source_bank/write_position_reg[0]/C
  -------------------------------------------------------------------    -------------------
    SLICE_X5Y5           FDRE (Prop_fdre_C_Q)         0.141     0.551 r  source_bank/write_position_reg[0]/Q
                         net (fo=9, routed)           0.149     0.700    source_bank/write_position[0]
    SLICE_X4Y5           LUT5 (Prop_lut5_I1_O)        0.048     0.748 r  source_bank/write_position[3]_i_1/O
                         net (fo=1, routed)           0.000     0.748    source_bank/write_position__0[3]
    SLICE_X4Y5           FDRE                                         r  source_bank/write_position_reg[3]/D
  -------------------------------------------------------------------    -------------------

                         (clock source_100 rise edge)
                                                      0.000     0.000 r  
                                                      0.000     0.000 r  clk (IN)
                         net (fo=183, unset)          0.432     0.432    source_bank/clk
    SLICE_X4Y5           FDRE                                         r  source_bank/write_position_reg[3]/C
                         clock pessimism              0.000     0.432    
    SLICE_X4Y5           FDRE (Hold_fdre_C_D)         0.131     0.563    source_bank/write_position_reg[3]
  -------------------------------------------------------------------
                         required time                         -0.563    
                         arrival time                           0.748    
  -------------------------------------------------------------------
                         slack                                  0.185    

Slack (MET) :             0.189ns  (arrival time - required time)
  Source:                 source_bank/write_position_reg[0]/C
                            (rising edge-triggered cell FDRE clocked by source_100  {rise@0.000ns fall@5.000ns period=10.000ns})
  Destination:            source_bank/write_position_reg[1]/D
                            (rising edge-triggered cell FDRE clocked by source_100  {rise@0.000ns fall@5.000ns period=10.000ns})
  Path Group:             source_100
  Path Type:              Hold (Min at Fast Process Corner)
  Requirement:            0.000ns  (source_100 rise@0.000ns - source_100 rise@0.000ns)
  Data Path Delay:        0.331ns  (logic 0.186ns (56.271%)  route 0.145ns (43.729%))
  Logic Levels:           1  (LUT3=1)
  Clock Path Skew:        0.022ns (DCD - SCD - CPR)
    Destination Clock Delay (DCD):    0.432ns
    Source Clock Delay      (SCD):    0.410ns
    Clock Pessimism Removal (CPR):    -0.000ns

    Location             Delay type                Incr(ns)  Path(ns)    Netlist Resource(s)
  -------------------------------------------------------------------    -------------------
                         (clock source_100 rise edge)
                                                      0.000     0.000 r  
                                                      0.000     0.000 r  clk (IN)
                         net (fo=183, unset)          0.410     0.410    source_bank/clk
    SLICE_X5Y5           FDRE                                         r  source_bank/write_position_reg[0]/C
  -------------------------------------------------------------------    -------------------
    SLICE_X5Y5           FDRE (Prop_fdre_C_Q)         0.141     0.551 r  source_bank/write_position_reg[0]/Q
                         net (fo=9, routed)           0.145     0.696    source_bank/write_position[0]
    SLICE_X4Y5           LUT3 (Prop_lut3_I1_O)        0.045     0.741 r  source_bank/write_position[1]_i_1/O
                         net (fo=1, routed)           0.000     0.741    source_bank/write_position__0[1]
    SLICE_X4Y5           FDRE                                         r  source_bank/write_position_reg[1]/D
  -------------------------------------------------------------------    -------------------

                         (clock source_100 rise edge)
                                                      0.000     0.000 r  
                                                      0.000     0.000 r  clk (IN)
                         net (fo=183, unset)          0.432     0.432    source_bank/clk
    SLICE_X4Y5           FDRE                                         r  source_bank/write_position_reg[1]/C
                         clock pessimism              0.000     0.432    
    SLICE_X4Y5           FDRE (Hold_fdre_C_D)         0.120     0.552    source_bank/write_position_reg[1]
  -------------------------------------------------------------------
                         required time                         -0.552    
                         arrival time                           0.741    
  -------------------------------------------------------------------
                         slack                                  0.189    

Slack (MET) :             0.192ns  (arrival time - required time)
  Source:                 source_bank/write_position_reg[0]/C
                            (rising edge-triggered cell FDRE clocked by source_100  {rise@0.000ns fall@5.000ns period=10.000ns})
  Destination:            source_bank/write_position_reg[2]/D
                            (rising edge-triggered cell FDRE clocked by source_100  {rise@0.000ns fall@5.000ns period=10.000ns})
  Path Group:             source_100
  Path Type:              Hold (Min at Fast Process Corner)
  Requirement:            0.000ns  (source_100 rise@0.000ns - source_100 rise@0.000ns)
  Data Path Delay:        0.335ns  (logic 0.186ns (55.598%)  route 0.149ns (44.402%))
  Logic Levels:           1  (LUT4=1)
  Clock Path Skew:        0.022ns (DCD - SCD - CPR)
    Destination Clock Delay (DCD):    0.432ns
    Source Clock Delay      (SCD):    0.410ns
    Clock Pessimism Removal (CPR):    -0.000ns

    Location             Delay type                Incr(ns)  Path(ns)    Netlist Resource(s)
  -------------------------------------------------------------------    -------------------
                         (clock source_100 rise edge)
                                                      0.000     0.000 r  
                                                      0.000     0.000 r  clk (IN)
                         net (fo=183, unset)          0.410     0.410    source_bank/clk
    SLICE_X5Y5           FDRE                                         r  source_bank/write_position_reg[0]/C
  -------------------------------------------------------------------    -------------------
    SLICE_X5Y5           FDRE (Prop_fdre_C_Q)         0.141     0.551 r  source_bank/write_position_reg[0]/Q
                         net (fo=9, routed)           0.149     0.700    source_bank/write_position[0]
    SLICE_X4Y5           LUT4 (Prop_lut4_I2_O)        0.045     0.745 r  source_bank/write_position[2]_i_1/O
                         net (fo=1, routed)           0.000     0.745    source_bank/write_position__0[2]
    SLICE_X4Y5           FDRE                                         r  source_bank/write_position_reg[2]/D
  -------------------------------------------------------------------    -------------------

                         (clock source_100 rise edge)
                                                      0.000     0.000 r  
                                                      0.000     0.000 r  clk (IN)
                         net (fo=183, unset)          0.432     0.432    source_bank/clk
    SLICE_X4Y5           FDRE                                         r  source_bank/write_position_reg[2]/C
                         clock pessimism              0.000     0.432    
    SLICE_X4Y5           FDRE (Hold_fdre_C_D)         0.121     0.553    source_bank/write_position_reg[2]
  -------------------------------------------------------------------
                         required time                         -0.553    
                         arrival time                           0.745    
  -------------------------------------------------------------------
                         slack                                  0.192    

Slack (MET) :             0.192ns  (arrival time - required time)
  Source:                 output_bank/reading_reg/C
                            (rising edge-triggered cell FDRE clocked by source_100  {rise@0.000ns fall@5.000ns period=10.000ns})
  Destination:            output_bank/read_all_loaded_reg/D
                            (rising edge-triggered cell FDRE clocked by source_100  {rise@0.000ns fall@5.000ns period=10.000ns})
  Path Group:             source_100
  Path Type:              Hold (Min at Fast Process Corner)
  Requirement:            0.000ns  (source_100 rise@0.000ns - source_100 rise@0.000ns)
  Data Path Delay:        0.306ns  (logic 0.186ns (60.786%)  route 0.120ns (39.214%))
  Logic Levels:           1  (LUT5=1)
  Clock Path Skew:        0.022ns (DCD - SCD - CPR)
    Destination Clock Delay (DCD):    0.432ns
    Source Clock Delay      (SCD):    0.410ns
    Clock Pessimism Removal (CPR):    -0.000ns

    Location             Delay type                Incr(ns)  Path(ns)    Netlist Resource(s)
  -------------------------------------------------------------------    -------------------
                         (clock source_100 rise edge)
                                                      0.000     0.000 r  
                                                      0.000     0.000 r  clk (IN)
                         net (fo=183, unset)          0.410     0.410    output_bank/clk
    SLICE_X14Y2          FDRE                                         r  output_bank/reading_reg/C
  -------------------------------------------------------------------    -------------------
    SLICE_X14Y2          FDRE (Prop_fdre_C_Q)         0.141     0.551 r  output_bank/reading_reg/Q
                         net (fo=5, routed)           0.120     0.671    output_bank/reading
    SLICE_X15Y2          LUT5 (Prop_lut5_I0_O)        0.045     0.716 r  output_bank/read_all_loaded_i_1__1/O
                         net (fo=1, routed)           0.000     0.716    output_bank/read_all_loaded_i_1__1_n_0
    SLICE_X15Y2          FDRE                                         r  output_bank/read_all_loaded_reg/D
  -------------------------------------------------------------------    -------------------

                         (clock source_100 rise edge)
                                                      0.000     0.000 r  
                                                      0.000     0.000 r  clk (IN)
                         net (fo=183, unset)          0.432     0.432    output_bank/clk
    SLICE_X15Y2          FDRE                                         r  output_bank/read_all_loaded_reg/C
                         clock pessimism              0.000     0.432    
    SLICE_X15Y2          FDRE (Hold_fdre_C_D)         0.092     0.524    output_bank/read_all_loaded_reg
  -------------------------------------------------------------------
                         required time                         -0.524    
                         arrival time                           0.716    
  -------------------------------------------------------------------
                         slack                                  0.192    

Slack (MET) :             0.204ns  (arrival time - required time)
  Source:                 source_bank/request_toggle_reg/C
                            (rising edge-triggered cell FDRE clocked by source_100  {rise@0.000ns fall@5.000ns period=10.000ns})
  Destination:            source_bank/request_toggle_reg/D
                            (rising edge-triggered cell FDRE clocked by source_100  {rise@0.000ns fall@5.000ns period=10.000ns})
  Path Group:             source_100
  Path Type:              Hold (Min at Fast Process Corner)
  Requirement:            0.000ns  (source_100 rise@0.000ns - source_100 rise@0.000ns)
  Data Path Delay:        0.347ns  (logic 0.209ns (60.231%)  route 0.138ns (39.769%))
  Logic Levels:           1  (LUT6=1)
  Clock Path Skew:        0.022ns (DCD - SCD - CPR)
    Destination Clock Delay (DCD):    0.432ns
    Source Clock Delay      (SCD):    0.410ns
    Clock Pessimism Removal (CPR):    -0.000ns

    Location             Delay type                Incr(ns)  Path(ns)    Netlist Resource(s)
  -------------------------------------------------------------------    -------------------
                         (clock source_100 rise edge)
                                                      0.000     0.000 r  
                                                      0.000     0.000 r  clk (IN)
                         net (fo=183, unset)          0.410     0.410    source_bank/clk
    SLICE_X6Y3           FDRE                                         r  source_bank/request_toggle_reg/C
  -------------------------------------------------------------------    -------------------
    SLICE_X6Y3           FDRE (Prop_fdre_C_Q)         0.164     0.574 r  source_bank/request_toggle_reg/Q
                         net (fo=3, routed)           0.138     0.712    source_bank/request_toggle_reg_n_0
    SLICE_X6Y3           LUT6 (Prop_lut6_I5_O)        0.045     0.757 r  source_bank/request_toggle_i_1__1/O
                         net (fo=1, routed)           0.000     0.757    source_bank/request_toggle_i_1__1_n_0
    SLICE_X6Y3           FDRE                                         r  source_bank/request_toggle_reg/D
  -------------------------------------------------------------------    -------------------

                         (clock source_100 rise edge)
                                                      0.000     0.000 r  
                                                      0.000     0.000 r  clk (IN)
                         net (fo=183, unset)          0.432     0.432    source_bank/clk
    SLICE_X6Y3           FDRE                                         r  source_bank/request_toggle_reg/C
                         clock pessimism              0.000     0.432    
    SLICE_X6Y3           FDRE (Hold_fdre_C_D)         0.121     0.553    source_bank/request_toggle_reg
  -------------------------------------------------------------------
                         required time                         -0.553    
                         arrival time                           0.757    
  -------------------------------------------------------------------
                         slack                                  0.204    

Slack (MET) :             0.205ns  (arrival time - required time)
  Source:                 output_bank/read_address_reg[8]/C
                            (rising edge-triggered cell FDRE clocked by source_100  {rise@0.000ns fall@5.000ns period=10.000ns})
  Destination:            output_bank/read_output_position_reg[8]/D
                            (rising edge-triggered cell FDRE clocked by source_100  {rise@0.000ns fall@5.000ns period=10.000ns})
  Path Group:             source_100
  Path Type:              Hold (Min at Fast Process Corner)
  Requirement:            0.000ns  (source_100 rise@0.000ns - source_100 rise@0.000ns)
  Data Path Delay:        0.290ns  (logic 0.141ns (48.602%)  route 0.149ns (51.398%))
  Logic Levels:           0  
  Clock Path Skew:        0.022ns (DCD - SCD - CPR)
    Destination Clock Delay (DCD):    0.432ns
    Source Clock Delay      (SCD):    0.410ns
    Clock Pessimism Removal (CPR):    -0.000ns

    Location             Delay type                Incr(ns)  Path(ns)    Netlist Resource(s)
  -------------------------------------------------------------------    -------------------
                         (clock source_100 rise edge)
                                                      0.000     0.000 r  
                                                      0.000     0.000 r  clk (IN)
                         net (fo=183, unset)          0.410     0.410    output_bank/clk
    SLICE_X17Y2          FDRE                                         r  output_bank/read_address_reg[8]/C
  -------------------------------------------------------------------    -------------------
    SLICE_X17Y2          FDRE (Prop_fdre_C_Q)         0.141     0.551 r  output_bank/read_address_reg[8]/Q
                         net (fo=5, routed)           0.149     0.700    output_bank/read_address[8]
    SLICE_X16Y2          FDRE                                         r  output_bank/read_output_position_reg[8]/D
  -------------------------------------------------------------------    -------------------

                         (clock source_100 rise edge)
                                                      0.000     0.000 r  
                                                      0.000     0.000 r  clk (IN)
                         net (fo=183, unset)          0.432     0.432    output_bank/clk
    SLICE_X16Y2          FDRE                                         r  output_bank/read_output_position_reg[8]/C
                         clock pessimism              0.000     0.432    
    SLICE_X16Y2          FDRE (Hold_fdre_C_D)         0.064     0.496    output_bank/read_output_position_reg[8]
  -------------------------------------------------------------------
                         required time                         -0.496    
                         arrival time                           0.700    
  -------------------------------------------------------------------
                         slack                                  0.205    

Slack (MET) :             0.216ns  (arrival time - required time)
  Source:                 output_bank/acknowledge_toggle_reg/C
                            (rising edge-triggered cell FDRE clocked by source_100  {rise@0.000ns fall@5.000ns period=10.000ns})
  Destination:            output_bank/reading_reg/D
                            (rising edge-triggered cell FDRE clocked by source_100  {rise@0.000ns fall@5.000ns period=10.000ns})
  Path Group:             source_100
  Path Type:              Hold (Min at Fast Process Corner)
  Requirement:            0.000ns  (source_100 rise@0.000ns - source_100 rise@0.000ns)
  Data Path Delay:        0.328ns  (logic 0.186ns (56.642%)  route 0.142ns (43.358%))
  Logic Levels:           1  (LUT5=1)
  Clock Path Skew:        0.022ns (DCD - SCD - CPR)
    Destination Clock Delay (DCD):    0.432ns
    Source Clock Delay      (SCD):    0.410ns
    Clock Pessimism Removal (CPR):    -0.000ns

    Location             Delay type                Incr(ns)  Path(ns)    Netlist Resource(s)
  -------------------------------------------------------------------    -------------------
                         (clock source_100 rise edge)
                                                      0.000     0.000 r  
                                                      0.000     0.000 r  clk (IN)
                         net (fo=183, unset)          0.410     0.410    output_bank/clk
    SLICE_X15Y2          FDRE                                         r  output_bank/acknowledge_toggle_reg/C
  -------------------------------------------------------------------    -------------------
    SLICE_X15Y2          FDRE (Prop_fdre_C_Q)         0.141     0.551 r  output_bank/acknowledge_toggle_reg/Q
                         net (fo=6, routed)           0.142     0.694    output_bank/acknowledge_toggle
    SLICE_X14Y2          LUT5 (Prop_lut5_I1_O)        0.045     0.739 r  output_bank/reading_i_1/O
                         net (fo=1, routed)           0.000     0.739    output_bank/reading_i_1_n_0
    SLICE_X14Y2          FDRE                                         r  output_bank/reading_reg/D
  -------------------------------------------------------------------    -------------------

                         (clock source_100 rise edge)
                                                      0.000     0.000 r  
                                                      0.000     0.000 r  clk (IN)
                         net (fo=183, unset)          0.432     0.432    output_bank/clk
    SLICE_X14Y2          FDRE                                         r  output_bank/reading_reg/C
                         clock pessimism              0.000     0.432    
    SLICE_X14Y2          FDRE (Hold_fdre_C_D)         0.091     0.523    output_bank/reading_reg
  -------------------------------------------------------------------
                         required time                         -0.523    
                         arrival time                           0.739    
  -------------------------------------------------------------------
                         slack                                  0.216    

Slack (MET) :             0.218ns  (arrival time - required time)
  Source:                 output_bank/read_address_reg[8]/C
                            (rising edge-triggered cell FDRE clocked by source_100  {rise@0.000ns fall@5.000ns period=10.000ns})
  Destination:            output_bank/read_address_reg[8]/D
                            (rising edge-triggered cell FDRE clocked by source_100  {rise@0.000ns fall@5.000ns period=10.000ns})
  Path Group:             source_100
  Path Type:              Hold (Min at Fast Process Corner)
  Requirement:            0.000ns  (source_100 rise@0.000ns - source_100 rise@0.000ns)
  Data Path Delay:        0.330ns  (logic 0.186ns (56.345%)  route 0.144ns (43.655%))
  Logic Levels:           1  (LUT6=1)
  Clock Path Skew:        0.022ns (DCD - SCD - CPR)
    Destination Clock Delay (DCD):    0.432ns
    Source Clock Delay      (SCD):    0.410ns
    Clock Pessimism Removal (CPR):    -0.000ns

    Location             Delay type                Incr(ns)  Path(ns)    Netlist Resource(s)
  -------------------------------------------------------------------    -------------------
                         (clock source_100 rise edge)
                                                      0.000     0.000 r  
                                                      0.000     0.000 r  clk (IN)
                         net (fo=183, unset)          0.410     0.410    output_bank/clk
    SLICE_X17Y2          FDRE                                         r  output_bank/read_address_reg[8]/C
  -------------------------------------------------------------------    -------------------
    SLICE_X17Y2          FDRE (Prop_fdre_C_Q)         0.141     0.551 r  output_bank/read_address_reg[8]/Q
                         net (fo=5, routed)           0.144     0.695    output_bank/read_address[8]
    SLICE_X17Y2          LUT6 (Prop_lut6_I5_O)        0.045     0.740 r  output_bank/read_address[8]_i_1/O
                         net (fo=1, routed)           0.000     0.740    output_bank/read_address[8]_i_1_n_0
    SLICE_X17Y2          FDRE                                         r  output_bank/read_address_reg[8]/D
  -------------------------------------------------------------------    -------------------

                         (clock source_100 rise edge)
                                                      0.000     0.000 r  
                                                      0.000     0.000 r  clk (IN)
                         net (fo=183, unset)          0.432     0.432    output_bank/clk
    SLICE_X17Y2          FDRE                                         r  output_bank/read_address_reg[8]/C
                         clock pessimism              0.000     0.432    
    SLICE_X17Y2          FDRE (Hold_fdre_C_D)         0.091     0.523    output_bank/read_address_reg[8]
  -------------------------------------------------------------------
                         required time                         -0.523    
                         arrival time                           0.740    
  -------------------------------------------------------------------
                         slack                                  0.218    

Slack (MET) :             0.221ns  (arrival time - required time)
  Source:                 output_bank/read_address_reg[6]/C
                            (rising edge-triggered cell FDRE clocked by source_100  {rise@0.000ns fall@5.000ns period=10.000ns})
  Destination:            output_bank/read_output_position_reg[6]/D
                            (rising edge-triggered cell FDRE clocked by source_100  {rise@0.000ns fall@5.000ns period=10.000ns})
  Path Group:             source_100
  Path Type:              Hold (Min at Fast Process Corner)
  Requirement:            0.000ns  (source_100 rise@0.000ns - source_100 rise@0.000ns)
  Data Path Delay:        0.303ns  (logic 0.141ns (46.603%)  route 0.162ns (53.397%))
  Logic Levels:           0  
  Clock Path Skew:        0.022ns (DCD - SCD - CPR)
    Destination Clock Delay (DCD):    0.432ns
    Source Clock Delay      (SCD):    0.410ns
    Clock Pessimism Removal (CPR):    -0.000ns

    Location             Delay type                Incr(ns)  Path(ns)    Netlist Resource(s)
  -------------------------------------------------------------------    -------------------
                         (clock source_100 rise edge)
                                                      0.000     0.000 r  
                                                      0.000     0.000 r  clk (IN)
                         net (fo=183, unset)          0.410     0.410    output_bank/clk
    SLICE_X17Y3          FDRE                                         r  output_bank/read_address_reg[6]/C
  -------------------------------------------------------------------    -------------------
    SLICE_X17Y3          FDRE (Prop_fdre_C_Q)         0.141     0.551 r  output_bank/read_address_reg[6]/Q
                         net (fo=7, routed)           0.162     0.713    output_bank/read_address[6]
    SLICE_X16Y2          FDRE                                         r  output_bank/read_output_position_reg[6]/D
  -------------------------------------------------------------------    -------------------

                         (clock source_100 rise edge)
                                                      0.000     0.000 r  
                                                      0.000     0.000 r  clk (IN)
                         net (fo=183, unset)          0.432     0.432    output_bank/clk
    SLICE_X16Y2          FDRE                                         r  output_bank/read_output_position_reg[6]/C
                         clock pessimism              0.000     0.432    
    SLICE_X16Y2          FDRE (Hold_fdre_C_D)         0.060     0.492    output_bank/read_output_position_reg[6]
  -------------------------------------------------------------------
                         required time                         -0.492    
                         arrival time                           0.713    
  -------------------------------------------------------------------
                         slack                                  0.221    

Slack (MET) :             0.249ns  (arrival time - required time)
  Source:                 output_bank/read_address_reg[4]/C
                            (rising edge-triggered cell FDRE clocked by source_100  {rise@0.000ns fall@5.000ns period=10.000ns})
  Destination:            output_bank/read_output_position_reg[4]/D
                            (rising edge-triggered cell FDRE clocked by source_100  {rise@0.000ns fall@5.000ns period=10.000ns})
  Path Group:             source_100
  Path Type:              Hold (Min at Fast Process Corner)
  Requirement:            0.000ns  (source_100 rise@0.000ns - source_100 rise@0.000ns)
  Data Path Delay:        0.346ns  (logic 0.141ns (40.732%)  route 0.205ns (59.268%))
  Logic Levels:           0  
  Clock Path Skew:        0.022ns (DCD - SCD - CPR)
    Destination Clock Delay (DCD):    0.432ns
    Source Clock Delay      (SCD):    0.410ns
    Clock Pessimism Removal (CPR):    -0.000ns

    Location             Delay type                Incr(ns)  Path(ns)    Netlist Resource(s)
  -------------------------------------------------------------------    -------------------
                         (clock source_100 rise edge)
                                                      0.000     0.000 r  
                                                      0.000     0.000 r  clk (IN)
                         net (fo=183, unset)          0.410     0.410    output_bank/clk
    SLICE_X17Y3          FDRE                                         r  output_bank/read_address_reg[4]/C
  -------------------------------------------------------------------    -------------------
    SLICE_X17Y3          FDRE (Prop_fdre_C_Q)         0.141     0.551 r  output_bank/read_address_reg[4]/Q
                         net (fo=4, routed)           0.205     0.756    output_bank/read_address[4]
    SLICE_X16Y2          FDRE                                         r  output_bank/read_output_position_reg[4]/D
  -------------------------------------------------------------------    -------------------

                         (clock source_100 rise edge)
                                                      0.000     0.000 r  
                                                      0.000     0.000 r  clk (IN)
                         net (fo=183, unset)          0.432     0.432    output_bank/clk
    SLICE_X16Y2          FDRE                                         r  output_bank/read_output_position_reg[4]/C
                         clock pessimism              0.000     0.432    
    SLICE_X16Y2          FDRE (Hold_fdre_C_D)         0.076     0.508    output_bank/read_output_position_reg[4]
  -------------------------------------------------------------------
                         required time                         -0.508    
                         arrival time                           0.756    
  -------------------------------------------------------------------
                         slack                                  0.249    

Slack (MET) :             0.252ns  (arrival time - required time)
  Source:                 output_bank/read_address_reg[0]/C
                            (rising edge-triggered cell FDRE clocked by source_100  {rise@0.000ns fall@5.000ns period=10.000ns})
  Destination:            output_bank/read_address_reg[3]/D
                            (rising edge-triggered cell FDRE clocked by source_100  {rise@0.000ns fall@5.000ns period=10.000ns})
  Path Group:             source_100
  Path Type:              Hold (Min at Fast Process Corner)
  Requirement:            0.000ns  (source_100 rise@0.000ns - source_100 rise@0.000ns)
  Data Path Delay:        0.381ns  (logic 0.184ns (48.287%)  route 0.197ns (51.713%))
  Logic Levels:           1  (LUT5=1)
  Clock Path Skew:        0.022ns (DCD - SCD - CPR)
    Destination Clock Delay (DCD):    0.432ns
    Source Clock Delay      (SCD):    0.410ns
    Clock Pessimism Removal (CPR):    -0.000ns

    Location             Delay type                Incr(ns)  Path(ns)    Netlist Resource(s)
  -------------------------------------------------------------------    -------------------
                         (clock source_100 rise edge)
                                                      0.000     0.000 r  
                                                      0.000     0.000 r  clk (IN)
                         net (fo=183, unset)          0.410     0.410    output_bank/clk
    SLICE_X14Y3          FDRE                                         r  output_bank/read_address_reg[0]/C
  -------------------------------------------------------------------    -------------------
    SLICE_X14Y3          FDRE (Prop_fdre_C_Q)         0.141     0.551 r  output_bank/read_address_reg[0]/Q
                         net (fo=8, routed)           0.197     0.748    output_bank/read_address[0]
    SLICE_X14Y3          LUT5 (Prop_lut5_I2_O)        0.043     0.791 r  output_bank/read_address[3]_i_1/O
                         net (fo=1, routed)           0.000     0.791    output_bank/read_address[3]_i_1_n_0
    SLICE_X14Y3          FDRE                                         r  output_bank/read_address_reg[3]/D
  -------------------------------------------------------------------    -------------------

                         (clock source_100 rise edge)
                                                      0.000     0.000 r  
                                                      0.000     0.000 r  clk (IN)
                         net (fo=183, unset)          0.432     0.432    output_bank/clk
    SLICE_X14Y3          FDRE                                         r  output_bank/read_address_reg[3]/C
                         clock pessimism              0.000     0.432    
    SLICE_X14Y3          FDRE (Hold_fdre_C_D)         0.107     0.539    output_bank/read_address_reg[3]
  -------------------------------------------------------------------
                         required time                         -0.539    
                         arrival time                           0.791    
  -------------------------------------------------------------------
                         slack                                  0.252    

Slack (MET) :             0.253ns  (arrival time - required time)
  Source:                 output_bank/read_address_reg[3]/C
                            (rising edge-triggered cell FDRE clocked by source_100  {rise@0.000ns fall@5.000ns period=10.000ns})
  Destination:            output_bank/read_address_reg[4]/D
                            (rising edge-triggered cell FDRE clocked by source_100  {rise@0.000ns fall@5.000ns period=10.000ns})
  Path Group:             source_100
  Path Type:              Hold (Min at Fast Process Corner)
  Requirement:            0.000ns  (source_100 rise@0.000ns - source_100 rise@0.000ns)
  Data Path Delay:        0.366ns  (logic 0.226ns (61.689%)  route 0.140ns (38.311%))
  Logic Levels:           1  (LUT6=1)
  Clock Path Skew:        0.022ns (DCD - SCD - CPR)
    Destination Clock Delay (DCD):    0.432ns
    Source Clock Delay      (SCD):    0.410ns
    Clock Pessimism Removal (CPR):    -0.000ns

    Location             Delay type                Incr(ns)  Path(ns)    Netlist Resource(s)
  -------------------------------------------------------------------    -------------------
                         (clock source_100 rise edge)
                                                      0.000     0.000 r  
                                                      0.000     0.000 r  clk (IN)
                         net (fo=183, unset)          0.410     0.410    output_bank/clk
    SLICE_X14Y3          FDRE                                         r  output_bank/read_address_reg[3]/C
  -------------------------------------------------------------------    -------------------
    SLICE_X14Y3          FDRE (Prop_fdre_C_Q)         0.128     0.538 r  output_bank/read_address_reg[3]/Q
                         net (fo=5, routed)           0.140     0.678    output_bank/read_address[3]
    SLICE_X17Y3          LUT6 (Prop_lut6_I4_O)        0.098     0.776 r  output_bank/read_address[4]_i_1/O
                         net (fo=1, routed)           0.000     0.776    output_bank/read_address[4]_i_1_n_0
    SLICE_X17Y3          FDRE                                         r  output_bank/read_address_reg[4]/D
  -------------------------------------------------------------------    -------------------

                         (clock source_100 rise edge)
                                                      0.000     0.000 r  
                                                      0.000     0.000 r  clk (IN)
                         net (fo=183, unset)          0.432     0.432    output_bank/clk
    SLICE_X17Y3          FDRE                                         r  output_bank/read_address_reg[4]/C
                         clock pessimism              0.000     0.432    
    SLICE_X17Y3          FDRE (Hold_fdre_C_D)         0.092     0.524    output_bank/read_address_reg[4]
  -------------------------------------------------------------------
                         required time                         -0.524    
                         arrival time                           0.776    
  -------------------------------------------------------------------
                         slack                                  0.253    

Slack (MET) :             0.262ns  (arrival time - required time)
  Source:                 output_bank/read_address_reg[0]/C
                            (rising edge-triggered cell FDRE clocked by source_100  {rise@0.000ns fall@5.000ns period=10.000ns})
  Destination:            output_bank/read_address_reg[1]/D
                            (rising edge-triggered cell FDRE clocked by source_100  {rise@0.000ns fall@5.000ns period=10.000ns})
  Path Group:             source_100
  Path Type:              Hold (Min at Fast Process Corner)
  Requirement:            0.000ns  (source_100 rise@0.000ns - source_100 rise@0.000ns)
  Data Path Delay:        0.391ns  (logic 0.183ns (46.806%)  route 0.208ns (53.194%))
  Logic Levels:           1  (LUT3=1)
  Clock Path Skew:        0.022ns (DCD - SCD - CPR)
    Destination Clock Delay (DCD):    0.432ns
    Source Clock Delay      (SCD):    0.410ns
    Clock Pessimism Removal (CPR):    -0.000ns

    Location             Delay type                Incr(ns)  Path(ns)    Netlist Resource(s)
  -------------------------------------------------------------------    -------------------
                         (clock source_100 rise edge)
                                                      0.000     0.000 r  
                                                      0.000     0.000 r  clk (IN)
                         net (fo=183, unset)          0.410     0.410    output_bank/clk
    SLICE_X14Y3          FDRE                                         r  output_bank/read_address_reg[0]/C
  -------------------------------------------------------------------    -------------------
    SLICE_X14Y3          FDRE (Prop_fdre_C_Q)         0.141     0.551 r  output_bank/read_address_reg[0]/Q
                         net (fo=8, routed)           0.208     0.759    output_bank/read_address[0]
    SLICE_X14Y3          LUT3 (Prop_lut3_I1_O)        0.042     0.801 r  output_bank/read_address[1]_i_1/O
                         net (fo=1, routed)           0.000     0.801    output_bank/read_address[1]_i_1_n_0
    SLICE_X14Y3          FDRE                                         r  output_bank/read_address_reg[1]/D
  -------------------------------------------------------------------    -------------------

                         (clock source_100 rise edge)
                                                      0.000     0.000 r  
                                                      0.000     0.000 r  clk (IN)
                         net (fo=183, unset)          0.432     0.432    output_bank/clk
    SLICE_X14Y3          FDRE                                         r  output_bank/read_address_reg[1]/C
                         clock pessimism              0.000     0.432    
    SLICE_X14Y3          FDRE (Hold_fdre_C_D)         0.107     0.539    output_bank/read_address_reg[1]
  -------------------------------------------------------------------
                         required time                         -0.539    
                         arrival time                           0.801    
  -------------------------------------------------------------------
                         slack                                  0.262    

Slack (MET) :             0.263ns  (arrival time - required time)
  Source:                 output_bank/read_address_reg[7]/C
                            (rising edge-triggered cell FDRE clocked by source_100  {rise@0.000ns fall@5.000ns period=10.000ns})
  Destination:            output_bank/read_address_reg[7]/D
                            (rising edge-triggered cell FDRE clocked by source_100  {rise@0.000ns fall@5.000ns period=10.000ns})
  Path Group:             source_100
  Path Type:              Hold (Min at Fast Process Corner)
  Requirement:            0.000ns  (source_100 rise@0.000ns - source_100 rise@0.000ns)
  Data Path Delay:        0.391ns  (logic 0.230ns (58.768%)  route 0.161ns (41.232%))
  Logic Levels:           1  (LUT5=1)
  Clock Path Skew:        0.022ns (DCD - SCD - CPR)
    Destination Clock Delay (DCD):    0.432ns
    Source Clock Delay      (SCD):    0.410ns
    Clock Pessimism Removal (CPR):    -0.000ns

    Location             Delay type                Incr(ns)  Path(ns)    Netlist Resource(s)
  -------------------------------------------------------------------    -------------------
                         (clock source_100 rise edge)
                                                      0.000     0.000 r  
                                                      0.000     0.000 r  clk (IN)
                         net (fo=183, unset)          0.410     0.410    output_bank/clk
    SLICE_X17Y3          FDRE                                         r  output_bank/read_address_reg[7]/C
  -------------------------------------------------------------------    -------------------
    SLICE_X17Y3          FDRE (Prop_fdre_C_Q)         0.128     0.538 r  output_bank/read_address_reg[7]/Q
                         net (fo=6, routed)           0.161     0.700    output_bank/read_address[7]
    SLICE_X17Y3          LUT5 (Prop_lut5_I4_O)        0.102     0.802 r  output_bank/read_address[7]_i_1/O
                         net (fo=1, routed)           0.000     0.802    output_bank/read_address[7]_i_1_n_0
    SLICE_X17Y3          FDRE                                         r  output_bank/read_address_reg[7]/D
  -------------------------------------------------------------------    -------------------

                         (clock source_100 rise edge)
                                                      0.000     0.000 r  
                                                      0.000     0.000 r  clk (IN)
                         net (fo=183, unset)          0.432     0.432    output_bank/clk
    SLICE_X17Y3          FDRE                                         r  output_bank/read_address_reg[7]/C
                         clock pessimism              0.000     0.432    
    SLICE_X17Y3          FDRE (Hold_fdre_C_D)         0.107     0.539    output_bank/read_address_reg[7]
  -------------------------------------------------------------------
                         required time                         -0.539    
                         arrival time                           0.802    
  -------------------------------------------------------------------
                         slack                                  0.263    

Slack (MET) :             0.265ns  (arrival time - required time)
  Source:                 source_bank/write_position_reg[2]/C
                            (rising edge-triggered cell FDRE clocked by source_100  {rise@0.000ns fall@5.000ns period=10.000ns})
  Destination:            source_bank/write_position_reg[4]/D
                            (rising edge-triggered cell FDRE clocked by source_100  {rise@0.000ns fall@5.000ns period=10.000ns})
  Path Group:             source_100
  Path Type:              Hold (Min at Fast Process Corner)
  Requirement:            0.000ns  (source_100 rise@0.000ns - source_100 rise@0.000ns)
  Data Path Delay:        0.408ns  (logic 0.209ns (51.281%)  route 0.199ns (48.719%))
  Logic Levels:           1  (LUT6=1)
  Clock Path Skew:        0.022ns (DCD - SCD - CPR)
    Destination Clock Delay (DCD):    0.432ns
    Source Clock Delay      (SCD):    0.410ns
    Clock Pessimism Removal (CPR):    -0.000ns

    Location             Delay type                Incr(ns)  Path(ns)    Netlist Resource(s)
  -------------------------------------------------------------------    -------------------
                         (clock source_100 rise edge)
                                                      0.000     0.000 r  
                                                      0.000     0.000 r  clk (IN)
                         net (fo=183, unset)          0.410     0.410    source_bank/clk
    SLICE_X4Y5           FDRE                                         r  source_bank/write_position_reg[2]/C
  -------------------------------------------------------------------    -------------------
    SLICE_X4Y5           FDRE (Prop_fdre_C_Q)         0.164     0.574 r  source_bank/write_position_reg[2]/Q
                         net (fo=7, routed)           0.199     0.773    source_bank/write_position[2]
    SLICE_X4Y5           LUT6 (Prop_lut6_I2_O)        0.045     0.818 r  source_bank/write_position[4]_i_1/O
                         net (fo=1, routed)           0.000     0.818    source_bank/write_position__0[4]
    SLICE_X4Y5           FDRE                                         r  source_bank/write_position_reg[4]/D
  -------------------------------------------------------------------    -------------------

                         (clock source_100 rise edge)
                                                      0.000     0.000 r  
                                                      0.000     0.000 r  clk (IN)
                         net (fo=183, unset)          0.432     0.432    source_bank/clk
    SLICE_X4Y5           FDRE                                         r  source_bank/write_position_reg[4]/C
                         clock pessimism              0.000     0.432    
    SLICE_X4Y5           FDRE (Hold_fdre_C_D)         0.121     0.553    source_bank/write_position_reg[4]
  -------------------------------------------------------------------
                         required time                         -0.553    
                         arrival time                           0.818    
  -------------------------------------------------------------------
                         slack                                  0.265    




