OFFLINE_JOB phase=0 fixture=0 admit_cycle=925
OFFLINE_JOB phase=1 fixture=0 admit_cycle=2752
OFFLINE_PUBLICATION block=0 cycle=4562
OFFLINE_DISPATCH block=1 clocks=8
OFFLINE_JOB phase=0 fixture=1 admit_cycle=4570
OFFLINE_ACK_CONTROLS cycle=5466 admit=0 publication=0 transfer=0
OFFLINE_REAL_ACK cycle=5466
OFFLINE_JOB phase=1 fixture=1 admit_cycle=6397
OFFLINE_PUBLICATION block=1 cycle=8207
OFFLINE_DISPATCH block=2 clocks=8
OFFLINE_JOB phase=0 fixture=2 admit_cycle=8215
OFFLINE_ACK_CONTROLS cycle=9111 admit=0 publication=0 transfer=0
OFFLINE_REAL_ACK cycle=9111
OFFLINE_JOB phase=1 fixture=2 admit_cycle=10042
OFFLINE_PUBLICATION block=2 cycle=11852
OFFLINE_ACK_CONTROLS cycle=12756 admit=0 publication=0 transfer=0
OFFLINE_REAL_ACK cycle=12756
OFFLINE_ACK_PHASE input=0 output=0 handoff=0 held_final_prefetch=0 parked_full_source=0
OFFLINE_SERVICE max_forward_interval=3645 max_inverse_publication_interval=3645 max_retained_wait=904 capacity_claim=1
OFFLINE_PASS composition SCRIPTED_NOT_FFT source=1536 forward=1536 product=1536 inverse=1536 read=1536 overlap_input=1024 overlap_read=1022 first_dispatch=8
/home/mouse9911/gits/starlink-build-recovery-20260910.vHzUVnBz/commit-pulse-ack-parent.xkh8BtdU/baseline/test.sv:190: $finish called at 73005717936 (1fs)
OFFLINE_CLOCK fast_half_fs=2857143 slow_half_fs=5000000 fast_edges=25551 slow_edges=14600 pauses=0
PRIVATE_OFFER_WITNESS owner=0 accepted=3 held=5460 real_ack=3
PRIVATE_OFFER_WITNESS owner=1 accepted=3 held=8142 real_ack=3
CLOSED_INPUT_WITNESS closed=7803 final_edges=6
PARENT_FORWARD_ACK checks=3
