Copyright 1986-2022 Xilinx, Inc. All Rights Reserved.
---------------------------------------------------------------------------------------------------------------------------------------------------------------------------------------------------------------------
| Tool Version : Vivado v.2022.2 (lin64) Build 3671981 Fri Oct 14 04:59:54 MDT 2022
| Date         : Thu Sep 10 09:51:22 2026
| Host         : gauss running 64-bit Ubuntu 26.04 LTS
| Command      : report_timing -from [get_clocks source_100] -to [get_clocks source_100] -delay_type min -max_paths 20 -file /tmp/starlink-completed-input.5EaJuD/exact-control-combined-route-v1/source_100_min.rpt
| Design       : starlink_pss_fft_bank_owned_slice
| Device       : 7z010-clg400
| Speed File   : -1  PRODUCTION 1.12 2019-11-22
---------------------------------------------------------------------------------------------------------------------------------------------------------------------------------------------------------------------

Timing Report

Slack (MET) :             0.100ns  (arrival time - required time)
  Source:                 fast_fault_slow_reg[0]/C
                            (rising edge-triggered cell FDRE clocked by source_100  {rise@0.000ns fall@5.000ns period=10.000ns})
  Destination:            fast_fault_slow_reg[1]/D
                            (rising edge-triggered cell FDRE clocked by source_100  {rise@0.000ns fall@5.000ns period=10.000ns})
  Path Group:             source_100
  Path Type:              Hold (Min at Fast Process Corner)
  Requirement:            0.000ns  (source_100 rise@0.000ns - source_100 rise@0.000ns)
  Data Path Delay:        0.197ns  (logic 0.141ns (71.611%)  route 0.056ns (28.389%))
  Logic Levels:           0  
  Clock Path Skew:        0.022ns (DCD - SCD - CPR)
    Destination Clock Delay (DCD):    0.432ns
    Source Clock Delay      (SCD):    0.410ns
    Clock Pessimism Removal (CPR):    -0.000ns

    Location             Delay type                Incr(ns)  Path(ns)    Netlist Resource(s)
  -------------------------------------------------------------------    -------------------
                         (clock source_100 rise edge)
                                                      0.000     0.000 r  
                                                      0.000     0.000 r  clk (IN)
                         net (fo=183, unset)          0.410     0.410    clk
    SLICE_X17Y6          FDRE                                         r  fast_fault_slow_reg[0]/C
  -------------------------------------------------------------------    -------------------
    SLICE_X17Y6          FDRE (Prop_fdre_C_Q)         0.141     0.551 r  fast_fault_slow_reg[0]/Q
                         net (fo=1, routed)           0.056     0.607    fast_fault_slow[0]
    SLICE_X17Y6          FDRE                                         r  fast_fault_slow_reg[1]/D
  -------------------------------------------------------------------    -------------------

                         (clock source_100 rise edge)
                                                      0.000     0.000 r  
                                                      0.000     0.000 r  clk (IN)
                         net (fo=183, unset)          0.432     0.432    clk
    SLICE_X17Y6          FDRE                                         r  fast_fault_slow_reg[1]/C
                         clock pessimism              0.000     0.432    
    SLICE_X17Y6          FDRE (Hold_fdre_C_D)         0.075     0.507    fast_fault_slow_reg[1]
  -------------------------------------------------------------------
                         required time                         -0.507    
                         arrival time                           0.607    
  -------------------------------------------------------------------
                         slack                                  0.100    

Slack (MET) :             0.100ns  (arrival time - required time)
  Source:                 output_bank/request_sync_reg[0]/C
                            (rising edge-triggered cell FDRE clocked by source_100  {rise@0.000ns fall@5.000ns period=10.000ns})
  Destination:            output_bank/request_sync_reg[1]/D
                            (rising edge-triggered cell FDRE clocked by source_100  {rise@0.000ns fall@5.000ns period=10.000ns})
  Path Group:             source_100
  Path Type:              Hold (Min at Fast Process Corner)
  Requirement:            0.000ns  (source_100 rise@0.000ns - source_100 rise@0.000ns)
  Data Path Delay:        0.197ns  (logic 0.141ns (71.611%)  route 0.056ns (28.389%))
  Logic Levels:           0  
  Clock Path Skew:        0.022ns (DCD - SCD - CPR)
    Destination Clock Delay (DCD):    0.432ns
    Source Clock Delay      (SCD):    0.410ns
    Clock Pessimism Removal (CPR):    -0.000ns

    Location             Delay type                Incr(ns)  Path(ns)    Netlist Resource(s)
  -------------------------------------------------------------------    -------------------
                         (clock source_100 rise edge)
                                                      0.000     0.000 r  
                                                      0.000     0.000 r  clk (IN)
                         net (fo=183, unset)          0.410     0.410    output_bank/clk
    SLICE_X13Y8          FDRE                                         r  output_bank/request_sync_reg[0]/C
  -------------------------------------------------------------------    -------------------
    SLICE_X13Y8          FDRE (Prop_fdre_C_Q)         0.141     0.551 r  output_bank/request_sync_reg[0]/Q
                         net (fo=1, routed)           0.056     0.607    output_bank/request_sync[0]
    SLICE_X13Y8          FDRE                                         r  output_bank/request_sync_reg[1]/D
  -------------------------------------------------------------------    -------------------

                         (clock source_100 rise edge)
                                                      0.000     0.000 r  
                                                      0.000     0.000 r  clk (IN)
                         net (fo=183, unset)          0.432     0.432    output_bank/clk
    SLICE_X13Y8          FDRE                                         r  output_bank/request_sync_reg[1]/C
                         clock pessimism              0.000     0.432    
    SLICE_X13Y8          FDRE (Hold_fdre_C_D)         0.075     0.507    output_bank/request_sync_reg[1]
  -------------------------------------------------------------------
                         required time                         -0.507    
                         arrival time                           0.607    
  -------------------------------------------------------------------
                         slack                                  0.100    

Slack (MET) :             0.121ns  (arrival time - required time)
  Source:                 source_bank/write_position_reg[4]/C
                            (rising edge-triggered cell FDRE clocked by source_100  {rise@0.000ns fall@5.000ns period=10.000ns})
  Destination:            source_bank/payload_memory_reg/ADDRBWRADDR[9]
                            (rising edge-triggered cell RAMB18E1 clocked by source_100  {rise@0.000ns fall@5.000ns period=10.000ns})
  Path Group:             source_100
  Path Type:              Hold (Min at Fast Process Corner)
  Requirement:            0.000ns  (source_100 rise@0.000ns - source_100 rise@0.000ns)
  Data Path Delay:        0.325ns  (logic 0.141ns (43.346%)  route 0.184ns (56.654%))
  Logic Levels:           0  
  Clock Path Skew:        0.022ns (DCD - SCD - CPR)
    Destination Clock Delay (DCD):    0.432ns
    Source Clock Delay      (SCD):    0.410ns
    Clock Pessimism Removal (CPR):    -0.000ns

    Location             Delay type                Incr(ns)  Path(ns)    Netlist Resource(s)
  -------------------------------------------------------------------    -------------------
                         (clock source_100 rise edge)
                                                      0.000     0.000 r  
                                                      0.000     0.000 r  clk (IN)
                         net (fo=183, unset)          0.410     0.410    source_bank/clk
    SLICE_X7Y6           FDRE                                         r  source_bank/write_position_reg[4]/C
  -------------------------------------------------------------------    -------------------
    SLICE_X7Y6           FDRE (Prop_fdre_C_Q)         0.141     0.551 r  source_bank/write_position_reg[4]/Q
                         net (fo=5, routed)           0.184     0.735    source_bank/write_position[4]
    RAMB18_X0Y3          RAMB18E1                                     r  source_bank/payload_memory_reg/ADDRBWRADDR[9]
  -------------------------------------------------------------------    -------------------

                         (clock source_100 rise edge)
                                                      0.000     0.000 r  
                                                      0.000     0.000 r  clk (IN)
                         net (fo=183, unset)          0.432     0.432    source_bank/clk
    RAMB18_X0Y3          RAMB18E1                                     r  source_bank/payload_memory_reg/CLKBWRCLK
                         clock pessimism              0.000     0.432    
    RAMB18_X0Y3          RAMB18E1 (Hold_ramb18e1_CLKBWRCLK_ADDRBWRADDR[9])
                                                      0.183     0.615    source_bank/payload_memory_reg
  -------------------------------------------------------------------
                         required time                         -0.615    
                         arrival time                           0.735    
  -------------------------------------------------------------------
                         slack                                  0.121    

Slack (MET) :             0.130ns  (arrival time - required time)
  Source:                 source_bank/write_position_reg[2]/C
                            (rising edge-triggered cell FDRE clocked by source_100  {rise@0.000ns fall@5.000ns period=10.000ns})
  Destination:            source_bank/payload_memory_reg/ADDRBWRADDR[7]
                            (rising edge-triggered cell RAMB18E1 clocked by source_100  {rise@0.000ns fall@5.000ns period=10.000ns})
  Path Group:             source_100
  Path Type:              Hold (Min at Fast Process Corner)
  Requirement:            0.000ns  (source_100 rise@0.000ns - source_100 rise@0.000ns)
  Data Path Delay:        0.335ns  (logic 0.141ns (42.100%)  route 0.194ns (57.900%))
  Logic Levels:           0  
  Clock Path Skew:        0.022ns (DCD - SCD - CPR)
    Destination Clock Delay (DCD):    0.432ns
    Source Clock Delay      (SCD):    0.410ns
    Clock Pessimism Removal (CPR):    -0.000ns

    Location             Delay type                Incr(ns)  Path(ns)    Netlist Resource(s)
  -------------------------------------------------------------------    -------------------
                         (clock source_100 rise edge)
                                                      0.000     0.000 r  
                                                      0.000     0.000 r  clk (IN)
                         net (fo=183, unset)          0.410     0.410    source_bank/clk
    SLICE_X7Y6           FDRE                                         r  source_bank/write_position_reg[2]/C
  -------------------------------------------------------------------    -------------------
    SLICE_X7Y6           FDRE (Prop_fdre_C_Q)         0.141     0.551 r  source_bank/write_position_reg[2]/Q
                         net (fo=7, routed)           0.194     0.745    source_bank/write_position[2]
    RAMB18_X0Y3          RAMB18E1                                     r  source_bank/payload_memory_reg/ADDRBWRADDR[7]
  -------------------------------------------------------------------    -------------------

                         (clock source_100 rise edge)
                                                      0.000     0.000 r  
                                                      0.000     0.000 r  clk (IN)
                         net (fo=183, unset)          0.432     0.432    source_bank/clk
    RAMB18_X0Y3          RAMB18E1                                     r  source_bank/payload_memory_reg/CLKBWRCLK
                         clock pessimism              0.000     0.432    
    RAMB18_X0Y3          RAMB18E1 (Hold_ramb18e1_CLKBWRCLK_ADDRBWRADDR[7])
                                                      0.183     0.615    source_bank/payload_memory_reg
  -------------------------------------------------------------------
                         required time                         -0.615    
                         arrival time                           0.745    
  -------------------------------------------------------------------
                         slack                                  0.130    

Slack (MET) :             0.138ns  (arrival time - required time)
  Source:                 fast_reset_slow_reg[0]/C
                            (rising edge-triggered cell FDCE clocked by source_100  {rise@0.000ns fall@5.000ns period=10.000ns})
  Destination:            fast_reset_slow_reg[1]/D
                            (rising edge-triggered cell FDCE clocked by source_100  {rise@0.000ns fall@5.000ns period=10.000ns})
  Path Group:             source_100
  Path Type:              Hold (Min at Fast Process Corner)
  Requirement:            0.000ns  (source_100 rise@0.000ns - source_100 rise@0.000ns)
  Data Path Delay:        0.220ns  (logic 0.164ns (74.580%)  route 0.056ns (25.420%))
  Logic Levels:           0  
  Clock Path Skew:        0.022ns (DCD - SCD - CPR)
    Destination Clock Delay (DCD):    0.432ns
    Source Clock Delay      (SCD):    0.410ns
    Clock Pessimism Removal (CPR):    -0.000ns

    Location             Delay type                Incr(ns)  Path(ns)    Netlist Resource(s)
  -------------------------------------------------------------------    -------------------
                         (clock source_100 rise edge)
                                                      0.000     0.000 r  
                                                      0.000     0.000 r  clk (IN)
                         net (fo=183, unset)          0.410     0.410    clk
    SLICE_X8Y0           FDCE                                         r  fast_reset_slow_reg[0]/C
  -------------------------------------------------------------------    -------------------
    SLICE_X8Y0           FDCE (Prop_fdce_C_Q)         0.164     0.574 r  fast_reset_slow_reg[0]/Q
                         net (fo=1, routed)           0.056     0.630    fast_reset_slow[0]
    SLICE_X8Y0           FDCE                                         r  fast_reset_slow_reg[1]/D
  -------------------------------------------------------------------    -------------------

                         (clock source_100 rise edge)
                                                      0.000     0.000 r  
                                                      0.000     0.000 r  clk (IN)
                         net (fo=183, unset)          0.432     0.432    clk
    SLICE_X8Y0           FDCE                                         r  fast_reset_slow_reg[1]/C
                         clock pessimism              0.000     0.432    
    SLICE_X8Y0           FDCE (Hold_fdce_C_D)         0.060     0.492    fast_reset_slow_reg[1]
  -------------------------------------------------------------------
                         required time                         -0.492    
                         arrival time                           0.630    
  -------------------------------------------------------------------
                         slack                                  0.138    

Slack (MET) :             0.138ns  (arrival time - required time)
  Source:                 slow_reset_slow_reg[0]/C
                            (rising edge-triggered cell FDCE clocked by source_100  {rise@0.000ns fall@5.000ns period=10.000ns})
  Destination:            slow_reset_slow_reg[1]/D
                            (rising edge-triggered cell FDCE clocked by source_100  {rise@0.000ns fall@5.000ns period=10.000ns})
  Path Group:             source_100
  Path Type:              Hold (Min at Fast Process Corner)
  Requirement:            0.000ns  (source_100 rise@0.000ns - source_100 rise@0.000ns)
  Data Path Delay:        0.220ns  (logic 0.164ns (74.580%)  route 0.056ns (25.420%))
  Logic Levels:           0  
  Clock Path Skew:        0.022ns (DCD - SCD - CPR)
    Destination Clock Delay (DCD):    0.432ns
    Source Clock Delay      (SCD):    0.410ns
    Clock Pessimism Removal (CPR):    -0.000ns

    Location             Delay type                Incr(ns)  Path(ns)    Netlist Resource(s)
  -------------------------------------------------------------------    -------------------
                         (clock source_100 rise edge)
                                                      0.000     0.000 r  
                                                      0.000     0.000 r  clk (IN)
                         net (fo=183, unset)          0.410     0.410    clk
    SLICE_X8Y1           FDCE                                         r  slow_reset_slow_reg[0]/C
  -------------------------------------------------------------------    -------------------
    SLICE_X8Y1           FDCE (Prop_fdce_C_Q)         0.164     0.574 r  slow_reset_slow_reg[0]/Q
                         net (fo=1, routed)           0.056     0.630    slow_reset_slow[0]
    SLICE_X8Y1           FDCE                                         r  slow_reset_slow_reg[1]/D
  -------------------------------------------------------------------    -------------------

                         (clock source_100 rise edge)
                                                      0.000     0.000 r  
                                                      0.000     0.000 r  clk (IN)
                         net (fo=183, unset)          0.432     0.432    clk
    SLICE_X8Y1           FDCE                                         r  slow_reset_slow_reg[1]/C
                         clock pessimism              0.000     0.432    
    SLICE_X8Y1           FDCE (Hold_fdce_C_D)         0.060     0.492    slow_reset_slow_reg[1]
  -------------------------------------------------------------------
                         required time                         -0.492    
                         arrival time                           0.630    
  -------------------------------------------------------------------
                         slack                                  0.138    

Slack (MET) :             0.204ns  (arrival time - required time)
  Source:                 source_bank/write_position_reg[5]/C
                            (rising edge-triggered cell FDRE clocked by source_100  {rise@0.000ns fall@5.000ns period=10.000ns})
  Destination:            source_bank/payload_memory_reg/ADDRBWRADDR[10]
                            (rising edge-triggered cell RAMB18E1 clocked by source_100  {rise@0.000ns fall@5.000ns period=10.000ns})
  Path Group:             source_100
  Path Type:              Hold (Min at Fast Process Corner)
  Requirement:            0.000ns  (source_100 rise@0.000ns - source_100 rise@0.000ns)
  Data Path Delay:        0.355ns  (logic 0.128ns (36.104%)  route 0.227ns (63.896%))
  Logic Levels:           0  
  Clock Path Skew:        0.022ns (DCD - SCD - CPR)
    Destination Clock Delay (DCD):    0.432ns
    Source Clock Delay      (SCD):    0.410ns
    Clock Pessimism Removal (CPR):    -0.000ns

    Location             Delay type                Incr(ns)  Path(ns)    Netlist Resource(s)
  -------------------------------------------------------------------    -------------------
                         (clock source_100 rise edge)
                                                      0.000     0.000 r  
                                                      0.000     0.000 r  clk (IN)
                         net (fo=183, unset)          0.410     0.410    source_bank/clk
    SLICE_X7Y4           FDRE                                         r  source_bank/write_position_reg[5]/C
  -------------------------------------------------------------------    -------------------
    SLICE_X7Y4           FDRE (Prop_fdre_C_Q)         0.128     0.538 r  source_bank/write_position_reg[5]/Q
                         net (fo=8, routed)           0.227     0.765    source_bank/write_position[5]
    RAMB18_X0Y3          RAMB18E1                                     r  source_bank/payload_memory_reg/ADDRBWRADDR[10]
  -------------------------------------------------------------------    -------------------

                         (clock source_100 rise edge)
                                                      0.000     0.000 r  
                                                      0.000     0.000 r  clk (IN)
                         net (fo=183, unset)          0.432     0.432    source_bank/clk
    RAMB18_X0Y3          RAMB18E1                                     r  source_bank/payload_memory_reg/CLKBWRCLK
                         clock pessimism              0.000     0.432    
    RAMB18_X0Y3          RAMB18E1 (Hold_ramb18e1_CLKBWRCLK_ADDRBWRADDR[10])
                                                      0.129     0.561    source_bank/payload_memory_reg
  -------------------------------------------------------------------
                         required time                         -0.561    
                         arrival time                           0.765    
  -------------------------------------------------------------------
                         slack                                  0.204    

Slack (MET) :             0.208ns  (arrival time - required time)
  Source:                 output_bank/read_address_reg[7]/C
                            (rising edge-triggered cell FDRE clocked by source_100  {rise@0.000ns fall@5.000ns period=10.000ns})
  Destination:            output_bank/read_address_reg[8]/D
                            (rising edge-triggered cell FDRE clocked by source_100  {rise@0.000ns fall@5.000ns period=10.000ns})
  Path Group:             source_100
  Path Type:              Hold (Min at Fast Process Corner)
  Requirement:            0.000ns  (source_100 rise@0.000ns - source_100 rise@0.000ns)
  Data Path Delay:        0.351ns  (logic 0.246ns (70.174%)  route 0.105ns (29.826%))
  Logic Levels:           1  (LUT6=1)
  Clock Path Skew:        0.022ns (DCD - SCD - CPR)
    Destination Clock Delay (DCD):    0.432ns
    Source Clock Delay      (SCD):    0.410ns
    Clock Pessimism Removal (CPR):    -0.000ns

    Location             Delay type                Incr(ns)  Path(ns)    Netlist Resource(s)
  -------------------------------------------------------------------    -------------------
                         (clock source_100 rise edge)
                                                      0.000     0.000 r  
                                                      0.000     0.000 r  clk (IN)
                         net (fo=183, unset)          0.410     0.410    output_bank/clk
    SLICE_X8Y2           FDRE                                         r  output_bank/read_address_reg[7]/C
  -------------------------------------------------------------------    -------------------
    SLICE_X8Y2           FDRE (Prop_fdre_C_Q)         0.148     0.558 r  output_bank/read_address_reg[7]/Q
                         net (fo=6, routed)           0.105     0.663    output_bank/read_address[7]
    SLICE_X8Y2           LUT6 (Prop_lut6_I4_O)        0.098     0.761 r  output_bank/read_address[8]_i_1/O
                         net (fo=1, routed)           0.000     0.761    output_bank/read_address[8]_i_1_n_0
    SLICE_X8Y2           FDRE                                         r  output_bank/read_address_reg[8]/D
  -------------------------------------------------------------------    -------------------

                         (clock source_100 rise edge)
                                                      0.000     0.000 r  
                                                      0.000     0.000 r  clk (IN)
                         net (fo=183, unset)          0.432     0.432    output_bank/clk
    SLICE_X8Y2           FDRE                                         r  output_bank/read_address_reg[8]/C
                         clock pessimism              0.000     0.432    
    SLICE_X8Y2           FDRE (Hold_fdre_C_D)         0.121     0.553    output_bank/read_address_reg[8]
  -------------------------------------------------------------------
                         required time                         -0.553    
                         arrival time                           0.761    
  -------------------------------------------------------------------
                         slack                                  0.208    

Slack (MET) :             0.228ns  (arrival time - required time)
  Source:                 source_bank/write_position_reg[3]/C
                            (rising edge-triggered cell FDRE clocked by source_100  {rise@0.000ns fall@5.000ns period=10.000ns})
  Destination:            source_bank/payload_memory_reg/ADDRBWRADDR[8]
                            (rising edge-triggered cell RAMB18E1 clocked by source_100  {rise@0.000ns fall@5.000ns period=10.000ns})
  Path Group:             source_100
  Path Type:              Hold (Min at Fast Process Corner)
  Requirement:            0.000ns  (source_100 rise@0.000ns - source_100 rise@0.000ns)
  Data Path Delay:        0.379ns  (logic 0.128ns (33.729%)  route 0.251ns (66.271%))
  Logic Levels:           0  
  Clock Path Skew:        0.022ns (DCD - SCD - CPR)
    Destination Clock Delay (DCD):    0.432ns
    Source Clock Delay      (SCD):    0.410ns
    Clock Pessimism Removal (CPR):    -0.000ns

    Location             Delay type                Incr(ns)  Path(ns)    Netlist Resource(s)
  -------------------------------------------------------------------    -------------------
                         (clock source_100 rise edge)
                                                      0.000     0.000 r  
                                                      0.000     0.000 r  clk (IN)
                         net (fo=183, unset)          0.410     0.410    source_bank/clk
    SLICE_X7Y6           FDRE                                         r  source_bank/write_position_reg[3]/C
  -------------------------------------------------------------------    -------------------
    SLICE_X7Y6           FDRE (Prop_fdre_C_Q)         0.128     0.538 r  source_bank/write_position_reg[3]/Q
                         net (fo=6, routed)           0.251     0.790    source_bank/write_position[3]
    RAMB18_X0Y3          RAMB18E1                                     r  source_bank/payload_memory_reg/ADDRBWRADDR[8]
  -------------------------------------------------------------------    -------------------

                         (clock source_100 rise edge)
                                                      0.000     0.000 r  
                                                      0.000     0.000 r  clk (IN)
                         net (fo=183, unset)          0.432     0.432    source_bank/clk
    RAMB18_X0Y3          RAMB18E1                                     r  source_bank/payload_memory_reg/CLKBWRCLK
                         clock pessimism              0.000     0.432    
    RAMB18_X0Y3          RAMB18E1 (Hold_ramb18e1_CLKBWRCLK_ADDRBWRADDR[8])
                                                      0.130     0.562    source_bank/payload_memory_reg
  -------------------------------------------------------------------
                         required time                         -0.562    
                         arrival time                           0.790    
  -------------------------------------------------------------------
                         slack                                  0.228    

Slack (MET) :             0.233ns  (arrival time - required time)
  Source:                 output_bank/reading_reg/C
                            (rising edge-triggered cell FDRE clocked by source_100  {rise@0.000ns fall@5.000ns period=10.000ns})
  Destination:            output_bank/read_all_loaded_reg/D
                            (rising edge-triggered cell FDRE clocked by source_100  {rise@0.000ns fall@5.000ns period=10.000ns})
  Path Group:             source_100
  Path Type:              Hold (Min at Fast Process Corner)
  Requirement:            0.000ns  (source_100 rise@0.000ns - source_100 rise@0.000ns)
  Data Path Delay:        0.345ns  (logic 0.186ns (53.859%)  route 0.159ns (46.141%))
  Logic Levels:           1  (LUT5=1)
  Clock Path Skew:        0.022ns (DCD - SCD - CPR)
    Destination Clock Delay (DCD):    0.432ns
    Source Clock Delay      (SCD):    0.410ns
    Clock Pessimism Removal (CPR):    -0.000ns

    Location             Delay type                Incr(ns)  Path(ns)    Netlist Resource(s)
  -------------------------------------------------------------------    -------------------
                         (clock source_100 rise edge)
                                                      0.000     0.000 r  
                                                      0.000     0.000 r  clk (IN)
                         net (fo=183, unset)          0.410     0.410    output_bank/clk
    SLICE_X9Y1           FDRE                                         r  output_bank/reading_reg/C
  -------------------------------------------------------------------    -------------------
    SLICE_X9Y1           FDRE (Prop_fdre_C_Q)         0.141     0.551 r  output_bank/reading_reg/Q
                         net (fo=5, routed)           0.159     0.710    output_bank/reading
    SLICE_X9Y2           LUT5 (Prop_lut5_I0_O)        0.045     0.755 r  output_bank/read_all_loaded_i_1__1/O
                         net (fo=1, routed)           0.000     0.755    output_bank/read_all_loaded_i_1__1_n_0
    SLICE_X9Y2           FDRE                                         r  output_bank/read_all_loaded_reg/D
  -------------------------------------------------------------------    -------------------

                         (clock source_100 rise edge)
                                                      0.000     0.000 r  
                                                      0.000     0.000 r  clk (IN)
                         net (fo=183, unset)          0.432     0.432    output_bank/clk
    SLICE_X9Y2           FDRE                                         r  output_bank/read_all_loaded_reg/C
                         clock pessimism              0.000     0.432    
    SLICE_X9Y2           FDRE (Hold_fdre_C_D)         0.091     0.523    output_bank/read_all_loaded_reg
  -------------------------------------------------------------------
                         required time                         -0.523    
                         arrival time                           0.755    
  -------------------------------------------------------------------
                         slack                                  0.233    

Slack (MET) :             0.235ns  (arrival time - required time)
  Source:                 source_bank/write_position_reg[7]/C
                            (rising edge-triggered cell FDRE clocked by source_100  {rise@0.000ns fall@5.000ns period=10.000ns})
  Destination:            source_bank/payload_memory_reg/ADDRBWRADDR[12]
                            (rising edge-triggered cell RAMB18E1 clocked by source_100  {rise@0.000ns fall@5.000ns period=10.000ns})
  Path Group:             source_100
  Path Type:              Hold (Min at Fast Process Corner)
  Requirement:            0.000ns  (source_100 rise@0.000ns - source_100 rise@0.000ns)
  Data Path Delay:        0.387ns  (logic 0.128ns (33.084%)  route 0.259ns (66.916%))
  Logic Levels:           0  
  Clock Path Skew:        0.022ns (DCD - SCD - CPR)
    Destination Clock Delay (DCD):    0.432ns
    Source Clock Delay      (SCD):    0.410ns
    Clock Pessimism Removal (CPR):    -0.000ns

    Location             Delay type                Incr(ns)  Path(ns)    Netlist Resource(s)
  -------------------------------------------------------------------    -------------------
                         (clock source_100 rise edge)
                                                      0.000     0.000 r  
                                                      0.000     0.000 r  clk (IN)
                         net (fo=183, unset)          0.410     0.410    source_bank/clk
    SLICE_X7Y4           FDRE                                         r  source_bank/write_position_reg[7]/C
  -------------------------------------------------------------------    -------------------
    SLICE_X7Y4           FDRE (Prop_fdre_C_Q)         0.128     0.538 r  source_bank/write_position_reg[7]/Q
                         net (fo=6, routed)           0.259     0.797    source_bank/write_position[7]
    RAMB18_X0Y3          RAMB18E1                                     r  source_bank/payload_memory_reg/ADDRBWRADDR[12]
  -------------------------------------------------------------------    -------------------

                         (clock source_100 rise edge)
                                                      0.000     0.000 r  
                                                      0.000     0.000 r  clk (IN)
                         net (fo=183, unset)          0.432     0.432    source_bank/clk
    RAMB18_X0Y3          RAMB18E1                                     r  source_bank/payload_memory_reg/CLKBWRCLK
                         clock pessimism              0.000     0.432    
    RAMB18_X0Y3          RAMB18E1 (Hold_ramb18e1_CLKBWRCLK_ADDRBWRADDR[12])
                                                      0.130     0.562    source_bank/payload_memory_reg
  -------------------------------------------------------------------
                         required time                         -0.562    
                         arrival time                           0.797    
  -------------------------------------------------------------------
                         slack                                  0.235    

Slack (MET) :             0.239ns  (arrival time - required time)
  Source:                 source_bank/write_position_reg[0]/C
                            (rising edge-triggered cell FDRE clocked by source_100  {rise@0.000ns fall@5.000ns period=10.000ns})
  Destination:            source_bank/payload_memory_reg/ADDRBWRADDR[5]
                            (rising edge-triggered cell RAMB18E1 clocked by source_100  {rise@0.000ns fall@5.000ns period=10.000ns})
  Path Group:             source_100
  Path Type:              Hold (Min at Fast Process Corner)
  Requirement:            0.000ns  (source_100 rise@0.000ns - source_100 rise@0.000ns)
  Data Path Delay:        0.443ns  (logic 0.141ns (31.817%)  route 0.302ns (68.183%))
  Logic Levels:           0  
  Clock Path Skew:        0.022ns (DCD - SCD - CPR)
    Destination Clock Delay (DCD):    0.432ns
    Source Clock Delay      (SCD):    0.410ns
    Clock Pessimism Removal (CPR):    -0.000ns

    Location             Delay type                Incr(ns)  Path(ns)    Netlist Resource(s)
  -------------------------------------------------------------------    -------------------
                         (clock source_100 rise edge)
                                                      0.000     0.000 r  
                                                      0.000     0.000 r  clk (IN)
                         net (fo=183, unset)          0.410     0.410    source_bank/clk
    SLICE_X7Y4           FDRE                                         r  source_bank/write_position_reg[0]/C
  -------------------------------------------------------------------    -------------------
    SLICE_X7Y4           FDRE (Prop_fdre_C_Q)         0.141     0.551 r  source_bank/write_position_reg[0]/Q
                         net (fo=9, routed)           0.302     0.853    source_bank/write_position[0]
    RAMB18_X0Y3          RAMB18E1                                     r  source_bank/payload_memory_reg/ADDRBWRADDR[5]
  -------------------------------------------------------------------    -------------------

                         (clock source_100 rise edge)
                                                      0.000     0.000 r  
                                                      0.000     0.000 r  clk (IN)
                         net (fo=183, unset)          0.432     0.432    source_bank/clk
    RAMB18_X0Y3          RAMB18E1                                     r  source_bank/payload_memory_reg/CLKBWRCLK
                         clock pessimism              0.000     0.432    
    RAMB18_X0Y3          RAMB18E1 (Hold_ramb18e1_CLKBWRCLK_ADDRBWRADDR[5])
                                                      0.183     0.615    source_bank/payload_memory_reg
  -------------------------------------------------------------------
                         required time                         -0.615    
                         arrival time                           0.853    
  -------------------------------------------------------------------
                         slack                                  0.239    

Slack (MET) :             0.242ns  (arrival time - required time)
  Source:                 source_bank/write_position_reg[0]/C
                            (rising edge-triggered cell FDRE clocked by source_100  {rise@0.000ns fall@5.000ns period=10.000ns})
  Destination:            source_bank/write_position_reg[0]/D
                            (rising edge-triggered cell FDRE clocked by source_100  {rise@0.000ns fall@5.000ns period=10.000ns})
  Path Group:             source_100
  Path Type:              Hold (Min at Fast Process Corner)
  Requirement:            0.000ns  (source_100 rise@0.000ns - source_100 rise@0.000ns)
  Data Path Delay:        0.354ns  (logic 0.186ns (52.507%)  route 0.168ns (47.493%))
  Logic Levels:           1  (LUT2=1)
  Clock Path Skew:        0.022ns (DCD - SCD - CPR)
    Destination Clock Delay (DCD):    0.432ns
    Source Clock Delay      (SCD):    0.410ns
    Clock Pessimism Removal (CPR):    -0.000ns

    Location             Delay type                Incr(ns)  Path(ns)    Netlist Resource(s)
  -------------------------------------------------------------------    -------------------
                         (clock source_100 rise edge)
                                                      0.000     0.000 r  
                                                      0.000     0.000 r  clk (IN)
                         net (fo=183, unset)          0.410     0.410    source_bank/clk
    SLICE_X7Y4           FDRE                                         r  source_bank/write_position_reg[0]/C
  -------------------------------------------------------------------    -------------------
    SLICE_X7Y4           FDRE (Prop_fdre_C_Q)         0.141     0.551 f  source_bank/write_position_reg[0]/Q
                         net (fo=9, routed)           0.168     0.719    source_bank/write_position[0]
    SLICE_X7Y4           LUT2 (Prop_lut2_I1_O)        0.045     0.764 r  source_bank/write_position[0]_i_1/O
                         net (fo=1, routed)           0.000     0.764    source_bank/write_position__0[0]
    SLICE_X7Y4           FDRE                                         r  source_bank/write_position_reg[0]/D
  -------------------------------------------------------------------    -------------------

                         (clock source_100 rise edge)
                                                      0.000     0.000 r  
                                                      0.000     0.000 r  clk (IN)
                         net (fo=183, unset)          0.432     0.432    source_bank/clk
    SLICE_X7Y4           FDRE                                         r  source_bank/write_position_reg[0]/C
                         clock pessimism              0.000     0.432    
    SLICE_X7Y4           FDRE (Hold_fdre_C_D)         0.091     0.523    source_bank/write_position_reg[0]
  -------------------------------------------------------------------
                         required time                         -0.523    
                         arrival time                           0.764    
  -------------------------------------------------------------------
                         slack                                  0.242    

Slack (MET) :             0.244ns  (arrival time - required time)
  Source:                 source_bank/write_position_reg[3]/C
                            (rising edge-triggered cell FDRE clocked by source_100  {rise@0.000ns fall@5.000ns period=10.000ns})
  Destination:            source_bank/write_position_reg[4]/D
                            (rising edge-triggered cell FDRE clocked by source_100  {rise@0.000ns fall@5.000ns period=10.000ns})
  Path Group:             source_100
  Path Type:              Hold (Min at Fast Process Corner)
  Requirement:            0.000ns  (source_100 rise@0.000ns - source_100 rise@0.000ns)
  Data Path Delay:        0.358ns  (logic 0.226ns (63.156%)  route 0.132ns (36.844%))
  Logic Levels:           1  (LUT6=1)
  Clock Path Skew:        0.022ns (DCD - SCD - CPR)
    Destination Clock Delay (DCD):    0.432ns
    Source Clock Delay      (SCD):    0.410ns
    Clock Pessimism Removal (CPR):    -0.000ns

    Location             Delay type                Incr(ns)  Path(ns)    Netlist Resource(s)
  -------------------------------------------------------------------    -------------------
                         (clock source_100 rise edge)
                                                      0.000     0.000 r  
                                                      0.000     0.000 r  clk (IN)
                         net (fo=183, unset)          0.410     0.410    source_bank/clk
    SLICE_X7Y6           FDRE                                         r  source_bank/write_position_reg[3]/C
  -------------------------------------------------------------------    -------------------
    SLICE_X7Y6           FDRE (Prop_fdre_C_Q)         0.128     0.538 r  source_bank/write_position_reg[3]/Q
                         net (fo=6, routed)           0.132     0.670    source_bank/write_position[3]
    SLICE_X7Y6           LUT6 (Prop_lut6_I1_O)        0.098     0.768 r  source_bank/write_position[4]_i_1/O
                         net (fo=1, routed)           0.000     0.768    source_bank/write_position__0[4]
    SLICE_X7Y6           FDRE                                         r  source_bank/write_position_reg[4]/D
  -------------------------------------------------------------------    -------------------

                         (clock source_100 rise edge)
                                                      0.000     0.000 r  
                                                      0.000     0.000 r  clk (IN)
                         net (fo=183, unset)          0.432     0.432    source_bank/clk
    SLICE_X7Y6           FDRE                                         r  source_bank/write_position_reg[4]/C
                         clock pessimism              0.000     0.432    
    SLICE_X7Y6           FDRE (Hold_fdre_C_D)         0.092     0.524    source_bank/write_position_reg[4]
  -------------------------------------------------------------------
                         required time                         -0.524    
                         arrival time                           0.768    
  -------------------------------------------------------------------
                         slack                                  0.244    

Slack (MET) :             0.250ns  (arrival time - required time)
  Source:                 source_bank/write_position_reg[1]/C
                            (rising edge-triggered cell FDRE clocked by source_100  {rise@0.000ns fall@5.000ns period=10.000ns})
  Destination:            source_bank/write_position_reg[3]/D
                            (rising edge-triggered cell FDRE clocked by source_100  {rise@0.000ns fall@5.000ns period=10.000ns})
  Path Group:             source_100
  Path Type:              Hold (Min at Fast Process Corner)
  Requirement:            0.000ns  (source_100 rise@0.000ns - source_100 rise@0.000ns)
  Data Path Delay:        0.379ns  (logic 0.184ns (48.612%)  route 0.195ns (51.388%))
  Logic Levels:           1  (LUT5=1)
  Clock Path Skew:        0.022ns (DCD - SCD - CPR)
    Destination Clock Delay (DCD):    0.432ns
    Source Clock Delay      (SCD):    0.410ns
    Clock Pessimism Removal (CPR):    -0.000ns

    Location             Delay type                Incr(ns)  Path(ns)    Netlist Resource(s)
  -------------------------------------------------------------------    -------------------
                         (clock source_100 rise edge)
                                                      0.000     0.000 r  
                                                      0.000     0.000 r  clk (IN)
                         net (fo=183, unset)          0.410     0.410    source_bank/clk
    SLICE_X7Y6           FDRE                                         r  source_bank/write_position_reg[1]/C
  -------------------------------------------------------------------    -------------------
    SLICE_X7Y6           FDRE (Prop_fdre_C_Q)         0.141     0.551 r  source_bank/write_position_reg[1]/Q
                         net (fo=8, routed)           0.195     0.746    source_bank/write_position[1]
    SLICE_X7Y6           LUT5 (Prop_lut5_I2_O)        0.043     0.789 r  source_bank/write_position[3]_i_1/O
                         net (fo=1, routed)           0.000     0.789    source_bank/write_position__0[3]
    SLICE_X7Y6           FDRE                                         r  source_bank/write_position_reg[3]/D
  -------------------------------------------------------------------    -------------------

                         (clock source_100 rise edge)
                                                      0.000     0.000 r  
                                                      0.000     0.000 r  clk (IN)
                         net (fo=183, unset)          0.432     0.432    source_bank/clk
    SLICE_X7Y6           FDRE                                         r  source_bank/write_position_reg[3]/C
                         clock pessimism              0.000     0.432    
    SLICE_X7Y6           FDRE (Hold_fdre_C_D)         0.107     0.539    source_bank/write_position_reg[3]
  -------------------------------------------------------------------
                         required time                         -0.539    
                         arrival time                           0.789    
  -------------------------------------------------------------------
                         slack                                  0.250    

Slack (MET) :             0.253ns  (arrival time - required time)
  Source:                 output_bank/read_valid_reg/C
                            (rising edge-triggered cell FDRE clocked by source_100  {rise@0.000ns fall@5.000ns period=10.000ns})
  Destination:            output_bank/read_valid_reg/D
                            (rising edge-triggered cell FDRE clocked by source_100  {rise@0.000ns fall@5.000ns period=10.000ns})
  Path Group:             source_100
  Path Type:              Hold (Min at Fast Process Corner)
  Requirement:            0.000ns  (source_100 rise@0.000ns - source_100 rise@0.000ns)
  Data Path Delay:        0.365ns  (logic 0.186ns (50.940%)  route 0.179ns (49.060%))
  Logic Levels:           1  (LUT4=1)
  Clock Path Skew:        0.022ns (DCD - SCD - CPR)
    Destination Clock Delay (DCD):    0.432ns
    Source Clock Delay      (SCD):    0.410ns
    Clock Pessimism Removal (CPR):    -0.000ns

    Location             Delay type                Incr(ns)  Path(ns)    Netlist Resource(s)
  -------------------------------------------------------------------    -------------------
                         (clock source_100 rise edge)
                                                      0.000     0.000 r  
                                                      0.000     0.000 r  clk (IN)
                         net (fo=183, unset)          0.410     0.410    output_bank/clk
    SLICE_X9Y3           FDRE                                         r  output_bank/read_valid_reg/C
  -------------------------------------------------------------------    -------------------
    SLICE_X9Y3           FDRE (Prop_fdre_C_Q)         0.141     0.551 r  output_bank/read_valid_reg/Q
                         net (fo=4, routed)           0.179     0.730    output_bank/read_valid
    SLICE_X9Y3           LUT4 (Prop_lut4_I1_O)        0.045     0.775 r  output_bank/read_valid_i_1/O
                         net (fo=1, routed)           0.000     0.775    output_bank/read_valid_i_1_n_0
    SLICE_X9Y3           FDRE                                         r  output_bank/read_valid_reg/D
  -------------------------------------------------------------------    -------------------

                         (clock source_100 rise edge)
                                                      0.000     0.000 r  
                                                      0.000     0.000 r  clk (IN)
                         net (fo=183, unset)          0.432     0.432    output_bank/clk
    SLICE_X9Y3           FDRE                                         r  output_bank/read_valid_reg/C
                         clock pessimism              0.000     0.432    
    SLICE_X9Y3           FDRE (Hold_fdre_C_D)         0.091     0.523    output_bank/read_valid_reg
  -------------------------------------------------------------------
                         required time                         -0.523    
                         arrival time                           0.775    
  -------------------------------------------------------------------
                         slack                                  0.253    

Slack (MET) :             0.255ns  (arrival time - required time)
  Source:                 source_bank/input_fault_reg/C
                            (rising edge-triggered cell FDRE clocked by source_100  {rise@0.000ns fall@5.000ns period=10.000ns})
  Destination:            source_bank/input_fault_reg/D
                            (rising edge-triggered cell FDRE clocked by source_100  {rise@0.000ns fall@5.000ns period=10.000ns})
  Path Group:             source_100
  Path Type:              Hold (Min at Fast Process Corner)
  Requirement:            0.000ns  (source_100 rise@0.000ns - source_100 rise@0.000ns)
  Data Path Delay:        0.397ns  (logic 0.209ns (52.678%)  route 0.188ns (47.321%))
  Logic Levels:           1  (LUT5=1)
  Clock Path Skew:        0.022ns (DCD - SCD - CPR)
    Destination Clock Delay (DCD):    0.432ns
    Source Clock Delay      (SCD):    0.410ns
    Clock Pessimism Removal (CPR):    -0.000ns

    Location             Delay type                Incr(ns)  Path(ns)    Netlist Resource(s)
  -------------------------------------------------------------------    -------------------
                         (clock source_100 rise edge)
                                                      0.000     0.000 r  
                                                      0.000     0.000 r  clk (IN)
                         net (fo=183, unset)          0.410     0.410    source_bank/clk
    SLICE_X8Y6           FDRE                                         r  source_bank/input_fault_reg/C
  -------------------------------------------------------------------    -------------------
    SLICE_X8Y6           FDRE (Prop_fdre_C_Q)         0.164     0.574 r  source_bank/input_fault_reg/Q
                         net (fo=4, routed)           0.188     0.762    source_bank/source_fault
    SLICE_X8Y6           LUT5 (Prop_lut5_I4_O)        0.045     0.807 r  source_bank/input_fault_i_1__0/O
                         net (fo=1, routed)           0.000     0.807    source_bank/input_fault_i_1__0_n_0
    SLICE_X8Y6           FDRE                                         r  source_bank/input_fault_reg/D
  -------------------------------------------------------------------    -------------------

                         (clock source_100 rise edge)
                                                      0.000     0.000 r  
                                                      0.000     0.000 r  clk (IN)
                         net (fo=183, unset)          0.432     0.432    source_bank/clk
    SLICE_X8Y6           FDRE                                         r  source_bank/input_fault_reg/C
                         clock pessimism              0.000     0.432    
    SLICE_X8Y6           FDRE (Hold_fdre_C_D)         0.120     0.552    source_bank/input_fault_reg
  -------------------------------------------------------------------
                         required time                         -0.552    
                         arrival time                           0.807    
  -------------------------------------------------------------------
                         slack                                  0.255    

Slack (MET) :             0.256ns  (arrival time - required time)
  Source:                 output_bank/acknowledge_toggle_reg/C
                            (rising edge-triggered cell FDRE clocked by source_100  {rise@0.000ns fall@5.000ns period=10.000ns})
  Destination:            output_bank/acknowledge_toggle_reg/D
                            (rising edge-triggered cell FDRE clocked by source_100  {rise@0.000ns fall@5.000ns period=10.000ns})
  Path Group:             source_100
  Path Type:              Hold (Min at Fast Process Corner)
  Requirement:            0.000ns  (source_100 rise@0.000ns - source_100 rise@0.000ns)
  Data Path Delay:        0.370ns  (logic 0.186ns (50.292%)  route 0.184ns (49.708%))
  Logic Levels:           1  (LUT3=1)
  Clock Path Skew:        0.022ns (DCD - SCD - CPR)
    Destination Clock Delay (DCD):    0.432ns
    Source Clock Delay      (SCD):    0.410ns
    Clock Pessimism Removal (CPR):    -0.000ns

    Location             Delay type                Incr(ns)  Path(ns)    Netlist Resource(s)
  -------------------------------------------------------------------    -------------------
                         (clock source_100 rise edge)
                                                      0.000     0.000 r  
                                                      0.000     0.000 r  clk (IN)
                         net (fo=183, unset)          0.410     0.410    output_bank/clk
    SLICE_X11Y1          FDRE                                         r  output_bank/acknowledge_toggle_reg/C
  -------------------------------------------------------------------    -------------------
    SLICE_X11Y1          FDRE (Prop_fdre_C_Q)         0.141     0.551 r  output_bank/acknowledge_toggle_reg/Q
                         net (fo=6, routed)           0.184     0.735    output_bank/acknowledge_toggle
    SLICE_X11Y1          LUT3 (Prop_lut3_I0_O)        0.045     0.780 r  output_bank/acknowledge_toggle_i_1__1/O
                         net (fo=1, routed)           0.000     0.780    output_bank/acknowledge_toggle_i_1__1_n_0
    SLICE_X11Y1          FDRE                                         r  output_bank/acknowledge_toggle_reg/D
  -------------------------------------------------------------------    -------------------

                         (clock source_100 rise edge)
                                                      0.000     0.000 r  
                                                      0.000     0.000 r  clk (IN)
                         net (fo=183, unset)          0.432     0.432    output_bank/clk
    SLICE_X11Y1          FDRE                                         r  output_bank/acknowledge_toggle_reg/C
                         clock pessimism              0.000     0.432    
    SLICE_X11Y1          FDRE (Hold_fdre_C_D)         0.092     0.524    output_bank/acknowledge_toggle_reg
  -------------------------------------------------------------------
                         required time                         -0.524    
                         arrival time                           0.780    
  -------------------------------------------------------------------
                         slack                                  0.256    

Slack (MET) :             0.261ns  (arrival time - required time)
  Source:                 output_bank/read_address_reg[3]/C
                            (rising edge-triggered cell FDRE clocked by source_100  {rise@0.000ns fall@5.000ns period=10.000ns})
  Destination:            output_bank/read_address_reg[4]/D
                            (rising edge-triggered cell FDRE clocked by source_100  {rise@0.000ns fall@5.000ns period=10.000ns})
  Path Group:             source_100
  Path Type:              Hold (Min at Fast Process Corner)
  Requirement:            0.000ns  (source_100 rise@0.000ns - source_100 rise@0.000ns)
  Data Path Delay:        0.404ns  (logic 0.247ns (61.211%)  route 0.157ns (38.789%))
  Logic Levels:           1  (LUT6=1)
  Clock Path Skew:        0.022ns (DCD - SCD - CPR)
    Destination Clock Delay (DCD):    0.432ns
    Source Clock Delay      (SCD):    0.410ns
    Clock Pessimism Removal (CPR):    -0.000ns

    Location             Delay type                Incr(ns)  Path(ns)    Netlist Resource(s)
  -------------------------------------------------------------------    -------------------
                         (clock source_100 rise edge)
                                                      0.000     0.000 r  
                                                      0.000     0.000 r  clk (IN)
                         net (fo=183, unset)          0.410     0.410    output_bank/clk
    SLICE_X8Y3           FDRE                                         r  output_bank/read_address_reg[3]/C
  -------------------------------------------------------------------    -------------------
    SLICE_X8Y3           FDRE (Prop_fdre_C_Q)         0.148     0.558 r  output_bank/read_address_reg[3]/Q
                         net (fo=5, routed)           0.157     0.715    output_bank/read_address[3]
    SLICE_X8Y3           LUT6 (Prop_lut6_I4_O)        0.099     0.814 r  output_bank/read_address[4]_i_1/O
                         net (fo=1, routed)           0.000     0.814    output_bank/read_address[4]_i_1_n_0
    SLICE_X8Y3           FDRE                                         r  output_bank/read_address_reg[4]/D
  -------------------------------------------------------------------    -------------------

                         (clock source_100 rise edge)
                                                      0.000     0.000 r  
                                                      0.000     0.000 r  clk (IN)
                         net (fo=183, unset)          0.432     0.432    output_bank/clk
    SLICE_X8Y3           FDRE                                         r  output_bank/read_address_reg[4]/C
                         clock pessimism              0.000     0.432    
    SLICE_X8Y3           FDRE (Hold_fdre_C_D)         0.121     0.553    output_bank/read_address_reg[4]
  -------------------------------------------------------------------
                         required time                         -0.553    
                         arrival time                           0.814    
  -------------------------------------------------------------------
                         slack                                  0.261    

Slack (MET) :             0.266ns  (arrival time - required time)
  Source:                 output_bank/read_address_reg[0]/C
                            (rising edge-triggered cell FDRE clocked by source_100  {rise@0.000ns fall@5.000ns period=10.000ns})
  Destination:            output_bank/read_address_reg[1]/D
                            (rising edge-triggered cell FDRE clocked by source_100  {rise@0.000ns fall@5.000ns period=10.000ns})
  Path Group:             source_100
  Path Type:              Hold (Min at Fast Process Corner)
  Requirement:            0.000ns  (source_100 rise@0.000ns - source_100 rise@0.000ns)
  Data Path Delay:        0.419ns  (logic 0.207ns (49.401%)  route 0.212ns (50.599%))
  Logic Levels:           1  (LUT3=1)
  Clock Path Skew:        0.022ns (DCD - SCD - CPR)
    Destination Clock Delay (DCD):    0.432ns
    Source Clock Delay      (SCD):    0.410ns
    Clock Pessimism Removal (CPR):    -0.000ns

    Location             Delay type                Incr(ns)  Path(ns)    Netlist Resource(s)
  -------------------------------------------------------------------    -------------------
                         (clock source_100 rise edge)
                                                      0.000     0.000 r  
                                                      0.000     0.000 r  clk (IN)
                         net (fo=183, unset)          0.410     0.410    output_bank/clk
    SLICE_X8Y3           FDRE                                         r  output_bank/read_address_reg[0]/C
  -------------------------------------------------------------------    -------------------
    SLICE_X8Y3           FDRE (Prop_fdre_C_Q)         0.164     0.574 r  output_bank/read_address_reg[0]/Q
                         net (fo=8, routed)           0.212     0.786    output_bank/read_address[0]
    SLICE_X8Y3           LUT3 (Prop_lut3_I1_O)        0.043     0.829 r  output_bank/read_address[1]_i_1/O
                         net (fo=1, routed)           0.000     0.829    output_bank/read_address[1]_i_1_n_0
    SLICE_X8Y3           FDRE                                         r  output_bank/read_address_reg[1]/D
  -------------------------------------------------------------------    -------------------

                         (clock source_100 rise edge)
                                                      0.000     0.000 r  
                                                      0.000     0.000 r  clk (IN)
                         net (fo=183, unset)          0.432     0.432    output_bank/clk
    SLICE_X8Y3           FDRE                                         r  output_bank/read_address_reg[1]/C
                         clock pessimism              0.000     0.432    
    SLICE_X8Y3           FDRE (Hold_fdre_C_D)         0.131     0.563    output_bank/read_address_reg[1]
  -------------------------------------------------------------------
                         required time                         -0.563    
                         arrival time                           0.829    
  -------------------------------------------------------------------
                         slack                                  0.266    




