Copyright 1986-2022 Xilinx, Inc. All Rights Reserved.
---------------------------------------------------------------------------------------------------------------------------------------------------------------------------------------------------------------------
| Tool Version : Vivado v.2022.2 (lin64) Build 3671981 Fri Oct 14 04:59:54 MDT 2022
| Date         : Thu Sep 10 09:51:22 2026
| Host         : gauss running 64-bit Ubuntu 26.04 LTS
| Command      : report_timing -from [get_clocks source_100] -to [get_clocks source_100] -delay_type max -max_paths 20 -file /tmp/starlink-completed-input.5EaJuD/exact-control-combined-route-v1/source_100_max.rpt
| Design       : starlink_pss_fft_bank_owned_slice
| Device       : 7z010-clg400
| Speed File   : -1  PRODUCTION 1.12 2019-11-22
---------------------------------------------------------------------------------------------------------------------------------------------------------------------------------------------------------------------

Timing Report

Slack (MET) :             2.217ns  (required time - arrival time)
  Source:                 source_bank/metadata_in_hold_reg[6]/C
                            (rising edge-triggered cell FDRE clocked by source_100  {rise@0.000ns fall@5.000ns period=10.000ns})
  Destination:            source_bank/write_position_reg[0]/CE
                            (rising edge-triggered cell FDRE clocked by source_100  {rise@0.000ns fall@5.000ns period=10.000ns})
  Path Group:             source_100
  Path Type:              Setup (Max at Slow Process Corner)
  Requirement:            10.000ns  (source_100 rise@10.000ns - source_100 rise@0.000ns)
  Data Path Delay:        7.290ns  (logic 2.548ns (34.954%)  route 4.742ns (65.046%))
  Logic Levels:           9  (CARRY4=6 LUT4=1 LUT5=1 LUT6=1)
  Clock Path Skew:        -0.049ns (DCD - SCD + CPR)
    Destination Clock Delay (DCD):    0.924ns = ( 10.924 - 10.000 ) 
    Source Clock Delay      (SCD):    0.973ns
    Clock Pessimism Removal (CPR):    0.000ns
  Clock Uncertainty:      0.035ns  ((TSJ^2 + TIJ^2)^1/2 + DJ) / 2 + PE
    Total System Jitter     (TSJ):    0.071ns
    Total Input Jitter      (TIJ):    0.000ns
    Discrete Jitter          (DJ):    0.000ns
    Phase Error              (PE):    0.000ns

    Location             Delay type                Incr(ns)  Path(ns)    Netlist Resource(s)
  -------------------------------------------------------------------    -------------------
                         (clock source_100 rise edge)
                                                      0.000     0.000 r  
                                                      0.000     0.000 r  clk (IN)
                         net (fo=183, unset)          0.973     0.973    source_bank/clk
    SLICE_X34Y3          FDRE                                         r  source_bank/metadata_in_hold_reg[6]/C
  -------------------------------------------------------------------    -------------------
    SLICE_X34Y3          FDRE (Prop_fdre_C_Q)         0.518     1.491 r  source_bank/metadata_in_hold_reg[6]/Q
                         net (fo=2, routed)           1.013     2.504    source_bank/metadata_in_hold[6]
    SLICE_X34Y3          LUT6 (Prop_lut6_I1_O)        0.124     2.628 r  source_bank/metadata_matches__0_carry_i_5/O
                         net (fo=1, routed)           0.450     3.078    source_bank/metadata_matches__0_carry_i_5_n_0
    SLICE_X35Y4          CARRY4 (Prop_carry4_S[0]_CO[3])
                                                      0.656     3.734 r  source_bank/metadata_matches__0_carry/CO[3]
                         net (fo=1, routed)           0.000     3.734    source_bank/metadata_matches__0_carry_n_0
    SLICE_X35Y5          CARRY4 (Prop_carry4_CI_CO[3])
                                                      0.114     3.848 r  source_bank/metadata_matches__0_carry__0/CO[3]
                         net (fo=1, routed)           0.000     3.848    source_bank/metadata_matches__0_carry__0_n_0
    SLICE_X35Y6          CARRY4 (Prop_carry4_CI_CO[3])
                                                      0.114     3.962 r  source_bank/metadata_matches__0_carry__1/CO[3]
                         net (fo=1, routed)           0.000     3.962    source_bank/metadata_matches__0_carry__1_n_0
    SLICE_X35Y7          CARRY4 (Prop_carry4_CI_CO[3])
                                                      0.114     4.076 r  source_bank/metadata_matches__0_carry__2/CO[3]
                         net (fo=1, routed)           0.000     4.076    source_bank/metadata_matches__0_carry__2_n_0
    SLICE_X35Y8          CARRY4 (Prop_carry4_CI_CO[3])
                                                      0.114     4.190 r  source_bank/metadata_matches__0_carry__3/CO[3]
                         net (fo=1, routed)           0.000     4.190    source_bank/metadata_matches__0_carry__3_n_0
    SLICE_X35Y9          CARRY4 (Prop_carry4_CI_CO[0])
                                                      0.271     4.461 r  source_bank/metadata_matches__0_carry__4/CO[0]
                         net (fo=1, routed)           1.948     6.409    source_bank/metadata_matches
    SLICE_X8Y6           LUT5 (Prop_lut5_I2_O)        0.373     6.782 r  source_bank/write_position[8]_i_3/O
                         net (fo=3, routed)           0.832     7.614    source_bank/input_framing_valid__2
    SLICE_X8Y5           LUT4 (Prop_lut4_I3_O)        0.150     7.764 r  source_bank/write_position[8]_i_1__1/O
                         net (fo=9, routed)           0.499     8.263    source_bank/write_position[8]_i_1__1_n_0
    SLICE_X7Y4           FDRE                                         r  source_bank/write_position_reg[0]/CE
  -------------------------------------------------------------------    -------------------

                         (clock source_100 rise edge)
                                                     10.000    10.000 r  
                                                      0.000    10.000 r  clk (IN)
                         net (fo=183, unset)          0.924    10.924    source_bank/clk
    SLICE_X7Y4           FDRE                                         r  source_bank/write_position_reg[0]/C
                         clock pessimism              0.000    10.924    
                         clock uncertainty           -0.035    10.889    
    SLICE_X7Y4           FDRE (Setup_fdre_C_CE)      -0.409    10.480    source_bank/write_position_reg[0]
  -------------------------------------------------------------------
                         required time                         10.480    
                         arrival time                          -8.263    
  -------------------------------------------------------------------
                         slack                                  2.217    

Slack (MET) :             2.217ns  (required time - arrival time)
  Source:                 source_bank/metadata_in_hold_reg[6]/C
                            (rising edge-triggered cell FDRE clocked by source_100  {rise@0.000ns fall@5.000ns period=10.000ns})
  Destination:            source_bank/write_position_reg[5]/CE
                            (rising edge-triggered cell FDRE clocked by source_100  {rise@0.000ns fall@5.000ns period=10.000ns})
  Path Group:             source_100
  Path Type:              Setup (Max at Slow Process Corner)
  Requirement:            10.000ns  (source_100 rise@10.000ns - source_100 rise@0.000ns)
  Data Path Delay:        7.290ns  (logic 2.548ns (34.954%)  route 4.742ns (65.046%))
  Logic Levels:           9  (CARRY4=6 LUT4=1 LUT5=1 LUT6=1)
  Clock Path Skew:        -0.049ns (DCD - SCD + CPR)
    Destination Clock Delay (DCD):    0.924ns = ( 10.924 - 10.000 ) 
    Source Clock Delay      (SCD):    0.973ns
    Clock Pessimism Removal (CPR):    0.000ns
  Clock Uncertainty:      0.035ns  ((TSJ^2 + TIJ^2)^1/2 + DJ) / 2 + PE
    Total System Jitter     (TSJ):    0.071ns
    Total Input Jitter      (TIJ):    0.000ns
    Discrete Jitter          (DJ):    0.000ns
    Phase Error              (PE):    0.000ns

    Location             Delay type                Incr(ns)  Path(ns)    Netlist Resource(s)
  -------------------------------------------------------------------    -------------------
                         (clock source_100 rise edge)
                                                      0.000     0.000 r  
                                                      0.000     0.000 r  clk (IN)
                         net (fo=183, unset)          0.973     0.973    source_bank/clk
    SLICE_X34Y3          FDRE                                         r  source_bank/metadata_in_hold_reg[6]/C
  -------------------------------------------------------------------    -------------------
    SLICE_X34Y3          FDRE (Prop_fdre_C_Q)         0.518     1.491 r  source_bank/metadata_in_hold_reg[6]/Q
                         net (fo=2, routed)           1.013     2.504    source_bank/metadata_in_hold[6]
    SLICE_X34Y3          LUT6 (Prop_lut6_I1_O)        0.124     2.628 r  source_bank/metadata_matches__0_carry_i_5/O
                         net (fo=1, routed)           0.450     3.078    source_bank/metadata_matches__0_carry_i_5_n_0
    SLICE_X35Y4          CARRY4 (Prop_carry4_S[0]_CO[3])
                                                      0.656     3.734 r  source_bank/metadata_matches__0_carry/CO[3]
                         net (fo=1, routed)           0.000     3.734    source_bank/metadata_matches__0_carry_n_0
    SLICE_X35Y5          CARRY4 (Prop_carry4_CI_CO[3])
                                                      0.114     3.848 r  source_bank/metadata_matches__0_carry__0/CO[3]
                         net (fo=1, routed)           0.000     3.848    source_bank/metadata_matches__0_carry__0_n_0
    SLICE_X35Y6          CARRY4 (Prop_carry4_CI_CO[3])
                                                      0.114     3.962 r  source_bank/metadata_matches__0_carry__1/CO[3]
                         net (fo=1, routed)           0.000     3.962    source_bank/metadata_matches__0_carry__1_n_0
    SLICE_X35Y7          CARRY4 (Prop_carry4_CI_CO[3])
                                                      0.114     4.076 r  source_bank/metadata_matches__0_carry__2/CO[3]
                         net (fo=1, routed)           0.000     4.076    source_bank/metadata_matches__0_carry__2_n_0
    SLICE_X35Y8          CARRY4 (Prop_carry4_CI_CO[3])
                                                      0.114     4.190 r  source_bank/metadata_matches__0_carry__3/CO[3]
                         net (fo=1, routed)           0.000     4.190    source_bank/metadata_matches__0_carry__3_n_0
    SLICE_X35Y9          CARRY4 (Prop_carry4_CI_CO[0])
                                                      0.271     4.461 r  source_bank/metadata_matches__0_carry__4/CO[0]
                         net (fo=1, routed)           1.948     6.409    source_bank/metadata_matches
    SLICE_X8Y6           LUT5 (Prop_lut5_I2_O)        0.373     6.782 r  source_bank/write_position[8]_i_3/O
                         net (fo=3, routed)           0.832     7.614    source_bank/input_framing_valid__2
    SLICE_X8Y5           LUT4 (Prop_lut4_I3_O)        0.150     7.764 r  source_bank/write_position[8]_i_1__1/O
                         net (fo=9, routed)           0.499     8.263    source_bank/write_position[8]_i_1__1_n_0
    SLICE_X7Y4           FDRE                                         r  source_bank/write_position_reg[5]/CE
  -------------------------------------------------------------------    -------------------

                         (clock source_100 rise edge)
                                                     10.000    10.000 r  
                                                      0.000    10.000 r  clk (IN)
                         net (fo=183, unset)          0.924    10.924    source_bank/clk
    SLICE_X7Y4           FDRE                                         r  source_bank/write_position_reg[5]/C
                         clock pessimism              0.000    10.924    
                         clock uncertainty           -0.035    10.889    
    SLICE_X7Y4           FDRE (Setup_fdre_C_CE)      -0.409    10.480    source_bank/write_position_reg[5]
  -------------------------------------------------------------------
                         required time                         10.480    
                         arrival time                          -8.263    
  -------------------------------------------------------------------
                         slack                                  2.217    

Slack (MET) :             2.217ns  (required time - arrival time)
  Source:                 source_bank/metadata_in_hold_reg[6]/C
                            (rising edge-triggered cell FDRE clocked by source_100  {rise@0.000ns fall@5.000ns period=10.000ns})
  Destination:            source_bank/write_position_reg[6]/CE
                            (rising edge-triggered cell FDRE clocked by source_100  {rise@0.000ns fall@5.000ns period=10.000ns})
  Path Group:             source_100
  Path Type:              Setup (Max at Slow Process Corner)
  Requirement:            10.000ns  (source_100 rise@10.000ns - source_100 rise@0.000ns)
  Data Path Delay:        7.290ns  (logic 2.548ns (34.954%)  route 4.742ns (65.046%))
  Logic Levels:           9  (CARRY4=6 LUT4=1 LUT5=1 LUT6=1)
  Clock Path Skew:        -0.049ns (DCD - SCD + CPR)
    Destination Clock Delay (DCD):    0.924ns = ( 10.924 - 10.000 ) 
    Source Clock Delay      (SCD):    0.973ns
    Clock Pessimism Removal (CPR):    0.000ns
  Clock Uncertainty:      0.035ns  ((TSJ^2 + TIJ^2)^1/2 + DJ) / 2 + PE
    Total System Jitter     (TSJ):    0.071ns
    Total Input Jitter      (TIJ):    0.000ns
    Discrete Jitter          (DJ):    0.000ns
    Phase Error              (PE):    0.000ns

    Location             Delay type                Incr(ns)  Path(ns)    Netlist Resource(s)
  -------------------------------------------------------------------    -------------------
                         (clock source_100 rise edge)
                                                      0.000     0.000 r  
                                                      0.000     0.000 r  clk (IN)
                         net (fo=183, unset)          0.973     0.973    source_bank/clk
    SLICE_X34Y3          FDRE                                         r  source_bank/metadata_in_hold_reg[6]/C
  -------------------------------------------------------------------    -------------------
    SLICE_X34Y3          FDRE (Prop_fdre_C_Q)         0.518     1.491 r  source_bank/metadata_in_hold_reg[6]/Q
                         net (fo=2, routed)           1.013     2.504    source_bank/metadata_in_hold[6]
    SLICE_X34Y3          LUT6 (Prop_lut6_I1_O)        0.124     2.628 r  source_bank/metadata_matches__0_carry_i_5/O
                         net (fo=1, routed)           0.450     3.078    source_bank/metadata_matches__0_carry_i_5_n_0
    SLICE_X35Y4          CARRY4 (Prop_carry4_S[0]_CO[3])
                                                      0.656     3.734 r  source_bank/metadata_matches__0_carry/CO[3]
                         net (fo=1, routed)           0.000     3.734    source_bank/metadata_matches__0_carry_n_0
    SLICE_X35Y5          CARRY4 (Prop_carry4_CI_CO[3])
                                                      0.114     3.848 r  source_bank/metadata_matches__0_carry__0/CO[3]
                         net (fo=1, routed)           0.000     3.848    source_bank/metadata_matches__0_carry__0_n_0
    SLICE_X35Y6          CARRY4 (Prop_carry4_CI_CO[3])
                                                      0.114     3.962 r  source_bank/metadata_matches__0_carry__1/CO[3]
                         net (fo=1, routed)           0.000     3.962    source_bank/metadata_matches__0_carry__1_n_0
    SLICE_X35Y7          CARRY4 (Prop_carry4_CI_CO[3])
                                                      0.114     4.076 r  source_bank/metadata_matches__0_carry__2/CO[3]
                         net (fo=1, routed)           0.000     4.076    source_bank/metadata_matches__0_carry__2_n_0
    SLICE_X35Y8          CARRY4 (Prop_carry4_CI_CO[3])
                                                      0.114     4.190 r  source_bank/metadata_matches__0_carry__3/CO[3]
                         net (fo=1, routed)           0.000     4.190    source_bank/metadata_matches__0_carry__3_n_0
    SLICE_X35Y9          CARRY4 (Prop_carry4_CI_CO[0])
                                                      0.271     4.461 r  source_bank/metadata_matches__0_carry__4/CO[0]
                         net (fo=1, routed)           1.948     6.409    source_bank/metadata_matches
    SLICE_X8Y6           LUT5 (Prop_lut5_I2_O)        0.373     6.782 r  source_bank/write_position[8]_i_3/O
                         net (fo=3, routed)           0.832     7.614    source_bank/input_framing_valid__2
    SLICE_X8Y5           LUT4 (Prop_lut4_I3_O)        0.150     7.764 r  source_bank/write_position[8]_i_1__1/O
                         net (fo=9, routed)           0.499     8.263    source_bank/write_position[8]_i_1__1_n_0
    SLICE_X7Y4           FDRE                                         r  source_bank/write_position_reg[6]/CE
  -------------------------------------------------------------------    -------------------

                         (clock source_100 rise edge)
                                                     10.000    10.000 r  
                                                      0.000    10.000 r  clk (IN)
                         net (fo=183, unset)          0.924    10.924    source_bank/clk
    SLICE_X7Y4           FDRE                                         r  source_bank/write_position_reg[6]/C
                         clock pessimism              0.000    10.924    
                         clock uncertainty           -0.035    10.889    
    SLICE_X7Y4           FDRE (Setup_fdre_C_CE)      -0.409    10.480    source_bank/write_position_reg[6]
  -------------------------------------------------------------------
                         required time                         10.480    
                         arrival time                          -8.263    
  -------------------------------------------------------------------
                         slack                                  2.217    

Slack (MET) :             2.217ns  (required time - arrival time)
  Source:                 source_bank/metadata_in_hold_reg[6]/C
                            (rising edge-triggered cell FDRE clocked by source_100  {rise@0.000ns fall@5.000ns period=10.000ns})
  Destination:            source_bank/write_position_reg[7]/CE
                            (rising edge-triggered cell FDRE clocked by source_100  {rise@0.000ns fall@5.000ns period=10.000ns})
  Path Group:             source_100
  Path Type:              Setup (Max at Slow Process Corner)
  Requirement:            10.000ns  (source_100 rise@10.000ns - source_100 rise@0.000ns)
  Data Path Delay:        7.290ns  (logic 2.548ns (34.954%)  route 4.742ns (65.046%))
  Logic Levels:           9  (CARRY4=6 LUT4=1 LUT5=1 LUT6=1)
  Clock Path Skew:        -0.049ns (DCD - SCD + CPR)
    Destination Clock Delay (DCD):    0.924ns = ( 10.924 - 10.000 ) 
    Source Clock Delay      (SCD):    0.973ns
    Clock Pessimism Removal (CPR):    0.000ns
  Clock Uncertainty:      0.035ns  ((TSJ^2 + TIJ^2)^1/2 + DJ) / 2 + PE
    Total System Jitter     (TSJ):    0.071ns
    Total Input Jitter      (TIJ):    0.000ns
    Discrete Jitter          (DJ):    0.000ns
    Phase Error              (PE):    0.000ns

    Location             Delay type                Incr(ns)  Path(ns)    Netlist Resource(s)
  -------------------------------------------------------------------    -------------------
                         (clock source_100 rise edge)
                                                      0.000     0.000 r  
                                                      0.000     0.000 r  clk (IN)
                         net (fo=183, unset)          0.973     0.973    source_bank/clk
    SLICE_X34Y3          FDRE                                         r  source_bank/metadata_in_hold_reg[6]/C
  -------------------------------------------------------------------    -------------------
    SLICE_X34Y3          FDRE (Prop_fdre_C_Q)         0.518     1.491 r  source_bank/metadata_in_hold_reg[6]/Q
                         net (fo=2, routed)           1.013     2.504    source_bank/metadata_in_hold[6]
    SLICE_X34Y3          LUT6 (Prop_lut6_I1_O)        0.124     2.628 r  source_bank/metadata_matches__0_carry_i_5/O
                         net (fo=1, routed)           0.450     3.078    source_bank/metadata_matches__0_carry_i_5_n_0
    SLICE_X35Y4          CARRY4 (Prop_carry4_S[0]_CO[3])
                                                      0.656     3.734 r  source_bank/metadata_matches__0_carry/CO[3]
                         net (fo=1, routed)           0.000     3.734    source_bank/metadata_matches__0_carry_n_0
    SLICE_X35Y5          CARRY4 (Prop_carry4_CI_CO[3])
                                                      0.114     3.848 r  source_bank/metadata_matches__0_carry__0/CO[3]
                         net (fo=1, routed)           0.000     3.848    source_bank/metadata_matches__0_carry__0_n_0
    SLICE_X35Y6          CARRY4 (Prop_carry4_CI_CO[3])
                                                      0.114     3.962 r  source_bank/metadata_matches__0_carry__1/CO[3]
                         net (fo=1, routed)           0.000     3.962    source_bank/metadata_matches__0_carry__1_n_0
    SLICE_X35Y7          CARRY4 (Prop_carry4_CI_CO[3])
                                                      0.114     4.076 r  source_bank/metadata_matches__0_carry__2/CO[3]
                         net (fo=1, routed)           0.000     4.076    source_bank/metadata_matches__0_carry__2_n_0
    SLICE_X35Y8          CARRY4 (Prop_carry4_CI_CO[3])
                                                      0.114     4.190 r  source_bank/metadata_matches__0_carry__3/CO[3]
                         net (fo=1, routed)           0.000     4.190    source_bank/metadata_matches__0_carry__3_n_0
    SLICE_X35Y9          CARRY4 (Prop_carry4_CI_CO[0])
                                                      0.271     4.461 r  source_bank/metadata_matches__0_carry__4/CO[0]
                         net (fo=1, routed)           1.948     6.409    source_bank/metadata_matches
    SLICE_X8Y6           LUT5 (Prop_lut5_I2_O)        0.373     6.782 r  source_bank/write_position[8]_i_3/O
                         net (fo=3, routed)           0.832     7.614    source_bank/input_framing_valid__2
    SLICE_X8Y5           LUT4 (Prop_lut4_I3_O)        0.150     7.764 r  source_bank/write_position[8]_i_1__1/O
                         net (fo=9, routed)           0.499     8.263    source_bank/write_position[8]_i_1__1_n_0
    SLICE_X7Y4           FDRE                                         r  source_bank/write_position_reg[7]/CE
  -------------------------------------------------------------------    -------------------

                         (clock source_100 rise edge)
                                                     10.000    10.000 r  
                                                      0.000    10.000 r  clk (IN)
                         net (fo=183, unset)          0.924    10.924    source_bank/clk
    SLICE_X7Y4           FDRE                                         r  source_bank/write_position_reg[7]/C
                         clock pessimism              0.000    10.924    
                         clock uncertainty           -0.035    10.889    
    SLICE_X7Y4           FDRE (Setup_fdre_C_CE)      -0.409    10.480    source_bank/write_position_reg[7]
  -------------------------------------------------------------------
                         required time                         10.480    
                         arrival time                          -8.263    
  -------------------------------------------------------------------
                         slack                                  2.217    

Slack (MET) :             2.217ns  (required time - arrival time)
  Source:                 source_bank/metadata_in_hold_reg[6]/C
                            (rising edge-triggered cell FDRE clocked by source_100  {rise@0.000ns fall@5.000ns period=10.000ns})
  Destination:            source_bank/write_position_reg[8]/CE
                            (rising edge-triggered cell FDRE clocked by source_100  {rise@0.000ns fall@5.000ns period=10.000ns})
  Path Group:             source_100
  Path Type:              Setup (Max at Slow Process Corner)
  Requirement:            10.000ns  (source_100 rise@10.000ns - source_100 rise@0.000ns)
  Data Path Delay:        7.290ns  (logic 2.548ns (34.954%)  route 4.742ns (65.046%))
  Logic Levels:           9  (CARRY4=6 LUT4=1 LUT5=1 LUT6=1)
  Clock Path Skew:        -0.049ns (DCD - SCD + CPR)
    Destination Clock Delay (DCD):    0.924ns = ( 10.924 - 10.000 ) 
    Source Clock Delay      (SCD):    0.973ns
    Clock Pessimism Removal (CPR):    0.000ns
  Clock Uncertainty:      0.035ns  ((TSJ^2 + TIJ^2)^1/2 + DJ) / 2 + PE
    Total System Jitter     (TSJ):    0.071ns
    Total Input Jitter      (TIJ):    0.000ns
    Discrete Jitter          (DJ):    0.000ns
    Phase Error              (PE):    0.000ns

    Location             Delay type                Incr(ns)  Path(ns)    Netlist Resource(s)
  -------------------------------------------------------------------    -------------------
                         (clock source_100 rise edge)
                                                      0.000     0.000 r  
                                                      0.000     0.000 r  clk (IN)
                         net (fo=183, unset)          0.973     0.973    source_bank/clk
    SLICE_X34Y3          FDRE                                         r  source_bank/metadata_in_hold_reg[6]/C
  -------------------------------------------------------------------    -------------------
    SLICE_X34Y3          FDRE (Prop_fdre_C_Q)         0.518     1.491 r  source_bank/metadata_in_hold_reg[6]/Q
                         net (fo=2, routed)           1.013     2.504    source_bank/metadata_in_hold[6]
    SLICE_X34Y3          LUT6 (Prop_lut6_I1_O)        0.124     2.628 r  source_bank/metadata_matches__0_carry_i_5/O
                         net (fo=1, routed)           0.450     3.078    source_bank/metadata_matches__0_carry_i_5_n_0
    SLICE_X35Y4          CARRY4 (Prop_carry4_S[0]_CO[3])
                                                      0.656     3.734 r  source_bank/metadata_matches__0_carry/CO[3]
                         net (fo=1, routed)           0.000     3.734    source_bank/metadata_matches__0_carry_n_0
    SLICE_X35Y5          CARRY4 (Prop_carry4_CI_CO[3])
                                                      0.114     3.848 r  source_bank/metadata_matches__0_carry__0/CO[3]
                         net (fo=1, routed)           0.000     3.848    source_bank/metadata_matches__0_carry__0_n_0
    SLICE_X35Y6          CARRY4 (Prop_carry4_CI_CO[3])
                                                      0.114     3.962 r  source_bank/metadata_matches__0_carry__1/CO[3]
                         net (fo=1, routed)           0.000     3.962    source_bank/metadata_matches__0_carry__1_n_0
    SLICE_X35Y7          CARRY4 (Prop_carry4_CI_CO[3])
                                                      0.114     4.076 r  source_bank/metadata_matches__0_carry__2/CO[3]
                         net (fo=1, routed)           0.000     4.076    source_bank/metadata_matches__0_carry__2_n_0
    SLICE_X35Y8          CARRY4 (Prop_carry4_CI_CO[3])
                                                      0.114     4.190 r  source_bank/metadata_matches__0_carry__3/CO[3]
                         net (fo=1, routed)           0.000     4.190    source_bank/metadata_matches__0_carry__3_n_0
    SLICE_X35Y9          CARRY4 (Prop_carry4_CI_CO[0])
                                                      0.271     4.461 r  source_bank/metadata_matches__0_carry__4/CO[0]
                         net (fo=1, routed)           1.948     6.409    source_bank/metadata_matches
    SLICE_X8Y6           LUT5 (Prop_lut5_I2_O)        0.373     6.782 r  source_bank/write_position[8]_i_3/O
                         net (fo=3, routed)           0.832     7.614    source_bank/input_framing_valid__2
    SLICE_X8Y5           LUT4 (Prop_lut4_I3_O)        0.150     7.764 r  source_bank/write_position[8]_i_1__1/O
                         net (fo=9, routed)           0.499     8.263    source_bank/write_position[8]_i_1__1_n_0
    SLICE_X7Y4           FDRE                                         r  source_bank/write_position_reg[8]/CE
  -------------------------------------------------------------------    -------------------

                         (clock source_100 rise edge)
                                                     10.000    10.000 r  
                                                      0.000    10.000 r  clk (IN)
                         net (fo=183, unset)          0.924    10.924    source_bank/clk
    SLICE_X7Y4           FDRE                                         r  source_bank/write_position_reg[8]/C
                         clock pessimism              0.000    10.924    
                         clock uncertainty           -0.035    10.889    
    SLICE_X7Y4           FDRE (Setup_fdre_C_CE)      -0.409    10.480    source_bank/write_position_reg[8]
  -------------------------------------------------------------------
                         required time                         10.480    
                         arrival time                          -8.263    
  -------------------------------------------------------------------
                         slack                                  2.217    

Slack (MET) :             2.341ns  (required time - arrival time)
  Source:                 source_bank/metadata_in_hold_reg[6]/C
                            (rising edge-triggered cell FDRE clocked by source_100  {rise@0.000ns fall@5.000ns period=10.000ns})
  Destination:            source_bank/write_position_reg[1]/CE
                            (rising edge-triggered cell FDRE clocked by source_100  {rise@0.000ns fall@5.000ns period=10.000ns})
  Path Group:             source_100
  Path Type:              Setup (Max at Slow Process Corner)
  Requirement:            10.000ns  (source_100 rise@10.000ns - source_100 rise@0.000ns)
  Data Path Delay:        7.166ns  (logic 2.548ns (35.555%)  route 4.618ns (64.445%))
  Logic Levels:           9  (CARRY4=6 LUT4=1 LUT5=1 LUT6=1)
  Clock Path Skew:        -0.049ns (DCD - SCD + CPR)
    Destination Clock Delay (DCD):    0.924ns = ( 10.924 - 10.000 ) 
    Source Clock Delay      (SCD):    0.973ns
    Clock Pessimism Removal (CPR):    0.000ns
  Clock Uncertainty:      0.035ns  ((TSJ^2 + TIJ^2)^1/2 + DJ) / 2 + PE
    Total System Jitter     (TSJ):    0.071ns
    Total Input Jitter      (TIJ):    0.000ns
    Discrete Jitter          (DJ):    0.000ns
    Phase Error              (PE):    0.000ns

    Location             Delay type                Incr(ns)  Path(ns)    Netlist Resource(s)
  -------------------------------------------------------------------    -------------------
                         (clock source_100 rise edge)
                                                      0.000     0.000 r  
                                                      0.000     0.000 r  clk (IN)
                         net (fo=183, unset)          0.973     0.973    source_bank/clk
    SLICE_X34Y3          FDRE                                         r  source_bank/metadata_in_hold_reg[6]/C
  -------------------------------------------------------------------    -------------------
    SLICE_X34Y3          FDRE (Prop_fdre_C_Q)         0.518     1.491 r  source_bank/metadata_in_hold_reg[6]/Q
                         net (fo=2, routed)           1.013     2.504    source_bank/metadata_in_hold[6]
    SLICE_X34Y3          LUT6 (Prop_lut6_I1_O)        0.124     2.628 r  source_bank/metadata_matches__0_carry_i_5/O
                         net (fo=1, routed)           0.450     3.078    source_bank/metadata_matches__0_carry_i_5_n_0
    SLICE_X35Y4          CARRY4 (Prop_carry4_S[0]_CO[3])
                                                      0.656     3.734 r  source_bank/metadata_matches__0_carry/CO[3]
                         net (fo=1, routed)           0.000     3.734    source_bank/metadata_matches__0_carry_n_0
    SLICE_X35Y5          CARRY4 (Prop_carry4_CI_CO[3])
                                                      0.114     3.848 r  source_bank/metadata_matches__0_carry__0/CO[3]
                         net (fo=1, routed)           0.000     3.848    source_bank/metadata_matches__0_carry__0_n_0
    SLICE_X35Y6          CARRY4 (Prop_carry4_CI_CO[3])
                                                      0.114     3.962 r  source_bank/metadata_matches__0_carry__1/CO[3]
                         net (fo=1, routed)           0.000     3.962    source_bank/metadata_matches__0_carry__1_n_0
    SLICE_X35Y7          CARRY4 (Prop_carry4_CI_CO[3])
                                                      0.114     4.076 r  source_bank/metadata_matches__0_carry__2/CO[3]
                         net (fo=1, routed)           0.000     4.076    source_bank/metadata_matches__0_carry__2_n_0
    SLICE_X35Y8          CARRY4 (Prop_carry4_CI_CO[3])
                                                      0.114     4.190 r  source_bank/metadata_matches__0_carry__3/CO[3]
                         net (fo=1, routed)           0.000     4.190    source_bank/metadata_matches__0_carry__3_n_0
    SLICE_X35Y9          CARRY4 (Prop_carry4_CI_CO[0])
                                                      0.271     4.461 r  source_bank/metadata_matches__0_carry__4/CO[0]
                         net (fo=1, routed)           1.948     6.409    source_bank/metadata_matches
    SLICE_X8Y6           LUT5 (Prop_lut5_I2_O)        0.373     6.782 r  source_bank/write_position[8]_i_3/O
                         net (fo=3, routed)           0.832     7.614    source_bank/input_framing_valid__2
    SLICE_X8Y5           LUT4 (Prop_lut4_I3_O)        0.150     7.764 r  source_bank/write_position[8]_i_1__1/O
                         net (fo=9, routed)           0.375     8.139    source_bank/write_position[8]_i_1__1_n_0
    SLICE_X7Y6           FDRE                                         r  source_bank/write_position_reg[1]/CE
  -------------------------------------------------------------------    -------------------

                         (clock source_100 rise edge)
                                                     10.000    10.000 r  
                                                      0.000    10.000 r  clk (IN)
                         net (fo=183, unset)          0.924    10.924    source_bank/clk
    SLICE_X7Y6           FDRE                                         r  source_bank/write_position_reg[1]/C
                         clock pessimism              0.000    10.924    
                         clock uncertainty           -0.035    10.889    
    SLICE_X7Y6           FDRE (Setup_fdre_C_CE)      -0.409    10.480    source_bank/write_position_reg[1]
  -------------------------------------------------------------------
                         required time                         10.480    
                         arrival time                          -8.139    
  -------------------------------------------------------------------
                         slack                                  2.341    

Slack (MET) :             2.341ns  (required time - arrival time)
  Source:                 source_bank/metadata_in_hold_reg[6]/C
                            (rising edge-triggered cell FDRE clocked by source_100  {rise@0.000ns fall@5.000ns period=10.000ns})
  Destination:            source_bank/write_position_reg[2]/CE
                            (rising edge-triggered cell FDRE clocked by source_100  {rise@0.000ns fall@5.000ns period=10.000ns})
  Path Group:             source_100
  Path Type:              Setup (Max at Slow Process Corner)
  Requirement:            10.000ns  (source_100 rise@10.000ns - source_100 rise@0.000ns)
  Data Path Delay:        7.166ns  (logic 2.548ns (35.555%)  route 4.618ns (64.445%))
  Logic Levels:           9  (CARRY4=6 LUT4=1 LUT5=1 LUT6=1)
  Clock Path Skew:        -0.049ns (DCD - SCD + CPR)
    Destination Clock Delay (DCD):    0.924ns = ( 10.924 - 10.000 ) 
    Source Clock Delay      (SCD):    0.973ns
    Clock Pessimism Removal (CPR):    0.000ns
  Clock Uncertainty:      0.035ns  ((TSJ^2 + TIJ^2)^1/2 + DJ) / 2 + PE
    Total System Jitter     (TSJ):    0.071ns
    Total Input Jitter      (TIJ):    0.000ns
    Discrete Jitter          (DJ):    0.000ns
    Phase Error              (PE):    0.000ns

    Location             Delay type                Incr(ns)  Path(ns)    Netlist Resource(s)
  -------------------------------------------------------------------    -------------------
                         (clock source_100 rise edge)
                                                      0.000     0.000 r  
                                                      0.000     0.000 r  clk (IN)
                         net (fo=183, unset)          0.973     0.973    source_bank/clk
    SLICE_X34Y3          FDRE                                         r  source_bank/metadata_in_hold_reg[6]/C
  -------------------------------------------------------------------    -------------------
    SLICE_X34Y3          FDRE (Prop_fdre_C_Q)         0.518     1.491 r  source_bank/metadata_in_hold_reg[6]/Q
                         net (fo=2, routed)           1.013     2.504    source_bank/metadata_in_hold[6]
    SLICE_X34Y3          LUT6 (Prop_lut6_I1_O)        0.124     2.628 r  source_bank/metadata_matches__0_carry_i_5/O
                         net (fo=1, routed)           0.450     3.078    source_bank/metadata_matches__0_carry_i_5_n_0
    SLICE_X35Y4          CARRY4 (Prop_carry4_S[0]_CO[3])
                                                      0.656     3.734 r  source_bank/metadata_matches__0_carry/CO[3]
                         net (fo=1, routed)           0.000     3.734    source_bank/metadata_matches__0_carry_n_0
    SLICE_X35Y5          CARRY4 (Prop_carry4_CI_CO[3])
                                                      0.114     3.848 r  source_bank/metadata_matches__0_carry__0/CO[3]
                         net (fo=1, routed)           0.000     3.848    source_bank/metadata_matches__0_carry__0_n_0
    SLICE_X35Y6          CARRY4 (Prop_carry4_CI_CO[3])
                                                      0.114     3.962 r  source_bank/metadata_matches__0_carry__1/CO[3]
                         net (fo=1, routed)           0.000     3.962    source_bank/metadata_matches__0_carry__1_n_0
    SLICE_X35Y7          CARRY4 (Prop_carry4_CI_CO[3])
                                                      0.114     4.076 r  source_bank/metadata_matches__0_carry__2/CO[3]
                         net (fo=1, routed)           0.000     4.076    source_bank/metadata_matches__0_carry__2_n_0
    SLICE_X35Y8          CARRY4 (Prop_carry4_CI_CO[3])
                                                      0.114     4.190 r  source_bank/metadata_matches__0_carry__3/CO[3]
                         net (fo=1, routed)           0.000     4.190    source_bank/metadata_matches__0_carry__3_n_0
    SLICE_X35Y9          CARRY4 (Prop_carry4_CI_CO[0])
                                                      0.271     4.461 r  source_bank/metadata_matches__0_carry__4/CO[0]
                         net (fo=1, routed)           1.948     6.409    source_bank/metadata_matches
    SLICE_X8Y6           LUT5 (Prop_lut5_I2_O)        0.373     6.782 r  source_bank/write_position[8]_i_3/O
                         net (fo=3, routed)           0.832     7.614    source_bank/input_framing_valid__2
    SLICE_X8Y5           LUT4 (Prop_lut4_I3_O)        0.150     7.764 r  source_bank/write_position[8]_i_1__1/O
                         net (fo=9, routed)           0.375     8.139    source_bank/write_position[8]_i_1__1_n_0
    SLICE_X7Y6           FDRE                                         r  source_bank/write_position_reg[2]/CE
  -------------------------------------------------------------------    -------------------

                         (clock source_100 rise edge)
                                                     10.000    10.000 r  
                                                      0.000    10.000 r  clk (IN)
                         net (fo=183, unset)          0.924    10.924    source_bank/clk
    SLICE_X7Y6           FDRE                                         r  source_bank/write_position_reg[2]/C
                         clock pessimism              0.000    10.924    
                         clock uncertainty           -0.035    10.889    
    SLICE_X7Y6           FDRE (Setup_fdre_C_CE)      -0.409    10.480    source_bank/write_position_reg[2]
  -------------------------------------------------------------------
                         required time                         10.480    
                         arrival time                          -8.139    
  -------------------------------------------------------------------
                         slack                                  2.341    

Slack (MET) :             2.341ns  (required time - arrival time)
  Source:                 source_bank/metadata_in_hold_reg[6]/C
                            (rising edge-triggered cell FDRE clocked by source_100  {rise@0.000ns fall@5.000ns period=10.000ns})
  Destination:            source_bank/write_position_reg[3]/CE
                            (rising edge-triggered cell FDRE clocked by source_100  {rise@0.000ns fall@5.000ns period=10.000ns})
  Path Group:             source_100
  Path Type:              Setup (Max at Slow Process Corner)
  Requirement:            10.000ns  (source_100 rise@10.000ns - source_100 rise@0.000ns)
  Data Path Delay:        7.166ns  (logic 2.548ns (35.555%)  route 4.618ns (64.445%))
  Logic Levels:           9  (CARRY4=6 LUT4=1 LUT5=1 LUT6=1)
  Clock Path Skew:        -0.049ns (DCD - SCD + CPR)
    Destination Clock Delay (DCD):    0.924ns = ( 10.924 - 10.000 ) 
    Source Clock Delay      (SCD):    0.973ns
    Clock Pessimism Removal (CPR):    0.000ns
  Clock Uncertainty:      0.035ns  ((TSJ^2 + TIJ^2)^1/2 + DJ) / 2 + PE
    Total System Jitter     (TSJ):    0.071ns
    Total Input Jitter      (TIJ):    0.000ns
    Discrete Jitter          (DJ):    0.000ns
    Phase Error              (PE):    0.000ns

    Location             Delay type                Incr(ns)  Path(ns)    Netlist Resource(s)
  -------------------------------------------------------------------    -------------------
                         (clock source_100 rise edge)
                                                      0.000     0.000 r  
                                                      0.000     0.000 r  clk (IN)
                         net (fo=183, unset)          0.973     0.973    source_bank/clk
    SLICE_X34Y3          FDRE                                         r  source_bank/metadata_in_hold_reg[6]/C
  -------------------------------------------------------------------    -------------------
    SLICE_X34Y3          FDRE (Prop_fdre_C_Q)         0.518     1.491 r  source_bank/metadata_in_hold_reg[6]/Q
                         net (fo=2, routed)           1.013     2.504    source_bank/metadata_in_hold[6]
    SLICE_X34Y3          LUT6 (Prop_lut6_I1_O)        0.124     2.628 r  source_bank/metadata_matches__0_carry_i_5/O
                         net (fo=1, routed)           0.450     3.078    source_bank/metadata_matches__0_carry_i_5_n_0
    SLICE_X35Y4          CARRY4 (Prop_carry4_S[0]_CO[3])
                                                      0.656     3.734 r  source_bank/metadata_matches__0_carry/CO[3]
                         net (fo=1, routed)           0.000     3.734    source_bank/metadata_matches__0_carry_n_0
    SLICE_X35Y5          CARRY4 (Prop_carry4_CI_CO[3])
                                                      0.114     3.848 r  source_bank/metadata_matches__0_carry__0/CO[3]
                         net (fo=1, routed)           0.000     3.848    source_bank/metadata_matches__0_carry__0_n_0
    SLICE_X35Y6          CARRY4 (Prop_carry4_CI_CO[3])
                                                      0.114     3.962 r  source_bank/metadata_matches__0_carry__1/CO[3]
                         net (fo=1, routed)           0.000     3.962    source_bank/metadata_matches__0_carry__1_n_0
    SLICE_X35Y7          CARRY4 (Prop_carry4_CI_CO[3])
                                                      0.114     4.076 r  source_bank/metadata_matches__0_carry__2/CO[3]
                         net (fo=1, routed)           0.000     4.076    source_bank/metadata_matches__0_carry__2_n_0
    SLICE_X35Y8          CARRY4 (Prop_carry4_CI_CO[3])
                                                      0.114     4.190 r  source_bank/metadata_matches__0_carry__3/CO[3]
                         net (fo=1, routed)           0.000     4.190    source_bank/metadata_matches__0_carry__3_n_0
    SLICE_X35Y9          CARRY4 (Prop_carry4_CI_CO[0])
                                                      0.271     4.461 r  source_bank/metadata_matches__0_carry__4/CO[0]
                         net (fo=1, routed)           1.948     6.409    source_bank/metadata_matches
    SLICE_X8Y6           LUT5 (Prop_lut5_I2_O)        0.373     6.782 r  source_bank/write_position[8]_i_3/O
                         net (fo=3, routed)           0.832     7.614    source_bank/input_framing_valid__2
    SLICE_X8Y5           LUT4 (Prop_lut4_I3_O)        0.150     7.764 r  source_bank/write_position[8]_i_1__1/O
                         net (fo=9, routed)           0.375     8.139    source_bank/write_position[8]_i_1__1_n_0
    SLICE_X7Y6           FDRE                                         r  source_bank/write_position_reg[3]/CE
  -------------------------------------------------------------------    -------------------

                         (clock source_100 rise edge)
                                                     10.000    10.000 r  
                                                      0.000    10.000 r  clk (IN)
                         net (fo=183, unset)          0.924    10.924    source_bank/clk
    SLICE_X7Y6           FDRE                                         r  source_bank/write_position_reg[3]/C
                         clock pessimism              0.000    10.924    
                         clock uncertainty           -0.035    10.889    
    SLICE_X7Y6           FDRE (Setup_fdre_C_CE)      -0.409    10.480    source_bank/write_position_reg[3]
  -------------------------------------------------------------------
                         required time                         10.480    
                         arrival time                          -8.139    
  -------------------------------------------------------------------
                         slack                                  2.341    

Slack (MET) :             2.341ns  (required time - arrival time)
  Source:                 source_bank/metadata_in_hold_reg[6]/C
                            (rising edge-triggered cell FDRE clocked by source_100  {rise@0.000ns fall@5.000ns period=10.000ns})
  Destination:            source_bank/write_position_reg[4]/CE
                            (rising edge-triggered cell FDRE clocked by source_100  {rise@0.000ns fall@5.000ns period=10.000ns})
  Path Group:             source_100
  Path Type:              Setup (Max at Slow Process Corner)
  Requirement:            10.000ns  (source_100 rise@10.000ns - source_100 rise@0.000ns)
  Data Path Delay:        7.166ns  (logic 2.548ns (35.555%)  route 4.618ns (64.445%))
  Logic Levels:           9  (CARRY4=6 LUT4=1 LUT5=1 LUT6=1)
  Clock Path Skew:        -0.049ns (DCD - SCD + CPR)
    Destination Clock Delay (DCD):    0.924ns = ( 10.924 - 10.000 ) 
    Source Clock Delay      (SCD):    0.973ns
    Clock Pessimism Removal (CPR):    0.000ns
  Clock Uncertainty:      0.035ns  ((TSJ^2 + TIJ^2)^1/2 + DJ) / 2 + PE
    Total System Jitter     (TSJ):    0.071ns
    Total Input Jitter      (TIJ):    0.000ns
    Discrete Jitter          (DJ):    0.000ns
    Phase Error              (PE):    0.000ns

    Location             Delay type                Incr(ns)  Path(ns)    Netlist Resource(s)
  -------------------------------------------------------------------    -------------------
                         (clock source_100 rise edge)
                                                      0.000     0.000 r  
                                                      0.000     0.000 r  clk (IN)
                         net (fo=183, unset)          0.973     0.973    source_bank/clk
    SLICE_X34Y3          FDRE                                         r  source_bank/metadata_in_hold_reg[6]/C
  -------------------------------------------------------------------    -------------------
    SLICE_X34Y3          FDRE (Prop_fdre_C_Q)         0.518     1.491 r  source_bank/metadata_in_hold_reg[6]/Q
                         net (fo=2, routed)           1.013     2.504    source_bank/metadata_in_hold[6]
    SLICE_X34Y3          LUT6 (Prop_lut6_I1_O)        0.124     2.628 r  source_bank/metadata_matches__0_carry_i_5/O
                         net (fo=1, routed)           0.450     3.078    source_bank/metadata_matches__0_carry_i_5_n_0
    SLICE_X35Y4          CARRY4 (Prop_carry4_S[0]_CO[3])
                                                      0.656     3.734 r  source_bank/metadata_matches__0_carry/CO[3]
                         net (fo=1, routed)           0.000     3.734    source_bank/metadata_matches__0_carry_n_0
    SLICE_X35Y5          CARRY4 (Prop_carry4_CI_CO[3])
                                                      0.114     3.848 r  source_bank/metadata_matches__0_carry__0/CO[3]
                         net (fo=1, routed)           0.000     3.848    source_bank/metadata_matches__0_carry__0_n_0
    SLICE_X35Y6          CARRY4 (Prop_carry4_CI_CO[3])
                                                      0.114     3.962 r  source_bank/metadata_matches__0_carry__1/CO[3]
                         net (fo=1, routed)           0.000     3.962    source_bank/metadata_matches__0_carry__1_n_0
    SLICE_X35Y7          CARRY4 (Prop_carry4_CI_CO[3])
                                                      0.114     4.076 r  source_bank/metadata_matches__0_carry__2/CO[3]
                         net (fo=1, routed)           0.000     4.076    source_bank/metadata_matches__0_carry__2_n_0
    SLICE_X35Y8          CARRY4 (Prop_carry4_CI_CO[3])
                                                      0.114     4.190 r  source_bank/metadata_matches__0_carry__3/CO[3]
                         net (fo=1, routed)           0.000     4.190    source_bank/metadata_matches__0_carry__3_n_0
    SLICE_X35Y9          CARRY4 (Prop_carry4_CI_CO[0])
                                                      0.271     4.461 r  source_bank/metadata_matches__0_carry__4/CO[0]
                         net (fo=1, routed)           1.948     6.409    source_bank/metadata_matches
    SLICE_X8Y6           LUT5 (Prop_lut5_I2_O)        0.373     6.782 r  source_bank/write_position[8]_i_3/O
                         net (fo=3, routed)           0.832     7.614    source_bank/input_framing_valid__2
    SLICE_X8Y5           LUT4 (Prop_lut4_I3_O)        0.150     7.764 r  source_bank/write_position[8]_i_1__1/O
                         net (fo=9, routed)           0.375     8.139    source_bank/write_position[8]_i_1__1_n_0
    SLICE_X7Y6           FDRE                                         r  source_bank/write_position_reg[4]/CE
  -------------------------------------------------------------------    -------------------

                         (clock source_100 rise edge)
                                                     10.000    10.000 r  
                                                      0.000    10.000 r  clk (IN)
                         net (fo=183, unset)          0.924    10.924    source_bank/clk
    SLICE_X7Y6           FDRE                                         r  source_bank/write_position_reg[4]/C
                         clock pessimism              0.000    10.924    
                         clock uncertainty           -0.035    10.889    
    SLICE_X7Y6           FDRE (Setup_fdre_C_CE)      -0.409    10.480    source_bank/write_position_reg[4]
  -------------------------------------------------------------------
                         required time                         10.480    
                         arrival time                          -8.139    
  -------------------------------------------------------------------
                         slack                                  2.341    

Slack (MET) :             2.625ns  (required time - arrival time)
  Source:                 fast_reset_slow_reg[1]/C
                            (rising edge-triggered cell FDCE clocked by source_100  {rise@0.000ns fall@5.000ns period=10.000ns})
  Destination:            source_bank/metadata_in_hold_reg[13]/CE
                            (rising edge-triggered cell FDRE clocked by source_100  {rise@0.000ns fall@5.000ns period=10.000ns})
  Path Group:             source_100
  Path Type:              Setup (Max at Slow Process Corner)
  Requirement:            10.000ns  (source_100 rise@10.000ns - source_100 rise@0.000ns)
  Data Path Delay:        7.122ns  (logic 1.257ns (17.648%)  route 5.865ns (82.352%))
  Logic Levels:           3  (LUT2=1 LUT4=1 LUT5=1)
  Clock Path Skew:        -0.049ns (DCD - SCD + CPR)
    Destination Clock Delay (DCD):    0.924ns = ( 10.924 - 10.000 ) 
    Source Clock Delay      (SCD):    0.973ns
    Clock Pessimism Removal (CPR):    0.000ns
  Clock Uncertainty:      0.035ns  ((TSJ^2 + TIJ^2)^1/2 + DJ) / 2 + PE
    Total System Jitter     (TSJ):    0.071ns
    Total Input Jitter      (TIJ):    0.000ns
    Discrete Jitter          (DJ):    0.000ns
    Phase Error              (PE):    0.000ns

    Location             Delay type                Incr(ns)  Path(ns)    Netlist Resource(s)
  -------------------------------------------------------------------    -------------------
                         (clock source_100 rise edge)
                                                      0.000     0.000 r  
                                                      0.000     0.000 r  clk (IN)
                         net (fo=183, unset)          0.973     0.973    clk
    SLICE_X8Y0           FDCE                                         r  fast_reset_slow_reg[1]/C
  -------------------------------------------------------------------    -------------------
    SLICE_X8Y0           FDCE (Prop_fdce_C_Q)         0.478     1.451 r  fast_reset_slow_reg[1]/Q
                         net (fo=1, routed)           0.665     2.116    output_bank/out[0]
    SLICE_X8Y1           LUT2 (Prop_lut2_I0_O)        0.295     2.411 f  output_bank/input_ready_INST_0_i_2/O
                         net (fo=36, routed)          1.798     4.209    source_bank/request_toggle_reg_0
    SLICE_X9Y6           LUT4 (Prop_lut4_I1_O)        0.152     4.361 r  source_bank/input_ready_INST_0_i_1/O
                         net (fo=9, routed)           0.567     4.927    source_bank/input_ready_INST_0_i_1_n_0
    SLICE_X8Y6           LUT5 (Prop_lut5_I1_O)        0.332     5.259 r  source_bank/metadata_in_hold[68]_i_1/O
                         net (fo=64, routed)          2.836     8.095    source_bank/metadata_load
    SLICE_X34Y3          FDRE                                         r  source_bank/metadata_in_hold_reg[13]/CE
  -------------------------------------------------------------------    -------------------

                         (clock source_100 rise edge)
                                                     10.000    10.000 r  
                                                      0.000    10.000 r  clk (IN)
                         net (fo=183, unset)          0.924    10.924    source_bank/clk
    SLICE_X34Y3          FDRE                                         r  source_bank/metadata_in_hold_reg[13]/C
                         clock pessimism              0.000    10.924    
                         clock uncertainty           -0.035    10.889    
    SLICE_X34Y3          FDRE (Setup_fdre_C_CE)      -0.169    10.720    source_bank/metadata_in_hold_reg[13]
  -------------------------------------------------------------------
                         required time                         10.720    
                         arrival time                          -8.095    
  -------------------------------------------------------------------
                         slack                                  2.625    

Slack (MET) :             2.625ns  (required time - arrival time)
  Source:                 fast_reset_slow_reg[1]/C
                            (rising edge-triggered cell FDCE clocked by source_100  {rise@0.000ns fall@5.000ns period=10.000ns})
  Destination:            source_bank/metadata_in_hold_reg[16]/CE
                            (rising edge-triggered cell FDRE clocked by source_100  {rise@0.000ns fall@5.000ns period=10.000ns})
  Path Group:             source_100
  Path Type:              Setup (Max at Slow Process Corner)
  Requirement:            10.000ns  (source_100 rise@10.000ns - source_100 rise@0.000ns)
  Data Path Delay:        7.122ns  (logic 1.257ns (17.648%)  route 5.865ns (82.352%))
  Logic Levels:           3  (LUT2=1 LUT4=1 LUT5=1)
  Clock Path Skew:        -0.049ns (DCD - SCD + CPR)
    Destination Clock Delay (DCD):    0.924ns = ( 10.924 - 10.000 ) 
    Source Clock Delay      (SCD):    0.973ns
    Clock Pessimism Removal (CPR):    0.000ns
  Clock Uncertainty:      0.035ns  ((TSJ^2 + TIJ^2)^1/2 + DJ) / 2 + PE
    Total System Jitter     (TSJ):    0.071ns
    Total Input Jitter      (TIJ):    0.000ns
    Discrete Jitter          (DJ):    0.000ns
    Phase Error              (PE):    0.000ns

    Location             Delay type                Incr(ns)  Path(ns)    Netlist Resource(s)
  -------------------------------------------------------------------    -------------------
                         (clock source_100 rise edge)
                                                      0.000     0.000 r  
                                                      0.000     0.000 r  clk (IN)
                         net (fo=183, unset)          0.973     0.973    clk
    SLICE_X8Y0           FDCE                                         r  fast_reset_slow_reg[1]/C
  -------------------------------------------------------------------    -------------------
    SLICE_X8Y0           FDCE (Prop_fdce_C_Q)         0.478     1.451 r  fast_reset_slow_reg[1]/Q
                         net (fo=1, routed)           0.665     2.116    output_bank/out[0]
    SLICE_X8Y1           LUT2 (Prop_lut2_I0_O)        0.295     2.411 f  output_bank/input_ready_INST_0_i_2/O
                         net (fo=36, routed)          1.798     4.209    source_bank/request_toggle_reg_0
    SLICE_X9Y6           LUT4 (Prop_lut4_I1_O)        0.152     4.361 r  source_bank/input_ready_INST_0_i_1/O
                         net (fo=9, routed)           0.567     4.927    source_bank/input_ready_INST_0_i_1_n_0
    SLICE_X8Y6           LUT5 (Prop_lut5_I1_O)        0.332     5.259 r  source_bank/metadata_in_hold[68]_i_1/O
                         net (fo=64, routed)          2.836     8.095    source_bank/metadata_load
    SLICE_X34Y3          FDRE                                         r  source_bank/metadata_in_hold_reg[16]/CE
  -------------------------------------------------------------------    -------------------

                         (clock source_100 rise edge)
                                                     10.000    10.000 r  
                                                      0.000    10.000 r  clk (IN)
                         net (fo=183, unset)          0.924    10.924    source_bank/clk
    SLICE_X34Y3          FDRE                                         r  source_bank/metadata_in_hold_reg[16]/C
                         clock pessimism              0.000    10.924    
                         clock uncertainty           -0.035    10.889    
    SLICE_X34Y3          FDRE (Setup_fdre_C_CE)      -0.169    10.720    source_bank/metadata_in_hold_reg[16]
  -------------------------------------------------------------------
                         required time                         10.720    
                         arrival time                          -8.095    
  -------------------------------------------------------------------
                         slack                                  2.625    

Slack (MET) :             2.625ns  (required time - arrival time)
  Source:                 fast_reset_slow_reg[1]/C
                            (rising edge-triggered cell FDCE clocked by source_100  {rise@0.000ns fall@5.000ns period=10.000ns})
  Destination:            source_bank/metadata_in_hold_reg[18]/CE
                            (rising edge-triggered cell FDRE clocked by source_100  {rise@0.000ns fall@5.000ns period=10.000ns})
  Path Group:             source_100
  Path Type:              Setup (Max at Slow Process Corner)
  Requirement:            10.000ns  (source_100 rise@10.000ns - source_100 rise@0.000ns)
  Data Path Delay:        7.122ns  (logic 1.257ns (17.648%)  route 5.865ns (82.352%))
  Logic Levels:           3  (LUT2=1 LUT4=1 LUT5=1)
  Clock Path Skew:        -0.049ns (DCD - SCD + CPR)
    Destination Clock Delay (DCD):    0.924ns = ( 10.924 - 10.000 ) 
    Source Clock Delay      (SCD):    0.973ns
    Clock Pessimism Removal (CPR):    0.000ns
  Clock Uncertainty:      0.035ns  ((TSJ^2 + TIJ^2)^1/2 + DJ) / 2 + PE
    Total System Jitter     (TSJ):    0.071ns
    Total Input Jitter      (TIJ):    0.000ns
    Discrete Jitter          (DJ):    0.000ns
    Phase Error              (PE):    0.000ns

    Location             Delay type                Incr(ns)  Path(ns)    Netlist Resource(s)
  -------------------------------------------------------------------    -------------------
                         (clock source_100 rise edge)
                                                      0.000     0.000 r  
                                                      0.000     0.000 r  clk (IN)
                         net (fo=183, unset)          0.973     0.973    clk
    SLICE_X8Y0           FDCE                                         r  fast_reset_slow_reg[1]/C
  -------------------------------------------------------------------    -------------------
    SLICE_X8Y0           FDCE (Prop_fdce_C_Q)         0.478     1.451 r  fast_reset_slow_reg[1]/Q
                         net (fo=1, routed)           0.665     2.116    output_bank/out[0]
    SLICE_X8Y1           LUT2 (Prop_lut2_I0_O)        0.295     2.411 f  output_bank/input_ready_INST_0_i_2/O
                         net (fo=36, routed)          1.798     4.209    source_bank/request_toggle_reg_0
    SLICE_X9Y6           LUT4 (Prop_lut4_I1_O)        0.152     4.361 r  source_bank/input_ready_INST_0_i_1/O
                         net (fo=9, routed)           0.567     4.927    source_bank/input_ready_INST_0_i_1_n_0
    SLICE_X8Y6           LUT5 (Prop_lut5_I1_O)        0.332     5.259 r  source_bank/metadata_in_hold[68]_i_1/O
                         net (fo=64, routed)          2.836     8.095    source_bank/metadata_load
    SLICE_X34Y3          FDRE                                         r  source_bank/metadata_in_hold_reg[18]/CE
  -------------------------------------------------------------------    -------------------

                         (clock source_100 rise edge)
                                                     10.000    10.000 r  
                                                      0.000    10.000 r  clk (IN)
                         net (fo=183, unset)          0.924    10.924    source_bank/clk
    SLICE_X34Y3          FDRE                                         r  source_bank/metadata_in_hold_reg[18]/C
                         clock pessimism              0.000    10.924    
                         clock uncertainty           -0.035    10.889    
    SLICE_X34Y3          FDRE (Setup_fdre_C_CE)      -0.169    10.720    source_bank/metadata_in_hold_reg[18]
  -------------------------------------------------------------------
                         required time                         10.720    
                         arrival time                          -8.095    
  -------------------------------------------------------------------
                         slack                                  2.625    

Slack (MET) :             2.625ns  (required time - arrival time)
  Source:                 fast_reset_slow_reg[1]/C
                            (rising edge-triggered cell FDCE clocked by source_100  {rise@0.000ns fall@5.000ns period=10.000ns})
  Destination:            source_bank/metadata_in_hold_reg[6]/CE
                            (rising edge-triggered cell FDRE clocked by source_100  {rise@0.000ns fall@5.000ns period=10.000ns})
  Path Group:             source_100
  Path Type:              Setup (Max at Slow Process Corner)
  Requirement:            10.000ns  (source_100 rise@10.000ns - source_100 rise@0.000ns)
  Data Path Delay:        7.122ns  (logic 1.257ns (17.648%)  route 5.865ns (82.352%))
  Logic Levels:           3  (LUT2=1 LUT4=1 LUT5=1)
  Clock Path Skew:        -0.049ns (DCD - SCD + CPR)
    Destination Clock Delay (DCD):    0.924ns = ( 10.924 - 10.000 ) 
    Source Clock Delay      (SCD):    0.973ns
    Clock Pessimism Removal (CPR):    0.000ns
  Clock Uncertainty:      0.035ns  ((TSJ^2 + TIJ^2)^1/2 + DJ) / 2 + PE
    Total System Jitter     (TSJ):    0.071ns
    Total Input Jitter      (TIJ):    0.000ns
    Discrete Jitter          (DJ):    0.000ns
    Phase Error              (PE):    0.000ns

    Location             Delay type                Incr(ns)  Path(ns)    Netlist Resource(s)
  -------------------------------------------------------------------    -------------------
                         (clock source_100 rise edge)
                                                      0.000     0.000 r  
                                                      0.000     0.000 r  clk (IN)
                         net (fo=183, unset)          0.973     0.973    clk
    SLICE_X8Y0           FDCE                                         r  fast_reset_slow_reg[1]/C
  -------------------------------------------------------------------    -------------------
    SLICE_X8Y0           FDCE (Prop_fdce_C_Q)         0.478     1.451 r  fast_reset_slow_reg[1]/Q
                         net (fo=1, routed)           0.665     2.116    output_bank/out[0]
    SLICE_X8Y1           LUT2 (Prop_lut2_I0_O)        0.295     2.411 f  output_bank/input_ready_INST_0_i_2/O
                         net (fo=36, routed)          1.798     4.209    source_bank/request_toggle_reg_0
    SLICE_X9Y6           LUT4 (Prop_lut4_I1_O)        0.152     4.361 r  source_bank/input_ready_INST_0_i_1/O
                         net (fo=9, routed)           0.567     4.927    source_bank/input_ready_INST_0_i_1_n_0
    SLICE_X8Y6           LUT5 (Prop_lut5_I1_O)        0.332     5.259 r  source_bank/metadata_in_hold[68]_i_1/O
                         net (fo=64, routed)          2.836     8.095    source_bank/metadata_load
    SLICE_X34Y3          FDRE                                         r  source_bank/metadata_in_hold_reg[6]/CE
  -------------------------------------------------------------------    -------------------

                         (clock source_100 rise edge)
                                                     10.000    10.000 r  
                                                      0.000    10.000 r  clk (IN)
                         net (fo=183, unset)          0.924    10.924    source_bank/clk
    SLICE_X34Y3          FDRE                                         r  source_bank/metadata_in_hold_reg[6]/C
                         clock pessimism              0.000    10.924    
                         clock uncertainty           -0.035    10.889    
    SLICE_X34Y3          FDRE (Setup_fdre_C_CE)      -0.169    10.720    source_bank/metadata_in_hold_reg[6]
  -------------------------------------------------------------------
                         required time                         10.720    
                         arrival time                          -8.095    
  -------------------------------------------------------------------
                         slack                                  2.625    

Slack (MET) :             2.625ns  (required time - arrival time)
  Source:                 fast_reset_slow_reg[1]/C
                            (rising edge-triggered cell FDCE clocked by source_100  {rise@0.000ns fall@5.000ns period=10.000ns})
  Destination:            source_bank/metadata_in_hold_reg[7]/CE
                            (rising edge-triggered cell FDRE clocked by source_100  {rise@0.000ns fall@5.000ns period=10.000ns})
  Path Group:             source_100
  Path Type:              Setup (Max at Slow Process Corner)
  Requirement:            10.000ns  (source_100 rise@10.000ns - source_100 rise@0.000ns)
  Data Path Delay:        7.122ns  (logic 1.257ns (17.648%)  route 5.865ns (82.352%))
  Logic Levels:           3  (LUT2=1 LUT4=1 LUT5=1)
  Clock Path Skew:        -0.049ns (DCD - SCD + CPR)
    Destination Clock Delay (DCD):    0.924ns = ( 10.924 - 10.000 ) 
    Source Clock Delay      (SCD):    0.973ns
    Clock Pessimism Removal (CPR):    0.000ns
  Clock Uncertainty:      0.035ns  ((TSJ^2 + TIJ^2)^1/2 + DJ) / 2 + PE
    Total System Jitter     (TSJ):    0.071ns
    Total Input Jitter      (TIJ):    0.000ns
    Discrete Jitter          (DJ):    0.000ns
    Phase Error              (PE):    0.000ns

    Location             Delay type                Incr(ns)  Path(ns)    Netlist Resource(s)
  -------------------------------------------------------------------    -------------------
                         (clock source_100 rise edge)
                                                      0.000     0.000 r  
                                                      0.000     0.000 r  clk (IN)
                         net (fo=183, unset)          0.973     0.973    clk
    SLICE_X8Y0           FDCE                                         r  fast_reset_slow_reg[1]/C
  -------------------------------------------------------------------    -------------------
    SLICE_X8Y0           FDCE (Prop_fdce_C_Q)         0.478     1.451 r  fast_reset_slow_reg[1]/Q
                         net (fo=1, routed)           0.665     2.116    output_bank/out[0]
    SLICE_X8Y1           LUT2 (Prop_lut2_I0_O)        0.295     2.411 f  output_bank/input_ready_INST_0_i_2/O
                         net (fo=36, routed)          1.798     4.209    source_bank/request_toggle_reg_0
    SLICE_X9Y6           LUT4 (Prop_lut4_I1_O)        0.152     4.361 r  source_bank/input_ready_INST_0_i_1/O
                         net (fo=9, routed)           0.567     4.927    source_bank/input_ready_INST_0_i_1_n_0
    SLICE_X8Y6           LUT5 (Prop_lut5_I1_O)        0.332     5.259 r  source_bank/metadata_in_hold[68]_i_1/O
                         net (fo=64, routed)          2.836     8.095    source_bank/metadata_load
    SLICE_X34Y3          FDRE                                         r  source_bank/metadata_in_hold_reg[7]/CE
  -------------------------------------------------------------------    -------------------

                         (clock source_100 rise edge)
                                                     10.000    10.000 r  
                                                      0.000    10.000 r  clk (IN)
                         net (fo=183, unset)          0.924    10.924    source_bank/clk
    SLICE_X34Y3          FDRE                                         r  source_bank/metadata_in_hold_reg[7]/C
                         clock pessimism              0.000    10.924    
                         clock uncertainty           -0.035    10.889    
    SLICE_X34Y3          FDRE (Setup_fdre_C_CE)      -0.169    10.720    source_bank/metadata_in_hold_reg[7]
  -------------------------------------------------------------------
                         required time                         10.720    
                         arrival time                          -8.095    
  -------------------------------------------------------------------
                         slack                                  2.625    

Slack (MET) :             2.625ns  (required time - arrival time)
  Source:                 fast_reset_slow_reg[1]/C
                            (rising edge-triggered cell FDCE clocked by source_100  {rise@0.000ns fall@5.000ns period=10.000ns})
  Destination:            source_bank/metadata_in_hold_reg[8]/CE
                            (rising edge-triggered cell FDRE clocked by source_100  {rise@0.000ns fall@5.000ns period=10.000ns})
  Path Group:             source_100
  Path Type:              Setup (Max at Slow Process Corner)
  Requirement:            10.000ns  (source_100 rise@10.000ns - source_100 rise@0.000ns)
  Data Path Delay:        7.122ns  (logic 1.257ns (17.648%)  route 5.865ns (82.352%))
  Logic Levels:           3  (LUT2=1 LUT4=1 LUT5=1)
  Clock Path Skew:        -0.049ns (DCD - SCD + CPR)
    Destination Clock Delay (DCD):    0.924ns = ( 10.924 - 10.000 ) 
    Source Clock Delay      (SCD):    0.973ns
    Clock Pessimism Removal (CPR):    0.000ns
  Clock Uncertainty:      0.035ns  ((TSJ^2 + TIJ^2)^1/2 + DJ) / 2 + PE
    Total System Jitter     (TSJ):    0.071ns
    Total Input Jitter      (TIJ):    0.000ns
    Discrete Jitter          (DJ):    0.000ns
    Phase Error              (PE):    0.000ns

    Location             Delay type                Incr(ns)  Path(ns)    Netlist Resource(s)
  -------------------------------------------------------------------    -------------------
                         (clock source_100 rise edge)
                                                      0.000     0.000 r  
                                                      0.000     0.000 r  clk (IN)
                         net (fo=183, unset)          0.973     0.973    clk
    SLICE_X8Y0           FDCE                                         r  fast_reset_slow_reg[1]/C
  -------------------------------------------------------------------    -------------------
    SLICE_X8Y0           FDCE (Prop_fdce_C_Q)         0.478     1.451 r  fast_reset_slow_reg[1]/Q
                         net (fo=1, routed)           0.665     2.116    output_bank/out[0]
    SLICE_X8Y1           LUT2 (Prop_lut2_I0_O)        0.295     2.411 f  output_bank/input_ready_INST_0_i_2/O
                         net (fo=36, routed)          1.798     4.209    source_bank/request_toggle_reg_0
    SLICE_X9Y6           LUT4 (Prop_lut4_I1_O)        0.152     4.361 r  source_bank/input_ready_INST_0_i_1/O
                         net (fo=9, routed)           0.567     4.927    source_bank/input_ready_INST_0_i_1_n_0
    SLICE_X8Y6           LUT5 (Prop_lut5_I1_O)        0.332     5.259 r  source_bank/metadata_in_hold[68]_i_1/O
                         net (fo=64, routed)          2.836     8.095    source_bank/metadata_load
    SLICE_X34Y3          FDRE                                         r  source_bank/metadata_in_hold_reg[8]/CE
  -------------------------------------------------------------------    -------------------

                         (clock source_100 rise edge)
                                                     10.000    10.000 r  
                                                      0.000    10.000 r  clk (IN)
                         net (fo=183, unset)          0.924    10.924    source_bank/clk
    SLICE_X34Y3          FDRE                                         r  source_bank/metadata_in_hold_reg[8]/C
                         clock pessimism              0.000    10.924    
                         clock uncertainty           -0.035    10.889    
    SLICE_X34Y3          FDRE (Setup_fdre_C_CE)      -0.169    10.720    source_bank/metadata_in_hold_reg[8]
  -------------------------------------------------------------------
                         required time                         10.720    
                         arrival time                          -8.095    
  -------------------------------------------------------------------
                         slack                                  2.625    

Slack (MET) :             2.625ns  (required time - arrival time)
  Source:                 fast_reset_slow_reg[1]/C
                            (rising edge-triggered cell FDCE clocked by source_100  {rise@0.000ns fall@5.000ns period=10.000ns})
  Destination:            source_bank/metadata_in_hold_reg[9]/CE
                            (rising edge-triggered cell FDRE clocked by source_100  {rise@0.000ns fall@5.000ns period=10.000ns})
  Path Group:             source_100
  Path Type:              Setup (Max at Slow Process Corner)
  Requirement:            10.000ns  (source_100 rise@10.000ns - source_100 rise@0.000ns)
  Data Path Delay:        7.122ns  (logic 1.257ns (17.648%)  route 5.865ns (82.352%))
  Logic Levels:           3  (LUT2=1 LUT4=1 LUT5=1)
  Clock Path Skew:        -0.049ns (DCD - SCD + CPR)
    Destination Clock Delay (DCD):    0.924ns = ( 10.924 - 10.000 ) 
    Source Clock Delay      (SCD):    0.973ns
    Clock Pessimism Removal (CPR):    0.000ns
  Clock Uncertainty:      0.035ns  ((TSJ^2 + TIJ^2)^1/2 + DJ) / 2 + PE
    Total System Jitter     (TSJ):    0.071ns
    Total Input Jitter      (TIJ):    0.000ns
    Discrete Jitter          (DJ):    0.000ns
    Phase Error              (PE):    0.000ns

    Location             Delay type                Incr(ns)  Path(ns)    Netlist Resource(s)
  -------------------------------------------------------------------    -------------------
                         (clock source_100 rise edge)
                                                      0.000     0.000 r  
                                                      0.000     0.000 r  clk (IN)
                         net (fo=183, unset)          0.973     0.973    clk
    SLICE_X8Y0           FDCE                                         r  fast_reset_slow_reg[1]/C
  -------------------------------------------------------------------    -------------------
    SLICE_X8Y0           FDCE (Prop_fdce_C_Q)         0.478     1.451 r  fast_reset_slow_reg[1]/Q
                         net (fo=1, routed)           0.665     2.116    output_bank/out[0]
    SLICE_X8Y1           LUT2 (Prop_lut2_I0_O)        0.295     2.411 f  output_bank/input_ready_INST_0_i_2/O
                         net (fo=36, routed)          1.798     4.209    source_bank/request_toggle_reg_0
    SLICE_X9Y6           LUT4 (Prop_lut4_I1_O)        0.152     4.361 r  source_bank/input_ready_INST_0_i_1/O
                         net (fo=9, routed)           0.567     4.927    source_bank/input_ready_INST_0_i_1_n_0
    SLICE_X8Y6           LUT5 (Prop_lut5_I1_O)        0.332     5.259 r  source_bank/metadata_in_hold[68]_i_1/O
                         net (fo=64, routed)          2.836     8.095    source_bank/metadata_load
    SLICE_X34Y3          FDRE                                         r  source_bank/metadata_in_hold_reg[9]/CE
  -------------------------------------------------------------------    -------------------

                         (clock source_100 rise edge)
                                                     10.000    10.000 r  
                                                      0.000    10.000 r  clk (IN)
                         net (fo=183, unset)          0.924    10.924    source_bank/clk
    SLICE_X34Y3          FDRE                                         r  source_bank/metadata_in_hold_reg[9]/C
                         clock pessimism              0.000    10.924    
                         clock uncertainty           -0.035    10.889    
    SLICE_X34Y3          FDRE (Setup_fdre_C_CE)      -0.169    10.720    source_bank/metadata_in_hold_reg[9]
  -------------------------------------------------------------------
                         required time                         10.720    
                         arrival time                          -8.095    
  -------------------------------------------------------------------
                         slack                                  2.625    

Slack (MET) :             2.764ns  (required time - arrival time)
  Source:                 fast_reset_slow_reg[1]/C
                            (rising edge-triggered cell FDCE clocked by source_100  {rise@0.000ns fall@5.000ns period=10.000ns})
  Destination:            source_bank/metadata_in_hold_reg[10]/CE
                            (rising edge-triggered cell FDRE clocked by source_100  {rise@0.000ns fall@5.000ns period=10.000ns})
  Path Group:             source_100
  Path Type:              Setup (Max at Slow Process Corner)
  Requirement:            10.000ns  (source_100 rise@10.000ns - source_100 rise@0.000ns)
  Data Path Delay:        6.983ns  (logic 1.257ns (18.002%)  route 5.726ns (81.998%))
  Logic Levels:           3  (LUT2=1 LUT4=1 LUT5=1)
  Clock Path Skew:        -0.049ns (DCD - SCD + CPR)
    Destination Clock Delay (DCD):    0.924ns = ( 10.924 - 10.000 ) 
    Source Clock Delay      (SCD):    0.973ns
    Clock Pessimism Removal (CPR):    0.000ns
  Clock Uncertainty:      0.035ns  ((TSJ^2 + TIJ^2)^1/2 + DJ) / 2 + PE
    Total System Jitter     (TSJ):    0.071ns
    Total Input Jitter      (TIJ):    0.000ns
    Discrete Jitter          (DJ):    0.000ns
    Phase Error              (PE):    0.000ns

    Location             Delay type                Incr(ns)  Path(ns)    Netlist Resource(s)
  -------------------------------------------------------------------    -------------------
                         (clock source_100 rise edge)
                                                      0.000     0.000 r  
                                                      0.000     0.000 r  clk (IN)
                         net (fo=183, unset)          0.973     0.973    clk
    SLICE_X8Y0           FDCE                                         r  fast_reset_slow_reg[1]/C
  -------------------------------------------------------------------    -------------------
    SLICE_X8Y0           FDCE (Prop_fdce_C_Q)         0.478     1.451 r  fast_reset_slow_reg[1]/Q
                         net (fo=1, routed)           0.665     2.116    output_bank/out[0]
    SLICE_X8Y1           LUT2 (Prop_lut2_I0_O)        0.295     2.411 f  output_bank/input_ready_INST_0_i_2/O
                         net (fo=36, routed)          1.798     4.209    source_bank/request_toggle_reg_0
    SLICE_X9Y6           LUT4 (Prop_lut4_I1_O)        0.152     4.361 r  source_bank/input_ready_INST_0_i_1/O
                         net (fo=9, routed)           0.567     4.927    source_bank/input_ready_INST_0_i_1_n_0
    SLICE_X8Y6           LUT5 (Prop_lut5_I1_O)        0.332     5.259 r  source_bank/metadata_in_hold[68]_i_1/O
                         net (fo=64, routed)          2.696     7.956    source_bank/metadata_load
    SLICE_X34Y4          FDRE                                         r  source_bank/metadata_in_hold_reg[10]/CE
  -------------------------------------------------------------------    -------------------

                         (clock source_100 rise edge)
                                                     10.000    10.000 r  
                                                      0.000    10.000 r  clk (IN)
                         net (fo=183, unset)          0.924    10.924    source_bank/clk
    SLICE_X34Y4          FDRE                                         r  source_bank/metadata_in_hold_reg[10]/C
                         clock pessimism              0.000    10.924    
                         clock uncertainty           -0.035    10.889    
    SLICE_X34Y4          FDRE (Setup_fdre_C_CE)      -0.169    10.720    source_bank/metadata_in_hold_reg[10]
  -------------------------------------------------------------------
                         required time                         10.720    
                         arrival time                          -7.956    
  -------------------------------------------------------------------
                         slack                                  2.764    

Slack (MET) :             2.764ns  (required time - arrival time)
  Source:                 fast_reset_slow_reg[1]/C
                            (rising edge-triggered cell FDCE clocked by source_100  {rise@0.000ns fall@5.000ns period=10.000ns})
  Destination:            source_bank/metadata_in_hold_reg[11]/CE
                            (rising edge-triggered cell FDRE clocked by source_100  {rise@0.000ns fall@5.000ns period=10.000ns})
  Path Group:             source_100
  Path Type:              Setup (Max at Slow Process Corner)
  Requirement:            10.000ns  (source_100 rise@10.000ns - source_100 rise@0.000ns)
  Data Path Delay:        6.983ns  (logic 1.257ns (18.002%)  route 5.726ns (81.998%))
  Logic Levels:           3  (LUT2=1 LUT4=1 LUT5=1)
  Clock Path Skew:        -0.049ns (DCD - SCD + CPR)
    Destination Clock Delay (DCD):    0.924ns = ( 10.924 - 10.000 ) 
    Source Clock Delay      (SCD):    0.973ns
    Clock Pessimism Removal (CPR):    0.000ns
  Clock Uncertainty:      0.035ns  ((TSJ^2 + TIJ^2)^1/2 + DJ) / 2 + PE
    Total System Jitter     (TSJ):    0.071ns
    Total Input Jitter      (TIJ):    0.000ns
    Discrete Jitter          (DJ):    0.000ns
    Phase Error              (PE):    0.000ns

    Location             Delay type                Incr(ns)  Path(ns)    Netlist Resource(s)
  -------------------------------------------------------------------    -------------------
                         (clock source_100 rise edge)
                                                      0.000     0.000 r  
                                                      0.000     0.000 r  clk (IN)
                         net (fo=183, unset)          0.973     0.973    clk
    SLICE_X8Y0           FDCE                                         r  fast_reset_slow_reg[1]/C
  -------------------------------------------------------------------    -------------------
    SLICE_X8Y0           FDCE (Prop_fdce_C_Q)         0.478     1.451 r  fast_reset_slow_reg[1]/Q
                         net (fo=1, routed)           0.665     2.116    output_bank/out[0]
    SLICE_X8Y1           LUT2 (Prop_lut2_I0_O)        0.295     2.411 f  output_bank/input_ready_INST_0_i_2/O
                         net (fo=36, routed)          1.798     4.209    source_bank/request_toggle_reg_0
    SLICE_X9Y6           LUT4 (Prop_lut4_I1_O)        0.152     4.361 r  source_bank/input_ready_INST_0_i_1/O
                         net (fo=9, routed)           0.567     4.927    source_bank/input_ready_INST_0_i_1_n_0
    SLICE_X8Y6           LUT5 (Prop_lut5_I1_O)        0.332     5.259 r  source_bank/metadata_in_hold[68]_i_1/O
                         net (fo=64, routed)          2.696     7.956    source_bank/metadata_load
    SLICE_X34Y4          FDRE                                         r  source_bank/metadata_in_hold_reg[11]/CE
  -------------------------------------------------------------------    -------------------

                         (clock source_100 rise edge)
                                                     10.000    10.000 r  
                                                      0.000    10.000 r  clk (IN)
                         net (fo=183, unset)          0.924    10.924    source_bank/clk
    SLICE_X34Y4          FDRE                                         r  source_bank/metadata_in_hold_reg[11]/C
                         clock pessimism              0.000    10.924    
                         clock uncertainty           -0.035    10.889    
    SLICE_X34Y4          FDRE (Setup_fdre_C_CE)      -0.169    10.720    source_bank/metadata_in_hold_reg[11]
  -------------------------------------------------------------------
                         required time                         10.720    
                         arrival time                          -7.956    
  -------------------------------------------------------------------
                         slack                                  2.764    

Slack (MET) :             2.764ns  (required time - arrival time)
  Source:                 fast_reset_slow_reg[1]/C
                            (rising edge-triggered cell FDCE clocked by source_100  {rise@0.000ns fall@5.000ns period=10.000ns})
  Destination:            source_bank/metadata_in_hold_reg[12]/CE
                            (rising edge-triggered cell FDRE clocked by source_100  {rise@0.000ns fall@5.000ns period=10.000ns})
  Path Group:             source_100
  Path Type:              Setup (Max at Slow Process Corner)
  Requirement:            10.000ns  (source_100 rise@10.000ns - source_100 rise@0.000ns)
  Data Path Delay:        6.983ns  (logic 1.257ns (18.002%)  route 5.726ns (81.998%))
  Logic Levels:           3  (LUT2=1 LUT4=1 LUT5=1)
  Clock Path Skew:        -0.049ns (DCD - SCD + CPR)
    Destination Clock Delay (DCD):    0.924ns = ( 10.924 - 10.000 ) 
    Source Clock Delay      (SCD):    0.973ns
    Clock Pessimism Removal (CPR):    0.000ns
  Clock Uncertainty:      0.035ns  ((TSJ^2 + TIJ^2)^1/2 + DJ) / 2 + PE
    Total System Jitter     (TSJ):    0.071ns
    Total Input Jitter      (TIJ):    0.000ns
    Discrete Jitter          (DJ):    0.000ns
    Phase Error              (PE):    0.000ns

    Location             Delay type                Incr(ns)  Path(ns)    Netlist Resource(s)
  -------------------------------------------------------------------    -------------------
                         (clock source_100 rise edge)
                                                      0.000     0.000 r  
                                                      0.000     0.000 r  clk (IN)
                         net (fo=183, unset)          0.973     0.973    clk
    SLICE_X8Y0           FDCE                                         r  fast_reset_slow_reg[1]/C
  -------------------------------------------------------------------    -------------------
    SLICE_X8Y0           FDCE (Prop_fdce_C_Q)         0.478     1.451 r  fast_reset_slow_reg[1]/Q
                         net (fo=1, routed)           0.665     2.116    output_bank/out[0]
    SLICE_X8Y1           LUT2 (Prop_lut2_I0_O)        0.295     2.411 f  output_bank/input_ready_INST_0_i_2/O
                         net (fo=36, routed)          1.798     4.209    source_bank/request_toggle_reg_0
    SLICE_X9Y6           LUT4 (Prop_lut4_I1_O)        0.152     4.361 r  source_bank/input_ready_INST_0_i_1/O
                         net (fo=9, routed)           0.567     4.927    source_bank/input_ready_INST_0_i_1_n_0
    SLICE_X8Y6           LUT5 (Prop_lut5_I1_O)        0.332     5.259 r  source_bank/metadata_in_hold[68]_i_1/O
                         net (fo=64, routed)          2.696     7.956    source_bank/metadata_load
    SLICE_X34Y4          FDRE                                         r  source_bank/metadata_in_hold_reg[12]/CE
  -------------------------------------------------------------------    -------------------

                         (clock source_100 rise edge)
                                                     10.000    10.000 r  
                                                      0.000    10.000 r  clk (IN)
                         net (fo=183, unset)          0.924    10.924    source_bank/clk
    SLICE_X34Y4          FDRE                                         r  source_bank/metadata_in_hold_reg[12]/C
                         clock pessimism              0.000    10.924    
                         clock uncertainty           -0.035    10.889    
    SLICE_X34Y4          FDRE (Setup_fdre_C_CE)      -0.169    10.720    source_bank/metadata_in_hold_reg[12]
  -------------------------------------------------------------------
                         required time                         10.720    
                         arrival time                          -7.956    
  -------------------------------------------------------------------
                         slack                                  2.764    

Slack (MET) :             2.764ns  (required time - arrival time)
  Source:                 fast_reset_slow_reg[1]/C
                            (rising edge-triggered cell FDCE clocked by source_100  {rise@0.000ns fall@5.000ns period=10.000ns})
  Destination:            source_bank/metadata_in_hold_reg[14]/CE
                            (rising edge-triggered cell FDRE clocked by source_100  {rise@0.000ns fall@5.000ns period=10.000ns})
  Path Group:             source_100
  Path Type:              Setup (Max at Slow Process Corner)
  Requirement:            10.000ns  (source_100 rise@10.000ns - source_100 rise@0.000ns)
  Data Path Delay:        6.983ns  (logic 1.257ns (18.002%)  route 5.726ns (81.998%))
  Logic Levels:           3  (LUT2=1 LUT4=1 LUT5=1)
  Clock Path Skew:        -0.049ns (DCD - SCD + CPR)
    Destination Clock Delay (DCD):    0.924ns = ( 10.924 - 10.000 ) 
    Source Clock Delay      (SCD):    0.973ns
    Clock Pessimism Removal (CPR):    0.000ns
  Clock Uncertainty:      0.035ns  ((TSJ^2 + TIJ^2)^1/2 + DJ) / 2 + PE
    Total System Jitter     (TSJ):    0.071ns
    Total Input Jitter      (TIJ):    0.000ns
    Discrete Jitter          (DJ):    0.000ns
    Phase Error              (PE):    0.000ns

    Location             Delay type                Incr(ns)  Path(ns)    Netlist Resource(s)
  -------------------------------------------------------------------    -------------------
                         (clock source_100 rise edge)
                                                      0.000     0.000 r  
                                                      0.000     0.000 r  clk (IN)
                         net (fo=183, unset)          0.973     0.973    clk
    SLICE_X8Y0           FDCE                                         r  fast_reset_slow_reg[1]/C
  -------------------------------------------------------------------    -------------------
    SLICE_X8Y0           FDCE (Prop_fdce_C_Q)         0.478     1.451 r  fast_reset_slow_reg[1]/Q
                         net (fo=1, routed)           0.665     2.116    output_bank/out[0]
    SLICE_X8Y1           LUT2 (Prop_lut2_I0_O)        0.295     2.411 f  output_bank/input_ready_INST_0_i_2/O
                         net (fo=36, routed)          1.798     4.209    source_bank/request_toggle_reg_0
    SLICE_X9Y6           LUT4 (Prop_lut4_I1_O)        0.152     4.361 r  source_bank/input_ready_INST_0_i_1/O
                         net (fo=9, routed)           0.567     4.927    source_bank/input_ready_INST_0_i_1_n_0
    SLICE_X8Y6           LUT5 (Prop_lut5_I1_O)        0.332     5.259 r  source_bank/metadata_in_hold[68]_i_1/O
                         net (fo=64, routed)          2.696     7.956    source_bank/metadata_load
    SLICE_X34Y4          FDRE                                         r  source_bank/metadata_in_hold_reg[14]/CE
  -------------------------------------------------------------------    -------------------

                         (clock source_100 rise edge)
                                                     10.000    10.000 r  
                                                      0.000    10.000 r  clk (IN)
                         net (fo=183, unset)          0.924    10.924    source_bank/clk
    SLICE_X34Y4          FDRE                                         r  source_bank/metadata_in_hold_reg[14]/C
                         clock pessimism              0.000    10.924    
                         clock uncertainty           -0.035    10.889    
    SLICE_X34Y4          FDRE (Setup_fdre_C_CE)      -0.169    10.720    source_bank/metadata_in_hold_reg[14]
  -------------------------------------------------------------------
                         required time                         10.720    
                         arrival time                          -7.956    
  -------------------------------------------------------------------
                         slack                                  2.764    




