Copyright 1986-2022 Xilinx, Inc. All Rights Reserved.
-------------------------------------------------------------------------------------------------------------------------------------------------------------------------------------------------------------------------
| Tool Version : Vivado v.2022.2 (lin64) Build 3671981 Fri Oct 14 04:59:54 MDT 2022
| Date         : Thu Sep 10 00:47:09 2026
| Host         : gauss running 64-bit Ubuntu 26.04 LTS
| Command      : report_timing_summary -delay_type min_max -max_paths 10 -file /tmp/starlink-coarse-alternatives.Y3JzOI/direct-coarse/hdl/library/starlink_pss_direct_coarse/build/feeder-corrected-ooc/timing_synth.rpt
| Design       : starlink_pss_direct_feeder
| Device       : 7z010-clg400
| Speed File   : -1  PRODUCTION 1.12 2019-11-22
-------------------------------------------------------------------------------------------------------------------------------------------------------------------------------------------------------------------------

Timing Summary Report

------------------------------------------------------------------------------------------------
| Timer Settings
| --------------
------------------------------------------------------------------------------------------------

  Enable Multi Corner Analysis               :  Yes
  Enable Pessimism Removal                   :  Yes
  Pessimism Removal Resolution               :  Nearest Common Node
  Enable Input Delay Default Clock           :  No
  Enable Preset / Clear Arcs                 :  No
  Disable Flight Delays                      :  No
  Ignore I/O Paths                           :  No
  Timing Early Launch at Borrowing Latches   :  No
  Borrow Time for Max Delay Exceptions       :  Yes
  Merge Timing Exceptions                    :  Yes

  Corner  Analyze    Analyze    
  Name    Max Paths  Min Paths  
  ------  ---------  ---------  
  Slow    Yes        Yes        
  Fast    Yes        Yes        


------------------------------------------------------------------------------------------------
| Report Methodology
| ------------------
------------------------------------------------------------------------------------------------

No report available as report_methodology has not been run prior. Run report_methodology on the current design for the summary of methodology violations.



check_timing report

Table of Contents
-----------------
1. checking no_clock (0)
2. checking constant_clock (0)
3. checking pulse_width_clock (0)
4. checking unconstrained_internal_endpoints (0)
5. checking no_input_delay (0)
6. checking no_output_delay (0)
7. checking multiple_clock (0)
8. checking generated_clocks (0)
9. checking loops (0)
10. checking partial_input_delay (0)
11. checking partial_output_delay (0)
12. checking latch_loops (0)

1. checking no_clock (0)
------------------------
 There are 0 register/latch pins with no clock.


2. checking constant_clock (0)
------------------------------
 There are 0 register/latch pins with constant_clock.


3. checking pulse_width_clock (0)
---------------------------------
 There are 0 register/latch pins which need pulse_width check


4. checking unconstrained_internal_endpoints (0)
------------------------------------------------
 There are 0 pins that are not constrained for maximum delay.

 There are 0 pins that are not constrained for maximum delay due to constant clock.


5. checking no_input_delay (0)
------------------------------
 There are 0 input ports with no input delay specified.

 There are 0 input ports with no input delay but user has a false path constraint.


6. checking no_output_delay (0)
-------------------------------
 There are 0 ports with no output delay specified.

 There are 0 ports with no output delay but user has a false path constraint

 There are 0 ports with no output delay but with a timing clock defined on it or propagating through it


7. checking multiple_clock (0)
------------------------------
 There are 0 register/latch pins with multiple clocks.


8. checking generated_clocks (0)
--------------------------------
 There are 0 generated clocks that are not connected to a clock source.


9. checking loops (0)
---------------------
 There are 0 combinational loops in the design.


10. checking partial_input_delay (0)
------------------------------------
 There are 0 input ports with partial input delay specified.


11. checking partial_output_delay (0)
-------------------------------------
 There are 0 ports with partial output delay specified.


12. checking latch_loops (0)
----------------------------
 There are 0 combinational latch loops in the design through latch input



------------------------------------------------------------------------------------------------
| Design Timing Summary
| ---------------------
------------------------------------------------------------------------------------------------

    WNS(ns)      TNS(ns)  TNS Failing Endpoints  TNS Total Endpoints      WHS(ns)      THS(ns)  THS Failing Endpoints  THS Total Endpoints     WPWS(ns)     TPWS(ns)  TPWS Failing Endpoints  TPWS Total Endpoints  
    -------      -------  ---------------------  -------------------      -------      -------  ---------------------  -------------------     --------     --------  ----------------------  --------------------  
     -2.546    -2680.106                   3578                 7908        0.011        0.000                      0                 7908        1.442        0.000                       0                  2944  


Timing constraints are not met.


------------------------------------------------------------------------------------------------
| Clock Summary
| -------------
------------------------------------------------------------------------------------------------

Clock        Waveform(ns)         Period(ns)      Frequency(MHz)
-----        ------------         ----------      --------------
service_clk  {0.000 2.500}        5.000           200.000         


------------------------------------------------------------------------------------------------
| Intra Clock Table
| -----------------
------------------------------------------------------------------------------------------------

Clock             WNS(ns)      TNS(ns)  TNS Failing Endpoints  TNS Total Endpoints      WHS(ns)      THS(ns)  THS Failing Endpoints  THS Total Endpoints     WPWS(ns)     TPWS(ns)  TPWS Failing Endpoints  TPWS Total Endpoints  
-----             -------      -------  ---------------------  -------------------      -------      -------  ---------------------  -------------------     --------     --------  ----------------------  --------------------  
service_clk        -2.546    -2680.106                   3578                 7908        0.011        0.000                      0                 7908        1.442        0.000                       0                  2944  


------------------------------------------------------------------------------------------------
| Inter Clock Table
| -----------------
------------------------------------------------------------------------------------------------

From Clock    To Clock          WNS(ns)      TNS(ns)  TNS Failing Endpoints  TNS Total Endpoints      WHS(ns)      THS(ns)  THS Failing Endpoints  THS Total Endpoints  
----------    --------          -------      -------  ---------------------  -------------------      -------      -------  ---------------------  -------------------  


------------------------------------------------------------------------------------------------
| Other Path Groups Table
| -----------------------
------------------------------------------------------------------------------------------------

Path Group    From Clock    To Clock          WNS(ns)      TNS(ns)  TNS Failing Endpoints  TNS Total Endpoints      WHS(ns)      THS(ns)  THS Failing Endpoints  THS Total Endpoints  
----------    ----------    --------          -------      -------  ---------------------  -------------------      -------      -------  ---------------------  -------------------  


------------------------------------------------------------------------------------------------
| Timing Details
| --------------
------------------------------------------------------------------------------------------------


---------------------------------------------------------------------------------------------------
From Clock:  service_clk
  To Clock:  service_clk

Setup :         3578  Failing Endpoints,  Worst Slack       -2.546ns,  Total Violation    -2680.106ns
Hold  :            0  Failing Endpoints,  Worst Slack        0.011ns,  Total Violation        0.000ns
PW    :            0  Failing Endpoints,  Worst Slack        1.442ns,  Total Violation        0.000ns
---------------------------------------------------------------------------------------------------


Max Delay Paths
--------------------------------------------------------------------------------------
Slack (VIOLATED) :        -2.546ns  (required time - arrival time)
  Source:                 write_sequence_reg[1]/C
                            (rising edge-triggered cell FDRE clocked by service_clk  {rise@0.000ns fall@2.500ns period=5.000ns})
  Destination:            expiry_now
                            (output port clocked by service_clk  {rise@0.000ns fall@2.500ns period=5.000ns})
  Path Group:             service_clk
  Path Type:              Max at Slow Process Corner
  Requirement:            5.000ns  (service_clk rise@5.000ns - service_clk rise@0.000ns)
  Data Path Delay:        6.038ns  (logic 2.228ns (36.900%)  route 3.810ns (63.100%))
  Logic Levels:           8  (CARRY4=3 LUT2=2 LUT4=1 LUT6=2)
  Output Delay:           0.500ns
  Clock Path Skew:        -0.973ns (DCD - SCD + CPR)
    Destination Clock Delay (DCD):    0.000ns = ( 5.000 - 5.000 ) 
    Source Clock Delay      (SCD):    0.973ns
    Clock Pessimism Removal (CPR):    0.000ns
  Clock Uncertainty:      0.035ns  ((TSJ^2 + TIJ^2)^1/2 + DJ) / 2 + PE
    Total System Jitter     (TSJ):    0.071ns
    Total Input Jitter      (TIJ):    0.000ns
    Discrete Jitter          (DJ):    0.000ns
    Phase Error              (PE):    0.000ns

    Location             Delay type                Incr(ns)  Path(ns)    Netlist Resource(s)
  -------------------------------------------------------------------    -------------------
                         (clock service_clk rise edge)
                                                      0.000     0.000 r  
                                                      0.000     0.000 r  clk (IN)
                         net (fo=2943, unset)         0.973     0.973    clk
                         FDRE                                         r  write_sequence_reg[1]/C
  -------------------------------------------------------------------    -------------------
                         FDRE (Prop_fdre_C_Q)         0.340     1.313 r  write_sequence_reg[1]/Q
                         net (fo=4, unplaced)         0.494     1.807    write_sequence_reg_n_0_[1]
                         LUT2 (Prop_lut2_I0_O)        0.295     2.102 r  segment_fence_INST_0_i_27/O
                         net (fo=1, unplaced)         0.000     2.102    segment_fence_INST_0_i_27_n_0
                         CARRY4 (Prop_carry4_S[1]_CO[3])
                                                      0.550     2.652 r  segment_fence_INST_0_i_17/CO[3]
                         net (fo=1, unplaced)         0.000     2.652    segment_fence_INST_0_i_17_n_0
                         CARRY4 (Prop_carry4_CI_CO[3])
                                                      0.114     2.766 r  segment_fence_INST_0_i_7/CO[3]
                         net (fo=1, unplaced)         0.000     2.766    segment_fence_INST_0_i_7_n_0
                         CARRY4 (Prop_carry4_CI_O[2])
                                                      0.256     3.022 r  segment_fence_INST_0_i_5/O[2]
                         net (fo=1, unplaced)         0.967     3.989    mac/pending_span[4]
                         LUT6 (Prop_lut6_I0_O)        0.301     4.290 f  mac/segment_fence_INST_0_i_2/O
                         net (fo=4, unplaced)         0.473     4.763    mac_n_5
                         LUT4 (Prop_lut4_I0_O)        0.124     4.887 f  expiry_now_INST_0_i_2/O
                         net (fo=4, unplaced)         0.473     5.360    expiry_now_INST_0_i_2_n_0
                         LUT6 (Prop_lut6_I0_O)        0.124     5.484 r  expiry_now_INST_0_i_1/O
                         net (fo=2, unplaced)         0.430     5.914    expiry_now_INST_0_i_1_n_0
                         LUT2 (Prop_lut2_I0_O)        0.124     6.038 r  expiry_now_INST_0/O
                         net (fo=0)                   0.973     7.011    expiry_now
                                                                      r  expiry_now (OUT)
  -------------------------------------------------------------------    -------------------

                         (clock service_clk rise edge)
                                                      5.000     5.000 r  
                         clock pessimism              0.000     5.000    
                         clock uncertainty           -0.035     4.965    
                         output delay                -0.500     4.465    
  -------------------------------------------------------------------
                         required time                          4.465    
                         arrival time                          -7.011    
  -------------------------------------------------------------------
                         slack                                 -2.546    

Slack (VIOLATED) :        -2.539ns  (required time - arrival time)
  Source:                 write_sequence_reg[1]/C
                            (rising edge-triggered cell FDRE clocked by service_clk  {rise@0.000ns fall@2.500ns period=5.000ns})
  Destination:            coefficient_read_reg[101]/R
                            (rising edge-triggered cell FDRE clocked by service_clk  {rise@0.000ns fall@2.500ns period=5.000ns})
  Path Group:             service_clk
  Path Type:              Setup (Max at Slow Process Corner)
  Requirement:            5.000ns  (service_clk rise@5.000ns - service_clk rise@0.000ns)
  Data Path Delay:        6.929ns  (logic 2.449ns (35.344%)  route 4.480ns (64.656%))
  Logic Levels:           9  (CARRY4=3 LUT2=2 LUT3=1 LUT4=1 LUT6=2)
  Clock Path Skew:        -0.049ns (DCD - SCD + CPR)
    Destination Clock Delay (DCD):    0.924ns = ( 5.924 - 5.000 ) 
    Source Clock Delay      (SCD):    0.973ns
    Clock Pessimism Removal (CPR):    0.000ns
  Clock Uncertainty:      0.035ns  ((TSJ^2 + TIJ^2)^1/2 + DJ) / 2 + PE
    Total System Jitter     (TSJ):    0.071ns
    Total Input Jitter      (TIJ):    0.000ns
    Discrete Jitter          (DJ):    0.000ns
    Phase Error              (PE):    0.000ns

    Location             Delay type                Incr(ns)  Path(ns)    Netlist Resource(s)
  -------------------------------------------------------------------    -------------------
                         (clock service_clk rise edge)
                                                      0.000     0.000 r  
                                                      0.000     0.000 r  clk (IN)
                         net (fo=2943, unset)         0.973     0.973    clk
                         FDRE                                         r  write_sequence_reg[1]/C
  -------------------------------------------------------------------    -------------------
                         FDRE (Prop_fdre_C_Q)         0.340     1.313 r  write_sequence_reg[1]/Q
                         net (fo=4, unplaced)         0.494     1.807    write_sequence_reg_n_0_[1]
                         LUT2 (Prop_lut2_I0_O)        0.295     2.102 r  segment_fence_INST_0_i_27/O
                         net (fo=1, unplaced)         0.000     2.102    segment_fence_INST_0_i_27_n_0
                         CARRY4 (Prop_carry4_S[1]_CO[3])
                                                      0.550     2.652 r  segment_fence_INST_0_i_17/CO[3]
                         net (fo=1, unplaced)         0.000     2.652    segment_fence_INST_0_i_17_n_0
                         CARRY4 (Prop_carry4_CI_CO[3])
                                                      0.114     2.766 r  segment_fence_INST_0_i_7/CO[3]
                         net (fo=1, unplaced)         0.000     2.766    segment_fence_INST_0_i_7_n_0
                         CARRY4 (Prop_carry4_CI_O[1])
                                                      0.348     3.114 f  segment_fence_INST_0_i_5/O[1]
                         net (fo=2, unplaced)         0.622     3.736    mac/pending_span[3]
                         LUT3 (Prop_lut3_I0_O)        0.306     4.042 r  mac/segment_fence_INST_0_i_3/O
                         net (fo=3, unplaced)         0.920     4.962    mac/write_sequence_reg[11]_0
                         LUT6 (Prop_lut6_I2_O)        0.124     5.086 f  mac/segment_fence_INST_0/O
                         net (fo=34, unplaced)        0.522     5.608    mac/sample_valid_0
                         LUT4 (Prop_lut4_I2_O)        0.124     5.732 r  mac/mul_last_reg_srl2_i_1/O
                         net (fo=12, unplaced)        0.497     6.229    mac/mul_last_reg_srl2_i_1_n_0
                         LUT6 (Prop_lut6_I3_O)        0.124     6.353 r  mac/history[0].samples_reg_i_1/O
                         net (fo=214, unplaced)       0.568     6.921    mac/read_enable
                         LUT2 (Prop_lut2_I1_O)        0.124     7.045 r  mac/coefficient_read[167]_i_1/O
                         net (fo=47, unplaced)        0.857     7.902    mac_n_1
                         FDRE                                         r  coefficient_read_reg[101]/R
  -------------------------------------------------------------------    -------------------

                         (clock service_clk rise edge)
                                                      5.000     5.000 r  
                                                      0.000     5.000 r  clk (IN)
                         net (fo=2943, unset)         0.924     5.924    clk
                         FDRE                                         r  coefficient_read_reg[101]/C
                         clock pessimism              0.000     5.924    
                         clock uncertainty           -0.035     5.889    
                         FDRE (Setup_fdre_C_R)       -0.526     5.363    coefficient_read_reg[101]
  -------------------------------------------------------------------
                         required time                          5.363    
                         arrival time                          -7.902    
  -------------------------------------------------------------------
                         slack                                 -2.539    

Slack (VIOLATED) :        -2.539ns  (required time - arrival time)
  Source:                 write_sequence_reg[1]/C
                            (rising edge-triggered cell FDRE clocked by service_clk  {rise@0.000ns fall@2.500ns period=5.000ns})
  Destination:            coefficient_read_reg[105]/R
                            (rising edge-triggered cell FDRE clocked by service_clk  {rise@0.000ns fall@2.500ns period=5.000ns})
  Path Group:             service_clk
  Path Type:              Setup (Max at Slow Process Corner)
  Requirement:            5.000ns  (service_clk rise@5.000ns - service_clk rise@0.000ns)
  Data Path Delay:        6.929ns  (logic 2.449ns (35.344%)  route 4.480ns (64.656%))
  Logic Levels:           9  (CARRY4=3 LUT2=2 LUT3=1 LUT4=1 LUT6=2)
  Clock Path Skew:        -0.049ns (DCD - SCD + CPR)
    Destination Clock Delay (DCD):    0.924ns = ( 5.924 - 5.000 ) 
    Source Clock Delay      (SCD):    0.973ns
    Clock Pessimism Removal (CPR):    0.000ns
  Clock Uncertainty:      0.035ns  ((TSJ^2 + TIJ^2)^1/2 + DJ) / 2 + PE
    Total System Jitter     (TSJ):    0.071ns
    Total Input Jitter      (TIJ):    0.000ns
    Discrete Jitter          (DJ):    0.000ns
    Phase Error              (PE):    0.000ns

    Location             Delay type                Incr(ns)  Path(ns)    Netlist Resource(s)
  -------------------------------------------------------------------    -------------------
                         (clock service_clk rise edge)
                                                      0.000     0.000 r  
                                                      0.000     0.000 r  clk (IN)
                         net (fo=2943, unset)         0.973     0.973    clk
                         FDRE                                         r  write_sequence_reg[1]/C
  -------------------------------------------------------------------    -------------------
                         FDRE (Prop_fdre_C_Q)         0.340     1.313 r  write_sequence_reg[1]/Q
                         net (fo=4, unplaced)         0.494     1.807    write_sequence_reg_n_0_[1]
                         LUT2 (Prop_lut2_I0_O)        0.295     2.102 r  segment_fence_INST_0_i_27/O
                         net (fo=1, unplaced)         0.000     2.102    segment_fence_INST_0_i_27_n_0
                         CARRY4 (Prop_carry4_S[1]_CO[3])
                                                      0.550     2.652 r  segment_fence_INST_0_i_17/CO[3]
                         net (fo=1, unplaced)         0.000     2.652    segment_fence_INST_0_i_17_n_0
                         CARRY4 (Prop_carry4_CI_CO[3])
                                                      0.114     2.766 r  segment_fence_INST_0_i_7/CO[3]
                         net (fo=1, unplaced)         0.000     2.766    segment_fence_INST_0_i_7_n_0
                         CARRY4 (Prop_carry4_CI_O[1])
                                                      0.348     3.114 f  segment_fence_INST_0_i_5/O[1]
                         net (fo=2, unplaced)         0.622     3.736    mac/pending_span[3]
                         LUT3 (Prop_lut3_I0_O)        0.306     4.042 r  mac/segment_fence_INST_0_i_3/O
                         net (fo=3, unplaced)         0.920     4.962    mac/write_sequence_reg[11]_0
                         LUT6 (Prop_lut6_I2_O)        0.124     5.086 f  mac/segment_fence_INST_0/O
                         net (fo=34, unplaced)        0.522     5.608    mac/sample_valid_0
                         LUT4 (Prop_lut4_I2_O)        0.124     5.732 r  mac/mul_last_reg_srl2_i_1/O
                         net (fo=12, unplaced)        0.497     6.229    mac/mul_last_reg_srl2_i_1_n_0
                         LUT6 (Prop_lut6_I3_O)        0.124     6.353 r  mac/history[0].samples_reg_i_1/O
                         net (fo=214, unplaced)       0.568     6.921    mac/read_enable
                         LUT2 (Prop_lut2_I1_O)        0.124     7.045 r  mac/coefficient_read[167]_i_1/O
                         net (fo=47, unplaced)        0.857     7.902    mac_n_1
                         FDRE                                         r  coefficient_read_reg[105]/R
  -------------------------------------------------------------------    -------------------

                         (clock service_clk rise edge)
                                                      5.000     5.000 r  
                                                      0.000     5.000 r  clk (IN)
                         net (fo=2943, unset)         0.924     5.924    clk
                         FDRE                                         r  coefficient_read_reg[105]/C
                         clock pessimism              0.000     5.924    
                         clock uncertainty           -0.035     5.889    
                         FDRE (Setup_fdre_C_R)       -0.526     5.363    coefficient_read_reg[105]
  -------------------------------------------------------------------
                         required time                          5.363    
                         arrival time                          -7.902    
  -------------------------------------------------------------------
                         slack                                 -2.539    

Slack (VIOLATED) :        -2.539ns  (required time - arrival time)
  Source:                 write_sequence_reg[1]/C
                            (rising edge-triggered cell FDRE clocked by service_clk  {rise@0.000ns fall@2.500ns period=5.000ns})
  Destination:            coefficient_read_reg[106]/R
                            (rising edge-triggered cell FDRE clocked by service_clk  {rise@0.000ns fall@2.500ns period=5.000ns})
  Path Group:             service_clk
  Path Type:              Setup (Max at Slow Process Corner)
  Requirement:            5.000ns  (service_clk rise@5.000ns - service_clk rise@0.000ns)
  Data Path Delay:        6.929ns  (logic 2.449ns (35.344%)  route 4.480ns (64.656%))
  Logic Levels:           9  (CARRY4=3 LUT2=2 LUT3=1 LUT4=1 LUT6=2)
  Clock Path Skew:        -0.049ns (DCD - SCD + CPR)
    Destination Clock Delay (DCD):    0.924ns = ( 5.924 - 5.000 ) 
    Source Clock Delay      (SCD):    0.973ns
    Clock Pessimism Removal (CPR):    0.000ns
  Clock Uncertainty:      0.035ns  ((TSJ^2 + TIJ^2)^1/2 + DJ) / 2 + PE
    Total System Jitter     (TSJ):    0.071ns
    Total Input Jitter      (TIJ):    0.000ns
    Discrete Jitter          (DJ):    0.000ns
    Phase Error              (PE):    0.000ns

    Location             Delay type                Incr(ns)  Path(ns)    Netlist Resource(s)
  -------------------------------------------------------------------    -------------------
                         (clock service_clk rise edge)
                                                      0.000     0.000 r  
                                                      0.000     0.000 r  clk (IN)
                         net (fo=2943, unset)         0.973     0.973    clk
                         FDRE                                         r  write_sequence_reg[1]/C
  -------------------------------------------------------------------    -------------------
                         FDRE (Prop_fdre_C_Q)         0.340     1.313 r  write_sequence_reg[1]/Q
                         net (fo=4, unplaced)         0.494     1.807    write_sequence_reg_n_0_[1]
                         LUT2 (Prop_lut2_I0_O)        0.295     2.102 r  segment_fence_INST_0_i_27/O
                         net (fo=1, unplaced)         0.000     2.102    segment_fence_INST_0_i_27_n_0
                         CARRY4 (Prop_carry4_S[1]_CO[3])
                                                      0.550     2.652 r  segment_fence_INST_0_i_17/CO[3]
                         net (fo=1, unplaced)         0.000     2.652    segment_fence_INST_0_i_17_n_0
                         CARRY4 (Prop_carry4_CI_CO[3])
                                                      0.114     2.766 r  segment_fence_INST_0_i_7/CO[3]
                         net (fo=1, unplaced)         0.000     2.766    segment_fence_INST_0_i_7_n_0
                         CARRY4 (Prop_carry4_CI_O[1])
                                                      0.348     3.114 f  segment_fence_INST_0_i_5/O[1]
                         net (fo=2, unplaced)         0.622     3.736    mac/pending_span[3]
                         LUT3 (Prop_lut3_I0_O)        0.306     4.042 r  mac/segment_fence_INST_0_i_3/O
                         net (fo=3, unplaced)         0.920     4.962    mac/write_sequence_reg[11]_0
                         LUT6 (Prop_lut6_I2_O)        0.124     5.086 f  mac/segment_fence_INST_0/O
                         net (fo=34, unplaced)        0.522     5.608    mac/sample_valid_0
                         LUT4 (Prop_lut4_I2_O)        0.124     5.732 r  mac/mul_last_reg_srl2_i_1/O
                         net (fo=12, unplaced)        0.497     6.229    mac/mul_last_reg_srl2_i_1_n_0
                         LUT6 (Prop_lut6_I3_O)        0.124     6.353 r  mac/history[0].samples_reg_i_1/O
                         net (fo=214, unplaced)       0.568     6.921    mac/read_enable
                         LUT2 (Prop_lut2_I1_O)        0.124     7.045 r  mac/coefficient_read[167]_i_1/O
                         net (fo=47, unplaced)        0.857     7.902    mac_n_1
                         FDRE                                         r  coefficient_read_reg[106]/R
  -------------------------------------------------------------------    -------------------

                         (clock service_clk rise edge)
                                                      5.000     5.000 r  
                                                      0.000     5.000 r  clk (IN)
                         net (fo=2943, unset)         0.924     5.924    clk
                         FDRE                                         r  coefficient_read_reg[106]/C
                         clock pessimism              0.000     5.924    
                         clock uncertainty           -0.035     5.889    
                         FDRE (Setup_fdre_C_R)       -0.526     5.363    coefficient_read_reg[106]
  -------------------------------------------------------------------
                         required time                          5.363    
                         arrival time                          -7.902    
  -------------------------------------------------------------------
                         slack                                 -2.539    

Slack (VIOLATED) :        -2.539ns  (required time - arrival time)
  Source:                 write_sequence_reg[1]/C
                            (rising edge-triggered cell FDRE clocked by service_clk  {rise@0.000ns fall@2.500ns period=5.000ns})
  Destination:            coefficient_read_reg[115]/R
                            (rising edge-triggered cell FDRE clocked by service_clk  {rise@0.000ns fall@2.500ns period=5.000ns})
  Path Group:             service_clk
  Path Type:              Setup (Max at Slow Process Corner)
  Requirement:            5.000ns  (service_clk rise@5.000ns - service_clk rise@0.000ns)
  Data Path Delay:        6.929ns  (logic 2.449ns (35.344%)  route 4.480ns (64.656%))
  Logic Levels:           9  (CARRY4=3 LUT2=2 LUT3=1 LUT4=1 LUT6=2)
  Clock Path Skew:        -0.049ns (DCD - SCD + CPR)
    Destination Clock Delay (DCD):    0.924ns = ( 5.924 - 5.000 ) 
    Source Clock Delay      (SCD):    0.973ns
    Clock Pessimism Removal (CPR):    0.000ns
  Clock Uncertainty:      0.035ns  ((TSJ^2 + TIJ^2)^1/2 + DJ) / 2 + PE
    Total System Jitter     (TSJ):    0.071ns
    Total Input Jitter      (TIJ):    0.000ns
    Discrete Jitter          (DJ):    0.000ns
    Phase Error              (PE):    0.000ns

    Location             Delay type                Incr(ns)  Path(ns)    Netlist Resource(s)
  -------------------------------------------------------------------    -------------------
                         (clock service_clk rise edge)
                                                      0.000     0.000 r  
                                                      0.000     0.000 r  clk (IN)
                         net (fo=2943, unset)         0.973     0.973    clk
                         FDRE                                         r  write_sequence_reg[1]/C
  -------------------------------------------------------------------    -------------------
                         FDRE (Prop_fdre_C_Q)         0.340     1.313 r  write_sequence_reg[1]/Q
                         net (fo=4, unplaced)         0.494     1.807    write_sequence_reg_n_0_[1]
                         LUT2 (Prop_lut2_I0_O)        0.295     2.102 r  segment_fence_INST_0_i_27/O
                         net (fo=1, unplaced)         0.000     2.102    segment_fence_INST_0_i_27_n_0
                         CARRY4 (Prop_carry4_S[1]_CO[3])
                                                      0.550     2.652 r  segment_fence_INST_0_i_17/CO[3]
                         net (fo=1, unplaced)         0.000     2.652    segment_fence_INST_0_i_17_n_0
                         CARRY4 (Prop_carry4_CI_CO[3])
                                                      0.114     2.766 r  segment_fence_INST_0_i_7/CO[3]
                         net (fo=1, unplaced)         0.000     2.766    segment_fence_INST_0_i_7_n_0
                         CARRY4 (Prop_carry4_CI_O[1])
                                                      0.348     3.114 f  segment_fence_INST_0_i_5/O[1]
                         net (fo=2, unplaced)         0.622     3.736    mac/pending_span[3]
                         LUT3 (Prop_lut3_I0_O)        0.306     4.042 r  mac/segment_fence_INST_0_i_3/O
                         net (fo=3, unplaced)         0.920     4.962    mac/write_sequence_reg[11]_0
                         LUT6 (Prop_lut6_I2_O)        0.124     5.086 f  mac/segment_fence_INST_0/O
                         net (fo=34, unplaced)        0.522     5.608    mac/sample_valid_0
                         LUT4 (Prop_lut4_I2_O)        0.124     5.732 r  mac/mul_last_reg_srl2_i_1/O
                         net (fo=12, unplaced)        0.497     6.229    mac/mul_last_reg_srl2_i_1_n_0
                         LUT6 (Prop_lut6_I3_O)        0.124     6.353 r  mac/history[0].samples_reg_i_1/O
                         net (fo=214, unplaced)       0.568     6.921    mac/read_enable
                         LUT2 (Prop_lut2_I1_O)        0.124     7.045 r  mac/coefficient_read[167]_i_1/O
                         net (fo=47, unplaced)        0.857     7.902    mac_n_1
                         FDRE                                         r  coefficient_read_reg[115]/R
  -------------------------------------------------------------------    -------------------

                         (clock service_clk rise edge)
                                                      5.000     5.000 r  
                                                      0.000     5.000 r  clk (IN)
                         net (fo=2943, unset)         0.924     5.924    clk
                         FDRE                                         r  coefficient_read_reg[115]/C
                         clock pessimism              0.000     5.924    
                         clock uncertainty           -0.035     5.889    
                         FDRE (Setup_fdre_C_R)       -0.526     5.363    coefficient_read_reg[115]
  -------------------------------------------------------------------
                         required time                          5.363    
                         arrival time                          -7.902    
  -------------------------------------------------------------------
                         slack                                 -2.539    

Slack (VIOLATED) :        -2.539ns  (required time - arrival time)
  Source:                 write_sequence_reg[1]/C
                            (rising edge-triggered cell FDRE clocked by service_clk  {rise@0.000ns fall@2.500ns period=5.000ns})
  Destination:            coefficient_read_reg[117]/R
                            (rising edge-triggered cell FDRE clocked by service_clk  {rise@0.000ns fall@2.500ns period=5.000ns})
  Path Group:             service_clk
  Path Type:              Setup (Max at Slow Process Corner)
  Requirement:            5.000ns  (service_clk rise@5.000ns - service_clk rise@0.000ns)
  Data Path Delay:        6.929ns  (logic 2.449ns (35.344%)  route 4.480ns (64.656%))
  Logic Levels:           9  (CARRY4=3 LUT2=2 LUT3=1 LUT4=1 LUT6=2)
  Clock Path Skew:        -0.049ns (DCD - SCD + CPR)
    Destination Clock Delay (DCD):    0.924ns = ( 5.924 - 5.000 ) 
    Source Clock Delay      (SCD):    0.973ns
    Clock Pessimism Removal (CPR):    0.000ns
  Clock Uncertainty:      0.035ns  ((TSJ^2 + TIJ^2)^1/2 + DJ) / 2 + PE
    Total System Jitter     (TSJ):    0.071ns
    Total Input Jitter      (TIJ):    0.000ns
    Discrete Jitter          (DJ):    0.000ns
    Phase Error              (PE):    0.000ns

    Location             Delay type                Incr(ns)  Path(ns)    Netlist Resource(s)
  -------------------------------------------------------------------    -------------------
                         (clock service_clk rise edge)
                                                      0.000     0.000 r  
                                                      0.000     0.000 r  clk (IN)
                         net (fo=2943, unset)         0.973     0.973    clk
                         FDRE                                         r  write_sequence_reg[1]/C
  -------------------------------------------------------------------    -------------------
                         FDRE (Prop_fdre_C_Q)         0.340     1.313 r  write_sequence_reg[1]/Q
                         net (fo=4, unplaced)         0.494     1.807    write_sequence_reg_n_0_[1]
                         LUT2 (Prop_lut2_I0_O)        0.295     2.102 r  segment_fence_INST_0_i_27/O
                         net (fo=1, unplaced)         0.000     2.102    segment_fence_INST_0_i_27_n_0
                         CARRY4 (Prop_carry4_S[1]_CO[3])
                                                      0.550     2.652 r  segment_fence_INST_0_i_17/CO[3]
                         net (fo=1, unplaced)         0.000     2.652    segment_fence_INST_0_i_17_n_0
                         CARRY4 (Prop_carry4_CI_CO[3])
                                                      0.114     2.766 r  segment_fence_INST_0_i_7/CO[3]
                         net (fo=1, unplaced)         0.000     2.766    segment_fence_INST_0_i_7_n_0
                         CARRY4 (Prop_carry4_CI_O[1])
                                                      0.348     3.114 f  segment_fence_INST_0_i_5/O[1]
                         net (fo=2, unplaced)         0.622     3.736    mac/pending_span[3]
                         LUT3 (Prop_lut3_I0_O)        0.306     4.042 r  mac/segment_fence_INST_0_i_3/O
                         net (fo=3, unplaced)         0.920     4.962    mac/write_sequence_reg[11]_0
                         LUT6 (Prop_lut6_I2_O)        0.124     5.086 f  mac/segment_fence_INST_0/O
                         net (fo=34, unplaced)        0.522     5.608    mac/sample_valid_0
                         LUT4 (Prop_lut4_I2_O)        0.124     5.732 r  mac/mul_last_reg_srl2_i_1/O
                         net (fo=12, unplaced)        0.497     6.229    mac/mul_last_reg_srl2_i_1_n_0
                         LUT6 (Prop_lut6_I3_O)        0.124     6.353 r  mac/history[0].samples_reg_i_1/O
                         net (fo=214, unplaced)       0.568     6.921    mac/read_enable
                         LUT2 (Prop_lut2_I1_O)        0.124     7.045 r  mac/coefficient_read[167]_i_1/O
                         net (fo=47, unplaced)        0.857     7.902    mac_n_1
                         FDRE                                         r  coefficient_read_reg[117]/R
  -------------------------------------------------------------------    -------------------

                         (clock service_clk rise edge)
                                                      5.000     5.000 r  
                                                      0.000     5.000 r  clk (IN)
                         net (fo=2943, unset)         0.924     5.924    clk
                         FDRE                                         r  coefficient_read_reg[117]/C
                         clock pessimism              0.000     5.924    
                         clock uncertainty           -0.035     5.889    
                         FDRE (Setup_fdre_C_R)       -0.526     5.363    coefficient_read_reg[117]
  -------------------------------------------------------------------
                         required time                          5.363    
                         arrival time                          -7.902    
  -------------------------------------------------------------------
                         slack                                 -2.539    

Slack (VIOLATED) :        -2.539ns  (required time - arrival time)
  Source:                 write_sequence_reg[1]/C
                            (rising edge-triggered cell FDRE clocked by service_clk  {rise@0.000ns fall@2.500ns period=5.000ns})
  Destination:            coefficient_read_reg[120]/R
                            (rising edge-triggered cell FDRE clocked by service_clk  {rise@0.000ns fall@2.500ns period=5.000ns})
  Path Group:             service_clk
  Path Type:              Setup (Max at Slow Process Corner)
  Requirement:            5.000ns  (service_clk rise@5.000ns - service_clk rise@0.000ns)
  Data Path Delay:        6.929ns  (logic 2.449ns (35.344%)  route 4.480ns (64.656%))
  Logic Levels:           9  (CARRY4=3 LUT2=2 LUT3=1 LUT4=1 LUT6=2)
  Clock Path Skew:        -0.049ns (DCD - SCD + CPR)
    Destination Clock Delay (DCD):    0.924ns = ( 5.924 - 5.000 ) 
    Source Clock Delay      (SCD):    0.973ns
    Clock Pessimism Removal (CPR):    0.000ns
  Clock Uncertainty:      0.035ns  ((TSJ^2 + TIJ^2)^1/2 + DJ) / 2 + PE
    Total System Jitter     (TSJ):    0.071ns
    Total Input Jitter      (TIJ):    0.000ns
    Discrete Jitter          (DJ):    0.000ns
    Phase Error              (PE):    0.000ns

    Location             Delay type                Incr(ns)  Path(ns)    Netlist Resource(s)
  -------------------------------------------------------------------    -------------------
                         (clock service_clk rise edge)
                                                      0.000     0.000 r  
                                                      0.000     0.000 r  clk (IN)
                         net (fo=2943, unset)         0.973     0.973    clk
                         FDRE                                         r  write_sequence_reg[1]/C
  -------------------------------------------------------------------    -------------------
                         FDRE (Prop_fdre_C_Q)         0.340     1.313 r  write_sequence_reg[1]/Q
                         net (fo=4, unplaced)         0.494     1.807    write_sequence_reg_n_0_[1]
                         LUT2 (Prop_lut2_I0_O)        0.295     2.102 r  segment_fence_INST_0_i_27/O
                         net (fo=1, unplaced)         0.000     2.102    segment_fence_INST_0_i_27_n_0
                         CARRY4 (Prop_carry4_S[1]_CO[3])
                                                      0.550     2.652 r  segment_fence_INST_0_i_17/CO[3]
                         net (fo=1, unplaced)         0.000     2.652    segment_fence_INST_0_i_17_n_0
                         CARRY4 (Prop_carry4_CI_CO[3])
                                                      0.114     2.766 r  segment_fence_INST_0_i_7/CO[3]
                         net (fo=1, unplaced)         0.000     2.766    segment_fence_INST_0_i_7_n_0
                         CARRY4 (Prop_carry4_CI_O[1])
                                                      0.348     3.114 f  segment_fence_INST_0_i_5/O[1]
                         net (fo=2, unplaced)         0.622     3.736    mac/pending_span[3]
                         LUT3 (Prop_lut3_I0_O)        0.306     4.042 r  mac/segment_fence_INST_0_i_3/O
                         net (fo=3, unplaced)         0.920     4.962    mac/write_sequence_reg[11]_0
                         LUT6 (Prop_lut6_I2_O)        0.124     5.086 f  mac/segment_fence_INST_0/O
                         net (fo=34, unplaced)        0.522     5.608    mac/sample_valid_0
                         LUT4 (Prop_lut4_I2_O)        0.124     5.732 r  mac/mul_last_reg_srl2_i_1/O
                         net (fo=12, unplaced)        0.497     6.229    mac/mul_last_reg_srl2_i_1_n_0
                         LUT6 (Prop_lut6_I3_O)        0.124     6.353 r  mac/history[0].samples_reg_i_1/O
                         net (fo=214, unplaced)       0.568     6.921    mac/read_enable
                         LUT2 (Prop_lut2_I1_O)        0.124     7.045 r  mac/coefficient_read[167]_i_1/O
                         net (fo=47, unplaced)        0.857     7.902    mac_n_1
                         FDRE                                         r  coefficient_read_reg[120]/R
  -------------------------------------------------------------------    -------------------

                         (clock service_clk rise edge)
                                                      5.000     5.000 r  
                                                      0.000     5.000 r  clk (IN)
                         net (fo=2943, unset)         0.924     5.924    clk
                         FDRE                                         r  coefficient_read_reg[120]/C
                         clock pessimism              0.000     5.924    
                         clock uncertainty           -0.035     5.889    
                         FDRE (Setup_fdre_C_R)       -0.526     5.363    coefficient_read_reg[120]
  -------------------------------------------------------------------
                         required time                          5.363    
                         arrival time                          -7.902    
  -------------------------------------------------------------------
                         slack                                 -2.539    

Slack (VIOLATED) :        -2.539ns  (required time - arrival time)
  Source:                 write_sequence_reg[1]/C
                            (rising edge-triggered cell FDRE clocked by service_clk  {rise@0.000ns fall@2.500ns period=5.000ns})
  Destination:            coefficient_read_reg[123]/R
                            (rising edge-triggered cell FDRE clocked by service_clk  {rise@0.000ns fall@2.500ns period=5.000ns})
  Path Group:             service_clk
  Path Type:              Setup (Max at Slow Process Corner)
  Requirement:            5.000ns  (service_clk rise@5.000ns - service_clk rise@0.000ns)
  Data Path Delay:        6.929ns  (logic 2.449ns (35.344%)  route 4.480ns (64.656%))
  Logic Levels:           9  (CARRY4=3 LUT2=2 LUT3=1 LUT4=1 LUT6=2)
  Clock Path Skew:        -0.049ns (DCD - SCD + CPR)
    Destination Clock Delay (DCD):    0.924ns = ( 5.924 - 5.000 ) 
    Source Clock Delay      (SCD):    0.973ns
    Clock Pessimism Removal (CPR):    0.000ns
  Clock Uncertainty:      0.035ns  ((TSJ^2 + TIJ^2)^1/2 + DJ) / 2 + PE
    Total System Jitter     (TSJ):    0.071ns
    Total Input Jitter      (TIJ):    0.000ns
    Discrete Jitter          (DJ):    0.000ns
    Phase Error              (PE):    0.000ns

    Location             Delay type                Incr(ns)  Path(ns)    Netlist Resource(s)
  -------------------------------------------------------------------    -------------------
                         (clock service_clk rise edge)
                                                      0.000     0.000 r  
                                                      0.000     0.000 r  clk (IN)
                         net (fo=2943, unset)         0.973     0.973    clk
                         FDRE                                         r  write_sequence_reg[1]/C
  -------------------------------------------------------------------    -------------------
                         FDRE (Prop_fdre_C_Q)         0.340     1.313 r  write_sequence_reg[1]/Q
                         net (fo=4, unplaced)         0.494     1.807    write_sequence_reg_n_0_[1]
                         LUT2 (Prop_lut2_I0_O)        0.295     2.102 r  segment_fence_INST_0_i_27/O
                         net (fo=1, unplaced)         0.000     2.102    segment_fence_INST_0_i_27_n_0
                         CARRY4 (Prop_carry4_S[1]_CO[3])
                                                      0.550     2.652 r  segment_fence_INST_0_i_17/CO[3]
                         net (fo=1, unplaced)         0.000     2.652    segment_fence_INST_0_i_17_n_0
                         CARRY4 (Prop_carry4_CI_CO[3])
                                                      0.114     2.766 r  segment_fence_INST_0_i_7/CO[3]
                         net (fo=1, unplaced)         0.000     2.766    segment_fence_INST_0_i_7_n_0
                         CARRY4 (Prop_carry4_CI_O[1])
                                                      0.348     3.114 f  segment_fence_INST_0_i_5/O[1]
                         net (fo=2, unplaced)         0.622     3.736    mac/pending_span[3]
                         LUT3 (Prop_lut3_I0_O)        0.306     4.042 r  mac/segment_fence_INST_0_i_3/O
                         net (fo=3, unplaced)         0.920     4.962    mac/write_sequence_reg[11]_0
                         LUT6 (Prop_lut6_I2_O)        0.124     5.086 f  mac/segment_fence_INST_0/O
                         net (fo=34, unplaced)        0.522     5.608    mac/sample_valid_0
                         LUT4 (Prop_lut4_I2_O)        0.124     5.732 r  mac/mul_last_reg_srl2_i_1/O
                         net (fo=12, unplaced)        0.497     6.229    mac/mul_last_reg_srl2_i_1_n_0
                         LUT6 (Prop_lut6_I3_O)        0.124     6.353 r  mac/history[0].samples_reg_i_1/O
                         net (fo=214, unplaced)       0.568     6.921    mac/read_enable
                         LUT2 (Prop_lut2_I1_O)        0.124     7.045 r  mac/coefficient_read[167]_i_1/O
                         net (fo=47, unplaced)        0.857     7.902    mac_n_1
                         FDRE                                         r  coefficient_read_reg[123]/R
  -------------------------------------------------------------------    -------------------

                         (clock service_clk rise edge)
                                                      5.000     5.000 r  
                                                      0.000     5.000 r  clk (IN)
                         net (fo=2943, unset)         0.924     5.924    clk
                         FDRE                                         r  coefficient_read_reg[123]/C
                         clock pessimism              0.000     5.924    
                         clock uncertainty           -0.035     5.889    
                         FDRE (Setup_fdre_C_R)       -0.526     5.363    coefficient_read_reg[123]
  -------------------------------------------------------------------
                         required time                          5.363    
                         arrival time                          -7.902    
  -------------------------------------------------------------------
                         slack                                 -2.539    

Slack (VIOLATED) :        -2.539ns  (required time - arrival time)
  Source:                 write_sequence_reg[1]/C
                            (rising edge-triggered cell FDRE clocked by service_clk  {rise@0.000ns fall@2.500ns period=5.000ns})
  Destination:            coefficient_read_reg[128]/R
                            (rising edge-triggered cell FDRE clocked by service_clk  {rise@0.000ns fall@2.500ns period=5.000ns})
  Path Group:             service_clk
  Path Type:              Setup (Max at Slow Process Corner)
  Requirement:            5.000ns  (service_clk rise@5.000ns - service_clk rise@0.000ns)
  Data Path Delay:        6.929ns  (logic 2.449ns (35.344%)  route 4.480ns (64.656%))
  Logic Levels:           9  (CARRY4=3 LUT2=2 LUT3=1 LUT4=1 LUT6=2)
  Clock Path Skew:        -0.049ns (DCD - SCD + CPR)
    Destination Clock Delay (DCD):    0.924ns = ( 5.924 - 5.000 ) 
    Source Clock Delay      (SCD):    0.973ns
    Clock Pessimism Removal (CPR):    0.000ns
  Clock Uncertainty:      0.035ns  ((TSJ^2 + TIJ^2)^1/2 + DJ) / 2 + PE
    Total System Jitter     (TSJ):    0.071ns
    Total Input Jitter      (TIJ):    0.000ns
    Discrete Jitter          (DJ):    0.000ns
    Phase Error              (PE):    0.000ns

    Location             Delay type                Incr(ns)  Path(ns)    Netlist Resource(s)
  -------------------------------------------------------------------    -------------------
                         (clock service_clk rise edge)
                                                      0.000     0.000 r  
                                                      0.000     0.000 r  clk (IN)
                         net (fo=2943, unset)         0.973     0.973    clk
                         FDRE                                         r  write_sequence_reg[1]/C
  -------------------------------------------------------------------    -------------------
                         FDRE (Prop_fdre_C_Q)         0.340     1.313 r  write_sequence_reg[1]/Q
                         net (fo=4, unplaced)         0.494     1.807    write_sequence_reg_n_0_[1]
                         LUT2 (Prop_lut2_I0_O)        0.295     2.102 r  segment_fence_INST_0_i_27/O
                         net (fo=1, unplaced)         0.000     2.102    segment_fence_INST_0_i_27_n_0
                         CARRY4 (Prop_carry4_S[1]_CO[3])
                                                      0.550     2.652 r  segment_fence_INST_0_i_17/CO[3]
                         net (fo=1, unplaced)         0.000     2.652    segment_fence_INST_0_i_17_n_0
                         CARRY4 (Prop_carry4_CI_CO[3])
                                                      0.114     2.766 r  segment_fence_INST_0_i_7/CO[3]
                         net (fo=1, unplaced)         0.000     2.766    segment_fence_INST_0_i_7_n_0
                         CARRY4 (Prop_carry4_CI_O[1])
                                                      0.348     3.114 f  segment_fence_INST_0_i_5/O[1]
                         net (fo=2, unplaced)         0.622     3.736    mac/pending_span[3]
                         LUT3 (Prop_lut3_I0_O)        0.306     4.042 r  mac/segment_fence_INST_0_i_3/O
                         net (fo=3, unplaced)         0.920     4.962    mac/write_sequence_reg[11]_0
                         LUT6 (Prop_lut6_I2_O)        0.124     5.086 f  mac/segment_fence_INST_0/O
                         net (fo=34, unplaced)        0.522     5.608    mac/sample_valid_0
                         LUT4 (Prop_lut4_I2_O)        0.124     5.732 r  mac/mul_last_reg_srl2_i_1/O
                         net (fo=12, unplaced)        0.497     6.229    mac/mul_last_reg_srl2_i_1_n_0
                         LUT6 (Prop_lut6_I3_O)        0.124     6.353 r  mac/history[0].samples_reg_i_1/O
                         net (fo=214, unplaced)       0.568     6.921    mac/read_enable
                         LUT2 (Prop_lut2_I1_O)        0.124     7.045 r  mac/coefficient_read[167]_i_1/O
                         net (fo=47, unplaced)        0.857     7.902    mac_n_1
                         FDRE                                         r  coefficient_read_reg[128]/R
  -------------------------------------------------------------------    -------------------

                         (clock service_clk rise edge)
                                                      5.000     5.000 r  
                                                      0.000     5.000 r  clk (IN)
                         net (fo=2943, unset)         0.924     5.924    clk
                         FDRE                                         r  coefficient_read_reg[128]/C
                         clock pessimism              0.000     5.924    
                         clock uncertainty           -0.035     5.889    
                         FDRE (Setup_fdre_C_R)       -0.526     5.363    coefficient_read_reg[128]
  -------------------------------------------------------------------
                         required time                          5.363    
                         arrival time                          -7.902    
  -------------------------------------------------------------------
                         slack                                 -2.539    

Slack (VIOLATED) :        -2.539ns  (required time - arrival time)
  Source:                 write_sequence_reg[1]/C
                            (rising edge-triggered cell FDRE clocked by service_clk  {rise@0.000ns fall@2.500ns period=5.000ns})
  Destination:            coefficient_read_reg[12]/R
                            (rising edge-triggered cell FDRE clocked by service_clk  {rise@0.000ns fall@2.500ns period=5.000ns})
  Path Group:             service_clk
  Path Type:              Setup (Max at Slow Process Corner)
  Requirement:            5.000ns  (service_clk rise@5.000ns - service_clk rise@0.000ns)
  Data Path Delay:        6.929ns  (logic 2.449ns (35.344%)  route 4.480ns (64.656%))
  Logic Levels:           9  (CARRY4=3 LUT2=2 LUT3=1 LUT4=1 LUT6=2)
  Clock Path Skew:        -0.049ns (DCD - SCD + CPR)
    Destination Clock Delay (DCD):    0.924ns = ( 5.924 - 5.000 ) 
    Source Clock Delay      (SCD):    0.973ns
    Clock Pessimism Removal (CPR):    0.000ns
  Clock Uncertainty:      0.035ns  ((TSJ^2 + TIJ^2)^1/2 + DJ) / 2 + PE
    Total System Jitter     (TSJ):    0.071ns
    Total Input Jitter      (TIJ):    0.000ns
    Discrete Jitter          (DJ):    0.000ns
    Phase Error              (PE):    0.000ns

    Location             Delay type                Incr(ns)  Path(ns)    Netlist Resource(s)
  -------------------------------------------------------------------    -------------------
                         (clock service_clk rise edge)
                                                      0.000     0.000 r  
                                                      0.000     0.000 r  clk (IN)
                         net (fo=2943, unset)         0.973     0.973    clk
                         FDRE                                         r  write_sequence_reg[1]/C
  -------------------------------------------------------------------    -------------------
                         FDRE (Prop_fdre_C_Q)         0.340     1.313 r  write_sequence_reg[1]/Q
                         net (fo=4, unplaced)         0.494     1.807    write_sequence_reg_n_0_[1]
                         LUT2 (Prop_lut2_I0_O)        0.295     2.102 r  segment_fence_INST_0_i_27/O
                         net (fo=1, unplaced)         0.000     2.102    segment_fence_INST_0_i_27_n_0
                         CARRY4 (Prop_carry4_S[1]_CO[3])
                                                      0.550     2.652 r  segment_fence_INST_0_i_17/CO[3]
                         net (fo=1, unplaced)         0.000     2.652    segment_fence_INST_0_i_17_n_0
                         CARRY4 (Prop_carry4_CI_CO[3])
                                                      0.114     2.766 r  segment_fence_INST_0_i_7/CO[3]
                         net (fo=1, unplaced)         0.000     2.766    segment_fence_INST_0_i_7_n_0
                         CARRY4 (Prop_carry4_CI_O[1])
                                                      0.348     3.114 f  segment_fence_INST_0_i_5/O[1]
                         net (fo=2, unplaced)         0.622     3.736    mac/pending_span[3]
                         LUT3 (Prop_lut3_I0_O)        0.306     4.042 r  mac/segment_fence_INST_0_i_3/O
                         net (fo=3, unplaced)         0.920     4.962    mac/write_sequence_reg[11]_0
                         LUT6 (Prop_lut6_I2_O)        0.124     5.086 f  mac/segment_fence_INST_0/O
                         net (fo=34, unplaced)        0.522     5.608    mac/sample_valid_0
                         LUT4 (Prop_lut4_I2_O)        0.124     5.732 r  mac/mul_last_reg_srl2_i_1/O
                         net (fo=12, unplaced)        0.497     6.229    mac/mul_last_reg_srl2_i_1_n_0
                         LUT6 (Prop_lut6_I3_O)        0.124     6.353 r  mac/history[0].samples_reg_i_1/O
                         net (fo=214, unplaced)       0.568     6.921    mac/read_enable
                         LUT2 (Prop_lut2_I1_O)        0.124     7.045 r  mac/coefficient_read[167]_i_1/O
                         net (fo=47, unplaced)        0.857     7.902    mac_n_1
                         FDRE                                         r  coefficient_read_reg[12]/R
  -------------------------------------------------------------------    -------------------

                         (clock service_clk rise edge)
                                                      5.000     5.000 r  
                                                      0.000     5.000 r  clk (IN)
                         net (fo=2943, unset)         0.924     5.924    clk
                         FDRE                                         r  coefficient_read_reg[12]/C
                         clock pessimism              0.000     5.924    
                         clock uncertainty           -0.035     5.889    
                         FDRE (Setup_fdre_C_R)       -0.526     5.363    coefficient_read_reg[12]
  -------------------------------------------------------------------
                         required time                          5.363    
                         arrival time                          -7.902    
  -------------------------------------------------------------------
                         slack                                 -2.539    





Min Delay Paths
--------------------------------------------------------------------------------------
Slack (MET) :             0.011ns  (arrival time - required time)
  Source:                 sample_i[0]
                            (input port clocked by service_clk  {rise@0.000ns fall@2.500ns period=5.000ns})
  Destination:            history[0].samples_reg/DIADI[0]
                            (rising edge-triggered cell RAMB18E1 clocked by service_clk  {rise@0.000ns fall@2.500ns period=5.000ns})
  Path Group:             service_clk
  Path Type:              Hold (Min at Slow Process Corner)
  Requirement:            0.000ns  (service_clk rise@0.000ns - service_clk rise@0.000ns)
  Data Path Delay:        0.924ns  (logic 0.000ns (0.000%)  route 0.924ns (100.000%))
  Logic Levels:           0  
  Input Delay:            0.500ns
  Clock Path Skew:        0.973ns (DCD - SCD - CPR)
    Destination Clock Delay (DCD):    0.973ns
    Source Clock Delay      (SCD):    0.000ns
    Clock Pessimism Removal (CPR):    -0.000ns
  Clock Uncertainty:      0.035ns  ((TSJ^2 + TIJ^2)^1/2 + DJ) / 2 + PE
    Total System Jitter     (TSJ):    0.071ns
    Total Input Jitter      (TIJ):    0.000ns
    Discrete Jitter          (DJ):    0.000ns
    Phase Error              (PE):    0.000ns

    Location             Delay type                Incr(ns)  Path(ns)    Netlist Resource(s)
  -------------------------------------------------------------------    -------------------
                         (clock service_clk rise edge)
                                                      0.000     0.000 r  
                         input delay                  0.500     0.500    
                                                      0.000     0.500 r  sample_i[0] (IN)
                         net (fo=5, unset)            0.924     1.424    sample_i[0]
                         RAMB18E1                                     r  history[0].samples_reg/DIADI[0]
  -------------------------------------------------------------------    -------------------

                         (clock service_clk rise edge)
                                                      0.000     0.000 r  
                                                      0.000     0.000 r  clk (IN)
                         net (fo=2943, unset)         0.973     0.973    clk
                         RAMB18E1                                     r  history[0].samples_reg/CLKBWRCLK
                         clock pessimism              0.000     0.973    
                         clock uncertainty            0.035     1.008    
                         RAMB18E1 (Hold_ramb18e1_CLKBWRCLK_DIADI[0])
                                                      0.405     1.413    history[0].samples_reg
  -------------------------------------------------------------------
                         required time                         -1.413    
                         arrival time                           1.424    
  -------------------------------------------------------------------
                         slack                                  0.011    

Slack (MET) :             0.011ns  (arrival time - required time)
  Source:                 sample_i[10]
                            (input port clocked by service_clk  {rise@0.000ns fall@2.500ns period=5.000ns})
  Destination:            history[0].samples_reg/DIADI[10]
                            (rising edge-triggered cell RAMB18E1 clocked by service_clk  {rise@0.000ns fall@2.500ns period=5.000ns})
  Path Group:             service_clk
  Path Type:              Hold (Min at Slow Process Corner)
  Requirement:            0.000ns  (service_clk rise@0.000ns - service_clk rise@0.000ns)
  Data Path Delay:        0.924ns  (logic 0.000ns (0.000%)  route 0.924ns (100.000%))
  Logic Levels:           0  
  Input Delay:            0.500ns
  Clock Path Skew:        0.973ns (DCD - SCD - CPR)
    Destination Clock Delay (DCD):    0.973ns
    Source Clock Delay      (SCD):    0.000ns
    Clock Pessimism Removal (CPR):    -0.000ns
  Clock Uncertainty:      0.035ns  ((TSJ^2 + TIJ^2)^1/2 + DJ) / 2 + PE
    Total System Jitter     (TSJ):    0.071ns
    Total Input Jitter      (TIJ):    0.000ns
    Discrete Jitter          (DJ):    0.000ns
    Phase Error              (PE):    0.000ns

    Location             Delay type                Incr(ns)  Path(ns)    Netlist Resource(s)
  -------------------------------------------------------------------    -------------------
                         (clock service_clk rise edge)
                                                      0.000     0.000 r  
                         input delay                  0.500     0.500    
                                                      0.000     0.500 r  sample_i[10] (IN)
                         net (fo=5, unset)            0.924     1.424    sample_i[10]
                         RAMB18E1                                     r  history[0].samples_reg/DIADI[10]
  -------------------------------------------------------------------    -------------------

                         (clock service_clk rise edge)
                                                      0.000     0.000 r  
                                                      0.000     0.000 r  clk (IN)
                         net (fo=2943, unset)         0.973     0.973    clk
                         RAMB18E1                                     r  history[0].samples_reg/CLKBWRCLK
                         clock pessimism              0.000     0.973    
                         clock uncertainty            0.035     1.008    
                         RAMB18E1 (Hold_ramb18e1_CLKBWRCLK_DIADI[10])
                                                      0.405     1.413    history[0].samples_reg
  -------------------------------------------------------------------
                         required time                         -1.413    
                         arrival time                           1.424    
  -------------------------------------------------------------------
                         slack                                  0.011    

Slack (MET) :             0.011ns  (arrival time - required time)
  Source:                 sample_i[11]
                            (input port clocked by service_clk  {rise@0.000ns fall@2.500ns period=5.000ns})
  Destination:            history[0].samples_reg/DIADI[11]
                            (rising edge-triggered cell RAMB18E1 clocked by service_clk  {rise@0.000ns fall@2.500ns period=5.000ns})
  Path Group:             service_clk
  Path Type:              Hold (Min at Slow Process Corner)
  Requirement:            0.000ns  (service_clk rise@0.000ns - service_clk rise@0.000ns)
  Data Path Delay:        0.924ns  (logic 0.000ns (0.000%)  route 0.924ns (100.000%))
  Logic Levels:           0  
  Input Delay:            0.500ns
  Clock Path Skew:        0.973ns (DCD - SCD - CPR)
    Destination Clock Delay (DCD):    0.973ns
    Source Clock Delay      (SCD):    0.000ns
    Clock Pessimism Removal (CPR):    -0.000ns
  Clock Uncertainty:      0.035ns  ((TSJ^2 + TIJ^2)^1/2 + DJ) / 2 + PE
    Total System Jitter     (TSJ):    0.071ns
    Total Input Jitter      (TIJ):    0.000ns
    Discrete Jitter          (DJ):    0.000ns
    Phase Error              (PE):    0.000ns

    Location             Delay type                Incr(ns)  Path(ns)    Netlist Resource(s)
  -------------------------------------------------------------------    -------------------
                         (clock service_clk rise edge)
                                                      0.000     0.000 r  
                         input delay                  0.500     0.500    
                                                      0.000     0.500 r  sample_i[11] (IN)
                         net (fo=5, unset)            0.924     1.424    sample_i[11]
                         RAMB18E1                                     r  history[0].samples_reg/DIADI[11]
  -------------------------------------------------------------------    -------------------

                         (clock service_clk rise edge)
                                                      0.000     0.000 r  
                                                      0.000     0.000 r  clk (IN)
                         net (fo=2943, unset)         0.973     0.973    clk
                         RAMB18E1                                     r  history[0].samples_reg/CLKBWRCLK
                         clock pessimism              0.000     0.973    
                         clock uncertainty            0.035     1.008    
                         RAMB18E1 (Hold_ramb18e1_CLKBWRCLK_DIADI[11])
                                                      0.405     1.413    history[0].samples_reg
  -------------------------------------------------------------------
                         required time                         -1.413    
                         arrival time                           1.424    
  -------------------------------------------------------------------
                         slack                                  0.011    

Slack (MET) :             0.011ns  (arrival time - required time)
  Source:                 sample_i[12]
                            (input port clocked by service_clk  {rise@0.000ns fall@2.500ns period=5.000ns})
  Destination:            history[0].samples_reg/DIADI[12]
                            (rising edge-triggered cell RAMB18E1 clocked by service_clk  {rise@0.000ns fall@2.500ns period=5.000ns})
  Path Group:             service_clk
  Path Type:              Hold (Min at Slow Process Corner)
  Requirement:            0.000ns  (service_clk rise@0.000ns - service_clk rise@0.000ns)
  Data Path Delay:        0.924ns  (logic 0.000ns (0.000%)  route 0.924ns (100.000%))
  Logic Levels:           0  
  Input Delay:            0.500ns
  Clock Path Skew:        0.973ns (DCD - SCD - CPR)
    Destination Clock Delay (DCD):    0.973ns
    Source Clock Delay      (SCD):    0.000ns
    Clock Pessimism Removal (CPR):    -0.000ns
  Clock Uncertainty:      0.035ns  ((TSJ^2 + TIJ^2)^1/2 + DJ) / 2 + PE
    Total System Jitter     (TSJ):    0.071ns
    Total Input Jitter      (TIJ):    0.000ns
    Discrete Jitter          (DJ):    0.000ns
    Phase Error              (PE):    0.000ns

    Location             Delay type                Incr(ns)  Path(ns)    Netlist Resource(s)
  -------------------------------------------------------------------    -------------------
                         (clock service_clk rise edge)
                                                      0.000     0.000 r  
                         input delay                  0.500     0.500    
                                                      0.000     0.500 r  sample_i[12] (IN)
                         net (fo=5, unset)            0.924     1.424    sample_i[12]
                         RAMB18E1                                     r  history[0].samples_reg/DIADI[12]
  -------------------------------------------------------------------    -------------------

                         (clock service_clk rise edge)
                                                      0.000     0.000 r  
                                                      0.000     0.000 r  clk (IN)
                         net (fo=2943, unset)         0.973     0.973    clk
                         RAMB18E1                                     r  history[0].samples_reg/CLKBWRCLK
                         clock pessimism              0.000     0.973    
                         clock uncertainty            0.035     1.008    
                         RAMB18E1 (Hold_ramb18e1_CLKBWRCLK_DIADI[12])
                                                      0.405     1.413    history[0].samples_reg
  -------------------------------------------------------------------
                         required time                         -1.413    
                         arrival time                           1.424    
  -------------------------------------------------------------------
                         slack                                  0.011    

Slack (MET) :             0.011ns  (arrival time - required time)
  Source:                 sample_i[13]
                            (input port clocked by service_clk  {rise@0.000ns fall@2.500ns period=5.000ns})
  Destination:            history[0].samples_reg/DIADI[13]
                            (rising edge-triggered cell RAMB18E1 clocked by service_clk  {rise@0.000ns fall@2.500ns period=5.000ns})
  Path Group:             service_clk
  Path Type:              Hold (Min at Slow Process Corner)
  Requirement:            0.000ns  (service_clk rise@0.000ns - service_clk rise@0.000ns)
  Data Path Delay:        0.924ns  (logic 0.000ns (0.000%)  route 0.924ns (100.000%))
  Logic Levels:           0  
  Input Delay:            0.500ns
  Clock Path Skew:        0.973ns (DCD - SCD - CPR)
    Destination Clock Delay (DCD):    0.973ns
    Source Clock Delay      (SCD):    0.000ns
    Clock Pessimism Removal (CPR):    -0.000ns
  Clock Uncertainty:      0.035ns  ((TSJ^2 + TIJ^2)^1/2 + DJ) / 2 + PE
    Total System Jitter     (TSJ):    0.071ns
    Total Input Jitter      (TIJ):    0.000ns
    Discrete Jitter          (DJ):    0.000ns
    Phase Error              (PE):    0.000ns

    Location             Delay type                Incr(ns)  Path(ns)    Netlist Resource(s)
  -------------------------------------------------------------------    -------------------
                         (clock service_clk rise edge)
                                                      0.000     0.000 r  
                         input delay                  0.500     0.500    
                                                      0.000     0.500 r  sample_i[13] (IN)
                         net (fo=5, unset)            0.924     1.424    sample_i[13]
                         RAMB18E1                                     r  history[0].samples_reg/DIADI[13]
  -------------------------------------------------------------------    -------------------

                         (clock service_clk rise edge)
                                                      0.000     0.000 r  
                                                      0.000     0.000 r  clk (IN)
                         net (fo=2943, unset)         0.973     0.973    clk
                         RAMB18E1                                     r  history[0].samples_reg/CLKBWRCLK
                         clock pessimism              0.000     0.973    
                         clock uncertainty            0.035     1.008    
                         RAMB18E1 (Hold_ramb18e1_CLKBWRCLK_DIADI[13])
                                                      0.405     1.413    history[0].samples_reg
  -------------------------------------------------------------------
                         required time                         -1.413    
                         arrival time                           1.424    
  -------------------------------------------------------------------
                         slack                                  0.011    

Slack (MET) :             0.011ns  (arrival time - required time)
  Source:                 sample_i[14]
                            (input port clocked by service_clk  {rise@0.000ns fall@2.500ns period=5.000ns})
  Destination:            history[0].samples_reg/DIADI[14]
                            (rising edge-triggered cell RAMB18E1 clocked by service_clk  {rise@0.000ns fall@2.500ns period=5.000ns})
  Path Group:             service_clk
  Path Type:              Hold (Min at Slow Process Corner)
  Requirement:            0.000ns  (service_clk rise@0.000ns - service_clk rise@0.000ns)
  Data Path Delay:        0.924ns  (logic 0.000ns (0.000%)  route 0.924ns (100.000%))
  Logic Levels:           0  
  Input Delay:            0.500ns
  Clock Path Skew:        0.973ns (DCD - SCD - CPR)
    Destination Clock Delay (DCD):    0.973ns
    Source Clock Delay      (SCD):    0.000ns
    Clock Pessimism Removal (CPR):    -0.000ns
  Clock Uncertainty:      0.035ns  ((TSJ^2 + TIJ^2)^1/2 + DJ) / 2 + PE
    Total System Jitter     (TSJ):    0.071ns
    Total Input Jitter      (TIJ):    0.000ns
    Discrete Jitter          (DJ):    0.000ns
    Phase Error              (PE):    0.000ns

    Location             Delay type                Incr(ns)  Path(ns)    Netlist Resource(s)
  -------------------------------------------------------------------    -------------------
                         (clock service_clk rise edge)
                                                      0.000     0.000 r  
                         input delay                  0.500     0.500    
                                                      0.000     0.500 r  sample_i[14] (IN)
                         net (fo=5, unset)            0.924     1.424    sample_i[14]
                         RAMB18E1                                     r  history[0].samples_reg/DIADI[14]
  -------------------------------------------------------------------    -------------------

                         (clock service_clk rise edge)
                                                      0.000     0.000 r  
                                                      0.000     0.000 r  clk (IN)
                         net (fo=2943, unset)         0.973     0.973    clk
                         RAMB18E1                                     r  history[0].samples_reg/CLKBWRCLK
                         clock pessimism              0.000     0.973    
                         clock uncertainty            0.035     1.008    
                         RAMB18E1 (Hold_ramb18e1_CLKBWRCLK_DIADI[14])
                                                      0.405     1.413    history[0].samples_reg
  -------------------------------------------------------------------
                         required time                         -1.413    
                         arrival time                           1.424    
  -------------------------------------------------------------------
                         slack                                  0.011    

Slack (MET) :             0.011ns  (arrival time - required time)
  Source:                 sample_i[15]
                            (input port clocked by service_clk  {rise@0.000ns fall@2.500ns period=5.000ns})
  Destination:            history[0].samples_reg/DIADI[15]
                            (rising edge-triggered cell RAMB18E1 clocked by service_clk  {rise@0.000ns fall@2.500ns period=5.000ns})
  Path Group:             service_clk
  Path Type:              Hold (Min at Slow Process Corner)
  Requirement:            0.000ns  (service_clk rise@0.000ns - service_clk rise@0.000ns)
  Data Path Delay:        0.924ns  (logic 0.000ns (0.000%)  route 0.924ns (100.000%))
  Logic Levels:           0  
  Input Delay:            0.500ns
  Clock Path Skew:        0.973ns (DCD - SCD - CPR)
    Destination Clock Delay (DCD):    0.973ns
    Source Clock Delay      (SCD):    0.000ns
    Clock Pessimism Removal (CPR):    -0.000ns
  Clock Uncertainty:      0.035ns  ((TSJ^2 + TIJ^2)^1/2 + DJ) / 2 + PE
    Total System Jitter     (TSJ):    0.071ns
    Total Input Jitter      (TIJ):    0.000ns
    Discrete Jitter          (DJ):    0.000ns
    Phase Error              (PE):    0.000ns

    Location             Delay type                Incr(ns)  Path(ns)    Netlist Resource(s)
  -------------------------------------------------------------------    -------------------
                         (clock service_clk rise edge)
                                                      0.000     0.000 r  
                         input delay                  0.500     0.500    
                                                      0.000     0.500 r  sample_i[15] (IN)
                         net (fo=5, unset)            0.924     1.424    sample_i[15]
                         RAMB18E1                                     r  history[0].samples_reg/DIADI[15]
  -------------------------------------------------------------------    -------------------

                         (clock service_clk rise edge)
                                                      0.000     0.000 r  
                                                      0.000     0.000 r  clk (IN)
                         net (fo=2943, unset)         0.973     0.973    clk
                         RAMB18E1                                     r  history[0].samples_reg/CLKBWRCLK
                         clock pessimism              0.000     0.973    
                         clock uncertainty            0.035     1.008    
                         RAMB18E1 (Hold_ramb18e1_CLKBWRCLK_DIADI[15])
                                                      0.405     1.413    history[0].samples_reg
  -------------------------------------------------------------------
                         required time                         -1.413    
                         arrival time                           1.424    
  -------------------------------------------------------------------
                         slack                                  0.011    

Slack (MET) :             0.011ns  (arrival time - required time)
  Source:                 sample_i[1]
                            (input port clocked by service_clk  {rise@0.000ns fall@2.500ns period=5.000ns})
  Destination:            history[0].samples_reg/DIADI[1]
                            (rising edge-triggered cell RAMB18E1 clocked by service_clk  {rise@0.000ns fall@2.500ns period=5.000ns})
  Path Group:             service_clk
  Path Type:              Hold (Min at Slow Process Corner)
  Requirement:            0.000ns  (service_clk rise@0.000ns - service_clk rise@0.000ns)
  Data Path Delay:        0.924ns  (logic 0.000ns (0.000%)  route 0.924ns (100.000%))
  Logic Levels:           0  
  Input Delay:            0.500ns
  Clock Path Skew:        0.973ns (DCD - SCD - CPR)
    Destination Clock Delay (DCD):    0.973ns
    Source Clock Delay      (SCD):    0.000ns
    Clock Pessimism Removal (CPR):    -0.000ns
  Clock Uncertainty:      0.035ns  ((TSJ^2 + TIJ^2)^1/2 + DJ) / 2 + PE
    Total System Jitter     (TSJ):    0.071ns
    Total Input Jitter      (TIJ):    0.000ns
    Discrete Jitter          (DJ):    0.000ns
    Phase Error              (PE):    0.000ns

    Location             Delay type                Incr(ns)  Path(ns)    Netlist Resource(s)
  -------------------------------------------------------------------    -------------------
                         (clock service_clk rise edge)
                                                      0.000     0.000 r  
                         input delay                  0.500     0.500    
                                                      0.000     0.500 r  sample_i[1] (IN)
                         net (fo=5, unset)            0.924     1.424    sample_i[1]
                         RAMB18E1                                     r  history[0].samples_reg/DIADI[1]
  -------------------------------------------------------------------    -------------------

                         (clock service_clk rise edge)
                                                      0.000     0.000 r  
                                                      0.000     0.000 r  clk (IN)
                         net (fo=2943, unset)         0.973     0.973    clk
                         RAMB18E1                                     r  history[0].samples_reg/CLKBWRCLK
                         clock pessimism              0.000     0.973    
                         clock uncertainty            0.035     1.008    
                         RAMB18E1 (Hold_ramb18e1_CLKBWRCLK_DIADI[1])
                                                      0.405     1.413    history[0].samples_reg
  -------------------------------------------------------------------
                         required time                         -1.413    
                         arrival time                           1.424    
  -------------------------------------------------------------------
                         slack                                  0.011    

Slack (MET) :             0.011ns  (arrival time - required time)
  Source:                 sample_i[2]
                            (input port clocked by service_clk  {rise@0.000ns fall@2.500ns period=5.000ns})
  Destination:            history[0].samples_reg/DIADI[2]
                            (rising edge-triggered cell RAMB18E1 clocked by service_clk  {rise@0.000ns fall@2.500ns period=5.000ns})
  Path Group:             service_clk
  Path Type:              Hold (Min at Slow Process Corner)
  Requirement:            0.000ns  (service_clk rise@0.000ns - service_clk rise@0.000ns)
  Data Path Delay:        0.924ns  (logic 0.000ns (0.000%)  route 0.924ns (100.000%))
  Logic Levels:           0  
  Input Delay:            0.500ns
  Clock Path Skew:        0.973ns (DCD - SCD - CPR)
    Destination Clock Delay (DCD):    0.973ns
    Source Clock Delay      (SCD):    0.000ns
    Clock Pessimism Removal (CPR):    -0.000ns
  Clock Uncertainty:      0.035ns  ((TSJ^2 + TIJ^2)^1/2 + DJ) / 2 + PE
    Total System Jitter     (TSJ):    0.071ns
    Total Input Jitter      (TIJ):    0.000ns
    Discrete Jitter          (DJ):    0.000ns
    Phase Error              (PE):    0.000ns

    Location             Delay type                Incr(ns)  Path(ns)    Netlist Resource(s)
  -------------------------------------------------------------------    -------------------
                         (clock service_clk rise edge)
                                                      0.000     0.000 r  
                         input delay                  0.500     0.500    
                                                      0.000     0.500 r  sample_i[2] (IN)
                         net (fo=5, unset)            0.924     1.424    sample_i[2]
                         RAMB18E1                                     r  history[0].samples_reg/DIADI[2]
  -------------------------------------------------------------------    -------------------

                         (clock service_clk rise edge)
                                                      0.000     0.000 r  
                                                      0.000     0.000 r  clk (IN)
                         net (fo=2943, unset)         0.973     0.973    clk
                         RAMB18E1                                     r  history[0].samples_reg/CLKBWRCLK
                         clock pessimism              0.000     0.973    
                         clock uncertainty            0.035     1.008    
                         RAMB18E1 (Hold_ramb18e1_CLKBWRCLK_DIADI[2])
                                                      0.405     1.413    history[0].samples_reg
  -------------------------------------------------------------------
                         required time                         -1.413    
                         arrival time                           1.424    
  -------------------------------------------------------------------
                         slack                                  0.011    

Slack (MET) :             0.011ns  (arrival time - required time)
  Source:                 sample_i[3]
                            (input port clocked by service_clk  {rise@0.000ns fall@2.500ns period=5.000ns})
  Destination:            history[0].samples_reg/DIADI[3]
                            (rising edge-triggered cell RAMB18E1 clocked by service_clk  {rise@0.000ns fall@2.500ns period=5.000ns})
  Path Group:             service_clk
  Path Type:              Hold (Min at Slow Process Corner)
  Requirement:            0.000ns  (service_clk rise@0.000ns - service_clk rise@0.000ns)
  Data Path Delay:        0.924ns  (logic 0.000ns (0.000%)  route 0.924ns (100.000%))
  Logic Levels:           0  
  Input Delay:            0.500ns
  Clock Path Skew:        0.973ns (DCD - SCD - CPR)
    Destination Clock Delay (DCD):    0.973ns
    Source Clock Delay      (SCD):    0.000ns
    Clock Pessimism Removal (CPR):    -0.000ns
  Clock Uncertainty:      0.035ns  ((TSJ^2 + TIJ^2)^1/2 + DJ) / 2 + PE
    Total System Jitter     (TSJ):    0.071ns
    Total Input Jitter      (TIJ):    0.000ns
    Discrete Jitter          (DJ):    0.000ns
    Phase Error              (PE):    0.000ns

    Location             Delay type                Incr(ns)  Path(ns)    Netlist Resource(s)
  -------------------------------------------------------------------    -------------------
                         (clock service_clk rise edge)
                                                      0.000     0.000 r  
                         input delay                  0.500     0.500    
                                                      0.000     0.500 r  sample_i[3] (IN)
                         net (fo=5, unset)            0.924     1.424    sample_i[3]
                         RAMB18E1                                     r  history[0].samples_reg/DIADI[3]
  -------------------------------------------------------------------    -------------------

                         (clock service_clk rise edge)
                                                      0.000     0.000 r  
                                                      0.000     0.000 r  clk (IN)
                         net (fo=2943, unset)         0.973     0.973    clk
                         RAMB18E1                                     r  history[0].samples_reg/CLKBWRCLK
                         clock pessimism              0.000     0.973    
                         clock uncertainty            0.035     1.008    
                         RAMB18E1 (Hold_ramb18e1_CLKBWRCLK_DIADI[3])
                                                      0.405     1.413    history[0].samples_reg
  -------------------------------------------------------------------
                         required time                         -1.413    
                         arrival time                           1.424    
  -------------------------------------------------------------------
                         slack                                  0.011    





Pulse Width Checks
--------------------------------------------------------------------------------------
Clock Name:         service_clk
Waveform(ns):       { 0.000 2.500 }
Period(ns):         5.000
Sources:            { clk }

Check Type        Corner  Lib Pin             Reference Pin  Required(ns)  Actual(ns)  Slack(ns)  Location  Pin
Min Period        n/a     DSP48E1/CLK         n/a            3.558         5.000       1.442                mac/m2_reg[0]/CLK
Min Period        n/a     DSP48E1/CLK         n/a            3.558         5.000       1.442                mac/m2_reg[1]/CLK
Min Period        n/a     DSP48E1/CLK         n/a            3.558         5.000       1.442                mac/m2_reg[2]/CLK
Min Period        n/a     DSP48E1/CLK         n/a            3.558         5.000       1.442                mac/m2_reg[3]/CLK
Min Period        n/a     DSP48E1/CLK         n/a            3.558         5.000       1.442                mac/m2_reg[4]/CLK
Min Period        n/a     DSP48E1/CLK         n/a            3.558         5.000       1.442                mac/m2_reg[5]/CLK
Min Period        n/a     RAMB18E1/CLKARDCLK  n/a            2.944         5.000       2.056                history[0].samples_reg/CLKARDCLK
Min Period        n/a     RAMB18E1/CLKBWRCLK  n/a            2.944         5.000       2.056                history[0].samples_reg/CLKBWRCLK
Min Period        n/a     RAMB18E1/CLKARDCLK  n/a            2.944         5.000       2.056                history[1].samples_reg/CLKARDCLK
Min Period        n/a     RAMB18E1/CLKBWRCLK  n/a            2.944         5.000       2.056                history[1].samples_reg/CLKBWRCLK
Low Pulse Width   Slow    SRL16E/CLK          n/a            0.980         2.500       1.520                mac/mul_first_reg_srl2/CLK
Low Pulse Width   Fast    SRL16E/CLK          n/a            0.980         2.500       1.520                mac/mul_first_reg_srl2/CLK
Low Pulse Width   Slow    SRL16E/CLK          n/a            0.980         2.500       1.520                mac/mul_last_reg_srl2/CLK
Low Pulse Width   Fast    SRL16E/CLK          n/a            0.980         2.500       1.520                mac/mul_last_reg_srl2/CLK
Low Pulse Width   Slow    SRL16E/CLK          n/a            0.980         2.500       1.520                mac/tap_tag_reg[0]_srl2/CLK
Low Pulse Width   Fast    SRL16E/CLK          n/a            0.980         2.500       1.520                mac/tap_tag_reg[0]_srl2/CLK
Low Pulse Width   Slow    SRL16E/CLK          n/a            0.980         2.500       1.520                mac/tap_tag_reg[10]_srl2/CLK
Low Pulse Width   Fast    SRL16E/CLK          n/a            0.980         2.500       1.520                mac/tap_tag_reg[10]_srl2/CLK
Low Pulse Width   Slow    SRL16E/CLK          n/a            0.980         2.500       1.520                mac/tap_tag_reg[11]_srl2/CLK
Low Pulse Width   Fast    SRL16E/CLK          n/a            0.980         2.500       1.520                mac/tap_tag_reg[11]_srl2/CLK
High Pulse Width  Slow    SRL16E/CLK          n/a            0.980         2.500       1.520                mac/mul_first_reg_srl2/CLK
High Pulse Width  Fast    SRL16E/CLK          n/a            0.980         2.500       1.520                mac/mul_first_reg_srl2/CLK
High Pulse Width  Slow    SRL16E/CLK          n/a            0.980         2.500       1.520                mac/mul_last_reg_srl2/CLK
High Pulse Width  Fast    SRL16E/CLK          n/a            0.980         2.500       1.520                mac/mul_last_reg_srl2/CLK
High Pulse Width  Slow    SRL16E/CLK          n/a            0.980         2.500       1.520                mac/tap_tag_reg[0]_srl2/CLK
High Pulse Width  Fast    SRL16E/CLK          n/a            0.980         2.500       1.520                mac/tap_tag_reg[0]_srl2/CLK
High Pulse Width  Slow    SRL16E/CLK          n/a            0.980         2.500       1.520                mac/tap_tag_reg[10]_srl2/CLK
High Pulse Width  Fast    SRL16E/CLK          n/a            0.980         2.500       1.520                mac/tap_tag_reg[10]_srl2/CLK
High Pulse Width  Slow    SRL16E/CLK          n/a            0.980         2.500       1.520                mac/tap_tag_reg[11]_srl2/CLK
High Pulse Width  Fast    SRL16E/CLK          n/a            0.980         2.500       1.520                mac/tap_tag_reg[11]_srl2/CLK



