Copyright 1986-2022 Xilinx, Inc. All Rights Reserved.
-------------------------------------------------------------------------------------------------------------------------------------------------------------------------------------------------------------------
| Tool Version : Vivado v.2022.2 (lin64) Build 3671981 Fri Oct 14 04:59:54 MDT 2022
| Date         : Thu Sep 10 00:47:37 2026
| Host         : gauss running 64-bit Ubuntu 26.04 LTS
| Command      : report_timing_summary -delay_type min_max -max_paths 10 -file /tmp/starlink-coarse-alternatives.Y3JzOI/direct-coarse/hdl/library/starlink_pss_direct_coarse/build/feeder-corrected-ooc/timing.rpt
| Design       : starlink_pss_direct_feeder
| Device       : 7z010-clg400
| Speed File   : -1  PRODUCTION 1.12 2019-11-22
-------------------------------------------------------------------------------------------------------------------------------------------------------------------------------------------------------------------

Timing Summary Report

------------------------------------------------------------------------------------------------
| Timer Settings
| --------------
------------------------------------------------------------------------------------------------

  Enable Multi Corner Analysis               :  Yes
  Enable Pessimism Removal                   :  Yes
  Pessimism Removal Resolution               :  Nearest Common Node
  Enable Input Delay Default Clock           :  No
  Enable Preset / Clear Arcs                 :  No
  Disable Flight Delays                      :  No
  Ignore I/O Paths                           :  No
  Timing Early Launch at Borrowing Latches   :  No
  Borrow Time for Max Delay Exceptions       :  Yes
  Merge Timing Exceptions                    :  Yes

  Corner  Analyze    Analyze    
  Name    Max Paths  Min Paths  
  ------  ---------  ---------  
  Slow    Yes        Yes        
  Fast    Yes        Yes        


------------------------------------------------------------------------------------------------
| Report Methodology
| ------------------
------------------------------------------------------------------------------------------------

No report available as report_methodology has not been run prior. Run report_methodology on the current design for the summary of methodology violations.



check_timing report

Table of Contents
-----------------
1. checking no_clock (0)
2. checking constant_clock (0)
3. checking pulse_width_clock (0)
4. checking unconstrained_internal_endpoints (0)
5. checking no_input_delay (0)
6. checking no_output_delay (0)
7. checking multiple_clock (0)
8. checking generated_clocks (0)
9. checking loops (0)
10. checking partial_input_delay (0)
11. checking partial_output_delay (0)
12. checking latch_loops (0)

1. checking no_clock (0)
------------------------
 There are 0 register/latch pins with no clock.


2. checking constant_clock (0)
------------------------------
 There are 0 register/latch pins with constant_clock.


3. checking pulse_width_clock (0)
---------------------------------
 There are 0 register/latch pins which need pulse_width check


4. checking unconstrained_internal_endpoints (0)
------------------------------------------------
 There are 0 pins that are not constrained for maximum delay.

 There are 0 pins that are not constrained for maximum delay due to constant clock.


5. checking no_input_delay (0)
------------------------------
 There are 0 input ports with no input delay specified.

 There are 0 input ports with no input delay but user has a false path constraint.


6. checking no_output_delay (0)
-------------------------------
 There are 0 ports with no output delay specified.

 There are 0 ports with no output delay but user has a false path constraint

 There are 0 ports with no output delay but with a timing clock defined on it or propagating through it


7. checking multiple_clock (0)
------------------------------
 There are 0 register/latch pins with multiple clocks.


8. checking generated_clocks (0)
--------------------------------
 There are 0 generated clocks that are not connected to a clock source.


9. checking loops (0)
---------------------
 There are 0 combinational loops in the design.


10. checking partial_input_delay (0)
------------------------------------
 There are 0 input ports with partial input delay specified.


11. checking partial_output_delay (0)
-------------------------------------
 There are 0 ports with partial output delay specified.


12. checking latch_loops (0)
----------------------------
 There are 0 combinational latch loops in the design through latch input



------------------------------------------------------------------------------------------------
| Design Timing Summary
| ---------------------
------------------------------------------------------------------------------------------------

    WNS(ns)      TNS(ns)  TNS Failing Endpoints  TNS Total Endpoints      WHS(ns)      THS(ns)  THS Failing Endpoints  THS Total Endpoints     WPWS(ns)     TPWS(ns)  TPWS Failing Endpoints  TPWS Total Endpoints  
    -------      -------  ---------------------  -------------------      -------      -------  ---------------------  -------------------     --------     --------  ----------------------  --------------------  
     -3.161    -6195.333                   4332                 7908       -0.742     -245.223                    407                 7908        1.442        0.000                       0                  2944  


Timing constraints are not met.


------------------------------------------------------------------------------------------------
| Clock Summary
| -------------
------------------------------------------------------------------------------------------------

Clock        Waveform(ns)         Period(ns)      Frequency(MHz)
-----        ------------         ----------      --------------
service_clk  {0.000 2.500}        5.000           200.000         


------------------------------------------------------------------------------------------------
| Intra Clock Table
| -----------------
------------------------------------------------------------------------------------------------

Clock             WNS(ns)      TNS(ns)  TNS Failing Endpoints  TNS Total Endpoints      WHS(ns)      THS(ns)  THS Failing Endpoints  THS Total Endpoints     WPWS(ns)     TPWS(ns)  TPWS Failing Endpoints  TPWS Total Endpoints  
-----             -------      -------  ---------------------  -------------------      -------      -------  ---------------------  -------------------     --------     --------  ----------------------  --------------------  
service_clk        -3.161    -6195.333                   4332                 7908       -0.742     -245.223                    407                 7908        1.442        0.000                       0                  2944  


------------------------------------------------------------------------------------------------
| Inter Clock Table
| -----------------
------------------------------------------------------------------------------------------------

From Clock    To Clock          WNS(ns)      TNS(ns)  TNS Failing Endpoints  TNS Total Endpoints      WHS(ns)      THS(ns)  THS Failing Endpoints  THS Total Endpoints  
----------    --------          -------      -------  ---------------------  -------------------      -------      -------  ---------------------  -------------------  


------------------------------------------------------------------------------------------------
| Other Path Groups Table
| -----------------------
------------------------------------------------------------------------------------------------

Path Group    From Clock    To Clock          WNS(ns)      TNS(ns)  TNS Failing Endpoints  TNS Total Endpoints      WHS(ns)      THS(ns)  THS Failing Endpoints  THS Total Endpoints  
----------    ----------    --------          -------      -------  ---------------------  -------------------      -------      -------  ---------------------  -------------------  


------------------------------------------------------------------------------------------------
| Timing Details
| --------------
------------------------------------------------------------------------------------------------


---------------------------------------------------------------------------------------------------
From Clock:  service_clk
  To Clock:  service_clk

Setup :         4332  Failing Endpoints,  Worst Slack       -3.161ns,  Total Violation    -6195.333ns
Hold  :          407  Failing Endpoints,  Worst Slack       -0.742ns,  Total Violation     -245.223ns
PW    :            0  Failing Endpoints,  Worst Slack        1.442ns,  Total Violation        0.000ns
---------------------------------------------------------------------------------------------------


Max Delay Paths
--------------------------------------------------------------------------------------
Slack (VIOLATED) :        -3.161ns  (required time - arrival time)
  Source:                 expected_timestamp_reg[4]/C
                            (rising edge-triggered cell FDRE clocked by service_clk  {rise@0.000ns fall@2.500ns period=5.000ns})
  Destination:            expiry_now
                            (output port clocked by service_clk  {rise@0.000ns fall@2.500ns period=5.000ns})
  Path Group:             service_clk
  Path Type:              Max at Slow Process Corner
  Requirement:            5.000ns  (service_clk rise@5.000ns - service_clk rise@0.000ns)
  Data Path Delay:        5.948ns  (logic 2.320ns (39.001%)  route 3.628ns (60.999%))
  Logic Levels:           10  (CARRY4=6 LUT2=1 LUT4=1 LUT6=2)
  Output Delay:           0.500ns
  Clock Path Skew:        -1.677ns (DCD - SCD + CPR)
    Destination Clock Delay (DCD):    0.000ns = ( 5.000 - 5.000 ) 
    Source Clock Delay      (SCD):    1.677ns
    Clock Pessimism Removal (CPR):    0.000ns
  Clock Uncertainty:      0.035ns  ((TSJ^2 + TIJ^2)^1/2 + DJ) / 2 + PE
    Total System Jitter     (TSJ):    0.071ns
    Total Input Jitter      (TIJ):    0.000ns
    Discrete Jitter          (DJ):    0.000ns
    Phase Error              (PE):    0.000ns

    Location             Delay type                Incr(ns)  Path(ns)    Netlist Resource(s)
  -------------------------------------------------------------------    -------------------
                         (clock service_clk rise edge)
                                                      0.000     0.000 r  
                                                      0.000     0.000 r  clk (IN)
                         net (fo=2943, unset)         1.677     1.677    clk
    SLICE_X18Y4          FDRE                                         r  expected_timestamp_reg[4]/C
  -------------------------------------------------------------------    -------------------
    SLICE_X18Y4          FDRE (Prop_fdre_C_Q)         0.456     2.133 r  expected_timestamp_reg[4]/Q
                         net (fo=1, routed)           0.791     2.924    expected_timestamp[4]
    SLICE_X17Y4          LUT6 (Prop_lut6_I1_O)        0.124     3.048 r  segment_fence_INST_0_i_51/O
                         net (fo=1, routed)           0.000     3.048    segment_fence_INST_0_i_51_n_0
    SLICE_X17Y4          CARRY4 (Prop_carry4_S[1]_CO[3])
                                                      0.550     3.598 r  segment_fence_INST_0_i_44/CO[3]
                         net (fo=1, routed)           0.000     3.598    segment_fence_INST_0_i_44_n_0
    SLICE_X17Y5          CARRY4 (Prop_carry4_CI_CO[3])
                                                      0.114     3.712 r  segment_fence_INST_0_i_39/CO[3]
                         net (fo=1, routed)           0.000     3.712    segment_fence_INST_0_i_39_n_0
    SLICE_X17Y6          CARRY4 (Prop_carry4_CI_CO[3])
                                                      0.114     3.826 r  segment_fence_INST_0_i_34/CO[3]
                         net (fo=1, routed)           0.000     3.826    segment_fence_INST_0_i_34_n_0
    SLICE_X17Y7          CARRY4 (Prop_carry4_CI_CO[3])
                                                      0.114     3.940 r  segment_fence_INST_0_i_29/CO[3]
                         net (fo=1, routed)           0.000     3.940    segment_fence_INST_0_i_29_n_0
    SLICE_X17Y8          CARRY4 (Prop_carry4_CI_CO[3])
                                                      0.114     4.054 r  segment_fence_INST_0_i_22/CO[3]
                         net (fo=1, routed)           0.000     4.054    segment_fence_INST_0_i_22_n_0
    SLICE_X17Y9          CARRY4 (Prop_carry4_CI_CO[1])
                                                      0.157     4.211 f  segment_fence_INST_0_i_8/CO[1]
                         net (fo=3, routed)           0.785     4.996    gap_now2
    SLICE_X17Y10         LUT4 (Prop_lut4_I0_O)        0.329     5.325 f  gap_now_INST_0_i_1/O
                         net (fo=1, routed)           0.906     6.232    gap_now_INST_0_i_1_n_0
    SLICE_X13Y7          LUT6 (Prop_lut6_I3_O)        0.124     6.356 f  gap_now_INST_0/O
                         net (fo=3, routed)           0.173     6.528    gap_now
    SLICE_X13Y7          LUT2 (Prop_lut2_I1_O)        0.124     6.652 r  expiry_now_INST_0/O
                         net (fo=0)                   0.973     7.625    expiry_now
                                                                      r  expiry_now (OUT)
  -------------------------------------------------------------------    -------------------

                         (clock service_clk rise edge)
                                                      5.000     5.000 r  
                         clock pessimism              0.000     5.000    
                         clock uncertainty           -0.035     4.965    
                         output delay                -0.500     4.465    
  -------------------------------------------------------------------
                         required time                          4.465    
                         arrival time                          -7.625    
  -------------------------------------------------------------------
                         slack                                 -3.161    

Slack (VIOLATED) :        -3.045ns  (required time - arrival time)
  Source:                 next_start_reg[0]/C
                            (rising edge-triggered cell FDRE clocked by service_clk  {rise@0.000ns fall@2.500ns period=5.000ns})
  Destination:            output_valid
                            (output port clocked by service_clk  {rise@0.000ns fall@2.500ns period=5.000ns})
  Path Group:             service_clk
  Path Type:              Max at Slow Process Corner
  Requirement:            5.000ns  (service_clk rise@5.000ns - service_clk rise@0.000ns)
  Data Path Delay:        5.833ns  (logic 2.142ns (36.719%)  route 3.691ns (63.281%))
  Logic Levels:           7  (CARRY4=3 LUT2=1 LUT3=1 LUT6=2)
  Output Delay:           0.500ns
  Clock Path Skew:        -1.676ns (DCD - SCD + CPR)
    Destination Clock Delay (DCD):    0.000ns = ( 5.000 - 5.000 ) 
    Source Clock Delay      (SCD):    1.676ns
    Clock Pessimism Removal (CPR):    0.000ns
  Clock Uncertainty:      0.035ns  ((TSJ^2 + TIJ^2)^1/2 + DJ) / 2 + PE
    Total System Jitter     (TSJ):    0.071ns
    Total Input Jitter      (TIJ):    0.000ns
    Discrete Jitter          (DJ):    0.000ns
    Phase Error              (PE):    0.000ns

    Location             Delay type                Incr(ns)  Path(ns)    Netlist Resource(s)
  -------------------------------------------------------------------    -------------------
                         (clock service_clk rise edge)
                                                      0.000     0.000 r  
                                                      0.000     0.000 r  clk (IN)
                         net (fo=2943, unset)         1.676     1.676    clk
    SLICE_X16Y7          FDRE                                         r  next_start_reg[0]/C
  -------------------------------------------------------------------    -------------------
    SLICE_X16Y7          FDRE (Prop_fdre_C_Q)         0.518     2.194 r  next_start_reg[0]/Q
                         net (fo=5, routed)           0.616     2.810    next_start_reg[0]
    SLICE_X16Y6          LUT2 (Prop_lut2_I1_O)        0.124     2.934 r  segment_fence_INST_0_i_28/O
                         net (fo=1, routed)           0.000     2.934    segment_fence_INST_0_i_28_n_0
    SLICE_X16Y6          CARRY4 (Prop_carry4_S[0]_CO[3])
                                                      0.513     3.447 r  segment_fence_INST_0_i_17/CO[3]
                         net (fo=1, routed)           0.000     3.447    segment_fence_INST_0_i_17_n_0
    SLICE_X16Y7          CARRY4 (Prop_carry4_CI_CO[3])
                                                      0.117     3.564 r  segment_fence_INST_0_i_7/CO[3]
                         net (fo=1, routed)           0.000     3.564    segment_fence_INST_0_i_7_n_0
    SLICE_X16Y8          CARRY4 (Prop_carry4_CI_O[3])
                                                      0.315     3.879 f  segment_fence_INST_0_i_5/O[3]
                         net (fo=1, routed)           0.811     4.690    mac/pending_span[5]
    SLICE_X14Y8          LUT6 (Prop_lut6_I1_O)        0.307     4.997 r  mac/segment_fence_INST_0_i_2/O
                         net (fo=4, routed)           0.832     5.829    mac_n_5
    SLICE_X14Y9          LUT6 (Prop_lut6_I3_O)        0.124     5.953 f  output_valid_INST_0_i_1/O
                         net (fo=3, routed)           0.460     6.412    mac/emitted_results_reg[0]
    SLICE_X15Y10         LUT3 (Prop_lut3_I0_O)        0.124     6.536 r  mac/output_valid_INST_0/O
                         net (fo=0)                   0.973     7.509    output_valid
                                                                      r  output_valid (OUT)
  -------------------------------------------------------------------    -------------------

                         (clock service_clk rise edge)
                                                      5.000     5.000 r  
                         clock pessimism              0.000     5.000    
                         clock uncertainty           -0.035     4.965    
                         output delay                -0.500     4.465    
  -------------------------------------------------------------------
                         required time                          4.465    
                         arrival time                          -7.509    
  -------------------------------------------------------------------
                         slack                                 -3.045    

Slack (VIOLATED) :        -2.865ns  (required time - arrival time)
  Source:                 next_start_reg[0]/C
                            (rising edge-triggered cell FDRE clocked by service_clk  {rise@0.000ns fall@2.500ns period=5.000ns})
  Destination:            coefficient_read_reg[13]/R
                            (rising edge-triggered cell FDRE clocked by service_clk  {rise@0.000ns fall@2.500ns period=5.000ns})
  Path Group:             service_clk
  Path Type:              Setup (Max at Slow Process Corner)
  Requirement:            5.000ns  (service_clk rise@5.000ns - service_clk rise@0.000ns)
  Data Path Delay:        7.247ns  (logic 2.390ns (32.977%)  route 4.857ns (67.023%))
  Logic Levels:           9  (CARRY4=3 LUT2=3 LUT6=3)
  Clock Path Skew:        -0.058ns (DCD - SCD + CPR)
    Destination Clock Delay (DCD):    1.503ns = ( 6.503 - 5.000 ) 
    Source Clock Delay      (SCD):    1.676ns
    Clock Pessimism Removal (CPR):    0.115ns
  Clock Uncertainty:      0.035ns  ((TSJ^2 + TIJ^2)^1/2 + DJ) / 2 + PE
    Total System Jitter     (TSJ):    0.071ns
    Total Input Jitter      (TIJ):    0.000ns
    Discrete Jitter          (DJ):    0.000ns
    Phase Error              (PE):    0.000ns

    Location             Delay type                Incr(ns)  Path(ns)    Netlist Resource(s)
  -------------------------------------------------------------------    -------------------
                         (clock service_clk rise edge)
                                                      0.000     0.000 r  
                                                      0.000     0.000 r  clk (IN)
                         net (fo=2943, unset)         1.676     1.676    clk
    SLICE_X16Y7          FDRE                                         r  next_start_reg[0]/C
  -------------------------------------------------------------------    -------------------
    SLICE_X16Y7          FDRE (Prop_fdre_C_Q)         0.518     2.194 r  next_start_reg[0]/Q
                         net (fo=5, routed)           0.616     2.810    next_start_reg[0]
    SLICE_X16Y6          LUT2 (Prop_lut2_I1_O)        0.124     2.934 r  segment_fence_INST_0_i_28/O
                         net (fo=1, routed)           0.000     2.934    segment_fence_INST_0_i_28_n_0
    SLICE_X16Y6          CARRY4 (Prop_carry4_S[0]_CO[3])
                                                      0.513     3.447 r  segment_fence_INST_0_i_17/CO[3]
                         net (fo=1, routed)           0.000     3.447    segment_fence_INST_0_i_17_n_0
    SLICE_X16Y7          CARRY4 (Prop_carry4_CI_CO[3])
                                                      0.117     3.564 r  segment_fence_INST_0_i_7/CO[3]
                         net (fo=1, routed)           0.000     3.564    segment_fence_INST_0_i_7_n_0
    SLICE_X16Y8          CARRY4 (Prop_carry4_CI_O[3])
                                                      0.315     3.879 f  segment_fence_INST_0_i_5/O[3]
                         net (fo=1, routed)           0.811     4.690    mac/pending_span[5]
    SLICE_X14Y8          LUT6 (Prop_lut6_I1_O)        0.307     4.997 r  mac/segment_fence_INST_0_i_2/O
                         net (fo=4, routed)           0.832     5.829    mac_n_5
    SLICE_X14Y9          LUT6 (Prop_lut6_I3_O)        0.124     5.953 f  output_valid_INST_0_i_1/O
                         net (fo=3, routed)           0.584     6.537    output_valid_INST_0_i_1_n_0
    SLICE_X19Y10         LUT2 (Prop_lut2_I0_O)        0.124     6.661 f  next_start_rep[6]_i_1/O
                         net (fo=44, routed)          0.513     7.174    mac/write_sequence[0]
    SLICE_X21Y9          LUT6 (Prop_lut6_I0_O)        0.124     7.298 r  mac/history[0].samples_reg_i_1/O
                         net (fo=214, routed)         0.491     7.789    mac/read_enable
    SLICE_X21Y9          LUT2 (Prop_lut2_I1_O)        0.124     7.913 r  mac/coefficient_read[167]_i_1/O
                         net (fo=47, routed)          1.010     8.923    mac_n_1
    SLICE_X20Y2          FDRE                                         r  coefficient_read_reg[13]/R
  -------------------------------------------------------------------    -------------------

                         (clock service_clk rise edge)
                                                      5.000     5.000 r  
                                                      0.000     5.000 r  clk (IN)
                         net (fo=2943, unset)         1.503     6.503    clk
    SLICE_X20Y2          FDRE                                         r  coefficient_read_reg[13]/C
                         clock pessimism              0.115     6.618    
                         clock uncertainty           -0.035     6.583    
    SLICE_X20Y2          FDRE (Setup_fdre_C_R)       -0.524     6.059    coefficient_read_reg[13]
  -------------------------------------------------------------------
                         required time                          6.059    
                         arrival time                          -8.923    
  -------------------------------------------------------------------
                         slack                                 -2.865    

Slack (VIOLATED) :        -2.865ns  (required time - arrival time)
  Source:                 next_start_reg[0]/C
                            (rising edge-triggered cell FDRE clocked by service_clk  {rise@0.000ns fall@2.500ns period=5.000ns})
  Destination:            coefficient_read_reg[42]/R
                            (rising edge-triggered cell FDRE clocked by service_clk  {rise@0.000ns fall@2.500ns period=5.000ns})
  Path Group:             service_clk
  Path Type:              Setup (Max at Slow Process Corner)
  Requirement:            5.000ns  (service_clk rise@5.000ns - service_clk rise@0.000ns)
  Data Path Delay:        7.247ns  (logic 2.390ns (32.977%)  route 4.857ns (67.023%))
  Logic Levels:           9  (CARRY4=3 LUT2=3 LUT6=3)
  Clock Path Skew:        -0.058ns (DCD - SCD + CPR)
    Destination Clock Delay (DCD):    1.503ns = ( 6.503 - 5.000 ) 
    Source Clock Delay      (SCD):    1.676ns
    Clock Pessimism Removal (CPR):    0.115ns
  Clock Uncertainty:      0.035ns  ((TSJ^2 + TIJ^2)^1/2 + DJ) / 2 + PE
    Total System Jitter     (TSJ):    0.071ns
    Total Input Jitter      (TIJ):    0.000ns
    Discrete Jitter          (DJ):    0.000ns
    Phase Error              (PE):    0.000ns

    Location             Delay type                Incr(ns)  Path(ns)    Netlist Resource(s)
  -------------------------------------------------------------------    -------------------
                         (clock service_clk rise edge)
                                                      0.000     0.000 r  
                                                      0.000     0.000 r  clk (IN)
                         net (fo=2943, unset)         1.676     1.676    clk
    SLICE_X16Y7          FDRE                                         r  next_start_reg[0]/C
  -------------------------------------------------------------------    -------------------
    SLICE_X16Y7          FDRE (Prop_fdre_C_Q)         0.518     2.194 r  next_start_reg[0]/Q
                         net (fo=5, routed)           0.616     2.810    next_start_reg[0]
    SLICE_X16Y6          LUT2 (Prop_lut2_I1_O)        0.124     2.934 r  segment_fence_INST_0_i_28/O
                         net (fo=1, routed)           0.000     2.934    segment_fence_INST_0_i_28_n_0
    SLICE_X16Y6          CARRY4 (Prop_carry4_S[0]_CO[3])
                                                      0.513     3.447 r  segment_fence_INST_0_i_17/CO[3]
                         net (fo=1, routed)           0.000     3.447    segment_fence_INST_0_i_17_n_0
    SLICE_X16Y7          CARRY4 (Prop_carry4_CI_CO[3])
                                                      0.117     3.564 r  segment_fence_INST_0_i_7/CO[3]
                         net (fo=1, routed)           0.000     3.564    segment_fence_INST_0_i_7_n_0
    SLICE_X16Y8          CARRY4 (Prop_carry4_CI_O[3])
                                                      0.315     3.879 f  segment_fence_INST_0_i_5/O[3]
                         net (fo=1, routed)           0.811     4.690    mac/pending_span[5]
    SLICE_X14Y8          LUT6 (Prop_lut6_I1_O)        0.307     4.997 r  mac/segment_fence_INST_0_i_2/O
                         net (fo=4, routed)           0.832     5.829    mac_n_5
    SLICE_X14Y9          LUT6 (Prop_lut6_I3_O)        0.124     5.953 f  output_valid_INST_0_i_1/O
                         net (fo=3, routed)           0.584     6.537    output_valid_INST_0_i_1_n_0
    SLICE_X19Y10         LUT2 (Prop_lut2_I0_O)        0.124     6.661 f  next_start_rep[6]_i_1/O
                         net (fo=44, routed)          0.513     7.174    mac/write_sequence[0]
    SLICE_X21Y9          LUT6 (Prop_lut6_I0_O)        0.124     7.298 r  mac/history[0].samples_reg_i_1/O
                         net (fo=214, routed)         0.491     7.789    mac/read_enable
    SLICE_X21Y9          LUT2 (Prop_lut2_I1_O)        0.124     7.913 r  mac/coefficient_read[167]_i_1/O
                         net (fo=47, routed)          1.010     8.923    mac_n_1
    SLICE_X20Y2          FDRE                                         r  coefficient_read_reg[42]/R
  -------------------------------------------------------------------    -------------------

                         (clock service_clk rise edge)
                                                      5.000     5.000 r  
                                                      0.000     5.000 r  clk (IN)
                         net (fo=2943, unset)         1.503     6.503    clk
    SLICE_X20Y2          FDRE                                         r  coefficient_read_reg[42]/C
                         clock pessimism              0.115     6.618    
                         clock uncertainty           -0.035     6.583    
    SLICE_X20Y2          FDRE (Setup_fdre_C_R)       -0.524     6.059    coefficient_read_reg[42]
  -------------------------------------------------------------------
                         required time                          6.059    
                         arrival time                          -8.923    
  -------------------------------------------------------------------
                         slack                                 -2.865    

Slack (VIOLATED) :        -2.865ns  (required time - arrival time)
  Source:                 next_start_reg[0]/C
                            (rising edge-triggered cell FDRE clocked by service_clk  {rise@0.000ns fall@2.500ns period=5.000ns})
  Destination:            coefficient_read_reg[72]/R
                            (rising edge-triggered cell FDRE clocked by service_clk  {rise@0.000ns fall@2.500ns period=5.000ns})
  Path Group:             service_clk
  Path Type:              Setup (Max at Slow Process Corner)
  Requirement:            5.000ns  (service_clk rise@5.000ns - service_clk rise@0.000ns)
  Data Path Delay:        7.247ns  (logic 2.390ns (32.977%)  route 4.857ns (67.023%))
  Logic Levels:           9  (CARRY4=3 LUT2=3 LUT6=3)
  Clock Path Skew:        -0.058ns (DCD - SCD + CPR)
    Destination Clock Delay (DCD):    1.503ns = ( 6.503 - 5.000 ) 
    Source Clock Delay      (SCD):    1.676ns
    Clock Pessimism Removal (CPR):    0.115ns
  Clock Uncertainty:      0.035ns  ((TSJ^2 + TIJ^2)^1/2 + DJ) / 2 + PE
    Total System Jitter     (TSJ):    0.071ns
    Total Input Jitter      (TIJ):    0.000ns
    Discrete Jitter          (DJ):    0.000ns
    Phase Error              (PE):    0.000ns

    Location             Delay type                Incr(ns)  Path(ns)    Netlist Resource(s)
  -------------------------------------------------------------------    -------------------
                         (clock service_clk rise edge)
                                                      0.000     0.000 r  
                                                      0.000     0.000 r  clk (IN)
                         net (fo=2943, unset)         1.676     1.676    clk
    SLICE_X16Y7          FDRE                                         r  next_start_reg[0]/C
  -------------------------------------------------------------------    -------------------
    SLICE_X16Y7          FDRE (Prop_fdre_C_Q)         0.518     2.194 r  next_start_reg[0]/Q
                         net (fo=5, routed)           0.616     2.810    next_start_reg[0]
    SLICE_X16Y6          LUT2 (Prop_lut2_I1_O)        0.124     2.934 r  segment_fence_INST_0_i_28/O
                         net (fo=1, routed)           0.000     2.934    segment_fence_INST_0_i_28_n_0
    SLICE_X16Y6          CARRY4 (Prop_carry4_S[0]_CO[3])
                                                      0.513     3.447 r  segment_fence_INST_0_i_17/CO[3]
                         net (fo=1, routed)           0.000     3.447    segment_fence_INST_0_i_17_n_0
    SLICE_X16Y7          CARRY4 (Prop_carry4_CI_CO[3])
                                                      0.117     3.564 r  segment_fence_INST_0_i_7/CO[3]
                         net (fo=1, routed)           0.000     3.564    segment_fence_INST_0_i_7_n_0
    SLICE_X16Y8          CARRY4 (Prop_carry4_CI_O[3])
                                                      0.315     3.879 f  segment_fence_INST_0_i_5/O[3]
                         net (fo=1, routed)           0.811     4.690    mac/pending_span[5]
    SLICE_X14Y8          LUT6 (Prop_lut6_I1_O)        0.307     4.997 r  mac/segment_fence_INST_0_i_2/O
                         net (fo=4, routed)           0.832     5.829    mac_n_5
    SLICE_X14Y9          LUT6 (Prop_lut6_I3_O)        0.124     5.953 f  output_valid_INST_0_i_1/O
                         net (fo=3, routed)           0.584     6.537    output_valid_INST_0_i_1_n_0
    SLICE_X19Y10         LUT2 (Prop_lut2_I0_O)        0.124     6.661 f  next_start_rep[6]_i_1/O
                         net (fo=44, routed)          0.513     7.174    mac/write_sequence[0]
    SLICE_X21Y9          LUT6 (Prop_lut6_I0_O)        0.124     7.298 r  mac/history[0].samples_reg_i_1/O
                         net (fo=214, routed)         0.491     7.789    mac/read_enable
    SLICE_X21Y9          LUT2 (Prop_lut2_I1_O)        0.124     7.913 r  mac/coefficient_read[167]_i_1/O
                         net (fo=47, routed)          1.010     8.923    mac_n_1
    SLICE_X20Y2          FDRE                                         r  coefficient_read_reg[72]/R
  -------------------------------------------------------------------    -------------------

                         (clock service_clk rise edge)
                                                      5.000     5.000 r  
                                                      0.000     5.000 r  clk (IN)
                         net (fo=2943, unset)         1.503     6.503    clk
    SLICE_X20Y2          FDRE                                         r  coefficient_read_reg[72]/C
                         clock pessimism              0.115     6.618    
                         clock uncertainty           -0.035     6.583    
    SLICE_X20Y2          FDRE (Setup_fdre_C_R)       -0.524     6.059    coefficient_read_reg[72]
  -------------------------------------------------------------------
                         required time                          6.059    
                         arrival time                          -8.923    
  -------------------------------------------------------------------
                         slack                                 -2.865    

Slack (VIOLATED) :        -2.865ns  (required time - arrival time)
  Source:                 next_start_reg[0]/C
                            (rising edge-triggered cell FDRE clocked by service_clk  {rise@0.000ns fall@2.500ns period=5.000ns})
  Destination:            coefficient_read_reg[94]/R
                            (rising edge-triggered cell FDRE clocked by service_clk  {rise@0.000ns fall@2.500ns period=5.000ns})
  Path Group:             service_clk
  Path Type:              Setup (Max at Slow Process Corner)
  Requirement:            5.000ns  (service_clk rise@5.000ns - service_clk rise@0.000ns)
  Data Path Delay:        7.247ns  (logic 2.390ns (32.977%)  route 4.857ns (67.023%))
  Logic Levels:           9  (CARRY4=3 LUT2=3 LUT6=3)
  Clock Path Skew:        -0.058ns (DCD - SCD + CPR)
    Destination Clock Delay (DCD):    1.503ns = ( 6.503 - 5.000 ) 
    Source Clock Delay      (SCD):    1.676ns
    Clock Pessimism Removal (CPR):    0.115ns
  Clock Uncertainty:      0.035ns  ((TSJ^2 + TIJ^2)^1/2 + DJ) / 2 + PE
    Total System Jitter     (TSJ):    0.071ns
    Total Input Jitter      (TIJ):    0.000ns
    Discrete Jitter          (DJ):    0.000ns
    Phase Error              (PE):    0.000ns

    Location             Delay type                Incr(ns)  Path(ns)    Netlist Resource(s)
  -------------------------------------------------------------------    -------------------
                         (clock service_clk rise edge)
                                                      0.000     0.000 r  
                                                      0.000     0.000 r  clk (IN)
                         net (fo=2943, unset)         1.676     1.676    clk
    SLICE_X16Y7          FDRE                                         r  next_start_reg[0]/C
  -------------------------------------------------------------------    -------------------
    SLICE_X16Y7          FDRE (Prop_fdre_C_Q)         0.518     2.194 r  next_start_reg[0]/Q
                         net (fo=5, routed)           0.616     2.810    next_start_reg[0]
    SLICE_X16Y6          LUT2 (Prop_lut2_I1_O)        0.124     2.934 r  segment_fence_INST_0_i_28/O
                         net (fo=1, routed)           0.000     2.934    segment_fence_INST_0_i_28_n_0
    SLICE_X16Y6          CARRY4 (Prop_carry4_S[0]_CO[3])
                                                      0.513     3.447 r  segment_fence_INST_0_i_17/CO[3]
                         net (fo=1, routed)           0.000     3.447    segment_fence_INST_0_i_17_n_0
    SLICE_X16Y7          CARRY4 (Prop_carry4_CI_CO[3])
                                                      0.117     3.564 r  segment_fence_INST_0_i_7/CO[3]
                         net (fo=1, routed)           0.000     3.564    segment_fence_INST_0_i_7_n_0
    SLICE_X16Y8          CARRY4 (Prop_carry4_CI_O[3])
                                                      0.315     3.879 f  segment_fence_INST_0_i_5/O[3]
                         net (fo=1, routed)           0.811     4.690    mac/pending_span[5]
    SLICE_X14Y8          LUT6 (Prop_lut6_I1_O)        0.307     4.997 r  mac/segment_fence_INST_0_i_2/O
                         net (fo=4, routed)           0.832     5.829    mac_n_5
    SLICE_X14Y9          LUT6 (Prop_lut6_I3_O)        0.124     5.953 f  output_valid_INST_0_i_1/O
                         net (fo=3, routed)           0.584     6.537    output_valid_INST_0_i_1_n_0
    SLICE_X19Y10         LUT2 (Prop_lut2_I0_O)        0.124     6.661 f  next_start_rep[6]_i_1/O
                         net (fo=44, routed)          0.513     7.174    mac/write_sequence[0]
    SLICE_X21Y9          LUT6 (Prop_lut6_I0_O)        0.124     7.298 r  mac/history[0].samples_reg_i_1/O
                         net (fo=214, routed)         0.491     7.789    mac/read_enable
    SLICE_X21Y9          LUT2 (Prop_lut2_I1_O)        0.124     7.913 r  mac/coefficient_read[167]_i_1/O
                         net (fo=47, routed)          1.010     8.923    mac_n_1
    SLICE_X20Y2          FDRE                                         r  coefficient_read_reg[94]/R
  -------------------------------------------------------------------    -------------------

                         (clock service_clk rise edge)
                                                      5.000     5.000 r  
                                                      0.000     5.000 r  clk (IN)
                         net (fo=2943, unset)         1.503     6.503    clk
    SLICE_X20Y2          FDRE                                         r  coefficient_read_reg[94]/C
                         clock pessimism              0.115     6.618    
                         clock uncertainty           -0.035     6.583    
    SLICE_X20Y2          FDRE (Setup_fdre_C_R)       -0.524     6.059    coefficient_read_reg[94]
  -------------------------------------------------------------------
                         required time                          6.059    
                         arrival time                          -8.923    
  -------------------------------------------------------------------
                         slack                                 -2.865    

Slack (VIOLATED) :        -2.864ns  (required time - arrival time)
  Source:                 expected_timestamp_reg[4]/C
                            (rising edge-triggered cell FDRE clocked by service_clk  {rise@0.000ns fall@2.500ns period=5.000ns})
  Destination:            gap_now
                            (output port clocked by service_clk  {rise@0.000ns fall@2.500ns period=5.000ns})
  Path Group:             service_clk
  Path Type:              Max at Slow Process Corner
  Requirement:            5.000ns  (service_clk rise@5.000ns - service_clk rise@0.000ns)
  Data Path Delay:        5.652ns  (logic 2.196ns (38.856%)  route 3.456ns (61.144%))
  Logic Levels:           9  (CARRY4=6 LUT4=1 LUT6=2)
  Output Delay:           0.500ns
  Clock Path Skew:        -1.677ns (DCD - SCD + CPR)
    Destination Clock Delay (DCD):    0.000ns = ( 5.000 - 5.000 ) 
    Source Clock Delay      (SCD):    1.677ns
    Clock Pessimism Removal (CPR):    0.000ns
  Clock Uncertainty:      0.035ns  ((TSJ^2 + TIJ^2)^1/2 + DJ) / 2 + PE
    Total System Jitter     (TSJ):    0.071ns
    Total Input Jitter      (TIJ):    0.000ns
    Discrete Jitter          (DJ):    0.000ns
    Phase Error              (PE):    0.000ns

    Location             Delay type                Incr(ns)  Path(ns)    Netlist Resource(s)
  -------------------------------------------------------------------    -------------------
                         (clock service_clk rise edge)
                                                      0.000     0.000 r  
                                                      0.000     0.000 r  clk (IN)
                         net (fo=2943, unset)         1.677     1.677    clk
    SLICE_X18Y4          FDRE                                         r  expected_timestamp_reg[4]/C
  -------------------------------------------------------------------    -------------------
    SLICE_X18Y4          FDRE (Prop_fdre_C_Q)         0.456     2.133 r  expected_timestamp_reg[4]/Q
                         net (fo=1, routed)           0.791     2.924    expected_timestamp[4]
    SLICE_X17Y4          LUT6 (Prop_lut6_I1_O)        0.124     3.048 r  segment_fence_INST_0_i_51/O
                         net (fo=1, routed)           0.000     3.048    segment_fence_INST_0_i_51_n_0
    SLICE_X17Y4          CARRY4 (Prop_carry4_S[1]_CO[3])
                                                      0.550     3.598 r  segment_fence_INST_0_i_44/CO[3]
                         net (fo=1, routed)           0.000     3.598    segment_fence_INST_0_i_44_n_0
    SLICE_X17Y5          CARRY4 (Prop_carry4_CI_CO[3])
                                                      0.114     3.712 r  segment_fence_INST_0_i_39/CO[3]
                         net (fo=1, routed)           0.000     3.712    segment_fence_INST_0_i_39_n_0
    SLICE_X17Y6          CARRY4 (Prop_carry4_CI_CO[3])
                                                      0.114     3.826 r  segment_fence_INST_0_i_34/CO[3]
                         net (fo=1, routed)           0.000     3.826    segment_fence_INST_0_i_34_n_0
    SLICE_X17Y7          CARRY4 (Prop_carry4_CI_CO[3])
                                                      0.114     3.940 r  segment_fence_INST_0_i_29/CO[3]
                         net (fo=1, routed)           0.000     3.940    segment_fence_INST_0_i_29_n_0
    SLICE_X17Y8          CARRY4 (Prop_carry4_CI_CO[3])
                                                      0.114     4.054 r  segment_fence_INST_0_i_22/CO[3]
                         net (fo=1, routed)           0.000     4.054    segment_fence_INST_0_i_22_n_0
    SLICE_X17Y9          CARRY4 (Prop_carry4_CI_CO[1])
                                                      0.157     4.211 r  segment_fence_INST_0_i_8/CO[1]
                         net (fo=3, routed)           0.785     4.996    gap_now2
    SLICE_X17Y10         LUT4 (Prop_lut4_I0_O)        0.329     5.325 r  gap_now_INST_0_i_1/O
                         net (fo=1, routed)           0.906     6.232    gap_now_INST_0_i_1_n_0
    SLICE_X13Y7          LUT6 (Prop_lut6_I3_O)        0.124     6.356 r  gap_now_INST_0/O
                         net (fo=3, unset)            0.973     7.329    gap_now
                                                                      r  gap_now (OUT)
  -------------------------------------------------------------------    -------------------

                         (clock service_clk rise edge)
                                                      5.000     5.000 r  
                         clock pessimism              0.000     5.000    
                         clock uncertainty           -0.035     4.965    
                         output delay                -0.500     4.465    
  -------------------------------------------------------------------
                         required time                          4.465    
                         arrival time                          -7.329    
  -------------------------------------------------------------------
                         slack                                 -2.864    

Slack (VIOLATED) :        -2.861ns  (required time - arrival time)
  Source:                 generation_reg[4]/C
                            (rising edge-triggered cell FDRE clocked by service_clk  {rise@0.000ns fall@2.500ns period=5.000ns})
  Destination:            coefficient_read_reg[101]/R
                            (rising edge-triggered cell FDRE clocked by service_clk  {rise@0.000ns fall@2.500ns period=5.000ns})
  Path Group:             service_clk
  Path Type:              Setup (Max at Slow Process Corner)
  Requirement:            5.000ns  (service_clk rise@5.000ns - service_clk rise@0.000ns)
  Data Path Delay:        7.231ns  (logic 1.324ns (18.310%)  route 5.907ns (81.690%))
  Logic Levels:           7  (LUT2=1 LUT4=2 LUT6=4)
  Clock Path Skew:        -0.166ns (DCD - SCD + CPR)
    Destination Clock Delay (DCD):    1.498ns = ( 6.498 - 5.000 ) 
    Source Clock Delay      (SCD):    1.677ns
    Clock Pessimism Removal (CPR):    0.013ns
  Clock Uncertainty:      0.035ns  ((TSJ^2 + TIJ^2)^1/2 + DJ) / 2 + PE
    Total System Jitter     (TSJ):    0.071ns
    Total Input Jitter      (TIJ):    0.000ns
    Discrete Jitter          (DJ):    0.000ns
    Phase Error              (PE):    0.000ns

    Location             Delay type                Incr(ns)  Path(ns)    Netlist Resource(s)
  -------------------------------------------------------------------    -------------------
                         (clock service_clk rise edge)
                                                      0.000     0.000 r  
                                                      0.000     0.000 r  clk (IN)
                         net (fo=2943, unset)         1.677     1.677    clk
    SLICE_X21Y2          FDRE                                         r  generation_reg[4]/C
  -------------------------------------------------------------------    -------------------
    SLICE_X21Y2          FDRE (Prop_fdre_C_Q)         0.456     2.133 r  generation_reg[4]/Q
                         net (fo=3, routed)           0.853     2.986    mac/generation_reg[4]
    SLICE_X22Y3          LUT4 (Prop_lut4_I3_O)        0.124     3.110 r  mac/config_accepted_INST_0_i_4/O
                         net (fo=2, routed)           0.911     4.021    mac/generation_reg_13_sn_1
    SLICE_X16Y4          LUT6 (Prop_lut6_I0_O)        0.124     4.145 r  mac/config_accepted_INST_0_i_2/O
                         net (fo=6, routed)           0.596     4.740    mac/generation_reg_2_sn_1
    SLICE_X16Y5          LUT6 (Prop_lut6_I3_O)        0.124     4.864 f  mac/segment_fence_INST_0_i_1/O
                         net (fo=3, routed)           1.198     6.062    mac/sample_gap_0
    SLICE_X16Y10         LUT6 (Prop_lut6_I0_O)        0.124     6.186 f  mac/segment_fence_INST_0/O
                         net (fo=34, routed)          0.401     6.587    mac/sample_valid_0
    SLICE_X16Y10         LUT4 (Prop_lut4_I2_O)        0.124     6.711 r  mac/mul_last_reg_srl2_i_1/O
                         net (fo=12, routed)          0.479     7.190    mac/mul_last_reg_srl2_i_1_n_0
    SLICE_X21Y9          LUT6 (Prop_lut6_I3_O)        0.124     7.314 r  mac/history[0].samples_reg_i_1/O
                         net (fo=214, routed)         0.491     7.805    mac/read_enable
    SLICE_X21Y9          LUT2 (Prop_lut2_I1_O)        0.124     7.929 r  mac/coefficient_read[167]_i_1/O
                         net (fo=47, routed)          0.979     8.908    mac_n_1
    SLICE_X23Y4          FDRE                                         r  coefficient_read_reg[101]/R
  -------------------------------------------------------------------    -------------------

                         (clock service_clk rise edge)
                                                      5.000     5.000 r  
                                                      0.000     5.000 r  clk (IN)
                         net (fo=2943, unset)         1.498     6.498    clk
    SLICE_X23Y4          FDRE                                         r  coefficient_read_reg[101]/C
                         clock pessimism              0.013     6.511    
                         clock uncertainty           -0.035     6.476    
    SLICE_X23Y4          FDRE (Setup_fdre_C_R)       -0.429     6.047    coefficient_read_reg[101]
  -------------------------------------------------------------------
                         required time                          6.047    
                         arrival time                          -8.908    
  -------------------------------------------------------------------
                         slack                                 -2.861    

Slack (VIOLATED) :        -2.861ns  (required time - arrival time)
  Source:                 generation_reg[4]/C
                            (rising edge-triggered cell FDRE clocked by service_clk  {rise@0.000ns fall@2.500ns period=5.000ns})
  Destination:            coefficient_read_reg[158]/R
                            (rising edge-triggered cell FDRE clocked by service_clk  {rise@0.000ns fall@2.500ns period=5.000ns})
  Path Group:             service_clk
  Path Type:              Setup (Max at Slow Process Corner)
  Requirement:            5.000ns  (service_clk rise@5.000ns - service_clk rise@0.000ns)
  Data Path Delay:        7.231ns  (logic 1.324ns (18.310%)  route 5.907ns (81.690%))
  Logic Levels:           7  (LUT2=1 LUT4=2 LUT6=4)
  Clock Path Skew:        -0.166ns (DCD - SCD + CPR)
    Destination Clock Delay (DCD):    1.498ns = ( 6.498 - 5.000 ) 
    Source Clock Delay      (SCD):    1.677ns
    Clock Pessimism Removal (CPR):    0.013ns
  Clock Uncertainty:      0.035ns  ((TSJ^2 + TIJ^2)^1/2 + DJ) / 2 + PE
    Total System Jitter     (TSJ):    0.071ns
    Total Input Jitter      (TIJ):    0.000ns
    Discrete Jitter          (DJ):    0.000ns
    Phase Error              (PE):    0.000ns

    Location             Delay type                Incr(ns)  Path(ns)    Netlist Resource(s)
  -------------------------------------------------------------------    -------------------
                         (clock service_clk rise edge)
                                                      0.000     0.000 r  
                                                      0.000     0.000 r  clk (IN)
                         net (fo=2943, unset)         1.677     1.677    clk
    SLICE_X21Y2          FDRE                                         r  generation_reg[4]/C
  -------------------------------------------------------------------    -------------------
    SLICE_X21Y2          FDRE (Prop_fdre_C_Q)         0.456     2.133 r  generation_reg[4]/Q
                         net (fo=3, routed)           0.853     2.986    mac/generation_reg[4]
    SLICE_X22Y3          LUT4 (Prop_lut4_I3_O)        0.124     3.110 r  mac/config_accepted_INST_0_i_4/O
                         net (fo=2, routed)           0.911     4.021    mac/generation_reg_13_sn_1
    SLICE_X16Y4          LUT6 (Prop_lut6_I0_O)        0.124     4.145 r  mac/config_accepted_INST_0_i_2/O
                         net (fo=6, routed)           0.596     4.740    mac/generation_reg_2_sn_1
    SLICE_X16Y5          LUT6 (Prop_lut6_I3_O)        0.124     4.864 f  mac/segment_fence_INST_0_i_1/O
                         net (fo=3, routed)           1.198     6.062    mac/sample_gap_0
    SLICE_X16Y10         LUT6 (Prop_lut6_I0_O)        0.124     6.186 f  mac/segment_fence_INST_0/O
                         net (fo=34, routed)          0.401     6.587    mac/sample_valid_0
    SLICE_X16Y10         LUT4 (Prop_lut4_I2_O)        0.124     6.711 r  mac/mul_last_reg_srl2_i_1/O
                         net (fo=12, routed)          0.479     7.190    mac/mul_last_reg_srl2_i_1_n_0
    SLICE_X21Y9          LUT6 (Prop_lut6_I3_O)        0.124     7.314 r  mac/history[0].samples_reg_i_1/O
                         net (fo=214, routed)         0.491     7.805    mac/read_enable
    SLICE_X21Y9          LUT2 (Prop_lut2_I1_O)        0.124     7.929 r  mac/coefficient_read[167]_i_1/O
                         net (fo=47, routed)          0.979     8.908    mac_n_1
    SLICE_X23Y4          FDRE                                         r  coefficient_read_reg[158]/R
  -------------------------------------------------------------------    -------------------

                         (clock service_clk rise edge)
                                                      5.000     5.000 r  
                                                      0.000     5.000 r  clk (IN)
                         net (fo=2943, unset)         1.498     6.498    clk
    SLICE_X23Y4          FDRE                                         r  coefficient_read_reg[158]/C
                         clock pessimism              0.013     6.511    
                         clock uncertainty           -0.035     6.476    
    SLICE_X23Y4          FDRE (Setup_fdre_C_R)       -0.429     6.047    coefficient_read_reg[158]
  -------------------------------------------------------------------
                         required time                          6.047    
                         arrival time                          -8.908    
  -------------------------------------------------------------------
                         slack                                 -2.861    

Slack (VIOLATED) :        -2.861ns  (required time - arrival time)
  Source:                 generation_reg[4]/C
                            (rising edge-triggered cell FDRE clocked by service_clk  {rise@0.000ns fall@2.500ns period=5.000ns})
  Destination:            coefficient_read_reg[46]/R
                            (rising edge-triggered cell FDRE clocked by service_clk  {rise@0.000ns fall@2.500ns period=5.000ns})
  Path Group:             service_clk
  Path Type:              Setup (Max at Slow Process Corner)
  Requirement:            5.000ns  (service_clk rise@5.000ns - service_clk rise@0.000ns)
  Data Path Delay:        7.231ns  (logic 1.324ns (18.310%)  route 5.907ns (81.690%))
  Logic Levels:           7  (LUT2=1 LUT4=2 LUT6=4)
  Clock Path Skew:        -0.166ns (DCD - SCD + CPR)
    Destination Clock Delay (DCD):    1.498ns = ( 6.498 - 5.000 ) 
    Source Clock Delay      (SCD):    1.677ns
    Clock Pessimism Removal (CPR):    0.013ns
  Clock Uncertainty:      0.035ns  ((TSJ^2 + TIJ^2)^1/2 + DJ) / 2 + PE
    Total System Jitter     (TSJ):    0.071ns
    Total Input Jitter      (TIJ):    0.000ns
    Discrete Jitter          (DJ):    0.000ns
    Phase Error              (PE):    0.000ns

    Location             Delay type                Incr(ns)  Path(ns)    Netlist Resource(s)
  -------------------------------------------------------------------    -------------------
                         (clock service_clk rise edge)
                                                      0.000     0.000 r  
                                                      0.000     0.000 r  clk (IN)
                         net (fo=2943, unset)         1.677     1.677    clk
    SLICE_X21Y2          FDRE                                         r  generation_reg[4]/C
  -------------------------------------------------------------------    -------------------
    SLICE_X21Y2          FDRE (Prop_fdre_C_Q)         0.456     2.133 r  generation_reg[4]/Q
                         net (fo=3, routed)           0.853     2.986    mac/generation_reg[4]
    SLICE_X22Y3          LUT4 (Prop_lut4_I3_O)        0.124     3.110 r  mac/config_accepted_INST_0_i_4/O
                         net (fo=2, routed)           0.911     4.021    mac/generation_reg_13_sn_1
    SLICE_X16Y4          LUT6 (Prop_lut6_I0_O)        0.124     4.145 r  mac/config_accepted_INST_0_i_2/O
                         net (fo=6, routed)           0.596     4.740    mac/generation_reg_2_sn_1
    SLICE_X16Y5          LUT6 (Prop_lut6_I3_O)        0.124     4.864 f  mac/segment_fence_INST_0_i_1/O
                         net (fo=3, routed)           1.198     6.062    mac/sample_gap_0
    SLICE_X16Y10         LUT6 (Prop_lut6_I0_O)        0.124     6.186 f  mac/segment_fence_INST_0/O
                         net (fo=34, routed)          0.401     6.587    mac/sample_valid_0
    SLICE_X16Y10         LUT4 (Prop_lut4_I2_O)        0.124     6.711 r  mac/mul_last_reg_srl2_i_1/O
                         net (fo=12, routed)          0.479     7.190    mac/mul_last_reg_srl2_i_1_n_0
    SLICE_X21Y9          LUT6 (Prop_lut6_I3_O)        0.124     7.314 r  mac/history[0].samples_reg_i_1/O
                         net (fo=214, routed)         0.491     7.805    mac/read_enable
    SLICE_X21Y9          LUT2 (Prop_lut2_I1_O)        0.124     7.929 r  mac/coefficient_read[167]_i_1/O
                         net (fo=47, routed)          0.979     8.908    mac_n_1
    SLICE_X23Y4          FDRE                                         r  coefficient_read_reg[46]/R
  -------------------------------------------------------------------    -------------------

                         (clock service_clk rise edge)
                                                      5.000     5.000 r  
                                                      0.000     5.000 r  clk (IN)
                         net (fo=2943, unset)         1.498     6.498    clk
    SLICE_X23Y4          FDRE                                         r  coefficient_read_reg[46]/C
                         clock pessimism              0.013     6.511    
                         clock uncertainty           -0.035     6.476    
    SLICE_X23Y4          FDRE (Setup_fdre_C_R)       -0.429     6.047    coefficient_read_reg[46]
  -------------------------------------------------------------------
                         required time                          6.047    
                         arrival time                          -8.908    
  -------------------------------------------------------------------
                         slack                                 -2.861    





Min Delay Paths
--------------------------------------------------------------------------------------
Slack (VIOLATED) :        -0.742ns  (arrival time - required time)
  Source:                 sample_i[0]
                            (input port clocked by service_clk  {rise@0.000ns fall@2.500ns period=5.000ns})
  Destination:            history[2].samples_reg/DIADI[0]
                            (rising edge-triggered cell RAMB18E1 clocked by service_clk  {rise@0.000ns fall@2.500ns period=5.000ns})
  Path Group:             service_clk
  Path Type:              Hold (Min at Slow Process Corner)
  Requirement:            0.000ns  (service_clk rise@0.000ns - service_clk rise@0.000ns)
  Data Path Delay:        0.924ns  (logic 0.000ns (0.000%)  route 0.924ns (100.000%))
  Logic Levels:           0  
  Input Delay:            0.500ns
  Clock Path Skew:        1.726ns (DCD - SCD - CPR)
    Destination Clock Delay (DCD):    1.726ns
    Source Clock Delay      (SCD):    0.000ns
    Clock Pessimism Removal (CPR):    -0.000ns
  Clock Uncertainty:      0.035ns  ((TSJ^2 + TIJ^2)^1/2 + DJ) / 2 + PE
    Total System Jitter     (TSJ):    0.071ns
    Total Input Jitter      (TIJ):    0.000ns
    Discrete Jitter          (DJ):    0.000ns
    Phase Error              (PE):    0.000ns

    Location             Delay type                Incr(ns)  Path(ns)    Netlist Resource(s)
  -------------------------------------------------------------------    -------------------
                         (clock service_clk rise edge)
                                                      0.000     0.000 r  
                         input delay                  0.500     0.500    
                                                      0.000     0.500 r  sample_i[0] (IN)
                         net (fo=5, unset)            0.924     1.424    sample_i[0]
    RAMB18_X0Y2          RAMB18E1                                     r  history[2].samples_reg/DIADI[0]
  -------------------------------------------------------------------    -------------------

                         (clock service_clk rise edge)
                                                      0.000     0.000 r  
                                                      0.000     0.000 r  clk (IN)
                         net (fo=2943, unset)         1.726     1.726    clk
    RAMB18_X0Y2          RAMB18E1                                     r  history[2].samples_reg/CLKBWRCLK
                         clock pessimism              0.000     1.726    
                         clock uncertainty            0.035     1.762    
    RAMB18_X0Y2          RAMB18E1 (Hold_ramb18e1_CLKBWRCLK_DIADI[0])
                                                      0.405     2.167    history[2].samples_reg
  -------------------------------------------------------------------
                         required time                         -2.167    
                         arrival time                           1.424    
  -------------------------------------------------------------------
                         slack                                 -0.742    

Slack (VIOLATED) :        -0.742ns  (arrival time - required time)
  Source:                 sample_i[10]
                            (input port clocked by service_clk  {rise@0.000ns fall@2.500ns period=5.000ns})
  Destination:            history[2].samples_reg/DIADI[10]
                            (rising edge-triggered cell RAMB18E1 clocked by service_clk  {rise@0.000ns fall@2.500ns period=5.000ns})
  Path Group:             service_clk
  Path Type:              Hold (Min at Slow Process Corner)
  Requirement:            0.000ns  (service_clk rise@0.000ns - service_clk rise@0.000ns)
  Data Path Delay:        0.924ns  (logic 0.000ns (0.000%)  route 0.924ns (100.000%))
  Logic Levels:           0  
  Input Delay:            0.500ns
  Clock Path Skew:        1.726ns (DCD - SCD - CPR)
    Destination Clock Delay (DCD):    1.726ns
    Source Clock Delay      (SCD):    0.000ns
    Clock Pessimism Removal (CPR):    -0.000ns
  Clock Uncertainty:      0.035ns  ((TSJ^2 + TIJ^2)^1/2 + DJ) / 2 + PE
    Total System Jitter     (TSJ):    0.071ns
    Total Input Jitter      (TIJ):    0.000ns
    Discrete Jitter          (DJ):    0.000ns
    Phase Error              (PE):    0.000ns

    Location             Delay type                Incr(ns)  Path(ns)    Netlist Resource(s)
  -------------------------------------------------------------------    -------------------
                         (clock service_clk rise edge)
                                                      0.000     0.000 r  
                         input delay                  0.500     0.500    
                                                      0.000     0.500 r  sample_i[10] (IN)
                         net (fo=5, unset)            0.924     1.424    sample_i[10]
    RAMB18_X0Y2          RAMB18E1                                     r  history[2].samples_reg/DIADI[10]
  -------------------------------------------------------------------    -------------------

                         (clock service_clk rise edge)
                                                      0.000     0.000 r  
                                                      0.000     0.000 r  clk (IN)
                         net (fo=2943, unset)         1.726     1.726    clk
    RAMB18_X0Y2          RAMB18E1                                     r  history[2].samples_reg/CLKBWRCLK
                         clock pessimism              0.000     1.726    
                         clock uncertainty            0.035     1.762    
    RAMB18_X0Y2          RAMB18E1 (Hold_ramb18e1_CLKBWRCLK_DIADI[10])
                                                      0.405     2.167    history[2].samples_reg
  -------------------------------------------------------------------
                         required time                         -2.167    
                         arrival time                           1.424    
  -------------------------------------------------------------------
                         slack                                 -0.742    

Slack (VIOLATED) :        -0.742ns  (arrival time - required time)
  Source:                 sample_i[11]
                            (input port clocked by service_clk  {rise@0.000ns fall@2.500ns period=5.000ns})
  Destination:            history[2].samples_reg/DIADI[11]
                            (rising edge-triggered cell RAMB18E1 clocked by service_clk  {rise@0.000ns fall@2.500ns period=5.000ns})
  Path Group:             service_clk
  Path Type:              Hold (Min at Slow Process Corner)
  Requirement:            0.000ns  (service_clk rise@0.000ns - service_clk rise@0.000ns)
  Data Path Delay:        0.924ns  (logic 0.000ns (0.000%)  route 0.924ns (100.000%))
  Logic Levels:           0  
  Input Delay:            0.500ns
  Clock Path Skew:        1.726ns (DCD - SCD - CPR)
    Destination Clock Delay (DCD):    1.726ns
    Source Clock Delay      (SCD):    0.000ns
    Clock Pessimism Removal (CPR):    -0.000ns
  Clock Uncertainty:      0.035ns  ((TSJ^2 + TIJ^2)^1/2 + DJ) / 2 + PE
    Total System Jitter     (TSJ):    0.071ns
    Total Input Jitter      (TIJ):    0.000ns
    Discrete Jitter          (DJ):    0.000ns
    Phase Error              (PE):    0.000ns

    Location             Delay type                Incr(ns)  Path(ns)    Netlist Resource(s)
  -------------------------------------------------------------------    -------------------
                         (clock service_clk rise edge)
                                                      0.000     0.000 r  
                         input delay                  0.500     0.500    
                                                      0.000     0.500 r  sample_i[11] (IN)
                         net (fo=5, unset)            0.924     1.424    sample_i[11]
    RAMB18_X0Y2          RAMB18E1                                     r  history[2].samples_reg/DIADI[11]
  -------------------------------------------------------------------    -------------------

                         (clock service_clk rise edge)
                                                      0.000     0.000 r  
                                                      0.000     0.000 r  clk (IN)
                         net (fo=2943, unset)         1.726     1.726    clk
    RAMB18_X0Y2          RAMB18E1                                     r  history[2].samples_reg/CLKBWRCLK
                         clock pessimism              0.000     1.726    
                         clock uncertainty            0.035     1.762    
    RAMB18_X0Y2          RAMB18E1 (Hold_ramb18e1_CLKBWRCLK_DIADI[11])
                                                      0.405     2.167    history[2].samples_reg
  -------------------------------------------------------------------
                         required time                         -2.167    
                         arrival time                           1.424    
  -------------------------------------------------------------------
                         slack                                 -0.742    

Slack (VIOLATED) :        -0.742ns  (arrival time - required time)
  Source:                 sample_i[12]
                            (input port clocked by service_clk  {rise@0.000ns fall@2.500ns period=5.000ns})
  Destination:            history[2].samples_reg/DIADI[12]
                            (rising edge-triggered cell RAMB18E1 clocked by service_clk  {rise@0.000ns fall@2.500ns period=5.000ns})
  Path Group:             service_clk
  Path Type:              Hold (Min at Slow Process Corner)
  Requirement:            0.000ns  (service_clk rise@0.000ns - service_clk rise@0.000ns)
  Data Path Delay:        0.924ns  (logic 0.000ns (0.000%)  route 0.924ns (100.000%))
  Logic Levels:           0  
  Input Delay:            0.500ns
  Clock Path Skew:        1.726ns (DCD - SCD - CPR)
    Destination Clock Delay (DCD):    1.726ns
    Source Clock Delay      (SCD):    0.000ns
    Clock Pessimism Removal (CPR):    -0.000ns
  Clock Uncertainty:      0.035ns  ((TSJ^2 + TIJ^2)^1/2 + DJ) / 2 + PE
    Total System Jitter     (TSJ):    0.071ns
    Total Input Jitter      (TIJ):    0.000ns
    Discrete Jitter          (DJ):    0.000ns
    Phase Error              (PE):    0.000ns

    Location             Delay type                Incr(ns)  Path(ns)    Netlist Resource(s)
  -------------------------------------------------------------------    -------------------
                         (clock service_clk rise edge)
                                                      0.000     0.000 r  
                         input delay                  0.500     0.500    
                                                      0.000     0.500 r  sample_i[12] (IN)
                         net (fo=5, unset)            0.924     1.424    sample_i[12]
    RAMB18_X0Y2          RAMB18E1                                     r  history[2].samples_reg/DIADI[12]
  -------------------------------------------------------------------    -------------------

                         (clock service_clk rise edge)
                                                      0.000     0.000 r  
                                                      0.000     0.000 r  clk (IN)
                         net (fo=2943, unset)         1.726     1.726    clk
    RAMB18_X0Y2          RAMB18E1                                     r  history[2].samples_reg/CLKBWRCLK
                         clock pessimism              0.000     1.726    
                         clock uncertainty            0.035     1.762    
    RAMB18_X0Y2          RAMB18E1 (Hold_ramb18e1_CLKBWRCLK_DIADI[12])
                                                      0.405     2.167    history[2].samples_reg
  -------------------------------------------------------------------
                         required time                         -2.167    
                         arrival time                           1.424    
  -------------------------------------------------------------------
                         slack                                 -0.742    

Slack (VIOLATED) :        -0.742ns  (arrival time - required time)
  Source:                 sample_i[13]
                            (input port clocked by service_clk  {rise@0.000ns fall@2.500ns period=5.000ns})
  Destination:            history[2].samples_reg/DIADI[13]
                            (rising edge-triggered cell RAMB18E1 clocked by service_clk  {rise@0.000ns fall@2.500ns period=5.000ns})
  Path Group:             service_clk
  Path Type:              Hold (Min at Slow Process Corner)
  Requirement:            0.000ns  (service_clk rise@0.000ns - service_clk rise@0.000ns)
  Data Path Delay:        0.924ns  (logic 0.000ns (0.000%)  route 0.924ns (100.000%))
  Logic Levels:           0  
  Input Delay:            0.500ns
  Clock Path Skew:        1.726ns (DCD - SCD - CPR)
    Destination Clock Delay (DCD):    1.726ns
    Source Clock Delay      (SCD):    0.000ns
    Clock Pessimism Removal (CPR):    -0.000ns
  Clock Uncertainty:      0.035ns  ((TSJ^2 + TIJ^2)^1/2 + DJ) / 2 + PE
    Total System Jitter     (TSJ):    0.071ns
    Total Input Jitter      (TIJ):    0.000ns
    Discrete Jitter          (DJ):    0.000ns
    Phase Error              (PE):    0.000ns

    Location             Delay type                Incr(ns)  Path(ns)    Netlist Resource(s)
  -------------------------------------------------------------------    -------------------
                         (clock service_clk rise edge)
                                                      0.000     0.000 r  
                         input delay                  0.500     0.500    
                                                      0.000     0.500 r  sample_i[13] (IN)
                         net (fo=5, unset)            0.924     1.424    sample_i[13]
    RAMB18_X0Y2          RAMB18E1                                     r  history[2].samples_reg/DIADI[13]
  -------------------------------------------------------------------    -------------------

                         (clock service_clk rise edge)
                                                      0.000     0.000 r  
                                                      0.000     0.000 r  clk (IN)
                         net (fo=2943, unset)         1.726     1.726    clk
    RAMB18_X0Y2          RAMB18E1                                     r  history[2].samples_reg/CLKBWRCLK
                         clock pessimism              0.000     1.726    
                         clock uncertainty            0.035     1.762    
    RAMB18_X0Y2          RAMB18E1 (Hold_ramb18e1_CLKBWRCLK_DIADI[13])
                                                      0.405     2.167    history[2].samples_reg
  -------------------------------------------------------------------
                         required time                         -2.167    
                         arrival time                           1.424    
  -------------------------------------------------------------------
                         slack                                 -0.742    

Slack (VIOLATED) :        -0.742ns  (arrival time - required time)
  Source:                 sample_i[14]
                            (input port clocked by service_clk  {rise@0.000ns fall@2.500ns period=5.000ns})
  Destination:            history[2].samples_reg/DIADI[14]
                            (rising edge-triggered cell RAMB18E1 clocked by service_clk  {rise@0.000ns fall@2.500ns period=5.000ns})
  Path Group:             service_clk
  Path Type:              Hold (Min at Slow Process Corner)
  Requirement:            0.000ns  (service_clk rise@0.000ns - service_clk rise@0.000ns)
  Data Path Delay:        0.924ns  (logic 0.000ns (0.000%)  route 0.924ns (100.000%))
  Logic Levels:           0  
  Input Delay:            0.500ns
  Clock Path Skew:        1.726ns (DCD - SCD - CPR)
    Destination Clock Delay (DCD):    1.726ns
    Source Clock Delay      (SCD):    0.000ns
    Clock Pessimism Removal (CPR):    -0.000ns
  Clock Uncertainty:      0.035ns  ((TSJ^2 + TIJ^2)^1/2 + DJ) / 2 + PE
    Total System Jitter     (TSJ):    0.071ns
    Total Input Jitter      (TIJ):    0.000ns
    Discrete Jitter          (DJ):    0.000ns
    Phase Error              (PE):    0.000ns

    Location             Delay type                Incr(ns)  Path(ns)    Netlist Resource(s)
  -------------------------------------------------------------------    -------------------
                         (clock service_clk rise edge)
                                                      0.000     0.000 r  
                         input delay                  0.500     0.500    
                                                      0.000     0.500 r  sample_i[14] (IN)
                         net (fo=5, unset)            0.924     1.424    sample_i[14]
    RAMB18_X0Y2          RAMB18E1                                     r  history[2].samples_reg/DIADI[14]
  -------------------------------------------------------------------    -------------------

                         (clock service_clk rise edge)
                                                      0.000     0.000 r  
                                                      0.000     0.000 r  clk (IN)
                         net (fo=2943, unset)         1.726     1.726    clk
    RAMB18_X0Y2          RAMB18E1                                     r  history[2].samples_reg/CLKBWRCLK
                         clock pessimism              0.000     1.726    
                         clock uncertainty            0.035     1.762    
    RAMB18_X0Y2          RAMB18E1 (Hold_ramb18e1_CLKBWRCLK_DIADI[14])
                                                      0.405     2.167    history[2].samples_reg
  -------------------------------------------------------------------
                         required time                         -2.167    
                         arrival time                           1.424    
  -------------------------------------------------------------------
                         slack                                 -0.742    

Slack (VIOLATED) :        -0.742ns  (arrival time - required time)
  Source:                 sample_i[15]
                            (input port clocked by service_clk  {rise@0.000ns fall@2.500ns period=5.000ns})
  Destination:            history[2].samples_reg/DIADI[15]
                            (rising edge-triggered cell RAMB18E1 clocked by service_clk  {rise@0.000ns fall@2.500ns period=5.000ns})
  Path Group:             service_clk
  Path Type:              Hold (Min at Slow Process Corner)
  Requirement:            0.000ns  (service_clk rise@0.000ns - service_clk rise@0.000ns)
  Data Path Delay:        0.924ns  (logic 0.000ns (0.000%)  route 0.924ns (100.000%))
  Logic Levels:           0  
  Input Delay:            0.500ns
  Clock Path Skew:        1.726ns (DCD - SCD - CPR)
    Destination Clock Delay (DCD):    1.726ns
    Source Clock Delay      (SCD):    0.000ns
    Clock Pessimism Removal (CPR):    -0.000ns
  Clock Uncertainty:      0.035ns  ((TSJ^2 + TIJ^2)^1/2 + DJ) / 2 + PE
    Total System Jitter     (TSJ):    0.071ns
    Total Input Jitter      (TIJ):    0.000ns
    Discrete Jitter          (DJ):    0.000ns
    Phase Error              (PE):    0.000ns

    Location             Delay type                Incr(ns)  Path(ns)    Netlist Resource(s)
  -------------------------------------------------------------------    -------------------
                         (clock service_clk rise edge)
                                                      0.000     0.000 r  
                         input delay                  0.500     0.500    
                                                      0.000     0.500 r  sample_i[15] (IN)
                         net (fo=5, unset)            0.924     1.424    sample_i[15]
    RAMB18_X0Y2          RAMB18E1                                     r  history[2].samples_reg/DIADI[15]
  -------------------------------------------------------------------    -------------------

                         (clock service_clk rise edge)
                                                      0.000     0.000 r  
                                                      0.000     0.000 r  clk (IN)
                         net (fo=2943, unset)         1.726     1.726    clk
    RAMB18_X0Y2          RAMB18E1                                     r  history[2].samples_reg/CLKBWRCLK
                         clock pessimism              0.000     1.726    
                         clock uncertainty            0.035     1.762    
    RAMB18_X0Y2          RAMB18E1 (Hold_ramb18e1_CLKBWRCLK_DIADI[15])
                                                      0.405     2.167    history[2].samples_reg
  -------------------------------------------------------------------
                         required time                         -2.167    
                         arrival time                           1.424    
  -------------------------------------------------------------------
                         slack                                 -0.742    

Slack (VIOLATED) :        -0.742ns  (arrival time - required time)
  Source:                 sample_i[1]
                            (input port clocked by service_clk  {rise@0.000ns fall@2.500ns period=5.000ns})
  Destination:            history[2].samples_reg/DIADI[1]
                            (rising edge-triggered cell RAMB18E1 clocked by service_clk  {rise@0.000ns fall@2.500ns period=5.000ns})
  Path Group:             service_clk
  Path Type:              Hold (Min at Slow Process Corner)
  Requirement:            0.000ns  (service_clk rise@0.000ns - service_clk rise@0.000ns)
  Data Path Delay:        0.924ns  (logic 0.000ns (0.000%)  route 0.924ns (100.000%))
  Logic Levels:           0  
  Input Delay:            0.500ns
  Clock Path Skew:        1.726ns (DCD - SCD - CPR)
    Destination Clock Delay (DCD):    1.726ns
    Source Clock Delay      (SCD):    0.000ns
    Clock Pessimism Removal (CPR):    -0.000ns
  Clock Uncertainty:      0.035ns  ((TSJ^2 + TIJ^2)^1/2 + DJ) / 2 + PE
    Total System Jitter     (TSJ):    0.071ns
    Total Input Jitter      (TIJ):    0.000ns
    Discrete Jitter          (DJ):    0.000ns
    Phase Error              (PE):    0.000ns

    Location             Delay type                Incr(ns)  Path(ns)    Netlist Resource(s)
  -------------------------------------------------------------------    -------------------
                         (clock service_clk rise edge)
                                                      0.000     0.000 r  
                         input delay                  0.500     0.500    
                                                      0.000     0.500 r  sample_i[1] (IN)
                         net (fo=5, unset)            0.924     1.424    sample_i[1]
    RAMB18_X0Y2          RAMB18E1                                     r  history[2].samples_reg/DIADI[1]
  -------------------------------------------------------------------    -------------------

                         (clock service_clk rise edge)
                                                      0.000     0.000 r  
                                                      0.000     0.000 r  clk (IN)
                         net (fo=2943, unset)         1.726     1.726    clk
    RAMB18_X0Y2          RAMB18E1                                     r  history[2].samples_reg/CLKBWRCLK
                         clock pessimism              0.000     1.726    
                         clock uncertainty            0.035     1.762    
    RAMB18_X0Y2          RAMB18E1 (Hold_ramb18e1_CLKBWRCLK_DIADI[1])
                                                      0.405     2.167    history[2].samples_reg
  -------------------------------------------------------------------
                         required time                         -2.167    
                         arrival time                           1.424    
  -------------------------------------------------------------------
                         slack                                 -0.742    

Slack (VIOLATED) :        -0.742ns  (arrival time - required time)
  Source:                 sample_i[2]
                            (input port clocked by service_clk  {rise@0.000ns fall@2.500ns period=5.000ns})
  Destination:            history[2].samples_reg/DIADI[2]
                            (rising edge-triggered cell RAMB18E1 clocked by service_clk  {rise@0.000ns fall@2.500ns period=5.000ns})
  Path Group:             service_clk
  Path Type:              Hold (Min at Slow Process Corner)
  Requirement:            0.000ns  (service_clk rise@0.000ns - service_clk rise@0.000ns)
  Data Path Delay:        0.924ns  (logic 0.000ns (0.000%)  route 0.924ns (100.000%))
  Logic Levels:           0  
  Input Delay:            0.500ns
  Clock Path Skew:        1.726ns (DCD - SCD - CPR)
    Destination Clock Delay (DCD):    1.726ns
    Source Clock Delay      (SCD):    0.000ns
    Clock Pessimism Removal (CPR):    -0.000ns
  Clock Uncertainty:      0.035ns  ((TSJ^2 + TIJ^2)^1/2 + DJ) / 2 + PE
    Total System Jitter     (TSJ):    0.071ns
    Total Input Jitter      (TIJ):    0.000ns
    Discrete Jitter          (DJ):    0.000ns
    Phase Error              (PE):    0.000ns

    Location             Delay type                Incr(ns)  Path(ns)    Netlist Resource(s)
  -------------------------------------------------------------------    -------------------
                         (clock service_clk rise edge)
                                                      0.000     0.000 r  
                         input delay                  0.500     0.500    
                                                      0.000     0.500 r  sample_i[2] (IN)
                         net (fo=5, unset)            0.924     1.424    sample_i[2]
    RAMB18_X0Y2          RAMB18E1                                     r  history[2].samples_reg/DIADI[2]
  -------------------------------------------------------------------    -------------------

                         (clock service_clk rise edge)
                                                      0.000     0.000 r  
                                                      0.000     0.000 r  clk (IN)
                         net (fo=2943, unset)         1.726     1.726    clk
    RAMB18_X0Y2          RAMB18E1                                     r  history[2].samples_reg/CLKBWRCLK
                         clock pessimism              0.000     1.726    
                         clock uncertainty            0.035     1.762    
    RAMB18_X0Y2          RAMB18E1 (Hold_ramb18e1_CLKBWRCLK_DIADI[2])
                                                      0.405     2.167    history[2].samples_reg
  -------------------------------------------------------------------
                         required time                         -2.167    
                         arrival time                           1.424    
  -------------------------------------------------------------------
                         slack                                 -0.742    

Slack (VIOLATED) :        -0.742ns  (arrival time - required time)
  Source:                 sample_i[3]
                            (input port clocked by service_clk  {rise@0.000ns fall@2.500ns period=5.000ns})
  Destination:            history[2].samples_reg/DIADI[3]
                            (rising edge-triggered cell RAMB18E1 clocked by service_clk  {rise@0.000ns fall@2.500ns period=5.000ns})
  Path Group:             service_clk
  Path Type:              Hold (Min at Slow Process Corner)
  Requirement:            0.000ns  (service_clk rise@0.000ns - service_clk rise@0.000ns)
  Data Path Delay:        0.924ns  (logic 0.000ns (0.000%)  route 0.924ns (100.000%))
  Logic Levels:           0  
  Input Delay:            0.500ns
  Clock Path Skew:        1.726ns (DCD - SCD - CPR)
    Destination Clock Delay (DCD):    1.726ns
    Source Clock Delay      (SCD):    0.000ns
    Clock Pessimism Removal (CPR):    -0.000ns
  Clock Uncertainty:      0.035ns  ((TSJ^2 + TIJ^2)^1/2 + DJ) / 2 + PE
    Total System Jitter     (TSJ):    0.071ns
    Total Input Jitter      (TIJ):    0.000ns
    Discrete Jitter          (DJ):    0.000ns
    Phase Error              (PE):    0.000ns

    Location             Delay type                Incr(ns)  Path(ns)    Netlist Resource(s)
  -------------------------------------------------------------------    -------------------
                         (clock service_clk rise edge)
                                                      0.000     0.000 r  
                         input delay                  0.500     0.500    
                                                      0.000     0.500 r  sample_i[3] (IN)
                         net (fo=5, unset)            0.924     1.424    sample_i[3]
    RAMB18_X0Y2          RAMB18E1                                     r  history[2].samples_reg/DIADI[3]
  -------------------------------------------------------------------    -------------------

                         (clock service_clk rise edge)
                                                      0.000     0.000 r  
                                                      0.000     0.000 r  clk (IN)
                         net (fo=2943, unset)         1.726     1.726    clk
    RAMB18_X0Y2          RAMB18E1                                     r  history[2].samples_reg/CLKBWRCLK
                         clock pessimism              0.000     1.726    
                         clock uncertainty            0.035     1.762    
    RAMB18_X0Y2          RAMB18E1 (Hold_ramb18e1_CLKBWRCLK_DIADI[3])
                                                      0.405     2.167    history[2].samples_reg
  -------------------------------------------------------------------
                         required time                         -2.167    
                         arrival time                           1.424    
  -------------------------------------------------------------------
                         slack                                 -0.742    





Pulse Width Checks
--------------------------------------------------------------------------------------
Clock Name:         service_clk
Waveform(ns):       { 0.000 2.500 }
Period(ns):         5.000
Sources:            { clk }

Check Type        Corner  Lib Pin             Reference Pin  Required(ns)  Actual(ns)  Slack(ns)  Location      Pin
Min Period        n/a     DSP48E1/CLK         n/a            3.558         5.000       1.442      DSP48_X1Y7    mac/m2_reg[0]/CLK
Min Period        n/a     DSP48E1/CLK         n/a            3.558         5.000       1.442      DSP48_X0Y9    mac/m2_reg[1]/CLK
Min Period        n/a     DSP48E1/CLK         n/a            3.558         5.000       1.442      DSP48_X0Y3    mac/m2_reg[2]/CLK
Min Period        n/a     DSP48E1/CLK         n/a            3.558         5.000       1.442      DSP48_X0Y5    mac/m2_reg[3]/CLK
Min Period        n/a     DSP48E1/CLK         n/a            3.558         5.000       1.442      DSP48_X1Y11   mac/m2_reg[4]/CLK
Min Period        n/a     DSP48E1/CLK         n/a            3.558         5.000       1.442      DSP48_X0Y7    mac/m2_reg[5]/CLK
Min Period        n/a     RAMB18E1/CLKARDCLK  n/a            2.944         5.000       2.056      RAMB18_X1Y2   history[0].samples_reg/CLKARDCLK
Min Period        n/a     RAMB18E1/CLKBWRCLK  n/a            2.944         5.000       2.056      RAMB18_X1Y2   history[0].samples_reg/CLKBWRCLK
Min Period        n/a     RAMB18E1/CLKARDCLK  n/a            2.944         5.000       2.056      RAMB18_X1Y4   history[1].samples_reg/CLKARDCLK
Min Period        n/a     RAMB18E1/CLKBWRCLK  n/a            2.944         5.000       2.056      RAMB18_X1Y4   history[1].samples_reg/CLKBWRCLK
Low Pulse Width   Slow    SRL16E/CLK          n/a            0.980         2.500       1.520      SLICE_X24Y8   mac/mul_first_reg_srl2/CLK
Low Pulse Width   Fast    SRL16E/CLK          n/a            0.980         2.500       1.520      SLICE_X24Y8   mac/mul_first_reg_srl2/CLK
Low Pulse Width   Slow    SRL16E/CLK          n/a            0.980         2.500       1.520      SLICE_X24Y8   mac/mul_last_reg_srl2/CLK
Low Pulse Width   Fast    SRL16E/CLK          n/a            0.980         2.500       1.520      SLICE_X24Y8   mac/mul_last_reg_srl2/CLK
Low Pulse Width   Slow    SRL16E/CLK          n/a            0.980         2.500       1.520      SLICE_X12Y13  mac/tap_tag_reg[0]_srl2/CLK
Low Pulse Width   Fast    SRL16E/CLK          n/a            0.980         2.500       1.520      SLICE_X12Y13  mac/tap_tag_reg[0]_srl2/CLK
Low Pulse Width   Slow    SRL16E/CLK          n/a            0.980         2.500       1.520      SLICE_X16Y14  mac/tap_tag_reg[10]_srl2/CLK
Low Pulse Width   Fast    SRL16E/CLK          n/a            0.980         2.500       1.520      SLICE_X16Y14  mac/tap_tag_reg[10]_srl2/CLK
Low Pulse Width   Slow    SRL16E/CLK          n/a            0.980         2.500       1.520      SLICE_X16Y14  mac/tap_tag_reg[11]_srl2/CLK
Low Pulse Width   Fast    SRL16E/CLK          n/a            0.980         2.500       1.520      SLICE_X16Y14  mac/tap_tag_reg[11]_srl2/CLK
High Pulse Width  Slow    SRL16E/CLK          n/a            0.980         2.500       1.520      SLICE_X24Y8   mac/mul_first_reg_srl2/CLK
High Pulse Width  Fast    SRL16E/CLK          n/a            0.980         2.500       1.520      SLICE_X24Y8   mac/mul_first_reg_srl2/CLK
High Pulse Width  Slow    SRL16E/CLK          n/a            0.980         2.500       1.520      SLICE_X24Y8   mac/mul_last_reg_srl2/CLK
High Pulse Width  Fast    SRL16E/CLK          n/a            0.980         2.500       1.520      SLICE_X24Y8   mac/mul_last_reg_srl2/CLK
High Pulse Width  Slow    SRL16E/CLK          n/a            0.980         2.500       1.520      SLICE_X12Y13  mac/tap_tag_reg[0]_srl2/CLK
High Pulse Width  Fast    SRL16E/CLK          n/a            0.980         2.500       1.520      SLICE_X12Y13  mac/tap_tag_reg[0]_srl2/CLK
High Pulse Width  Slow    SRL16E/CLK          n/a            0.980         2.500       1.520      SLICE_X16Y14  mac/tap_tag_reg[10]_srl2/CLK
High Pulse Width  Fast    SRL16E/CLK          n/a            0.980         2.500       1.520      SLICE_X16Y14  mac/tap_tag_reg[10]_srl2/CLK
High Pulse Width  Slow    SRL16E/CLK          n/a            0.980         2.500       1.520      SLICE_X16Y14  mac/tap_tag_reg[11]_srl2/CLK
High Pulse Width  Fast    SRL16E/CLK          n/a            0.980         2.500       1.520      SLICE_X16Y14  mac/tap_tag_reg[11]_srl2/CLK



