Copyright 1986-2022 Xilinx, Inc. All Rights Reserved.
-------------------------------------------------------------------------------------------------------------------------------------------------------------------------------------------------------
| Tool Version : Vivado v.2022.2 (lin64) Build 3671981 Fri Oct 14 04:59:54 MDT 2022
| Date         : Thu Sep 10 00:47:08 2026
| Host         : gauss running 64-bit Ubuntu 26.04 LTS
| Command      : report_utilization -hierarchical -file /tmp/starlink-coarse-alternatives.Y3JzOI/direct-coarse/hdl/library/starlink_pss_direct_coarse/build/feeder-corrected-ooc/utilization_synth.rpt
| Design       : starlink_pss_direct_feeder
| Device       : xc7z010clg400-1
| Speed File   : -1
| Design State : Optimized
-------------------------------------------------------------------------------------------------------------------------------------------------------------------------------------------------------

Utilization Design Information

Table of Contents
-----------------
1. Utilization by Hierarchy

1. Utilization by Hierarchy
---------------------------

+--------------------------------+--------------------------+------------+------------+---------+------+------+--------+--------+------------+
|            Instance            |          Module          | Total LUTs | Logic LUTs | LUTRAMs | SRLs |  FFs | RAMB36 | RAMB18 | DSP Blocks |
+--------------------------------+--------------------------+------------+------------+---------+------+------+--------+--------+------------+
| starlink_pss_direct_feeder     |                    (top) |       2407 |       2309 |       0 |   98 | 2814 |      1 |      6 |         18 |
|   (starlink_pss_direct_feeder) |                    (top) |        409 |        409 |       0 |    0 |  472 |      1 |      6 |          0 |
|   mac                          | starlink_pss_direct_mac6 |       1998 |       1900 |       0 |   98 | 2342 |      0 |      0 |         18 |
+--------------------------------+--------------------------+------------+------------+---------+------+------+--------+--------+------------+


