Copyright 1986-2022 Xilinx, Inc. All Rights Reserved.
-----------------------------------------------------------------------------------------------------------------------------------------------------------------------------------------------------------
| Tool Version : Vivado v.2022.2 (lin64) Build 3671981 Fri Oct 14 04:59:54 MDT 2022
| Date         : Thu Sep 10 00:47:36 2026
| Host         : gauss running 64-bit Ubuntu 26.04 LTS
| Command      : report_utilization -hierarchical -file /tmp/starlink-coarse-alternatives.Y3JzOI/direct-coarse/hdl/library/starlink_pss_direct_coarse/build/feeder-corrected-ooc/utilization_hierarchy.rpt
| Design       : starlink_pss_direct_feeder
| Device       : xc7z010clg400-1
| Speed File   : -1
| Design State : Routed
-----------------------------------------------------------------------------------------------------------------------------------------------------------------------------------------------------------

Utilization Design Information

Table of Contents
-----------------
1. Utilization by Hierarchy

1. Utilization by Hierarchy
---------------------------

+--------------------------------+--------------------------+------------+------------+---------+------+------+--------+--------+------------+
|            Instance            |          Module          | Total LUTs | Logic LUTs | LUTRAMs | SRLs |  FFs | RAMB36 | RAMB18 | DSP Blocks |
+--------------------------------+--------------------------+------------+------------+---------+------+------+--------+--------+------------+
| starlink_pss_direct_feeder     |                    (top) |       2354 |       2305 |       0 |   49 | 2814 |      1 |      6 |         18 |
|   (starlink_pss_direct_feeder) |                    (top) |        405 |        405 |       0 |    0 |  472 |      1 |      6 |          0 |
|   mac                          | starlink_pss_direct_mac6 |       1949 |       1900 |       0 |   49 | 2342 |      0 |      0 |         18 |
+--------------------------------+--------------------------+------------+------------+---------+------+------+--------+--------+------------+
* Note: The sum of lower-level cells may be larger than their parent cells total, due to cross-hierarchy LUT combining


