Copyright 1986-2022 Xilinx, Inc. All Rights Reserved.
-------------------------------------------------------------------------------------------------------------------------------------------------------------------------------------------------------------
| Tool Version : Vivado v.2022.2 (lin64) Build 3671981 Fri Oct 14 04:59:54 MDT 2022
| Date         : Thu Sep 10 03:43:13 2026
| Host         : gauss running 64-bit Ubuntu 26.04 LTS
| Command      : report_timing -from [get_clocks source_100] -to [get_clocks source_100] -delay_type max -max_paths 20 -file /tmp/starlink-completed-input.5EaJuD/held-preflight-route-v1/source_100_max.rpt
| Design       : starlink_pss_fft_bank_owned_slice
| Device       : 7z010-clg400
| Speed File   : -1  PRODUCTION 1.12 2019-11-22
-------------------------------------------------------------------------------------------------------------------------------------------------------------------------------------------------------------

Timing Report

Slack (MET) :             3.052ns  (required time - arrival time)
  Source:                 source_bank/input_fault_reg/C
                            (rising edge-triggered cell FDRE clocked by source_100  {rise@0.000ns fall@5.000ns period=10.000ns})
  Destination:            output_bank/read_address_reg[2]/CE
                            (rising edge-triggered cell FDRE clocked by source_100  {rise@0.000ns fall@5.000ns period=10.000ns})
  Path Group:             source_100
  Path Type:              Setup (Max at Slow Process Corner)
  Requirement:            10.000ns  (source_100 rise@10.000ns - source_100 rise@0.000ns)
  Data Path Delay:        6.659ns  (logic 0.952ns (14.296%)  route 5.707ns (85.704%))
  Logic Levels:           4  (LUT2=1 LUT4=1 LUT6=2)
  Clock Path Skew:        -0.049ns (DCD - SCD + CPR)
    Destination Clock Delay (DCD):    0.924ns = ( 10.924 - 10.000 ) 
    Source Clock Delay      (SCD):    0.973ns
    Clock Pessimism Removal (CPR):    0.000ns
  Clock Uncertainty:      0.035ns  ((TSJ^2 + TIJ^2)^1/2 + DJ) / 2 + PE
    Total System Jitter     (TSJ):    0.071ns
    Total Input Jitter      (TIJ):    0.000ns
    Discrete Jitter          (DJ):    0.000ns
    Phase Error              (PE):    0.000ns

    Location             Delay type                Incr(ns)  Path(ns)    Netlist Resource(s)
  -------------------------------------------------------------------    -------------------
                         (clock source_100 rise edge)
                                                      0.000     0.000 r  
                                                      0.000     0.000 r  clk (IN)
                         net (fo=183, unset)          0.973     0.973    source_bank/clk
    SLICE_X7Y10          FDRE                                         r  source_bank/input_fault_reg/C
  -------------------------------------------------------------------    -------------------
    SLICE_X7Y10          FDRE (Prop_fdre_C_Q)         0.456     1.429 f  source_bank/input_fault_reg/Q
                         net (fo=4, routed)           1.290     2.719    source_bank/source_fault
    SLICE_X3Y18          LUT2 (Prop_lut2_I1_O)        0.124     2.843 f  source_bank/fault_INST_0/O
                         net (fo=10, routed)          2.008     4.851    output_bank/payload_memory_reg_1
    SLICE_X2Y4           LUT6 (Prop_lut6_I5_O)        0.124     4.975 r  output_bank/payload_memory_reg_i_1/O
                         net (fo=13, routed)          0.596     5.572    output_bank/payload_memory_reg_i_1_n_0
    SLICE_X4Y3           LUT6 (Prop_lut6_I2_O)        0.124     5.696 r  output_bank/read_address[0]_i_3/O
                         net (fo=10, routed)          0.635     6.331    output_bank/read_address[0]_i_3_n_0
    SLICE_X4Y4           LUT4 (Prop_lut4_I3_O)        0.124     6.455 r  output_bank/read_address[0]_i_1/O
                         net (fo=9, routed)           1.177     7.632    output_bank/read_address[0]_i_1_n_0
    SLICE_X2Y5           FDRE                                         r  output_bank/read_address_reg[2]/CE
  -------------------------------------------------------------------    -------------------

                         (clock source_100 rise edge)
                                                     10.000    10.000 r  
                                                      0.000    10.000 r  clk (IN)
                         net (fo=183, unset)          0.924    10.924    output_bank/clk
    SLICE_X2Y5           FDRE                                         r  output_bank/read_address_reg[2]/C
                         clock pessimism              0.000    10.924    
                         clock uncertainty           -0.035    10.889    
    SLICE_X2Y5           FDRE (Setup_fdre_C_CE)      -0.205    10.684    output_bank/read_address_reg[2]
  -------------------------------------------------------------------
                         required time                         10.684    
                         arrival time                          -7.632    
  -------------------------------------------------------------------
                         slack                                  3.052    

Slack (MET) :             3.052ns  (required time - arrival time)
  Source:                 source_bank/input_fault_reg/C
                            (rising edge-triggered cell FDRE clocked by source_100  {rise@0.000ns fall@5.000ns period=10.000ns})
  Destination:            output_bank/read_address_reg[3]/CE
                            (rising edge-triggered cell FDRE clocked by source_100  {rise@0.000ns fall@5.000ns period=10.000ns})
  Path Group:             source_100
  Path Type:              Setup (Max at Slow Process Corner)
  Requirement:            10.000ns  (source_100 rise@10.000ns - source_100 rise@0.000ns)
  Data Path Delay:        6.659ns  (logic 0.952ns (14.296%)  route 5.707ns (85.704%))
  Logic Levels:           4  (LUT2=1 LUT4=1 LUT6=2)
  Clock Path Skew:        -0.049ns (DCD - SCD + CPR)
    Destination Clock Delay (DCD):    0.924ns = ( 10.924 - 10.000 ) 
    Source Clock Delay      (SCD):    0.973ns
    Clock Pessimism Removal (CPR):    0.000ns
  Clock Uncertainty:      0.035ns  ((TSJ^2 + TIJ^2)^1/2 + DJ) / 2 + PE
    Total System Jitter     (TSJ):    0.071ns
    Total Input Jitter      (TIJ):    0.000ns
    Discrete Jitter          (DJ):    0.000ns
    Phase Error              (PE):    0.000ns

    Location             Delay type                Incr(ns)  Path(ns)    Netlist Resource(s)
  -------------------------------------------------------------------    -------------------
                         (clock source_100 rise edge)
                                                      0.000     0.000 r  
                                                      0.000     0.000 r  clk (IN)
                         net (fo=183, unset)          0.973     0.973    source_bank/clk
    SLICE_X7Y10          FDRE                                         r  source_bank/input_fault_reg/C
  -------------------------------------------------------------------    -------------------
    SLICE_X7Y10          FDRE (Prop_fdre_C_Q)         0.456     1.429 f  source_bank/input_fault_reg/Q
                         net (fo=4, routed)           1.290     2.719    source_bank/source_fault
    SLICE_X3Y18          LUT2 (Prop_lut2_I1_O)        0.124     2.843 f  source_bank/fault_INST_0/O
                         net (fo=10, routed)          2.008     4.851    output_bank/payload_memory_reg_1
    SLICE_X2Y4           LUT6 (Prop_lut6_I5_O)        0.124     4.975 r  output_bank/payload_memory_reg_i_1/O
                         net (fo=13, routed)          0.596     5.572    output_bank/payload_memory_reg_i_1_n_0
    SLICE_X4Y3           LUT6 (Prop_lut6_I2_O)        0.124     5.696 r  output_bank/read_address[0]_i_3/O
                         net (fo=10, routed)          0.635     6.331    output_bank/read_address[0]_i_3_n_0
    SLICE_X4Y4           LUT4 (Prop_lut4_I3_O)        0.124     6.455 r  output_bank/read_address[0]_i_1/O
                         net (fo=9, routed)           1.177     7.632    output_bank/read_address[0]_i_1_n_0
    SLICE_X2Y5           FDRE                                         r  output_bank/read_address_reg[3]/CE
  -------------------------------------------------------------------    -------------------

                         (clock source_100 rise edge)
                                                     10.000    10.000 r  
                                                      0.000    10.000 r  clk (IN)
                         net (fo=183, unset)          0.924    10.924    output_bank/clk
    SLICE_X2Y5           FDRE                                         r  output_bank/read_address_reg[3]/C
                         clock pessimism              0.000    10.924    
                         clock uncertainty           -0.035    10.889    
    SLICE_X2Y5           FDRE (Setup_fdre_C_CE)      -0.205    10.684    output_bank/read_address_reg[3]
  -------------------------------------------------------------------
                         required time                         10.684    
                         arrival time                          -7.632    
  -------------------------------------------------------------------
                         slack                                  3.052    

Slack (MET) :             3.052ns  (required time - arrival time)
  Source:                 source_bank/input_fault_reg/C
                            (rising edge-triggered cell FDRE clocked by source_100  {rise@0.000ns fall@5.000ns period=10.000ns})
  Destination:            output_bank/read_address_reg[4]/CE
                            (rising edge-triggered cell FDRE clocked by source_100  {rise@0.000ns fall@5.000ns period=10.000ns})
  Path Group:             source_100
  Path Type:              Setup (Max at Slow Process Corner)
  Requirement:            10.000ns  (source_100 rise@10.000ns - source_100 rise@0.000ns)
  Data Path Delay:        6.659ns  (logic 0.952ns (14.296%)  route 5.707ns (85.704%))
  Logic Levels:           4  (LUT2=1 LUT4=1 LUT6=2)
  Clock Path Skew:        -0.049ns (DCD - SCD + CPR)
    Destination Clock Delay (DCD):    0.924ns = ( 10.924 - 10.000 ) 
    Source Clock Delay      (SCD):    0.973ns
    Clock Pessimism Removal (CPR):    0.000ns
  Clock Uncertainty:      0.035ns  ((TSJ^2 + TIJ^2)^1/2 + DJ) / 2 + PE
    Total System Jitter     (TSJ):    0.071ns
    Total Input Jitter      (TIJ):    0.000ns
    Discrete Jitter          (DJ):    0.000ns
    Phase Error              (PE):    0.000ns

    Location             Delay type                Incr(ns)  Path(ns)    Netlist Resource(s)
  -------------------------------------------------------------------    -------------------
                         (clock source_100 rise edge)
                                                      0.000     0.000 r  
                                                      0.000     0.000 r  clk (IN)
                         net (fo=183, unset)          0.973     0.973    source_bank/clk
    SLICE_X7Y10          FDRE                                         r  source_bank/input_fault_reg/C
  -------------------------------------------------------------------    -------------------
    SLICE_X7Y10          FDRE (Prop_fdre_C_Q)         0.456     1.429 f  source_bank/input_fault_reg/Q
                         net (fo=4, routed)           1.290     2.719    source_bank/source_fault
    SLICE_X3Y18          LUT2 (Prop_lut2_I1_O)        0.124     2.843 f  source_bank/fault_INST_0/O
                         net (fo=10, routed)          2.008     4.851    output_bank/payload_memory_reg_1
    SLICE_X2Y4           LUT6 (Prop_lut6_I5_O)        0.124     4.975 r  output_bank/payload_memory_reg_i_1/O
                         net (fo=13, routed)          0.596     5.572    output_bank/payload_memory_reg_i_1_n_0
    SLICE_X4Y3           LUT6 (Prop_lut6_I2_O)        0.124     5.696 r  output_bank/read_address[0]_i_3/O
                         net (fo=10, routed)          0.635     6.331    output_bank/read_address[0]_i_3_n_0
    SLICE_X4Y4           LUT4 (Prop_lut4_I3_O)        0.124     6.455 r  output_bank/read_address[0]_i_1/O
                         net (fo=9, routed)           1.177     7.632    output_bank/read_address[0]_i_1_n_0
    SLICE_X2Y5           FDRE                                         r  output_bank/read_address_reg[4]/CE
  -------------------------------------------------------------------    -------------------

                         (clock source_100 rise edge)
                                                     10.000    10.000 r  
                                                      0.000    10.000 r  clk (IN)
                         net (fo=183, unset)          0.924    10.924    output_bank/clk
    SLICE_X2Y5           FDRE                                         r  output_bank/read_address_reg[4]/C
                         clock pessimism              0.000    10.924    
                         clock uncertainty           -0.035    10.889    
    SLICE_X2Y5           FDRE (Setup_fdre_C_CE)      -0.205    10.684    output_bank/read_address_reg[4]
  -------------------------------------------------------------------
                         required time                         10.684    
                         arrival time                          -7.632    
  -------------------------------------------------------------------
                         slack                                  3.052    

Slack (MET) :             3.172ns  (required time - arrival time)
  Source:                 source_bank/metadata_in_hold_reg[6]/C
                            (rising edge-triggered cell FDRE clocked by source_100  {rise@0.000ns fall@5.000ns period=10.000ns})
  Destination:            source_bank/input_fault_reg/D
                            (rising edge-triggered cell FDRE clocked by source_100  {rise@0.000ns fall@5.000ns period=10.000ns})
  Path Group:             source_100
  Path Type:              Setup (Max at Slow Process Corner)
  Requirement:            10.000ns  (source_100 rise@10.000ns - source_100 rise@0.000ns)
  Data Path Delay:        6.775ns  (logic 2.460ns (36.308%)  route 4.315ns (63.692%))
  Logic Levels:           9  (CARRY4=6 LUT5=2 LUT6=1)
  Clock Path Skew:        -0.049ns (DCD - SCD + CPR)
    Destination Clock Delay (DCD):    0.924ns = ( 10.924 - 10.000 ) 
    Source Clock Delay      (SCD):    0.973ns
    Clock Pessimism Removal (CPR):    0.000ns
  Clock Uncertainty:      0.035ns  ((TSJ^2 + TIJ^2)^1/2 + DJ) / 2 + PE
    Total System Jitter     (TSJ):    0.071ns
    Total Input Jitter      (TIJ):    0.000ns
    Discrete Jitter          (DJ):    0.000ns
    Phase Error              (PE):    0.000ns

    Location             Delay type                Incr(ns)  Path(ns)    Netlist Resource(s)
  -------------------------------------------------------------------    -------------------
                         (clock source_100 rise edge)
                                                      0.000     0.000 r  
                                                      0.000     0.000 r  clk (IN)
                         net (fo=183, unset)          0.973     0.973    source_bank/clk
    SLICE_X22Y12         FDRE                                         r  source_bank/metadata_in_hold_reg[6]/C
  -------------------------------------------------------------------    -------------------
    SLICE_X22Y12         FDRE (Prop_fdre_C_Q)         0.456     1.429 r  source_bank/metadata_in_hold_reg[6]/Q
                         net (fo=2, routed)           1.000     2.429    source_bank/metadata_in_hold[6]
    SLICE_X22Y10         LUT6 (Prop_lut6_I1_O)        0.124     2.553 r  source_bank/metadata_matches__0_carry_i_5/O
                         net (fo=1, routed)           0.559     3.112    source_bank/metadata_matches__0_carry_i_5_n_0
    SLICE_X22Y13         CARRY4 (Prop_carry4_S[0]_CO[3])
                                                      0.656     3.768 r  source_bank/metadata_matches__0_carry/CO[3]
                         net (fo=1, routed)           0.000     3.768    source_bank/metadata_matches__0_carry_n_0
    SLICE_X22Y14         CARRY4 (Prop_carry4_CI_CO[3])
                                                      0.114     3.882 r  source_bank/metadata_matches__0_carry__0/CO[3]
                         net (fo=1, routed)           0.000     3.882    source_bank/metadata_matches__0_carry__0_n_0
    SLICE_X22Y15         CARRY4 (Prop_carry4_CI_CO[3])
                                                      0.114     3.996 r  source_bank/metadata_matches__0_carry__1/CO[3]
                         net (fo=1, routed)           0.000     3.996    source_bank/metadata_matches__0_carry__1_n_0
    SLICE_X22Y16         CARRY4 (Prop_carry4_CI_CO[3])
                                                      0.114     4.110 r  source_bank/metadata_matches__0_carry__2/CO[3]
                         net (fo=1, routed)           0.000     4.110    source_bank/metadata_matches__0_carry__2_n_0
    SLICE_X22Y17         CARRY4 (Prop_carry4_CI_CO[3])
                                                      0.114     4.224 r  source_bank/metadata_matches__0_carry__3/CO[3]
                         net (fo=1, routed)           0.000     4.224    source_bank/metadata_matches__0_carry__3_n_0
    SLICE_X22Y18         CARRY4 (Prop_carry4_CI_CO[0])
                                                      0.271     4.495 f  source_bank/metadata_matches__0_carry__4/CO[0]
                         net (fo=1, routed)           1.527     6.022    source_bank/metadata_matches
    SLICE_X5Y19          LUT5 (Prop_lut5_I2_O)        0.373     6.395 f  source_bank/write_position[8]_i_3/O
                         net (fo=3, routed)           1.229     7.624    source_bank/input_framing_valid__2
    SLICE_X7Y10          LUT5 (Prop_lut5_I3_O)        0.124     7.748 r  source_bank/input_fault_i_1/O
                         net (fo=1, routed)           0.000     7.748    source_bank/input_fault_i_1_n_0
    SLICE_X7Y10          FDRE                                         r  source_bank/input_fault_reg/D
  -------------------------------------------------------------------    -------------------

                         (clock source_100 rise edge)
                                                     10.000    10.000 r  
                                                      0.000    10.000 r  clk (IN)
                         net (fo=183, unset)          0.924    10.924    source_bank/clk
    SLICE_X7Y10          FDRE                                         r  source_bank/input_fault_reg/C
                         clock pessimism              0.000    10.924    
                         clock uncertainty           -0.035    10.889    
    SLICE_X7Y10          FDRE (Setup_fdre_C_D)        0.031    10.920    source_bank/input_fault_reg
  -------------------------------------------------------------------
                         required time                         10.920    
                         arrival time                          -7.748    
  -------------------------------------------------------------------
                         slack                                  3.172    

Slack (MET) :             3.330ns  (required time - arrival time)
  Source:                 source_bank/metadata_in_hold_reg[6]/C
                            (rising edge-triggered cell FDRE clocked by source_100  {rise@0.000ns fall@5.000ns period=10.000ns})
  Destination:            source_bank/write_position_reg[2]/CE
                            (rising edge-triggered cell FDRE clocked by source_100  {rise@0.000ns fall@5.000ns period=10.000ns})
  Path Group:             source_100
  Path Type:              Setup (Max at Slow Process Corner)
  Requirement:            10.000ns  (source_100 rise@10.000ns - source_100 rise@0.000ns)
  Data Path Delay:        6.381ns  (logic 2.460ns (38.551%)  route 3.921ns (61.449%))
  Logic Levels:           9  (CARRY4=6 LUT4=1 LUT5=1 LUT6=1)
  Clock Path Skew:        -0.049ns (DCD - SCD + CPR)
    Destination Clock Delay (DCD):    0.924ns = ( 10.924 - 10.000 ) 
    Source Clock Delay      (SCD):    0.973ns
    Clock Pessimism Removal (CPR):    0.000ns
  Clock Uncertainty:      0.035ns  ((TSJ^2 + TIJ^2)^1/2 + DJ) / 2 + PE
    Total System Jitter     (TSJ):    0.071ns
    Total Input Jitter      (TIJ):    0.000ns
    Discrete Jitter          (DJ):    0.000ns
    Phase Error              (PE):    0.000ns

    Location             Delay type                Incr(ns)  Path(ns)    Netlist Resource(s)
  -------------------------------------------------------------------    -------------------
                         (clock source_100 rise edge)
                                                      0.000     0.000 r  
                                                      0.000     0.000 r  clk (IN)
                         net (fo=183, unset)          0.973     0.973    source_bank/clk
    SLICE_X22Y12         FDRE                                         r  source_bank/metadata_in_hold_reg[6]/C
  -------------------------------------------------------------------    -------------------
    SLICE_X22Y12         FDRE (Prop_fdre_C_Q)         0.456     1.429 r  source_bank/metadata_in_hold_reg[6]/Q
                         net (fo=2, routed)           1.000     2.429    source_bank/metadata_in_hold[6]
    SLICE_X22Y10         LUT6 (Prop_lut6_I1_O)        0.124     2.553 r  source_bank/metadata_matches__0_carry_i_5/O
                         net (fo=1, routed)           0.559     3.112    source_bank/metadata_matches__0_carry_i_5_n_0
    SLICE_X22Y13         CARRY4 (Prop_carry4_S[0]_CO[3])
                                                      0.656     3.768 r  source_bank/metadata_matches__0_carry/CO[3]
                         net (fo=1, routed)           0.000     3.768    source_bank/metadata_matches__0_carry_n_0
    SLICE_X22Y14         CARRY4 (Prop_carry4_CI_CO[3])
                                                      0.114     3.882 r  source_bank/metadata_matches__0_carry__0/CO[3]
                         net (fo=1, routed)           0.000     3.882    source_bank/metadata_matches__0_carry__0_n_0
    SLICE_X22Y15         CARRY4 (Prop_carry4_CI_CO[3])
                                                      0.114     3.996 r  source_bank/metadata_matches__0_carry__1/CO[3]
                         net (fo=1, routed)           0.000     3.996    source_bank/metadata_matches__0_carry__1_n_0
    SLICE_X22Y16         CARRY4 (Prop_carry4_CI_CO[3])
                                                      0.114     4.110 r  source_bank/metadata_matches__0_carry__2/CO[3]
                         net (fo=1, routed)           0.000     4.110    source_bank/metadata_matches__0_carry__2_n_0
    SLICE_X22Y17         CARRY4 (Prop_carry4_CI_CO[3])
                                                      0.114     4.224 r  source_bank/metadata_matches__0_carry__3/CO[3]
                         net (fo=1, routed)           0.000     4.224    source_bank/metadata_matches__0_carry__3_n_0
    SLICE_X22Y18         CARRY4 (Prop_carry4_CI_CO[0])
                                                      0.271     4.495 r  source_bank/metadata_matches__0_carry__4/CO[0]
                         net (fo=1, routed)           1.527     6.022    source_bank/metadata_matches
    SLICE_X5Y19          LUT5 (Prop_lut5_I2_O)        0.373     6.395 r  source_bank/write_position[8]_i_3/O
                         net (fo=3, routed)           0.311     6.706    source_bank/input_framing_valid__2
    SLICE_X3Y19          LUT4 (Prop_lut4_I3_O)        0.124     6.830 r  source_bank/write_position[8]_i_1__1/O
                         net (fo=9, routed)           0.524     7.354    source_bank/write_position[8]_i_1__1_n_0
    SLICE_X5Y19          FDRE                                         r  source_bank/write_position_reg[2]/CE
  -------------------------------------------------------------------    -------------------

                         (clock source_100 rise edge)
                                                     10.000    10.000 r  
                                                      0.000    10.000 r  clk (IN)
                         net (fo=183, unset)          0.924    10.924    source_bank/clk
    SLICE_X5Y19          FDRE                                         r  source_bank/write_position_reg[2]/C
                         clock pessimism              0.000    10.924    
                         clock uncertainty           -0.035    10.889    
    SLICE_X5Y19          FDRE (Setup_fdre_C_CE)      -0.205    10.684    source_bank/write_position_reg[2]
  -------------------------------------------------------------------
                         required time                         10.684    
                         arrival time                          -7.354    
  -------------------------------------------------------------------
                         slack                                  3.330    

Slack (MET) :             3.330ns  (required time - arrival time)
  Source:                 source_bank/metadata_in_hold_reg[6]/C
                            (rising edge-triggered cell FDRE clocked by source_100  {rise@0.000ns fall@5.000ns period=10.000ns})
  Destination:            source_bank/write_position_reg[3]/CE
                            (rising edge-triggered cell FDRE clocked by source_100  {rise@0.000ns fall@5.000ns period=10.000ns})
  Path Group:             source_100
  Path Type:              Setup (Max at Slow Process Corner)
  Requirement:            10.000ns  (source_100 rise@10.000ns - source_100 rise@0.000ns)
  Data Path Delay:        6.381ns  (logic 2.460ns (38.551%)  route 3.921ns (61.449%))
  Logic Levels:           9  (CARRY4=6 LUT4=1 LUT5=1 LUT6=1)
  Clock Path Skew:        -0.049ns (DCD - SCD + CPR)
    Destination Clock Delay (DCD):    0.924ns = ( 10.924 - 10.000 ) 
    Source Clock Delay      (SCD):    0.973ns
    Clock Pessimism Removal (CPR):    0.000ns
  Clock Uncertainty:      0.035ns  ((TSJ^2 + TIJ^2)^1/2 + DJ) / 2 + PE
    Total System Jitter     (TSJ):    0.071ns
    Total Input Jitter      (TIJ):    0.000ns
    Discrete Jitter          (DJ):    0.000ns
    Phase Error              (PE):    0.000ns

    Location             Delay type                Incr(ns)  Path(ns)    Netlist Resource(s)
  -------------------------------------------------------------------    -------------------
                         (clock source_100 rise edge)
                                                      0.000     0.000 r  
                                                      0.000     0.000 r  clk (IN)
                         net (fo=183, unset)          0.973     0.973    source_bank/clk
    SLICE_X22Y12         FDRE                                         r  source_bank/metadata_in_hold_reg[6]/C
  -------------------------------------------------------------------    -------------------
    SLICE_X22Y12         FDRE (Prop_fdre_C_Q)         0.456     1.429 r  source_bank/metadata_in_hold_reg[6]/Q
                         net (fo=2, routed)           1.000     2.429    source_bank/metadata_in_hold[6]
    SLICE_X22Y10         LUT6 (Prop_lut6_I1_O)        0.124     2.553 r  source_bank/metadata_matches__0_carry_i_5/O
                         net (fo=1, routed)           0.559     3.112    source_bank/metadata_matches__0_carry_i_5_n_0
    SLICE_X22Y13         CARRY4 (Prop_carry4_S[0]_CO[3])
                                                      0.656     3.768 r  source_bank/metadata_matches__0_carry/CO[3]
                         net (fo=1, routed)           0.000     3.768    source_bank/metadata_matches__0_carry_n_0
    SLICE_X22Y14         CARRY4 (Prop_carry4_CI_CO[3])
                                                      0.114     3.882 r  source_bank/metadata_matches__0_carry__0/CO[3]
                         net (fo=1, routed)           0.000     3.882    source_bank/metadata_matches__0_carry__0_n_0
    SLICE_X22Y15         CARRY4 (Prop_carry4_CI_CO[3])
                                                      0.114     3.996 r  source_bank/metadata_matches__0_carry__1/CO[3]
                         net (fo=1, routed)           0.000     3.996    source_bank/metadata_matches__0_carry__1_n_0
    SLICE_X22Y16         CARRY4 (Prop_carry4_CI_CO[3])
                                                      0.114     4.110 r  source_bank/metadata_matches__0_carry__2/CO[3]
                         net (fo=1, routed)           0.000     4.110    source_bank/metadata_matches__0_carry__2_n_0
    SLICE_X22Y17         CARRY4 (Prop_carry4_CI_CO[3])
                                                      0.114     4.224 r  source_bank/metadata_matches__0_carry__3/CO[3]
                         net (fo=1, routed)           0.000     4.224    source_bank/metadata_matches__0_carry__3_n_0
    SLICE_X22Y18         CARRY4 (Prop_carry4_CI_CO[0])
                                                      0.271     4.495 r  source_bank/metadata_matches__0_carry__4/CO[0]
                         net (fo=1, routed)           1.527     6.022    source_bank/metadata_matches
    SLICE_X5Y19          LUT5 (Prop_lut5_I2_O)        0.373     6.395 r  source_bank/write_position[8]_i_3/O
                         net (fo=3, routed)           0.311     6.706    source_bank/input_framing_valid__2
    SLICE_X3Y19          LUT4 (Prop_lut4_I3_O)        0.124     6.830 r  source_bank/write_position[8]_i_1__1/O
                         net (fo=9, routed)           0.524     7.354    source_bank/write_position[8]_i_1__1_n_0
    SLICE_X5Y19          FDRE                                         r  source_bank/write_position_reg[3]/CE
  -------------------------------------------------------------------    -------------------

                         (clock source_100 rise edge)
                                                     10.000    10.000 r  
                                                      0.000    10.000 r  clk (IN)
                         net (fo=183, unset)          0.924    10.924    source_bank/clk
    SLICE_X5Y19          FDRE                                         r  source_bank/write_position_reg[3]/C
                         clock pessimism              0.000    10.924    
                         clock uncertainty           -0.035    10.889    
    SLICE_X5Y19          FDRE (Setup_fdre_C_CE)      -0.205    10.684    source_bank/write_position_reg[3]
  -------------------------------------------------------------------
                         required time                         10.684    
                         arrival time                          -7.354    
  -------------------------------------------------------------------
                         slack                                  3.330    

Slack (MET) :             3.330ns  (required time - arrival time)
  Source:                 source_bank/metadata_in_hold_reg[6]/C
                            (rising edge-triggered cell FDRE clocked by source_100  {rise@0.000ns fall@5.000ns period=10.000ns})
  Destination:            source_bank/write_position_reg[4]/CE
                            (rising edge-triggered cell FDRE clocked by source_100  {rise@0.000ns fall@5.000ns period=10.000ns})
  Path Group:             source_100
  Path Type:              Setup (Max at Slow Process Corner)
  Requirement:            10.000ns  (source_100 rise@10.000ns - source_100 rise@0.000ns)
  Data Path Delay:        6.381ns  (logic 2.460ns (38.551%)  route 3.921ns (61.449%))
  Logic Levels:           9  (CARRY4=6 LUT4=1 LUT5=1 LUT6=1)
  Clock Path Skew:        -0.049ns (DCD - SCD + CPR)
    Destination Clock Delay (DCD):    0.924ns = ( 10.924 - 10.000 ) 
    Source Clock Delay      (SCD):    0.973ns
    Clock Pessimism Removal (CPR):    0.000ns
  Clock Uncertainty:      0.035ns  ((TSJ^2 + TIJ^2)^1/2 + DJ) / 2 + PE
    Total System Jitter     (TSJ):    0.071ns
    Total Input Jitter      (TIJ):    0.000ns
    Discrete Jitter          (DJ):    0.000ns
    Phase Error              (PE):    0.000ns

    Location             Delay type                Incr(ns)  Path(ns)    Netlist Resource(s)
  -------------------------------------------------------------------    -------------------
                         (clock source_100 rise edge)
                                                      0.000     0.000 r  
                                                      0.000     0.000 r  clk (IN)
                         net (fo=183, unset)          0.973     0.973    source_bank/clk
    SLICE_X22Y12         FDRE                                         r  source_bank/metadata_in_hold_reg[6]/C
  -------------------------------------------------------------------    -------------------
    SLICE_X22Y12         FDRE (Prop_fdre_C_Q)         0.456     1.429 r  source_bank/metadata_in_hold_reg[6]/Q
                         net (fo=2, routed)           1.000     2.429    source_bank/metadata_in_hold[6]
    SLICE_X22Y10         LUT6 (Prop_lut6_I1_O)        0.124     2.553 r  source_bank/metadata_matches__0_carry_i_5/O
                         net (fo=1, routed)           0.559     3.112    source_bank/metadata_matches__0_carry_i_5_n_0
    SLICE_X22Y13         CARRY4 (Prop_carry4_S[0]_CO[3])
                                                      0.656     3.768 r  source_bank/metadata_matches__0_carry/CO[3]
                         net (fo=1, routed)           0.000     3.768    source_bank/metadata_matches__0_carry_n_0
    SLICE_X22Y14         CARRY4 (Prop_carry4_CI_CO[3])
                                                      0.114     3.882 r  source_bank/metadata_matches__0_carry__0/CO[3]
                         net (fo=1, routed)           0.000     3.882    source_bank/metadata_matches__0_carry__0_n_0
    SLICE_X22Y15         CARRY4 (Prop_carry4_CI_CO[3])
                                                      0.114     3.996 r  source_bank/metadata_matches__0_carry__1/CO[3]
                         net (fo=1, routed)           0.000     3.996    source_bank/metadata_matches__0_carry__1_n_0
    SLICE_X22Y16         CARRY4 (Prop_carry4_CI_CO[3])
                                                      0.114     4.110 r  source_bank/metadata_matches__0_carry__2/CO[3]
                         net (fo=1, routed)           0.000     4.110    source_bank/metadata_matches__0_carry__2_n_0
    SLICE_X22Y17         CARRY4 (Prop_carry4_CI_CO[3])
                                                      0.114     4.224 r  source_bank/metadata_matches__0_carry__3/CO[3]
                         net (fo=1, routed)           0.000     4.224    source_bank/metadata_matches__0_carry__3_n_0
    SLICE_X22Y18         CARRY4 (Prop_carry4_CI_CO[0])
                                                      0.271     4.495 r  source_bank/metadata_matches__0_carry__4/CO[0]
                         net (fo=1, routed)           1.527     6.022    source_bank/metadata_matches
    SLICE_X5Y19          LUT5 (Prop_lut5_I2_O)        0.373     6.395 r  source_bank/write_position[8]_i_3/O
                         net (fo=3, routed)           0.311     6.706    source_bank/input_framing_valid__2
    SLICE_X3Y19          LUT4 (Prop_lut4_I3_O)        0.124     6.830 r  source_bank/write_position[8]_i_1__1/O
                         net (fo=9, routed)           0.524     7.354    source_bank/write_position[8]_i_1__1_n_0
    SLICE_X5Y19          FDRE                                         r  source_bank/write_position_reg[4]/CE
  -------------------------------------------------------------------    -------------------

                         (clock source_100 rise edge)
                                                     10.000    10.000 r  
                                                      0.000    10.000 r  clk (IN)
                         net (fo=183, unset)          0.924    10.924    source_bank/clk
    SLICE_X5Y19          FDRE                                         r  source_bank/write_position_reg[4]/C
                         clock pessimism              0.000    10.924    
                         clock uncertainty           -0.035    10.889    
    SLICE_X5Y19          FDRE (Setup_fdre_C_CE)      -0.205    10.684    source_bank/write_position_reg[4]
  -------------------------------------------------------------------
                         required time                         10.684    
                         arrival time                          -7.354    
  -------------------------------------------------------------------
                         slack                                  3.330    

Slack (MET) :             3.368ns  (required time - arrival time)
  Source:                 source_bank/metadata_in_hold_reg[6]/C
                            (rising edge-triggered cell FDRE clocked by source_100  {rise@0.000ns fall@5.000ns period=10.000ns})
  Destination:            source_bank/write_position_reg[6]/CE
                            (rising edge-triggered cell FDRE clocked by source_100  {rise@0.000ns fall@5.000ns period=10.000ns})
  Path Group:             source_100
  Path Type:              Setup (Max at Slow Process Corner)
  Requirement:            10.000ns  (source_100 rise@10.000ns - source_100 rise@0.000ns)
  Data Path Delay:        6.343ns  (logic 2.460ns (38.785%)  route 3.883ns (61.215%))
  Logic Levels:           9  (CARRY4=6 LUT4=1 LUT5=1 LUT6=1)
  Clock Path Skew:        -0.049ns (DCD - SCD + CPR)
    Destination Clock Delay (DCD):    0.924ns = ( 10.924 - 10.000 ) 
    Source Clock Delay      (SCD):    0.973ns
    Clock Pessimism Removal (CPR):    0.000ns
  Clock Uncertainty:      0.035ns  ((TSJ^2 + TIJ^2)^1/2 + DJ) / 2 + PE
    Total System Jitter     (TSJ):    0.071ns
    Total Input Jitter      (TIJ):    0.000ns
    Discrete Jitter          (DJ):    0.000ns
    Phase Error              (PE):    0.000ns

    Location             Delay type                Incr(ns)  Path(ns)    Netlist Resource(s)
  -------------------------------------------------------------------    -------------------
                         (clock source_100 rise edge)
                                                      0.000     0.000 r  
                                                      0.000     0.000 r  clk (IN)
                         net (fo=183, unset)          0.973     0.973    source_bank/clk
    SLICE_X22Y12         FDRE                                         r  source_bank/metadata_in_hold_reg[6]/C
  -------------------------------------------------------------------    -------------------
    SLICE_X22Y12         FDRE (Prop_fdre_C_Q)         0.456     1.429 r  source_bank/metadata_in_hold_reg[6]/Q
                         net (fo=2, routed)           1.000     2.429    source_bank/metadata_in_hold[6]
    SLICE_X22Y10         LUT6 (Prop_lut6_I1_O)        0.124     2.553 r  source_bank/metadata_matches__0_carry_i_5/O
                         net (fo=1, routed)           0.559     3.112    source_bank/metadata_matches__0_carry_i_5_n_0
    SLICE_X22Y13         CARRY4 (Prop_carry4_S[0]_CO[3])
                                                      0.656     3.768 r  source_bank/metadata_matches__0_carry/CO[3]
                         net (fo=1, routed)           0.000     3.768    source_bank/metadata_matches__0_carry_n_0
    SLICE_X22Y14         CARRY4 (Prop_carry4_CI_CO[3])
                                                      0.114     3.882 r  source_bank/metadata_matches__0_carry__0/CO[3]
                         net (fo=1, routed)           0.000     3.882    source_bank/metadata_matches__0_carry__0_n_0
    SLICE_X22Y15         CARRY4 (Prop_carry4_CI_CO[3])
                                                      0.114     3.996 r  source_bank/metadata_matches__0_carry__1/CO[3]
                         net (fo=1, routed)           0.000     3.996    source_bank/metadata_matches__0_carry__1_n_0
    SLICE_X22Y16         CARRY4 (Prop_carry4_CI_CO[3])
                                                      0.114     4.110 r  source_bank/metadata_matches__0_carry__2/CO[3]
                         net (fo=1, routed)           0.000     4.110    source_bank/metadata_matches__0_carry__2_n_0
    SLICE_X22Y17         CARRY4 (Prop_carry4_CI_CO[3])
                                                      0.114     4.224 r  source_bank/metadata_matches__0_carry__3/CO[3]
                         net (fo=1, routed)           0.000     4.224    source_bank/metadata_matches__0_carry__3_n_0
    SLICE_X22Y18         CARRY4 (Prop_carry4_CI_CO[0])
                                                      0.271     4.495 r  source_bank/metadata_matches__0_carry__4/CO[0]
                         net (fo=1, routed)           1.527     6.022    source_bank/metadata_matches
    SLICE_X5Y19          LUT5 (Prop_lut5_I2_O)        0.373     6.395 r  source_bank/write_position[8]_i_3/O
                         net (fo=3, routed)           0.311     6.706    source_bank/input_framing_valid__2
    SLICE_X3Y19          LUT4 (Prop_lut4_I3_O)        0.124     6.830 r  source_bank/write_position[8]_i_1__1/O
                         net (fo=9, routed)           0.486     7.316    source_bank/write_position[8]_i_1__1_n_0
    SLICE_X3Y18          FDRE                                         r  source_bank/write_position_reg[6]/CE
  -------------------------------------------------------------------    -------------------

                         (clock source_100 rise edge)
                                                     10.000    10.000 r  
                                                      0.000    10.000 r  clk (IN)
                         net (fo=183, unset)          0.924    10.924    source_bank/clk
    SLICE_X3Y18          FDRE                                         r  source_bank/write_position_reg[6]/C
                         clock pessimism              0.000    10.924    
                         clock uncertainty           -0.035    10.889    
    SLICE_X3Y18          FDRE (Setup_fdre_C_CE)      -0.205    10.684    source_bank/write_position_reg[6]
  -------------------------------------------------------------------
                         required time                         10.684    
                         arrival time                          -7.316    
  -------------------------------------------------------------------
                         slack                                  3.368    

Slack (MET) :             3.368ns  (required time - arrival time)
  Source:                 source_bank/metadata_in_hold_reg[6]/C
                            (rising edge-triggered cell FDRE clocked by source_100  {rise@0.000ns fall@5.000ns period=10.000ns})
  Destination:            source_bank/write_position_reg[7]/CE
                            (rising edge-triggered cell FDRE clocked by source_100  {rise@0.000ns fall@5.000ns period=10.000ns})
  Path Group:             source_100
  Path Type:              Setup (Max at Slow Process Corner)
  Requirement:            10.000ns  (source_100 rise@10.000ns - source_100 rise@0.000ns)
  Data Path Delay:        6.343ns  (logic 2.460ns (38.785%)  route 3.883ns (61.215%))
  Logic Levels:           9  (CARRY4=6 LUT4=1 LUT5=1 LUT6=1)
  Clock Path Skew:        -0.049ns (DCD - SCD + CPR)
    Destination Clock Delay (DCD):    0.924ns = ( 10.924 - 10.000 ) 
    Source Clock Delay      (SCD):    0.973ns
    Clock Pessimism Removal (CPR):    0.000ns
  Clock Uncertainty:      0.035ns  ((TSJ^2 + TIJ^2)^1/2 + DJ) / 2 + PE
    Total System Jitter     (TSJ):    0.071ns
    Total Input Jitter      (TIJ):    0.000ns
    Discrete Jitter          (DJ):    0.000ns
    Phase Error              (PE):    0.000ns

    Location             Delay type                Incr(ns)  Path(ns)    Netlist Resource(s)
  -------------------------------------------------------------------    -------------------
                         (clock source_100 rise edge)
                                                      0.000     0.000 r  
                                                      0.000     0.000 r  clk (IN)
                         net (fo=183, unset)          0.973     0.973    source_bank/clk
    SLICE_X22Y12         FDRE                                         r  source_bank/metadata_in_hold_reg[6]/C
  -------------------------------------------------------------------    -------------------
    SLICE_X22Y12         FDRE (Prop_fdre_C_Q)         0.456     1.429 r  source_bank/metadata_in_hold_reg[6]/Q
                         net (fo=2, routed)           1.000     2.429    source_bank/metadata_in_hold[6]
    SLICE_X22Y10         LUT6 (Prop_lut6_I1_O)        0.124     2.553 r  source_bank/metadata_matches__0_carry_i_5/O
                         net (fo=1, routed)           0.559     3.112    source_bank/metadata_matches__0_carry_i_5_n_0
    SLICE_X22Y13         CARRY4 (Prop_carry4_S[0]_CO[3])
                                                      0.656     3.768 r  source_bank/metadata_matches__0_carry/CO[3]
                         net (fo=1, routed)           0.000     3.768    source_bank/metadata_matches__0_carry_n_0
    SLICE_X22Y14         CARRY4 (Prop_carry4_CI_CO[3])
                                                      0.114     3.882 r  source_bank/metadata_matches__0_carry__0/CO[3]
                         net (fo=1, routed)           0.000     3.882    source_bank/metadata_matches__0_carry__0_n_0
    SLICE_X22Y15         CARRY4 (Prop_carry4_CI_CO[3])
                                                      0.114     3.996 r  source_bank/metadata_matches__0_carry__1/CO[3]
                         net (fo=1, routed)           0.000     3.996    source_bank/metadata_matches__0_carry__1_n_0
    SLICE_X22Y16         CARRY4 (Prop_carry4_CI_CO[3])
                                                      0.114     4.110 r  source_bank/metadata_matches__0_carry__2/CO[3]
                         net (fo=1, routed)           0.000     4.110    source_bank/metadata_matches__0_carry__2_n_0
    SLICE_X22Y17         CARRY4 (Prop_carry4_CI_CO[3])
                                                      0.114     4.224 r  source_bank/metadata_matches__0_carry__3/CO[3]
                         net (fo=1, routed)           0.000     4.224    source_bank/metadata_matches__0_carry__3_n_0
    SLICE_X22Y18         CARRY4 (Prop_carry4_CI_CO[0])
                                                      0.271     4.495 r  source_bank/metadata_matches__0_carry__4/CO[0]
                         net (fo=1, routed)           1.527     6.022    source_bank/metadata_matches
    SLICE_X5Y19          LUT5 (Prop_lut5_I2_O)        0.373     6.395 r  source_bank/write_position[8]_i_3/O
                         net (fo=3, routed)           0.311     6.706    source_bank/input_framing_valid__2
    SLICE_X3Y19          LUT4 (Prop_lut4_I3_O)        0.124     6.830 r  source_bank/write_position[8]_i_1__1/O
                         net (fo=9, routed)           0.486     7.316    source_bank/write_position[8]_i_1__1_n_0
    SLICE_X3Y18          FDRE                                         r  source_bank/write_position_reg[7]/CE
  -------------------------------------------------------------------    -------------------

                         (clock source_100 rise edge)
                                                     10.000    10.000 r  
                                                      0.000    10.000 r  clk (IN)
                         net (fo=183, unset)          0.924    10.924    source_bank/clk
    SLICE_X3Y18          FDRE                                         r  source_bank/write_position_reg[7]/C
                         clock pessimism              0.000    10.924    
                         clock uncertainty           -0.035    10.889    
    SLICE_X3Y18          FDRE (Setup_fdre_C_CE)      -0.205    10.684    source_bank/write_position_reg[7]
  -------------------------------------------------------------------
                         required time                         10.684    
                         arrival time                          -7.316    
  -------------------------------------------------------------------
                         slack                                  3.368    

Slack (MET) :             3.368ns  (required time - arrival time)
  Source:                 source_bank/metadata_in_hold_reg[6]/C
                            (rising edge-triggered cell FDRE clocked by source_100  {rise@0.000ns fall@5.000ns period=10.000ns})
  Destination:            source_bank/write_position_reg[8]/CE
                            (rising edge-triggered cell FDRE clocked by source_100  {rise@0.000ns fall@5.000ns period=10.000ns})
  Path Group:             source_100
  Path Type:              Setup (Max at Slow Process Corner)
  Requirement:            10.000ns  (source_100 rise@10.000ns - source_100 rise@0.000ns)
  Data Path Delay:        6.343ns  (logic 2.460ns (38.785%)  route 3.883ns (61.215%))
  Logic Levels:           9  (CARRY4=6 LUT4=1 LUT5=1 LUT6=1)
  Clock Path Skew:        -0.049ns (DCD - SCD + CPR)
    Destination Clock Delay (DCD):    0.924ns = ( 10.924 - 10.000 ) 
    Source Clock Delay      (SCD):    0.973ns
    Clock Pessimism Removal (CPR):    0.000ns
  Clock Uncertainty:      0.035ns  ((TSJ^2 + TIJ^2)^1/2 + DJ) / 2 + PE
    Total System Jitter     (TSJ):    0.071ns
    Total Input Jitter      (TIJ):    0.000ns
    Discrete Jitter          (DJ):    0.000ns
    Phase Error              (PE):    0.000ns

    Location             Delay type                Incr(ns)  Path(ns)    Netlist Resource(s)
  -------------------------------------------------------------------    -------------------
                         (clock source_100 rise edge)
                                                      0.000     0.000 r  
                                                      0.000     0.000 r  clk (IN)
                         net (fo=183, unset)          0.973     0.973    source_bank/clk
    SLICE_X22Y12         FDRE                                         r  source_bank/metadata_in_hold_reg[6]/C
  -------------------------------------------------------------------    -------------------
    SLICE_X22Y12         FDRE (Prop_fdre_C_Q)         0.456     1.429 r  source_bank/metadata_in_hold_reg[6]/Q
                         net (fo=2, routed)           1.000     2.429    source_bank/metadata_in_hold[6]
    SLICE_X22Y10         LUT6 (Prop_lut6_I1_O)        0.124     2.553 r  source_bank/metadata_matches__0_carry_i_5/O
                         net (fo=1, routed)           0.559     3.112    source_bank/metadata_matches__0_carry_i_5_n_0
    SLICE_X22Y13         CARRY4 (Prop_carry4_S[0]_CO[3])
                                                      0.656     3.768 r  source_bank/metadata_matches__0_carry/CO[3]
                         net (fo=1, routed)           0.000     3.768    source_bank/metadata_matches__0_carry_n_0
    SLICE_X22Y14         CARRY4 (Prop_carry4_CI_CO[3])
                                                      0.114     3.882 r  source_bank/metadata_matches__0_carry__0/CO[3]
                         net (fo=1, routed)           0.000     3.882    source_bank/metadata_matches__0_carry__0_n_0
    SLICE_X22Y15         CARRY4 (Prop_carry4_CI_CO[3])
                                                      0.114     3.996 r  source_bank/metadata_matches__0_carry__1/CO[3]
                         net (fo=1, routed)           0.000     3.996    source_bank/metadata_matches__0_carry__1_n_0
    SLICE_X22Y16         CARRY4 (Prop_carry4_CI_CO[3])
                                                      0.114     4.110 r  source_bank/metadata_matches__0_carry__2/CO[3]
                         net (fo=1, routed)           0.000     4.110    source_bank/metadata_matches__0_carry__2_n_0
    SLICE_X22Y17         CARRY4 (Prop_carry4_CI_CO[3])
                                                      0.114     4.224 r  source_bank/metadata_matches__0_carry__3/CO[3]
                         net (fo=1, routed)           0.000     4.224    source_bank/metadata_matches__0_carry__3_n_0
    SLICE_X22Y18         CARRY4 (Prop_carry4_CI_CO[0])
                                                      0.271     4.495 r  source_bank/metadata_matches__0_carry__4/CO[0]
                         net (fo=1, routed)           1.527     6.022    source_bank/metadata_matches
    SLICE_X5Y19          LUT5 (Prop_lut5_I2_O)        0.373     6.395 r  source_bank/write_position[8]_i_3/O
                         net (fo=3, routed)           0.311     6.706    source_bank/input_framing_valid__2
    SLICE_X3Y19          LUT4 (Prop_lut4_I3_O)        0.124     6.830 r  source_bank/write_position[8]_i_1__1/O
                         net (fo=9, routed)           0.486     7.316    source_bank/write_position[8]_i_1__1_n_0
    SLICE_X3Y18          FDRE                                         r  source_bank/write_position_reg[8]/CE
  -------------------------------------------------------------------    -------------------

                         (clock source_100 rise edge)
                                                     10.000    10.000 r  
                                                      0.000    10.000 r  clk (IN)
                         net (fo=183, unset)          0.924    10.924    source_bank/clk
    SLICE_X3Y18          FDRE                                         r  source_bank/write_position_reg[8]/C
                         clock pessimism              0.000    10.924    
                         clock uncertainty           -0.035    10.889    
    SLICE_X3Y18          FDRE (Setup_fdre_C_CE)      -0.205    10.684    source_bank/write_position_reg[8]
  -------------------------------------------------------------------
                         required time                         10.684    
                         arrival time                          -7.316    
  -------------------------------------------------------------------
                         slack                                  3.368    

Slack (MET) :             3.522ns  (required time - arrival time)
  Source:                 source_bank/input_fault_reg/C
                            (rising edge-triggered cell FDRE clocked by source_100  {rise@0.000ns fall@5.000ns period=10.000ns})
  Destination:            output_bank/read_address_reg[0]/CE
                            (rising edge-triggered cell FDRE clocked by source_100  {rise@0.000ns fall@5.000ns period=10.000ns})
  Path Group:             source_100
  Path Type:              Setup (Max at Slow Process Corner)
  Requirement:            10.000ns  (source_100 rise@10.000ns - source_100 rise@0.000ns)
  Data Path Delay:        6.189ns  (logic 0.952ns (15.382%)  route 5.237ns (84.618%))
  Logic Levels:           4  (LUT2=1 LUT4=1 LUT6=2)
  Clock Path Skew:        -0.049ns (DCD - SCD + CPR)
    Destination Clock Delay (DCD):    0.924ns = ( 10.924 - 10.000 ) 
    Source Clock Delay      (SCD):    0.973ns
    Clock Pessimism Removal (CPR):    0.000ns
  Clock Uncertainty:      0.035ns  ((TSJ^2 + TIJ^2)^1/2 + DJ) / 2 + PE
    Total System Jitter     (TSJ):    0.071ns
    Total Input Jitter      (TIJ):    0.000ns
    Discrete Jitter          (DJ):    0.000ns
    Phase Error              (PE):    0.000ns

    Location             Delay type                Incr(ns)  Path(ns)    Netlist Resource(s)
  -------------------------------------------------------------------    -------------------
                         (clock source_100 rise edge)
                                                      0.000     0.000 r  
                                                      0.000     0.000 r  clk (IN)
                         net (fo=183, unset)          0.973     0.973    source_bank/clk
    SLICE_X7Y10          FDRE                                         r  source_bank/input_fault_reg/C
  -------------------------------------------------------------------    -------------------
    SLICE_X7Y10          FDRE (Prop_fdre_C_Q)         0.456     1.429 f  source_bank/input_fault_reg/Q
                         net (fo=4, routed)           1.290     2.719    source_bank/source_fault
    SLICE_X3Y18          LUT2 (Prop_lut2_I1_O)        0.124     2.843 f  source_bank/fault_INST_0/O
                         net (fo=10, routed)          2.008     4.851    output_bank/payload_memory_reg_1
    SLICE_X2Y4           LUT6 (Prop_lut6_I5_O)        0.124     4.975 r  output_bank/payload_memory_reg_i_1/O
                         net (fo=13, routed)          0.596     5.572    output_bank/payload_memory_reg_i_1_n_0
    SLICE_X4Y3           LUT6 (Prop_lut6_I2_O)        0.124     5.696 r  output_bank/read_address[0]_i_3/O
                         net (fo=10, routed)          0.635     6.331    output_bank/read_address[0]_i_3_n_0
    SLICE_X4Y4           LUT4 (Prop_lut4_I3_O)        0.124     6.455 r  output_bank/read_address[0]_i_1/O
                         net (fo=9, routed)           0.707     7.162    output_bank/read_address[0]_i_1_n_0
    SLICE_X2Y4           FDRE                                         r  output_bank/read_address_reg[0]/CE
  -------------------------------------------------------------------    -------------------

                         (clock source_100 rise edge)
                                                     10.000    10.000 r  
                                                      0.000    10.000 r  clk (IN)
                         net (fo=183, unset)          0.924    10.924    output_bank/clk
    SLICE_X2Y4           FDRE                                         r  output_bank/read_address_reg[0]/C
                         clock pessimism              0.000    10.924    
                         clock uncertainty           -0.035    10.889    
    SLICE_X2Y4           FDRE (Setup_fdre_C_CE)      -0.205    10.684    output_bank/read_address_reg[0]
  -------------------------------------------------------------------
                         required time                         10.684    
                         arrival time                          -7.162    
  -------------------------------------------------------------------
                         slack                                  3.522    

Slack (MET) :             3.522ns  (required time - arrival time)
  Source:                 source_bank/input_fault_reg/C
                            (rising edge-triggered cell FDRE clocked by source_100  {rise@0.000ns fall@5.000ns period=10.000ns})
  Destination:            output_bank/read_address_reg[1]/CE
                            (rising edge-triggered cell FDRE clocked by source_100  {rise@0.000ns fall@5.000ns period=10.000ns})
  Path Group:             source_100
  Path Type:              Setup (Max at Slow Process Corner)
  Requirement:            10.000ns  (source_100 rise@10.000ns - source_100 rise@0.000ns)
  Data Path Delay:        6.189ns  (logic 0.952ns (15.382%)  route 5.237ns (84.618%))
  Logic Levels:           4  (LUT2=1 LUT4=1 LUT6=2)
  Clock Path Skew:        -0.049ns (DCD - SCD + CPR)
    Destination Clock Delay (DCD):    0.924ns = ( 10.924 - 10.000 ) 
    Source Clock Delay      (SCD):    0.973ns
    Clock Pessimism Removal (CPR):    0.000ns
  Clock Uncertainty:      0.035ns  ((TSJ^2 + TIJ^2)^1/2 + DJ) / 2 + PE
    Total System Jitter     (TSJ):    0.071ns
    Total Input Jitter      (TIJ):    0.000ns
    Discrete Jitter          (DJ):    0.000ns
    Phase Error              (PE):    0.000ns

    Location             Delay type                Incr(ns)  Path(ns)    Netlist Resource(s)
  -------------------------------------------------------------------    -------------------
                         (clock source_100 rise edge)
                                                      0.000     0.000 r  
                                                      0.000     0.000 r  clk (IN)
                         net (fo=183, unset)          0.973     0.973    source_bank/clk
    SLICE_X7Y10          FDRE                                         r  source_bank/input_fault_reg/C
  -------------------------------------------------------------------    -------------------
    SLICE_X7Y10          FDRE (Prop_fdre_C_Q)         0.456     1.429 f  source_bank/input_fault_reg/Q
                         net (fo=4, routed)           1.290     2.719    source_bank/source_fault
    SLICE_X3Y18          LUT2 (Prop_lut2_I1_O)        0.124     2.843 f  source_bank/fault_INST_0/O
                         net (fo=10, routed)          2.008     4.851    output_bank/payload_memory_reg_1
    SLICE_X2Y4           LUT6 (Prop_lut6_I5_O)        0.124     4.975 r  output_bank/payload_memory_reg_i_1/O
                         net (fo=13, routed)          0.596     5.572    output_bank/payload_memory_reg_i_1_n_0
    SLICE_X4Y3           LUT6 (Prop_lut6_I2_O)        0.124     5.696 r  output_bank/read_address[0]_i_3/O
                         net (fo=10, routed)          0.635     6.331    output_bank/read_address[0]_i_3_n_0
    SLICE_X4Y4           LUT4 (Prop_lut4_I3_O)        0.124     6.455 r  output_bank/read_address[0]_i_1/O
                         net (fo=9, routed)           0.707     7.162    output_bank/read_address[0]_i_1_n_0
    SLICE_X2Y4           FDRE                                         r  output_bank/read_address_reg[1]/CE
  -------------------------------------------------------------------    -------------------

                         (clock source_100 rise edge)
                                                     10.000    10.000 r  
                                                      0.000    10.000 r  clk (IN)
                         net (fo=183, unset)          0.924    10.924    output_bank/clk
    SLICE_X2Y4           FDRE                                         r  output_bank/read_address_reg[1]/C
                         clock pessimism              0.000    10.924    
                         clock uncertainty           -0.035    10.889    
    SLICE_X2Y4           FDRE (Setup_fdre_C_CE)      -0.205    10.684    output_bank/read_address_reg[1]
  -------------------------------------------------------------------
                         required time                         10.684    
                         arrival time                          -7.162    
  -------------------------------------------------------------------
                         slack                                  3.522    

Slack (MET) :             3.555ns  (required time - arrival time)
  Source:                 source_bank/metadata_in_hold_reg[6]/C
                            (rising edge-triggered cell FDRE clocked by source_100  {rise@0.000ns fall@5.000ns period=10.000ns})
  Destination:            source_bank/write_position_reg[0]/CE
                            (rising edge-triggered cell FDRE clocked by source_100  {rise@0.000ns fall@5.000ns period=10.000ns})
  Path Group:             source_100
  Path Type:              Setup (Max at Slow Process Corner)
  Requirement:            10.000ns  (source_100 rise@10.000ns - source_100 rise@0.000ns)
  Data Path Delay:        6.192ns  (logic 2.460ns (39.730%)  route 3.732ns (60.270%))
  Logic Levels:           9  (CARRY4=6 LUT4=1 LUT5=1 LUT6=1)
  Clock Path Skew:        -0.049ns (DCD - SCD + CPR)
    Destination Clock Delay (DCD):    0.924ns = ( 10.924 - 10.000 ) 
    Source Clock Delay      (SCD):    0.973ns
    Clock Pessimism Removal (CPR):    0.000ns
  Clock Uncertainty:      0.035ns  ((TSJ^2 + TIJ^2)^1/2 + DJ) / 2 + PE
    Total System Jitter     (TSJ):    0.071ns
    Total Input Jitter      (TIJ):    0.000ns
    Discrete Jitter          (DJ):    0.000ns
    Phase Error              (PE):    0.000ns

    Location             Delay type                Incr(ns)  Path(ns)    Netlist Resource(s)
  -------------------------------------------------------------------    -------------------
                         (clock source_100 rise edge)
                                                      0.000     0.000 r  
                                                      0.000     0.000 r  clk (IN)
                         net (fo=183, unset)          0.973     0.973    source_bank/clk
    SLICE_X22Y12         FDRE                                         r  source_bank/metadata_in_hold_reg[6]/C
  -------------------------------------------------------------------    -------------------
    SLICE_X22Y12         FDRE (Prop_fdre_C_Q)         0.456     1.429 r  source_bank/metadata_in_hold_reg[6]/Q
                         net (fo=2, routed)           1.000     2.429    source_bank/metadata_in_hold[6]
    SLICE_X22Y10         LUT6 (Prop_lut6_I1_O)        0.124     2.553 r  source_bank/metadata_matches__0_carry_i_5/O
                         net (fo=1, routed)           0.559     3.112    source_bank/metadata_matches__0_carry_i_5_n_0
    SLICE_X22Y13         CARRY4 (Prop_carry4_S[0]_CO[3])
                                                      0.656     3.768 r  source_bank/metadata_matches__0_carry/CO[3]
                         net (fo=1, routed)           0.000     3.768    source_bank/metadata_matches__0_carry_n_0
    SLICE_X22Y14         CARRY4 (Prop_carry4_CI_CO[3])
                                                      0.114     3.882 r  source_bank/metadata_matches__0_carry__0/CO[3]
                         net (fo=1, routed)           0.000     3.882    source_bank/metadata_matches__0_carry__0_n_0
    SLICE_X22Y15         CARRY4 (Prop_carry4_CI_CO[3])
                                                      0.114     3.996 r  source_bank/metadata_matches__0_carry__1/CO[3]
                         net (fo=1, routed)           0.000     3.996    source_bank/metadata_matches__0_carry__1_n_0
    SLICE_X22Y16         CARRY4 (Prop_carry4_CI_CO[3])
                                                      0.114     4.110 r  source_bank/metadata_matches__0_carry__2/CO[3]
                         net (fo=1, routed)           0.000     4.110    source_bank/metadata_matches__0_carry__2_n_0
    SLICE_X22Y17         CARRY4 (Prop_carry4_CI_CO[3])
                                                      0.114     4.224 r  source_bank/metadata_matches__0_carry__3/CO[3]
                         net (fo=1, routed)           0.000     4.224    source_bank/metadata_matches__0_carry__3_n_0
    SLICE_X22Y18         CARRY4 (Prop_carry4_CI_CO[0])
                                                      0.271     4.495 r  source_bank/metadata_matches__0_carry__4/CO[0]
                         net (fo=1, routed)           1.527     6.022    source_bank/metadata_matches
    SLICE_X5Y19          LUT5 (Prop_lut5_I2_O)        0.373     6.395 r  source_bank/write_position[8]_i_3/O
                         net (fo=3, routed)           0.311     6.706    source_bank/input_framing_valid__2
    SLICE_X3Y19          LUT4 (Prop_lut4_I3_O)        0.124     6.830 r  source_bank/write_position[8]_i_1__1/O
                         net (fo=9, routed)           0.335     7.165    source_bank/write_position[8]_i_1__1_n_0
    SLICE_X4Y19          FDRE                                         r  source_bank/write_position_reg[0]/CE
  -------------------------------------------------------------------    -------------------

                         (clock source_100 rise edge)
                                                     10.000    10.000 r  
                                                      0.000    10.000 r  clk (IN)
                         net (fo=183, unset)          0.924    10.924    source_bank/clk
    SLICE_X4Y19          FDRE                                         r  source_bank/write_position_reg[0]/C
                         clock pessimism              0.000    10.924    
                         clock uncertainty           -0.035    10.889    
    SLICE_X4Y19          FDRE (Setup_fdre_C_CE)      -0.169    10.720    source_bank/write_position_reg[0]
  -------------------------------------------------------------------
                         required time                         10.720    
                         arrival time                          -7.165    
  -------------------------------------------------------------------
                         slack                                  3.555    

Slack (MET) :             3.555ns  (required time - arrival time)
  Source:                 source_bank/metadata_in_hold_reg[6]/C
                            (rising edge-triggered cell FDRE clocked by source_100  {rise@0.000ns fall@5.000ns period=10.000ns})
  Destination:            source_bank/write_position_reg[1]/CE
                            (rising edge-triggered cell FDRE clocked by source_100  {rise@0.000ns fall@5.000ns period=10.000ns})
  Path Group:             source_100
  Path Type:              Setup (Max at Slow Process Corner)
  Requirement:            10.000ns  (source_100 rise@10.000ns - source_100 rise@0.000ns)
  Data Path Delay:        6.192ns  (logic 2.460ns (39.730%)  route 3.732ns (60.270%))
  Logic Levels:           9  (CARRY4=6 LUT4=1 LUT5=1 LUT6=1)
  Clock Path Skew:        -0.049ns (DCD - SCD + CPR)
    Destination Clock Delay (DCD):    0.924ns = ( 10.924 - 10.000 ) 
    Source Clock Delay      (SCD):    0.973ns
    Clock Pessimism Removal (CPR):    0.000ns
  Clock Uncertainty:      0.035ns  ((TSJ^2 + TIJ^2)^1/2 + DJ) / 2 + PE
    Total System Jitter     (TSJ):    0.071ns
    Total Input Jitter      (TIJ):    0.000ns
    Discrete Jitter          (DJ):    0.000ns
    Phase Error              (PE):    0.000ns

    Location             Delay type                Incr(ns)  Path(ns)    Netlist Resource(s)
  -------------------------------------------------------------------    -------------------
                         (clock source_100 rise edge)
                                                      0.000     0.000 r  
                                                      0.000     0.000 r  clk (IN)
                         net (fo=183, unset)          0.973     0.973    source_bank/clk
    SLICE_X22Y12         FDRE                                         r  source_bank/metadata_in_hold_reg[6]/C
  -------------------------------------------------------------------    -------------------
    SLICE_X22Y12         FDRE (Prop_fdre_C_Q)         0.456     1.429 r  source_bank/metadata_in_hold_reg[6]/Q
                         net (fo=2, routed)           1.000     2.429    source_bank/metadata_in_hold[6]
    SLICE_X22Y10         LUT6 (Prop_lut6_I1_O)        0.124     2.553 r  source_bank/metadata_matches__0_carry_i_5/O
                         net (fo=1, routed)           0.559     3.112    source_bank/metadata_matches__0_carry_i_5_n_0
    SLICE_X22Y13         CARRY4 (Prop_carry4_S[0]_CO[3])
                                                      0.656     3.768 r  source_bank/metadata_matches__0_carry/CO[3]
                         net (fo=1, routed)           0.000     3.768    source_bank/metadata_matches__0_carry_n_0
    SLICE_X22Y14         CARRY4 (Prop_carry4_CI_CO[3])
                                                      0.114     3.882 r  source_bank/metadata_matches__0_carry__0/CO[3]
                         net (fo=1, routed)           0.000     3.882    source_bank/metadata_matches__0_carry__0_n_0
    SLICE_X22Y15         CARRY4 (Prop_carry4_CI_CO[3])
                                                      0.114     3.996 r  source_bank/metadata_matches__0_carry__1/CO[3]
                         net (fo=1, routed)           0.000     3.996    source_bank/metadata_matches__0_carry__1_n_0
    SLICE_X22Y16         CARRY4 (Prop_carry4_CI_CO[3])
                                                      0.114     4.110 r  source_bank/metadata_matches__0_carry__2/CO[3]
                         net (fo=1, routed)           0.000     4.110    source_bank/metadata_matches__0_carry__2_n_0
    SLICE_X22Y17         CARRY4 (Prop_carry4_CI_CO[3])
                                                      0.114     4.224 r  source_bank/metadata_matches__0_carry__3/CO[3]
                         net (fo=1, routed)           0.000     4.224    source_bank/metadata_matches__0_carry__3_n_0
    SLICE_X22Y18         CARRY4 (Prop_carry4_CI_CO[0])
                                                      0.271     4.495 r  source_bank/metadata_matches__0_carry__4/CO[0]
                         net (fo=1, routed)           1.527     6.022    source_bank/metadata_matches
    SLICE_X5Y19          LUT5 (Prop_lut5_I2_O)        0.373     6.395 r  source_bank/write_position[8]_i_3/O
                         net (fo=3, routed)           0.311     6.706    source_bank/input_framing_valid__2
    SLICE_X3Y19          LUT4 (Prop_lut4_I3_O)        0.124     6.830 r  source_bank/write_position[8]_i_1__1/O
                         net (fo=9, routed)           0.335     7.165    source_bank/write_position[8]_i_1__1_n_0
    SLICE_X4Y19          FDRE                                         r  source_bank/write_position_reg[1]/CE
  -------------------------------------------------------------------    -------------------

                         (clock source_100 rise edge)
                                                     10.000    10.000 r  
                                                      0.000    10.000 r  clk (IN)
                         net (fo=183, unset)          0.924    10.924    source_bank/clk
    SLICE_X4Y19          FDRE                                         r  source_bank/write_position_reg[1]/C
                         clock pessimism              0.000    10.924    
                         clock uncertainty           -0.035    10.889    
    SLICE_X4Y19          FDRE (Setup_fdre_C_CE)      -0.169    10.720    source_bank/write_position_reg[1]
  -------------------------------------------------------------------
                         required time                         10.720    
                         arrival time                          -7.165    
  -------------------------------------------------------------------
                         slack                                  3.555    

Slack (MET) :             3.555ns  (required time - arrival time)
  Source:                 source_bank/metadata_in_hold_reg[6]/C
                            (rising edge-triggered cell FDRE clocked by source_100  {rise@0.000ns fall@5.000ns period=10.000ns})
  Destination:            source_bank/write_position_reg[5]/CE
                            (rising edge-triggered cell FDRE clocked by source_100  {rise@0.000ns fall@5.000ns period=10.000ns})
  Path Group:             source_100
  Path Type:              Setup (Max at Slow Process Corner)
  Requirement:            10.000ns  (source_100 rise@10.000ns - source_100 rise@0.000ns)
  Data Path Delay:        6.192ns  (logic 2.460ns (39.730%)  route 3.732ns (60.270%))
  Logic Levels:           9  (CARRY4=6 LUT4=1 LUT5=1 LUT6=1)
  Clock Path Skew:        -0.049ns (DCD - SCD + CPR)
    Destination Clock Delay (DCD):    0.924ns = ( 10.924 - 10.000 ) 
    Source Clock Delay      (SCD):    0.973ns
    Clock Pessimism Removal (CPR):    0.000ns
  Clock Uncertainty:      0.035ns  ((TSJ^2 + TIJ^2)^1/2 + DJ) / 2 + PE
    Total System Jitter     (TSJ):    0.071ns
    Total Input Jitter      (TIJ):    0.000ns
    Discrete Jitter          (DJ):    0.000ns
    Phase Error              (PE):    0.000ns

    Location             Delay type                Incr(ns)  Path(ns)    Netlist Resource(s)
  -------------------------------------------------------------------    -------------------
                         (clock source_100 rise edge)
                                                      0.000     0.000 r  
                                                      0.000     0.000 r  clk (IN)
                         net (fo=183, unset)          0.973     0.973    source_bank/clk
    SLICE_X22Y12         FDRE                                         r  source_bank/metadata_in_hold_reg[6]/C
  -------------------------------------------------------------------    -------------------
    SLICE_X22Y12         FDRE (Prop_fdre_C_Q)         0.456     1.429 r  source_bank/metadata_in_hold_reg[6]/Q
                         net (fo=2, routed)           1.000     2.429    source_bank/metadata_in_hold[6]
    SLICE_X22Y10         LUT6 (Prop_lut6_I1_O)        0.124     2.553 r  source_bank/metadata_matches__0_carry_i_5/O
                         net (fo=1, routed)           0.559     3.112    source_bank/metadata_matches__0_carry_i_5_n_0
    SLICE_X22Y13         CARRY4 (Prop_carry4_S[0]_CO[3])
                                                      0.656     3.768 r  source_bank/metadata_matches__0_carry/CO[3]
                         net (fo=1, routed)           0.000     3.768    source_bank/metadata_matches__0_carry_n_0
    SLICE_X22Y14         CARRY4 (Prop_carry4_CI_CO[3])
                                                      0.114     3.882 r  source_bank/metadata_matches__0_carry__0/CO[3]
                         net (fo=1, routed)           0.000     3.882    source_bank/metadata_matches__0_carry__0_n_0
    SLICE_X22Y15         CARRY4 (Prop_carry4_CI_CO[3])
                                                      0.114     3.996 r  source_bank/metadata_matches__0_carry__1/CO[3]
                         net (fo=1, routed)           0.000     3.996    source_bank/metadata_matches__0_carry__1_n_0
    SLICE_X22Y16         CARRY4 (Prop_carry4_CI_CO[3])
                                                      0.114     4.110 r  source_bank/metadata_matches__0_carry__2/CO[3]
                         net (fo=1, routed)           0.000     4.110    source_bank/metadata_matches__0_carry__2_n_0
    SLICE_X22Y17         CARRY4 (Prop_carry4_CI_CO[3])
                                                      0.114     4.224 r  source_bank/metadata_matches__0_carry__3/CO[3]
                         net (fo=1, routed)           0.000     4.224    source_bank/metadata_matches__0_carry__3_n_0
    SLICE_X22Y18         CARRY4 (Prop_carry4_CI_CO[0])
                                                      0.271     4.495 r  source_bank/metadata_matches__0_carry__4/CO[0]
                         net (fo=1, routed)           1.527     6.022    source_bank/metadata_matches
    SLICE_X5Y19          LUT5 (Prop_lut5_I2_O)        0.373     6.395 r  source_bank/write_position[8]_i_3/O
                         net (fo=3, routed)           0.311     6.706    source_bank/input_framing_valid__2
    SLICE_X3Y19          LUT4 (Prop_lut4_I3_O)        0.124     6.830 r  source_bank/write_position[8]_i_1__1/O
                         net (fo=9, routed)           0.335     7.165    source_bank/write_position[8]_i_1__1_n_0
    SLICE_X4Y19          FDRE                                         r  source_bank/write_position_reg[5]/CE
  -------------------------------------------------------------------    -------------------

                         (clock source_100 rise edge)
                                                     10.000    10.000 r  
                                                      0.000    10.000 r  clk (IN)
                         net (fo=183, unset)          0.924    10.924    source_bank/clk
    SLICE_X4Y19          FDRE                                         r  source_bank/write_position_reg[5]/C
                         clock pessimism              0.000    10.924    
                         clock uncertainty           -0.035    10.889    
    SLICE_X4Y19          FDRE (Setup_fdre_C_CE)      -0.169    10.720    source_bank/write_position_reg[5]
  -------------------------------------------------------------------
                         required time                         10.720    
                         arrival time                          -7.165    
  -------------------------------------------------------------------
                         slack                                  3.555    

Slack (MET) :             3.565ns  (required time - arrival time)
  Source:                 slow_reset_slow_reg[1]/C
                            (rising edge-triggered cell FDCE clocked by source_100  {rise@0.000ns fall@5.000ns period=10.000ns})
  Destination:            source_bank/metadata_in_hold_reg[40]/CE
                            (rising edge-triggered cell FDRE clocked by source_100  {rise@0.000ns fall@5.000ns period=10.000ns})
  Path Group:             source_100
  Path Type:              Setup (Max at Slow Process Corner)
  Requirement:            10.000ns  (source_100 rise@10.000ns - source_100 rise@0.000ns)
  Data Path Delay:        5.938ns  (logic 1.193ns (20.089%)  route 4.745ns (79.911%))
  Logic Levels:           3  (LUT2=1 LUT4=1 LUT5=1)
  Clock Path Skew:        -0.049ns (DCD - SCD + CPR)
    Destination Clock Delay (DCD):    0.924ns = ( 10.924 - 10.000 ) 
    Source Clock Delay      (SCD):    0.973ns
    Clock Pessimism Removal (CPR):    0.000ns
  Clock Uncertainty:      0.035ns  ((TSJ^2 + TIJ^2)^1/2 + DJ) / 2 + PE
    Total System Jitter     (TSJ):    0.071ns
    Total Input Jitter      (TIJ):    0.000ns
    Discrete Jitter          (DJ):    0.000ns
    Phase Error              (PE):    0.000ns

    Location             Delay type                Incr(ns)  Path(ns)    Netlist Resource(s)
  -------------------------------------------------------------------    -------------------
                         (clock source_100 rise edge)
                                                      0.000     0.000 r  
                                                      0.000     0.000 r  clk (IN)
                         net (fo=183, unset)          0.973     0.973    clk
    SLICE_X2Y8           FDCE                                         r  slow_reset_slow_reg[1]/C
  -------------------------------------------------------------------    -------------------
    SLICE_X2Y8           FDCE (Prop_fdce_C_Q)         0.419     1.392 r  slow_reset_slow_reg[1]/Q
                         net (fo=1, routed)           0.849     2.241    output_bank/out[0]
    SLICE_X2Y8           LUT2 (Prop_lut2_I0_O)        0.299     2.540 f  output_bank/output_valid_INST_0_i_1/O
                         net (fo=35, routed)          0.988     3.527    source_bank/SR[0]
    SLICE_X3Y18          LUT4 (Prop_lut4_I1_O)        0.120     3.647 r  source_bank/input_ready_INST_0_i_1/O
                         net (fo=9, routed)           0.699     4.347    source_bank/input_ready_INST_0_i_1_n_0
    SLICE_X3Y19          LUT5 (Prop_lut5_I0_O)        0.355     4.702 r  source_bank/metadata_in_hold[68]_i_1__0/O
                         net (fo=64, routed)          2.210     6.911    source_bank/metadata_load
    SLICE_X23Y18         FDRE                                         r  source_bank/metadata_in_hold_reg[40]/CE
  -------------------------------------------------------------------    -------------------

                         (clock source_100 rise edge)
                                                     10.000    10.000 r  
                                                      0.000    10.000 r  clk (IN)
                         net (fo=183, unset)          0.924    10.924    source_bank/clk
    SLICE_X23Y18         FDRE                                         r  source_bank/metadata_in_hold_reg[40]/C
                         clock pessimism              0.000    10.924    
                         clock uncertainty           -0.035    10.889    
    SLICE_X23Y18         FDRE (Setup_fdre_C_CE)      -0.413    10.476    source_bank/metadata_in_hold_reg[40]
  -------------------------------------------------------------------
                         required time                         10.476    
                         arrival time                          -6.911    
  -------------------------------------------------------------------
                         slack                                  3.565    

Slack (MET) :             3.565ns  (required time - arrival time)
  Source:                 slow_reset_slow_reg[1]/C
                            (rising edge-triggered cell FDCE clocked by source_100  {rise@0.000ns fall@5.000ns period=10.000ns})
  Destination:            source_bank/metadata_in_hold_reg[33]/CE
                            (rising edge-triggered cell FDRE clocked by source_100  {rise@0.000ns fall@5.000ns period=10.000ns})
  Path Group:             source_100
  Path Type:              Setup (Max at Slow Process Corner)
  Requirement:            10.000ns  (source_100 rise@10.000ns - source_100 rise@0.000ns)
  Data Path Delay:        5.938ns  (logic 1.193ns (20.090%)  route 4.745ns (79.910%))
  Logic Levels:           3  (LUT2=1 LUT4=1 LUT5=1)
  Clock Path Skew:        -0.049ns (DCD - SCD + CPR)
    Destination Clock Delay (DCD):    0.924ns = ( 10.924 - 10.000 ) 
    Source Clock Delay      (SCD):    0.973ns
    Clock Pessimism Removal (CPR):    0.000ns
  Clock Uncertainty:      0.035ns  ((TSJ^2 + TIJ^2)^1/2 + DJ) / 2 + PE
    Total System Jitter     (TSJ):    0.071ns
    Total Input Jitter      (TIJ):    0.000ns
    Discrete Jitter          (DJ):    0.000ns
    Phase Error              (PE):    0.000ns

    Location             Delay type                Incr(ns)  Path(ns)    Netlist Resource(s)
  -------------------------------------------------------------------    -------------------
                         (clock source_100 rise edge)
                                                      0.000     0.000 r  
                                                      0.000     0.000 r  clk (IN)
                         net (fo=183, unset)          0.973     0.973    clk
    SLICE_X2Y8           FDCE                                         r  slow_reset_slow_reg[1]/C
  -------------------------------------------------------------------    -------------------
    SLICE_X2Y8           FDCE (Prop_fdce_C_Q)         0.419     1.392 r  slow_reset_slow_reg[1]/Q
                         net (fo=1, routed)           0.849     2.241    output_bank/out[0]
    SLICE_X2Y8           LUT2 (Prop_lut2_I0_O)        0.299     2.540 f  output_bank/output_valid_INST_0_i_1/O
                         net (fo=35, routed)          0.988     3.527    source_bank/SR[0]
    SLICE_X3Y18          LUT4 (Prop_lut4_I1_O)        0.120     3.647 r  source_bank/input_ready_INST_0_i_1/O
                         net (fo=9, routed)           0.699     4.347    source_bank/input_ready_INST_0_i_1_n_0
    SLICE_X3Y19          LUT5 (Prop_lut5_I0_O)        0.355     4.702 r  source_bank/metadata_in_hold[68]_i_1__0/O
                         net (fo=64, routed)          2.209     6.911    source_bank/metadata_load
    SLICE_X23Y14         FDRE                                         r  source_bank/metadata_in_hold_reg[33]/CE
  -------------------------------------------------------------------    -------------------

                         (clock source_100 rise edge)
                                                     10.000    10.000 r  
                                                      0.000    10.000 r  clk (IN)
                         net (fo=183, unset)          0.924    10.924    source_bank/clk
    SLICE_X23Y14         FDRE                                         r  source_bank/metadata_in_hold_reg[33]/C
                         clock pessimism              0.000    10.924    
                         clock uncertainty           -0.035    10.889    
    SLICE_X23Y14         FDRE (Setup_fdre_C_CE)      -0.413    10.476    source_bank/metadata_in_hold_reg[33]
  -------------------------------------------------------------------
                         required time                         10.476    
                         arrival time                          -6.911    
  -------------------------------------------------------------------
                         slack                                  3.565    

Slack (MET) :             3.565ns  (required time - arrival time)
  Source:                 slow_reset_slow_reg[1]/C
                            (rising edge-triggered cell FDCE clocked by source_100  {rise@0.000ns fall@5.000ns period=10.000ns})
  Destination:            source_bank/metadata_in_hold_reg[39]/CE
                            (rising edge-triggered cell FDRE clocked by source_100  {rise@0.000ns fall@5.000ns period=10.000ns})
  Path Group:             source_100
  Path Type:              Setup (Max at Slow Process Corner)
  Requirement:            10.000ns  (source_100 rise@10.000ns - source_100 rise@0.000ns)
  Data Path Delay:        5.938ns  (logic 1.193ns (20.090%)  route 4.745ns (79.910%))
  Logic Levels:           3  (LUT2=1 LUT4=1 LUT5=1)
  Clock Path Skew:        -0.049ns (DCD - SCD + CPR)
    Destination Clock Delay (DCD):    0.924ns = ( 10.924 - 10.000 ) 
    Source Clock Delay      (SCD):    0.973ns
    Clock Pessimism Removal (CPR):    0.000ns
  Clock Uncertainty:      0.035ns  ((TSJ^2 + TIJ^2)^1/2 + DJ) / 2 + PE
    Total System Jitter     (TSJ):    0.071ns
    Total Input Jitter      (TIJ):    0.000ns
    Discrete Jitter          (DJ):    0.000ns
    Phase Error              (PE):    0.000ns

    Location             Delay type                Incr(ns)  Path(ns)    Netlist Resource(s)
  -------------------------------------------------------------------    -------------------
                         (clock source_100 rise edge)
                                                      0.000     0.000 r  
                                                      0.000     0.000 r  clk (IN)
                         net (fo=183, unset)          0.973     0.973    clk
    SLICE_X2Y8           FDCE                                         r  slow_reset_slow_reg[1]/C
  -------------------------------------------------------------------    -------------------
    SLICE_X2Y8           FDCE (Prop_fdce_C_Q)         0.419     1.392 r  slow_reset_slow_reg[1]/Q
                         net (fo=1, routed)           0.849     2.241    output_bank/out[0]
    SLICE_X2Y8           LUT2 (Prop_lut2_I0_O)        0.299     2.540 f  output_bank/output_valid_INST_0_i_1/O
                         net (fo=35, routed)          0.988     3.527    source_bank/SR[0]
    SLICE_X3Y18          LUT4 (Prop_lut4_I1_O)        0.120     3.647 r  source_bank/input_ready_INST_0_i_1/O
                         net (fo=9, routed)           0.699     4.347    source_bank/input_ready_INST_0_i_1_n_0
    SLICE_X3Y19          LUT5 (Prop_lut5_I0_O)        0.355     4.702 r  source_bank/metadata_in_hold[68]_i_1__0/O
                         net (fo=64, routed)          2.209     6.911    source_bank/metadata_load
    SLICE_X23Y14         FDRE                                         r  source_bank/metadata_in_hold_reg[39]/CE
  -------------------------------------------------------------------    -------------------

                         (clock source_100 rise edge)
                                                     10.000    10.000 r  
                                                      0.000    10.000 r  clk (IN)
                         net (fo=183, unset)          0.924    10.924    source_bank/clk
    SLICE_X23Y14         FDRE                                         r  source_bank/metadata_in_hold_reg[39]/C
                         clock pessimism              0.000    10.924    
                         clock uncertainty           -0.035    10.889    
    SLICE_X23Y14         FDRE (Setup_fdre_C_CE)      -0.413    10.476    source_bank/metadata_in_hold_reg[39]
  -------------------------------------------------------------------
                         required time                         10.476    
                         arrival time                          -6.911    
  -------------------------------------------------------------------
                         slack                                  3.565    

Slack (MET) :             3.628ns  (required time - arrival time)
  Source:                 slow_reset_slow_reg[1]/C
                            (rising edge-triggered cell FDCE clocked by source_100  {rise@0.000ns fall@5.000ns period=10.000ns})
  Destination:            source_bank/metadata_in_hold_reg[11]/CE
                            (rising edge-triggered cell FDRE clocked by source_100  {rise@0.000ns fall@5.000ns period=10.000ns})
  Path Group:             source_100
  Path Type:              Setup (Max at Slow Process Corner)
  Requirement:            10.000ns  (source_100 rise@10.000ns - source_100 rise@0.000ns)
  Data Path Delay:        5.875ns  (logic 1.193ns (20.305%)  route 4.682ns (79.695%))
  Logic Levels:           3  (LUT2=1 LUT4=1 LUT5=1)
  Clock Path Skew:        -0.049ns (DCD - SCD + CPR)
    Destination Clock Delay (DCD):    0.924ns = ( 10.924 - 10.000 ) 
    Source Clock Delay      (SCD):    0.973ns
    Clock Pessimism Removal (CPR):    0.000ns
  Clock Uncertainty:      0.035ns  ((TSJ^2 + TIJ^2)^1/2 + DJ) / 2 + PE
    Total System Jitter     (TSJ):    0.071ns
    Total Input Jitter      (TIJ):    0.000ns
    Discrete Jitter          (DJ):    0.000ns
    Phase Error              (PE):    0.000ns

    Location             Delay type                Incr(ns)  Path(ns)    Netlist Resource(s)
  -------------------------------------------------------------------    -------------------
                         (clock source_100 rise edge)
                                                      0.000     0.000 r  
                                                      0.000     0.000 r  clk (IN)
                         net (fo=183, unset)          0.973     0.973    clk
    SLICE_X2Y8           FDCE                                         r  slow_reset_slow_reg[1]/C
  -------------------------------------------------------------------    -------------------
    SLICE_X2Y8           FDCE (Prop_fdce_C_Q)         0.419     1.392 r  slow_reset_slow_reg[1]/Q
                         net (fo=1, routed)           0.849     2.241    output_bank/out[0]
    SLICE_X2Y8           LUT2 (Prop_lut2_I0_O)        0.299     2.540 f  output_bank/output_valid_INST_0_i_1/O
                         net (fo=35, routed)          0.988     3.527    source_bank/SR[0]
    SLICE_X3Y18          LUT4 (Prop_lut4_I1_O)        0.120     3.647 r  source_bank/input_ready_INST_0_i_1/O
                         net (fo=9, routed)           0.699     4.347    source_bank/input_ready_INST_0_i_1_n_0
    SLICE_X3Y19          LUT5 (Prop_lut5_I0_O)        0.355     4.702 r  source_bank/metadata_in_hold[68]_i_1__0/O
                         net (fo=64, routed)          2.147     6.848    source_bank/metadata_load
    SLICE_X23Y10         FDRE                                         r  source_bank/metadata_in_hold_reg[11]/CE
  -------------------------------------------------------------------    -------------------

                         (clock source_100 rise edge)
                                                     10.000    10.000 r  
                                                      0.000    10.000 r  clk (IN)
                         net (fo=183, unset)          0.924    10.924    source_bank/clk
    SLICE_X23Y10         FDRE                                         r  source_bank/metadata_in_hold_reg[11]/C
                         clock pessimism              0.000    10.924    
                         clock uncertainty           -0.035    10.889    
    SLICE_X23Y10         FDRE (Setup_fdre_C_CE)      -0.413    10.476    source_bank/metadata_in_hold_reg[11]
  -------------------------------------------------------------------
                         required time                         10.476    
                         arrival time                          -6.848    
  -------------------------------------------------------------------
                         slack                                  3.628    

Slack (MET) :             3.628ns  (required time - arrival time)
  Source:                 slow_reset_slow_reg[1]/C
                            (rising edge-triggered cell FDCE clocked by source_100  {rise@0.000ns fall@5.000ns period=10.000ns})
  Destination:            source_bank/metadata_in_hold_reg[13]/CE
                            (rising edge-triggered cell FDRE clocked by source_100  {rise@0.000ns fall@5.000ns period=10.000ns})
  Path Group:             source_100
  Path Type:              Setup (Max at Slow Process Corner)
  Requirement:            10.000ns  (source_100 rise@10.000ns - source_100 rise@0.000ns)
  Data Path Delay:        5.875ns  (logic 1.193ns (20.305%)  route 4.682ns (79.695%))
  Logic Levels:           3  (LUT2=1 LUT4=1 LUT5=1)
  Clock Path Skew:        -0.049ns (DCD - SCD + CPR)
    Destination Clock Delay (DCD):    0.924ns = ( 10.924 - 10.000 ) 
    Source Clock Delay      (SCD):    0.973ns
    Clock Pessimism Removal (CPR):    0.000ns
  Clock Uncertainty:      0.035ns  ((TSJ^2 + TIJ^2)^1/2 + DJ) / 2 + PE
    Total System Jitter     (TSJ):    0.071ns
    Total Input Jitter      (TIJ):    0.000ns
    Discrete Jitter          (DJ):    0.000ns
    Phase Error              (PE):    0.000ns

    Location             Delay type                Incr(ns)  Path(ns)    Netlist Resource(s)
  -------------------------------------------------------------------    -------------------
                         (clock source_100 rise edge)
                                                      0.000     0.000 r  
                                                      0.000     0.000 r  clk (IN)
                         net (fo=183, unset)          0.973     0.973    clk
    SLICE_X2Y8           FDCE                                         r  slow_reset_slow_reg[1]/C
  -------------------------------------------------------------------    -------------------
    SLICE_X2Y8           FDCE (Prop_fdce_C_Q)         0.419     1.392 r  slow_reset_slow_reg[1]/Q
                         net (fo=1, routed)           0.849     2.241    output_bank/out[0]
    SLICE_X2Y8           LUT2 (Prop_lut2_I0_O)        0.299     2.540 f  output_bank/output_valid_INST_0_i_1/O
                         net (fo=35, routed)          0.988     3.527    source_bank/SR[0]
    SLICE_X3Y18          LUT4 (Prop_lut4_I1_O)        0.120     3.647 r  source_bank/input_ready_INST_0_i_1/O
                         net (fo=9, routed)           0.699     4.347    source_bank/input_ready_INST_0_i_1_n_0
    SLICE_X3Y19          LUT5 (Prop_lut5_I0_O)        0.355     4.702 r  source_bank/metadata_in_hold[68]_i_1__0/O
                         net (fo=64, routed)          2.147     6.848    source_bank/metadata_load
    SLICE_X23Y10         FDRE                                         r  source_bank/metadata_in_hold_reg[13]/CE
  -------------------------------------------------------------------    -------------------

                         (clock source_100 rise edge)
                                                     10.000    10.000 r  
                                                      0.000    10.000 r  clk (IN)
                         net (fo=183, unset)          0.924    10.924    source_bank/clk
    SLICE_X23Y10         FDRE                                         r  source_bank/metadata_in_hold_reg[13]/C
                         clock pessimism              0.000    10.924    
                         clock uncertainty           -0.035    10.889    
    SLICE_X23Y10         FDRE (Setup_fdre_C_CE)      -0.413    10.476    source_bank/metadata_in_hold_reg[13]
  -------------------------------------------------------------------
                         required time                         10.476    
                         arrival time                          -6.848    
  -------------------------------------------------------------------
                         slack                                  3.628    




