Copyright 1986-2022 Xilinx, Inc. All Rights Reserved.
-------------------------------------------------------------------------------------------------------------------------------------------------------------------------------------------------------------
| Tool Version : Vivado v.2022.2 (lin64) Build 3671981 Fri Oct 14 04:59:54 MDT 2022
| Date         : Thu Sep 10 03:43:13 2026
| Host         : gauss running 64-bit Ubuntu 26.04 LTS
| Command      : report_timing -from [get_clocks source_100] -to [get_clocks source_100] -delay_type min -max_paths 20 -file /tmp/starlink-completed-input.5EaJuD/held-preflight-route-v1/source_100_min.rpt
| Design       : starlink_pss_fft_bank_owned_slice
| Device       : 7z010-clg400
| Speed File   : -1  PRODUCTION 1.12 2019-11-22
-------------------------------------------------------------------------------------------------------------------------------------------------------------------------------------------------------------

Timing Report

Slack (MET) :             0.110ns  (arrival time - required time)
  Source:                 fast_reset_slow_reg[0]/C
                            (rising edge-triggered cell FDCE clocked by source_100  {rise@0.000ns fall@5.000ns period=10.000ns})
  Destination:            fast_reset_slow_reg[1]/D
                            (rising edge-triggered cell FDCE clocked by source_100  {rise@0.000ns fall@5.000ns period=10.000ns})
  Path Group:             source_100
  Path Type:              Hold (Min at Fast Process Corner)
  Requirement:            0.000ns  (source_100 rise@0.000ns - source_100 rise@0.000ns)
  Data Path Delay:        0.206ns  (logic 0.141ns (68.336%)  route 0.065ns (31.664%))
  Logic Levels:           0  
  Clock Path Skew:        0.022ns (DCD - SCD - CPR)
    Destination Clock Delay (DCD):    0.432ns
    Source Clock Delay      (SCD):    0.410ns
    Clock Pessimism Removal (CPR):    -0.000ns

    Location             Delay type                Incr(ns)  Path(ns)    Netlist Resource(s)
  -------------------------------------------------------------------    -------------------
                         (clock source_100 rise edge)
                                                      0.000     0.000 r  
                                                      0.000     0.000 r  clk (IN)
                         net (fo=183, unset)          0.410     0.410    clk
    SLICE_X2Y10          FDCE                                         r  fast_reset_slow_reg[0]/C
  -------------------------------------------------------------------    -------------------
    SLICE_X2Y10          FDCE (Prop_fdce_C_Q)         0.141     0.551 r  fast_reset_slow_reg[0]/Q
                         net (fo=1, routed)           0.065     0.616    fast_reset_slow[0]
    SLICE_X2Y10          FDCE                                         r  fast_reset_slow_reg[1]/D
  -------------------------------------------------------------------    -------------------

                         (clock source_100 rise edge)
                                                      0.000     0.000 r  
                                                      0.000     0.000 r  clk (IN)
                         net (fo=183, unset)          0.432     0.432    clk
    SLICE_X2Y10          FDCE                                         r  fast_reset_slow_reg[1]/C
                         clock pessimism              0.000     0.432    
    SLICE_X2Y10          FDCE (Hold_fdce_C_D)         0.075     0.507    fast_reset_slow_reg[1]
  -------------------------------------------------------------------
                         required time                         -0.507    
                         arrival time                           0.616    
  -------------------------------------------------------------------
                         slack                                  0.110    

Slack (MET) :             0.110ns  (arrival time - required time)
  Source:                 slow_reset_slow_reg[0]/C
                            (rising edge-triggered cell FDCE clocked by source_100  {rise@0.000ns fall@5.000ns period=10.000ns})
  Destination:            slow_reset_slow_reg[1]/D
                            (rising edge-triggered cell FDCE clocked by source_100  {rise@0.000ns fall@5.000ns period=10.000ns})
  Path Group:             source_100
  Path Type:              Hold (Min at Fast Process Corner)
  Requirement:            0.000ns  (source_100 rise@0.000ns - source_100 rise@0.000ns)
  Data Path Delay:        0.206ns  (logic 0.141ns (68.336%)  route 0.065ns (31.664%))
  Logic Levels:           0  
  Clock Path Skew:        0.022ns (DCD - SCD - CPR)
    Destination Clock Delay (DCD):    0.432ns
    Source Clock Delay      (SCD):    0.410ns
    Clock Pessimism Removal (CPR):    -0.000ns

    Location             Delay type                Incr(ns)  Path(ns)    Netlist Resource(s)
  -------------------------------------------------------------------    -------------------
                         (clock source_100 rise edge)
                                                      0.000     0.000 r  
                                                      0.000     0.000 r  clk (IN)
                         net (fo=183, unset)          0.410     0.410    clk
    SLICE_X2Y8           FDCE                                         r  slow_reset_slow_reg[0]/C
  -------------------------------------------------------------------    -------------------
    SLICE_X2Y8           FDCE (Prop_fdce_C_Q)         0.141     0.551 r  slow_reset_slow_reg[0]/Q
                         net (fo=1, routed)           0.065     0.616    slow_reset_slow[0]
    SLICE_X2Y8           FDCE                                         r  slow_reset_slow_reg[1]/D
  -------------------------------------------------------------------    -------------------

                         (clock source_100 rise edge)
                                                      0.000     0.000 r  
                                                      0.000     0.000 r  clk (IN)
                         net (fo=183, unset)          0.432     0.432    clk
    SLICE_X2Y8           FDCE                                         r  slow_reset_slow_reg[1]/C
                         clock pessimism              0.000     0.432    
    SLICE_X2Y8           FDCE (Hold_fdce_C_D)         0.075     0.507    slow_reset_slow_reg[1]
  -------------------------------------------------------------------
                         required time                         -0.507    
                         arrival time                           0.616    
  -------------------------------------------------------------------
                         slack                                  0.110    

Slack (MET) :             0.176ns  (arrival time - required time)
  Source:                 source_bank/acknowledge_sync_reg[0]/C
                            (rising edge-triggered cell FDRE clocked by source_100  {rise@0.000ns fall@5.000ns period=10.000ns})
  Destination:            source_bank/acknowledge_sync_reg[1]/D
                            (rising edge-triggered cell FDRE clocked by source_100  {rise@0.000ns fall@5.000ns period=10.000ns})
  Path Group:             source_100
  Path Type:              Hold (Min at Fast Process Corner)
  Requirement:            0.000ns  (source_100 rise@0.000ns - source_100 rise@0.000ns)
  Data Path Delay:        0.190ns  (logic 0.128ns (67.443%)  route 0.062ns (32.557%))
  Logic Levels:           0  
  Clock Path Skew:        0.022ns (DCD - SCD - CPR)
    Destination Clock Delay (DCD):    0.432ns
    Source Clock Delay      (SCD):    0.410ns
    Clock Pessimism Removal (CPR):    -0.000ns

    Location             Delay type                Incr(ns)  Path(ns)    Netlist Resource(s)
  -------------------------------------------------------------------    -------------------
                         (clock source_100 rise edge)
                                                      0.000     0.000 r  
                                                      0.000     0.000 r  clk (IN)
                         net (fo=183, unset)          0.410     0.410    source_bank/clk
    SLICE_X2Y18          FDRE                                         r  source_bank/acknowledge_sync_reg[0]/C
  -------------------------------------------------------------------    -------------------
    SLICE_X2Y18          FDRE (Prop_fdre_C_Q)         0.128     0.538 r  source_bank/acknowledge_sync_reg[0]/Q
                         net (fo=1, routed)           0.062     0.600    source_bank/acknowledge_sync[0]
    SLICE_X2Y18          FDRE                                         r  source_bank/acknowledge_sync_reg[1]/D
  -------------------------------------------------------------------    -------------------

                         (clock source_100 rise edge)
                                                      0.000     0.000 r  
                                                      0.000     0.000 r  clk (IN)
                         net (fo=183, unset)          0.432     0.432    source_bank/clk
    SLICE_X2Y18          FDRE                                         r  source_bank/acknowledge_sync_reg[1]/C
                         clock pessimism              0.000     0.432    
    SLICE_X2Y18          FDRE (Hold_fdre_C_D)        -0.008     0.424    source_bank/acknowledge_sync_reg[1]
  -------------------------------------------------------------------
                         required time                         -0.424    
                         arrival time                           0.600    
  -------------------------------------------------------------------
                         slack                                  0.176    

Slack (MET) :             0.204ns  (arrival time - required time)
  Source:                 output_bank/request_sync_reg[0]/C
                            (rising edge-triggered cell FDRE clocked by source_100  {rise@0.000ns fall@5.000ns period=10.000ns})
  Destination:            output_bank/request_sync_reg[1]/D
                            (rising edge-triggered cell FDRE clocked by source_100  {rise@0.000ns fall@5.000ns period=10.000ns})
  Path Group:             source_100
  Path Type:              Hold (Min at Fast Process Corner)
  Requirement:            0.000ns  (source_100 rise@0.000ns - source_100 rise@0.000ns)
  Data Path Delay:        0.247ns  (logic 0.128ns (51.778%)  route 0.119ns (48.222%))
  Logic Levels:           0  
  Clock Path Skew:        0.022ns (DCD - SCD - CPR)
    Destination Clock Delay (DCD):    0.432ns
    Source Clock Delay      (SCD):    0.410ns
    Clock Pessimism Removal (CPR):    -0.000ns

    Location             Delay type                Incr(ns)  Path(ns)    Netlist Resource(s)
  -------------------------------------------------------------------    -------------------
                         (clock source_100 rise edge)
                                                      0.000     0.000 r  
                                                      0.000     0.000 r  clk (IN)
                         net (fo=183, unset)          0.410     0.410    output_bank/clk
    SLICE_X1Y8           FDRE                                         r  output_bank/request_sync_reg[0]/C
  -------------------------------------------------------------------    -------------------
    SLICE_X1Y8           FDRE (Prop_fdre_C_Q)         0.128     0.538 r  output_bank/request_sync_reg[0]/Q
                         net (fo=1, routed)           0.119     0.657    output_bank/request_sync[0]
    SLICE_X1Y8           FDRE                                         r  output_bank/request_sync_reg[1]/D
  -------------------------------------------------------------------    -------------------

                         (clock source_100 rise edge)
                                                      0.000     0.000 r  
                                                      0.000     0.000 r  clk (IN)
                         net (fo=183, unset)          0.432     0.432    output_bank/clk
    SLICE_X1Y8           FDRE                                         r  output_bank/request_sync_reg[1]/C
                         clock pessimism              0.000     0.432    
    SLICE_X1Y8           FDRE (Hold_fdre_C_D)         0.022     0.454    output_bank/request_sync_reg[1]
  -------------------------------------------------------------------
                         required time                         -0.454    
                         arrival time                           0.657    
  -------------------------------------------------------------------
                         slack                                  0.204    

Slack (MET) :             0.209ns  (arrival time - required time)
  Source:                 output_bank/read_address_reg[3]/C
                            (rising edge-triggered cell FDRE clocked by source_100  {rise@0.000ns fall@5.000ns period=10.000ns})
  Destination:            output_bank/read_address_reg[4]/D
                            (rising edge-triggered cell FDRE clocked by source_100  {rise@0.000ns fall@5.000ns period=10.000ns})
  Path Group:             source_100
  Path Type:              Hold (Min at Fast Process Corner)
  Requirement:            0.000ns  (source_100 rise@0.000ns - source_100 rise@0.000ns)
  Data Path Delay:        0.322ns  (logic 0.227ns (70.440%)  route 0.095ns (29.560%))
  Logic Levels:           1  (LUT6=1)
  Clock Path Skew:        0.022ns (DCD - SCD - CPR)
    Destination Clock Delay (DCD):    0.432ns
    Source Clock Delay      (SCD):    0.410ns
    Clock Pessimism Removal (CPR):    -0.000ns

    Location             Delay type                Incr(ns)  Path(ns)    Netlist Resource(s)
  -------------------------------------------------------------------    -------------------
                         (clock source_100 rise edge)
                                                      0.000     0.000 r  
                                                      0.000     0.000 r  clk (IN)
                         net (fo=183, unset)          0.410     0.410    output_bank/clk
    SLICE_X2Y5           FDRE                                         r  output_bank/read_address_reg[3]/C
  -------------------------------------------------------------------    -------------------
    SLICE_X2Y5           FDRE (Prop_fdre_C_Q)         0.128     0.538 r  output_bank/read_address_reg[3]/Q
                         net (fo=5, routed)           0.095     0.633    output_bank/read_address[3]
    SLICE_X2Y5           LUT6 (Prop_lut6_I4_O)        0.099     0.732 r  output_bank/read_address[4]_i_1/O
                         net (fo=1, routed)           0.000     0.732    output_bank/read_address[4]_i_1_n_0
    SLICE_X2Y5           FDRE                                         r  output_bank/read_address_reg[4]/D
  -------------------------------------------------------------------    -------------------

                         (clock source_100 rise edge)
                                                      0.000     0.000 r  
                                                      0.000     0.000 r  clk (IN)
                         net (fo=183, unset)          0.432     0.432    output_bank/clk
    SLICE_X2Y5           FDRE                                         r  output_bank/read_address_reg[4]/C
                         clock pessimism              0.000     0.432    
    SLICE_X2Y5           FDRE (Hold_fdre_C_D)         0.092     0.524    output_bank/read_address_reg[4]
  -------------------------------------------------------------------
                         required time                         -0.524    
                         arrival time                           0.732    
  -------------------------------------------------------------------
                         slack                                  0.209    

Slack (MET) :             0.216ns  (arrival time - required time)
  Source:                 source_bank/write_position_reg[1]/C
                            (rising edge-triggered cell FDRE clocked by source_100  {rise@0.000ns fall@5.000ns period=10.000ns})
  Destination:            source_bank/write_position_reg[4]/D
                            (rising edge-triggered cell FDRE clocked by source_100  {rise@0.000ns fall@5.000ns period=10.000ns})
  Path Group:             source_100
  Path Type:              Hold (Min at Fast Process Corner)
  Requirement:            0.000ns  (source_100 rise@0.000ns - source_100 rise@0.000ns)
  Data Path Delay:        0.330ns  (logic 0.209ns (63.389%)  route 0.121ns (36.611%))
  Logic Levels:           1  (LUT6=1)
  Clock Path Skew:        0.022ns (DCD - SCD - CPR)
    Destination Clock Delay (DCD):    0.432ns
    Source Clock Delay      (SCD):    0.410ns
    Clock Pessimism Removal (CPR):    -0.000ns

    Location             Delay type                Incr(ns)  Path(ns)    Netlist Resource(s)
  -------------------------------------------------------------------    -------------------
                         (clock source_100 rise edge)
                                                      0.000     0.000 r  
                                                      0.000     0.000 r  clk (IN)
                         net (fo=183, unset)          0.410     0.410    source_bank/clk
    SLICE_X4Y19          FDRE                                         r  source_bank/write_position_reg[1]/C
  -------------------------------------------------------------------    -------------------
    SLICE_X4Y19          FDRE (Prop_fdre_C_Q)         0.164     0.574 r  source_bank/write_position_reg[1]/Q
                         net (fo=8, routed)           0.121     0.695    source_bank/write_position[1]
    SLICE_X5Y19          LUT6 (Prop_lut6_I3_O)        0.045     0.740 r  source_bank/write_position[4]_i_1/O
                         net (fo=1, routed)           0.000     0.740    source_bank/write_position__0[4]
    SLICE_X5Y19          FDRE                                         r  source_bank/write_position_reg[4]/D
  -------------------------------------------------------------------    -------------------

                         (clock source_100 rise edge)
                                                      0.000     0.000 r  
                                                      0.000     0.000 r  clk (IN)
                         net (fo=183, unset)          0.432     0.432    source_bank/clk
    SLICE_X5Y19          FDRE                                         r  source_bank/write_position_reg[4]/C
                         clock pessimism              0.000     0.432    
    SLICE_X5Y19          FDRE (Hold_fdre_C_D)         0.092     0.524    source_bank/write_position_reg[4]
  -------------------------------------------------------------------
                         required time                         -0.524    
                         arrival time                           0.740    
  -------------------------------------------------------------------
                         slack                                  0.216    

Slack (MET) :             0.222ns  (arrival time - required time)
  Source:                 output_bank/read_address_reg[7]/C
                            (rising edge-triggered cell FDRE clocked by source_100  {rise@0.000ns fall@5.000ns period=10.000ns})
  Destination:            output_bank/read_address_reg[8]/D
                            (rising edge-triggered cell FDRE clocked by source_100  {rise@0.000ns fall@5.000ns period=10.000ns})
  Path Group:             source_100
  Path Type:              Hold (Min at Fast Process Corner)
  Requirement:            0.000ns  (source_100 rise@0.000ns - source_100 rise@0.000ns)
  Data Path Delay:        0.364ns  (logic 0.246ns (67.536%)  route 0.118ns (32.464%))
  Logic Levels:           1  (LUT6=1)
  Clock Path Skew:        0.022ns (DCD - SCD - CPR)
    Destination Clock Delay (DCD):    0.432ns
    Source Clock Delay      (SCD):    0.410ns
    Clock Pessimism Removal (CPR):    -0.000ns

    Location             Delay type                Incr(ns)  Path(ns)    Netlist Resource(s)
  -------------------------------------------------------------------    -------------------
                         (clock source_100 rise edge)
                                                      0.000     0.000 r  
                                                      0.000     0.000 r  clk (IN)
                         net (fo=183, unset)          0.410     0.410    output_bank/clk
    SLICE_X4Y3           FDRE                                         r  output_bank/read_address_reg[7]/C
  -------------------------------------------------------------------    -------------------
    SLICE_X4Y3           FDRE (Prop_fdre_C_Q)         0.148     0.558 r  output_bank/read_address_reg[7]/Q
                         net (fo=6, routed)           0.118     0.676    output_bank/read_address[7]
    SLICE_X4Y3           LUT6 (Prop_lut6_I4_O)        0.098     0.774 r  output_bank/read_address[8]_i_1/O
                         net (fo=1, routed)           0.000     0.774    output_bank/read_address[8]_i_1_n_0
    SLICE_X4Y3           FDRE                                         r  output_bank/read_address_reg[8]/D
  -------------------------------------------------------------------    -------------------

                         (clock source_100 rise edge)
                                                      0.000     0.000 r  
                                                      0.000     0.000 r  clk (IN)
                         net (fo=183, unset)          0.432     0.432    output_bank/clk
    SLICE_X4Y3           FDRE                                         r  output_bank/read_address_reg[8]/C
                         clock pessimism              0.000     0.432    
    SLICE_X4Y3           FDRE (Hold_fdre_C_D)         0.121     0.553    output_bank/read_address_reg[8]
  -------------------------------------------------------------------
                         required time                         -0.553    
                         arrival time                           0.774    
  -------------------------------------------------------------------
                         slack                                  0.222    

Slack (MET) :             0.234ns  (arrival time - required time)
  Source:                 source_bank/write_position_reg[2]/C
                            (rising edge-triggered cell FDRE clocked by source_100  {rise@0.000ns fall@5.000ns period=10.000ns})
  Destination:            source_bank/write_position_reg[3]/D
                            (rising edge-triggered cell FDRE clocked by source_100  {rise@0.000ns fall@5.000ns period=10.000ns})
  Path Group:             source_100
  Path Type:              Hold (Min at Fast Process Corner)
  Requirement:            0.000ns  (source_100 rise@0.000ns - source_100 rise@0.000ns)
  Data Path Delay:        0.362ns  (logic 0.183ns (50.496%)  route 0.179ns (49.504%))
  Logic Levels:           1  (LUT5=1)
  Clock Path Skew:        0.022ns (DCD - SCD - CPR)
    Destination Clock Delay (DCD):    0.432ns
    Source Clock Delay      (SCD):    0.410ns
    Clock Pessimism Removal (CPR):    -0.000ns

    Location             Delay type                Incr(ns)  Path(ns)    Netlist Resource(s)
  -------------------------------------------------------------------    -------------------
                         (clock source_100 rise edge)
                                                      0.000     0.000 r  
                                                      0.000     0.000 r  clk (IN)
                         net (fo=183, unset)          0.410     0.410    source_bank/clk
    SLICE_X5Y19          FDRE                                         r  source_bank/write_position_reg[2]/C
  -------------------------------------------------------------------    -------------------
    SLICE_X5Y19          FDRE (Prop_fdre_C_Q)         0.141     0.551 r  source_bank/write_position_reg[2]/Q
                         net (fo=7, routed)           0.179     0.731    source_bank/write_position[2]
    SLICE_X5Y19          LUT5 (Prop_lut5_I3_O)        0.042     0.773 r  source_bank/write_position[3]_i_1/O
                         net (fo=1, routed)           0.000     0.773    source_bank/write_position__0[3]
    SLICE_X5Y19          FDRE                                         r  source_bank/write_position_reg[3]/D
  -------------------------------------------------------------------    -------------------

                         (clock source_100 rise edge)
                                                      0.000     0.000 r  
                                                      0.000     0.000 r  clk (IN)
                         net (fo=183, unset)          0.432     0.432    source_bank/clk
    SLICE_X5Y19          FDRE                                         r  source_bank/write_position_reg[3]/C
                         clock pessimism              0.000     0.432    
    SLICE_X5Y19          FDRE (Hold_fdre_C_D)         0.107     0.539    source_bank/write_position_reg[3]
  -------------------------------------------------------------------
                         required time                         -0.539    
                         arrival time                           0.773    
  -------------------------------------------------------------------
                         slack                                  0.234    

Slack (MET) :             0.234ns  (arrival time - required time)
  Source:                 source_bank/write_position_reg[6]/C
                            (rising edge-triggered cell FDRE clocked by source_100  {rise@0.000ns fall@5.000ns period=10.000ns})
  Destination:            source_bank/write_position_reg[7]/D
                            (rising edge-triggered cell FDRE clocked by source_100  {rise@0.000ns fall@5.000ns period=10.000ns})
  Path Group:             source_100
  Path Type:              Hold (Min at Fast Process Corner)
  Requirement:            0.000ns  (source_100 rise@0.000ns - source_100 rise@0.000ns)
  Data Path Delay:        0.362ns  (logic 0.183ns (50.496%)  route 0.179ns (49.504%))
  Logic Levels:           1  (LUT5=1)
  Clock Path Skew:        0.022ns (DCD - SCD - CPR)
    Destination Clock Delay (DCD):    0.432ns
    Source Clock Delay      (SCD):    0.410ns
    Clock Pessimism Removal (CPR):    -0.000ns

    Location             Delay type                Incr(ns)  Path(ns)    Netlist Resource(s)
  -------------------------------------------------------------------    -------------------
                         (clock source_100 rise edge)
                                                      0.000     0.000 r  
                                                      0.000     0.000 r  clk (IN)
                         net (fo=183, unset)          0.410     0.410    source_bank/clk
    SLICE_X3Y18          FDRE                                         r  source_bank/write_position_reg[6]/C
  -------------------------------------------------------------------    -------------------
    SLICE_X3Y18          FDRE (Prop_fdre_C_Q)         0.141     0.551 r  source_bank/write_position_reg[6]/Q
                         net (fo=7, routed)           0.179     0.731    source_bank/write_position[6]
    SLICE_X3Y18          LUT5 (Prop_lut5_I2_O)        0.042     0.773 r  source_bank/write_position[7]_i_1/O
                         net (fo=1, routed)           0.000     0.773    source_bank/write_position__0[7]
    SLICE_X3Y18          FDRE                                         r  source_bank/write_position_reg[7]/D
  -------------------------------------------------------------------    -------------------

                         (clock source_100 rise edge)
                                                      0.000     0.000 r  
                                                      0.000     0.000 r  clk (IN)
                         net (fo=183, unset)          0.432     0.432    source_bank/clk
    SLICE_X3Y18          FDRE                                         r  source_bank/write_position_reg[7]/C
                         clock pessimism              0.000     0.432    
    SLICE_X3Y18          FDRE (Hold_fdre_C_D)         0.107     0.539    source_bank/write_position_reg[7]
  -------------------------------------------------------------------
                         required time                         -0.539    
                         arrival time                           0.773    
  -------------------------------------------------------------------
                         slack                                  0.234    

Slack (MET) :             0.239ns  (arrival time - required time)
  Source:                 fast_fault_slow_reg[0]/C
                            (rising edge-triggered cell FDRE clocked by source_100  {rise@0.000ns fall@5.000ns period=10.000ns})
  Destination:            fast_fault_slow_reg[1]/D
                            (rising edge-triggered cell FDRE clocked by source_100  {rise@0.000ns fall@5.000ns period=10.000ns})
  Path Group:             source_100
  Path Type:              Hold (Min at Fast Process Corner)
  Requirement:            0.000ns  (source_100 rise@0.000ns - source_100 rise@0.000ns)
  Data Path Delay:        0.267ns  (logic 0.148ns (55.377%)  route 0.119ns (44.623%))
  Logic Levels:           0  
  Clock Path Skew:        0.022ns (DCD - SCD - CPR)
    Destination Clock Delay (DCD):    0.432ns
    Source Clock Delay      (SCD):    0.410ns
    Clock Pessimism Removal (CPR):    -0.000ns

    Location             Delay type                Incr(ns)  Path(ns)    Netlist Resource(s)
  -------------------------------------------------------------------    -------------------
                         (clock source_100 rise edge)
                                                      0.000     0.000 r  
                                                      0.000     0.000 r  clk (IN)
                         net (fo=183, unset)          0.410     0.410    clk
    SLICE_X0Y14          FDRE                                         r  fast_fault_slow_reg[0]/C
  -------------------------------------------------------------------    -------------------
    SLICE_X0Y14          FDRE (Prop_fdre_C_Q)         0.148     0.558 r  fast_fault_slow_reg[0]/Q
                         net (fo=1, routed)           0.119     0.677    fast_fault_slow[0]
    SLICE_X0Y14          FDRE                                         r  fast_fault_slow_reg[1]/D
  -------------------------------------------------------------------    -------------------

                         (clock source_100 rise edge)
                                                      0.000     0.000 r  
                                                      0.000     0.000 r  clk (IN)
                         net (fo=183, unset)          0.432     0.432    clk
    SLICE_X0Y14          FDRE                                         r  fast_fault_slow_reg[1]/C
                         clock pessimism              0.000     0.432    
    SLICE_X0Y14          FDRE (Hold_fdre_C_D)         0.007     0.439    fast_fault_slow_reg[1]
  -------------------------------------------------------------------
                         required time                         -0.439    
                         arrival time                           0.677    
  -------------------------------------------------------------------
                         slack                                  0.239    

Slack (MET) :             0.240ns  (arrival time - required time)
  Source:                 source_bank/write_position_reg[6]/C
                            (rising edge-triggered cell FDRE clocked by source_100  {rise@0.000ns fall@5.000ns period=10.000ns})
  Destination:            source_bank/write_position_reg[8]/D
                            (rising edge-triggered cell FDRE clocked by source_100  {rise@0.000ns fall@5.000ns period=10.000ns})
  Path Group:             source_100
  Path Type:              Hold (Min at Fast Process Corner)
  Requirement:            0.000ns  (source_100 rise@0.000ns - source_100 rise@0.000ns)
  Data Path Delay:        0.365ns  (logic 0.184ns (50.355%)  route 0.181ns (49.645%))
  Logic Levels:           1  (LUT5=1)
  Clock Path Skew:        0.022ns (DCD - SCD - CPR)
    Destination Clock Delay (DCD):    0.432ns
    Source Clock Delay      (SCD):    0.410ns
    Clock Pessimism Removal (CPR):    -0.000ns

    Location             Delay type                Incr(ns)  Path(ns)    Netlist Resource(s)
  -------------------------------------------------------------------    -------------------
                         (clock source_100 rise edge)
                                                      0.000     0.000 r  
                                                      0.000     0.000 r  clk (IN)
                         net (fo=183, unset)          0.410     0.410    source_bank/clk
    SLICE_X3Y18          FDRE                                         r  source_bank/write_position_reg[6]/C
  -------------------------------------------------------------------    -------------------
    SLICE_X3Y18          FDRE (Prop_fdre_C_Q)         0.141     0.551 r  source_bank/write_position_reg[6]/Q
                         net (fo=7, routed)           0.181     0.733    source_bank/write_position[6]
    SLICE_X3Y18          LUT5 (Prop_lut5_I0_O)        0.043     0.776 r  source_bank/write_position[8]_i_2/O
                         net (fo=1, routed)           0.000     0.776    source_bank/write_position__0[8]
    SLICE_X3Y18          FDRE                                         r  source_bank/write_position_reg[8]/D
  -------------------------------------------------------------------    -------------------

                         (clock source_100 rise edge)
                                                      0.000     0.000 r  
                                                      0.000     0.000 r  clk (IN)
                         net (fo=183, unset)          0.432     0.432    source_bank/clk
    SLICE_X3Y18          FDRE                                         r  source_bank/write_position_reg[8]/C
                         clock pessimism              0.000     0.432    
    SLICE_X3Y18          FDRE (Hold_fdre_C_D)         0.104     0.536    source_bank/write_position_reg[8]
  -------------------------------------------------------------------
                         required time                         -0.536    
                         arrival time                           0.776    
  -------------------------------------------------------------------
                         slack                                  0.240    

Slack (MET) :             0.242ns  (arrival time - required time)
  Source:                 output_bank/reading_reg/C
                            (rising edge-triggered cell FDRE clocked by source_100  {rise@0.000ns fall@5.000ns period=10.000ns})
  Destination:            output_bank/reading_reg/D
                            (rising edge-triggered cell FDRE clocked by source_100  {rise@0.000ns fall@5.000ns period=10.000ns})
  Path Group:             source_100
  Path Type:              Hold (Min at Fast Process Corner)
  Requirement:            0.000ns  (source_100 rise@0.000ns - source_100 rise@0.000ns)
  Data Path Delay:        0.354ns  (logic 0.186ns (52.507%)  route 0.168ns (47.493%))
  Logic Levels:           1  (LUT5=1)
  Clock Path Skew:        0.022ns (DCD - SCD - CPR)
    Destination Clock Delay (DCD):    0.432ns
    Source Clock Delay      (SCD):    0.410ns
    Clock Pessimism Removal (CPR):    -0.000ns

    Location             Delay type                Incr(ns)  Path(ns)    Netlist Resource(s)
  -------------------------------------------------------------------    -------------------
                         (clock source_100 rise edge)
                                                      0.000     0.000 r  
                                                      0.000     0.000 r  clk (IN)
                         net (fo=183, unset)          0.410     0.410    output_bank/clk
    SLICE_X1Y4           FDRE                                         r  output_bank/reading_reg/C
  -------------------------------------------------------------------    -------------------
    SLICE_X1Y4           FDRE (Prop_fdre_C_Q)         0.141     0.551 r  output_bank/reading_reg/Q
                         net (fo=5, routed)           0.168     0.719    output_bank/reading
    SLICE_X1Y4           LUT5 (Prop_lut5_I3_O)        0.045     0.764 r  output_bank/reading_i_1/O
                         net (fo=1, routed)           0.000     0.764    output_bank/reading_i_1_n_0
    SLICE_X1Y4           FDRE                                         r  output_bank/reading_reg/D
  -------------------------------------------------------------------    -------------------

                         (clock source_100 rise edge)
                                                      0.000     0.000 r  
                                                      0.000     0.000 r  clk (IN)
                         net (fo=183, unset)          0.432     0.432    output_bank/clk
    SLICE_X1Y4           FDRE                                         r  output_bank/reading_reg/C
                         clock pessimism              0.000     0.432    
    SLICE_X1Y4           FDRE (Hold_fdre_C_D)         0.091     0.523    output_bank/reading_reg
  -------------------------------------------------------------------
                         required time                         -0.523    
                         arrival time                           0.764    
  -------------------------------------------------------------------
                         slack                                  0.242    

Slack (MET) :             0.243ns  (arrival time - required time)
  Source:                 output_bank/read_valid_reg/C
                            (rising edge-triggered cell FDRE clocked by source_100  {rise@0.000ns fall@5.000ns period=10.000ns})
  Destination:            output_bank/read_valid_reg/D
                            (rising edge-triggered cell FDRE clocked by source_100  {rise@0.000ns fall@5.000ns period=10.000ns})
  Path Group:             source_100
  Path Type:              Hold (Min at Fast Process Corner)
  Requirement:            0.000ns  (source_100 rise@0.000ns - source_100 rise@0.000ns)
  Data Path Delay:        0.384ns  (logic 0.209ns (54.393%)  route 0.175ns (45.607%))
  Logic Levels:           1  (LUT4=1)
  Clock Path Skew:        0.022ns (DCD - SCD - CPR)
    Destination Clock Delay (DCD):    0.432ns
    Source Clock Delay      (SCD):    0.410ns
    Clock Pessimism Removal (CPR):    -0.000ns

    Location             Delay type                Incr(ns)  Path(ns)    Netlist Resource(s)
  -------------------------------------------------------------------    -------------------
                         (clock source_100 rise edge)
                                                      0.000     0.000 r  
                                                      0.000     0.000 r  clk (IN)
                         net (fo=183, unset)          0.410     0.410    output_bank/clk
    SLICE_X0Y4           FDRE                                         r  output_bank/read_valid_reg/C
  -------------------------------------------------------------------    -------------------
    SLICE_X0Y4           FDRE (Prop_fdre_C_Q)         0.164     0.574 r  output_bank/read_valid_reg/Q
                         net (fo=4, routed)           0.175     0.749    output_bank/read_valid
    SLICE_X0Y4           LUT4 (Prop_lut4_I1_O)        0.045     0.794 r  output_bank/read_valid_i_1/O
                         net (fo=1, routed)           0.000     0.794    output_bank/read_valid_i_1_n_0
    SLICE_X0Y4           FDRE                                         r  output_bank/read_valid_reg/D
  -------------------------------------------------------------------    -------------------

                         (clock source_100 rise edge)
                                                      0.000     0.000 r  
                                                      0.000     0.000 r  clk (IN)
                         net (fo=183, unset)          0.432     0.432    output_bank/clk
    SLICE_X0Y4           FDRE                                         r  output_bank/read_valid_reg/C
                         clock pessimism              0.000     0.432    
    SLICE_X0Y4           FDRE (Hold_fdre_C_D)         0.120     0.552    output_bank/read_valid_reg
  -------------------------------------------------------------------
                         required time                         -0.552    
                         arrival time                           0.794    
  -------------------------------------------------------------------
                         slack                                  0.243    

Slack (MET) :             0.243ns  (arrival time - required time)
  Source:                 output_bank/read_all_loaded_reg/C
                            (rising edge-triggered cell FDRE clocked by source_100  {rise@0.000ns fall@5.000ns period=10.000ns})
  Destination:            output_bank/read_all_loaded_reg/D
                            (rising edge-triggered cell FDRE clocked by source_100  {rise@0.000ns fall@5.000ns period=10.000ns})
  Path Group:             source_100
  Path Type:              Hold (Min at Fast Process Corner)
  Requirement:            0.000ns  (source_100 rise@0.000ns - source_100 rise@0.000ns)
  Data Path Delay:        0.384ns  (logic 0.209ns (54.384%)  route 0.175ns (45.616%))
  Logic Levels:           1  (LUT5=1)
  Clock Path Skew:        0.022ns (DCD - SCD - CPR)
    Destination Clock Delay (DCD):    0.432ns
    Source Clock Delay      (SCD):    0.410ns
    Clock Pessimism Removal (CPR):    -0.000ns

    Location             Delay type                Incr(ns)  Path(ns)    Netlist Resource(s)
  -------------------------------------------------------------------    -------------------
                         (clock source_100 rise edge)
                                                      0.000     0.000 r  
                                                      0.000     0.000 r  clk (IN)
                         net (fo=183, unset)          0.410     0.410    output_bank/clk
    SLICE_X4Y4           FDRE                                         r  output_bank/read_all_loaded_reg/C
  -------------------------------------------------------------------    -------------------
    SLICE_X4Y4           FDRE (Prop_fdre_C_Q)         0.164     0.574 r  output_bank/read_all_loaded_reg/Q
                         net (fo=2, routed)           0.175     0.749    output_bank/read_all_loaded_reg_n_0
    SLICE_X4Y4           LUT5 (Prop_lut5_I4_O)        0.045     0.794 r  output_bank/read_all_loaded_i_1__1/O
                         net (fo=1, routed)           0.000     0.794    output_bank/read_all_loaded_i_1__1_n_0
    SLICE_X4Y4           FDRE                                         r  output_bank/read_all_loaded_reg/D
  -------------------------------------------------------------------    -------------------

                         (clock source_100 rise edge)
                                                      0.000     0.000 r  
                                                      0.000     0.000 r  clk (IN)
                         net (fo=183, unset)          0.432     0.432    output_bank/clk
    SLICE_X4Y4           FDRE                                         r  output_bank/read_all_loaded_reg/C
                         clock pessimism              0.000     0.432    
    SLICE_X4Y4           FDRE (Hold_fdre_C_D)         0.120     0.552    output_bank/read_all_loaded_reg
  -------------------------------------------------------------------
                         required time                         -0.552    
                         arrival time                           0.794    
  -------------------------------------------------------------------
                         slack                                  0.243    

Slack (MET) :             0.250ns  (arrival time - required time)
  Source:                 output_bank/read_address_reg[2]/C
                            (rising edge-triggered cell FDRE clocked by source_100  {rise@0.000ns fall@5.000ns period=10.000ns})
  Destination:            output_bank/read_address_reg[3]/D
                            (rising edge-triggered cell FDRE clocked by source_100  {rise@0.000ns fall@5.000ns period=10.000ns})
  Path Group:             source_100
  Path Type:              Hold (Min at Fast Process Corner)
  Requirement:            0.000ns  (source_100 rise@0.000ns - source_100 rise@0.000ns)
  Data Path Delay:        0.379ns  (logic 0.183ns (48.306%)  route 0.196ns (51.694%))
  Logic Levels:           1  (LUT5=1)
  Clock Path Skew:        0.022ns (DCD - SCD - CPR)
    Destination Clock Delay (DCD):    0.432ns
    Source Clock Delay      (SCD):    0.410ns
    Clock Pessimism Removal (CPR):    -0.000ns

    Location             Delay type                Incr(ns)  Path(ns)    Netlist Resource(s)
  -------------------------------------------------------------------    -------------------
                         (clock source_100 rise edge)
                                                      0.000     0.000 r  
                                                      0.000     0.000 r  clk (IN)
                         net (fo=183, unset)          0.410     0.410    output_bank/clk
    SLICE_X2Y5           FDRE                                         r  output_bank/read_address_reg[2]/C
  -------------------------------------------------------------------    -------------------
    SLICE_X2Y5           FDRE (Prop_fdre_C_Q)         0.141     0.551 r  output_bank/read_address_reg[2]/Q
                         net (fo=6, routed)           0.196     0.747    output_bank/read_address[2]
    SLICE_X2Y5           LUT5 (Prop_lut5_I3_O)        0.042     0.789 r  output_bank/read_address[3]_i_1/O
                         net (fo=1, routed)           0.000     0.789    output_bank/read_address[3]_i_1_n_0
    SLICE_X2Y5           FDRE                                         r  output_bank/read_address_reg[3]/D
  -------------------------------------------------------------------    -------------------

                         (clock source_100 rise edge)
                                                      0.000     0.000 r  
                                                      0.000     0.000 r  clk (IN)
                         net (fo=183, unset)          0.432     0.432    output_bank/clk
    SLICE_X2Y5           FDRE                                         r  output_bank/read_address_reg[3]/C
                         clock pessimism              0.000     0.432    
    SLICE_X2Y5           FDRE (Hold_fdre_C_D)         0.107     0.539    output_bank/read_address_reg[3]
  -------------------------------------------------------------------
                         required time                         -0.539    
                         arrival time                           0.789    
  -------------------------------------------------------------------
                         slack                                  0.250    

Slack (MET) :             0.253ns  (arrival time - required time)
  Source:                 source_bank/write_position_reg[2]/C
                            (rising edge-triggered cell FDRE clocked by source_100  {rise@0.000ns fall@5.000ns period=10.000ns})
  Destination:            source_bank/write_position_reg[2]/D
                            (rising edge-triggered cell FDRE clocked by source_100  {rise@0.000ns fall@5.000ns period=10.000ns})
  Path Group:             source_100
  Path Type:              Hold (Min at Fast Process Corner)
  Requirement:            0.000ns  (source_100 rise@0.000ns - source_100 rise@0.000ns)
  Data Path Delay:        0.365ns  (logic 0.186ns (50.902%)  route 0.179ns (49.098%))
  Logic Levels:           1  (LUT4=1)
  Clock Path Skew:        0.022ns (DCD - SCD - CPR)
    Destination Clock Delay (DCD):    0.432ns
    Source Clock Delay      (SCD):    0.410ns
    Clock Pessimism Removal (CPR):    -0.000ns

    Location             Delay type                Incr(ns)  Path(ns)    Netlist Resource(s)
  -------------------------------------------------------------------    -------------------
                         (clock source_100 rise edge)
                                                      0.000     0.000 r  
                                                      0.000     0.000 r  clk (IN)
                         net (fo=183, unset)          0.410     0.410    source_bank/clk
    SLICE_X5Y19          FDRE                                         r  source_bank/write_position_reg[2]/C
  -------------------------------------------------------------------    -------------------
    SLICE_X5Y19          FDRE (Prop_fdre_C_Q)         0.141     0.551 r  source_bank/write_position_reg[2]/Q
                         net (fo=7, routed)           0.179     0.731    source_bank/write_position[2]
    SLICE_X5Y19          LUT4 (Prop_lut4_I3_O)        0.045     0.776 r  source_bank/write_position[2]_i_1/O
                         net (fo=1, routed)           0.000     0.776    source_bank/write_position__0[2]
    SLICE_X5Y19          FDRE                                         r  source_bank/write_position_reg[2]/D
  -------------------------------------------------------------------    -------------------

                         (clock source_100 rise edge)
                                                      0.000     0.000 r  
                                                      0.000     0.000 r  clk (IN)
                         net (fo=183, unset)          0.432     0.432    source_bank/clk
    SLICE_X5Y19          FDRE                                         r  source_bank/write_position_reg[2]/C
                         clock pessimism              0.000     0.432    
    SLICE_X5Y19          FDRE (Hold_fdre_C_D)         0.091     0.523    source_bank/write_position_reg[2]
  -------------------------------------------------------------------
                         required time                         -0.523    
                         arrival time                           0.776    
  -------------------------------------------------------------------
                         slack                                  0.253    

Slack (MET) :             0.253ns  (arrival time - required time)
  Source:                 source_bank/write_position_reg[6]/C
                            (rising edge-triggered cell FDRE clocked by source_100  {rise@0.000ns fall@5.000ns period=10.000ns})
  Destination:            source_bank/write_position_reg[6]/D
                            (rising edge-triggered cell FDRE clocked by source_100  {rise@0.000ns fall@5.000ns period=10.000ns})
  Path Group:             source_100
  Path Type:              Hold (Min at Fast Process Corner)
  Requirement:            0.000ns  (source_100 rise@0.000ns - source_100 rise@0.000ns)
  Data Path Delay:        0.365ns  (logic 0.186ns (50.902%)  route 0.179ns (49.098%))
  Logic Levels:           1  (LUT4=1)
  Clock Path Skew:        0.022ns (DCD - SCD - CPR)
    Destination Clock Delay (DCD):    0.432ns
    Source Clock Delay      (SCD):    0.410ns
    Clock Pessimism Removal (CPR):    -0.000ns

    Location             Delay type                Incr(ns)  Path(ns)    Netlist Resource(s)
  -------------------------------------------------------------------    -------------------
                         (clock source_100 rise edge)
                                                      0.000     0.000 r  
                                                      0.000     0.000 r  clk (IN)
                         net (fo=183, unset)          0.410     0.410    source_bank/clk
    SLICE_X3Y18          FDRE                                         r  source_bank/write_position_reg[6]/C
  -------------------------------------------------------------------    -------------------
    SLICE_X3Y18          FDRE (Prop_fdre_C_Q)         0.141     0.551 r  source_bank/write_position_reg[6]/Q
                         net (fo=7, routed)           0.179     0.731    source_bank/write_position[6]
    SLICE_X3Y18          LUT4 (Prop_lut4_I3_O)        0.045     0.776 r  source_bank/write_position[6]_i_1/O
                         net (fo=1, routed)           0.000     0.776    source_bank/write_position__0[6]
    SLICE_X3Y18          FDRE                                         r  source_bank/write_position_reg[6]/D
  -------------------------------------------------------------------    -------------------

                         (clock source_100 rise edge)
                                                      0.000     0.000 r  
                                                      0.000     0.000 r  clk (IN)
                         net (fo=183, unset)          0.432     0.432    source_bank/clk
    SLICE_X3Y18          FDRE                                         r  source_bank/write_position_reg[6]/C
                         clock pessimism              0.000     0.432    
    SLICE_X3Y18          FDRE (Hold_fdre_C_D)         0.091     0.523    source_bank/write_position_reg[6]
  -------------------------------------------------------------------
                         required time                         -0.523    
                         arrival time                           0.776    
  -------------------------------------------------------------------
                         slack                                  0.253    

Slack (MET) :             0.253ns  (arrival time - required time)
  Source:                 source_bank/write_position_reg[1]/C
                            (rising edge-triggered cell FDRE clocked by source_100  {rise@0.000ns fall@5.000ns period=10.000ns})
  Destination:            source_bank/write_position_reg[1]/D
                            (rising edge-triggered cell FDRE clocked by source_100  {rise@0.000ns fall@5.000ns period=10.000ns})
  Path Group:             source_100
  Path Type:              Hold (Min at Fast Process Corner)
  Requirement:            0.000ns  (source_100 rise@0.000ns - source_100 rise@0.000ns)
  Data Path Delay:        0.408ns  (logic 0.207ns (50.772%)  route 0.201ns (49.228%))
  Logic Levels:           1  (LUT3=1)
  Clock Path Skew:        0.022ns (DCD - SCD - CPR)
    Destination Clock Delay (DCD):    0.432ns
    Source Clock Delay      (SCD):    0.410ns
    Clock Pessimism Removal (CPR):    -0.000ns

    Location             Delay type                Incr(ns)  Path(ns)    Netlist Resource(s)
  -------------------------------------------------------------------    -------------------
                         (clock source_100 rise edge)
                                                      0.000     0.000 r  
                                                      0.000     0.000 r  clk (IN)
                         net (fo=183, unset)          0.410     0.410    source_bank/clk
    SLICE_X4Y19          FDRE                                         r  source_bank/write_position_reg[1]/C
  -------------------------------------------------------------------    -------------------
    SLICE_X4Y19          FDRE (Prop_fdre_C_Q)         0.164     0.574 r  source_bank/write_position_reg[1]/Q
                         net (fo=8, routed)           0.201     0.775    source_bank/write_position[1]
    SLICE_X4Y19          LUT3 (Prop_lut3_I2_O)        0.043     0.818 r  source_bank/write_position[1]_i_1/O
                         net (fo=1, routed)           0.000     0.818    source_bank/write_position__0[1]
    SLICE_X4Y19          FDRE                                         r  source_bank/write_position_reg[1]/D
  -------------------------------------------------------------------    -------------------

                         (clock source_100 rise edge)
                                                      0.000     0.000 r  
                                                      0.000     0.000 r  clk (IN)
                         net (fo=183, unset)          0.432     0.432    source_bank/clk
    SLICE_X4Y19          FDRE                                         r  source_bank/write_position_reg[1]/C
                         clock pessimism              0.000     0.432    
    SLICE_X4Y19          FDRE (Hold_fdre_C_D)         0.133     0.565    source_bank/write_position_reg[1]
  -------------------------------------------------------------------
                         required time                         -0.565    
                         arrival time                           0.818    
  -------------------------------------------------------------------
                         slack                                  0.253    

Slack (MET) :             0.263ns  (arrival time - required time)
  Source:                 output_bank/read_address_reg[0]/C
                            (rising edge-triggered cell FDRE clocked by source_100  {rise@0.000ns fall@5.000ns period=10.000ns})
  Destination:            output_bank/read_address_reg[1]/D
                            (rising edge-triggered cell FDRE clocked by source_100  {rise@0.000ns fall@5.000ns period=10.000ns})
  Path Group:             source_100
  Path Type:              Hold (Min at Fast Process Corner)
  Requirement:            0.000ns  (source_100 rise@0.000ns - source_100 rise@0.000ns)
  Data Path Delay:        0.392ns  (logic 0.183ns (46.676%)  route 0.209ns (53.324%))
  Logic Levels:           1  (LUT3=1)
  Clock Path Skew:        0.022ns (DCD - SCD - CPR)
    Destination Clock Delay (DCD):    0.432ns
    Source Clock Delay      (SCD):    0.410ns
    Clock Pessimism Removal (CPR):    -0.000ns

    Location             Delay type                Incr(ns)  Path(ns)    Netlist Resource(s)
  -------------------------------------------------------------------    -------------------
                         (clock source_100 rise edge)
                                                      0.000     0.000 r  
                                                      0.000     0.000 r  clk (IN)
                         net (fo=183, unset)          0.410     0.410    output_bank/clk
    SLICE_X2Y4           FDRE                                         r  output_bank/read_address_reg[0]/C
  -------------------------------------------------------------------    -------------------
    SLICE_X2Y4           FDRE (Prop_fdre_C_Q)         0.141     0.551 r  output_bank/read_address_reg[0]/Q
                         net (fo=8, routed)           0.209     0.760    output_bank/read_address[0]
    SLICE_X2Y4           LUT3 (Prop_lut3_I1_O)        0.042     0.802 r  output_bank/read_address[1]_i_1/O
                         net (fo=1, routed)           0.000     0.802    output_bank/read_address[1]_i_1_n_0
    SLICE_X2Y4           FDRE                                         r  output_bank/read_address_reg[1]/D
  -------------------------------------------------------------------    -------------------

                         (clock source_100 rise edge)
                                                      0.000     0.000 r  
                                                      0.000     0.000 r  clk (IN)
                         net (fo=183, unset)          0.432     0.432    output_bank/clk
    SLICE_X2Y4           FDRE                                         r  output_bank/read_address_reg[1]/C
                         clock pessimism              0.000     0.432    
    SLICE_X2Y4           FDRE (Hold_fdre_C_D)         0.107     0.539    output_bank/read_address_reg[1]
  -------------------------------------------------------------------
                         required time                         -0.539    
                         arrival time                           0.802    
  -------------------------------------------------------------------
                         slack                                  0.263    

Slack (MET) :             0.265ns  (arrival time - required time)
  Source:                 output_bank/read_address_reg[6]/C
                            (rising edge-triggered cell FDRE clocked by source_100  {rise@0.000ns fall@5.000ns period=10.000ns})
  Destination:            output_bank/read_address_reg[7]/D
                            (rising edge-triggered cell FDRE clocked by source_100  {rise@0.000ns fall@5.000ns period=10.000ns})
  Path Group:             source_100
  Path Type:              Hold (Min at Fast Process Corner)
  Requirement:            0.000ns  (source_100 rise@0.000ns - source_100 rise@0.000ns)
  Data Path Delay:        0.418ns  (logic 0.207ns (49.560%)  route 0.211ns (50.440%))
  Logic Levels:           1  (LUT5=1)
  Clock Path Skew:        0.022ns (DCD - SCD - CPR)
    Destination Clock Delay (DCD):    0.432ns
    Source Clock Delay      (SCD):    0.410ns
    Clock Pessimism Removal (CPR):    -0.000ns

    Location             Delay type                Incr(ns)  Path(ns)    Netlist Resource(s)
  -------------------------------------------------------------------    -------------------
                         (clock source_100 rise edge)
                                                      0.000     0.000 r  
                                                      0.000     0.000 r  clk (IN)
                         net (fo=183, unset)          0.410     0.410    output_bank/clk
    SLICE_X4Y3           FDRE                                         r  output_bank/read_address_reg[6]/C
  -------------------------------------------------------------------    -------------------
    SLICE_X4Y3           FDRE (Prop_fdre_C_Q)         0.164     0.574 r  output_bank/read_address_reg[6]/Q
                         net (fo=7, routed)           0.211     0.785    output_bank/read_address[6]
    SLICE_X4Y3           LUT5 (Prop_lut5_I3_O)        0.043     0.828 r  output_bank/read_address[7]_i_1/O
                         net (fo=1, routed)           0.000     0.828    output_bank/read_address[7]_i_1_n_0
    SLICE_X4Y3           FDRE                                         r  output_bank/read_address_reg[7]/D
  -------------------------------------------------------------------    -------------------

                         (clock source_100 rise edge)
                                                      0.000     0.000 r  
                                                      0.000     0.000 r  clk (IN)
                         net (fo=183, unset)          0.432     0.432    output_bank/clk
    SLICE_X4Y3           FDRE                                         r  output_bank/read_address_reg[7]/C
                         clock pessimism              0.000     0.432    
    SLICE_X4Y3           FDRE (Hold_fdre_C_D)         0.131     0.563    output_bank/read_address_reg[7]
  -------------------------------------------------------------------
                         required time                         -0.563    
                         arrival time                           0.828    
  -------------------------------------------------------------------
                         slack                                  0.265    




