exact_physical_settings.tcl: OK
frozen_sources/create_shared_realtime_xfft_ip.tcl: OK
frozen_sources/fft_bank_owned_resource_probe.xdc: OK
frozen_sources/fft_bank_owned_synth_threads.tcl: OK
frozen_sources/starlink_pss_block_mailbox.v: OK
frozen_sources/starlink_pss_fft_bank_owned_product_fence.v: OK
frozen_sources/starlink_pss_forward_kernel_join_read_ahead.v: OK
frozen_sources/starlink_pss_kernel_rom_read_ahead.v: OK
frozen_sources/starlink_pss_product_fence_mailbox.v: OK
frozen_sources/starlink_pss_realtime_input_guard.v: OK
frozen_sources/starlink_pss_realtime_result_guard.v: OK
frozen_sources/starlink_pss_spectrum_product.v: OK
frozen_sources/upper_edge_pss_kernel_q17.mem: OK
physical_preparation.json: OK
prepare_exact_control_physical.py: OK
route_completed_input_fence.tcl: OK
run_exact_control_synthesis.py: OK
synthesize_exact_control_prepared.tcl: OK
synthesize_fft_bank_owned_slice.original.tcl: OK
{"distributed": 1, "per_cause": 1, "producer_final": 1, "qualified_observer": {"invalid_only": 292463, "raw_equal": 953795, "samples": 1246258}, "registered": 1, "rom_metadata": 1, "rom_word": 1, "rtl_count": 8, "scope": "verified_preparation_NOT_physical_execution", "scratch": 1}
