#-----------------------------------------------------------
# Vivado v2022.2 (64-bit)
# SW Build 3671981 on Fri Oct 14 04:59:54 MDT 2022
# IP Build 3669848 on Fri Oct 14 08:30:02 MDT 2022
# Start of session at: Thu Sep 10 07:46:57 2026
# Process ID: 3691497
# Current directory: /tmp/starlink-completed-input.5EaJuD/status-qualified-actual-readonly-v1
# Command line: vivado -mode tcl -log wdb.log -journal wdb.jou
# Log file: /tmp/starlink-completed-input.5EaJuD/status-qualified-actual-readonly-v1/wdb.log
# Journal file: /tmp/starlink-completed-input.5EaJuD/status-qualified-actual-readonly-v1/wdb.jou
# Running On: gauss, OS: Linux, CPU Frequency: 5400.000 MHz, CPU Physical cores: 24, Host memory: 132067 MB
#-----------------------------------------------------------
set_param general.maxThreads 2
2
open_wave_database /tmp/starlink-completed-input.5EaJuD/status-qualified-prepared-v1/project/exact_control_actual.sim/sim_1/behav/xsim/tb_starlink_pss_fft_bank_owned_slice_behav.wdb
simulation_1
foreach pat {*exact_extra_kind *exact_extra_faults *exact_extra_stalls *exact_extra_resets *exact_status_samples *exact_status_raw_equal *exact_invalid_status_only *exact_checks *exact_final_faults *exact_owned_stalls *exact_reset_owned *exact_active_checks *exact_consumed *forward_old_valid *epoch *fast_cycle *fft_clk *dut/joiner/input_valid *dut/product_bank_ready *dut/event_last_missing} {foreach obj [get_objects -r -filter "NAME =~ $pat" /*] {puts "FAIL_SAMPLE $obj=[get_value_database -time 1924511525797fs -radix hex $obj]"}}
FAIL_SAMPLE /\tb_starlink_pss_fft_bank_owned_slice(FAST_MHZ=175,EXACT_EXTRA_EPOCHS=1) /exact_reference/exact_extra_kind=<Blank>
FAIL_SAMPLE /\tb_starlink_pss_fft_bank_owned_slice(FAST_MHZ=175,EXACT_EXTRA_EPOCHS=1) /exact_extra_kind=00000001
FAIL_SAMPLE /\tb_starlink_pss_fft_bank_owned_slice(FAST_MHZ=175,EXACT_EXTRA_EPOCHS=1) /exact_reference/exact_extra_faults=<Blank>
FAIL_SAMPLE /\tb_starlink_pss_fft_bank_owned_slice(FAST_MHZ=175,EXACT_EXTRA_EPOCHS=1) /exact_extra_faults=00000001
FAIL_SAMPLE /\tb_starlink_pss_fft_bank_owned_slice(FAST_MHZ=175,EXACT_EXTRA_EPOCHS=1) /exact_reference/exact_extra_stalls=<Blank>
FAIL_SAMPLE /\tb_starlink_pss_fft_bank_owned_slice(FAST_MHZ=175,EXACT_EXTRA_EPOCHS=1) /exact_extra_stalls=00000000
FAIL_SAMPLE /\tb_starlink_pss_fft_bank_owned_slice(FAST_MHZ=175,EXACT_EXTRA_EPOCHS=1) /exact_reference/exact_extra_resets=<Blank>
FAIL_SAMPLE /\tb_starlink_pss_fft_bank_owned_slice(FAST_MHZ=175,EXACT_EXTRA_EPOCHS=1) /exact_extra_resets=00000000
FAIL_SAMPLE /\tb_starlink_pss_fft_bank_owned_slice(FAST_MHZ=175,EXACT_EXTRA_EPOCHS=1) /exact_status_samples=000a472b
FAIL_SAMPLE /\tb_starlink_pss_fft_bank_owned_slice(FAST_MHZ=175,EXACT_EXTRA_EPOCHS=1) /exact_status_raw_equal=000a470e
FAIL_SAMPLE /\tb_starlink_pss_fft_bank_owned_slice(FAST_MHZ=175,EXACT_EXTRA_EPOCHS=1) /exact_invalid_status_only=0000001d
FAIL_SAMPLE /\tb_starlink_pss_fft_bank_owned_slice(FAST_MHZ=175,EXACT_EXTRA_EPOCHS=1) /exact_checks=000a472b
FAIL_SAMPLE /\tb_starlink_pss_fft_bank_owned_slice(FAST_MHZ=175,EXACT_EXTRA_EPOCHS=1) /exact_final_faults=00000001
FAIL_SAMPLE /\tb_starlink_pss_fft_bank_owned_slice(FAST_MHZ=175,EXACT_EXTRA_EPOCHS=1) /exact_owned_stalls=00012320
FAIL_SAMPLE /\tb_starlink_pss_fft_bank_owned_slice(FAST_MHZ=175,EXACT_EXTRA_EPOCHS=1) /exact_reset_owned=00000025
FAIL_SAMPLE /\tb_starlink_pss_fft_bank_owned_slice(FAST_MHZ=175,EXACT_EXTRA_EPOCHS=1) /exact_active_checks=00074304
FAIL_SAMPLE /\tb_starlink_pss_fft_bank_owned_slice(FAST_MHZ=175,EXACT_EXTRA_EPOCHS=1) /exact_consumed=00000024
FAIL_SAMPLE /\tb_starlink_pss_fft_bank_owned_slice(FAST_MHZ=175,EXACT_EXTRA_EPOCHS=1) /exact_reference/forward_old_valid=<Blank>
FAIL_SAMPLE /\tb_starlink_pss_fft_bank_owned_slice(FAST_MHZ=175,EXACT_EXTRA_EPOCHS=1) /forward_old_valid=1
FAIL_SAMPLE /\tb_starlink_pss_fft_bank_owned_slice(FAST_MHZ=175,EXACT_EXTRA_EPOCHS=1) /exact_reference/epoch=<Blank>
FAIL_SAMPLE /\tb_starlink_pss_fft_bank_owned_slice(FAST_MHZ=175,EXACT_EXTRA_EPOCHS=1) /epoch=00000036
FAIL_SAMPLE /\tb_starlink_pss_fft_bank_owned_slice(FAST_MHZ=175,EXACT_EXTRA_EPOCHS=1) /exact_reference/fast_cycle=<Blank>
FAIL_SAMPLE /\tb_starlink_pss_fft_bank_owned_slice(FAST_MHZ=175,EXACT_EXTRA_EPOCHS=1) /fast_cycle=00052395
FAIL_SAMPLE /\tb_starlink_pss_fft_bank_owned_slice(FAST_MHZ=175,EXACT_EXTRA_EPOCHS=1) /dut/fft_clk=<Blank>
FAIL_SAMPLE /\tb_starlink_pss_fft_bank_owned_slice(FAST_MHZ=175,EXACT_EXTRA_EPOCHS=1) /exact_reference/dut/fft_clk=<Blank>
FAIL_SAMPLE /\tb_starlink_pss_fft_bank_owned_slice(FAST_MHZ=175,EXACT_EXTRA_EPOCHS=1) /exact_reference/fft_clk=<Blank>
FAIL_SAMPLE /\tb_starlink_pss_fft_bank_owned_slice(FAST_MHZ=175,EXACT_EXTRA_EPOCHS=1) /fft_clk=1
FAIL_SAMPLE /\tb_starlink_pss_fft_bank_owned_slice(FAST_MHZ=175,EXACT_EXTRA_EPOCHS=1) /dut/joiner/input_valid=<Blank>
FAIL_SAMPLE /\tb_starlink_pss_fft_bank_owned_slice(FAST_MHZ=175,EXACT_EXTRA_EPOCHS=1) /exact_reference/dut/joiner/input_valid=<Blank>
FAIL_SAMPLE /\tb_starlink_pss_fft_bank_owned_slice(FAST_MHZ=175,EXACT_EXTRA_EPOCHS=1) /dut/product_bank_ready=<Blank>
FAIL_SAMPLE /\tb_starlink_pss_fft_bank_owned_slice(FAST_MHZ=175,EXACT_EXTRA_EPOCHS=1) /exact_reference/dut/product_bank_ready=<Blank>
FAIL_SAMPLE /\tb_starlink_pss_fft_bank_owned_slice(FAST_MHZ=175,EXACT_EXTRA_EPOCHS=1) /dut/event_last_missing=<Blank>
FAIL_SAMPLE /\tb_starlink_pss_fft_bank_owned_slice(FAST_MHZ=175,EXACT_EXTRA_EPOCHS=1) /exact_reference/dut/event_last_missing=<Blank>
close_sim -force
INFO: [Simtcl 6-16] Simulation closed
exit
INFO: [Common 17-206] Exiting Vivado at Thu Sep 10 07:48:46 2026...
