Copyright 1986-2022 Xilinx, Inc. All Rights Reserved.
--------------------------------------------------------------------------------------------------------------------------------------------------------------------------------------------------
| Tool Version : Vivado v.2022.2 (lin64) Build 3671981 Fri Oct 14 04:59:54 MDT 2022
| Date         : Thu Sep 10 04:37:34 2026
| Host         : gauss running 64-bit Ubuntu 26.04 LTS
| Command      : report_timing -to product/product_iq_reg/CEP -delay_type max -max_paths 1 -file /tmp/starlink-completed-input.5EaJuD/payload-bubbles-dsp-route-v1/product_product_iq_reg_CEP.rpt
| Design       : starlink_pss_fft_bank_owned_slice
| Device       : 7z010-clg400
| Speed File   : -1  PRODUCTION 1.12 2019-11-22
--------------------------------------------------------------------------------------------------------------------------------------------------------------------------------------------------

Timing Report

Slack (MET) :             1.349ns  (required time - arrival time)
  Source:                 fast_reset_fast_reg[1]/C
                            (rising edge-triggered cell FDCE clocked by island_175  {rise@0.000ns fall@2.857ns period=5.714ns})
  Destination:            product/product_iq_reg/CEP
                            (rising edge-triggered cell DSP48E1 clocked by island_175  {rise@0.000ns fall@2.857ns period=5.714ns})
  Path Group:             island_175
  Path Type:              Setup (Max at Slow Process Corner)
  Requirement:            5.714ns  (island_175 rise@5.714ns - island_175 rise@0.000ns)
  Data Path Delay:        3.757ns  (logic 0.897ns (23.875%)  route 2.860ns (76.125%))
  Logic Levels:           2  (LUT4=1 LUT6=1)
  Clock Path Skew:        -0.049ns (DCD - SCD + CPR)
    Destination Clock Delay (DCD):    0.924ns = ( 6.638 - 5.714 ) 
    Source Clock Delay      (SCD):    0.973ns
    Clock Pessimism Removal (CPR):    0.000ns
  Clock Uncertainty:      0.035ns  ((TSJ^2 + TIJ^2)^1/2 + DJ) / 2 + PE
    Total System Jitter     (TSJ):    0.071ns
    Total Input Jitter      (TIJ):    0.000ns
    Discrete Jitter          (DJ):    0.000ns
    Phase Error              (PE):    0.000ns

    Location             Delay type                Incr(ns)  Path(ns)    Netlist Resource(s)
  -------------------------------------------------------------------    -------------------
                         (clock island_175 rise edge)
                                                      0.000     0.000 r  
                                                      0.000     0.000 r  fft_clk (IN)
                         net (fo=4714, unset)         0.973     0.973    fft_clk
    SLICE_X16Y5          FDCE                                         r  fast_reset_fast_reg[1]/C
  -------------------------------------------------------------------    -------------------
    SLICE_X16Y5          FDCE (Prop_fdce_C_Q)         0.478     1.451 r  fast_reset_fast_reg[1]/Q
                         net (fo=5, routed)           0.914     2.365    product_bank/write_position_reg[8]_0[0]
    SLICE_X16Y5          LUT4 (Prop_lut4_I0_O)        0.295     2.660 f  product_bank/write_position[8]_i_1__1/O
                         net (fo=19, routed)          0.350     3.010    product/sum_bin_index_reg[8]_0
    SLICE_X16Y5          LUT6 (Prop_lut6_I1_O)        0.124     3.134 r  product/product_ii_reg_i_2/O
                         net (fo=8, routed)           1.596     4.730    product/input_fault_reg
    DSP48_X1Y2           DSP48E1                                      r  product/product_iq_reg/CEP
  -------------------------------------------------------------------    -------------------

                         (clock island_175 rise edge)
                                                      5.714     5.714 r  
                                                      0.000     5.714 r  fft_clk (IN)
                         net (fo=4714, unset)         0.924     6.638    product/fft_clk
    DSP48_X1Y2           DSP48E1                                      r  product/product_iq_reg/CLK
                         clock pessimism              0.000     6.638    
                         clock uncertainty           -0.035     6.603    
    DSP48_X1Y2           DSP48E1 (Setup_dsp48e1_CLK_CEP)
                                                     -0.524     6.079    product/product_iq_reg
  -------------------------------------------------------------------
                         required time                          6.079    
                         arrival time                          -4.730    
  -------------------------------------------------------------------
                         slack                                  1.349    




