#-----------------------------------------------------------
# Vivado v2022.2 (64-bit)
# SW Build 3671981 on Fri Oct 14 04:59:54 MDT 2022
# IP Build 3669848 on Fri Oct 14 08:30:02 MDT 2022
# Start of session at: Thu Sep 10 04:37:23 2026
# Process ID: 3205800
# Current directory: /tmp/starlink-coarse-alternatives.Y3JzOI/completed-input-fence/hdl
# Command line: vivado -mode batch -nojournal -log /tmp/starlink-completed-input.5EaJuD/payload-bubbles-dsp-route-v1.log -source library/starlink_pss_acquisition/inventory_payload_dsp_checkpoint.tcl -tclargs /tmp/starlink-completed-input.5EaJuD/payload-bubbles-route-v1/completed_input_diagnostic_routed.dcp aa8ec6210d3e495ca39567bb3dd74eb276c06dbca247e13ac45f60fae060b955 /tmp/starlink-completed-input.5EaJuD/payload-bubbles-dsp-route-v1
# Log file: /tmp/starlink-completed-input.5EaJuD/payload-bubbles-dsp-route-v1.log
# Journal file: 
# Running On: gauss, OS: Linux, CPU Frequency: 5400.054 MHz, CPU Physical cores: 24, Host memory: 132067 MB
#-----------------------------------------------------------
source library/starlink_pss_acquisition/inventory_payload_dsp_checkpoint.tcl
# if {$argc != 3 || [version -short] ne "2022.2"} {
#   error "expected Vivado2022.2 SOURCE_DCP EXPECTED_SHA256 NEW_OUTPUT"
# }
# set source_dcp [file normalize [lindex $argv 0]]
# set expected [lindex $argv 1]
# set output_dir [file normalize [lindex $argv 2]]
# if {[file exists $output_dir]} { error "refusing to overwrite inventory" }
# if {![regexp {^[0-9a-f]{64}$} $expected] ||
#     [lindex [exec sha256sum $source_dcp] 0] ne $expected} {
#   error "unexpected checkpoint input"
# }
# file mkdir $output_dir
# file copy [info script] [file join $output_dir inventory.tcl]
# set_param general.maxThreads 2
# open_checkpoint $source_dcp
Command: open_checkpoint /tmp/starlink-completed-input.5EaJuD/payload-bubbles-route-v1/completed_input_diagnostic_routed.dcp

Starting open_checkpoint Task

Time (s): cpu = 00:00:00.04 ; elapsed = 00:00:00.02 . Memory (MB): peak = 1316.344 ; gain = 0.000 ; free physical = 3673 ; free virtual = 152856
INFO: [Device 21-403] Loading part xc7z010clg400-1
Netlist sorting complete. Time (s): cpu = 00:00:00.03 ; elapsed = 00:00:00.03 . Memory (MB): peak = 1555.715 ; gain = 0.000 ; free physical = 3938 ; free virtual = 153251
INFO: [Netlist 29-17] Analyzing 187 Unisim elements for replacement
INFO: [Netlist 29-28] Unisim Transformation completed in 0 CPU seconds
INFO: [Project 1-479] Netlist was created with Vivado 2022.2
INFO: [Project 1-570] Preparing netlist for logic optimization
INFO: [Timing 38-478] Restoring timing data from binary archive.
INFO: [Timing 38-479] Binary timing data restore complete.
INFO: [Project 1-856] Restoring constraints from binary archive.
INFO: [Project 1-853] Binary constraint restore complete.
Reading XDEF placement.
Reading placer database...
Reading XDEF routing.
Read XDEF Files: Time (s): cpu = 00:00:00.32 ; elapsed = 00:00:00.33 . Memory (MB): peak = 2137.926 ; gain = 5.938 ; free physical = 3499 ; free virtual = 152950
Restored from archive | CPU: 0.330000 secs | Memory: 8.280655 MB |
Finished XDEF File Restore: Time (s): cpu = 00:00:00.32 ; elapsed = 00:00:00.33 . Memory (MB): peak = 2137.926 ; gain = 5.938 ; free physical = 3499 ; free virtual = 152950
Netlist sorting complete. Time (s): cpu = 00:00:00 ; elapsed = 00:00:00 . Memory (MB): peak = 2137.926 ; gain = 0.000 ; free physical = 3499 ; free virtual = 152952
INFO: [Project 1-111] Unisim Transformation Summary:
No Unisim elements were transformed.

INFO: [Project 1-604] Checkpoint was created with Vivado v2022.2 (64-bit) build 3671981
OpenCheckpoint Checksum | Checksum: 2256f07bf
----- Checksum: PlaceDB: 499019da ShapeSum: e296dd07 RouteDB: f94810de 
open_checkpoint: Time (s): cpu = 00:00:08 ; elapsed = 00:00:08 . Memory (MB): peak = 2137.926 ; gain = 821.582 ; free physical = 3499 ; free virtual = 152954
# if {[llength [get_cells -quiet -hier -filter {IS_BLACKBOX == 1}]]} {
#   error "black box in supposedly complete slice"
# }
# report_clocks -file [file join $output_dir clocks.rpt]
# set inventory [open [file join $output_dir dsp_inventory.txt] w]
# puts $inventory "source_dcp=$source_dcp"
# puts $inventory "source_dcp_sha256=$expected"
# puts $inventory "inspection_only=true; no_design_or_constraint_mutation=true"
# set dsps [get_cells -quiet -hier -filter {REF_NAME == DSP48E1}]
# puts $inventory "dsp_count=[llength $dsps]"
# if {[llength $dsps] != 21} { error "unexpected complete-slice DSP count" }
# set product_count 0
# foreach cell [lsort $dsps] {
#   set name [get_property NAME $cell]
#   puts $inventory "\nCELL=$name"
#   # Preserve all actual primitive properties, not preliminary inference text.
#   # Vivado exposes primitive generics under CONFIG.* in some netlist views.
#   foreach property [lsort [list_property $cell]] {
#     puts $inventory "property.$property=[get_property $property $cell]"
#   }
#   if {![string match "product/*" $name]} { continue }
#   incr product_count
#   regsub -all {[^A-Za-z0-9_]} $name _ stem
#   foreach pin [lsort [get_pins -quiet -of_objects $cell -filter {REF_PIN_NAME =~ CE*}]] {
#     set pin_name [get_property REF_PIN_NAME $pin]
#     set nets [get_nets -quiet -segments -of_objects $pin]
#     set drivers [get_pins -quiet -leaf -of_objects $nets -filter {DIRECTION == OUT}]
#     puts $inventory "enable.$pin_name.nets=[lsort $nets]"
#     puts $inventory "enable.$pin_name.drivers=[lsort $drivers]"
#     foreach driver $drivers {
#       foreach driver_cell [get_cells -quiet -of_objects $driver] {
#         set ref [get_property REF_NAME $driver_cell]
#         puts $inventory "enable.$pin_name.driver_cell=$driver_cell ref=$ref"
#         if {[lsearch -exact [list_property $driver_cell] INIT] >= 0} {
#           puts $inventory "enable.$pin_name.driver_INIT=[get_property INIT $driver_cell]"
#         }
#       }
#     }
#     set starts [all_fanin -flat -startpoints_only -to $pin]
#     set cone [all_fanin -flat -only_cells -to $pin]
#     puts $inventory "enable.$pin_name.startpoints=[lsort $starts]"
#     puts $inventory "enable.$pin_name.cone_cells=[lsort $cone]"
#     set counts [dict create]
#     foreach cone_cell $cone {
#       dict incr counts [get_property REF_NAME $cone_cell]
#     }
#     puts $inventory "enable.$pin_name.cone_ref_counts=$counts"
#     set paths [get_timing_paths -quiet -to $pin -delay_type max -max_paths 1]
#     if {[llength $paths]} {
#       set path [lindex $paths 0]
#       puts $inventory "enable.$pin_name.worst_start=[get_property STARTPOINT_PIN $path]"
#       puts $inventory "enable.$pin_name.worst_end=[get_property ENDPOINT_PIN $path]"
#       puts $inventory "enable.$pin_name.slack=[get_property SLACK $path]"
#       report_timing -to $pin -delay_type max -max_paths 1 \
#         -file [file join $output_dir ${stem}_${pin_name}.rpt]
#     } else {
#       puts $inventory "enable.$pin_name.timing_path=none"
#     }
#   }
# }
WARNING: [Vivado 12-8382] 'product/product_ii_reg' is not an AIE cell.  Property 'AIE.COLOCATED_MEMORIES' is only valid on AIE cell(s).
WARNING: [Vivado 12-8382] 'product/product_ii_reg' is not an AIE cell.  Property 'AIE.COLOCATED_NODES' is only valid on AIE cell(s).
WARNING: [Vivado 12-8382] 'product/product_ii_reg' is not an AIE cell.  Property 'AIE.NOT_COLOCATED_MEMORIES' is only valid on AIE cell(s).
WARNING: [Vivado 12-8382] 'product/product_ii_reg' is not an AIE cell.  Property 'AIE.NOT_COLOCATED_NODES' is only valid on AIE cell(s).
WARNING: [Vivado 12-8382] 'product/product_ii_reg' is not an AIE cell.  Property 'AIE.RESERVED_MEMORY.BANK' is only valid on AIE cell(s).
WARNING: [Vivado 12-8382] 'product/product_ii_reg' is not an AIE cell.  Property 'AIE.RESERVED_MEMORY.COLUMN' is only valid on AIE cell(s).
WARNING: [Vivado 12-8382] 'product/product_ii_reg' is not an AIE cell.  Property 'AIE.RESERVED_MEMORY.OFFSET' is only valid on AIE cell(s).
WARNING: [Vivado 12-8382] 'product/product_ii_reg' is not an AIE cell.  Property 'AIE.RESERVED_MEMORY.ROW' is only valid on AIE cell(s).
WARNING: [Vivado 12-8382] 'product/product_ii_reg' is not an AIE cell.  Property 'AIE.RUNTIME' is only valid on AIE cell(s).
WARNING: [Vivado 12-8382] 'product/product_ii_reg' is not an AIE cell.  Property 'AIE.TILE.COLUMN' is only valid on AIE cell(s).
WARNING: [Vivado 12-8382] 'product/product_ii_reg' is not an AIE cell.  Property 'AIE.TILE.NAME' is only valid on AIE cell(s).
WARNING: [Vivado 12-8382] 'product/product_ii_reg' is not an AIE cell.  Property 'AIE.TILE.ROW' is only valid on AIE cell(s).
WARNING: [Common 17-69] Command failed: HD.ISOLATED cannot be applied to a cell in out-of-context module flows
WARNING: [Common 17-69] Command failed: HD.ISOLATED_EXEMPT cannot be applied to a cell in out-of-context module flows
WARNING: [Common 17-69] Command failed: HD.RECONFIGURABLE cannot be applied to a cell in out-of-context module flows
WARNING: [Common 17-69] Command failed: HD.TANDEM can only be applied for target parts that support Tandem flow.
WARNING: [Vivado 12-829] No fanin objects found for 'all_fanin -flat -startpoints_only -to product/GND/G'.
INFO: [Timing 38-78] ReportTimingParams: -to_pins  -max_paths 1 -nworst 1 -delay_type max -sort_by slack.
WARNING: [Vivado 12-829] No fanin objects found for 'all_fanin -flat -startpoints_only -to product/GND/G'.
WARNING: [Vivado 12-829] No fanin objects found for 'all_fanin -flat -startpoints_only -to product/GND/G'.
WARNING: [Vivado 12-829] No fanin objects found for 'all_fanin -flat -startpoints_only -to product/GND/G'.
WARNING: [Vivado 12-829] No fanin objects found for 'all_fanin -flat -startpoints_only -to product/GND/G'.
WARNING: [Vivado 12-829] No fanin objects found for 'all_fanin -flat -startpoints_only -to product/GND/G'.
WARNING: [Vivado 12-829] No fanin objects found for 'all_fanin -flat -startpoints_only -to product/GND/G'.
WARNING: [Vivado 12-829] No fanin objects found for 'all_fanin -flat -startpoints_only -to product/GND/G'.
WARNING: [Vivado 12-829] No fanin objects found for 'all_fanin -flat -startpoints_only -to product/GND/G'.
WARNING: [Vivado 12-829] No fanin objects found for 'all_fanin -flat -startpoints_only -to product/GND/G'.
WARNING: [Vivado 12-829] No fanin objects found for 'all_fanin -flat -startpoints_only -to product/GND/G'.
INFO: [Timing 38-78] ReportTimingParams: -to_pins  -max_paths 1 -nworst 1 -delay_type max -sort_by slack.
WARNING: [Vivado 12-8382] 'product/product_iq_reg' is not an AIE cell.  Property 'AIE.COLOCATED_MEMORIES' is only valid on AIE cell(s).
WARNING: [Vivado 12-8382] 'product/product_iq_reg' is not an AIE cell.  Property 'AIE.COLOCATED_NODES' is only valid on AIE cell(s).
WARNING: [Vivado 12-8382] 'product/product_iq_reg' is not an AIE cell.  Property 'AIE.NOT_COLOCATED_MEMORIES' is only valid on AIE cell(s).
WARNING: [Vivado 12-8382] 'product/product_iq_reg' is not an AIE cell.  Property 'AIE.NOT_COLOCATED_NODES' is only valid on AIE cell(s).
WARNING: [Vivado 12-8382] 'product/product_iq_reg' is not an AIE cell.  Property 'AIE.RESERVED_MEMORY.BANK' is only valid on AIE cell(s).
WARNING: [Vivado 12-8382] 'product/product_iq_reg' is not an AIE cell.  Property 'AIE.RESERVED_MEMORY.COLUMN' is only valid on AIE cell(s).
WARNING: [Vivado 12-8382] 'product/product_iq_reg' is not an AIE cell.  Property 'AIE.RESERVED_MEMORY.OFFSET' is only valid on AIE cell(s).
WARNING: [Vivado 12-8382] 'product/product_iq_reg' is not an AIE cell.  Property 'AIE.RESERVED_MEMORY.ROW' is only valid on AIE cell(s).
WARNING: [Vivado 12-8382] 'product/product_iq_reg' is not an AIE cell.  Property 'AIE.RUNTIME' is only valid on AIE cell(s).
WARNING: [Vivado 12-8382] 'product/product_iq_reg' is not an AIE cell.  Property 'AIE.TILE.COLUMN' is only valid on AIE cell(s).
WARNING: [Vivado 12-8382] 'product/product_iq_reg' is not an AIE cell.  Property 'AIE.TILE.NAME' is only valid on AIE cell(s).
WARNING: [Vivado 12-8382] 'product/product_iq_reg' is not an AIE cell.  Property 'AIE.TILE.ROW' is only valid on AIE cell(s).
WARNING: [Common 17-69] Command failed: HD.ISOLATED cannot be applied to a cell in out-of-context module flows
WARNING: [Common 17-69] Command failed: HD.ISOLATED_EXEMPT cannot be applied to a cell in out-of-context module flows
WARNING: [Common 17-69] Command failed: HD.RECONFIGURABLE cannot be applied to a cell in out-of-context module flows
WARNING: [Common 17-69] Command failed: HD.TANDEM can only be applied for target parts that support Tandem flow.
WARNING: [Vivado 12-829] No fanin objects found for 'all_fanin -flat -startpoints_only -to product/GND/G'.
INFO: [Timing 38-78] ReportTimingParams: -to_pins  -max_paths 1 -nworst 1 -delay_type max -sort_by slack.
WARNING: [Vivado 12-829] No fanin objects found for 'all_fanin -flat -startpoints_only -to product/GND/G'.
WARNING: [Vivado 12-829] No fanin objects found for 'all_fanin -flat -startpoints_only -to product/GND/G'.
WARNING: [Vivado 12-829] No fanin objects found for 'all_fanin -flat -startpoints_only -to product/GND/G'.
WARNING: [Vivado 12-829] No fanin objects found for 'all_fanin -flat -startpoints_only -to product/GND/G'.
WARNING: [Vivado 12-829] No fanin objects found for 'all_fanin -flat -startpoints_only -to product/GND/G'.
WARNING: [Vivado 12-829] No fanin objects found for 'all_fanin -flat -startpoints_only -to product/GND/G'.
WARNING: [Vivado 12-829] No fanin objects found for 'all_fanin -flat -startpoints_only -to product/GND/G'.
WARNING: [Vivado 12-829] No fanin objects found for 'all_fanin -flat -startpoints_only -to product/GND/G'.
WARNING: [Vivado 12-829] No fanin objects found for 'all_fanin -flat -startpoints_only -to product/GND/G'.
WARNING: [Vivado 12-829] No fanin objects found for 'all_fanin -flat -startpoints_only -to product/GND/G'.
INFO: [Timing 38-78] ReportTimingParams: -to_pins  -max_paths 1 -nworst 1 -delay_type max -sort_by slack.
WARNING: [Vivado 12-8382] 'product/sum_imag_reg' is not an AIE cell.  Property 'AIE.COLOCATED_MEMORIES' is only valid on AIE cell(s).
WARNING: [Vivado 12-8382] 'product/sum_imag_reg' is not an AIE cell.  Property 'AIE.COLOCATED_NODES' is only valid on AIE cell(s).
WARNING: [Vivado 12-8382] 'product/sum_imag_reg' is not an AIE cell.  Property 'AIE.NOT_COLOCATED_MEMORIES' is only valid on AIE cell(s).
WARNING: [Vivado 12-8382] 'product/sum_imag_reg' is not an AIE cell.  Property 'AIE.NOT_COLOCATED_NODES' is only valid on AIE cell(s).
WARNING: [Vivado 12-8382] 'product/sum_imag_reg' is not an AIE cell.  Property 'AIE.RESERVED_MEMORY.BANK' is only valid on AIE cell(s).
WARNING: [Vivado 12-8382] 'product/sum_imag_reg' is not an AIE cell.  Property 'AIE.RESERVED_MEMORY.COLUMN' is only valid on AIE cell(s).
WARNING: [Vivado 12-8382] 'product/sum_imag_reg' is not an AIE cell.  Property 'AIE.RESERVED_MEMORY.OFFSET' is only valid on AIE cell(s).
WARNING: [Vivado 12-8382] 'product/sum_imag_reg' is not an AIE cell.  Property 'AIE.RESERVED_MEMORY.ROW' is only valid on AIE cell(s).
WARNING: [Vivado 12-8382] 'product/sum_imag_reg' is not an AIE cell.  Property 'AIE.RUNTIME' is only valid on AIE cell(s).
WARNING: [Vivado 12-8382] 'product/sum_imag_reg' is not an AIE cell.  Property 'AIE.TILE.COLUMN' is only valid on AIE cell(s).
WARNING: [Vivado 12-8382] 'product/sum_imag_reg' is not an AIE cell.  Property 'AIE.TILE.NAME' is only valid on AIE cell(s).
WARNING: [Vivado 12-8382] 'product/sum_imag_reg' is not an AIE cell.  Property 'AIE.TILE.ROW' is only valid on AIE cell(s).
WARNING: [Common 17-69] Command failed: HD.ISOLATED cannot be applied to a cell in out-of-context module flows
WARNING: [Common 17-69] Command failed: HD.ISOLATED_EXEMPT cannot be applied to a cell in out-of-context module flows
WARNING: [Common 17-69] Command failed: HD.RECONFIGURABLE cannot be applied to a cell in out-of-context module flows
WARNING: [Common 17-69] Command failed: HD.TANDEM can only be applied for target parts that support Tandem flow.
WARNING: [Vivado 12-829] No fanin objects found for 'all_fanin -flat -startpoints_only -to product/GND/G'.
INFO: [Timing 38-78] ReportTimingParams: -to_pins  -max_paths 1 -nworst 1 -delay_type max -sort_by slack.
WARNING: [Vivado 12-829] No fanin objects found for 'all_fanin -flat -startpoints_only -to product/GND/G'.
WARNING: [Vivado 12-829] No fanin objects found for 'all_fanin -flat -startpoints_only -to product/GND/G'.
WARNING: [Vivado 12-829] No fanin objects found for 'all_fanin -flat -startpoints_only -to product/GND/G'.
WARNING: [Vivado 12-829] No fanin objects found for 'all_fanin -flat -startpoints_only -to product/GND/G'.
WARNING: [Vivado 12-829] No fanin objects found for 'all_fanin -flat -startpoints_only -to product/GND/G'.
WARNING: [Vivado 12-829] No fanin objects found for 'all_fanin -flat -startpoints_only -to product/GND/G'.
WARNING: [Vivado 12-829] No fanin objects found for 'all_fanin -flat -startpoints_only -to product/GND/G'.
WARNING: [Vivado 12-829] No fanin objects found for 'all_fanin -flat -startpoints_only -to product/GND/G'.
WARNING: [Vivado 12-829] No fanin objects found for 'all_fanin -flat -startpoints_only -to product/GND/G'.
INFO: [Timing 38-78] ReportTimingParams: -to_pins  -max_paths 1 -nworst 1 -delay_type max -sort_by slack.
WARNING: [Vivado 12-829] No fanin objects found for 'all_fanin -flat -startpoints_only -to product/GND/G'.
WARNING: [Vivado 12-8382] 'product/sum_real_reg' is not an AIE cell.  Property 'AIE.COLOCATED_MEMORIES' is only valid on AIE cell(s).
WARNING: [Vivado 12-8382] 'product/sum_real_reg' is not an AIE cell.  Property 'AIE.COLOCATED_NODES' is only valid on AIE cell(s).
WARNING: [Vivado 12-8382] 'product/sum_real_reg' is not an AIE cell.  Property 'AIE.NOT_COLOCATED_MEMORIES' is only valid on AIE cell(s).
WARNING: [Vivado 12-8382] 'product/sum_real_reg' is not an AIE cell.  Property 'AIE.NOT_COLOCATED_NODES' is only valid on AIE cell(s).
WARNING: [Vivado 12-8382] 'product/sum_real_reg' is not an AIE cell.  Property 'AIE.RESERVED_MEMORY.BANK' is only valid on AIE cell(s).
WARNING: [Vivado 12-8382] 'product/sum_real_reg' is not an AIE cell.  Property 'AIE.RESERVED_MEMORY.COLUMN' is only valid on AIE cell(s).
WARNING: [Vivado 12-8382] 'product/sum_real_reg' is not an AIE cell.  Property 'AIE.RESERVED_MEMORY.OFFSET' is only valid on AIE cell(s).
WARNING: [Vivado 12-8382] 'product/sum_real_reg' is not an AIE cell.  Property 'AIE.RESERVED_MEMORY.ROW' is only valid on AIE cell(s).
WARNING: [Vivado 12-8382] 'product/sum_real_reg' is not an AIE cell.  Property 'AIE.RUNTIME' is only valid on AIE cell(s).
WARNING: [Vivado 12-8382] 'product/sum_real_reg' is not an AIE cell.  Property 'AIE.TILE.COLUMN' is only valid on AIE cell(s).
WARNING: [Vivado 12-8382] 'product/sum_real_reg' is not an AIE cell.  Property 'AIE.TILE.NAME' is only valid on AIE cell(s).
WARNING: [Vivado 12-8382] 'product/sum_real_reg' is not an AIE cell.  Property 'AIE.TILE.ROW' is only valid on AIE cell(s).
WARNING: [Common 17-69] Command failed: HD.ISOLATED cannot be applied to a cell in out-of-context module flows
WARNING: [Common 17-69] Command failed: HD.ISOLATED_EXEMPT cannot be applied to a cell in out-of-context module flows
WARNING: [Common 17-69] Command failed: HD.RECONFIGURABLE cannot be applied to a cell in out-of-context module flows
WARNING: [Common 17-69] Command failed: HD.TANDEM can only be applied for target parts that support Tandem flow.
WARNING: [Vivado 12-829] No fanin objects found for 'all_fanin -flat -startpoints_only -to product/GND/G'.
INFO: [Timing 38-78] ReportTimingParams: -to_pins  -max_paths 1 -nworst 1 -delay_type max -sort_by slack.
WARNING: [Vivado 12-829] No fanin objects found for 'all_fanin -flat -startpoints_only -to product/GND/G'.
WARNING: [Vivado 12-829] No fanin objects found for 'all_fanin -flat -startpoints_only -to product/GND/G'.
WARNING: [Vivado 12-829] No fanin objects found for 'all_fanin -flat -startpoints_only -to product/GND/G'.
WARNING: [Vivado 12-829] No fanin objects found for 'all_fanin -flat -startpoints_only -to product/GND/G'.
WARNING: [Vivado 12-829] No fanin objects found for 'all_fanin -flat -startpoints_only -to product/GND/G'.
WARNING: [Vivado 12-829] No fanin objects found for 'all_fanin -flat -startpoints_only -to product/GND/G'.
WARNING: [Vivado 12-829] No fanin objects found for 'all_fanin -flat -startpoints_only -to product/GND/G'.
WARNING: [Vivado 12-829] No fanin objects found for 'all_fanin -flat -startpoints_only -to product/GND/G'.
WARNING: [Vivado 12-829] No fanin objects found for 'all_fanin -flat -startpoints_only -to product/GND/G'.
INFO: [Timing 38-78] ReportTimingParams: -to_pins  -max_paths 1 -nworst 1 -delay_type max -sort_by slack.
WARNING: [Vivado 12-829] No fanin objects found for 'all_fanin -flat -startpoints_only -to product/GND/G'.
WARNING: [Vivado 12-8382] 'shared_xfft/U0/i_synth/xfft_inst/non_floating_point.arch_b.xfft_inst/single_channel.datapath/pe/mult_gen.Mult1/i_cmpy/three_mult_structure.use_dsp.i_dsp48/mult1_preadder_d_plus_a.mult1/mult/use_prim.appDSP48[0].bppDSP48[0].use_dsp.use_dsp48e1.iDSP48E1' is not an AIE cell.  Property 'AIE.COLOCATED_MEMORIES' is only valid on AIE cell(s).
WARNING: [Vivado 12-8382] 'shared_xfft/U0/i_synth/xfft_inst/non_floating_point.arch_b.xfft_inst/single_channel.datapath/pe/mult_gen.Mult1/i_cmpy/three_mult_structure.use_dsp.i_dsp48/mult1_preadder_d_plus_a.mult1/mult/use_prim.appDSP48[0].bppDSP48[0].use_dsp.use_dsp48e1.iDSP48E1' is not an AIE cell.  Property 'AIE.COLOCATED_NODES' is only valid on AIE cell(s).
WARNING: [Vivado 12-8382] 'shared_xfft/U0/i_synth/xfft_inst/non_floating_point.arch_b.xfft_inst/single_channel.datapath/pe/mult_gen.Mult1/i_cmpy/three_mult_structure.use_dsp.i_dsp48/mult1_preadder_d_plus_a.mult1/mult/use_prim.appDSP48[0].bppDSP48[0].use_dsp.use_dsp48e1.iDSP48E1' is not an AIE cell.  Property 'AIE.NOT_COLOCATED_MEMORIES' is only valid on AIE cell(s).
WARNING: [Vivado 12-8382] 'shared_xfft/U0/i_synth/xfft_inst/non_floating_point.arch_b.xfft_inst/single_channel.datapath/pe/mult_gen.Mult1/i_cmpy/three_mult_structure.use_dsp.i_dsp48/mult1_preadder_d_plus_a.mult1/mult/use_prim.appDSP48[0].bppDSP48[0].use_dsp.use_dsp48e1.iDSP48E1' is not an AIE cell.  Property 'AIE.NOT_COLOCATED_NODES' is only valid on AIE cell(s).
WARNING: [Vivado 12-8382] 'shared_xfft/U0/i_synth/xfft_inst/non_floating_point.arch_b.xfft_inst/single_channel.datapath/pe/mult_gen.Mult1/i_cmpy/three_mult_structure.use_dsp.i_dsp48/mult1_preadder_d_plus_a.mult1/mult/use_prim.appDSP48[0].bppDSP48[0].use_dsp.use_dsp48e1.iDSP48E1' is not an AIE cell.  Property 'AIE.RESERVED_MEMORY.BANK' is only valid on AIE cell(s).
WARNING: [Vivado 12-8382] 'shared_xfft/U0/i_synth/xfft_inst/non_floating_point.arch_b.xfft_inst/single_channel.datapath/pe/mult_gen.Mult1/i_cmpy/three_mult_structure.use_dsp.i_dsp48/mult1_preadder_d_plus_a.mult1/mult/use_prim.appDSP48[0].bppDSP48[0].use_dsp.use_dsp48e1.iDSP48E1' is not an AIE cell.  Property 'AIE.RESERVED_MEMORY.COLUMN' is only valid on AIE cell(s).
WARNING: [Vivado 12-8382] 'shared_xfft/U0/i_synth/xfft_inst/non_floating_point.arch_b.xfft_inst/single_channel.datapath/pe/mult_gen.Mult1/i_cmpy/three_mult_structure.use_dsp.i_dsp48/mult1_preadder_d_plus_a.mult1/mult/use_prim.appDSP48[0].bppDSP48[0].use_dsp.use_dsp48e1.iDSP48E1' is not an AIE cell.  Property 'AIE.RESERVED_MEMORY.OFFSET' is only valid on AIE cell(s).
WARNING: [Vivado 12-8382] 'shared_xfft/U0/i_synth/xfft_inst/non_floating_point.arch_b.xfft_inst/single_channel.datapath/pe/mult_gen.Mult1/i_cmpy/three_mult_structure.use_dsp.i_dsp48/mult1_preadder_d_plus_a.mult1/mult/use_prim.appDSP48[0].bppDSP48[0].use_dsp.use_dsp48e1.iDSP48E1' is not an AIE cell.  Property 'AIE.RESERVED_MEMORY.ROW' is only valid on AIE cell(s).
WARNING: [Vivado 12-8382] 'shared_xfft/U0/i_synth/xfft_inst/non_floating_point.arch_b.xfft_inst/single_channel.datapath/pe/mult_gen.Mult1/i_cmpy/three_mult_structure.use_dsp.i_dsp48/mult1_preadder_d_plus_a.mult1/mult/use_prim.appDSP48[0].bppDSP48[0].use_dsp.use_dsp48e1.iDSP48E1' is not an AIE cell.  Property 'AIE.RUNTIME' is only valid on AIE cell(s).
WARNING: [Vivado 12-8382] 'shared_xfft/U0/i_synth/xfft_inst/non_floating_point.arch_b.xfft_inst/single_channel.datapath/pe/mult_gen.Mult1/i_cmpy/three_mult_structure.use_dsp.i_dsp48/mult1_preadder_d_plus_a.mult1/mult/use_prim.appDSP48[0].bppDSP48[0].use_dsp.use_dsp48e1.iDSP48E1' is not an AIE cell.  Property 'AIE.TILE.COLUMN' is only valid on AIE cell(s).
WARNING: [Vivado 12-8382] 'shared_xfft/U0/i_synth/xfft_inst/non_floating_point.arch_b.xfft_inst/single_channel.datapath/pe/mult_gen.Mult1/i_cmpy/three_mult_structure.use_dsp.i_dsp48/mult1_preadder_d_plus_a.mult1/mult/use_prim.appDSP48[0].bppDSP48[0].use_dsp.use_dsp48e1.iDSP48E1' is not an AIE cell.  Property 'AIE.TILE.NAME' is only valid on AIE cell(s).
WARNING: [Vivado 12-8382] 'shared_xfft/U0/i_synth/xfft_inst/non_floating_point.arch_b.xfft_inst/single_channel.datapath/pe/mult_gen.Mult1/i_cmpy/three_mult_structure.use_dsp.i_dsp48/mult1_preadder_d_plus_a.mult1/mult/use_prim.appDSP48[0].bppDSP48[0].use_dsp.use_dsp48e1.iDSP48E1' is not an AIE cell.  Property 'AIE.TILE.ROW' is only valid on AIE cell(s).
WARNING: [Common 17-69] Command failed: HD.ISOLATED cannot be applied to a cell in out-of-context module flows
WARNING: [Common 17-69] Command failed: HD.ISOLATED_EXEMPT cannot be applied to a cell in out-of-context module flows
WARNING: [Common 17-69] Command failed: HD.RECONFIGURABLE cannot be applied to a cell in out-of-context module flows
WARNING: [Common 17-69] Command failed: HD.TANDEM can only be applied for target parts that support Tandem flow.
WARNING: [Vivado 12-8382] 'shared_xfft/U0/i_synth/xfft_inst/non_floating_point.arch_b.xfft_inst/single_channel.datapath/pe/mult_gen.Mult1/i_cmpy/three_mult_structure.use_dsp.i_dsp48/mult2_preadder_d_plus_a.mult2/mult/use_prim.appDSP48[0].bppDSP48[0].use_dsp.use_dsp48e1.iDSP48E1' is not an AIE cell.  Property 'AIE.COLOCATED_MEMORIES' is only valid on AIE cell(s).
WARNING: [Vivado 12-8382] 'shared_xfft/U0/i_synth/xfft_inst/non_floating_point.arch_b.xfft_inst/single_channel.datapath/pe/mult_gen.Mult1/i_cmpy/three_mult_structure.use_dsp.i_dsp48/mult2_preadder_d_plus_a.mult2/mult/use_prim.appDSP48[0].bppDSP48[0].use_dsp.use_dsp48e1.iDSP48E1' is not an AIE cell.  Property 'AIE.COLOCATED_NODES' is only valid on AIE cell(s).
WARNING: [Vivado 12-8382] 'shared_xfft/U0/i_synth/xfft_inst/non_floating_point.arch_b.xfft_inst/single_channel.datapath/pe/mult_gen.Mult1/i_cmpy/three_mult_structure.use_dsp.i_dsp48/mult2_preadder_d_plus_a.mult2/mult/use_prim.appDSP48[0].bppDSP48[0].use_dsp.use_dsp48e1.iDSP48E1' is not an AIE cell.  Property 'AIE.NOT_COLOCATED_MEMORIES' is only valid on AIE cell(s).
WARNING: [Vivado 12-8382] 'shared_xfft/U0/i_synth/xfft_inst/non_floating_point.arch_b.xfft_inst/single_channel.datapath/pe/mult_gen.Mult1/i_cmpy/three_mult_structure.use_dsp.i_dsp48/mult2_preadder_d_plus_a.mult2/mult/use_prim.appDSP48[0].bppDSP48[0].use_dsp.use_dsp48e1.iDSP48E1' is not an AIE cell.  Property 'AIE.NOT_COLOCATED_NODES' is only valid on AIE cell(s).
WARNING: [Vivado 12-8382] 'shared_xfft/U0/i_synth/xfft_inst/non_floating_point.arch_b.xfft_inst/single_channel.datapath/pe/mult_gen.Mult1/i_cmpy/three_mult_structure.use_dsp.i_dsp48/mult2_preadder_d_plus_a.mult2/mult/use_prim.appDSP48[0].bppDSP48[0].use_dsp.use_dsp48e1.iDSP48E1' is not an AIE cell.  Property 'AIE.RESERVED_MEMORY.BANK' is only valid on AIE cell(s).
WARNING: [Vivado 12-8382] 'shared_xfft/U0/i_synth/xfft_inst/non_floating_point.arch_b.xfft_inst/single_channel.datapath/pe/mult_gen.Mult1/i_cmpy/three_mult_structure.use_dsp.i_dsp48/mult2_preadder_d_plus_a.mult2/mult/use_prim.appDSP48[0].bppDSP48[0].use_dsp.use_dsp48e1.iDSP48E1' is not an AIE cell.  Property 'AIE.RESERVED_MEMORY.COLUMN' is only valid on AIE cell(s).
WARNING: [Vivado 12-8382] 'shared_xfft/U0/i_synth/xfft_inst/non_floating_point.arch_b.xfft_inst/single_channel.datapath/pe/mult_gen.Mult1/i_cmpy/three_mult_structure.use_dsp.i_dsp48/mult2_preadder_d_plus_a.mult2/mult/use_prim.appDSP48[0].bppDSP48[0].use_dsp.use_dsp48e1.iDSP48E1' is not an AIE cell.  Property 'AIE.RESERVED_MEMORY.OFFSET' is only valid on AIE cell(s).
WARNING: [Vivado 12-8382] 'shared_xfft/U0/i_synth/xfft_inst/non_floating_point.arch_b.xfft_inst/single_channel.datapath/pe/mult_gen.Mult1/i_cmpy/three_mult_structure.use_dsp.i_dsp48/mult2_preadder_d_plus_a.mult2/mult/use_prim.appDSP48[0].bppDSP48[0].use_dsp.use_dsp48e1.iDSP48E1' is not an AIE cell.  Property 'AIE.RESERVED_MEMORY.ROW' is only valid on AIE cell(s).
WARNING: [Vivado 12-8382] 'shared_xfft/U0/i_synth/xfft_inst/non_floating_point.arch_b.xfft_inst/single_channel.datapath/pe/mult_gen.Mult1/i_cmpy/three_mult_structure.use_dsp.i_dsp48/mult2_preadder_d_plus_a.mult2/mult/use_prim.appDSP48[0].bppDSP48[0].use_dsp.use_dsp48e1.iDSP48E1' is not an AIE cell.  Property 'AIE.RUNTIME' is only valid on AIE cell(s).
WARNING: [Vivado 12-8382] 'shared_xfft/U0/i_synth/xfft_inst/non_floating_point.arch_b.xfft_inst/single_channel.datapath/pe/mult_gen.Mult1/i_cmpy/three_mult_structure.use_dsp.i_dsp48/mult2_preadder_d_plus_a.mult2/mult/use_prim.appDSP48[0].bppDSP48[0].use_dsp.use_dsp48e1.iDSP48E1' is not an AIE cell.  Property 'AIE.TILE.COLUMN' is only valid on AIE cell(s).
WARNING: [Vivado 12-8382] 'shared_xfft/U0/i_synth/xfft_inst/non_floating_point.arch_b.xfft_inst/single_channel.datapath/pe/mult_gen.Mult1/i_cmpy/three_mult_structure.use_dsp.i_dsp48/mult2_preadder_d_plus_a.mult2/mult/use_prim.appDSP48[0].bppDSP48[0].use_dsp.use_dsp48e1.iDSP48E1' is not an AIE cell.  Property 'AIE.TILE.NAME' is only valid on AIE cell(s).
WARNING: [Vivado 12-8382] 'shared_xfft/U0/i_synth/xfft_inst/non_floating_point.arch_b.xfft_inst/single_channel.datapath/pe/mult_gen.Mult1/i_cmpy/three_mult_structure.use_dsp.i_dsp48/mult2_preadder_d_plus_a.mult2/mult/use_prim.appDSP48[0].bppDSP48[0].use_dsp.use_dsp48e1.iDSP48E1' is not an AIE cell.  Property 'AIE.TILE.ROW' is only valid on AIE cell(s).
WARNING: [Common 17-69] Command failed: HD.ISOLATED cannot be applied to a cell in out-of-context module flows
WARNING: [Common 17-69] Command failed: HD.ISOLATED_EXEMPT cannot be applied to a cell in out-of-context module flows
WARNING: [Common 17-69] Command failed: HD.RECONFIGURABLE cannot be applied to a cell in out-of-context module flows
WARNING: [Common 17-69] Command failed: HD.TANDEM can only be applied for target parts that support Tandem flow.
WARNING: [Vivado 12-8382] 'shared_xfft/U0/i_synth/xfft_inst/non_floating_point.arch_b.xfft_inst/single_channel.datapath/pe/mult_gen.Mult1/i_cmpy/three_mult_structure.use_dsp.i_dsp48/mult3_preadder_d_minus_a.mult3/mult/use_prim.appDSP48[0].bppDSP48[0].use_dsp.use_dsp48e1.iDSP48E1' is not an AIE cell.  Property 'AIE.COLOCATED_MEMORIES' is only valid on AIE cell(s).
WARNING: [Vivado 12-8382] 'shared_xfft/U0/i_synth/xfft_inst/non_floating_point.arch_b.xfft_inst/single_channel.datapath/pe/mult_gen.Mult1/i_cmpy/three_mult_structure.use_dsp.i_dsp48/mult3_preadder_d_minus_a.mult3/mult/use_prim.appDSP48[0].bppDSP48[0].use_dsp.use_dsp48e1.iDSP48E1' is not an AIE cell.  Property 'AIE.COLOCATED_NODES' is only valid on AIE cell(s).
WARNING: [Vivado 12-8382] 'shared_xfft/U0/i_synth/xfft_inst/non_floating_point.arch_b.xfft_inst/single_channel.datapath/pe/mult_gen.Mult1/i_cmpy/three_mult_structure.use_dsp.i_dsp48/mult3_preadder_d_minus_a.mult3/mult/use_prim.appDSP48[0].bppDSP48[0].use_dsp.use_dsp48e1.iDSP48E1' is not an AIE cell.  Property 'AIE.NOT_COLOCATED_MEMORIES' is only valid on AIE cell(s).
WARNING: [Vivado 12-8382] 'shared_xfft/U0/i_synth/xfft_inst/non_floating_point.arch_b.xfft_inst/single_channel.datapath/pe/mult_gen.Mult1/i_cmpy/three_mult_structure.use_dsp.i_dsp48/mult3_preadder_d_minus_a.mult3/mult/use_prim.appDSP48[0].bppDSP48[0].use_dsp.use_dsp48e1.iDSP48E1' is not an AIE cell.  Property 'AIE.NOT_COLOCATED_NODES' is only valid on AIE cell(s).
WARNING: [Vivado 12-8382] 'shared_xfft/U0/i_synth/xfft_inst/non_floating_point.arch_b.xfft_inst/single_channel.datapath/pe/mult_gen.Mult1/i_cmpy/three_mult_structure.use_dsp.i_dsp48/mult3_preadder_d_minus_a.mult3/mult/use_prim.appDSP48[0].bppDSP48[0].use_dsp.use_dsp48e1.iDSP48E1' is not an AIE cell.  Property 'AIE.RESERVED_MEMORY.BANK' is only valid on AIE cell(s).
WARNING: [Vivado 12-8382] 'shared_xfft/U0/i_synth/xfft_inst/non_floating_point.arch_b.xfft_inst/single_channel.datapath/pe/mult_gen.Mult1/i_cmpy/three_mult_structure.use_dsp.i_dsp48/mult3_preadder_d_minus_a.mult3/mult/use_prim.appDSP48[0].bppDSP48[0].use_dsp.use_dsp48e1.iDSP48E1' is not an AIE cell.  Property 'AIE.RESERVED_MEMORY.COLUMN' is only valid on AIE cell(s).
WARNING: [Vivado 12-8382] 'shared_xfft/U0/i_synth/xfft_inst/non_floating_point.arch_b.xfft_inst/single_channel.datapath/pe/mult_gen.Mult1/i_cmpy/three_mult_structure.use_dsp.i_dsp48/mult3_preadder_d_minus_a.mult3/mult/use_prim.appDSP48[0].bppDSP48[0].use_dsp.use_dsp48e1.iDSP48E1' is not an AIE cell.  Property 'AIE.RESERVED_MEMORY.OFFSET' is only valid on AIE cell(s).
WARNING: [Vivado 12-8382] 'shared_xfft/U0/i_synth/xfft_inst/non_floating_point.arch_b.xfft_inst/single_channel.datapath/pe/mult_gen.Mult1/i_cmpy/three_mult_structure.use_dsp.i_dsp48/mult3_preadder_d_minus_a.mult3/mult/use_prim.appDSP48[0].bppDSP48[0].use_dsp.use_dsp48e1.iDSP48E1' is not an AIE cell.  Property 'AIE.RESERVED_MEMORY.ROW' is only valid on AIE cell(s).
WARNING: [Vivado 12-8382] 'shared_xfft/U0/i_synth/xfft_inst/non_floating_point.arch_b.xfft_inst/single_channel.datapath/pe/mult_gen.Mult1/i_cmpy/three_mult_structure.use_dsp.i_dsp48/mult3_preadder_d_minus_a.mult3/mult/use_prim.appDSP48[0].bppDSP48[0].use_dsp.use_dsp48e1.iDSP48E1' is not an AIE cell.  Property 'AIE.RUNTIME' is only valid on AIE cell(s).
WARNING: [Vivado 12-8382] 'shared_xfft/U0/i_synth/xfft_inst/non_floating_point.arch_b.xfft_inst/single_channel.datapath/pe/mult_gen.Mult1/i_cmpy/three_mult_structure.use_dsp.i_dsp48/mult3_preadder_d_minus_a.mult3/mult/use_prim.appDSP48[0].bppDSP48[0].use_dsp.use_dsp48e1.iDSP48E1' is not an AIE cell.  Property 'AIE.TILE.COLUMN' is only valid on AIE cell(s).
WARNING: [Vivado 12-8382] 'shared_xfft/U0/i_synth/xfft_inst/non_floating_point.arch_b.xfft_inst/single_channel.datapath/pe/mult_gen.Mult1/i_cmpy/three_mult_structure.use_dsp.i_dsp48/mult3_preadder_d_minus_a.mult3/mult/use_prim.appDSP48[0].bppDSP48[0].use_dsp.use_dsp48e1.iDSP48E1' is not an AIE cell.  Property 'AIE.TILE.NAME' is only valid on AIE cell(s).
WARNING: [Vivado 12-8382] 'shared_xfft/U0/i_synth/xfft_inst/non_floating_point.arch_b.xfft_inst/single_channel.datapath/pe/mult_gen.Mult1/i_cmpy/three_mult_structure.use_dsp.i_dsp48/mult3_preadder_d_minus_a.mult3/mult/use_prim.appDSP48[0].bppDSP48[0].use_dsp.use_dsp48e1.iDSP48E1' is not an AIE cell.  Property 'AIE.TILE.ROW' is only valid on AIE cell(s).
WARNING: [Common 17-69] Command failed: HD.ISOLATED cannot be applied to a cell in out-of-context module flows
WARNING: [Common 17-69] Command failed: HD.ISOLATED_EXEMPT cannot be applied to a cell in out-of-context module flows
WARNING: [Common 17-69] Command failed: HD.RECONFIGURABLE cannot be applied to a cell in out-of-context module flows
WARNING: [Common 17-69] Command failed: HD.TANDEM can only be applied for target parts that support Tandem flow.
WARNING: [Vivado 12-8382] 'shared_xfft/U0/i_synth/xfft_inst/non_floating_point.arch_b.xfft_inst/single_channel.datapath/pe/mult_gen.Mult2/i_cmpy/three_mult_structure.use_dsp.i_dsp48/mult1_preadder_d_plus_a.mult1/mult/use_prim.appDSP48[0].bppDSP48[0].use_dsp.use_dsp48e1.iDSP48E1' is not an AIE cell.  Property 'AIE.COLOCATED_MEMORIES' is only valid on AIE cell(s).
WARNING: [Vivado 12-8382] 'shared_xfft/U0/i_synth/xfft_inst/non_floating_point.arch_b.xfft_inst/single_channel.datapath/pe/mult_gen.Mult2/i_cmpy/three_mult_structure.use_dsp.i_dsp48/mult1_preadder_d_plus_a.mult1/mult/use_prim.appDSP48[0].bppDSP48[0].use_dsp.use_dsp48e1.iDSP48E1' is not an AIE cell.  Property 'AIE.COLOCATED_NODES' is only valid on AIE cell(s).
WARNING: [Vivado 12-8382] 'shared_xfft/U0/i_synth/xfft_inst/non_floating_point.arch_b.xfft_inst/single_channel.datapath/pe/mult_gen.Mult2/i_cmpy/three_mult_structure.use_dsp.i_dsp48/mult1_preadder_d_plus_a.mult1/mult/use_prim.appDSP48[0].bppDSP48[0].use_dsp.use_dsp48e1.iDSP48E1' is not an AIE cell.  Property 'AIE.NOT_COLOCATED_MEMORIES' is only valid on AIE cell(s).
WARNING: [Vivado 12-8382] 'shared_xfft/U0/i_synth/xfft_inst/non_floating_point.arch_b.xfft_inst/single_channel.datapath/pe/mult_gen.Mult2/i_cmpy/three_mult_structure.use_dsp.i_dsp48/mult1_preadder_d_plus_a.mult1/mult/use_prim.appDSP48[0].bppDSP48[0].use_dsp.use_dsp48e1.iDSP48E1' is not an AIE cell.  Property 'AIE.NOT_COLOCATED_NODES' is only valid on AIE cell(s).
WARNING: [Vivado 12-8382] 'shared_xfft/U0/i_synth/xfft_inst/non_floating_point.arch_b.xfft_inst/single_channel.datapath/pe/mult_gen.Mult2/i_cmpy/three_mult_structure.use_dsp.i_dsp48/mult1_preadder_d_plus_a.mult1/mult/use_prim.appDSP48[0].bppDSP48[0].use_dsp.use_dsp48e1.iDSP48E1' is not an AIE cell.  Property 'AIE.RESERVED_MEMORY.BANK' is only valid on AIE cell(s).
WARNING: [Vivado 12-8382] 'shared_xfft/U0/i_synth/xfft_inst/non_floating_point.arch_b.xfft_inst/single_channel.datapath/pe/mult_gen.Mult2/i_cmpy/three_mult_structure.use_dsp.i_dsp48/mult1_preadder_d_plus_a.mult1/mult/use_prim.appDSP48[0].bppDSP48[0].use_dsp.use_dsp48e1.iDSP48E1' is not an AIE cell.  Property 'AIE.RESERVED_MEMORY.COLUMN' is only valid on AIE cell(s).
WARNING: [Vivado 12-8382] 'shared_xfft/U0/i_synth/xfft_inst/non_floating_point.arch_b.xfft_inst/single_channel.datapath/pe/mult_gen.Mult2/i_cmpy/three_mult_structure.use_dsp.i_dsp48/mult1_preadder_d_plus_a.mult1/mult/use_prim.appDSP48[0].bppDSP48[0].use_dsp.use_dsp48e1.iDSP48E1' is not an AIE cell.  Property 'AIE.RESERVED_MEMORY.OFFSET' is only valid on AIE cell(s).
WARNING: [Vivado 12-8382] 'shared_xfft/U0/i_synth/xfft_inst/non_floating_point.arch_b.xfft_inst/single_channel.datapath/pe/mult_gen.Mult2/i_cmpy/three_mult_structure.use_dsp.i_dsp48/mult1_preadder_d_plus_a.mult1/mult/use_prim.appDSP48[0].bppDSP48[0].use_dsp.use_dsp48e1.iDSP48E1' is not an AIE cell.  Property 'AIE.RESERVED_MEMORY.ROW' is only valid on AIE cell(s).
WARNING: [Vivado 12-8382] 'shared_xfft/U0/i_synth/xfft_inst/non_floating_point.arch_b.xfft_inst/single_channel.datapath/pe/mult_gen.Mult2/i_cmpy/three_mult_structure.use_dsp.i_dsp48/mult1_preadder_d_plus_a.mult1/mult/use_prim.appDSP48[0].bppDSP48[0].use_dsp.use_dsp48e1.iDSP48E1' is not an AIE cell.  Property 'AIE.RUNTIME' is only valid on AIE cell(s).
WARNING: [Vivado 12-8382] 'shared_xfft/U0/i_synth/xfft_inst/non_floating_point.arch_b.xfft_inst/single_channel.datapath/pe/mult_gen.Mult2/i_cmpy/three_mult_structure.use_dsp.i_dsp48/mult1_preadder_d_plus_a.mult1/mult/use_prim.appDSP48[0].bppDSP48[0].use_dsp.use_dsp48e1.iDSP48E1' is not an AIE cell.  Property 'AIE.TILE.COLUMN' is only valid on AIE cell(s).
WARNING: [Vivado 12-8382] 'shared_xfft/U0/i_synth/xfft_inst/non_floating_point.arch_b.xfft_inst/single_channel.datapath/pe/mult_gen.Mult2/i_cmpy/three_mult_structure.use_dsp.i_dsp48/mult1_preadder_d_plus_a.mult1/mult/use_prim.appDSP48[0].bppDSP48[0].use_dsp.use_dsp48e1.iDSP48E1' is not an AIE cell.  Property 'AIE.TILE.NAME' is only valid on AIE cell(s).
WARNING: [Vivado 12-8382] 'shared_xfft/U0/i_synth/xfft_inst/non_floating_point.arch_b.xfft_inst/single_channel.datapath/pe/mult_gen.Mult2/i_cmpy/three_mult_structure.use_dsp.i_dsp48/mult1_preadder_d_plus_a.mult1/mult/use_prim.appDSP48[0].bppDSP48[0].use_dsp.use_dsp48e1.iDSP48E1' is not an AIE cell.  Property 'AIE.TILE.ROW' is only valid on AIE cell(s).
WARNING: [Common 17-69] Command failed: HD.ISOLATED cannot be applied to a cell in out-of-context module flows
WARNING: [Common 17-69] Command failed: HD.ISOLATED_EXEMPT cannot be applied to a cell in out-of-context module flows
WARNING: [Common 17-69] Command failed: HD.RECONFIGURABLE cannot be applied to a cell in out-of-context module flows
WARNING: [Common 17-69] Command failed: HD.TANDEM can only be applied for target parts that support Tandem flow.
WARNING: [Vivado 12-8382] 'shared_xfft/U0/i_synth/xfft_inst/non_floating_point.arch_b.xfft_inst/single_channel.datapath/pe/mult_gen.Mult2/i_cmpy/three_mult_structure.use_dsp.i_dsp48/mult2_preadder_d_plus_a.mult2/mult/use_prim.appDSP48[0].bppDSP48[0].use_dsp.use_dsp48e1.iDSP48E1' is not an AIE cell.  Property 'AIE.COLOCATED_MEMORIES' is only valid on AIE cell(s).
WARNING: [Vivado 12-8382] 'shared_xfft/U0/i_synth/xfft_inst/non_floating_point.arch_b.xfft_inst/single_channel.datapath/pe/mult_gen.Mult2/i_cmpy/three_mult_structure.use_dsp.i_dsp48/mult2_preadder_d_plus_a.mult2/mult/use_prim.appDSP48[0].bppDSP48[0].use_dsp.use_dsp48e1.iDSP48E1' is not an AIE cell.  Property 'AIE.COLOCATED_NODES' is only valid on AIE cell(s).
WARNING: [Vivado 12-8382] 'shared_xfft/U0/i_synth/xfft_inst/non_floating_point.arch_b.xfft_inst/single_channel.datapath/pe/mult_gen.Mult2/i_cmpy/three_mult_structure.use_dsp.i_dsp48/mult2_preadder_d_plus_a.mult2/mult/use_prim.appDSP48[0].bppDSP48[0].use_dsp.use_dsp48e1.iDSP48E1' is not an AIE cell.  Property 'AIE.NOT_COLOCATED_MEMORIES' is only valid on AIE cell(s).
WARNING: [Vivado 12-8382] 'shared_xfft/U0/i_synth/xfft_inst/non_floating_point.arch_b.xfft_inst/single_channel.datapath/pe/mult_gen.Mult2/i_cmpy/three_mult_structure.use_dsp.i_dsp48/mult2_preadder_d_plus_a.mult2/mult/use_prim.appDSP48[0].bppDSP48[0].use_dsp.use_dsp48e1.iDSP48E1' is not an AIE cell.  Property 'AIE.NOT_COLOCATED_NODES' is only valid on AIE cell(s).
INFO: [Common 17-14] Message 'Vivado 12-8382' appears 100 times and further instances of the messages will be disabled. Use the Tcl command set_msg_config to change the current settings.
WARNING: [Common 17-69] Command failed: HD.ISOLATED cannot be applied to a cell in out-of-context module flows
WARNING: [Common 17-69] Command failed: HD.ISOLATED_EXEMPT cannot be applied to a cell in out-of-context module flows
WARNING: [Common 17-69] Command failed: HD.RECONFIGURABLE cannot be applied to a cell in out-of-context module flows
WARNING: [Common 17-69] Command failed: HD.TANDEM can only be applied for target parts that support Tandem flow.
WARNING: [Common 17-69] Command failed: HD.ISOLATED cannot be applied to a cell in out-of-context module flows
WARNING: [Common 17-69] Command failed: HD.ISOLATED_EXEMPT cannot be applied to a cell in out-of-context module flows
WARNING: [Common 17-69] Command failed: HD.RECONFIGURABLE cannot be applied to a cell in out-of-context module flows
WARNING: [Common 17-69] Command failed: HD.TANDEM can only be applied for target parts that support Tandem flow.
WARNING: [Common 17-69] Command failed: HD.ISOLATED cannot be applied to a cell in out-of-context module flows
WARNING: [Common 17-69] Command failed: HD.ISOLATED_EXEMPT cannot be applied to a cell in out-of-context module flows
WARNING: [Common 17-69] Command failed: HD.RECONFIGURABLE cannot be applied to a cell in out-of-context module flows
WARNING: [Common 17-69] Command failed: HD.TANDEM can only be applied for target parts that support Tandem flow.
WARNING: [Common 17-69] Command failed: HD.ISOLATED cannot be applied to a cell in out-of-context module flows
WARNING: [Common 17-69] Command failed: HD.ISOLATED_EXEMPT cannot be applied to a cell in out-of-context module flows
WARNING: [Common 17-69] Command failed: HD.RECONFIGURABLE cannot be applied to a cell in out-of-context module flows
WARNING: [Common 17-69] Command failed: HD.TANDEM can only be applied for target parts that support Tandem flow.
WARNING: [Common 17-69] Command failed: HD.ISOLATED cannot be applied to a cell in out-of-context module flows
WARNING: [Common 17-69] Command failed: HD.ISOLATED_EXEMPT cannot be applied to a cell in out-of-context module flows
WARNING: [Common 17-69] Command failed: HD.RECONFIGURABLE cannot be applied to a cell in out-of-context module flows
WARNING: [Common 17-69] Command failed: HD.TANDEM can only be applied for target parts that support Tandem flow.
WARNING: [Common 17-69] Command failed: HD.ISOLATED cannot be applied to a cell in out-of-context module flows
WARNING: [Common 17-69] Command failed: HD.ISOLATED_EXEMPT cannot be applied to a cell in out-of-context module flows
WARNING: [Common 17-69] Command failed: HD.RECONFIGURABLE cannot be applied to a cell in out-of-context module flows
WARNING: [Common 17-69] Command failed: HD.TANDEM can only be applied for target parts that support Tandem flow.
WARNING: [Common 17-69] Command failed: HD.ISOLATED cannot be applied to a cell in out-of-context module flows
WARNING: [Common 17-69] Command failed: HD.ISOLATED_EXEMPT cannot be applied to a cell in out-of-context module flows
WARNING: [Common 17-69] Command failed: HD.RECONFIGURABLE cannot be applied to a cell in out-of-context module flows
WARNING: [Common 17-69] Command failed: HD.TANDEM can only be applied for target parts that support Tandem flow.
WARNING: [Common 17-69] Command failed: HD.ISOLATED cannot be applied to a cell in out-of-context module flows
WARNING: [Common 17-69] Command failed: HD.ISOLATED_EXEMPT cannot be applied to a cell in out-of-context module flows
WARNING: [Common 17-69] Command failed: HD.RECONFIGURABLE cannot be applied to a cell in out-of-context module flows
WARNING: [Common 17-69] Command failed: HD.TANDEM can only be applied for target parts that support Tandem flow.
WARNING: [Common 17-69] Command failed: HD.ISOLATED cannot be applied to a cell in out-of-context module flows
WARNING: [Common 17-69] Command failed: HD.ISOLATED_EXEMPT cannot be applied to a cell in out-of-context module flows
WARNING: [Common 17-69] Command failed: HD.RECONFIGURABLE cannot be applied to a cell in out-of-context module flows
WARNING: [Common 17-69] Command failed: HD.TANDEM can only be applied for target parts that support Tandem flow.
WARNING: [Common 17-69] Command failed: HD.ISOLATED cannot be applied to a cell in out-of-context module flows
WARNING: [Common 17-69] Command failed: HD.ISOLATED_EXEMPT cannot be applied to a cell in out-of-context module flows
WARNING: [Common 17-69] Command failed: HD.RECONFIGURABLE cannot be applied to a cell in out-of-context module flows
WARNING: [Common 17-69] Command failed: HD.TANDEM can only be applied for target parts that support Tandem flow.
WARNING: [Common 17-69] Command failed: HD.ISOLATED cannot be applied to a cell in out-of-context module flows
WARNING: [Common 17-69] Command failed: HD.ISOLATED_EXEMPT cannot be applied to a cell in out-of-context module flows
WARNING: [Common 17-69] Command failed: HD.RECONFIGURABLE cannot be applied to a cell in out-of-context module flows
WARNING: [Common 17-69] Command failed: HD.TANDEM can only be applied for target parts that support Tandem flow.
WARNING: [Common 17-69] Command failed: HD.ISOLATED cannot be applied to a cell in out-of-context module flows
WARNING: [Common 17-69] Command failed: HD.ISOLATED_EXEMPT cannot be applied to a cell in out-of-context module flows
WARNING: [Common 17-69] Command failed: HD.RECONFIGURABLE cannot be applied to a cell in out-of-context module flows
WARNING: [Common 17-69] Command failed: HD.TANDEM can only be applied for target parts that support Tandem flow.
WARNING: [Common 17-69] Command failed: HD.ISOLATED cannot be applied to a cell in out-of-context module flows
WARNING: [Common 17-69] Command failed: HD.ISOLATED_EXEMPT cannot be applied to a cell in out-of-context module flows
WARNING: [Common 17-69] Command failed: HD.RECONFIGURABLE cannot be applied to a cell in out-of-context module flows
WARNING: [Common 17-69] Command failed: HD.TANDEM can only be applied for target parts that support Tandem flow.
# puts $inventory "product_dsp_count=$product_count"
# close $inventory
# if {$product_count != 4} { error "unexpected product DSP hierarchy" }
# close_design
# if {[lindex [exec sha256sum $source_dcp] 0] ne $expected} {
#   error "checkpoint changed during read-only observation"
# }
# puts "PAYLOAD_DSP_CHECKPOINT_INVENTORY_RECORDED_NO_PHYSICAL_MUTATION"
PAYLOAD_DSP_CHECKPOINT_INVENTORY_RECORDED_NO_PHYSICAL_MUTATION
INFO: [Common 17-206] Exiting Vivado at Thu Sep 10 04:37:34 2026...
