Copyright 1986-2022 Xilinx, Inc. All Rights Reserved.
--------------------------------------------------------------------------------------------------------------------------------------------------------------------------------------------------------------------------------------------
| Tool Version : Vivado v.2022.2 (lin64) Build 3671981 Fri Oct 14 04:59:54 MDT 2022
| Date         : Thu Sep 10 15:29:35 2026
| Host         : gauss running 64-bit Ubuntu 26.04 LTS
| Command      : report_timing -from [get_clocks source_100] -to [get_clocks source_100] -delay_type min -max_paths 20 -file /home/mouse9911/gits/starlink-build-recovery-20260910.vHzUVnBz/product-final-route-v1/route/source_100_min.rpt
| Design       : starlink_pss_fft_bank_owned_product_fence
| Device       : 7z010-clg400
| Speed File   : -1  PRODUCTION 1.12 2019-11-22
--------------------------------------------------------------------------------------------------------------------------------------------------------------------------------------------------------------------------------------------

Timing Report

Slack (MET) :             0.100ns  (arrival time - required time)
  Source:                 fast_reset_slow_reg[0]/C
                            (rising edge-triggered cell FDCE clocked by source_100  {rise@0.000ns fall@5.000ns period=10.000ns})
  Destination:            fast_reset_slow_reg[1]/D
                            (rising edge-triggered cell FDCE clocked by source_100  {rise@0.000ns fall@5.000ns period=10.000ns})
  Path Group:             source_100
  Path Type:              Hold (Min at Fast Process Corner)
  Requirement:            0.000ns  (source_100 rise@0.000ns - source_100 rise@0.000ns)
  Data Path Delay:        0.197ns  (logic 0.141ns (71.611%)  route 0.056ns (28.389%))
  Logic Levels:           0  
  Clock Path Skew:        0.022ns (DCD - SCD - CPR)
    Destination Clock Delay (DCD):    0.432ns
    Source Clock Delay      (SCD):    0.410ns
    Clock Pessimism Removal (CPR):    -0.000ns

    Location             Delay type                Incr(ns)  Path(ns)    Netlist Resource(s)
  -------------------------------------------------------------------    -------------------
                         (clock source_100 rise edge)
                                                      0.000     0.000 r  
                                                      0.000     0.000 r  clk (IN)
                         net (fo=205, unset)          0.410     0.410    clk
    SLICE_X1Y7           FDCE                                         r  fast_reset_slow_reg[0]/C
  -------------------------------------------------------------------    -------------------
    SLICE_X1Y7           FDCE (Prop_fdce_C_Q)         0.141     0.551 r  fast_reset_slow_reg[0]/Q
                         net (fo=1, routed)           0.056     0.607    fast_reset_slow[0]
    SLICE_X1Y7           FDCE                                         r  fast_reset_slow_reg[1]/D
  -------------------------------------------------------------------    -------------------

                         (clock source_100 rise edge)
                                                      0.000     0.000 r  
                                                      0.000     0.000 r  clk (IN)
                         net (fo=205, unset)          0.432     0.432    clk
    SLICE_X1Y7           FDCE                                         r  fast_reset_slow_reg[1]/C
                         clock pessimism              0.000     0.432    
    SLICE_X1Y7           FDCE (Hold_fdce_C_D)         0.075     0.507    fast_reset_slow_reg[1]
  -------------------------------------------------------------------
                         required time                         -0.507    
                         arrival time                           0.607    
  -------------------------------------------------------------------
                         slack                                  0.100    

Slack (MET) :             0.100ns  (arrival time - required time)
  Source:                 per_cause_fault_cdc.causes[1].cause_sync_reg[0]/C
                            (rising edge-triggered cell FDRE clocked by source_100  {rise@0.000ns fall@5.000ns period=10.000ns})
  Destination:            per_cause_fault_cdc.causes[1].cause_sync_reg[1]/D
                            (rising edge-triggered cell FDRE clocked by source_100  {rise@0.000ns fall@5.000ns period=10.000ns})
  Path Group:             source_100
  Path Type:              Hold (Min at Fast Process Corner)
  Requirement:            0.000ns  (source_100 rise@0.000ns - source_100 rise@0.000ns)
  Data Path Delay:        0.197ns  (logic 0.141ns (71.611%)  route 0.056ns (28.389%))
  Logic Levels:           0  
  Clock Path Skew:        0.022ns (DCD - SCD - CPR)
    Destination Clock Delay (DCD):    0.432ns
    Source Clock Delay      (SCD):    0.410ns
    Clock Pessimism Removal (CPR):    -0.000ns

    Location             Delay type                Incr(ns)  Path(ns)    Netlist Resource(s)
  -------------------------------------------------------------------    -------------------
                         (clock source_100 rise edge)
                                                      0.000     0.000 r  
                                                      0.000     0.000 r  clk (IN)
                         net (fo=205, unset)          0.410     0.410    clk
    SLICE_X9Y12          FDRE                                         r  per_cause_fault_cdc.causes[1].cause_sync_reg[0]/C
  -------------------------------------------------------------------    -------------------
    SLICE_X9Y12          FDRE (Prop_fdre_C_Q)         0.141     0.551 r  per_cause_fault_cdc.causes[1].cause_sync_reg[0]/Q
                         net (fo=1, routed)           0.056     0.607    per_cause_fault_cdc.causes[1].cause_sync[0]
    SLICE_X9Y12          FDRE                                         r  per_cause_fault_cdc.causes[1].cause_sync_reg[1]/D
  -------------------------------------------------------------------    -------------------

                         (clock source_100 rise edge)
                                                      0.000     0.000 r  
                                                      0.000     0.000 r  clk (IN)
                         net (fo=205, unset)          0.432     0.432    clk
    SLICE_X9Y12          FDRE                                         r  per_cause_fault_cdc.causes[1].cause_sync_reg[1]/C
                         clock pessimism              0.000     0.432    
    SLICE_X9Y12          FDRE (Hold_fdre_C_D)         0.075     0.507    per_cause_fault_cdc.causes[1].cause_sync_reg[1]
  -------------------------------------------------------------------
                         required time                         -0.507    
                         arrival time                           0.607    
  -------------------------------------------------------------------
                         slack                                  0.100    

Slack (MET) :             0.134ns  (arrival time - required time)
  Source:                 per_cause_fault_cdc.causes[3].cause_sync_reg[0]/C
                            (rising edge-triggered cell FDRE clocked by source_100  {rise@0.000ns fall@5.000ns period=10.000ns})
  Destination:            per_cause_fault_cdc.causes[3].cause_sync_reg[1]/D
                            (rising edge-triggered cell FDRE clocked by source_100  {rise@0.000ns fall@5.000ns period=10.000ns})
  Path Group:             source_100
  Path Type:              Hold (Min at Fast Process Corner)
  Requirement:            0.000ns  (source_100 rise@0.000ns - source_100 rise@0.000ns)
  Data Path Delay:        0.220ns  (logic 0.164ns (74.580%)  route 0.056ns (25.420%))
  Logic Levels:           0  
  Clock Path Skew:        0.022ns (DCD - SCD - CPR)
    Destination Clock Delay (DCD):    0.432ns
    Source Clock Delay      (SCD):    0.410ns
    Clock Pessimism Removal (CPR):    -0.000ns

    Location             Delay type                Incr(ns)  Path(ns)    Netlist Resource(s)
  -------------------------------------------------------------------    -------------------
                         (clock source_100 rise edge)
                                                      0.000     0.000 r  
                                                      0.000     0.000 r  clk (IN)
                         net (fo=205, unset)          0.410     0.410    clk
    SLICE_X8Y10          FDRE                                         r  per_cause_fault_cdc.causes[3].cause_sync_reg[0]/C
  -------------------------------------------------------------------    -------------------
    SLICE_X8Y10          FDRE (Prop_fdre_C_Q)         0.164     0.574 r  per_cause_fault_cdc.causes[3].cause_sync_reg[0]/Q
                         net (fo=1, routed)           0.056     0.630    per_cause_fault_cdc.causes[3].cause_sync[0]
    SLICE_X8Y10          FDRE                                         r  per_cause_fault_cdc.causes[3].cause_sync_reg[1]/D
  -------------------------------------------------------------------    -------------------

                         (clock source_100 rise edge)
                                                      0.000     0.000 r  
                                                      0.000     0.000 r  clk (IN)
                         net (fo=205, unset)          0.432     0.432    clk
    SLICE_X8Y10          FDRE                                         r  per_cause_fault_cdc.causes[3].cause_sync_reg[1]/C
                         clock pessimism              0.000     0.432    
    SLICE_X8Y10          FDRE (Hold_fdre_C_D)         0.064     0.496    per_cause_fault_cdc.causes[3].cause_sync_reg[1]
  -------------------------------------------------------------------
                         required time                         -0.496    
                         arrival time                           0.630    
  -------------------------------------------------------------------
                         slack                                  0.134    

Slack (MET) :             0.134ns  (arrival time - required time)
  Source:                 per_cause_fault_cdc.causes[7].cause_sync_reg[0]/C
                            (rising edge-triggered cell FDRE clocked by source_100  {rise@0.000ns fall@5.000ns period=10.000ns})
  Destination:            per_cause_fault_cdc.causes[7].cause_sync_reg[1]/D
                            (rising edge-triggered cell FDRE clocked by source_100  {rise@0.000ns fall@5.000ns period=10.000ns})
  Path Group:             source_100
  Path Type:              Hold (Min at Fast Process Corner)
  Requirement:            0.000ns  (source_100 rise@0.000ns - source_100 rise@0.000ns)
  Data Path Delay:        0.220ns  (logic 0.164ns (74.580%)  route 0.056ns (25.420%))
  Logic Levels:           0  
  Clock Path Skew:        0.022ns (DCD - SCD - CPR)
    Destination Clock Delay (DCD):    0.432ns
    Source Clock Delay      (SCD):    0.410ns
    Clock Pessimism Removal (CPR):    -0.000ns

    Location             Delay type                Incr(ns)  Path(ns)    Netlist Resource(s)
  -------------------------------------------------------------------    -------------------
                         (clock source_100 rise edge)
                                                      0.000     0.000 r  
                                                      0.000     0.000 r  clk (IN)
                         net (fo=205, unset)          0.410     0.410    clk
    SLICE_X8Y10          FDRE                                         r  per_cause_fault_cdc.causes[7].cause_sync_reg[0]/C
  -------------------------------------------------------------------    -------------------
    SLICE_X8Y10          FDRE (Prop_fdre_C_Q)         0.164     0.574 r  per_cause_fault_cdc.causes[7].cause_sync_reg[0]/Q
                         net (fo=1, routed)           0.056     0.630    per_cause_fault_cdc.causes[7].cause_sync[0]
    SLICE_X8Y10          FDRE                                         r  per_cause_fault_cdc.causes[7].cause_sync_reg[1]/D
  -------------------------------------------------------------------    -------------------

                         (clock source_100 rise edge)
                                                      0.000     0.000 r  
                                                      0.000     0.000 r  clk (IN)
                         net (fo=205, unset)          0.432     0.432    clk
    SLICE_X8Y10          FDRE                                         r  per_cause_fault_cdc.causes[7].cause_sync_reg[1]/C
                         clock pessimism              0.000     0.432    
    SLICE_X8Y10          FDRE (Hold_fdre_C_D)         0.064     0.496    per_cause_fault_cdc.causes[7].cause_sync_reg[1]
  -------------------------------------------------------------------
                         required time                         -0.496    
                         arrival time                           0.630    
  -------------------------------------------------------------------
                         slack                                  0.134    

Slack (MET) :             0.134ns  (arrival time - required time)
  Source:                 per_cause_fault_cdc.causes[9].cause_sync_reg[0]/C
                            (rising edge-triggered cell FDRE clocked by source_100  {rise@0.000ns fall@5.000ns period=10.000ns})
  Destination:            per_cause_fault_cdc.causes[9].cause_sync_reg[1]/D
                            (rising edge-triggered cell FDRE clocked by source_100  {rise@0.000ns fall@5.000ns period=10.000ns})
  Path Group:             source_100
  Path Type:              Hold (Min at Fast Process Corner)
  Requirement:            0.000ns  (source_100 rise@0.000ns - source_100 rise@0.000ns)
  Data Path Delay:        0.220ns  (logic 0.164ns (74.580%)  route 0.056ns (25.420%))
  Logic Levels:           0  
  Clock Path Skew:        0.022ns (DCD - SCD - CPR)
    Destination Clock Delay (DCD):    0.432ns
    Source Clock Delay      (SCD):    0.410ns
    Clock Pessimism Removal (CPR):    -0.000ns

    Location             Delay type                Incr(ns)  Path(ns)    Netlist Resource(s)
  -------------------------------------------------------------------    -------------------
                         (clock source_100 rise edge)
                                                      0.000     0.000 r  
                                                      0.000     0.000 r  clk (IN)
                         net (fo=205, unset)          0.410     0.410    clk
    SLICE_X10Y5          FDRE                                         r  per_cause_fault_cdc.causes[9].cause_sync_reg[0]/C
  -------------------------------------------------------------------    -------------------
    SLICE_X10Y5          FDRE (Prop_fdre_C_Q)         0.164     0.574 r  per_cause_fault_cdc.causes[9].cause_sync_reg[0]/Q
                         net (fo=1, routed)           0.056     0.630    per_cause_fault_cdc.causes[9].cause_sync[0]
    SLICE_X10Y5          FDRE                                         r  per_cause_fault_cdc.causes[9].cause_sync_reg[1]/D
  -------------------------------------------------------------------    -------------------

                         (clock source_100 rise edge)
                                                      0.000     0.000 r  
                                                      0.000     0.000 r  clk (IN)
                         net (fo=205, unset)          0.432     0.432    clk
    SLICE_X10Y5          FDRE                                         r  per_cause_fault_cdc.causes[9].cause_sync_reg[1]/C
                         clock pessimism              0.000     0.432    
    SLICE_X10Y5          FDRE (Hold_fdre_C_D)         0.064     0.496    per_cause_fault_cdc.causes[9].cause_sync_reg[1]
  -------------------------------------------------------------------
                         required time                         -0.496    
                         arrival time                           0.630    
  -------------------------------------------------------------------
                         slack                                  0.134    

Slack (MET) :             0.138ns  (arrival time - required time)
  Source:                 output_bank/request_sync_reg[0]/C
                            (rising edge-triggered cell FDRE clocked by source_100  {rise@0.000ns fall@5.000ns period=10.000ns})
  Destination:            output_bank/request_sync_reg[1]/D
                            (rising edge-triggered cell FDRE clocked by source_100  {rise@0.000ns fall@5.000ns period=10.000ns})
  Path Group:             source_100
  Path Type:              Hold (Min at Fast Process Corner)
  Requirement:            0.000ns  (source_100 rise@0.000ns - source_100 rise@0.000ns)
  Data Path Delay:        0.220ns  (logic 0.164ns (74.580%)  route 0.056ns (25.420%))
  Logic Levels:           0  
  Clock Path Skew:        0.022ns (DCD - SCD - CPR)
    Destination Clock Delay (DCD):    0.432ns
    Source Clock Delay      (SCD):    0.410ns
    Clock Pessimism Removal (CPR):    -0.000ns

    Location             Delay type                Incr(ns)  Path(ns)    Netlist Resource(s)
  -------------------------------------------------------------------    -------------------
                         (clock source_100 rise edge)
                                                      0.000     0.000 r  
                                                      0.000     0.000 r  clk (IN)
                         net (fo=205, unset)          0.410     0.410    output_bank/clk
    SLICE_X12Y0          FDRE                                         r  output_bank/request_sync_reg[0]/C
  -------------------------------------------------------------------    -------------------
    SLICE_X12Y0          FDRE (Prop_fdre_C_Q)         0.164     0.574 r  output_bank/request_sync_reg[0]/Q
                         net (fo=1, routed)           0.056     0.630    output_bank/request_sync[0]
    SLICE_X12Y0          FDRE                                         r  output_bank/request_sync_reg[1]/D
  -------------------------------------------------------------------    -------------------

                         (clock source_100 rise edge)
                                                      0.000     0.000 r  
                                                      0.000     0.000 r  clk (IN)
                         net (fo=205, unset)          0.432     0.432    output_bank/clk
    SLICE_X12Y0          FDRE                                         r  output_bank/request_sync_reg[1]/C
                         clock pessimism              0.000     0.432    
    SLICE_X12Y0          FDRE (Hold_fdre_C_D)         0.060     0.492    output_bank/request_sync_reg[1]
  -------------------------------------------------------------------
                         required time                         -0.492    
                         arrival time                           0.630    
  -------------------------------------------------------------------
                         slack                                  0.138    

Slack (MET) :             0.138ns  (arrival time - required time)
  Source:                 per_cause_fault_cdc.causes[0].cause_sync_reg[0]/C
                            (rising edge-triggered cell FDRE clocked by source_100  {rise@0.000ns fall@5.000ns period=10.000ns})
  Destination:            per_cause_fault_cdc.causes[0].cause_sync_reg[1]/D
                            (rising edge-triggered cell FDRE clocked by source_100  {rise@0.000ns fall@5.000ns period=10.000ns})
  Path Group:             source_100
  Path Type:              Hold (Min at Fast Process Corner)
  Requirement:            0.000ns  (source_100 rise@0.000ns - source_100 rise@0.000ns)
  Data Path Delay:        0.220ns  (logic 0.164ns (74.580%)  route 0.056ns (25.420%))
  Logic Levels:           0  
  Clock Path Skew:        0.022ns (DCD - SCD - CPR)
    Destination Clock Delay (DCD):    0.432ns
    Source Clock Delay      (SCD):    0.410ns
    Clock Pessimism Removal (CPR):    -0.000ns

    Location             Delay type                Incr(ns)  Path(ns)    Netlist Resource(s)
  -------------------------------------------------------------------    -------------------
                         (clock source_100 rise edge)
                                                      0.000     0.000 r  
                                                      0.000     0.000 r  clk (IN)
                         net (fo=205, unset)          0.410     0.410    clk
    SLICE_X8Y10          FDRE                                         r  per_cause_fault_cdc.causes[0].cause_sync_reg[0]/C
  -------------------------------------------------------------------    -------------------
    SLICE_X8Y10          FDRE (Prop_fdre_C_Q)         0.164     0.574 r  per_cause_fault_cdc.causes[0].cause_sync_reg[0]/Q
                         net (fo=1, routed)           0.056     0.630    per_cause_fault_cdc.causes[0].cause_sync[0]
    SLICE_X8Y10          FDRE                                         r  per_cause_fault_cdc.causes[0].cause_sync_reg[1]/D
  -------------------------------------------------------------------    -------------------

                         (clock source_100 rise edge)
                                                      0.000     0.000 r  
                                                      0.000     0.000 r  clk (IN)
                         net (fo=205, unset)          0.432     0.432    clk
    SLICE_X8Y10          FDRE                                         r  per_cause_fault_cdc.causes[0].cause_sync_reg[1]/C
                         clock pessimism              0.000     0.432    
    SLICE_X8Y10          FDRE (Hold_fdre_C_D)         0.060     0.492    per_cause_fault_cdc.causes[0].cause_sync_reg[1]
  -------------------------------------------------------------------
                         required time                         -0.492    
                         arrival time                           0.630    
  -------------------------------------------------------------------
                         slack                                  0.138    

Slack (MET) :             0.138ns  (arrival time - required time)
  Source:                 per_cause_fault_cdc.causes[2].cause_sync_reg[0]/C
                            (rising edge-triggered cell FDRE clocked by source_100  {rise@0.000ns fall@5.000ns period=10.000ns})
  Destination:            per_cause_fault_cdc.causes[2].cause_sync_reg[1]/D
                            (rising edge-triggered cell FDRE clocked by source_100  {rise@0.000ns fall@5.000ns period=10.000ns})
  Path Group:             source_100
  Path Type:              Hold (Min at Fast Process Corner)
  Requirement:            0.000ns  (source_100 rise@0.000ns - source_100 rise@0.000ns)
  Data Path Delay:        0.220ns  (logic 0.164ns (74.580%)  route 0.056ns (25.420%))
  Logic Levels:           0  
  Clock Path Skew:        0.022ns (DCD - SCD - CPR)
    Destination Clock Delay (DCD):    0.432ns
    Source Clock Delay      (SCD):    0.410ns
    Clock Pessimism Removal (CPR):    -0.000ns

    Location             Delay type                Incr(ns)  Path(ns)    Netlist Resource(s)
  -------------------------------------------------------------------    -------------------
                         (clock source_100 rise edge)
                                                      0.000     0.000 r  
                                                      0.000     0.000 r  clk (IN)
                         net (fo=205, unset)          0.410     0.410    clk
    SLICE_X10Y5          FDRE                                         r  per_cause_fault_cdc.causes[2].cause_sync_reg[0]/C
  -------------------------------------------------------------------    -------------------
    SLICE_X10Y5          FDRE (Prop_fdre_C_Q)         0.164     0.574 r  per_cause_fault_cdc.causes[2].cause_sync_reg[0]/Q
                         net (fo=1, routed)           0.056     0.630    per_cause_fault_cdc.causes[2].cause_sync[0]
    SLICE_X10Y5          FDRE                                         r  per_cause_fault_cdc.causes[2].cause_sync_reg[1]/D
  -------------------------------------------------------------------    -------------------

                         (clock source_100 rise edge)
                                                      0.000     0.000 r  
                                                      0.000     0.000 r  clk (IN)
                         net (fo=205, unset)          0.432     0.432    clk
    SLICE_X10Y5          FDRE                                         r  per_cause_fault_cdc.causes[2].cause_sync_reg[1]/C
                         clock pessimism              0.000     0.432    
    SLICE_X10Y5          FDRE (Hold_fdre_C_D)         0.060     0.492    per_cause_fault_cdc.causes[2].cause_sync_reg[1]
  -------------------------------------------------------------------
                         required time                         -0.492    
                         arrival time                           0.630    
  -------------------------------------------------------------------
                         slack                                  0.138    

Slack (MET) :             0.138ns  (arrival time - required time)
  Source:                 per_cause_fault_cdc.causes[4].cause_sync_reg[0]/C
                            (rising edge-triggered cell FDRE clocked by source_100  {rise@0.000ns fall@5.000ns period=10.000ns})
  Destination:            per_cause_fault_cdc.causes[4].cause_sync_reg[1]/D
                            (rising edge-triggered cell FDRE clocked by source_100  {rise@0.000ns fall@5.000ns period=10.000ns})
  Path Group:             source_100
  Path Type:              Hold (Min at Fast Process Corner)
  Requirement:            0.000ns  (source_100 rise@0.000ns - source_100 rise@0.000ns)
  Data Path Delay:        0.220ns  (logic 0.164ns (74.580%)  route 0.056ns (25.420%))
  Logic Levels:           0  
  Clock Path Skew:        0.022ns (DCD - SCD - CPR)
    Destination Clock Delay (DCD):    0.432ns
    Source Clock Delay      (SCD):    0.410ns
    Clock Pessimism Removal (CPR):    -0.000ns

    Location             Delay type                Incr(ns)  Path(ns)    Netlist Resource(s)
  -------------------------------------------------------------------    -------------------
                         (clock source_100 rise edge)
                                                      0.000     0.000 r  
                                                      0.000     0.000 r  clk (IN)
                         net (fo=205, unset)          0.410     0.410    clk
    SLICE_X8Y13          FDRE                                         r  per_cause_fault_cdc.causes[4].cause_sync_reg[0]/C
  -------------------------------------------------------------------    -------------------
    SLICE_X8Y13          FDRE (Prop_fdre_C_Q)         0.164     0.574 r  per_cause_fault_cdc.causes[4].cause_sync_reg[0]/Q
                         net (fo=1, routed)           0.056     0.630    per_cause_fault_cdc.causes[4].cause_sync[0]
    SLICE_X8Y13          FDRE                                         r  per_cause_fault_cdc.causes[4].cause_sync_reg[1]/D
  -------------------------------------------------------------------    -------------------

                         (clock source_100 rise edge)
                                                      0.000     0.000 r  
                                                      0.000     0.000 r  clk (IN)
                         net (fo=205, unset)          0.432     0.432    clk
    SLICE_X8Y13          FDRE                                         r  per_cause_fault_cdc.causes[4].cause_sync_reg[1]/C
                         clock pessimism              0.000     0.432    
    SLICE_X8Y13          FDRE (Hold_fdre_C_D)         0.060     0.492    per_cause_fault_cdc.causes[4].cause_sync_reg[1]
  -------------------------------------------------------------------
                         required time                         -0.492    
                         arrival time                           0.630    
  -------------------------------------------------------------------
                         slack                                  0.138    

Slack (MET) :             0.138ns  (arrival time - required time)
  Source:                 slow_reset_slow_reg[0]/C
                            (rising edge-triggered cell FDCE clocked by source_100  {rise@0.000ns fall@5.000ns period=10.000ns})
  Destination:            slow_reset_slow_reg[1]/D
                            (rising edge-triggered cell FDCE clocked by source_100  {rise@0.000ns fall@5.000ns period=10.000ns})
  Path Group:             source_100
  Path Type:              Hold (Min at Fast Process Corner)
  Requirement:            0.000ns  (source_100 rise@0.000ns - source_100 rise@0.000ns)
  Data Path Delay:        0.220ns  (logic 0.164ns (74.580%)  route 0.056ns (25.420%))
  Logic Levels:           0  
  Clock Path Skew:        0.022ns (DCD - SCD - CPR)
    Destination Clock Delay (DCD):    0.432ns
    Source Clock Delay      (SCD):    0.410ns
    Clock Pessimism Removal (CPR):    -0.000ns

    Location             Delay type                Incr(ns)  Path(ns)    Netlist Resource(s)
  -------------------------------------------------------------------    -------------------
                         (clock source_100 rise edge)
                                                      0.000     0.000 r  
                                                      0.000     0.000 r  clk (IN)
                         net (fo=205, unset)          0.410     0.410    clk
    SLICE_X0Y7           FDCE                                         r  slow_reset_slow_reg[0]/C
  -------------------------------------------------------------------    -------------------
    SLICE_X0Y7           FDCE (Prop_fdce_C_Q)         0.164     0.574 r  slow_reset_slow_reg[0]/Q
                         net (fo=1, routed)           0.056     0.630    slow_reset_slow[0]
    SLICE_X0Y7           FDCE                                         r  slow_reset_slow_reg[1]/D
  -------------------------------------------------------------------    -------------------

                         (clock source_100 rise edge)
                                                      0.000     0.000 r  
                                                      0.000     0.000 r  clk (IN)
                         net (fo=205, unset)          0.432     0.432    clk
    SLICE_X0Y7           FDCE                                         r  slow_reset_slow_reg[1]/C
                         clock pessimism              0.000     0.432    
    SLICE_X0Y7           FDCE (Hold_fdce_C_D)         0.060     0.492    slow_reset_slow_reg[1]
  -------------------------------------------------------------------
                         required time                         -0.492    
                         arrival time                           0.630    
  -------------------------------------------------------------------
                         slack                                  0.138    

Slack (MET) :             0.138ns  (arrival time - required time)
  Source:                 source_bank/acknowledge_sync_reg[0]/C
                            (rising edge-triggered cell FDRE clocked by source_100  {rise@0.000ns fall@5.000ns period=10.000ns})
  Destination:            source_bank/acknowledge_sync_reg[1]/D
                            (rising edge-triggered cell FDRE clocked by source_100  {rise@0.000ns fall@5.000ns period=10.000ns})
  Path Group:             source_100
  Path Type:              Hold (Min at Fast Process Corner)
  Requirement:            0.000ns  (source_100 rise@0.000ns - source_100 rise@0.000ns)
  Data Path Delay:        0.220ns  (logic 0.164ns (74.580%)  route 0.056ns (25.420%))
  Logic Levels:           0  
  Clock Path Skew:        0.022ns (DCD - SCD - CPR)
    Destination Clock Delay (DCD):    0.432ns
    Source Clock Delay      (SCD):    0.410ns
    Clock Pessimism Removal (CPR):    -0.000ns

    Location             Delay type                Incr(ns)  Path(ns)    Netlist Resource(s)
  -------------------------------------------------------------------    -------------------
                         (clock source_100 rise edge)
                                                      0.000     0.000 r  
                                                      0.000     0.000 r  clk (IN)
                         net (fo=205, unset)          0.410     0.410    source_bank/clk
    SLICE_X0Y11          FDRE                                         r  source_bank/acknowledge_sync_reg[0]/C
  -------------------------------------------------------------------    -------------------
    SLICE_X0Y11          FDRE (Prop_fdre_C_Q)         0.164     0.574 r  source_bank/acknowledge_sync_reg[0]/Q
                         net (fo=1, routed)           0.056     0.630    source_bank/acknowledge_sync[0]
    SLICE_X0Y11          FDRE                                         r  source_bank/acknowledge_sync_reg[1]/D
  -------------------------------------------------------------------    -------------------

                         (clock source_100 rise edge)
                                                      0.000     0.000 r  
                                                      0.000     0.000 r  clk (IN)
                         net (fo=205, unset)          0.432     0.432    source_bank/clk
    SLICE_X0Y11          FDRE                                         r  source_bank/acknowledge_sync_reg[1]/C
                         clock pessimism              0.000     0.432    
    SLICE_X0Y11          FDRE (Hold_fdre_C_D)         0.060     0.492    source_bank/acknowledge_sync_reg[1]
  -------------------------------------------------------------------
                         required time                         -0.492    
                         arrival time                           0.630    
  -------------------------------------------------------------------
                         slack                                  0.138    

Slack (MET) :             0.145ns  (arrival time - required time)
  Source:                 per_cause_fault_cdc.causes[10].cause_sync_reg[0]/C
                            (rising edge-triggered cell FDRE clocked by source_100  {rise@0.000ns fall@5.000ns period=10.000ns})
  Destination:            per_cause_fault_cdc.causes[10].cause_sync_reg[1]/D
                            (rising edge-triggered cell FDRE clocked by source_100  {rise@0.000ns fall@5.000ns period=10.000ns})
  Path Group:             source_100
  Path Type:              Hold (Min at Fast Process Corner)
  Requirement:            0.000ns  (source_100 rise@0.000ns - source_100 rise@0.000ns)
  Data Path Delay:        0.220ns  (logic 0.164ns (74.580%)  route 0.056ns (25.420%))
  Logic Levels:           0  
  Clock Path Skew:        0.022ns (DCD - SCD - CPR)
    Destination Clock Delay (DCD):    0.432ns
    Source Clock Delay      (SCD):    0.410ns
    Clock Pessimism Removal (CPR):    -0.000ns

    Location             Delay type                Incr(ns)  Path(ns)    Netlist Resource(s)
  -------------------------------------------------------------------    -------------------
                         (clock source_100 rise edge)
                                                      0.000     0.000 r  
                                                      0.000     0.000 r  clk (IN)
                         net (fo=205, unset)          0.410     0.410    clk
    SLICE_X8Y10          FDRE                                         r  per_cause_fault_cdc.causes[10].cause_sync_reg[0]/C
  -------------------------------------------------------------------    -------------------
    SLICE_X8Y10          FDRE (Prop_fdre_C_Q)         0.164     0.574 r  per_cause_fault_cdc.causes[10].cause_sync_reg[0]/Q
                         net (fo=1, routed)           0.056     0.630    per_cause_fault_cdc.causes[10].cause_sync[0]
    SLICE_X8Y10          FDRE                                         r  per_cause_fault_cdc.causes[10].cause_sync_reg[1]/D
  -------------------------------------------------------------------    -------------------

                         (clock source_100 rise edge)
                                                      0.000     0.000 r  
                                                      0.000     0.000 r  clk (IN)
                         net (fo=205, unset)          0.432     0.432    clk
    SLICE_X8Y10          FDRE                                         r  per_cause_fault_cdc.causes[10].cause_sync_reg[1]/C
                         clock pessimism              0.000     0.432    
    SLICE_X8Y10          FDRE (Hold_fdre_C_D)         0.053     0.485    per_cause_fault_cdc.causes[10].cause_sync_reg[1]
  -------------------------------------------------------------------
                         required time                         -0.485    
                         arrival time                           0.630    
  -------------------------------------------------------------------
                         slack                                  0.145    

Slack (MET) :             0.145ns  (arrival time - required time)
  Source:                 per_cause_fault_cdc.causes[6].cause_sync_reg[0]/C
                            (rising edge-triggered cell FDRE clocked by source_100  {rise@0.000ns fall@5.000ns period=10.000ns})
  Destination:            per_cause_fault_cdc.causes[6].cause_sync_reg[1]/D
                            (rising edge-triggered cell FDRE clocked by source_100  {rise@0.000ns fall@5.000ns period=10.000ns})
  Path Group:             source_100
  Path Type:              Hold (Min at Fast Process Corner)
  Requirement:            0.000ns  (source_100 rise@0.000ns - source_100 rise@0.000ns)
  Data Path Delay:        0.220ns  (logic 0.164ns (74.580%)  route 0.056ns (25.420%))
  Logic Levels:           0  
  Clock Path Skew:        0.022ns (DCD - SCD - CPR)
    Destination Clock Delay (DCD):    0.432ns
    Source Clock Delay      (SCD):    0.410ns
    Clock Pessimism Removal (CPR):    -0.000ns

    Location             Delay type                Incr(ns)  Path(ns)    Netlist Resource(s)
  -------------------------------------------------------------------    -------------------
                         (clock source_100 rise edge)
                                                      0.000     0.000 r  
                                                      0.000     0.000 r  clk (IN)
                         net (fo=205, unset)          0.410     0.410    clk
    SLICE_X10Y5          FDRE                                         r  per_cause_fault_cdc.causes[6].cause_sync_reg[0]/C
  -------------------------------------------------------------------    -------------------
    SLICE_X10Y5          FDRE (Prop_fdre_C_Q)         0.164     0.574 r  per_cause_fault_cdc.causes[6].cause_sync_reg[0]/Q
                         net (fo=1, routed)           0.056     0.630    per_cause_fault_cdc.causes[6].cause_sync[0]
    SLICE_X10Y5          FDRE                                         r  per_cause_fault_cdc.causes[6].cause_sync_reg[1]/D
  -------------------------------------------------------------------    -------------------

                         (clock source_100 rise edge)
                                                      0.000     0.000 r  
                                                      0.000     0.000 r  clk (IN)
                         net (fo=205, unset)          0.432     0.432    clk
    SLICE_X10Y5          FDRE                                         r  per_cause_fault_cdc.causes[6].cause_sync_reg[1]/C
                         clock pessimism              0.000     0.432    
    SLICE_X10Y5          FDRE (Hold_fdre_C_D)         0.053     0.485    per_cause_fault_cdc.causes[6].cause_sync_reg[1]
  -------------------------------------------------------------------
                         required time                         -0.485    
                         arrival time                           0.630    
  -------------------------------------------------------------------
                         slack                                  0.145    

Slack (MET) :             0.145ns  (arrival time - required time)
  Source:                 per_cause_fault_cdc.causes[8].cause_sync_reg[0]/C
                            (rising edge-triggered cell FDRE clocked by source_100  {rise@0.000ns fall@5.000ns period=10.000ns})
  Destination:            per_cause_fault_cdc.causes[8].cause_sync_reg[1]/D
                            (rising edge-triggered cell FDRE clocked by source_100  {rise@0.000ns fall@5.000ns period=10.000ns})
  Path Group:             source_100
  Path Type:              Hold (Min at Fast Process Corner)
  Requirement:            0.000ns  (source_100 rise@0.000ns - source_100 rise@0.000ns)
  Data Path Delay:        0.220ns  (logic 0.164ns (74.580%)  route 0.056ns (25.420%))
  Logic Levels:           0  
  Clock Path Skew:        0.022ns (DCD - SCD - CPR)
    Destination Clock Delay (DCD):    0.432ns
    Source Clock Delay      (SCD):    0.410ns
    Clock Pessimism Removal (CPR):    -0.000ns

    Location             Delay type                Incr(ns)  Path(ns)    Netlist Resource(s)
  -------------------------------------------------------------------    -------------------
                         (clock source_100 rise edge)
                                                      0.000     0.000 r  
                                                      0.000     0.000 r  clk (IN)
                         net (fo=205, unset)          0.410     0.410    clk
    SLICE_X8Y13          FDRE                                         r  per_cause_fault_cdc.causes[8].cause_sync_reg[0]/C
  -------------------------------------------------------------------    -------------------
    SLICE_X8Y13          FDRE (Prop_fdre_C_Q)         0.164     0.574 r  per_cause_fault_cdc.causes[8].cause_sync_reg[0]/Q
                         net (fo=1, routed)           0.056     0.630    per_cause_fault_cdc.causes[8].cause_sync[0]
    SLICE_X8Y13          FDRE                                         r  per_cause_fault_cdc.causes[8].cause_sync_reg[1]/D
  -------------------------------------------------------------------    -------------------

                         (clock source_100 rise edge)
                                                      0.000     0.000 r  
                                                      0.000     0.000 r  clk (IN)
                         net (fo=205, unset)          0.432     0.432    clk
    SLICE_X8Y13          FDRE                                         r  per_cause_fault_cdc.causes[8].cause_sync_reg[1]/C
                         clock pessimism              0.000     0.432    
    SLICE_X8Y13          FDRE (Hold_fdre_C_D)         0.053     0.485    per_cause_fault_cdc.causes[8].cause_sync_reg[1]
  -------------------------------------------------------------------
                         required time                         -0.485    
                         arrival time                           0.630    
  -------------------------------------------------------------------
                         slack                                  0.145    

Slack (MET) :             0.178ns  (arrival time - required time)
  Source:                 output_bank/acknowledge_toggle_reg/C
                            (rising edge-triggered cell FDRE clocked by source_100  {rise@0.000ns fall@5.000ns period=10.000ns})
  Destination:            output_bank/reading_reg/D
                            (rising edge-triggered cell FDRE clocked by source_100  {rise@0.000ns fall@5.000ns period=10.000ns})
  Path Group:             source_100
  Path Type:              Hold (Min at Fast Process Corner)
  Requirement:            0.000ns  (source_100 rise@0.000ns - source_100 rise@0.000ns)
  Data Path Delay:        0.320ns  (logic 0.186ns (58.178%)  route 0.134ns (41.822%))
  Logic Levels:           1  (LUT5=1)
  Clock Path Skew:        0.022ns (DCD - SCD - CPR)
    Destination Clock Delay (DCD):    0.432ns
    Source Clock Delay      (SCD):    0.410ns
    Clock Pessimism Removal (CPR):    -0.000ns

    Location             Delay type                Incr(ns)  Path(ns)    Netlist Resource(s)
  -------------------------------------------------------------------    -------------------
                         (clock source_100 rise edge)
                                                      0.000     0.000 r  
                                                      0.000     0.000 r  clk (IN)
                         net (fo=205, unset)          0.410     0.410    output_bank/clk
    SLICE_X1Y3           FDRE                                         r  output_bank/acknowledge_toggle_reg/C
  -------------------------------------------------------------------    -------------------
    SLICE_X1Y3           FDRE (Prop_fdre_C_Q)         0.141     0.551 r  output_bank/acknowledge_toggle_reg/Q
                         net (fo=6, routed)           0.134     0.685    output_bank/acknowledge_toggle
    SLICE_X0Y3           LUT5 (Prop_lut5_I1_O)        0.045     0.730 r  output_bank/reading_i_1/O
                         net (fo=1, routed)           0.000     0.730    output_bank/reading_i_1_n_0
    SLICE_X0Y3           FDRE                                         r  output_bank/reading_reg/D
  -------------------------------------------------------------------    -------------------

                         (clock source_100 rise edge)
                                                      0.000     0.000 r  
                                                      0.000     0.000 r  clk (IN)
                         net (fo=205, unset)          0.432     0.432    output_bank/clk
    SLICE_X0Y3           FDRE                                         r  output_bank/reading_reg/C
                         clock pessimism              0.000     0.432    
    SLICE_X0Y3           FDRE (Hold_fdre_C_D)         0.120     0.552    output_bank/reading_reg
  -------------------------------------------------------------------
                         required time                         -0.552    
                         arrival time                           0.730    
  -------------------------------------------------------------------
                         slack                                  0.178    

Slack (MET) :             0.213ns  (arrival time - required time)
  Source:                 output_bank/reading_reg/C
                            (rising edge-triggered cell FDRE clocked by source_100  {rise@0.000ns fall@5.000ns period=10.000ns})
  Destination:            output_bank/read_all_loaded_reg/D
                            (rising edge-triggered cell FDRE clocked by source_100  {rise@0.000ns fall@5.000ns period=10.000ns})
  Path Group:             source_100
  Path Type:              Hold (Min at Fast Process Corner)
  Requirement:            0.000ns  (source_100 rise@0.000ns - source_100 rise@0.000ns)
  Data Path Delay:        0.326ns  (logic 0.209ns (64.051%)  route 0.117ns (35.949%))
  Logic Levels:           1  (LUT5=1)
  Clock Path Skew:        0.022ns (DCD - SCD - CPR)
    Destination Clock Delay (DCD):    0.432ns
    Source Clock Delay      (SCD):    0.410ns
    Clock Pessimism Removal (CPR):    -0.000ns

    Location             Delay type                Incr(ns)  Path(ns)    Netlist Resource(s)
  -------------------------------------------------------------------    -------------------
                         (clock source_100 rise edge)
                                                      0.000     0.000 r  
                                                      0.000     0.000 r  clk (IN)
                         net (fo=205, unset)          0.410     0.410    output_bank/clk
    SLICE_X0Y3           FDRE                                         r  output_bank/reading_reg/C
  -------------------------------------------------------------------    -------------------
    SLICE_X0Y3           FDRE (Prop_fdre_C_Q)         0.164     0.574 r  output_bank/reading_reg/Q
                         net (fo=5, routed)           0.117     0.691    output_bank/reading
    SLICE_X1Y3           LUT5 (Prop_lut5_I0_O)        0.045     0.736 r  output_bank/read_all_loaded_i_1__1/O
                         net (fo=1, routed)           0.000     0.736    output_bank/read_all_loaded_i_1__1_n_0
    SLICE_X1Y3           FDRE                                         r  output_bank/read_all_loaded_reg/D
  -------------------------------------------------------------------    -------------------

                         (clock source_100 rise edge)
                                                      0.000     0.000 r  
                                                      0.000     0.000 r  clk (IN)
                         net (fo=205, unset)          0.432     0.432    output_bank/clk
    SLICE_X1Y3           FDRE                                         r  output_bank/read_all_loaded_reg/C
                         clock pessimism              0.000     0.432    
    SLICE_X1Y3           FDRE (Hold_fdre_C_D)         0.092     0.524    output_bank/read_all_loaded_reg
  -------------------------------------------------------------------
                         required time                         -0.524    
                         arrival time                           0.736    
  -------------------------------------------------------------------
                         slack                                  0.213    

Slack (MET) :             0.218ns  (arrival time - required time)
  Source:                 output_bank/read_address_reg[5]/C
                            (rising edge-triggered cell FDRE clocked by source_100  {rise@0.000ns fall@5.000ns period=10.000ns})
  Destination:            output_bank/read_output_position_reg[5]/D
                            (rising edge-triggered cell FDRE clocked by source_100  {rise@0.000ns fall@5.000ns period=10.000ns})
  Path Group:             source_100
  Path Type:              Hold (Min at Fast Process Corner)
  Requirement:            0.000ns  (source_100 rise@0.000ns - source_100 rise@0.000ns)
  Data Path Delay:        0.309ns  (logic 0.141ns (45.575%)  route 0.168ns (54.425%))
  Logic Levels:           0  
  Clock Path Skew:        0.022ns (DCD - SCD - CPR)
    Destination Clock Delay (DCD):    0.432ns
    Source Clock Delay      (SCD):    0.410ns
    Clock Pessimism Removal (CPR):    -0.000ns

    Location             Delay type                Incr(ns)  Path(ns)    Netlist Resource(s)
  -------------------------------------------------------------------    -------------------
                         (clock source_100 rise edge)
                                                      0.000     0.000 r  
                                                      0.000     0.000 r  clk (IN)
                         net (fo=205, unset)          0.410     0.410    output_bank/clk
    SLICE_X3Y3           FDRE                                         r  output_bank/read_address_reg[5]/C
  -------------------------------------------------------------------    -------------------
    SLICE_X3Y3           FDRE (Prop_fdre_C_Q)         0.141     0.551 r  output_bank/read_address_reg[5]/Q
                         net (fo=8, routed)           0.168     0.720    output_bank/read_address[5]
    SLICE_X2Y2           FDRE                                         r  output_bank/read_output_position_reg[5]/D
  -------------------------------------------------------------------    -------------------

                         (clock source_100 rise edge)
                                                      0.000     0.000 r  
                                                      0.000     0.000 r  clk (IN)
                         net (fo=205, unset)          0.432     0.432    output_bank/clk
    SLICE_X2Y2           FDRE                                         r  output_bank/read_output_position_reg[5]/C
                         clock pessimism              0.000     0.432    
    SLICE_X2Y2           FDRE (Hold_fdre_C_D)         0.070     0.502    output_bank/read_output_position_reg[5]
  -------------------------------------------------------------------
                         required time                         -0.502    
                         arrival time                           0.720    
  -------------------------------------------------------------------
                         slack                                  0.218    

Slack (MET) :             0.219ns  (arrival time - required time)
  Source:                 output_bank/read_address_reg[0]/C
                            (rising edge-triggered cell FDRE clocked by source_100  {rise@0.000ns fall@5.000ns period=10.000ns})
  Destination:            output_bank/read_address_reg[4]/D
                            (rising edge-triggered cell FDRE clocked by source_100  {rise@0.000ns fall@5.000ns period=10.000ns})
  Path Group:             source_100
  Path Type:              Hold (Min at Fast Process Corner)
  Requirement:            0.000ns  (source_100 rise@0.000ns - source_100 rise@0.000ns)
  Data Path Delay:        0.332ns  (logic 0.186ns (56.099%)  route 0.146ns (43.901%))
  Logic Levels:           1  (LUT6=1)
  Clock Path Skew:        0.022ns (DCD - SCD - CPR)
    Destination Clock Delay (DCD):    0.432ns
    Source Clock Delay      (SCD):    0.410ns
    Clock Pessimism Removal (CPR):    -0.000ns

    Location             Delay type                Incr(ns)  Path(ns)    Netlist Resource(s)
  -------------------------------------------------------------------    -------------------
                         (clock source_100 rise edge)
                                                      0.000     0.000 r  
                                                      0.000     0.000 r  clk (IN)
                         net (fo=205, unset)          0.410     0.410    output_bank/clk
    SLICE_X2Y3           FDRE                                         r  output_bank/read_address_reg[0]/C
  -------------------------------------------------------------------    -------------------
    SLICE_X2Y3           FDRE (Prop_fdre_C_Q)         0.141     0.551 r  output_bank/read_address_reg[0]/Q
                         net (fo=8, routed)           0.146     0.697    output_bank/read_address[0]
    SLICE_X3Y3           LUT6 (Prop_lut6_I2_O)        0.045     0.742 r  output_bank/read_address[4]_i_1/O
                         net (fo=1, routed)           0.000     0.742    output_bank/read_address[4]_i_1_n_0
    SLICE_X3Y3           FDRE                                         r  output_bank/read_address_reg[4]/D
  -------------------------------------------------------------------    -------------------

                         (clock source_100 rise edge)
                                                      0.000     0.000 r  
                                                      0.000     0.000 r  clk (IN)
                         net (fo=205, unset)          0.432     0.432    output_bank/clk
    SLICE_X3Y3           FDRE                                         r  output_bank/read_address_reg[4]/C
                         clock pessimism              0.000     0.432    
    SLICE_X3Y3           FDRE (Hold_fdre_C_D)         0.091     0.523    output_bank/read_address_reg[4]
  -------------------------------------------------------------------
                         required time                         -0.523    
                         arrival time                           0.742    
  -------------------------------------------------------------------
                         slack                                  0.219    

Slack (MET) :             0.226ns  (arrival time - required time)
  Source:                 per_cause_fault_cdc.causes[11].cause_sync_reg[0]/C
                            (rising edge-triggered cell FDRE clocked by source_100  {rise@0.000ns fall@5.000ns period=10.000ns})
  Destination:            per_cause_fault_cdc.causes[11].cause_sync_reg[1]/D
                            (rising edge-triggered cell FDRE clocked by source_100  {rise@0.000ns fall@5.000ns period=10.000ns})
  Path Group:             source_100
  Path Type:              Hold (Min at Fast Process Corner)
  Requirement:            0.000ns  (source_100 rise@0.000ns - source_100 rise@0.000ns)
  Data Path Delay:        0.317ns  (logic 0.141ns (44.418%)  route 0.176ns (55.582%))
  Logic Levels:           0  
  Clock Path Skew:        0.022ns (DCD - SCD - CPR)
    Destination Clock Delay (DCD):    0.432ns
    Source Clock Delay      (SCD):    0.410ns
    Clock Pessimism Removal (CPR):    -0.000ns

    Location             Delay type                Incr(ns)  Path(ns)    Netlist Resource(s)
  -------------------------------------------------------------------    -------------------
                         (clock source_100 rise edge)
                                                      0.000     0.000 r  
                                                      0.000     0.000 r  clk (IN)
                         net (fo=205, unset)          0.410     0.410    clk
    SLICE_X19Y7          FDRE                                         r  per_cause_fault_cdc.causes[11].cause_sync_reg[0]/C
  -------------------------------------------------------------------    -------------------
    SLICE_X19Y7          FDRE (Prop_fdre_C_Q)         0.141     0.551 r  per_cause_fault_cdc.causes[11].cause_sync_reg[0]/Q
                         net (fo=1, routed)           0.176     0.728    per_cause_fault_cdc.causes[11].cause_sync[0]
    SLICE_X19Y7          FDRE                                         r  per_cause_fault_cdc.causes[11].cause_sync_reg[1]/D
  -------------------------------------------------------------------    -------------------

                         (clock source_100 rise edge)
                                                      0.000     0.000 r  
                                                      0.000     0.000 r  clk (IN)
                         net (fo=205, unset)          0.432     0.432    clk
    SLICE_X19Y7          FDRE                                         r  per_cause_fault_cdc.causes[11].cause_sync_reg[1]/C
                         clock pessimism              0.000     0.432    
    SLICE_X19Y7          FDRE (Hold_fdre_C_D)         0.070     0.502    per_cause_fault_cdc.causes[11].cause_sync_reg[1]
  -------------------------------------------------------------------
                         required time                         -0.502    
                         arrival time                           0.728    
  -------------------------------------------------------------------
                         slack                                  0.226    

Slack (MET) :             0.227ns  (arrival time - required time)
  Source:                 output_bank/read_address_reg[0]/C
                            (rising edge-triggered cell FDRE clocked by source_100  {rise@0.000ns fall@5.000ns period=10.000ns})
  Destination:            output_bank/read_output_position_reg[0]/D
                            (rising edge-triggered cell FDRE clocked by source_100  {rise@0.000ns fall@5.000ns period=10.000ns})
  Path Group:             source_100
  Path Type:              Hold (Min at Fast Process Corner)
  Requirement:            0.000ns  (source_100 rise@0.000ns - source_100 rise@0.000ns)
  Data Path Delay:        0.318ns  (logic 0.141ns (44.285%)  route 0.177ns (55.715%))
  Logic Levels:           0  
  Clock Path Skew:        0.022ns (DCD - SCD - CPR)
    Destination Clock Delay (DCD):    0.432ns
    Source Clock Delay      (SCD):    0.410ns
    Clock Pessimism Removal (CPR):    -0.000ns

    Location             Delay type                Incr(ns)  Path(ns)    Netlist Resource(s)
  -------------------------------------------------------------------    -------------------
                         (clock source_100 rise edge)
                                                      0.000     0.000 r  
                                                      0.000     0.000 r  clk (IN)
                         net (fo=205, unset)          0.410     0.410    output_bank/clk
    SLICE_X2Y3           FDRE                                         r  output_bank/read_address_reg[0]/C
  -------------------------------------------------------------------    -------------------
    SLICE_X2Y3           FDRE (Prop_fdre_C_Q)         0.141     0.551 r  output_bank/read_address_reg[0]/Q
                         net (fo=8, routed)           0.177     0.729    output_bank/read_address[0]
    SLICE_X1Y2           FDRE                                         r  output_bank/read_output_position_reg[0]/D
  -------------------------------------------------------------------    -------------------

                         (clock source_100 rise edge)
                                                      0.000     0.000 r  
                                                      0.000     0.000 r  clk (IN)
                         net (fo=205, unset)          0.432     0.432    output_bank/clk
    SLICE_X1Y2           FDRE                                         r  output_bank/read_output_position_reg[0]/C
                         clock pessimism              0.000     0.432    
    SLICE_X1Y2           FDRE (Hold_fdre_C_D)         0.070     0.502    output_bank/read_output_position_reg[0]
  -------------------------------------------------------------------
                         required time                         -0.502    
                         arrival time                           0.729    
  -------------------------------------------------------------------
                         slack                                  0.227    




