Copyright 1986-2022 Xilinx, Inc. All Rights Reserved.
---------------------------------------------------------------------------------------------------------------------------------------------------------------------------------------------------------------------------------------------------
| Tool Version : Vivado v.2022.2 (lin64) Build 3671981 Fri Oct 14 04:59:54 MDT 2022
| Date         : Thu Sep 10 21:39:37 2026
| Host         : gauss running 64-bit Ubuntu 26.04 LTS
| Command      : report_timing -from [get_clocks source_100] -to [get_clocks source_100] -delay_type min -max_paths 20 -file /home/mouse9911/gits/starlink-build-recovery-20260910.vHzUVnBz/checked-route-parent.3lJAqEWe/route/source_100_min.rpt
| Design       : starlink_pss_fft_bank_owned_checked_product
| Device       : 7z010-clg400
| Speed File   : -1  PRODUCTION 1.12 2019-11-22
---------------------------------------------------------------------------------------------------------------------------------------------------------------------------------------------------------------------------------------------------

Timing Report

Slack (MET) :             0.102ns  (arrival time - required time)
  Source:                 per_cause_fault_cdc.causes[3].cause_sync_reg[0]/C
                            (rising edge-triggered cell FDRE clocked by source_100  {rise@0.000ns fall@5.000ns period=10.000ns})
  Destination:            per_cause_fault_cdc.causes[3].cause_sync_reg[1]/D
                            (rising edge-triggered cell FDRE clocked by source_100  {rise@0.000ns fall@5.000ns period=10.000ns})
  Path Group:             source_100
  Path Type:              Hold (Min at Fast Process Corner)
  Requirement:            0.000ns  (source_100 rise@0.000ns - source_100 rise@0.000ns)
  Data Path Delay:        0.200ns  (logic 0.141ns (70.589%)  route 0.059ns (29.411%))
  Logic Levels:           0  
  Clock Path Skew:        0.022ns (DCD - SCD - CPR)
    Destination Clock Delay (DCD):    0.432ns
    Source Clock Delay      (SCD):    0.410ns
    Clock Pessimism Removal (CPR):    -0.000ns

    Location             Delay type                Incr(ns)  Path(ns)    Netlist Resource(s)
  -------------------------------------------------------------------    -------------------
                         (clock source_100 rise edge)
                                                      0.000     0.000 r  
                                                      0.000     0.000 r  clk (IN)
                         net (fo=206, unset)          0.410     0.410    clk
    SLICE_X14Y6          FDRE                                         r  per_cause_fault_cdc.causes[3].cause_sync_reg[0]/C
  -------------------------------------------------------------------    -------------------
    SLICE_X14Y6          FDRE (Prop_fdre_C_Q)         0.141     0.551 r  per_cause_fault_cdc.causes[3].cause_sync_reg[0]/Q
                         net (fo=1, routed)           0.059     0.610    per_cause_fault_cdc.causes[3].cause_sync[0]
    SLICE_X14Y6          FDRE                                         r  per_cause_fault_cdc.causes[3].cause_sync_reg[1]/D
  -------------------------------------------------------------------    -------------------

                         (clock source_100 rise edge)
                                                      0.000     0.000 r  
                                                      0.000     0.000 r  clk (IN)
                         net (fo=206, unset)          0.432     0.432    clk
    SLICE_X14Y6          FDRE                                         r  per_cause_fault_cdc.causes[3].cause_sync_reg[1]/C
                         clock pessimism              0.000     0.432    
    SLICE_X14Y6          FDRE (Hold_fdre_C_D)         0.076     0.508    per_cause_fault_cdc.causes[3].cause_sync_reg[1]
  -------------------------------------------------------------------
                         required time                         -0.508    
                         arrival time                           0.610    
  -------------------------------------------------------------------
                         slack                                  0.102    

Slack (MET) :             0.106ns  (arrival time - required time)
  Source:                 per_cause_fault_cdc.causes[11].cause_sync_reg[0]/C
                            (rising edge-triggered cell FDRE clocked by source_100  {rise@0.000ns fall@5.000ns period=10.000ns})
  Destination:            per_cause_fault_cdc.causes[11].cause_sync_reg[1]/D
                            (rising edge-triggered cell FDRE clocked by source_100  {rise@0.000ns fall@5.000ns period=10.000ns})
  Path Group:             source_100
  Path Type:              Hold (Min at Fast Process Corner)
  Requirement:            0.000ns  (source_100 rise@0.000ns - source_100 rise@0.000ns)
  Data Path Delay:        0.199ns  (logic 0.141ns (70.953%)  route 0.058ns (29.047%))
  Logic Levels:           0  
  Clock Path Skew:        0.022ns (DCD - SCD - CPR)
    Destination Clock Delay (DCD):    0.432ns
    Source Clock Delay      (SCD):    0.410ns
    Clock Pessimism Removal (CPR):    -0.000ns

    Location             Delay type                Incr(ns)  Path(ns)    Netlist Resource(s)
  -------------------------------------------------------------------    -------------------
                         (clock source_100 rise edge)
                                                      0.000     0.000 r  
                                                      0.000     0.000 r  clk (IN)
                         net (fo=206, unset)          0.410     0.410    clk
    SLICE_X14Y6          FDRE                                         r  per_cause_fault_cdc.causes[11].cause_sync_reg[0]/C
  -------------------------------------------------------------------    -------------------
    SLICE_X14Y6          FDRE (Prop_fdre_C_Q)         0.141     0.551 r  per_cause_fault_cdc.causes[11].cause_sync_reg[0]/Q
                         net (fo=1, routed)           0.058     0.609    per_cause_fault_cdc.causes[11].cause_sync[0]
    SLICE_X14Y6          FDRE                                         r  per_cause_fault_cdc.causes[11].cause_sync_reg[1]/D
  -------------------------------------------------------------------    -------------------

                         (clock source_100 rise edge)
                                                      0.000     0.000 r  
                                                      0.000     0.000 r  clk (IN)
                         net (fo=206, unset)          0.432     0.432    clk
    SLICE_X14Y6          FDRE                                         r  per_cause_fault_cdc.causes[11].cause_sync_reg[1]/C
                         clock pessimism              0.000     0.432    
    SLICE_X14Y6          FDRE (Hold_fdre_C_D)         0.071     0.503    per_cause_fault_cdc.causes[11].cause_sync_reg[1]
  -------------------------------------------------------------------
                         required time                         -0.503    
                         arrival time                           0.609    
  -------------------------------------------------------------------
                         slack                                  0.106    

Slack (MET) :             0.134ns  (arrival time - required time)
  Source:                 per_cause_fault_cdc.causes[1].cause_sync_reg[0]/C
                            (rising edge-triggered cell FDRE clocked by source_100  {rise@0.000ns fall@5.000ns period=10.000ns})
  Destination:            per_cause_fault_cdc.causes[1].cause_sync_reg[1]/D
                            (rising edge-triggered cell FDRE clocked by source_100  {rise@0.000ns fall@5.000ns period=10.000ns})
  Path Group:             source_100
  Path Type:              Hold (Min at Fast Process Corner)
  Requirement:            0.000ns  (source_100 rise@0.000ns - source_100 rise@0.000ns)
  Data Path Delay:        0.220ns  (logic 0.164ns (74.580%)  route 0.056ns (25.420%))
  Logic Levels:           0  
  Clock Path Skew:        0.022ns (DCD - SCD - CPR)
    Destination Clock Delay (DCD):    0.432ns
    Source Clock Delay      (SCD):    0.410ns
    Clock Pessimism Removal (CPR):    -0.000ns

    Location             Delay type                Incr(ns)  Path(ns)    Netlist Resource(s)
  -------------------------------------------------------------------    -------------------
                         (clock source_100 rise edge)
                                                      0.000     0.000 r  
                                                      0.000     0.000 r  clk (IN)
                         net (fo=206, unset)          0.410     0.410    clk
    SLICE_X12Y4          FDRE                                         r  per_cause_fault_cdc.causes[1].cause_sync_reg[0]/C
  -------------------------------------------------------------------    -------------------
    SLICE_X12Y4          FDRE (Prop_fdre_C_Q)         0.164     0.574 r  per_cause_fault_cdc.causes[1].cause_sync_reg[0]/Q
                         net (fo=1, routed)           0.056     0.630    per_cause_fault_cdc.causes[1].cause_sync[0]
    SLICE_X12Y4          FDRE                                         r  per_cause_fault_cdc.causes[1].cause_sync_reg[1]/D
  -------------------------------------------------------------------    -------------------

                         (clock source_100 rise edge)
                                                      0.000     0.000 r  
                                                      0.000     0.000 r  clk (IN)
                         net (fo=206, unset)          0.432     0.432    clk
    SLICE_X12Y4          FDRE                                         r  per_cause_fault_cdc.causes[1].cause_sync_reg[1]/C
                         clock pessimism              0.000     0.432    
    SLICE_X12Y4          FDRE (Hold_fdre_C_D)         0.064     0.496    per_cause_fault_cdc.causes[1].cause_sync_reg[1]
  -------------------------------------------------------------------
                         required time                         -0.496    
                         arrival time                           0.630    
  -------------------------------------------------------------------
                         slack                                  0.134    

Slack (MET) :             0.138ns  (arrival time - required time)
  Source:                 fast_reset_slow_reg[0]/C
                            (rising edge-triggered cell FDCE clocked by source_100  {rise@0.000ns fall@5.000ns period=10.000ns})
  Destination:            fast_reset_slow_reg[1]/D
                            (rising edge-triggered cell FDCE clocked by source_100  {rise@0.000ns fall@5.000ns period=10.000ns})
  Path Group:             source_100
  Path Type:              Hold (Min at Fast Process Corner)
  Requirement:            0.000ns  (source_100 rise@0.000ns - source_100 rise@0.000ns)
  Data Path Delay:        0.220ns  (logic 0.164ns (74.580%)  route 0.056ns (25.420%))
  Logic Levels:           0  
  Clock Path Skew:        0.022ns (DCD - SCD - CPR)
    Destination Clock Delay (DCD):    0.432ns
    Source Clock Delay      (SCD):    0.410ns
    Clock Pessimism Removal (CPR):    -0.000ns

    Location             Delay type                Incr(ns)  Path(ns)    Netlist Resource(s)
  -------------------------------------------------------------------    -------------------
                         (clock source_100 rise edge)
                                                      0.000     0.000 r  
                                                      0.000     0.000 r  clk (IN)
                         net (fo=206, unset)          0.410     0.410    clk
    SLICE_X8Y11          FDCE                                         r  fast_reset_slow_reg[0]/C
  -------------------------------------------------------------------    -------------------
    SLICE_X8Y11          FDCE (Prop_fdce_C_Q)         0.164     0.574 r  fast_reset_slow_reg[0]/Q
                         net (fo=1, routed)           0.056     0.630    fast_reset_slow[0]
    SLICE_X8Y11          FDCE                                         r  fast_reset_slow_reg[1]/D
  -------------------------------------------------------------------    -------------------

                         (clock source_100 rise edge)
                                                      0.000     0.000 r  
                                                      0.000     0.000 r  clk (IN)
                         net (fo=206, unset)          0.432     0.432    clk
    SLICE_X8Y11          FDCE                                         r  fast_reset_slow_reg[1]/C
                         clock pessimism              0.000     0.432    
    SLICE_X8Y11          FDCE (Hold_fdce_C_D)         0.060     0.492    fast_reset_slow_reg[1]
  -------------------------------------------------------------------
                         required time                         -0.492    
                         arrival time                           0.630    
  -------------------------------------------------------------------
                         slack                                  0.138    

Slack (MET) :             0.138ns  (arrival time - required time)
  Source:                 per_cause_fault_cdc.causes[2].cause_sync_reg[0]/C
                            (rising edge-triggered cell FDRE clocked by source_100  {rise@0.000ns fall@5.000ns period=10.000ns})
  Destination:            per_cause_fault_cdc.causes[2].cause_sync_reg[1]/D
                            (rising edge-triggered cell FDRE clocked by source_100  {rise@0.000ns fall@5.000ns period=10.000ns})
  Path Group:             source_100
  Path Type:              Hold (Min at Fast Process Corner)
  Requirement:            0.000ns  (source_100 rise@0.000ns - source_100 rise@0.000ns)
  Data Path Delay:        0.220ns  (logic 0.164ns (74.580%)  route 0.056ns (25.420%))
  Logic Levels:           0  
  Clock Path Skew:        0.022ns (DCD - SCD - CPR)
    Destination Clock Delay (DCD):    0.432ns
    Source Clock Delay      (SCD):    0.410ns
    Clock Pessimism Removal (CPR):    -0.000ns

    Location             Delay type                Incr(ns)  Path(ns)    Netlist Resource(s)
  -------------------------------------------------------------------    -------------------
                         (clock source_100 rise edge)
                                                      0.000     0.000 r  
                                                      0.000     0.000 r  clk (IN)
                         net (fo=206, unset)          0.410     0.410    clk
    SLICE_X12Y4          FDRE                                         r  per_cause_fault_cdc.causes[2].cause_sync_reg[0]/C
  -------------------------------------------------------------------    -------------------
    SLICE_X12Y4          FDRE (Prop_fdre_C_Q)         0.164     0.574 r  per_cause_fault_cdc.causes[2].cause_sync_reg[0]/Q
                         net (fo=1, routed)           0.056     0.630    per_cause_fault_cdc.causes[2].cause_sync[0]
    SLICE_X12Y4          FDRE                                         r  per_cause_fault_cdc.causes[2].cause_sync_reg[1]/D
  -------------------------------------------------------------------    -------------------

                         (clock source_100 rise edge)
                                                      0.000     0.000 r  
                                                      0.000     0.000 r  clk (IN)
                         net (fo=206, unset)          0.432     0.432    clk
    SLICE_X12Y4          FDRE                                         r  per_cause_fault_cdc.causes[2].cause_sync_reg[1]/C
                         clock pessimism              0.000     0.432    
    SLICE_X12Y4          FDRE (Hold_fdre_C_D)         0.060     0.492    per_cause_fault_cdc.causes[2].cause_sync_reg[1]
  -------------------------------------------------------------------
                         required time                         -0.492    
                         arrival time                           0.630    
  -------------------------------------------------------------------
                         slack                                  0.138    

Slack (MET) :             0.138ns  (arrival time - required time)
  Source:                 slow_reset_slow_reg[0]/C
                            (rising edge-triggered cell FDCE clocked by source_100  {rise@0.000ns fall@5.000ns period=10.000ns})
  Destination:            slow_reset_slow_reg[1]/D
                            (rising edge-triggered cell FDCE clocked by source_100  {rise@0.000ns fall@5.000ns period=10.000ns})
  Path Group:             source_100
  Path Type:              Hold (Min at Fast Process Corner)
  Requirement:            0.000ns  (source_100 rise@0.000ns - source_100 rise@0.000ns)
  Data Path Delay:        0.220ns  (logic 0.164ns (74.580%)  route 0.056ns (25.420%))
  Logic Levels:           0  
  Clock Path Skew:        0.022ns (DCD - SCD - CPR)
    Destination Clock Delay (DCD):    0.432ns
    Source Clock Delay      (SCD):    0.410ns
    Clock Pessimism Removal (CPR):    -0.000ns

    Location             Delay type                Incr(ns)  Path(ns)    Netlist Resource(s)
  -------------------------------------------------------------------    -------------------
                         (clock source_100 rise edge)
                                                      0.000     0.000 r  
                                                      0.000     0.000 r  clk (IN)
                         net (fo=206, unset)          0.410     0.410    clk
    SLICE_X12Y12         FDCE                                         r  slow_reset_slow_reg[0]/C
  -------------------------------------------------------------------    -------------------
    SLICE_X12Y12         FDCE (Prop_fdce_C_Q)         0.164     0.574 r  slow_reset_slow_reg[0]/Q
                         net (fo=1, routed)           0.056     0.630    slow_reset_slow[0]
    SLICE_X12Y12         FDCE                                         r  slow_reset_slow_reg[1]/D
  -------------------------------------------------------------------    -------------------

                         (clock source_100 rise edge)
                                                      0.000     0.000 r  
                                                      0.000     0.000 r  clk (IN)
                         net (fo=206, unset)          0.432     0.432    clk
    SLICE_X12Y12         FDCE                                         r  slow_reset_slow_reg[1]/C
                         clock pessimism              0.000     0.432    
    SLICE_X12Y12         FDCE (Hold_fdce_C_D)         0.060     0.492    slow_reset_slow_reg[1]
  -------------------------------------------------------------------
                         required time                         -0.492    
                         arrival time                           0.630    
  -------------------------------------------------------------------
                         slack                                  0.138    

Slack (MET) :             0.158ns  (arrival time - required time)
  Source:                 per_cause_fault_cdc.causes[8].cause_sync_reg[0]/C
                            (rising edge-triggered cell FDRE clocked by source_100  {rise@0.000ns fall@5.000ns period=10.000ns})
  Destination:            per_cause_fault_cdc.causes[8].cause_sync_reg[1]/D
                            (rising edge-triggered cell FDRE clocked by source_100  {rise@0.000ns fall@5.000ns period=10.000ns})
  Path Group:             source_100
  Path Type:              Hold (Min at Fast Process Corner)
  Requirement:            0.000ns  (source_100 rise@0.000ns - source_100 rise@0.000ns)
  Data Path Delay:        0.258ns  (logic 0.141ns (54.753%)  route 0.117ns (45.247%))
  Logic Levels:           0  
  Clock Path Skew:        0.022ns (DCD - SCD - CPR)
    Destination Clock Delay (DCD):    0.432ns
    Source Clock Delay      (SCD):    0.410ns
    Clock Pessimism Removal (CPR):    -0.000ns

    Location             Delay type                Incr(ns)  Path(ns)    Netlist Resource(s)
  -------------------------------------------------------------------    -------------------
                         (clock source_100 rise edge)
                                                      0.000     0.000 r  
                                                      0.000     0.000 r  clk (IN)
                         net (fo=206, unset)          0.410     0.410    clk
    SLICE_X14Y6          FDRE                                         r  per_cause_fault_cdc.causes[8].cause_sync_reg[0]/C
  -------------------------------------------------------------------    -------------------
    SLICE_X14Y6          FDRE (Prop_fdre_C_Q)         0.141     0.551 r  per_cause_fault_cdc.causes[8].cause_sync_reg[0]/Q
                         net (fo=1, routed)           0.117     0.668    per_cause_fault_cdc.causes[8].cause_sync[0]
    SLICE_X14Y6          FDRE                                         r  per_cause_fault_cdc.causes[8].cause_sync_reg[1]/D
  -------------------------------------------------------------------    -------------------

                         (clock source_100 rise edge)
                                                      0.000     0.000 r  
                                                      0.000     0.000 r  clk (IN)
                         net (fo=206, unset)          0.432     0.432    clk
    SLICE_X14Y6          FDRE                                         r  per_cause_fault_cdc.causes[8].cause_sync_reg[1]/C
                         clock pessimism              0.000     0.432    
    SLICE_X14Y6          FDRE (Hold_fdre_C_D)         0.078     0.510    per_cause_fault_cdc.causes[8].cause_sync_reg[1]
  -------------------------------------------------------------------
                         required time                         -0.510    
                         arrival time                           0.668    
  -------------------------------------------------------------------
                         slack                                  0.158    

Slack (MET) :             0.164ns  (arrival time - required time)
  Source:                 per_cause_fault_cdc.causes[6].cause_sync_reg[0]/C
                            (rising edge-triggered cell FDRE clocked by source_100  {rise@0.000ns fall@5.000ns period=10.000ns})
  Destination:            per_cause_fault_cdc.causes[6].cause_sync_reg[1]/D
                            (rising edge-triggered cell FDRE clocked by source_100  {rise@0.000ns fall@5.000ns period=10.000ns})
  Path Group:             source_100
  Path Type:              Hold (Min at Fast Process Corner)
  Requirement:            0.000ns  (source_100 rise@0.000ns - source_100 rise@0.000ns)
  Data Path Delay:        0.207ns  (logic 0.148ns (71.409%)  route 0.059ns (28.591%))
  Logic Levels:           0  
  Clock Path Skew:        0.022ns (DCD - SCD - CPR)
    Destination Clock Delay (DCD):    0.432ns
    Source Clock Delay      (SCD):    0.410ns
    Clock Pessimism Removal (CPR):    -0.000ns

    Location             Delay type                Incr(ns)  Path(ns)    Netlist Resource(s)
  -------------------------------------------------------------------    -------------------
                         (clock source_100 rise edge)
                                                      0.000     0.000 r  
                                                      0.000     0.000 r  clk (IN)
                         net (fo=206, unset)          0.410     0.410    clk
    SLICE_X8Y4           FDRE                                         r  per_cause_fault_cdc.causes[6].cause_sync_reg[0]/C
  -------------------------------------------------------------------    -------------------
    SLICE_X8Y4           FDRE (Prop_fdre_C_Q)         0.148     0.558 r  per_cause_fault_cdc.causes[6].cause_sync_reg[0]/Q
                         net (fo=1, routed)           0.059     0.617    per_cause_fault_cdc.causes[6].cause_sync[0]
    SLICE_X8Y4           FDRE                                         r  per_cause_fault_cdc.causes[6].cause_sync_reg[1]/D
  -------------------------------------------------------------------    -------------------

                         (clock source_100 rise edge)
                                                      0.000     0.000 r  
                                                      0.000     0.000 r  clk (IN)
                         net (fo=206, unset)          0.432     0.432    clk
    SLICE_X8Y4           FDRE                                         r  per_cause_fault_cdc.causes[6].cause_sync_reg[1]/C
                         clock pessimism              0.000     0.432    
    SLICE_X8Y4           FDRE (Hold_fdre_C_D)         0.022     0.454    per_cause_fault_cdc.causes[6].cause_sync_reg[1]
  -------------------------------------------------------------------
                         required time                         -0.454    
                         arrival time                           0.617    
  -------------------------------------------------------------------
                         slack                                  0.164    

Slack (MET) :             0.165ns  (arrival time - required time)
  Source:                 per_cause_fault_cdc.causes[0].cause_sync_reg[0]/C
                            (rising edge-triggered cell FDRE clocked by source_100  {rise@0.000ns fall@5.000ns period=10.000ns})
  Destination:            per_cause_fault_cdc.causes[0].cause_sync_reg[1]/D
                            (rising edge-triggered cell FDRE clocked by source_100  {rise@0.000ns fall@5.000ns period=10.000ns})
  Path Group:             source_100
  Path Type:              Hold (Min at Fast Process Corner)
  Requirement:            0.000ns  (source_100 rise@0.000ns - source_100 rise@0.000ns)
  Data Path Delay:        0.262ns  (logic 0.141ns (53.880%)  route 0.121ns (46.120%))
  Logic Levels:           0  
  Clock Path Skew:        0.022ns (DCD - SCD - CPR)
    Destination Clock Delay (DCD):    0.432ns
    Source Clock Delay      (SCD):    0.410ns
    Clock Pessimism Removal (CPR):    -0.000ns

    Location             Delay type                Incr(ns)  Path(ns)    Netlist Resource(s)
  -------------------------------------------------------------------    -------------------
                         (clock source_100 rise edge)
                                                      0.000     0.000 r  
                                                      0.000     0.000 r  clk (IN)
                         net (fo=206, unset)          0.410     0.410    clk
    SLICE_X14Y6          FDRE                                         r  per_cause_fault_cdc.causes[0].cause_sync_reg[0]/C
  -------------------------------------------------------------------    -------------------
    SLICE_X14Y6          FDRE (Prop_fdre_C_Q)         0.141     0.551 r  per_cause_fault_cdc.causes[0].cause_sync_reg[0]/Q
                         net (fo=1, routed)           0.121     0.672    per_cause_fault_cdc.causes[0].cause_sync[0]
    SLICE_X14Y6          FDRE                                         r  per_cause_fault_cdc.causes[0].cause_sync_reg[1]/D
  -------------------------------------------------------------------    -------------------

                         (clock source_100 rise edge)
                                                      0.000     0.000 r  
                                                      0.000     0.000 r  clk (IN)
                         net (fo=206, unset)          0.432     0.432    clk
    SLICE_X14Y6          FDRE                                         r  per_cause_fault_cdc.causes[0].cause_sync_reg[1]/C
                         clock pessimism              0.000     0.432    
    SLICE_X14Y6          FDRE (Hold_fdre_C_D)         0.075     0.507    per_cause_fault_cdc.causes[0].cause_sync_reg[1]
  -------------------------------------------------------------------
                         required time                         -0.507    
                         arrival time                           0.672    
  -------------------------------------------------------------------
                         slack                                  0.165    

Slack (MET) :             0.204ns  (arrival time - required time)
  Source:                 source_bank/acknowledge_sync_reg[0]/C
                            (rising edge-triggered cell FDRE clocked by source_100  {rise@0.000ns fall@5.000ns period=10.000ns})
  Destination:            source_bank/acknowledge_sync_reg[1]/D
                            (rising edge-triggered cell FDRE clocked by source_100  {rise@0.000ns fall@5.000ns period=10.000ns})
  Path Group:             source_100
  Path Type:              Hold (Min at Fast Process Corner)
  Requirement:            0.000ns  (source_100 rise@0.000ns - source_100 rise@0.000ns)
  Data Path Delay:        0.247ns  (logic 0.128ns (51.778%)  route 0.119ns (48.222%))
  Logic Levels:           0  
  Clock Path Skew:        0.022ns (DCD - SCD - CPR)
    Destination Clock Delay (DCD):    0.432ns
    Source Clock Delay      (SCD):    0.410ns
    Clock Pessimism Removal (CPR):    -0.000ns

    Location             Delay type                Incr(ns)  Path(ns)    Netlist Resource(s)
  -------------------------------------------------------------------    -------------------
                         (clock source_100 rise edge)
                                                      0.000     0.000 r  
                                                      0.000     0.000 r  clk (IN)
                         net (fo=206, unset)          0.410     0.410    source_bank/clk
    SLICE_X15Y1          FDRE                                         r  source_bank/acknowledge_sync_reg[0]/C
  -------------------------------------------------------------------    -------------------
    SLICE_X15Y1          FDRE (Prop_fdre_C_Q)         0.128     0.538 r  source_bank/acknowledge_sync_reg[0]/Q
                         net (fo=1, routed)           0.119     0.657    source_bank/acknowledge_sync[0]
    SLICE_X15Y1          FDRE                                         r  source_bank/acknowledge_sync_reg[1]/D
  -------------------------------------------------------------------    -------------------

                         (clock source_100 rise edge)
                                                      0.000     0.000 r  
                                                      0.000     0.000 r  clk (IN)
                         net (fo=206, unset)          0.432     0.432    source_bank/clk
    SLICE_X15Y1          FDRE                                         r  source_bank/acknowledge_sync_reg[1]/C
                         clock pessimism              0.000     0.432    
    SLICE_X15Y1          FDRE (Hold_fdre_C_D)         0.022     0.454    source_bank/acknowledge_sync_reg[1]
  -------------------------------------------------------------------
                         required time                         -0.454    
                         arrival time                           0.657    
  -------------------------------------------------------------------
                         slack                                  0.204    

Slack (MET) :             0.207ns  (arrival time - required time)
  Source:                 source_bank/write_position_reg[3]/C
                            (rising edge-triggered cell FDRE clocked by source_100  {rise@0.000ns fall@5.000ns period=10.000ns})
  Destination:            source_bank/write_position_reg[4]/D
                            (rising edge-triggered cell FDRE clocked by source_100  {rise@0.000ns fall@5.000ns period=10.000ns})
  Path Group:             source_100
  Path Type:              Hold (Min at Fast Process Corner)
  Requirement:            0.000ns  (source_100 rise@0.000ns - source_100 rise@0.000ns)
  Data Path Delay:        0.350ns  (logic 0.246ns (70.270%)  route 0.104ns (29.730%))
  Logic Levels:           1  (LUT6=1)
  Clock Path Skew:        0.022ns (DCD - SCD - CPR)
    Destination Clock Delay (DCD):    0.432ns
    Source Clock Delay      (SCD):    0.410ns
    Clock Pessimism Removal (CPR):    -0.000ns

    Location             Delay type                Incr(ns)  Path(ns)    Netlist Resource(s)
  -------------------------------------------------------------------    -------------------
                         (clock source_100 rise edge)
                                                      0.000     0.000 r  
                                                      0.000     0.000 r  clk (IN)
                         net (fo=206, unset)          0.410     0.410    source_bank/clk
    SLICE_X28Y4          FDRE                                         r  source_bank/write_position_reg[3]/C
  -------------------------------------------------------------------    -------------------
    SLICE_X28Y4          FDRE (Prop_fdre_C_Q)         0.148     0.558 r  source_bank/write_position_reg[3]/Q
                         net (fo=6, routed)           0.104     0.662    source_bank/write_position[3]
    SLICE_X28Y4          LUT6 (Prop_lut6_I5_O)        0.098     0.760 r  source_bank/write_position[4]_i_1/O
                         net (fo=1, routed)           0.000     0.760    source_bank/write_position__0[4]
    SLICE_X28Y4          FDRE                                         r  source_bank/write_position_reg[4]/D
  -------------------------------------------------------------------    -------------------

                         (clock source_100 rise edge)
                                                      0.000     0.000 r  
                                                      0.000     0.000 r  clk (IN)
                         net (fo=206, unset)          0.432     0.432    source_bank/clk
    SLICE_X28Y4          FDRE                                         r  source_bank/write_position_reg[4]/C
                         clock pessimism              0.000     0.432    
    SLICE_X28Y4          FDRE (Hold_fdre_C_D)         0.121     0.553    source_bank/write_position_reg[4]
  -------------------------------------------------------------------
                         required time                         -0.553    
                         arrival time                           0.760    
  -------------------------------------------------------------------
                         slack                                  0.207    

Slack (MET) :             0.209ns  (arrival time - required time)
  Source:                 output_bank/read_address_reg[4]/C
                            (rising edge-triggered cell FDRE clocked by source_100  {rise@0.000ns fall@5.000ns period=10.000ns})
  Destination:            output_bank/read_output_position_reg[4]/D
                            (rising edge-triggered cell FDRE clocked by source_100  {rise@0.000ns fall@5.000ns period=10.000ns})
  Path Group:             source_100
  Path Type:              Hold (Min at Fast Process Corner)
  Requirement:            0.000ns  (source_100 rise@0.000ns - source_100 rise@0.000ns)
  Data Path Delay:        0.297ns  (logic 0.141ns (47.480%)  route 0.156ns (52.520%))
  Logic Levels:           0  
  Clock Path Skew:        0.022ns (DCD - SCD - CPR)
    Destination Clock Delay (DCD):    0.432ns
    Source Clock Delay      (SCD):    0.410ns
    Clock Pessimism Removal (CPR):    -0.000ns

    Location             Delay type                Incr(ns)  Path(ns)    Netlist Resource(s)
  -------------------------------------------------------------------    -------------------
                         (clock source_100 rise edge)
                                                      0.000     0.000 r  
                                                      0.000     0.000 r  clk (IN)
                         net (fo=206, unset)          0.410     0.410    output_bank/clk
    SLICE_X26Y1          FDRE                                         r  output_bank/read_address_reg[4]/C
  -------------------------------------------------------------------    -------------------
    SLICE_X26Y1          FDRE (Prop_fdre_C_Q)         0.141     0.551 r  output_bank/read_address_reg[4]/Q
                         net (fo=4, routed)           0.156     0.707    output_bank/read_address[4]
    SLICE_X27Y1          FDRE                                         r  output_bank/read_output_position_reg[4]/D
  -------------------------------------------------------------------    -------------------

                         (clock source_100 rise edge)
                                                      0.000     0.000 r  
                                                      0.000     0.000 r  clk (IN)
                         net (fo=206, unset)          0.432     0.432    output_bank/clk
    SLICE_X27Y1          FDRE                                         r  output_bank/read_output_position_reg[4]/C
                         clock pessimism              0.000     0.432    
    SLICE_X27Y1          FDRE (Hold_fdre_C_D)         0.066     0.498    output_bank/read_output_position_reg[4]
  -------------------------------------------------------------------
                         required time                         -0.498    
                         arrival time                           0.707    
  -------------------------------------------------------------------
                         slack                                  0.209    

Slack (MET) :             0.209ns  (arrival time - required time)
  Source:                 output_bank/request_sync_reg[0]/C
                            (rising edge-triggered cell FDRE clocked by source_100  {rise@0.000ns fall@5.000ns period=10.000ns})
  Destination:            output_bank/request_sync_reg[1]/D
                            (rising edge-triggered cell FDRE clocked by source_100  {rise@0.000ns fall@5.000ns period=10.000ns})
  Path Group:             source_100
  Path Type:              Hold (Min at Fast Process Corner)
  Requirement:            0.000ns  (source_100 rise@0.000ns - source_100 rise@0.000ns)
  Data Path Delay:        0.253ns  (logic 0.128ns (50.579%)  route 0.125ns (49.421%))
  Logic Levels:           0  
  Clock Path Skew:        0.022ns (DCD - SCD - CPR)
    Destination Clock Delay (DCD):    0.432ns
    Source Clock Delay      (SCD):    0.410ns
    Clock Pessimism Removal (CPR):    -0.000ns

    Location             Delay type                Incr(ns)  Path(ns)    Netlist Resource(s)
  -------------------------------------------------------------------    -------------------
                         (clock source_100 rise edge)
                                                      0.000     0.000 r  
                                                      0.000     0.000 r  clk (IN)
                         net (fo=206, unset)          0.410     0.410    output_bank/clk
    SLICE_X14Y0          FDRE                                         r  output_bank/request_sync_reg[0]/C
  -------------------------------------------------------------------    -------------------
    SLICE_X14Y0          FDRE (Prop_fdre_C_Q)         0.128     0.538 r  output_bank/request_sync_reg[0]/Q
                         net (fo=1, routed)           0.125     0.663    output_bank/request_sync[0]
    SLICE_X14Y0          FDRE                                         r  output_bank/request_sync_reg[1]/D
  -------------------------------------------------------------------    -------------------

                         (clock source_100 rise edge)
                                                      0.000     0.000 r  
                                                      0.000     0.000 r  clk (IN)
                         net (fo=206, unset)          0.432     0.432    output_bank/clk
    SLICE_X14Y0          FDRE                                         r  output_bank/request_sync_reg[1]/C
                         clock pessimism              0.000     0.432    
    SLICE_X14Y0          FDRE (Hold_fdre_C_D)         0.022     0.454    output_bank/request_sync_reg[1]
  -------------------------------------------------------------------
                         required time                         -0.454    
                         arrival time                           0.663    
  -------------------------------------------------------------------
                         slack                                  0.209    

Slack (MET) :             0.214ns  (arrival time - required time)
  Source:                 output_bank/reading_reg/C
                            (rising edge-triggered cell FDRE clocked by source_100  {rise@0.000ns fall@5.000ns period=10.000ns})
  Destination:            output_bank/reading_reg/D
                            (rising edge-triggered cell FDRE clocked by source_100  {rise@0.000ns fall@5.000ns period=10.000ns})
  Path Group:             source_100
  Path Type:              Hold (Min at Fast Process Corner)
  Requirement:            0.000ns  (source_100 rise@0.000ns - source_100 rise@0.000ns)
  Data Path Delay:        0.355ns  (logic 0.209ns (58.810%)  route 0.146ns (41.190%))
  Logic Levels:           1  (LUT5=1)
  Clock Path Skew:        0.022ns (DCD - SCD - CPR)
    Destination Clock Delay (DCD):    0.432ns
    Source Clock Delay      (SCD):    0.410ns
    Clock Pessimism Removal (CPR):    -0.000ns

    Location             Delay type                Incr(ns)  Path(ns)    Netlist Resource(s)
  -------------------------------------------------------------------    -------------------
                         (clock source_100 rise edge)
                                                      0.000     0.000 r  
                                                      0.000     0.000 r  clk (IN)
                         net (fo=206, unset)          0.410     0.410    output_bank/clk
    SLICE_X16Y0          FDRE                                         r  output_bank/reading_reg/C
  -------------------------------------------------------------------    -------------------
    SLICE_X16Y0          FDRE (Prop_fdre_C_Q)         0.164     0.574 r  output_bank/reading_reg/Q
                         net (fo=6, routed)           0.146     0.721    output_bank/reading
    SLICE_X16Y0          LUT5 (Prop_lut5_I4_O)        0.045     0.766 r  output_bank/reading_i_1__0/O
                         net (fo=1, routed)           0.000     0.766    output_bank/reading_i_1__0_n_0
    SLICE_X16Y0          FDRE                                         r  output_bank/reading_reg/D
  -------------------------------------------------------------------    -------------------

                         (clock source_100 rise edge)
                                                      0.000     0.000 r  
                                                      0.000     0.000 r  clk (IN)
                         net (fo=206, unset)          0.432     0.432    output_bank/clk
    SLICE_X16Y0          FDRE                                         r  output_bank/reading_reg/C
                         clock pessimism              0.000     0.432    
    SLICE_X16Y0          FDRE (Hold_fdre_C_D)         0.120     0.552    output_bank/reading_reg
  -------------------------------------------------------------------
                         required time                         -0.552    
                         arrival time                           0.766    
  -------------------------------------------------------------------
                         slack                                  0.214    

Slack (MET) :             0.216ns  (arrival time - required time)
  Source:                 output_bank/read_address_reg[2]/C
                            (rising edge-triggered cell FDRE clocked by source_100  {rise@0.000ns fall@5.000ns period=10.000ns})
  Destination:            output_bank/read_output_position_reg[2]/D
                            (rising edge-triggered cell FDRE clocked by source_100  {rise@0.000ns fall@5.000ns period=10.000ns})
  Path Group:             source_100
  Path Type:              Hold (Min at Fast Process Corner)
  Requirement:            0.000ns  (source_100 rise@0.000ns - source_100 rise@0.000ns)
  Data Path Delay:        0.308ns  (logic 0.141ns (45.809%)  route 0.167ns (54.191%))
  Logic Levels:           0  
  Clock Path Skew:        0.022ns (DCD - SCD - CPR)
    Destination Clock Delay (DCD):    0.432ns
    Source Clock Delay      (SCD):    0.410ns
    Clock Pessimism Removal (CPR):    -0.000ns

    Location             Delay type                Incr(ns)  Path(ns)    Netlist Resource(s)
  -------------------------------------------------------------------    -------------------
                         (clock source_100 rise edge)
                                                      0.000     0.000 r  
                                                      0.000     0.000 r  clk (IN)
                         net (fo=206, unset)          0.410     0.410    output_bank/clk
    SLICE_X26Y1          FDRE                                         r  output_bank/read_address_reg[2]/C
  -------------------------------------------------------------------    -------------------
    SLICE_X26Y1          FDRE (Prop_fdre_C_Q)         0.141     0.551 r  output_bank/read_address_reg[2]/Q
                         net (fo=6, routed)           0.167     0.718    output_bank/read_address[2]
    SLICE_X27Y1          FDRE                                         r  output_bank/read_output_position_reg[2]/D
  -------------------------------------------------------------------    -------------------

                         (clock source_100 rise edge)
                                                      0.000     0.000 r  
                                                      0.000     0.000 r  clk (IN)
                         net (fo=206, unset)          0.432     0.432    output_bank/clk
    SLICE_X27Y1          FDRE                                         r  output_bank/read_output_position_reg[2]/C
                         clock pessimism              0.000     0.432    
    SLICE_X27Y1          FDRE (Hold_fdre_C_D)         0.070     0.502    output_bank/read_output_position_reg[2]
  -------------------------------------------------------------------
                         required time                         -0.502    
                         arrival time                           0.718    
  -------------------------------------------------------------------
                         slack                                  0.216    

Slack (MET) :             0.218ns  (arrival time - required time)
  Source:                 output_bank/read_address_reg[0]/C
                            (rising edge-triggered cell FDRE clocked by source_100  {rise@0.000ns fall@5.000ns period=10.000ns})
  Destination:            output_bank/read_output_position_reg[0]/D
                            (rising edge-triggered cell FDRE clocked by source_100  {rise@0.000ns fall@5.000ns period=10.000ns})
  Path Group:             source_100
  Path Type:              Hold (Min at Fast Process Corner)
  Requirement:            0.000ns  (source_100 rise@0.000ns - source_100 rise@0.000ns)
  Data Path Delay:        0.309ns  (logic 0.141ns (45.609%)  route 0.168ns (54.391%))
  Logic Levels:           0  
  Clock Path Skew:        0.022ns (DCD - SCD - CPR)
    Destination Clock Delay (DCD):    0.432ns
    Source Clock Delay      (SCD):    0.410ns
    Clock Pessimism Removal (CPR):    -0.000ns

    Location             Delay type                Incr(ns)  Path(ns)    Netlist Resource(s)
  -------------------------------------------------------------------    -------------------
                         (clock source_100 rise edge)
                                                      0.000     0.000 r  
                                                      0.000     0.000 r  clk (IN)
                         net (fo=206, unset)          0.410     0.410    output_bank/clk
    SLICE_X26Y1          FDRE                                         r  output_bank/read_address_reg[0]/C
  -------------------------------------------------------------------    -------------------
    SLICE_X26Y1          FDRE (Prop_fdre_C_Q)         0.141     0.551 r  output_bank/read_address_reg[0]/Q
                         net (fo=8, routed)           0.168     0.719    output_bank/read_address[0]
    SLICE_X26Y0          FDRE                                         r  output_bank/read_output_position_reg[0]/D
  -------------------------------------------------------------------    -------------------

                         (clock source_100 rise edge)
                                                      0.000     0.000 r  
                                                      0.000     0.000 r  clk (IN)
                         net (fo=206, unset)          0.432     0.432    output_bank/clk
    SLICE_X26Y0          FDRE                                         r  output_bank/read_output_position_reg[0]/C
                         clock pessimism              0.000     0.432    
    SLICE_X26Y0          FDRE (Hold_fdre_C_D)         0.070     0.502    output_bank/read_output_position_reg[0]
  -------------------------------------------------------------------
                         required time                         -0.502    
                         arrival time                           0.719    
  -------------------------------------------------------------------
                         slack                                  0.218    

Slack (MET) :             0.239ns  (arrival time - required time)
  Source:                 output_bank/read_address_reg[5]/C
                            (rising edge-triggered cell FDRE clocked by source_100  {rise@0.000ns fall@5.000ns period=10.000ns})
  Destination:            output_bank/read_address_reg[5]/D
                            (rising edge-triggered cell FDRE clocked by source_100  {rise@0.000ns fall@5.000ns period=10.000ns})
  Path Group:             source_100
  Path Type:              Hold (Min at Fast Process Corner)
  Requirement:            0.000ns  (source_100 rise@0.000ns - source_100 rise@0.000ns)
  Data Path Delay:        0.366ns  (logic 0.183ns (50.054%)  route 0.183ns (49.946%))
  Logic Levels:           1  (LUT3=1)
  Clock Path Skew:        0.022ns (DCD - SCD - CPR)
    Destination Clock Delay (DCD):    0.432ns
    Source Clock Delay      (SCD):    0.410ns
    Clock Pessimism Removal (CPR):    -0.000ns

    Location             Delay type                Incr(ns)  Path(ns)    Netlist Resource(s)
  -------------------------------------------------------------------    -------------------
                         (clock source_100 rise edge)
                                                      0.000     0.000 r  
                                                      0.000     0.000 r  clk (IN)
                         net (fo=206, unset)          0.410     0.410    output_bank/clk
    SLICE_X25Y0          FDRE                                         r  output_bank/read_address_reg[5]/C
  -------------------------------------------------------------------    -------------------
    SLICE_X25Y0          FDRE (Prop_fdre_C_Q)         0.141     0.551 r  output_bank/read_address_reg[5]/Q
                         net (fo=6, routed)           0.183     0.734    output_bank/read_address[5]
    SLICE_X25Y0          LUT3 (Prop_lut3_I2_O)        0.042     0.776 r  output_bank/read_address[5]_i_1__0/O
                         net (fo=1, routed)           0.000     0.776    output_bank/read_address[5]_i_1__0_n_0
    SLICE_X25Y0          FDRE                                         r  output_bank/read_address_reg[5]/D
  -------------------------------------------------------------------    -------------------

                         (clock source_100 rise edge)
                                                      0.000     0.000 r  
                                                      0.000     0.000 r  clk (IN)
                         net (fo=206, unset)          0.432     0.432    output_bank/clk
    SLICE_X25Y0          FDRE                                         r  output_bank/read_address_reg[5]/C
                         clock pessimism              0.000     0.432    
    SLICE_X25Y0          FDRE (Hold_fdre_C_D)         0.105     0.537    output_bank/read_address_reg[5]
  -------------------------------------------------------------------
                         required time                         -0.537    
                         arrival time                           0.776    
  -------------------------------------------------------------------
                         slack                                  0.239    

Slack (MET) :             0.242ns  (arrival time - required time)
  Source:                 output_bank/read_all_loaded_reg/C
                            (rising edge-triggered cell FDRE clocked by source_100  {rise@0.000ns fall@5.000ns period=10.000ns})
  Destination:            output_bank/read_all_loaded_reg/D
                            (rising edge-triggered cell FDRE clocked by source_100  {rise@0.000ns fall@5.000ns period=10.000ns})
  Path Group:             source_100
  Path Type:              Hold (Min at Fast Process Corner)
  Requirement:            0.000ns  (source_100 rise@0.000ns - source_100 rise@0.000ns)
  Data Path Delay:        0.354ns  (logic 0.186ns (52.507%)  route 0.168ns (47.493%))
  Logic Levels:           1  (LUT5=1)
  Clock Path Skew:        0.022ns (DCD - SCD - CPR)
    Destination Clock Delay (DCD):    0.432ns
    Source Clock Delay      (SCD):    0.410ns
    Clock Pessimism Removal (CPR):    -0.000ns

    Location             Delay type                Incr(ns)  Path(ns)    Netlist Resource(s)
  -------------------------------------------------------------------    -------------------
                         (clock source_100 rise edge)
                                                      0.000     0.000 r  
                                                      0.000     0.000 r  clk (IN)
                         net (fo=206, unset)          0.410     0.410    output_bank/clk
    SLICE_X15Y1          FDRE                                         r  output_bank/read_all_loaded_reg/C
  -------------------------------------------------------------------    -------------------
    SLICE_X15Y1          FDRE (Prop_fdre_C_Q)         0.141     0.551 r  output_bank/read_all_loaded_reg/Q
                         net (fo=3, routed)           0.168     0.719    output_bank/read_all_loaded_reg_n_0
    SLICE_X15Y1          LUT5 (Prop_lut5_I4_O)        0.045     0.764 r  output_bank/read_all_loaded_i_1__0/O
                         net (fo=1, routed)           0.000     0.764    output_bank/read_all_loaded_i_1__0_n_0
    SLICE_X15Y1          FDRE                                         r  output_bank/read_all_loaded_reg/D
  -------------------------------------------------------------------    -------------------

                         (clock source_100 rise edge)
                                                      0.000     0.000 r  
                                                      0.000     0.000 r  clk (IN)
                         net (fo=206, unset)          0.432     0.432    output_bank/clk
    SLICE_X15Y1          FDRE                                         r  output_bank/read_all_loaded_reg/C
                         clock pessimism              0.000     0.432    
    SLICE_X15Y1          FDRE (Hold_fdre_C_D)         0.091     0.523    output_bank/read_all_loaded_reg
  -------------------------------------------------------------------
                         required time                         -0.523    
                         arrival time                           0.764    
  -------------------------------------------------------------------
                         slack                                  0.242    

Slack (MET) :             0.242ns  (arrival time - required time)
  Source:                 source_bank/write_position_reg[0]/C
                            (rising edge-triggered cell FDRE clocked by source_100  {rise@0.000ns fall@5.000ns period=10.000ns})
  Destination:            source_bank/write_position_reg[1]/D
                            (rising edge-triggered cell FDRE clocked by source_100  {rise@0.000ns fall@5.000ns period=10.000ns})
  Path Group:             source_100
  Path Type:              Hold (Min at Fast Process Corner)
  Requirement:            0.000ns  (source_100 rise@0.000ns - source_100 rise@0.000ns)
  Data Path Delay:        0.355ns  (logic 0.186ns (52.335%)  route 0.169ns (47.665%))
  Logic Levels:           1  (LUT3=1)
  Clock Path Skew:        0.022ns (DCD - SCD - CPR)
    Destination Clock Delay (DCD):    0.432ns
    Source Clock Delay      (SCD):    0.410ns
    Clock Pessimism Removal (CPR):    -0.000ns

    Location             Delay type                Incr(ns)  Path(ns)    Netlist Resource(s)
  -------------------------------------------------------------------    -------------------
                         (clock source_100 rise edge)
                                                      0.000     0.000 r  
                                                      0.000     0.000 r  clk (IN)
                         net (fo=206, unset)          0.410     0.410    source_bank/clk
    SLICE_X29Y3          FDRE                                         r  source_bank/write_position_reg[0]/C
  -------------------------------------------------------------------    -------------------
    SLICE_X29Y3          FDRE (Prop_fdre_C_Q)         0.141     0.551 r  source_bank/write_position_reg[0]/Q
                         net (fo=9, routed)           0.169     0.721    source_bank/write_position[0]
    SLICE_X29Y3          LUT3 (Prop_lut3_I2_O)        0.045     0.766 r  source_bank/write_position[1]_i_1/O
                         net (fo=1, routed)           0.000     0.766    source_bank/write_position__0[1]
    SLICE_X29Y3          FDRE                                         r  source_bank/write_position_reg[1]/D
  -------------------------------------------------------------------    -------------------

                         (clock source_100 rise edge)
                                                      0.000     0.000 r  
                                                      0.000     0.000 r  clk (IN)
                         net (fo=206, unset)          0.432     0.432    source_bank/clk
    SLICE_X29Y3          FDRE                                         r  source_bank/write_position_reg[1]/C
                         clock pessimism              0.000     0.432    
    SLICE_X29Y3          FDRE (Hold_fdre_C_D)         0.092     0.524    source_bank/write_position_reg[1]
  -------------------------------------------------------------------
                         required time                         -0.524    
                         arrival time                           0.766    
  -------------------------------------------------------------------
                         slack                                  0.242    

Slack (MET) :             0.244ns  (arrival time - required time)
  Source:                 source_bank/input_fault_reg/C
                            (rising edge-triggered cell FDRE clocked by source_100  {rise@0.000ns fall@5.000ns period=10.000ns})
  Destination:            source_bank/input_fault_reg/D
                            (rising edge-triggered cell FDRE clocked by source_100  {rise@0.000ns fall@5.000ns period=10.000ns})
  Path Group:             source_100
  Path Type:              Hold (Min at Fast Process Corner)
  Requirement:            0.000ns  (source_100 rise@0.000ns - source_100 rise@0.000ns)
  Data Path Delay:        0.386ns  (logic 0.209ns (54.195%)  route 0.177ns (45.805%))
  Logic Levels:           1  (LUT5=1)
  Clock Path Skew:        0.022ns (DCD - SCD - CPR)
    Destination Clock Delay (DCD):    0.432ns
    Source Clock Delay      (SCD):    0.410ns
    Clock Pessimism Removal (CPR):    -0.000ns

    Location             Delay type                Incr(ns)  Path(ns)    Netlist Resource(s)
  -------------------------------------------------------------------    -------------------
                         (clock source_100 rise edge)
                                                      0.000     0.000 r  
                                                      0.000     0.000 r  clk (IN)
                         net (fo=206, unset)          0.410     0.410    source_bank/clk
    SLICE_X12Y10         FDRE                                         r  source_bank/input_fault_reg/C
  -------------------------------------------------------------------    -------------------
    SLICE_X12Y10         FDRE (Prop_fdre_C_Q)         0.164     0.574 r  source_bank/input_fault_reg/Q
                         net (fo=6, routed)           0.177     0.751    source_bank/source_fault
    SLICE_X12Y10         LUT5 (Prop_lut5_I4_O)        0.045     0.796 r  source_bank/input_fault_i_1/O
                         net (fo=1, routed)           0.000     0.796    source_bank/input_fault_i_1_n_0
    SLICE_X12Y10         FDRE                                         r  source_bank/input_fault_reg/D
  -------------------------------------------------------------------    -------------------

                         (clock source_100 rise edge)
                                                      0.000     0.000 r  
                                                      0.000     0.000 r  clk (IN)
                         net (fo=206, unset)          0.432     0.432    source_bank/clk
    SLICE_X12Y10         FDRE                                         r  source_bank/input_fault_reg/C
                         clock pessimism              0.000     0.432    
    SLICE_X12Y10         FDRE (Hold_fdre_C_D)         0.120     0.552    source_bank/input_fault_reg
  -------------------------------------------------------------------
                         required time                         -0.552    
                         arrival time                           0.796    
  -------------------------------------------------------------------
                         slack                                  0.244    




