Copyright 1986-2022 Xilinx, Inc. All Rights Reserved.
---------------------------------------------------------------------------------------------------------------------------------------------------------------------------------------------------------------------------------------------------
| Tool Version : Vivado v.2022.2 (lin64) Build 3671981 Fri Oct 14 04:59:54 MDT 2022
| Date         : Thu Sep 10 21:39:37 2026
| Host         : gauss running 64-bit Ubuntu 26.04 LTS
| Command      : report_timing -from [get_clocks source_100] -to [get_clocks source_100] -delay_type max -max_paths 20 -file /home/mouse9911/gits/starlink-build-recovery-20260910.vHzUVnBz/checked-route-parent.3lJAqEWe/route/source_100_max.rpt
| Design       : starlink_pss_fft_bank_owned_checked_product
| Device       : 7z010-clg400
| Speed File   : -1  PRODUCTION 1.12 2019-11-22
---------------------------------------------------------------------------------------------------------------------------------------------------------------------------------------------------------------------------------------------------

Timing Report

Slack (MET) :             1.758ns  (required time - arrival time)
  Source:                 slow_reset_slow_reg[1]/C
                            (rising edge-triggered cell FDCE clocked by source_100  {rise@0.000ns fall@5.000ns period=10.000ns})
  Destination:            output_bank/metadata_out_hold_reg[66]/CE
                            (rising edge-triggered cell FDRE clocked by source_100  {rise@0.000ns fall@5.000ns period=10.000ns})
  Path Group:             source_100
  Path Type:              Setup (Max at Slow Process Corner)
  Requirement:            10.000ns  (source_100 rise@10.000ns - source_100 rise@0.000ns)
  Data Path Delay:        7.953ns  (logic 0.897ns (11.278%)  route 7.056ns (88.722%))
  Logic Levels:           2  (LUT2=1 LUT4=1)
  Clock Path Skew:        -0.049ns (DCD - SCD + CPR)
    Destination Clock Delay (DCD):    0.924ns = ( 10.924 - 10.000 ) 
    Source Clock Delay      (SCD):    0.973ns
    Clock Pessimism Removal (CPR):    0.000ns
  Clock Uncertainty:      0.035ns  ((TSJ^2 + TIJ^2)^1/2 + DJ) / 2 + PE
    Total System Jitter     (TSJ):    0.071ns
    Total Input Jitter      (TIJ):    0.000ns
    Discrete Jitter          (DJ):    0.000ns
    Phase Error              (PE):    0.000ns

    Location             Delay type                Incr(ns)  Path(ns)    Netlist Resource(s)
  -------------------------------------------------------------------    -------------------
                         (clock source_100 rise edge)
                                                      0.000     0.000 r  
                                                      0.000     0.000 r  clk (IN)
                         net (fo=206, unset)          0.973     0.973    clk
    SLICE_X12Y12         FDCE                                         r  slow_reset_slow_reg[1]/C
  -------------------------------------------------------------------    -------------------
    SLICE_X12Y12         FDCE (Prop_fdce_C_Q)         0.478     1.451 r  slow_reset_slow_reg[1]/Q
                         net (fo=1, routed)           0.834     2.285    output_bank/read_valid_reg_0[0]
    SLICE_X12Y11         LUT2 (Prop_lut2_I1_O)        0.295     2.580 f  output_bank/input_ready_INST_0_i_1/O
                         net (fo=59, routed)          2.089     4.668    output_bank/fast_reset_slow_reg[1]
    SLICE_X16Y2          LUT4 (Prop_lut4_I1_O)        0.124     4.792 r  output_bank/metadata_out_hold[74]_i_1/O
                         net (fo=75, routed)          4.134     8.926    output_bank/metadata_out_hold
    SLICE_X37Y21         FDRE                                         r  output_bank/metadata_out_hold_reg[66]/CE
  -------------------------------------------------------------------    -------------------

                         (clock source_100 rise edge)
                                                     10.000    10.000 r  
                                                      0.000    10.000 r  clk (IN)
                         net (fo=206, unset)          0.924    10.924    output_bank/clk
    SLICE_X37Y21         FDRE                                         r  output_bank/metadata_out_hold_reg[66]/C
                         clock pessimism              0.000    10.924    
                         clock uncertainty           -0.035    10.889    
    SLICE_X37Y21         FDRE (Setup_fdre_C_CE)      -0.205    10.684    output_bank/metadata_out_hold_reg[66]
  -------------------------------------------------------------------
                         required time                         10.684    
                         arrival time                          -8.926    
  -------------------------------------------------------------------
                         slack                                  1.758    

Slack (MET) :             1.758ns  (required time - arrival time)
  Source:                 slow_reset_slow_reg[1]/C
                            (rising edge-triggered cell FDCE clocked by source_100  {rise@0.000ns fall@5.000ns period=10.000ns})
  Destination:            output_bank/metadata_out_hold_reg[67]/CE
                            (rising edge-triggered cell FDRE clocked by source_100  {rise@0.000ns fall@5.000ns period=10.000ns})
  Path Group:             source_100
  Path Type:              Setup (Max at Slow Process Corner)
  Requirement:            10.000ns  (source_100 rise@10.000ns - source_100 rise@0.000ns)
  Data Path Delay:        7.953ns  (logic 0.897ns (11.278%)  route 7.056ns (88.722%))
  Logic Levels:           2  (LUT2=1 LUT4=1)
  Clock Path Skew:        -0.049ns (DCD - SCD + CPR)
    Destination Clock Delay (DCD):    0.924ns = ( 10.924 - 10.000 ) 
    Source Clock Delay      (SCD):    0.973ns
    Clock Pessimism Removal (CPR):    0.000ns
  Clock Uncertainty:      0.035ns  ((TSJ^2 + TIJ^2)^1/2 + DJ) / 2 + PE
    Total System Jitter     (TSJ):    0.071ns
    Total Input Jitter      (TIJ):    0.000ns
    Discrete Jitter          (DJ):    0.000ns
    Phase Error              (PE):    0.000ns

    Location             Delay type                Incr(ns)  Path(ns)    Netlist Resource(s)
  -------------------------------------------------------------------    -------------------
                         (clock source_100 rise edge)
                                                      0.000     0.000 r  
                                                      0.000     0.000 r  clk (IN)
                         net (fo=206, unset)          0.973     0.973    clk
    SLICE_X12Y12         FDCE                                         r  slow_reset_slow_reg[1]/C
  -------------------------------------------------------------------    -------------------
    SLICE_X12Y12         FDCE (Prop_fdce_C_Q)         0.478     1.451 r  slow_reset_slow_reg[1]/Q
                         net (fo=1, routed)           0.834     2.285    output_bank/read_valid_reg_0[0]
    SLICE_X12Y11         LUT2 (Prop_lut2_I1_O)        0.295     2.580 f  output_bank/input_ready_INST_0_i_1/O
                         net (fo=59, routed)          2.089     4.668    output_bank/fast_reset_slow_reg[1]
    SLICE_X16Y2          LUT4 (Prop_lut4_I1_O)        0.124     4.792 r  output_bank/metadata_out_hold[74]_i_1/O
                         net (fo=75, routed)          4.134     8.926    output_bank/metadata_out_hold
    SLICE_X37Y21         FDRE                                         r  output_bank/metadata_out_hold_reg[67]/CE
  -------------------------------------------------------------------    -------------------

                         (clock source_100 rise edge)
                                                     10.000    10.000 r  
                                                      0.000    10.000 r  clk (IN)
                         net (fo=206, unset)          0.924    10.924    output_bank/clk
    SLICE_X37Y21         FDRE                                         r  output_bank/metadata_out_hold_reg[67]/C
                         clock pessimism              0.000    10.924    
                         clock uncertainty           -0.035    10.889    
    SLICE_X37Y21         FDRE (Setup_fdre_C_CE)      -0.205    10.684    output_bank/metadata_out_hold_reg[67]
  -------------------------------------------------------------------
                         required time                         10.684    
                         arrival time                          -8.926    
  -------------------------------------------------------------------
                         slack                                  1.758    

Slack (MET) :             1.758ns  (required time - arrival time)
  Source:                 slow_reset_slow_reg[1]/C
                            (rising edge-triggered cell FDCE clocked by source_100  {rise@0.000ns fall@5.000ns period=10.000ns})
  Destination:            output_bank/metadata_out_hold_reg[68]/CE
                            (rising edge-triggered cell FDRE clocked by source_100  {rise@0.000ns fall@5.000ns period=10.000ns})
  Path Group:             source_100
  Path Type:              Setup (Max at Slow Process Corner)
  Requirement:            10.000ns  (source_100 rise@10.000ns - source_100 rise@0.000ns)
  Data Path Delay:        7.953ns  (logic 0.897ns (11.278%)  route 7.056ns (88.722%))
  Logic Levels:           2  (LUT2=1 LUT4=1)
  Clock Path Skew:        -0.049ns (DCD - SCD + CPR)
    Destination Clock Delay (DCD):    0.924ns = ( 10.924 - 10.000 ) 
    Source Clock Delay      (SCD):    0.973ns
    Clock Pessimism Removal (CPR):    0.000ns
  Clock Uncertainty:      0.035ns  ((TSJ^2 + TIJ^2)^1/2 + DJ) / 2 + PE
    Total System Jitter     (TSJ):    0.071ns
    Total Input Jitter      (TIJ):    0.000ns
    Discrete Jitter          (DJ):    0.000ns
    Phase Error              (PE):    0.000ns

    Location             Delay type                Incr(ns)  Path(ns)    Netlist Resource(s)
  -------------------------------------------------------------------    -------------------
                         (clock source_100 rise edge)
                                                      0.000     0.000 r  
                                                      0.000     0.000 r  clk (IN)
                         net (fo=206, unset)          0.973     0.973    clk
    SLICE_X12Y12         FDCE                                         r  slow_reset_slow_reg[1]/C
  -------------------------------------------------------------------    -------------------
    SLICE_X12Y12         FDCE (Prop_fdce_C_Q)         0.478     1.451 r  slow_reset_slow_reg[1]/Q
                         net (fo=1, routed)           0.834     2.285    output_bank/read_valid_reg_0[0]
    SLICE_X12Y11         LUT2 (Prop_lut2_I1_O)        0.295     2.580 f  output_bank/input_ready_INST_0_i_1/O
                         net (fo=59, routed)          2.089     4.668    output_bank/fast_reset_slow_reg[1]
    SLICE_X16Y2          LUT4 (Prop_lut4_I1_O)        0.124     4.792 r  output_bank/metadata_out_hold[74]_i_1/O
                         net (fo=75, routed)          4.134     8.926    output_bank/metadata_out_hold
    SLICE_X37Y21         FDRE                                         r  output_bank/metadata_out_hold_reg[68]/CE
  -------------------------------------------------------------------    -------------------

                         (clock source_100 rise edge)
                                                     10.000    10.000 r  
                                                      0.000    10.000 r  clk (IN)
                         net (fo=206, unset)          0.924    10.924    output_bank/clk
    SLICE_X37Y21         FDRE                                         r  output_bank/metadata_out_hold_reg[68]/C
                         clock pessimism              0.000    10.924    
                         clock uncertainty           -0.035    10.889    
    SLICE_X37Y21         FDRE (Setup_fdre_C_CE)      -0.205    10.684    output_bank/metadata_out_hold_reg[68]
  -------------------------------------------------------------------
                         required time                         10.684    
                         arrival time                          -8.926    
  -------------------------------------------------------------------
                         slack                                  1.758    

Slack (MET) :             1.758ns  (required time - arrival time)
  Source:                 slow_reset_slow_reg[1]/C
                            (rising edge-triggered cell FDCE clocked by source_100  {rise@0.000ns fall@5.000ns period=10.000ns})
  Destination:            output_bank/metadata_out_hold_reg[69]/CE
                            (rising edge-triggered cell FDRE clocked by source_100  {rise@0.000ns fall@5.000ns period=10.000ns})
  Path Group:             source_100
  Path Type:              Setup (Max at Slow Process Corner)
  Requirement:            10.000ns  (source_100 rise@10.000ns - source_100 rise@0.000ns)
  Data Path Delay:        7.953ns  (logic 0.897ns (11.278%)  route 7.056ns (88.722%))
  Logic Levels:           2  (LUT2=1 LUT4=1)
  Clock Path Skew:        -0.049ns (DCD - SCD + CPR)
    Destination Clock Delay (DCD):    0.924ns = ( 10.924 - 10.000 ) 
    Source Clock Delay      (SCD):    0.973ns
    Clock Pessimism Removal (CPR):    0.000ns
  Clock Uncertainty:      0.035ns  ((TSJ^2 + TIJ^2)^1/2 + DJ) / 2 + PE
    Total System Jitter     (TSJ):    0.071ns
    Total Input Jitter      (TIJ):    0.000ns
    Discrete Jitter          (DJ):    0.000ns
    Phase Error              (PE):    0.000ns

    Location             Delay type                Incr(ns)  Path(ns)    Netlist Resource(s)
  -------------------------------------------------------------------    -------------------
                         (clock source_100 rise edge)
                                                      0.000     0.000 r  
                                                      0.000     0.000 r  clk (IN)
                         net (fo=206, unset)          0.973     0.973    clk
    SLICE_X12Y12         FDCE                                         r  slow_reset_slow_reg[1]/C
  -------------------------------------------------------------------    -------------------
    SLICE_X12Y12         FDCE (Prop_fdce_C_Q)         0.478     1.451 r  slow_reset_slow_reg[1]/Q
                         net (fo=1, routed)           0.834     2.285    output_bank/read_valid_reg_0[0]
    SLICE_X12Y11         LUT2 (Prop_lut2_I1_O)        0.295     2.580 f  output_bank/input_ready_INST_0_i_1/O
                         net (fo=59, routed)          2.089     4.668    output_bank/fast_reset_slow_reg[1]
    SLICE_X16Y2          LUT4 (Prop_lut4_I1_O)        0.124     4.792 r  output_bank/metadata_out_hold[74]_i_1/O
                         net (fo=75, routed)          4.134     8.926    output_bank/metadata_out_hold
    SLICE_X37Y21         FDRE                                         r  output_bank/metadata_out_hold_reg[69]/CE
  -------------------------------------------------------------------    -------------------

                         (clock source_100 rise edge)
                                                     10.000    10.000 r  
                                                      0.000    10.000 r  clk (IN)
                         net (fo=206, unset)          0.924    10.924    output_bank/clk
    SLICE_X37Y21         FDRE                                         r  output_bank/metadata_out_hold_reg[69]/C
                         clock pessimism              0.000    10.924    
                         clock uncertainty           -0.035    10.889    
    SLICE_X37Y21         FDRE (Setup_fdre_C_CE)      -0.205    10.684    output_bank/metadata_out_hold_reg[69]
  -------------------------------------------------------------------
                         required time                         10.684    
                         arrival time                          -8.926    
  -------------------------------------------------------------------
                         slack                                  1.758    

Slack (MET) :             1.758ns  (required time - arrival time)
  Source:                 slow_reset_slow_reg[1]/C
                            (rising edge-triggered cell FDCE clocked by source_100  {rise@0.000ns fall@5.000ns period=10.000ns})
  Destination:            output_bank/metadata_out_hold_reg[70]/CE
                            (rising edge-triggered cell FDRE clocked by source_100  {rise@0.000ns fall@5.000ns period=10.000ns})
  Path Group:             source_100
  Path Type:              Setup (Max at Slow Process Corner)
  Requirement:            10.000ns  (source_100 rise@10.000ns - source_100 rise@0.000ns)
  Data Path Delay:        7.953ns  (logic 0.897ns (11.278%)  route 7.056ns (88.722%))
  Logic Levels:           2  (LUT2=1 LUT4=1)
  Clock Path Skew:        -0.049ns (DCD - SCD + CPR)
    Destination Clock Delay (DCD):    0.924ns = ( 10.924 - 10.000 ) 
    Source Clock Delay      (SCD):    0.973ns
    Clock Pessimism Removal (CPR):    0.000ns
  Clock Uncertainty:      0.035ns  ((TSJ^2 + TIJ^2)^1/2 + DJ) / 2 + PE
    Total System Jitter     (TSJ):    0.071ns
    Total Input Jitter      (TIJ):    0.000ns
    Discrete Jitter          (DJ):    0.000ns
    Phase Error              (PE):    0.000ns

    Location             Delay type                Incr(ns)  Path(ns)    Netlist Resource(s)
  -------------------------------------------------------------------    -------------------
                         (clock source_100 rise edge)
                                                      0.000     0.000 r  
                                                      0.000     0.000 r  clk (IN)
                         net (fo=206, unset)          0.973     0.973    clk
    SLICE_X12Y12         FDCE                                         r  slow_reset_slow_reg[1]/C
  -------------------------------------------------------------------    -------------------
    SLICE_X12Y12         FDCE (Prop_fdce_C_Q)         0.478     1.451 r  slow_reset_slow_reg[1]/Q
                         net (fo=1, routed)           0.834     2.285    output_bank/read_valid_reg_0[0]
    SLICE_X12Y11         LUT2 (Prop_lut2_I1_O)        0.295     2.580 f  output_bank/input_ready_INST_0_i_1/O
                         net (fo=59, routed)          2.089     4.668    output_bank/fast_reset_slow_reg[1]
    SLICE_X16Y2          LUT4 (Prop_lut4_I1_O)        0.124     4.792 r  output_bank/metadata_out_hold[74]_i_1/O
                         net (fo=75, routed)          4.134     8.926    output_bank/metadata_out_hold
    SLICE_X37Y21         FDRE                                         r  output_bank/metadata_out_hold_reg[70]/CE
  -------------------------------------------------------------------    -------------------

                         (clock source_100 rise edge)
                                                     10.000    10.000 r  
                                                      0.000    10.000 r  clk (IN)
                         net (fo=206, unset)          0.924    10.924    output_bank/clk
    SLICE_X37Y21         FDRE                                         r  output_bank/metadata_out_hold_reg[70]/C
                         clock pessimism              0.000    10.924    
                         clock uncertainty           -0.035    10.889    
    SLICE_X37Y21         FDRE (Setup_fdre_C_CE)      -0.205    10.684    output_bank/metadata_out_hold_reg[70]
  -------------------------------------------------------------------
                         required time                         10.684    
                         arrival time                          -8.926    
  -------------------------------------------------------------------
                         slack                                  1.758    

Slack (MET) :             1.758ns  (required time - arrival time)
  Source:                 slow_reset_slow_reg[1]/C
                            (rising edge-triggered cell FDCE clocked by source_100  {rise@0.000ns fall@5.000ns period=10.000ns})
  Destination:            output_bank/metadata_out_hold_reg[71]/CE
                            (rising edge-triggered cell FDRE clocked by source_100  {rise@0.000ns fall@5.000ns period=10.000ns})
  Path Group:             source_100
  Path Type:              Setup (Max at Slow Process Corner)
  Requirement:            10.000ns  (source_100 rise@10.000ns - source_100 rise@0.000ns)
  Data Path Delay:        7.953ns  (logic 0.897ns (11.278%)  route 7.056ns (88.722%))
  Logic Levels:           2  (LUT2=1 LUT4=1)
  Clock Path Skew:        -0.049ns (DCD - SCD + CPR)
    Destination Clock Delay (DCD):    0.924ns = ( 10.924 - 10.000 ) 
    Source Clock Delay      (SCD):    0.973ns
    Clock Pessimism Removal (CPR):    0.000ns
  Clock Uncertainty:      0.035ns  ((TSJ^2 + TIJ^2)^1/2 + DJ) / 2 + PE
    Total System Jitter     (TSJ):    0.071ns
    Total Input Jitter      (TIJ):    0.000ns
    Discrete Jitter          (DJ):    0.000ns
    Phase Error              (PE):    0.000ns

    Location             Delay type                Incr(ns)  Path(ns)    Netlist Resource(s)
  -------------------------------------------------------------------    -------------------
                         (clock source_100 rise edge)
                                                      0.000     0.000 r  
                                                      0.000     0.000 r  clk (IN)
                         net (fo=206, unset)          0.973     0.973    clk
    SLICE_X12Y12         FDCE                                         r  slow_reset_slow_reg[1]/C
  -------------------------------------------------------------------    -------------------
    SLICE_X12Y12         FDCE (Prop_fdce_C_Q)         0.478     1.451 r  slow_reset_slow_reg[1]/Q
                         net (fo=1, routed)           0.834     2.285    output_bank/read_valid_reg_0[0]
    SLICE_X12Y11         LUT2 (Prop_lut2_I1_O)        0.295     2.580 f  output_bank/input_ready_INST_0_i_1/O
                         net (fo=59, routed)          2.089     4.668    output_bank/fast_reset_slow_reg[1]
    SLICE_X16Y2          LUT4 (Prop_lut4_I1_O)        0.124     4.792 r  output_bank/metadata_out_hold[74]_i_1/O
                         net (fo=75, routed)          4.134     8.926    output_bank/metadata_out_hold
    SLICE_X37Y21         FDRE                                         r  output_bank/metadata_out_hold_reg[71]/CE
  -------------------------------------------------------------------    -------------------

                         (clock source_100 rise edge)
                                                     10.000    10.000 r  
                                                      0.000    10.000 r  clk (IN)
                         net (fo=206, unset)          0.924    10.924    output_bank/clk
    SLICE_X37Y21         FDRE                                         r  output_bank/metadata_out_hold_reg[71]/C
                         clock pessimism              0.000    10.924    
                         clock uncertainty           -0.035    10.889    
    SLICE_X37Y21         FDRE (Setup_fdre_C_CE)      -0.205    10.684    output_bank/metadata_out_hold_reg[71]
  -------------------------------------------------------------------
                         required time                         10.684    
                         arrival time                          -8.926    
  -------------------------------------------------------------------
                         slack                                  1.758    

Slack (MET) :             1.783ns  (required time - arrival time)
  Source:                 slow_reset_slow_reg[1]/C
                            (rising edge-triggered cell FDCE clocked by source_100  {rise@0.000ns fall@5.000ns period=10.000ns})
  Destination:            output_bank/metadata_out_hold_reg[72]/CE
                            (rising edge-triggered cell FDRE clocked by source_100  {rise@0.000ns fall@5.000ns period=10.000ns})
  Path Group:             source_100
  Path Type:              Setup (Max at Slow Process Corner)
  Requirement:            10.000ns  (source_100 rise@10.000ns - source_100 rise@0.000ns)
  Data Path Delay:        7.928ns  (logic 0.897ns (11.315%)  route 7.031ns (88.685%))
  Logic Levels:           2  (LUT2=1 LUT4=1)
  Clock Path Skew:        -0.049ns (DCD - SCD + CPR)
    Destination Clock Delay (DCD):    0.924ns = ( 10.924 - 10.000 ) 
    Source Clock Delay      (SCD):    0.973ns
    Clock Pessimism Removal (CPR):    0.000ns
  Clock Uncertainty:      0.035ns  ((TSJ^2 + TIJ^2)^1/2 + DJ) / 2 + PE
    Total System Jitter     (TSJ):    0.071ns
    Total Input Jitter      (TIJ):    0.000ns
    Discrete Jitter          (DJ):    0.000ns
    Phase Error              (PE):    0.000ns

    Location             Delay type                Incr(ns)  Path(ns)    Netlist Resource(s)
  -------------------------------------------------------------------    -------------------
                         (clock source_100 rise edge)
                                                      0.000     0.000 r  
                                                      0.000     0.000 r  clk (IN)
                         net (fo=206, unset)          0.973     0.973    clk
    SLICE_X12Y12         FDCE                                         r  slow_reset_slow_reg[1]/C
  -------------------------------------------------------------------    -------------------
    SLICE_X12Y12         FDCE (Prop_fdce_C_Q)         0.478     1.451 r  slow_reset_slow_reg[1]/Q
                         net (fo=1, routed)           0.834     2.285    output_bank/read_valid_reg_0[0]
    SLICE_X12Y11         LUT2 (Prop_lut2_I1_O)        0.295     2.580 f  output_bank/input_ready_INST_0_i_1/O
                         net (fo=59, routed)          2.089     4.668    output_bank/fast_reset_slow_reg[1]
    SLICE_X16Y2          LUT4 (Prop_lut4_I1_O)        0.124     4.792 r  output_bank/metadata_out_hold[74]_i_1/O
                         net (fo=75, routed)          4.108     8.901    output_bank/metadata_out_hold
    SLICE_X37Y16         FDRE                                         r  output_bank/metadata_out_hold_reg[72]/CE
  -------------------------------------------------------------------    -------------------

                         (clock source_100 rise edge)
                                                     10.000    10.000 r  
                                                      0.000    10.000 r  clk (IN)
                         net (fo=206, unset)          0.924    10.924    output_bank/clk
    SLICE_X37Y16         FDRE                                         r  output_bank/metadata_out_hold_reg[72]/C
                         clock pessimism              0.000    10.924    
                         clock uncertainty           -0.035    10.889    
    SLICE_X37Y16         FDRE (Setup_fdre_C_CE)      -0.205    10.684    output_bank/metadata_out_hold_reg[72]
  -------------------------------------------------------------------
                         required time                         10.684    
                         arrival time                          -8.901    
  -------------------------------------------------------------------
                         slack                                  1.783    

Slack (MET) :             1.783ns  (required time - arrival time)
  Source:                 slow_reset_slow_reg[1]/C
                            (rising edge-triggered cell FDCE clocked by source_100  {rise@0.000ns fall@5.000ns period=10.000ns})
  Destination:            output_bank/metadata_out_hold_reg[73]/CE
                            (rising edge-triggered cell FDRE clocked by source_100  {rise@0.000ns fall@5.000ns period=10.000ns})
  Path Group:             source_100
  Path Type:              Setup (Max at Slow Process Corner)
  Requirement:            10.000ns  (source_100 rise@10.000ns - source_100 rise@0.000ns)
  Data Path Delay:        7.928ns  (logic 0.897ns (11.315%)  route 7.031ns (88.685%))
  Logic Levels:           2  (LUT2=1 LUT4=1)
  Clock Path Skew:        -0.049ns (DCD - SCD + CPR)
    Destination Clock Delay (DCD):    0.924ns = ( 10.924 - 10.000 ) 
    Source Clock Delay      (SCD):    0.973ns
    Clock Pessimism Removal (CPR):    0.000ns
  Clock Uncertainty:      0.035ns  ((TSJ^2 + TIJ^2)^1/2 + DJ) / 2 + PE
    Total System Jitter     (TSJ):    0.071ns
    Total Input Jitter      (TIJ):    0.000ns
    Discrete Jitter          (DJ):    0.000ns
    Phase Error              (PE):    0.000ns

    Location             Delay type                Incr(ns)  Path(ns)    Netlist Resource(s)
  -------------------------------------------------------------------    -------------------
                         (clock source_100 rise edge)
                                                      0.000     0.000 r  
                                                      0.000     0.000 r  clk (IN)
                         net (fo=206, unset)          0.973     0.973    clk
    SLICE_X12Y12         FDCE                                         r  slow_reset_slow_reg[1]/C
  -------------------------------------------------------------------    -------------------
    SLICE_X12Y12         FDCE (Prop_fdce_C_Q)         0.478     1.451 r  slow_reset_slow_reg[1]/Q
                         net (fo=1, routed)           0.834     2.285    output_bank/read_valid_reg_0[0]
    SLICE_X12Y11         LUT2 (Prop_lut2_I1_O)        0.295     2.580 f  output_bank/input_ready_INST_0_i_1/O
                         net (fo=59, routed)          2.089     4.668    output_bank/fast_reset_slow_reg[1]
    SLICE_X16Y2          LUT4 (Prop_lut4_I1_O)        0.124     4.792 r  output_bank/metadata_out_hold[74]_i_1/O
                         net (fo=75, routed)          4.108     8.901    output_bank/metadata_out_hold
    SLICE_X37Y16         FDRE                                         r  output_bank/metadata_out_hold_reg[73]/CE
  -------------------------------------------------------------------    -------------------

                         (clock source_100 rise edge)
                                                     10.000    10.000 r  
                                                      0.000    10.000 r  clk (IN)
                         net (fo=206, unset)          0.924    10.924    output_bank/clk
    SLICE_X37Y16         FDRE                                         r  output_bank/metadata_out_hold_reg[73]/C
                         clock pessimism              0.000    10.924    
                         clock uncertainty           -0.035    10.889    
    SLICE_X37Y16         FDRE (Setup_fdre_C_CE)      -0.205    10.684    output_bank/metadata_out_hold_reg[73]
  -------------------------------------------------------------------
                         required time                         10.684    
                         arrival time                          -8.901    
  -------------------------------------------------------------------
                         slack                                  1.783    

Slack (MET) :             1.783ns  (required time - arrival time)
  Source:                 slow_reset_slow_reg[1]/C
                            (rising edge-triggered cell FDCE clocked by source_100  {rise@0.000ns fall@5.000ns period=10.000ns})
  Destination:            output_bank/metadata_out_hold_reg[74]/CE
                            (rising edge-triggered cell FDRE clocked by source_100  {rise@0.000ns fall@5.000ns period=10.000ns})
  Path Group:             source_100
  Path Type:              Setup (Max at Slow Process Corner)
  Requirement:            10.000ns  (source_100 rise@10.000ns - source_100 rise@0.000ns)
  Data Path Delay:        7.928ns  (logic 0.897ns (11.315%)  route 7.031ns (88.685%))
  Logic Levels:           2  (LUT2=1 LUT4=1)
  Clock Path Skew:        -0.049ns (DCD - SCD + CPR)
    Destination Clock Delay (DCD):    0.924ns = ( 10.924 - 10.000 ) 
    Source Clock Delay      (SCD):    0.973ns
    Clock Pessimism Removal (CPR):    0.000ns
  Clock Uncertainty:      0.035ns  ((TSJ^2 + TIJ^2)^1/2 + DJ) / 2 + PE
    Total System Jitter     (TSJ):    0.071ns
    Total Input Jitter      (TIJ):    0.000ns
    Discrete Jitter          (DJ):    0.000ns
    Phase Error              (PE):    0.000ns

    Location             Delay type                Incr(ns)  Path(ns)    Netlist Resource(s)
  -------------------------------------------------------------------    -------------------
                         (clock source_100 rise edge)
                                                      0.000     0.000 r  
                                                      0.000     0.000 r  clk (IN)
                         net (fo=206, unset)          0.973     0.973    clk
    SLICE_X12Y12         FDCE                                         r  slow_reset_slow_reg[1]/C
  -------------------------------------------------------------------    -------------------
    SLICE_X12Y12         FDCE (Prop_fdce_C_Q)         0.478     1.451 r  slow_reset_slow_reg[1]/Q
                         net (fo=1, routed)           0.834     2.285    output_bank/read_valid_reg_0[0]
    SLICE_X12Y11         LUT2 (Prop_lut2_I1_O)        0.295     2.580 f  output_bank/input_ready_INST_0_i_1/O
                         net (fo=59, routed)          2.089     4.668    output_bank/fast_reset_slow_reg[1]
    SLICE_X16Y2          LUT4 (Prop_lut4_I1_O)        0.124     4.792 r  output_bank/metadata_out_hold[74]_i_1/O
                         net (fo=75, routed)          4.108     8.901    output_bank/metadata_out_hold
    SLICE_X37Y16         FDRE                                         r  output_bank/metadata_out_hold_reg[74]/CE
  -------------------------------------------------------------------    -------------------

                         (clock source_100 rise edge)
                                                     10.000    10.000 r  
                                                      0.000    10.000 r  clk (IN)
                         net (fo=206, unset)          0.924    10.924    output_bank/clk
    SLICE_X37Y16         FDRE                                         r  output_bank/metadata_out_hold_reg[74]/C
                         clock pessimism              0.000    10.924    
                         clock uncertainty           -0.035    10.889    
    SLICE_X37Y16         FDRE (Setup_fdre_C_CE)      -0.205    10.684    output_bank/metadata_out_hold_reg[74]
  -------------------------------------------------------------------
                         required time                         10.684    
                         arrival time                          -8.901    
  -------------------------------------------------------------------
                         slack                                  1.783    

Slack (MET) :             2.028ns  (required time - arrival time)
  Source:                 slow_reset_slow_reg[1]/C
                            (rising edge-triggered cell FDCE clocked by source_100  {rise@0.000ns fall@5.000ns period=10.000ns})
  Destination:            output_bank/metadata_out_hold_reg[54]/CE
                            (rising edge-triggered cell FDRE clocked by source_100  {rise@0.000ns fall@5.000ns period=10.000ns})
  Path Group:             source_100
  Path Type:              Setup (Max at Slow Process Corner)
  Requirement:            10.000ns  (source_100 rise@10.000ns - source_100 rise@0.000ns)
  Data Path Delay:        7.683ns  (logic 0.897ns (11.676%)  route 6.786ns (88.324%))
  Logic Levels:           2  (LUT2=1 LUT4=1)
  Clock Path Skew:        -0.049ns (DCD - SCD + CPR)
    Destination Clock Delay (DCD):    0.924ns = ( 10.924 - 10.000 ) 
    Source Clock Delay      (SCD):    0.973ns
    Clock Pessimism Removal (CPR):    0.000ns
  Clock Uncertainty:      0.035ns  ((TSJ^2 + TIJ^2)^1/2 + DJ) / 2 + PE
    Total System Jitter     (TSJ):    0.071ns
    Total Input Jitter      (TIJ):    0.000ns
    Discrete Jitter          (DJ):    0.000ns
    Phase Error              (PE):    0.000ns

    Location             Delay type                Incr(ns)  Path(ns)    Netlist Resource(s)
  -------------------------------------------------------------------    -------------------
                         (clock source_100 rise edge)
                                                      0.000     0.000 r  
                                                      0.000     0.000 r  clk (IN)
                         net (fo=206, unset)          0.973     0.973    clk
    SLICE_X12Y12         FDCE                                         r  slow_reset_slow_reg[1]/C
  -------------------------------------------------------------------    -------------------
    SLICE_X12Y12         FDCE (Prop_fdce_C_Q)         0.478     1.451 r  slow_reset_slow_reg[1]/Q
                         net (fo=1, routed)           0.834     2.285    output_bank/read_valid_reg_0[0]
    SLICE_X12Y11         LUT2 (Prop_lut2_I1_O)        0.295     2.580 f  output_bank/input_ready_INST_0_i_1/O
                         net (fo=59, routed)          2.089     4.668    output_bank/fast_reset_slow_reg[1]
    SLICE_X16Y2          LUT4 (Prop_lut4_I1_O)        0.124     4.792 r  output_bank/metadata_out_hold[74]_i_1/O
                         net (fo=75, routed)          3.864     8.656    output_bank/metadata_out_hold
    SLICE_X40Y18         FDRE                                         r  output_bank/metadata_out_hold_reg[54]/CE
  -------------------------------------------------------------------    -------------------

                         (clock source_100 rise edge)
                                                     10.000    10.000 r  
                                                      0.000    10.000 r  clk (IN)
                         net (fo=206, unset)          0.924    10.924    output_bank/clk
    SLICE_X40Y18         FDRE                                         r  output_bank/metadata_out_hold_reg[54]/C
                         clock pessimism              0.000    10.924    
                         clock uncertainty           -0.035    10.889    
    SLICE_X40Y18         FDRE (Setup_fdre_C_CE)      -0.205    10.684    output_bank/metadata_out_hold_reg[54]
  -------------------------------------------------------------------
                         required time                         10.684    
                         arrival time                          -8.656    
  -------------------------------------------------------------------
                         slack                                  2.028    

Slack (MET) :             2.028ns  (required time - arrival time)
  Source:                 slow_reset_slow_reg[1]/C
                            (rising edge-triggered cell FDCE clocked by source_100  {rise@0.000ns fall@5.000ns period=10.000ns})
  Destination:            output_bank/metadata_out_hold_reg[55]/CE
                            (rising edge-triggered cell FDRE clocked by source_100  {rise@0.000ns fall@5.000ns period=10.000ns})
  Path Group:             source_100
  Path Type:              Setup (Max at Slow Process Corner)
  Requirement:            10.000ns  (source_100 rise@10.000ns - source_100 rise@0.000ns)
  Data Path Delay:        7.683ns  (logic 0.897ns (11.676%)  route 6.786ns (88.324%))
  Logic Levels:           2  (LUT2=1 LUT4=1)
  Clock Path Skew:        -0.049ns (DCD - SCD + CPR)
    Destination Clock Delay (DCD):    0.924ns = ( 10.924 - 10.000 ) 
    Source Clock Delay      (SCD):    0.973ns
    Clock Pessimism Removal (CPR):    0.000ns
  Clock Uncertainty:      0.035ns  ((TSJ^2 + TIJ^2)^1/2 + DJ) / 2 + PE
    Total System Jitter     (TSJ):    0.071ns
    Total Input Jitter      (TIJ):    0.000ns
    Discrete Jitter          (DJ):    0.000ns
    Phase Error              (PE):    0.000ns

    Location             Delay type                Incr(ns)  Path(ns)    Netlist Resource(s)
  -------------------------------------------------------------------    -------------------
                         (clock source_100 rise edge)
                                                      0.000     0.000 r  
                                                      0.000     0.000 r  clk (IN)
                         net (fo=206, unset)          0.973     0.973    clk
    SLICE_X12Y12         FDCE                                         r  slow_reset_slow_reg[1]/C
  -------------------------------------------------------------------    -------------------
    SLICE_X12Y12         FDCE (Prop_fdce_C_Q)         0.478     1.451 r  slow_reset_slow_reg[1]/Q
                         net (fo=1, routed)           0.834     2.285    output_bank/read_valid_reg_0[0]
    SLICE_X12Y11         LUT2 (Prop_lut2_I1_O)        0.295     2.580 f  output_bank/input_ready_INST_0_i_1/O
                         net (fo=59, routed)          2.089     4.668    output_bank/fast_reset_slow_reg[1]
    SLICE_X16Y2          LUT4 (Prop_lut4_I1_O)        0.124     4.792 r  output_bank/metadata_out_hold[74]_i_1/O
                         net (fo=75, routed)          3.864     8.656    output_bank/metadata_out_hold
    SLICE_X41Y19         FDRE                                         r  output_bank/metadata_out_hold_reg[55]/CE
  -------------------------------------------------------------------    -------------------

                         (clock source_100 rise edge)
                                                     10.000    10.000 r  
                                                      0.000    10.000 r  clk (IN)
                         net (fo=206, unset)          0.924    10.924    output_bank/clk
    SLICE_X41Y19         FDRE                                         r  output_bank/metadata_out_hold_reg[55]/C
                         clock pessimism              0.000    10.924    
                         clock uncertainty           -0.035    10.889    
    SLICE_X41Y19         FDRE (Setup_fdre_C_CE)      -0.205    10.684    output_bank/metadata_out_hold_reg[55]
  -------------------------------------------------------------------
                         required time                         10.684    
                         arrival time                          -8.656    
  -------------------------------------------------------------------
                         slack                                  2.028    

Slack (MET) :             2.028ns  (required time - arrival time)
  Source:                 slow_reset_slow_reg[1]/C
                            (rising edge-triggered cell FDCE clocked by source_100  {rise@0.000ns fall@5.000ns period=10.000ns})
  Destination:            output_bank/metadata_out_hold_reg[56]/CE
                            (rising edge-triggered cell FDRE clocked by source_100  {rise@0.000ns fall@5.000ns period=10.000ns})
  Path Group:             source_100
  Path Type:              Setup (Max at Slow Process Corner)
  Requirement:            10.000ns  (source_100 rise@10.000ns - source_100 rise@0.000ns)
  Data Path Delay:        7.683ns  (logic 0.897ns (11.676%)  route 6.786ns (88.324%))
  Logic Levels:           2  (LUT2=1 LUT4=1)
  Clock Path Skew:        -0.049ns (DCD - SCD + CPR)
    Destination Clock Delay (DCD):    0.924ns = ( 10.924 - 10.000 ) 
    Source Clock Delay      (SCD):    0.973ns
    Clock Pessimism Removal (CPR):    0.000ns
  Clock Uncertainty:      0.035ns  ((TSJ^2 + TIJ^2)^1/2 + DJ) / 2 + PE
    Total System Jitter     (TSJ):    0.071ns
    Total Input Jitter      (TIJ):    0.000ns
    Discrete Jitter          (DJ):    0.000ns
    Phase Error              (PE):    0.000ns

    Location             Delay type                Incr(ns)  Path(ns)    Netlist Resource(s)
  -------------------------------------------------------------------    -------------------
                         (clock source_100 rise edge)
                                                      0.000     0.000 r  
                                                      0.000     0.000 r  clk (IN)
                         net (fo=206, unset)          0.973     0.973    clk
    SLICE_X12Y12         FDCE                                         r  slow_reset_slow_reg[1]/C
  -------------------------------------------------------------------    -------------------
    SLICE_X12Y12         FDCE (Prop_fdce_C_Q)         0.478     1.451 r  slow_reset_slow_reg[1]/Q
                         net (fo=1, routed)           0.834     2.285    output_bank/read_valid_reg_0[0]
    SLICE_X12Y11         LUT2 (Prop_lut2_I1_O)        0.295     2.580 f  output_bank/input_ready_INST_0_i_1/O
                         net (fo=59, routed)          2.089     4.668    output_bank/fast_reset_slow_reg[1]
    SLICE_X16Y2          LUT4 (Prop_lut4_I1_O)        0.124     4.792 r  output_bank/metadata_out_hold[74]_i_1/O
                         net (fo=75, routed)          3.864     8.656    output_bank/metadata_out_hold
    SLICE_X41Y19         FDRE                                         r  output_bank/metadata_out_hold_reg[56]/CE
  -------------------------------------------------------------------    -------------------

                         (clock source_100 rise edge)
                                                     10.000    10.000 r  
                                                      0.000    10.000 r  clk (IN)
                         net (fo=206, unset)          0.924    10.924    output_bank/clk
    SLICE_X41Y19         FDRE                                         r  output_bank/metadata_out_hold_reg[56]/C
                         clock pessimism              0.000    10.924    
                         clock uncertainty           -0.035    10.889    
    SLICE_X41Y19         FDRE (Setup_fdre_C_CE)      -0.205    10.684    output_bank/metadata_out_hold_reg[56]
  -------------------------------------------------------------------
                         required time                         10.684    
                         arrival time                          -8.656    
  -------------------------------------------------------------------
                         slack                                  2.028    

Slack (MET) :             2.028ns  (required time - arrival time)
  Source:                 slow_reset_slow_reg[1]/C
                            (rising edge-triggered cell FDCE clocked by source_100  {rise@0.000ns fall@5.000ns period=10.000ns})
  Destination:            output_bank/metadata_out_hold_reg[58]/CE
                            (rising edge-triggered cell FDRE clocked by source_100  {rise@0.000ns fall@5.000ns period=10.000ns})
  Path Group:             source_100
  Path Type:              Setup (Max at Slow Process Corner)
  Requirement:            10.000ns  (source_100 rise@10.000ns - source_100 rise@0.000ns)
  Data Path Delay:        7.683ns  (logic 0.897ns (11.676%)  route 6.786ns (88.324%))
  Logic Levels:           2  (LUT2=1 LUT4=1)
  Clock Path Skew:        -0.049ns (DCD - SCD + CPR)
    Destination Clock Delay (DCD):    0.924ns = ( 10.924 - 10.000 ) 
    Source Clock Delay      (SCD):    0.973ns
    Clock Pessimism Removal (CPR):    0.000ns
  Clock Uncertainty:      0.035ns  ((TSJ^2 + TIJ^2)^1/2 + DJ) / 2 + PE
    Total System Jitter     (TSJ):    0.071ns
    Total Input Jitter      (TIJ):    0.000ns
    Discrete Jitter          (DJ):    0.000ns
    Phase Error              (PE):    0.000ns

    Location             Delay type                Incr(ns)  Path(ns)    Netlist Resource(s)
  -------------------------------------------------------------------    -------------------
                         (clock source_100 rise edge)
                                                      0.000     0.000 r  
                                                      0.000     0.000 r  clk (IN)
                         net (fo=206, unset)          0.973     0.973    clk
    SLICE_X12Y12         FDCE                                         r  slow_reset_slow_reg[1]/C
  -------------------------------------------------------------------    -------------------
    SLICE_X12Y12         FDCE (Prop_fdce_C_Q)         0.478     1.451 r  slow_reset_slow_reg[1]/Q
                         net (fo=1, routed)           0.834     2.285    output_bank/read_valid_reg_0[0]
    SLICE_X12Y11         LUT2 (Prop_lut2_I1_O)        0.295     2.580 f  output_bank/input_ready_INST_0_i_1/O
                         net (fo=59, routed)          2.089     4.668    output_bank/fast_reset_slow_reg[1]
    SLICE_X16Y2          LUT4 (Prop_lut4_I1_O)        0.124     4.792 r  output_bank/metadata_out_hold[74]_i_1/O
                         net (fo=75, routed)          3.864     8.656    output_bank/metadata_out_hold
    SLICE_X40Y18         FDRE                                         r  output_bank/metadata_out_hold_reg[58]/CE
  -------------------------------------------------------------------    -------------------

                         (clock source_100 rise edge)
                                                     10.000    10.000 r  
                                                      0.000    10.000 r  clk (IN)
                         net (fo=206, unset)          0.924    10.924    output_bank/clk
    SLICE_X40Y18         FDRE                                         r  output_bank/metadata_out_hold_reg[58]/C
                         clock pessimism              0.000    10.924    
                         clock uncertainty           -0.035    10.889    
    SLICE_X40Y18         FDRE (Setup_fdre_C_CE)      -0.205    10.684    output_bank/metadata_out_hold_reg[58]
  -------------------------------------------------------------------
                         required time                         10.684    
                         arrival time                          -8.656    
  -------------------------------------------------------------------
                         slack                                  2.028    

Slack (MET) :             2.028ns  (required time - arrival time)
  Source:                 slow_reset_slow_reg[1]/C
                            (rising edge-triggered cell FDCE clocked by source_100  {rise@0.000ns fall@5.000ns period=10.000ns})
  Destination:            output_bank/metadata_out_hold_reg[60]/CE
                            (rising edge-triggered cell FDRE clocked by source_100  {rise@0.000ns fall@5.000ns period=10.000ns})
  Path Group:             source_100
  Path Type:              Setup (Max at Slow Process Corner)
  Requirement:            10.000ns  (source_100 rise@10.000ns - source_100 rise@0.000ns)
  Data Path Delay:        7.683ns  (logic 0.897ns (11.676%)  route 6.786ns (88.324%))
  Logic Levels:           2  (LUT2=1 LUT4=1)
  Clock Path Skew:        -0.049ns (DCD - SCD + CPR)
    Destination Clock Delay (DCD):    0.924ns = ( 10.924 - 10.000 ) 
    Source Clock Delay      (SCD):    0.973ns
    Clock Pessimism Removal (CPR):    0.000ns
  Clock Uncertainty:      0.035ns  ((TSJ^2 + TIJ^2)^1/2 + DJ) / 2 + PE
    Total System Jitter     (TSJ):    0.071ns
    Total Input Jitter      (TIJ):    0.000ns
    Discrete Jitter          (DJ):    0.000ns
    Phase Error              (PE):    0.000ns

    Location             Delay type                Incr(ns)  Path(ns)    Netlist Resource(s)
  -------------------------------------------------------------------    -------------------
                         (clock source_100 rise edge)
                                                      0.000     0.000 r  
                                                      0.000     0.000 r  clk (IN)
                         net (fo=206, unset)          0.973     0.973    clk
    SLICE_X12Y12         FDCE                                         r  slow_reset_slow_reg[1]/C
  -------------------------------------------------------------------    -------------------
    SLICE_X12Y12         FDCE (Prop_fdce_C_Q)         0.478     1.451 r  slow_reset_slow_reg[1]/Q
                         net (fo=1, routed)           0.834     2.285    output_bank/read_valid_reg_0[0]
    SLICE_X12Y11         LUT2 (Prop_lut2_I1_O)        0.295     2.580 f  output_bank/input_ready_INST_0_i_1/O
                         net (fo=59, routed)          2.089     4.668    output_bank/fast_reset_slow_reg[1]
    SLICE_X16Y2          LUT4 (Prop_lut4_I1_O)        0.124     4.792 r  output_bank/metadata_out_hold[74]_i_1/O
                         net (fo=75, routed)          3.864     8.656    output_bank/metadata_out_hold
    SLICE_X40Y18         FDRE                                         r  output_bank/metadata_out_hold_reg[60]/CE
  -------------------------------------------------------------------    -------------------

                         (clock source_100 rise edge)
                                                     10.000    10.000 r  
                                                      0.000    10.000 r  clk (IN)
                         net (fo=206, unset)          0.924    10.924    output_bank/clk
    SLICE_X40Y18         FDRE                                         r  output_bank/metadata_out_hold_reg[60]/C
                         clock pessimism              0.000    10.924    
                         clock uncertainty           -0.035    10.889    
    SLICE_X40Y18         FDRE (Setup_fdre_C_CE)      -0.205    10.684    output_bank/metadata_out_hold_reg[60]
  -------------------------------------------------------------------
                         required time                         10.684    
                         arrival time                          -8.656    
  -------------------------------------------------------------------
                         slack                                  2.028    

Slack (MET) :             2.069ns  (required time - arrival time)
  Source:                 slow_reset_slow_reg[1]/C
                            (rising edge-triggered cell FDCE clocked by source_100  {rise@0.000ns fall@5.000ns period=10.000ns})
  Destination:            output_bank/metadata_out_hold_reg[57]/CE
                            (rising edge-triggered cell FDRE clocked by source_100  {rise@0.000ns fall@5.000ns period=10.000ns})
  Path Group:             source_100
  Path Type:              Setup (Max at Slow Process Corner)
  Requirement:            10.000ns  (source_100 rise@10.000ns - source_100 rise@0.000ns)
  Data Path Delay:        7.642ns  (logic 0.897ns (11.738%)  route 6.745ns (88.262%))
  Logic Levels:           2  (LUT2=1 LUT4=1)
  Clock Path Skew:        -0.049ns (DCD - SCD + CPR)
    Destination Clock Delay (DCD):    0.924ns = ( 10.924 - 10.000 ) 
    Source Clock Delay      (SCD):    0.973ns
    Clock Pessimism Removal (CPR):    0.000ns
  Clock Uncertainty:      0.035ns  ((TSJ^2 + TIJ^2)^1/2 + DJ) / 2 + PE
    Total System Jitter     (TSJ):    0.071ns
    Total Input Jitter      (TIJ):    0.000ns
    Discrete Jitter          (DJ):    0.000ns
    Phase Error              (PE):    0.000ns

    Location             Delay type                Incr(ns)  Path(ns)    Netlist Resource(s)
  -------------------------------------------------------------------    -------------------
                         (clock source_100 rise edge)
                                                      0.000     0.000 r  
                                                      0.000     0.000 r  clk (IN)
                         net (fo=206, unset)          0.973     0.973    clk
    SLICE_X12Y12         FDCE                                         r  slow_reset_slow_reg[1]/C
  -------------------------------------------------------------------    -------------------
    SLICE_X12Y12         FDCE (Prop_fdce_C_Q)         0.478     1.451 r  slow_reset_slow_reg[1]/Q
                         net (fo=1, routed)           0.834     2.285    output_bank/read_valid_reg_0[0]
    SLICE_X12Y11         LUT2 (Prop_lut2_I1_O)        0.295     2.580 f  output_bank/input_ready_INST_0_i_1/O
                         net (fo=59, routed)          2.089     4.668    output_bank/fast_reset_slow_reg[1]
    SLICE_X16Y2          LUT4 (Prop_lut4_I1_O)        0.124     4.792 r  output_bank/metadata_out_hold[74]_i_1/O
                         net (fo=75, routed)          3.823     8.615    output_bank/metadata_out_hold
    SLICE_X39Y19         FDRE                                         r  output_bank/metadata_out_hold_reg[57]/CE
  -------------------------------------------------------------------    -------------------

                         (clock source_100 rise edge)
                                                     10.000    10.000 r  
                                                      0.000    10.000 r  clk (IN)
                         net (fo=206, unset)          0.924    10.924    output_bank/clk
    SLICE_X39Y19         FDRE                                         r  output_bank/metadata_out_hold_reg[57]/C
                         clock pessimism              0.000    10.924    
                         clock uncertainty           -0.035    10.889    
    SLICE_X39Y19         FDRE (Setup_fdre_C_CE)      -0.205    10.684    output_bank/metadata_out_hold_reg[57]
  -------------------------------------------------------------------
                         required time                         10.684    
                         arrival time                          -8.615    
  -------------------------------------------------------------------
                         slack                                  2.069    

Slack (MET) :             2.069ns  (required time - arrival time)
  Source:                 slow_reset_slow_reg[1]/C
                            (rising edge-triggered cell FDCE clocked by source_100  {rise@0.000ns fall@5.000ns period=10.000ns})
  Destination:            output_bank/metadata_out_hold_reg[59]/CE
                            (rising edge-triggered cell FDRE clocked by source_100  {rise@0.000ns fall@5.000ns period=10.000ns})
  Path Group:             source_100
  Path Type:              Setup (Max at Slow Process Corner)
  Requirement:            10.000ns  (source_100 rise@10.000ns - source_100 rise@0.000ns)
  Data Path Delay:        7.642ns  (logic 0.897ns (11.738%)  route 6.745ns (88.262%))
  Logic Levels:           2  (LUT2=1 LUT4=1)
  Clock Path Skew:        -0.049ns (DCD - SCD + CPR)
    Destination Clock Delay (DCD):    0.924ns = ( 10.924 - 10.000 ) 
    Source Clock Delay      (SCD):    0.973ns
    Clock Pessimism Removal (CPR):    0.000ns
  Clock Uncertainty:      0.035ns  ((TSJ^2 + TIJ^2)^1/2 + DJ) / 2 + PE
    Total System Jitter     (TSJ):    0.071ns
    Total Input Jitter      (TIJ):    0.000ns
    Discrete Jitter          (DJ):    0.000ns
    Phase Error              (PE):    0.000ns

    Location             Delay type                Incr(ns)  Path(ns)    Netlist Resource(s)
  -------------------------------------------------------------------    -------------------
                         (clock source_100 rise edge)
                                                      0.000     0.000 r  
                                                      0.000     0.000 r  clk (IN)
                         net (fo=206, unset)          0.973     0.973    clk
    SLICE_X12Y12         FDCE                                         r  slow_reset_slow_reg[1]/C
  -------------------------------------------------------------------    -------------------
    SLICE_X12Y12         FDCE (Prop_fdce_C_Q)         0.478     1.451 r  slow_reset_slow_reg[1]/Q
                         net (fo=1, routed)           0.834     2.285    output_bank/read_valid_reg_0[0]
    SLICE_X12Y11         LUT2 (Prop_lut2_I1_O)        0.295     2.580 f  output_bank/input_ready_INST_0_i_1/O
                         net (fo=59, routed)          2.089     4.668    output_bank/fast_reset_slow_reg[1]
    SLICE_X16Y2          LUT4 (Prop_lut4_I1_O)        0.124     4.792 r  output_bank/metadata_out_hold[74]_i_1/O
                         net (fo=75, routed)          3.823     8.615    output_bank/metadata_out_hold
    SLICE_X39Y19         FDRE                                         r  output_bank/metadata_out_hold_reg[59]/CE
  -------------------------------------------------------------------    -------------------

                         (clock source_100 rise edge)
                                                     10.000    10.000 r  
                                                      0.000    10.000 r  clk (IN)
                         net (fo=206, unset)          0.924    10.924    output_bank/clk
    SLICE_X39Y19         FDRE                                         r  output_bank/metadata_out_hold_reg[59]/C
                         clock pessimism              0.000    10.924    
                         clock uncertainty           -0.035    10.889    
    SLICE_X39Y19         FDRE (Setup_fdre_C_CE)      -0.205    10.684    output_bank/metadata_out_hold_reg[59]
  -------------------------------------------------------------------
                         required time                         10.684    
                         arrival time                          -8.615    
  -------------------------------------------------------------------
                         slack                                  2.069    

Slack (MET) :             2.069ns  (required time - arrival time)
  Source:                 slow_reset_slow_reg[1]/C
                            (rising edge-triggered cell FDCE clocked by source_100  {rise@0.000ns fall@5.000ns period=10.000ns})
  Destination:            output_bank/metadata_out_hold_reg[61]/CE
                            (rising edge-triggered cell FDRE clocked by source_100  {rise@0.000ns fall@5.000ns period=10.000ns})
  Path Group:             source_100
  Path Type:              Setup (Max at Slow Process Corner)
  Requirement:            10.000ns  (source_100 rise@10.000ns - source_100 rise@0.000ns)
  Data Path Delay:        7.642ns  (logic 0.897ns (11.738%)  route 6.745ns (88.262%))
  Logic Levels:           2  (LUT2=1 LUT4=1)
  Clock Path Skew:        -0.049ns (DCD - SCD + CPR)
    Destination Clock Delay (DCD):    0.924ns = ( 10.924 - 10.000 ) 
    Source Clock Delay      (SCD):    0.973ns
    Clock Pessimism Removal (CPR):    0.000ns
  Clock Uncertainty:      0.035ns  ((TSJ^2 + TIJ^2)^1/2 + DJ) / 2 + PE
    Total System Jitter     (TSJ):    0.071ns
    Total Input Jitter      (TIJ):    0.000ns
    Discrete Jitter          (DJ):    0.000ns
    Phase Error              (PE):    0.000ns

    Location             Delay type                Incr(ns)  Path(ns)    Netlist Resource(s)
  -------------------------------------------------------------------    -------------------
                         (clock source_100 rise edge)
                                                      0.000     0.000 r  
                                                      0.000     0.000 r  clk (IN)
                         net (fo=206, unset)          0.973     0.973    clk
    SLICE_X12Y12         FDCE                                         r  slow_reset_slow_reg[1]/C
  -------------------------------------------------------------------    -------------------
    SLICE_X12Y12         FDCE (Prop_fdce_C_Q)         0.478     1.451 r  slow_reset_slow_reg[1]/Q
                         net (fo=1, routed)           0.834     2.285    output_bank/read_valid_reg_0[0]
    SLICE_X12Y11         LUT2 (Prop_lut2_I1_O)        0.295     2.580 f  output_bank/input_ready_INST_0_i_1/O
                         net (fo=59, routed)          2.089     4.668    output_bank/fast_reset_slow_reg[1]
    SLICE_X16Y2          LUT4 (Prop_lut4_I1_O)        0.124     4.792 r  output_bank/metadata_out_hold[74]_i_1/O
                         net (fo=75, routed)          3.823     8.615    output_bank/metadata_out_hold
    SLICE_X39Y19         FDRE                                         r  output_bank/metadata_out_hold_reg[61]/CE
  -------------------------------------------------------------------    -------------------

                         (clock source_100 rise edge)
                                                     10.000    10.000 r  
                                                      0.000    10.000 r  clk (IN)
                         net (fo=206, unset)          0.924    10.924    output_bank/clk
    SLICE_X39Y19         FDRE                                         r  output_bank/metadata_out_hold_reg[61]/C
                         clock pessimism              0.000    10.924    
                         clock uncertainty           -0.035    10.889    
    SLICE_X39Y19         FDRE (Setup_fdre_C_CE)      -0.205    10.684    output_bank/metadata_out_hold_reg[61]
  -------------------------------------------------------------------
                         required time                         10.684    
                         arrival time                          -8.615    
  -------------------------------------------------------------------
                         slack                                  2.069    

Slack (MET) :             2.069ns  (required time - arrival time)
  Source:                 slow_reset_slow_reg[1]/C
                            (rising edge-triggered cell FDCE clocked by source_100  {rise@0.000ns fall@5.000ns period=10.000ns})
  Destination:            output_bank/metadata_out_hold_reg[62]/CE
                            (rising edge-triggered cell FDRE clocked by source_100  {rise@0.000ns fall@5.000ns period=10.000ns})
  Path Group:             source_100
  Path Type:              Setup (Max at Slow Process Corner)
  Requirement:            10.000ns  (source_100 rise@10.000ns - source_100 rise@0.000ns)
  Data Path Delay:        7.642ns  (logic 0.897ns (11.738%)  route 6.745ns (88.262%))
  Logic Levels:           2  (LUT2=1 LUT4=1)
  Clock Path Skew:        -0.049ns (DCD - SCD + CPR)
    Destination Clock Delay (DCD):    0.924ns = ( 10.924 - 10.000 ) 
    Source Clock Delay      (SCD):    0.973ns
    Clock Pessimism Removal (CPR):    0.000ns
  Clock Uncertainty:      0.035ns  ((TSJ^2 + TIJ^2)^1/2 + DJ) / 2 + PE
    Total System Jitter     (TSJ):    0.071ns
    Total Input Jitter      (TIJ):    0.000ns
    Discrete Jitter          (DJ):    0.000ns
    Phase Error              (PE):    0.000ns

    Location             Delay type                Incr(ns)  Path(ns)    Netlist Resource(s)
  -------------------------------------------------------------------    -------------------
                         (clock source_100 rise edge)
                                                      0.000     0.000 r  
                                                      0.000     0.000 r  clk (IN)
                         net (fo=206, unset)          0.973     0.973    clk
    SLICE_X12Y12         FDCE                                         r  slow_reset_slow_reg[1]/C
  -------------------------------------------------------------------    -------------------
    SLICE_X12Y12         FDCE (Prop_fdce_C_Q)         0.478     1.451 r  slow_reset_slow_reg[1]/Q
                         net (fo=1, routed)           0.834     2.285    output_bank/read_valid_reg_0[0]
    SLICE_X12Y11         LUT2 (Prop_lut2_I1_O)        0.295     2.580 f  output_bank/input_ready_INST_0_i_1/O
                         net (fo=59, routed)          2.089     4.668    output_bank/fast_reset_slow_reg[1]
    SLICE_X16Y2          LUT4 (Prop_lut4_I1_O)        0.124     4.792 r  output_bank/metadata_out_hold[74]_i_1/O
                         net (fo=75, routed)          3.823     8.615    output_bank/metadata_out_hold
    SLICE_X39Y19         FDRE                                         r  output_bank/metadata_out_hold_reg[62]/CE
  -------------------------------------------------------------------    -------------------

                         (clock source_100 rise edge)
                                                     10.000    10.000 r  
                                                      0.000    10.000 r  clk (IN)
                         net (fo=206, unset)          0.924    10.924    output_bank/clk
    SLICE_X39Y19         FDRE                                         r  output_bank/metadata_out_hold_reg[62]/C
                         clock pessimism              0.000    10.924    
                         clock uncertainty           -0.035    10.889    
    SLICE_X39Y19         FDRE (Setup_fdre_C_CE)      -0.205    10.684    output_bank/metadata_out_hold_reg[62]
  -------------------------------------------------------------------
                         required time                         10.684    
                         arrival time                          -8.615    
  -------------------------------------------------------------------
                         slack                                  2.069    

Slack (MET) :             2.069ns  (required time - arrival time)
  Source:                 slow_reset_slow_reg[1]/C
                            (rising edge-triggered cell FDCE clocked by source_100  {rise@0.000ns fall@5.000ns period=10.000ns})
  Destination:            output_bank/metadata_out_hold_reg[64]/CE
                            (rising edge-triggered cell FDRE clocked by source_100  {rise@0.000ns fall@5.000ns period=10.000ns})
  Path Group:             source_100
  Path Type:              Setup (Max at Slow Process Corner)
  Requirement:            10.000ns  (source_100 rise@10.000ns - source_100 rise@0.000ns)
  Data Path Delay:        7.642ns  (logic 0.897ns (11.738%)  route 6.745ns (88.262%))
  Logic Levels:           2  (LUT2=1 LUT4=1)
  Clock Path Skew:        -0.049ns (DCD - SCD + CPR)
    Destination Clock Delay (DCD):    0.924ns = ( 10.924 - 10.000 ) 
    Source Clock Delay      (SCD):    0.973ns
    Clock Pessimism Removal (CPR):    0.000ns
  Clock Uncertainty:      0.035ns  ((TSJ^2 + TIJ^2)^1/2 + DJ) / 2 + PE
    Total System Jitter     (TSJ):    0.071ns
    Total Input Jitter      (TIJ):    0.000ns
    Discrete Jitter          (DJ):    0.000ns
    Phase Error              (PE):    0.000ns

    Location             Delay type                Incr(ns)  Path(ns)    Netlist Resource(s)
  -------------------------------------------------------------------    -------------------
                         (clock source_100 rise edge)
                                                      0.000     0.000 r  
                                                      0.000     0.000 r  clk (IN)
                         net (fo=206, unset)          0.973     0.973    clk
    SLICE_X12Y12         FDCE                                         r  slow_reset_slow_reg[1]/C
  -------------------------------------------------------------------    -------------------
    SLICE_X12Y12         FDCE (Prop_fdce_C_Q)         0.478     1.451 r  slow_reset_slow_reg[1]/Q
                         net (fo=1, routed)           0.834     2.285    output_bank/read_valid_reg_0[0]
    SLICE_X12Y11         LUT2 (Prop_lut2_I1_O)        0.295     2.580 f  output_bank/input_ready_INST_0_i_1/O
                         net (fo=59, routed)          2.089     4.668    output_bank/fast_reset_slow_reg[1]
    SLICE_X16Y2          LUT4 (Prop_lut4_I1_O)        0.124     4.792 r  output_bank/metadata_out_hold[74]_i_1/O
                         net (fo=75, routed)          3.823     8.615    output_bank/metadata_out_hold
    SLICE_X39Y19         FDRE                                         r  output_bank/metadata_out_hold_reg[64]/CE
  -------------------------------------------------------------------    -------------------

                         (clock source_100 rise edge)
                                                     10.000    10.000 r  
                                                      0.000    10.000 r  clk (IN)
                         net (fo=206, unset)          0.924    10.924    output_bank/clk
    SLICE_X39Y19         FDRE                                         r  output_bank/metadata_out_hold_reg[64]/C
                         clock pessimism              0.000    10.924    
                         clock uncertainty           -0.035    10.889    
    SLICE_X39Y19         FDRE (Setup_fdre_C_CE)      -0.205    10.684    output_bank/metadata_out_hold_reg[64]
  -------------------------------------------------------------------
                         required time                         10.684    
                         arrival time                          -8.615    
  -------------------------------------------------------------------
                         slack                                  2.069    

Slack (MET) :             2.069ns  (required time - arrival time)
  Source:                 slow_reset_slow_reg[1]/C
                            (rising edge-triggered cell FDCE clocked by source_100  {rise@0.000ns fall@5.000ns period=10.000ns})
  Destination:            output_bank/metadata_out_hold_reg[65]/CE
                            (rising edge-triggered cell FDRE clocked by source_100  {rise@0.000ns fall@5.000ns period=10.000ns})
  Path Group:             source_100
  Path Type:              Setup (Max at Slow Process Corner)
  Requirement:            10.000ns  (source_100 rise@10.000ns - source_100 rise@0.000ns)
  Data Path Delay:        7.642ns  (logic 0.897ns (11.738%)  route 6.745ns (88.262%))
  Logic Levels:           2  (LUT2=1 LUT4=1)
  Clock Path Skew:        -0.049ns (DCD - SCD + CPR)
    Destination Clock Delay (DCD):    0.924ns = ( 10.924 - 10.000 ) 
    Source Clock Delay      (SCD):    0.973ns
    Clock Pessimism Removal (CPR):    0.000ns
  Clock Uncertainty:      0.035ns  ((TSJ^2 + TIJ^2)^1/2 + DJ) / 2 + PE
    Total System Jitter     (TSJ):    0.071ns
    Total Input Jitter      (TIJ):    0.000ns
    Discrete Jitter          (DJ):    0.000ns
    Phase Error              (PE):    0.000ns

    Location             Delay type                Incr(ns)  Path(ns)    Netlist Resource(s)
  -------------------------------------------------------------------    -------------------
                         (clock source_100 rise edge)
                                                      0.000     0.000 r  
                                                      0.000     0.000 r  clk (IN)
                         net (fo=206, unset)          0.973     0.973    clk
    SLICE_X12Y12         FDCE                                         r  slow_reset_slow_reg[1]/C
  -------------------------------------------------------------------    -------------------
    SLICE_X12Y12         FDCE (Prop_fdce_C_Q)         0.478     1.451 r  slow_reset_slow_reg[1]/Q
                         net (fo=1, routed)           0.834     2.285    output_bank/read_valid_reg_0[0]
    SLICE_X12Y11         LUT2 (Prop_lut2_I1_O)        0.295     2.580 f  output_bank/input_ready_INST_0_i_1/O
                         net (fo=59, routed)          2.089     4.668    output_bank/fast_reset_slow_reg[1]
    SLICE_X16Y2          LUT4 (Prop_lut4_I1_O)        0.124     4.792 r  output_bank/metadata_out_hold[74]_i_1/O
                         net (fo=75, routed)          3.823     8.615    output_bank/metadata_out_hold
    SLICE_X39Y19         FDRE                                         r  output_bank/metadata_out_hold_reg[65]/CE
  -------------------------------------------------------------------    -------------------

                         (clock source_100 rise edge)
                                                     10.000    10.000 r  
                                                      0.000    10.000 r  clk (IN)
                         net (fo=206, unset)          0.924    10.924    output_bank/clk
    SLICE_X39Y19         FDRE                                         r  output_bank/metadata_out_hold_reg[65]/C
                         clock pessimism              0.000    10.924    
                         clock uncertainty           -0.035    10.889    
    SLICE_X39Y19         FDRE (Setup_fdre_C_CE)      -0.205    10.684    output_bank/metadata_out_hold_reg[65]
  -------------------------------------------------------------------
                         required time                         10.684    
                         arrival time                          -8.615    
  -------------------------------------------------------------------
                         slack                                  2.069    




