INFO: [VRFC 10-2263] Analyzing Verilog file "/tmp/starlink-completed-input.5EaJuD/exact-control-diagnostic-actual-v1/frozen_sources/starlink_pss_block_mailbox.v" into library xil_defaultlib
INFO: [VRFC 10-311] analyzing module starlink_pss_block_mailbox
INFO: [VRFC 10-2263] Analyzing Verilog file "/tmp/starlink-completed-input.5EaJuD/exact-control-diagnostic-actual-v1/frozen_sources/starlink_pss_block_mailbox_dec20d63_golden.v" into library xil_defaultlib
INFO: [VRFC 10-311] analyzing module starlink_pss_block_mailbox_dec20d63_golden
INFO: [VRFC 10-2263] Analyzing Verilog file "/tmp/starlink-completed-input.5EaJuD/exact-control-diagnostic-actual-v1/frozen_sources/starlink_pss_fft_bank_owned_slice.v" into library xil_defaultlib
INFO: [VRFC 10-311] analyzing module starlink_pss_fft_bank_owned_slice
WARNING: [VRFC 10-3380] identifier 'registered_quarantine' is used before its declaration [/tmp/starlink-completed-input.5EaJuD/exact-control-diagnostic-actual-v1/frozen_sources/starlink_pss_fft_bank_owned_slice.v:84]
WARNING: [VRFC 10-3380] identifier 'destination_reserved' is used before its declaration [/tmp/starlink-completed-input.5EaJuD/exact-control-diagnostic-actual-v1/frozen_sources/starlink_pss_fft_bank_owned_slice.v:154]
WARNING: [VRFC 10-3380] identifier 'destination_reserved' is used before its declaration [/tmp/starlink-completed-input.5EaJuD/exact-control-diagnostic-actual-v1/frozen_sources/starlink_pss_fft_bank_owned_slice.v:157]
INFO: [VRFC 10-2263] Analyzing Verilog file "/tmp/starlink-completed-input.5EaJuD/exact-control-diagnostic-actual-v1/frozen_sources/starlink_pss_fft_bank_owned_slice_dec20d63_golden.v" into library xil_defaultlib
INFO: [VRFC 10-311] analyzing module starlink_pss_fft_bank_owned_slice_dec20d63_golden
WARNING: [VRFC 10-3380] identifier 'registered_quarantine' is used before its declaration [/tmp/starlink-completed-input.5EaJuD/exact-control-diagnostic-actual-v1/frozen_sources/starlink_pss_fft_bank_owned_slice_dec20d63_golden.v:76]
WARNING: [VRFC 10-3380] identifier 'destination_reserved' is used before its declaration [/tmp/starlink-completed-input.5EaJuD/exact-control-diagnostic-actual-v1/frozen_sources/starlink_pss_fft_bank_owned_slice_dec20d63_golden.v:146]
WARNING: [VRFC 10-3380] identifier 'destination_reserved' is used before its declaration [/tmp/starlink-completed-input.5EaJuD/exact-control-diagnostic-actual-v1/frozen_sources/starlink_pss_fft_bank_owned_slice_dec20d63_golden.v:149]
INFO: [VRFC 10-2263] Analyzing Verilog file "/tmp/starlink-completed-input.5EaJuD/exact-control-diagnostic-actual-v1/frozen_sources/starlink_pss_forward_kernel_join.v" into library xil_defaultlib
INFO: [VRFC 10-311] analyzing module starlink_pss_forward_kernel_join
INFO: [VRFC 10-2263] Analyzing Verilog file "/tmp/starlink-completed-input.5EaJuD/exact-control-diagnostic-actual-v1/frozen_sources/starlink_pss_forward_kernel_join_7ee87258_golden.v" into library xil_defaultlib
INFO: [VRFC 10-311] analyzing module starlink_pss_forward_kernel_join_7ee87258_golden
INFO: [VRFC 10-2263] Analyzing Verilog file "/tmp/starlink-completed-input.5EaJuD/exact-control-diagnostic-actual-v1/frozen_sources/starlink_pss_forward_kernel_join_dec20d63_golden.v" into library xil_defaultlib
INFO: [VRFC 10-311] analyzing module starlink_pss_forward_kernel_join_dec20d63_golden
INFO: [VRFC 10-2263] Analyzing Verilog file "/tmp/starlink-completed-input.5EaJuD/exact-control-diagnostic-actual-v1/frozen_sources/starlink_pss_kernel_rom.v" into library xil_defaultlib
INFO: [VRFC 10-311] analyzing module starlink_pss_kernel_rom
INFO: [VRFC 10-2263] Analyzing Verilog file "/tmp/starlink-completed-input.5EaJuD/exact-control-diagnostic-actual-v1/frozen_sources/starlink_pss_kernel_rom_7ee87258_golden.v" into library xil_defaultlib
INFO: [VRFC 10-311] analyzing module starlink_pss_kernel_rom_7ee87258_golden
INFO: [VRFC 10-2263] Analyzing Verilog file "/tmp/starlink-completed-input.5EaJuD/exact-control-diagnostic-actual-v1/frozen_sources/starlink_pss_kernel_rom_dec20d63_golden.v" into library xil_defaultlib
INFO: [VRFC 10-311] analyzing module starlink_pss_kernel_rom_dec20d63_golden
INFO: [VRFC 10-2263] Analyzing Verilog file "/tmp/starlink-completed-input.5EaJuD/exact-control-diagnostic-actual-v1/frozen_sources/starlink_pss_realtime_input_guard.v" into library xil_defaultlib
INFO: [VRFC 10-311] analyzing module starlink_pss_realtime_input_guard
INFO: [VRFC 10-2263] Analyzing Verilog file "/tmp/starlink-completed-input.5EaJuD/exact-control-diagnostic-actual-v1/frozen_sources/starlink_pss_realtime_input_guard_dec20d63_golden.v" into library xil_defaultlib
INFO: [VRFC 10-311] analyzing module starlink_pss_realtime_input_guard_dec20d63_golden
INFO: [VRFC 10-2263] Analyzing Verilog file "/tmp/starlink-completed-input.5EaJuD/exact-control-diagnostic-actual-v1/frozen_sources/starlink_pss_realtime_result_guard.v" into library xil_defaultlib
INFO: [VRFC 10-311] analyzing module starlink_pss_realtime_result_guard
INFO: [VRFC 10-2263] Analyzing Verilog file "/tmp/starlink-completed-input.5EaJuD/exact-control-diagnostic-actual-v1/frozen_sources/starlink_pss_realtime_result_guard_ce6a885e_golden.v" into library xil_defaultlib
INFO: [VRFC 10-311] analyzing module starlink_pss_realtime_result_guard_ce6a885e_golden
INFO: [VRFC 10-2263] Analyzing Verilog file "/tmp/starlink-completed-input.5EaJuD/exact-control-diagnostic-actual-v1/frozen_sources/starlink_pss_realtime_result_guard_dec20d63_golden.v" into library xil_defaultlib
INFO: [VRFC 10-311] analyzing module starlink_pss_realtime_result_guard_dec20d63_golden
INFO: [VRFC 10-2263] Analyzing Verilog file "/tmp/starlink-completed-input.5EaJuD/exact-control-diagnostic-actual-v1/frozen_sources/starlink_pss_spectrum_product.v" into library xil_defaultlib
INFO: [VRFC 10-311] analyzing module starlink_pss_spectrum_product
INFO: [VRFC 10-2263] Analyzing Verilog file "/tmp/starlink-completed-input.5EaJuD/exact-control-diagnostic-actual-v1/frozen_sources/starlink_pss_spectrum_product_7ee87258_golden.v" into library xil_defaultlib
INFO: [VRFC 10-311] analyzing module starlink_pss_spectrum_product_7ee87258_golden
INFO: [VRFC 10-2263] Analyzing Verilog file "/tmp/starlink-completed-input.5EaJuD/exact-control-diagnostic-actual-v1/frozen_sources/starlink_pss_spectrum_product_dec20d63_golden.v" into library xil_defaultlib
INFO: [VRFC 10-311] analyzing module starlink_pss_spectrum_product_dec20d63_golden
INFO: [VRFC 10-2263] Analyzing SystemVerilog file "/tmp/starlink-completed-input.5EaJuD/exact-control-diagnostic-actual-v1/frozen_sources/starlink_pss_exact_control_actual_compare.sv" into library xil_defaultlib
INFO: [VRFC 10-311] analyzing module starlink_pss_exact_control_actual_compare
WARNING: [VRFC 10-8426] non-net output port 'checks' cannot be initialized at declaration in SystemVerilog mode [/tmp/starlink-completed-input.5EaJuD/exact-control-diagnostic-actual-v1/frozen_sources/starlink_pss_exact_control_actual_compare.sv:13]
WARNING: [VRFC 10-8426] non-net output port 'active_checks' cannot be initialized at declaration in SystemVerilog mode [/tmp/starlink-completed-input.5EaJuD/exact-control-diagnostic-actual-v1/frozen_sources/starlink_pss_exact_control_actual_compare.sv:14]
WARNING: [VRFC 10-8426] non-net output port 'consumed_identities' cannot be initialized at declaration in SystemVerilog mode [/tmp/starlink-completed-input.5EaJuD/exact-control-diagnostic-actual-v1/frozen_sources/starlink_pss_exact_control_actual_compare.sv:15]
WARNING: [VRFC 10-8426] non-net output port 'private_differences' cannot be initialized at declaration in SystemVerilog mode [/tmp/starlink-completed-input.5EaJuD/exact-control-diagnostic-actual-v1/frozen_sources/starlink_pss_exact_control_actual_compare.sv:16]
WARNING: [VRFC 10-8426] non-net output port 'final_fault_edges' cannot be initialized at declaration in SystemVerilog mode [/tmp/starlink-completed-input.5EaJuD/exact-control-diagnostic-actual-v1/frozen_sources/starlink_pss_exact_control_actual_compare.sv:17]
WARNING: [VRFC 10-8426] non-net output port 'owned_stall_edges' cannot be initialized at declaration in SystemVerilog mode [/tmp/starlink-completed-input.5EaJuD/exact-control-diagnostic-actual-v1/frozen_sources/starlink_pss_exact_control_actual_compare.sv:18]
WARNING: [VRFC 10-8426] non-net output port 'reset_owned_edges' cannot be initialized at declaration in SystemVerilog mode [/tmp/starlink-completed-input.5EaJuD/exact-control-diagnostic-actual-v1/frozen_sources/starlink_pss_exact_control_actual_compare.sv:19]
INFO: [VRFC 10-2263] Analyzing SystemVerilog file "/tmp/starlink-completed-input.5EaJuD/exact-control-diagnostic-actual-v1/frozen_sources/starlink_pss_forward_retirement_shadow.sv" into library xil_defaultlib
INFO: [VRFC 10-311] analyzing module starlink_pss_forward_retirement_shadow
WARNING: [VRFC 10-8426] non-net output port 'checks' cannot be initialized at declaration in SystemVerilog mode [/tmp/starlink-completed-input.5EaJuD/exact-control-diagnostic-actual-v1/frozen_sources/starlink_pss_forward_retirement_shadow.sv:26]
WARNING: [VRFC 10-8426] non-net output port 'forward_cycles' cannot be initialized at declaration in SystemVerilog mode [/tmp/starlink-completed-input.5EaJuD/exact-control-diagnostic-actual-v1/frozen_sources/starlink_pss_forward_retirement_shadow.sv:27]
WARNING: [VRFC 10-8426] non-net output port 'inverse_current_faults' cannot be initialized at declaration in SystemVerilog mode [/tmp/starlink-completed-input.5EaJuD/exact-control-diagnostic-actual-v1/frozen_sources/starlink_pss_forward_retirement_shadow.sv:28]
WARNING: [VRFC 10-8426] non-net output port 'sticky_forward_faults' cannot be initialized at declaration in SystemVerilog mode [/tmp/starlink-completed-input.5EaJuD/exact-control-diagnostic-actual-v1/frozen_sources/starlink_pss_forward_retirement_shadow.sv:29]
INFO: [VRFC 10-2263] Analyzing SystemVerilog file "/tmp/starlink-completed-input.5EaJuD/exact-control-diagnostic-actual-v1/frozen_sources/starlink_pss_payload_bubble_shadow.sv" into library xil_defaultlib
INFO: [VRFC 10-311] analyzing module starlink_pss_payload_bubble_shadow
WARNING: [VRFC 10-8426] non-net output port 'checks' cannot be initialized at declaration in SystemVerilog mode [/tmp/starlink-completed-input.5EaJuD/exact-control-diagnostic-actual-v1/frozen_sources/starlink_pss_payload_bubble_shadow.sv:18]
WARNING: [VRFC 10-8426] non-net output port 'join_occupied' cannot be initialized at declaration in SystemVerilog mode [/tmp/starlink-completed-input.5EaJuD/exact-control-diagnostic-actual-v1/frozen_sources/starlink_pss_payload_bubble_shadow.sv:19]
WARNING: [VRFC 10-8426] non-net output port 'product_occupied' cannot be initialized at declaration in SystemVerilog mode [/tmp/starlink-completed-input.5EaJuD/exact-control-diagnostic-actual-v1/frozen_sources/starlink_pss_payload_bubble_shadow.sv:20]
WARNING: [VRFC 10-8426] non-net output port 'join_invalid_differences' cannot be initialized at declaration in SystemVerilog mode [/tmp/starlink-completed-input.5EaJuD/exact-control-diagnostic-actual-v1/frozen_sources/starlink_pss_payload_bubble_shadow.sv:21]
WARNING: [VRFC 10-8426] non-net output port 'product_invalid_differences' cannot be initialized at declaration in SystemVerilog mode [/tmp/starlink-completed-input.5EaJuD/exact-control-diagnostic-actual-v1/frozen_sources/starlink_pss_payload_bubble_shadow.sv:22]
INFO: [VRFC 10-2263] Analyzing SystemVerilog file "/tmp/starlink-completed-input.5EaJuD/exact-control-diagnostic-actual-v1/frozen_sources/tb_starlink_pss_exact_control_reference.sv" into library xil_defaultlib
INFO: [VRFC 10-311] analyzing module tb_starlink_pss_exact_control_reference
WARNING: [VRFC 10-3380] identifier 'preflight_ready_differences' is used before its declaration [/tmp/starlink-completed-input.5EaJuD/exact-control-diagnostic-actual-v1/frozen_sources/tb_starlink_pss_exact_control_reference.sv:264]
INFO: [VRFC 10-2263] Analyzing SystemVerilog file "/tmp/starlink-completed-input.5EaJuD/exact-control-diagnostic-actual-v1/frozen_sources/tb_starlink_pss_fft_bank_owned_slice.sv" into library xil_defaultlib
INFO: [VRFC 10-311] analyzing module tb_starlink_pss_fft_bank_owned_slice
WARNING: [VRFC 10-3380] identifier 'preflight_ready_differences' is used before its declaration [/tmp/starlink-completed-input.5EaJuD/exact-control-diagnostic-actual-v1/frozen_sources/tb_starlink_pss_fft_bank_owned_slice.sv:723]
INFO: [VRFC 10-2263] Analyzing Verilog file "/tmp/starlink-completed-input.5EaJuD/exact-control-diagnostic-actual-v1/project/exact_control_actual.sim/sim_1/behav/xsim/glbl.v" into library xil_defaultlib
INFO: [VRFC 10-311] analyzing module glbl
INFO: [VRFC 10-163] Analyzing VHDL file "/tmp/starlink-completed-input.5EaJuD/exact-control-diagnostic-actual-v1/project/exact_control_actual.gen/sources_1/ip/starlink_pss_fft512_bfp18_rt_candidate/sim/starlink_pss_fft512_bfp18_rt_candidate.vhd" into library xil_defaultlib
INFO: [VRFC 10-3107] analyzing entity 'starlink_pss_fft512_bfp18_rt_candidate'
