Time resolution is 1 fs
BANK_CAPTURE_START epoch=1 profile=0 block=0 time_ns=256.300000
BANK_CAPTURE_START epoch=1 profile=0 block=0 time_ns=256.300000
BANK_CAPTURE_COMMIT epoch=1 profile=0 block=0 time_ns=5366.300000
BANK_CAPTURE_COMMIT epoch=1 profile=0 block=0 time_ns=5366.300000
BANK_FORWARD_ADMIT epoch=1 profile=0 index=0 fast_cycle=943 time_ns=5391.428841 interval_cycles=0
BANK_FORWARD_ADMIT epoch=1 profile=0 index=0 fast_cycle=943 time_ns=5391.428841 interval_cycles=0
BANK_CAPTURE_START epoch=1 profile=0 block=1 time_ns=8366.300000
BANK_CAPTURE_START epoch=1 profile=0 block=1 time_ns=8366.300000
BANK_CAPTURE_COMMIT epoch=1 profile=0 block=1 time_ns=13476.300000
BANK_CAPTURE_COMMIT epoch=1 profile=0 block=1 time_ns=13476.300000
BANK_JOB epoch=1 inverse=0 admit=943 config_delta=2 input_span=513 input_last_to_output_first=781 commit_delta=1809
BANK_JOB epoch=1 inverse=0 admit=943 config_delta=2 input_span=513 input_last_to_output_first=781 commit_delta=1809
BANK_JOB epoch=1 inverse=1 admit=2765 config_delta=2 input_span=513 input_last_to_output_first=781 commit_delta=1809
BANK_JOB epoch=1 inverse=1 admit=2765 config_delta=2 input_span=513 input_last_to_output_first=781 commit_delta=1809
BANK_OUTPUT_START epoch=1 profile=0 block=0 time_ns=26186.300000
BANK_OUTPUT_START epoch=1 profile=0 block=0 time_ns=26186.300000
BANK_OUTPUT epoch=1 profile=0 block=0 time_ns=31296.300000
BANK_OUTPUT epoch=1 profile=0 block=0 time_ns=31296.300000
BANK_FORWARD_ADMIT epoch=1 profile=0 index=1 fast_cycle=5483 time_ns=31334.287281 interval_cycles=4540
BANK_FORWARD_ADMIT epoch=1 profile=0 index=1 fast_cycle=5483 time_ns=31334.287281 interval_cycles=4540
BANK_CAPTURE_START epoch=1 profile=0 block=2 time_ns=34306.300000
BANK_CAPTURE_START epoch=1 profile=0 block=2 time_ns=34306.300000
BANK_CAPTURE_COMMIT epoch=1 profile=0 block=2 time_ns=39416.300000
BANK_CAPTURE_COMMIT epoch=1 profile=0 block=2 time_ns=39416.300000
BANK_JOB epoch=1 inverse=0 admit=5483 config_delta=2 input_span=513 input_last_to_output_first=781 commit_delta=1809
BANK_JOB epoch=1 inverse=0 admit=5483 config_delta=2 input_span=513 input_last_to_output_first=781 commit_delta=1809
BANK_JOB epoch=1 inverse=1 admit=7305 config_delta=2 input_span=513 input_last_to_output_first=781 commit_delta=1809
BANK_JOB epoch=1 inverse=1 admit=7305 config_delta=2 input_span=513 input_last_to_output_first=781 commit_delta=1809
BANK_OUTPUT_START epoch=1 profile=0 block=1 time_ns=52126.300000
BANK_OUTPUT_START epoch=1 profile=0 block=1 time_ns=52126.300000
BANK_OUTPUT epoch=1 profile=0 block=1 time_ns=57236.300000
BANK_OUTPUT epoch=1 profile=0 block=1 time_ns=57236.300000
BANK_FORWARD_ADMIT epoch=1 profile=0 index=2 fast_cycle=10022 time_ns=57271.431435 interval_cycles=4539
BANK_FORWARD_ADMIT epoch=1 profile=0 index=2 fast_cycle=10022 time_ns=57271.431435 interval_cycles=4539
BANK_CAPTURE_START epoch=1 profile=0 block=3 time_ns=60246.300000
BANK_CAPTURE_START epoch=1 profile=0 block=3 time_ns=60246.300000
BANK_CAPTURE_COMMIT epoch=1 profile=0 block=3 time_ns=65356.300000
BANK_CAPTURE_COMMIT epoch=1 profile=0 block=3 time_ns=65356.300000
BANK_JOB epoch=1 inverse=0 admit=10022 config_delta=2 input_span=513 input_last_to_output_first=781 commit_delta=1809
BANK_JOB epoch=1 inverse=0 admit=10022 config_delta=2 input_span=513 input_last_to_output_first=781 commit_delta=1809
BANK_JOB epoch=1 inverse=1 admit=11844 config_delta=2 input_span=513 input_last_to_output_first=781 commit_delta=1809
BANK_JOB epoch=1 inverse=1 admit=11844 config_delta=2 input_span=513 input_last_to_output_first=781 commit_delta=1809
BANK_OUTPUT_START epoch=1 profile=0 block=2 time_ns=78066.300000
BANK_OUTPUT_START epoch=1 profile=0 block=2 time_ns=78066.300000
BANK_OUTPUT epoch=1 profile=0 block=2 time_ns=83176.300000
BANK_OUTPUT epoch=1 profile=0 block=2 time_ns=83176.300000
BANK_FORWARD_ADMIT epoch=1 profile=0 index=3 fast_cycle=14562 time_ns=83214.289875 interval_cycles=4540
BANK_FORWARD_ADMIT epoch=1 profile=0 index=3 fast_cycle=14562 time_ns=83214.289875 interval_cycles=4540
BANK_CAPTURE_START epoch=1 profile=0 block=4 time_ns=86186.300000
BANK_CAPTURE_START epoch=1 profile=0 block=4 time_ns=86186.300000
BANK_CAPTURE_COMMIT epoch=1 profile=0 block=4 time_ns=91296.300000
BANK_CAPTURE_COMMIT epoch=1 profile=0 block=4 time_ns=91296.300000
BANK_JOB epoch=1 inverse=0 admit=14562 config_delta=2 input_span=513 input_last_to_output_first=781 commit_delta=1809
BANK_JOB epoch=1 inverse=0 admit=14562 config_delta=2 input_span=513 input_last_to_output_first=781 commit_delta=1809
BANK_JOB epoch=1 inverse=1 admit=16384 config_delta=2 input_span=513 input_last_to_output_first=781 commit_delta=1809
BANK_JOB epoch=1 inverse=1 admit=16384 config_delta=2 input_span=513 input_last_to_output_first=781 commit_delta=1809
BANK_OUTPUT_START epoch=1 profile=0 block=3 time_ns=104006.300000
BANK_OUTPUT_START epoch=1 profile=0 block=3 time_ns=104006.300000
BANK_OUTPUT epoch=1 profile=0 block=3 time_ns=109116.300000
BANK_OUTPUT epoch=1 profile=0 block=3 time_ns=109116.300000
BANK_FORWARD_ADMIT epoch=1 profile=0 index=4 fast_cycle=19101 time_ns=109151.434029 interval_cycles=4539
BANK_FORWARD_ADMIT epoch=1 profile=0 index=4 fast_cycle=19101 time_ns=109151.434029 interval_cycles=4539
BANK_CAPTURE_START epoch=1 profile=0 block=5 time_ns=112126.300000
BANK_CAPTURE_START epoch=1 profile=0 block=5 time_ns=112126.300000
BANK_CAPTURE_COMMIT epoch=1 profile=0 block=5 time_ns=117236.300000
BANK_CAPTURE_COMMIT epoch=1 profile=0 block=5 time_ns=117236.300000
BANK_JOB epoch=1 inverse=0 admit=19101 config_delta=2 input_span=513 input_last_to_output_first=781 commit_delta=1809
BANK_JOB epoch=1 inverse=0 admit=19101 config_delta=2 input_span=513 input_last_to_output_first=781 commit_delta=1809
BANK_JOB epoch=1 inverse=1 admit=20923 config_delta=2 input_span=513 input_last_to_output_first=781 commit_delta=1809
BANK_JOB epoch=1 inverse=1 admit=20923 config_delta=2 input_span=513 input_last_to_output_first=781 commit_delta=1809
BANK_OUTPUT_START epoch=1 profile=0 block=4 time_ns=129946.300000
BANK_OUTPUT_START epoch=1 profile=0 block=4 time_ns=129946.300000
BANK_OUTPUT epoch=1 profile=0 block=4 time_ns=135056.300000
BANK_OUTPUT epoch=1 profile=0 block=4 time_ns=135056.300000
BANK_FORWARD_ADMIT epoch=1 profile=0 index=5 fast_cycle=23641 time_ns=135094.292469 interval_cycles=4540
BANK_FORWARD_ADMIT epoch=1 profile=0 index=5 fast_cycle=23641 time_ns=135094.292469 interval_cycles=4540
BANK_CAPTURE_START epoch=1 profile=0 block=6 time_ns=138066.300000
BANK_CAPTURE_START epoch=1 profile=0 block=6 time_ns=138066.300000
BANK_CAPTURE_COMMIT epoch=1 profile=0 block=6 time_ns=143176.300000
BANK_CAPTURE_COMMIT epoch=1 profile=0 block=6 time_ns=143176.300000
BANK_JOB epoch=1 inverse=0 admit=23641 config_delta=2 input_span=513 input_last_to_output_first=781 commit_delta=1809
BANK_JOB epoch=1 inverse=0 admit=23641 config_delta=2 input_span=513 input_last_to_output_first=781 commit_delta=1809
BANK_JOB epoch=1 inverse=1 admit=25463 config_delta=2 input_span=513 input_last_to_output_first=781 commit_delta=1809
BANK_JOB epoch=1 inverse=1 admit=25463 config_delta=2 input_span=513 input_last_to_output_first=781 commit_delta=1809
BANK_OUTPUT_START epoch=1 profile=0 block=5 time_ns=155886.300000
BANK_OUTPUT_START epoch=1 profile=0 block=5 time_ns=155886.300000
BANK_OUTPUT epoch=1 profile=0 block=5 time_ns=160996.300000
BANK_OUTPUT epoch=1 profile=0 block=5 time_ns=160996.300000
BANK_FORWARD_ADMIT epoch=1 profile=0 index=6 fast_cycle=28180 time_ns=161031.436623 interval_cycles=4539
BANK_FORWARD_ADMIT epoch=1 profile=0 index=6 fast_cycle=28180 time_ns=161031.436623 interval_cycles=4539
BANK_CAPTURE_START epoch=1 profile=0 block=7 time_ns=164006.300000
BANK_CAPTURE_START epoch=1 profile=0 block=7 time_ns=164006.300000
BANK_CAPTURE_COMMIT epoch=1 profile=0 block=7 time_ns=169116.300000
BANK_CAPTURE_COMMIT epoch=1 profile=0 block=7 time_ns=169116.300000
BANK_JOB epoch=1 inverse=0 admit=28180 config_delta=2 input_span=513 input_last_to_output_first=781 commit_delta=1809
BANK_JOB epoch=1 inverse=0 admit=28180 config_delta=2 input_span=513 input_last_to_output_first=781 commit_delta=1809
BANK_JOB epoch=1 inverse=1 admit=30002 config_delta=2 input_span=513 input_last_to_output_first=781 commit_delta=1809
BANK_JOB epoch=1 inverse=1 admit=30002 config_delta=2 input_span=513 input_last_to_output_first=781 commit_delta=1809
BANK_OUTPUT_START epoch=1 profile=0 block=6 time_ns=181826.300000
BANK_OUTPUT_START epoch=1 profile=0 block=6 time_ns=181826.300000
BANK_OUTPUT epoch=1 profile=0 block=6 time_ns=186936.300000
BANK_OUTPUT epoch=1 profile=0 block=6 time_ns=186936.300000
BANK_FORWARD_ADMIT epoch=1 profile=0 index=7 fast_cycle=32720 time_ns=186974.295063 interval_cycles=4540
BANK_FORWARD_ADMIT epoch=1 profile=0 index=7 fast_cycle=32720 time_ns=186974.295063 interval_cycles=4540
BANK_CAPTURE_START epoch=1 profile=0 block=8 time_ns=189946.300000
BANK_CAPTURE_START epoch=1 profile=0 block=8 time_ns=189946.300000
BANK_CAPTURE_COMMIT epoch=1 profile=0 block=8 time_ns=195056.300000
BANK_CAPTURE_COMMIT epoch=1 profile=0 block=8 time_ns=195056.300000
BANK_JOB epoch=1 inverse=0 admit=32720 config_delta=2 input_span=513 input_last_to_output_first=781 commit_delta=1809
BANK_JOB epoch=1 inverse=0 admit=32720 config_delta=2 input_span=513 input_last_to_output_first=781 commit_delta=1809
BANK_JOB epoch=1 inverse=1 admit=34542 config_delta=2 input_span=513 input_last_to_output_first=781 commit_delta=1809
BANK_JOB epoch=1 inverse=1 admit=34542 config_delta=2 input_span=513 input_last_to_output_first=781 commit_delta=1809
BANK_OUTPUT_START epoch=1 profile=0 block=7 time_ns=207766.300000
BANK_OUTPUT_START epoch=1 profile=0 block=7 time_ns=207766.300000
BANK_OUTPUT epoch=1 profile=0 block=7 time_ns=212876.300000
BANK_OUTPUT epoch=1 profile=0 block=7 time_ns=212876.300000
BANK_FORWARD_ADMIT epoch=1 profile=0 index=8 fast_cycle=37259 time_ns=212911.439217 interval_cycles=4539
BANK_FORWARD_ADMIT epoch=1 profile=0 index=8 fast_cycle=37259 time_ns=212911.439217 interval_cycles=4539
BANK_CAPTURE_START epoch=1 profile=0 block=9 time_ns=215886.300000
BANK_CAPTURE_START epoch=1 profile=0 block=9 time_ns=215886.300000
BANK_CAPTURE_COMMIT epoch=1 profile=0 block=9 time_ns=220996.300000
BANK_CAPTURE_COMMIT epoch=1 profile=0 block=9 time_ns=220996.300000
BANK_JOB epoch=1 inverse=0 admit=37259 config_delta=2 input_span=513 input_last_to_output_first=781 commit_delta=1809
BANK_JOB epoch=1 inverse=0 admit=37259 config_delta=2 input_span=513 input_last_to_output_first=781 commit_delta=1809
BANK_JOB epoch=1 inverse=1 admit=39081 config_delta=2 input_span=513 input_last_to_output_first=781 commit_delta=1809
BANK_JOB epoch=1 inverse=1 admit=39081 config_delta=2 input_span=513 input_last_to_output_first=781 commit_delta=1809
BANK_OUTPUT_START epoch=1 profile=0 block=8 time_ns=233706.300000
BANK_OUTPUT_START epoch=1 profile=0 block=8 time_ns=233706.300000
BANK_OUTPUT epoch=1 profile=0 block=8 time_ns=238816.300000
BANK_OUTPUT epoch=1 profile=0 block=8 time_ns=238816.300000
BANK_FORWARD_ADMIT epoch=1 profile=0 index=9 fast_cycle=41799 time_ns=238854.297657 interval_cycles=4540
BANK_FORWARD_ADMIT epoch=1 profile=0 index=9 fast_cycle=41799 time_ns=238854.297657 interval_cycles=4540
BANK_CAPTURE_START epoch=1 profile=0 block=10 time_ns=241826.300000
BANK_CAPTURE_START epoch=1 profile=0 block=10 time_ns=241826.300000
BANK_CAPTURE_COMMIT epoch=1 profile=0 block=10 time_ns=246936.300000
BANK_CAPTURE_COMMIT epoch=1 profile=0 block=10 time_ns=246936.300000
BANK_JOB epoch=1 inverse=0 admit=41799 config_delta=2 input_span=513 input_last_to_output_first=781 commit_delta=1809
BANK_JOB epoch=1 inverse=0 admit=41799 config_delta=2 input_span=513 input_last_to_output_first=781 commit_delta=1809
BANK_JOB epoch=1 inverse=1 admit=43621 config_delta=2 input_span=513 input_last_to_output_first=781 commit_delta=1809
BANK_JOB epoch=1 inverse=1 admit=43621 config_delta=2 input_span=513 input_last_to_output_first=781 commit_delta=1809
BANK_OUTPUT_START epoch=1 profile=0 block=9 time_ns=259646.300000
BANK_OUTPUT_START epoch=1 profile=0 block=9 time_ns=259646.300000
BANK_OUTPUT epoch=1 profile=0 block=9 time_ns=264756.300000
BANK_OUTPUT epoch=1 profile=0 block=9 time_ns=264756.300000
BANK_FORWARD_ADMIT epoch=1 profile=0 index=10 fast_cycle=46338 time_ns=264791.441811 interval_cycles=4539
BANK_FORWARD_ADMIT epoch=1 profile=0 index=10 fast_cycle=46338 time_ns=264791.441811 interval_cycles=4539
BANK_CAPTURE_START epoch=1 profile=0 block=11 time_ns=267766.300000
BANK_CAPTURE_START epoch=1 profile=0 block=11 time_ns=267766.300000
BANK_CAPTURE_COMMIT epoch=1 profile=0 block=11 time_ns=272876.300000
BANK_CAPTURE_COMMIT epoch=1 profile=0 block=11 time_ns=272876.300000
BANK_JOB epoch=1 inverse=0 admit=46338 config_delta=2 input_span=513 input_last_to_output_first=781 commit_delta=1809
BANK_JOB epoch=1 inverse=0 admit=46338 config_delta=2 input_span=513 input_last_to_output_first=781 commit_delta=1809
BANK_JOB epoch=1 inverse=1 admit=48160 config_delta=2 input_span=513 input_last_to_output_first=781 commit_delta=1809
BANK_JOB epoch=1 inverse=1 admit=48160 config_delta=2 input_span=513 input_last_to_output_first=781 commit_delta=1809
BANK_OUTPUT_START epoch=1 profile=0 block=10 time_ns=285586.300000
BANK_OUTPUT_START epoch=1 profile=0 block=10 time_ns=285586.300000
BANK_OUTPUT epoch=1 profile=0 block=10 time_ns=290696.300000
BANK_OUTPUT epoch=1 profile=0 block=10 time_ns=290696.300000
BANK_FORWARD_ADMIT epoch=1 profile=0 index=11 fast_cycle=50878 time_ns=290734.300251 interval_cycles=4540
BANK_FORWARD_ADMIT epoch=1 profile=0 index=11 fast_cycle=50878 time_ns=290734.300251 interval_cycles=4540
BANK_CAPTURE_START epoch=1 profile=0 block=12 time_ns=293706.300000
BANK_CAPTURE_START epoch=1 profile=0 block=12 time_ns=293706.300000
BANK_CAPTURE_COMMIT epoch=1 profile=0 block=12 time_ns=298816.300000
BANK_CAPTURE_COMMIT epoch=1 profile=0 block=12 time_ns=298816.300000
BANK_JOB epoch=1 inverse=0 admit=50878 config_delta=2 input_span=513 input_last_to_output_first=781 commit_delta=1809
BANK_JOB epoch=1 inverse=0 admit=50878 config_delta=2 input_span=513 input_last_to_output_first=781 commit_delta=1809
BANK_JOB epoch=1 inverse=1 admit=52700 config_delta=2 input_span=513 input_last_to_output_first=781 commit_delta=1809
BANK_JOB epoch=1 inverse=1 admit=52700 config_delta=2 input_span=513 input_last_to_output_first=781 commit_delta=1809
BANK_OUTPUT_START epoch=1 profile=0 block=11 time_ns=311526.300000
BANK_OUTPUT_START epoch=1 profile=0 block=11 time_ns=311526.300000
BANK_OUTPUT epoch=1 profile=0 block=11 time_ns=316636.300000
BANK_OUTPUT epoch=1 profile=0 block=11 time_ns=316636.300000
BANK_FORWARD_ADMIT epoch=1 profile=0 index=12 fast_cycle=55417 time_ns=316671.444405 interval_cycles=4539
BANK_FORWARD_ADMIT epoch=1 profile=0 index=12 fast_cycle=55417 time_ns=316671.444405 interval_cycles=4539
BANK_CAPTURE_START epoch=1 profile=0 block=13 time_ns=319646.300000
BANK_CAPTURE_START epoch=1 profile=0 block=13 time_ns=319646.300000
BANK_CAPTURE_COMMIT epoch=1 profile=0 block=13 time_ns=324756.300000
BANK_CAPTURE_COMMIT epoch=1 profile=0 block=13 time_ns=324756.300000
BANK_JOB epoch=1 inverse=0 admit=55417 config_delta=2 input_span=513 input_last_to_output_first=781 commit_delta=1809
BANK_JOB epoch=1 inverse=0 admit=55417 config_delta=2 input_span=513 input_last_to_output_first=781 commit_delta=1809
BANK_JOB epoch=1 inverse=1 admit=57239 config_delta=2 input_span=513 input_last_to_output_first=781 commit_delta=1809
BANK_JOB epoch=1 inverse=1 admit=57239 config_delta=2 input_span=513 input_last_to_output_first=781 commit_delta=1809
BANK_OUTPUT_START epoch=1 profile=0 block=12 time_ns=337466.300000
BANK_OUTPUT_START epoch=1 profile=0 block=12 time_ns=337466.300000
BANK_OUTPUT epoch=1 profile=0 block=12 time_ns=342576.300000
BANK_OUTPUT epoch=1 profile=0 block=12 time_ns=342576.300000
BANK_FORWARD_ADMIT epoch=1 profile=0 index=13 fast_cycle=59957 time_ns=342614.302845 interval_cycles=4540
BANK_FORWARD_ADMIT epoch=1 profile=0 index=13 fast_cycle=59957 time_ns=342614.302845 interval_cycles=4540
BANK_CAPTURE_START epoch=1 profile=0 block=14 time_ns=345586.300000
BANK_CAPTURE_START epoch=1 profile=0 block=14 time_ns=345586.300000
BANK_CAPTURE_COMMIT epoch=1 profile=0 block=14 time_ns=350696.300000
BANK_CAPTURE_COMMIT epoch=1 profile=0 block=14 time_ns=350696.300000
BANK_JOB epoch=1 inverse=0 admit=59957 config_delta=2 input_span=513 input_last_to_output_first=781 commit_delta=1809
BANK_JOB epoch=1 inverse=0 admit=59957 config_delta=2 input_span=513 input_last_to_output_first=781 commit_delta=1809
BANK_JOB epoch=1 inverse=1 admit=61779 config_delta=2 input_span=513 input_last_to_output_first=781 commit_delta=1809
BANK_JOB epoch=1 inverse=1 admit=61779 config_delta=2 input_span=513 input_last_to_output_first=781 commit_delta=1809
BANK_OUTPUT_START epoch=1 profile=0 block=13 time_ns=363406.300000
BANK_OUTPUT_START epoch=1 profile=0 block=13 time_ns=363406.300000
BANK_OUTPUT epoch=1 profile=0 block=13 time_ns=368516.300000
BANK_OUTPUT epoch=1 profile=0 block=13 time_ns=368516.300000
BANK_FORWARD_ADMIT epoch=1 profile=0 index=14 fast_cycle=64496 time_ns=368551.446999 interval_cycles=4539
BANK_FORWARD_ADMIT epoch=1 profile=0 index=14 fast_cycle=64496 time_ns=368551.446999 interval_cycles=4539
BANK_CAPTURE_START epoch=1 profile=0 block=15 time_ns=371526.300000
BANK_CAPTURE_START epoch=1 profile=0 block=15 time_ns=371526.300000
BANK_CAPTURE_COMMIT epoch=1 profile=0 block=15 time_ns=376636.300000
BANK_CAPTURE_COMMIT epoch=1 profile=0 block=15 time_ns=376636.300000
BANK_JOB epoch=1 inverse=0 admit=64496 config_delta=2 input_span=513 input_last_to_output_first=781 commit_delta=1809
BANK_JOB epoch=1 inverse=0 admit=64496 config_delta=2 input_span=513 input_last_to_output_first=781 commit_delta=1809
BANK_JOB epoch=1 inverse=1 admit=66318 config_delta=2 input_span=513 input_last_to_output_first=781 commit_delta=1809
BANK_JOB epoch=1 inverse=1 admit=66318 config_delta=2 input_span=513 input_last_to_output_first=781 commit_delta=1809
BANK_OUTPUT_START epoch=1 profile=0 block=14 time_ns=389346.300000
BANK_OUTPUT_START epoch=1 profile=0 block=14 time_ns=389346.300000
BANK_OUTPUT epoch=1 profile=0 block=14 time_ns=394456.300000
BANK_OUTPUT epoch=1 profile=0 block=14 time_ns=394456.300000
BANK_FORWARD_ADMIT epoch=1 profile=0 index=15 fast_cycle=69036 time_ns=394494.305439 interval_cycles=4540
BANK_FORWARD_ADMIT epoch=1 profile=0 index=15 fast_cycle=69036 time_ns=394494.305439 interval_cycles=4540
BANK_CAPTURE_START epoch=1 profile=0 block=16 time_ns=397466.300000
BANK_CAPTURE_START epoch=1 profile=0 block=16 time_ns=397466.300000
BANK_CAPTURE_COMMIT epoch=1 profile=0 block=16 time_ns=402576.300000
BANK_CAPTURE_COMMIT epoch=1 profile=0 block=16 time_ns=402576.300000
BANK_JOB epoch=1 inverse=0 admit=69036 config_delta=2 input_span=513 input_last_to_output_first=781 commit_delta=1809
BANK_JOB epoch=1 inverse=0 admit=69036 config_delta=2 input_span=513 input_last_to_output_first=781 commit_delta=1809
BANK_JOB epoch=1 inverse=1 admit=70858 config_delta=2 input_span=513 input_last_to_output_first=781 commit_delta=1809
BANK_JOB epoch=1 inverse=1 admit=70858 config_delta=2 input_span=513 input_last_to_output_first=781 commit_delta=1809
BANK_OUTPUT_START epoch=1 profile=0 block=15 time_ns=415286.300000
BANK_OUTPUT_START epoch=1 profile=0 block=15 time_ns=415286.300000
BANK_OUTPUT epoch=1 profile=0 block=15 time_ns=420396.300000
BANK_OUTPUT epoch=1 profile=0 block=15 time_ns=420396.300000
BANK_FORWARD_ADMIT epoch=1 profile=0 index=16 fast_cycle=73575 time_ns=420431.449593 interval_cycles=4539
BANK_FORWARD_ADMIT epoch=1 profile=0 index=16 fast_cycle=73575 time_ns=420431.449593 interval_cycles=4539
BANK_CAPTURE_START epoch=1 profile=0 block=17 time_ns=423406.300000
BANK_CAPTURE_START epoch=1 profile=0 block=17 time_ns=423406.300000
BANK_CAPTURE_COMMIT epoch=1 profile=0 block=17 time_ns=428516.300000
BANK_CAPTURE_COMMIT epoch=1 profile=0 block=17 time_ns=428516.300000
BANK_JOB epoch=1 inverse=0 admit=73575 config_delta=2 input_span=513 input_last_to_output_first=781 commit_delta=1809
BANK_JOB epoch=1 inverse=0 admit=73575 config_delta=2 input_span=513 input_last_to_output_first=781 commit_delta=1809
BANK_JOB epoch=1 inverse=1 admit=75397 config_delta=2 input_span=513 input_last_to_output_first=781 commit_delta=1809
BANK_JOB epoch=1 inverse=1 admit=75397 config_delta=2 input_span=513 input_last_to_output_first=781 commit_delta=1809
BANK_OUTPUT_START epoch=1 profile=0 block=16 time_ns=441226.300000
BANK_OUTPUT_START epoch=1 profile=0 block=16 time_ns=441226.300000
BANK_OUTPUT epoch=1 profile=0 block=16 time_ns=446336.300000
BANK_OUTPUT epoch=1 profile=0 block=16 time_ns=446336.300000
BANK_FORWARD_ADMIT epoch=1 profile=0 index=17 fast_cycle=78115 time_ns=446374.308033 interval_cycles=4540
BANK_FORWARD_ADMIT epoch=1 profile=0 index=17 fast_cycle=78115 time_ns=446374.308033 interval_cycles=4540
BANK_CAPTURE_START epoch=1 profile=0 block=18 time_ns=449346.300000
BANK_CAPTURE_START epoch=1 profile=0 block=18 time_ns=449346.300000
BANK_CAPTURE_COMMIT epoch=1 profile=0 block=18 time_ns=454456.300000
BANK_CAPTURE_COMMIT epoch=1 profile=0 block=18 time_ns=454456.300000
BANK_JOB epoch=1 inverse=0 admit=78115 config_delta=2 input_span=513 input_last_to_output_first=781 commit_delta=1809
BANK_JOB epoch=1 inverse=0 admit=78115 config_delta=2 input_span=513 input_last_to_output_first=781 commit_delta=1809
BANK_JOB epoch=1 inverse=1 admit=79937 config_delta=2 input_span=513 input_last_to_output_first=781 commit_delta=1809
BANK_JOB epoch=1 inverse=1 admit=79937 config_delta=2 input_span=513 input_last_to_output_first=781 commit_delta=1809
BANK_OUTPUT_START epoch=1 profile=0 block=17 time_ns=467166.300000
BANK_OUTPUT_START epoch=1 profile=0 block=17 time_ns=467166.300000
BANK_OUTPUT epoch=1 profile=0 block=17 time_ns=472276.300000
BANK_OUTPUT epoch=1 profile=0 block=17 time_ns=472276.300000
BANK_FORWARD_ADMIT epoch=1 profile=0 index=18 fast_cycle=82654 time_ns=472311.452187 interval_cycles=4539
BANK_FORWARD_ADMIT epoch=1 profile=0 index=18 fast_cycle=82654 time_ns=472311.452187 interval_cycles=4539
BANK_CAPTURE_START epoch=1 profile=0 block=19 time_ns=475286.300000
BANK_CAPTURE_START epoch=1 profile=0 block=19 time_ns=475286.300000
BANK_CAPTURE_COMMIT epoch=1 profile=0 block=19 time_ns=480396.300000
BANK_CAPTURE_COMMIT epoch=1 profile=0 block=19 time_ns=480396.300000
BANK_JOB epoch=1 inverse=0 admit=82654 config_delta=2 input_span=513 input_last_to_output_first=781 commit_delta=1809
BANK_JOB epoch=1 inverse=0 admit=82654 config_delta=2 input_span=513 input_last_to_output_first=781 commit_delta=1809
BANK_JOB epoch=1 inverse=1 admit=84476 config_delta=2 input_span=513 input_last_to_output_first=781 commit_delta=1809
BANK_JOB epoch=1 inverse=1 admit=84476 config_delta=2 input_span=513 input_last_to_output_first=781 commit_delta=1809
BANK_OUTPUT_START epoch=1 profile=0 block=18 time_ns=493106.300000
BANK_OUTPUT_START epoch=1 profile=0 block=18 time_ns=493106.300000
BANK_OUTPUT epoch=1 profile=0 block=18 time_ns=498216.300000
BANK_OUTPUT epoch=1 profile=0 block=18 time_ns=498216.300000
BANK_FORWARD_ADMIT epoch=1 profile=0 index=19 fast_cycle=87194 time_ns=498254.310627 interval_cycles=4540
BANK_FORWARD_ADMIT epoch=1 profile=0 index=19 fast_cycle=87194 time_ns=498254.310627 interval_cycles=4540
BANK_CAPTURE_START epoch=1 profile=0 block=20 time_ns=501226.300000
BANK_CAPTURE_START epoch=1 profile=0 block=20 time_ns=501226.300000
BANK_CAPTURE_COMMIT epoch=1 profile=0 block=20 time_ns=506336.300000
BANK_CAPTURE_COMMIT epoch=1 profile=0 block=20 time_ns=506336.300000
BANK_JOB epoch=1 inverse=0 admit=87194 config_delta=2 input_span=513 input_last_to_output_first=781 commit_delta=1809
BANK_JOB epoch=1 inverse=0 admit=87194 config_delta=2 input_span=513 input_last_to_output_first=781 commit_delta=1809
BANK_JOB epoch=1 inverse=1 admit=89016 config_delta=2 input_span=513 input_last_to_output_first=781 commit_delta=1809
BANK_JOB epoch=1 inverse=1 admit=89016 config_delta=2 input_span=513 input_last_to_output_first=781 commit_delta=1809
BANK_OUTPUT_START epoch=1 profile=0 block=19 time_ns=519046.300000
BANK_OUTPUT_START epoch=1 profile=0 block=19 time_ns=519046.300000
BANK_OUTPUT epoch=1 profile=0 block=19 time_ns=524156.300000
BANK_OUTPUT epoch=1 profile=0 block=19 time_ns=524156.300000
BANK_FORWARD_ADMIT epoch=1 profile=0 index=20 fast_cycle=91733 time_ns=524191.454781 interval_cycles=4539
BANK_FORWARD_ADMIT epoch=1 profile=0 index=20 fast_cycle=91733 time_ns=524191.454781 interval_cycles=4539
BANK_CAPTURE_START epoch=1 profile=0 block=21 time_ns=527166.300000
BANK_CAPTURE_START epoch=1 profile=0 block=21 time_ns=527166.300000
BANK_CAPTURE_COMMIT epoch=1 profile=0 block=21 time_ns=532276.300000
BANK_CAPTURE_COMMIT epoch=1 profile=0 block=21 time_ns=532276.300000
BANK_JOB epoch=1 inverse=0 admit=91733 config_delta=2 input_span=513 input_last_to_output_first=781 commit_delta=1809
BANK_JOB epoch=1 inverse=0 admit=91733 config_delta=2 input_span=513 input_last_to_output_first=781 commit_delta=1809
BANK_JOB epoch=1 inverse=1 admit=93555 config_delta=2 input_span=513 input_last_to_output_first=781 commit_delta=1809
BANK_JOB epoch=1 inverse=1 admit=93555 config_delta=2 input_span=513 input_last_to_output_first=781 commit_delta=1809
BANK_OUTPUT_START epoch=1 profile=0 block=20 time_ns=544986.300000
BANK_OUTPUT_START epoch=1 profile=0 block=20 time_ns=544986.300000
BANK_OUTPUT epoch=1 profile=0 block=20 time_ns=550096.300000
BANK_OUTPUT epoch=1 profile=0 block=20 time_ns=550096.300000
BANK_FORWARD_ADMIT epoch=1 profile=0 index=21 fast_cycle=96273 time_ns=550134.313221 interval_cycles=4540
BANK_FORWARD_ADMIT epoch=1 profile=0 index=21 fast_cycle=96273 time_ns=550134.313221 interval_cycles=4540
BANK_CAPTURE_START epoch=1 profile=0 block=22 time_ns=553106.300000
BANK_CAPTURE_START epoch=1 profile=0 block=22 time_ns=553106.300000
BANK_CAPTURE_COMMIT epoch=1 profile=0 block=22 time_ns=558216.300000
BANK_CAPTURE_COMMIT epoch=1 profile=0 block=22 time_ns=558216.300000
BANK_JOB epoch=1 inverse=0 admit=96273 config_delta=2 input_span=513 input_last_to_output_first=781 commit_delta=1809
BANK_JOB epoch=1 inverse=0 admit=96273 config_delta=2 input_span=513 input_last_to_output_first=781 commit_delta=1809
BANK_JOB epoch=1 inverse=1 admit=98095 config_delta=2 input_span=513 input_last_to_output_first=781 commit_delta=1809
BANK_JOB epoch=1 inverse=1 admit=98095 config_delta=2 input_span=513 input_last_to_output_first=781 commit_delta=1809
BANK_OUTPUT_START epoch=1 profile=0 block=21 time_ns=570926.300000
BANK_OUTPUT_START epoch=1 profile=0 block=21 time_ns=570926.300000
BANK_OUTPUT epoch=1 profile=0 block=21 time_ns=576036.300000
BANK_OUTPUT epoch=1 profile=0 block=21 time_ns=576036.300000
BANK_FORWARD_ADMIT epoch=1 profile=0 index=22 fast_cycle=100812 time_ns=576071.457375 interval_cycles=4539
BANK_FORWARD_ADMIT epoch=1 profile=0 index=22 fast_cycle=100812 time_ns=576071.457375 interval_cycles=4539
BANK_CAPTURE_START epoch=1 profile=0 block=23 time_ns=579046.300000
BANK_CAPTURE_START epoch=1 profile=0 block=23 time_ns=579046.300000
BANK_CAPTURE_COMMIT epoch=1 profile=0 block=23 time_ns=584156.300000
BANK_CAPTURE_COMMIT epoch=1 profile=0 block=23 time_ns=584156.300000
BANK_JOB epoch=1 inverse=0 admit=100812 config_delta=2 input_span=513 input_last_to_output_first=781 commit_delta=1809
BANK_JOB epoch=1 inverse=0 admit=100812 config_delta=2 input_span=513 input_last_to_output_first=781 commit_delta=1809
BANK_JOB epoch=1 inverse=1 admit=102634 config_delta=2 input_span=513 input_last_to_output_first=781 commit_delta=1809
BANK_JOB epoch=1 inverse=1 admit=102634 config_delta=2 input_span=513 input_last_to_output_first=781 commit_delta=1809
BANK_OUTPUT_START epoch=1 profile=0 block=22 time_ns=596866.300000
BANK_OUTPUT_START epoch=1 profile=0 block=22 time_ns=596866.300000
BANK_OUTPUT epoch=1 profile=0 block=22 time_ns=601976.300000
BANK_OUTPUT epoch=1 profile=0 block=22 time_ns=601976.300000
BANK_FORWARD_ADMIT epoch=1 profile=0 index=23 fast_cycle=105352 time_ns=602014.315815 interval_cycles=4540
BANK_FORWARD_ADMIT epoch=1 profile=0 index=23 fast_cycle=105352 time_ns=602014.315815 interval_cycles=4540
BANK_CAPTURE_START epoch=1 profile=0 block=24 time_ns=604986.300000
BANK_CAPTURE_START epoch=1 profile=0 block=24 time_ns=604986.300000
BANK_CAPTURE_COMMIT epoch=1 profile=0 block=24 time_ns=610096.300000
BANK_CAPTURE_COMMIT epoch=1 profile=0 block=24 time_ns=610096.300000
BANK_JOB epoch=1 inverse=0 admit=105352 config_delta=2 input_span=513 input_last_to_output_first=781 commit_delta=1809
BANK_JOB epoch=1 inverse=0 admit=105352 config_delta=2 input_span=513 input_last_to_output_first=781 commit_delta=1809
BANK_JOB epoch=1 inverse=1 admit=107174 config_delta=2 input_span=513 input_last_to_output_first=781 commit_delta=1809
BANK_JOB epoch=1 inverse=1 admit=107174 config_delta=2 input_span=513 input_last_to_output_first=781 commit_delta=1809
BANK_OUTPUT_START epoch=1 profile=0 block=23 time_ns=622806.300000
BANK_OUTPUT_START epoch=1 profile=0 block=23 time_ns=622806.300000
BANK_OUTPUT epoch=1 profile=0 block=23 time_ns=627916.300000
BANK_OUTPUT epoch=1 profile=0 block=23 time_ns=627916.300000
BANK_FORWARD_ADMIT epoch=1 profile=0 index=24 fast_cycle=109891 time_ns=627951.459969 interval_cycles=4539
BANK_FORWARD_ADMIT epoch=1 profile=0 index=24 fast_cycle=109891 time_ns=627951.459969 interval_cycles=4539
BANK_CAPTURE_START epoch=1 profile=0 block=25 time_ns=630926.300000
BANK_CAPTURE_START epoch=1 profile=0 block=25 time_ns=630926.300000
BANK_CAPTURE_COMMIT epoch=1 profile=0 block=25 time_ns=636036.300000
BANK_CAPTURE_COMMIT epoch=1 profile=0 block=25 time_ns=636036.300000
BANK_JOB epoch=1 inverse=0 admit=109891 config_delta=2 input_span=513 input_last_to_output_first=781 commit_delta=1809
BANK_JOB epoch=1 inverse=0 admit=109891 config_delta=2 input_span=513 input_last_to_output_first=781 commit_delta=1809
BANK_JOB epoch=1 inverse=1 admit=111713 config_delta=2 input_span=513 input_last_to_output_first=781 commit_delta=1809
BANK_JOB epoch=1 inverse=1 admit=111713 config_delta=2 input_span=513 input_last_to_output_first=781 commit_delta=1809
BANK_OUTPUT_START epoch=1 profile=0 block=24 time_ns=648746.300000
BANK_OUTPUT_START epoch=1 profile=0 block=24 time_ns=648746.300000
BANK_OUTPUT epoch=1 profile=0 block=24 time_ns=653856.300000
BANK_OUTPUT epoch=1 profile=0 block=24 time_ns=653856.300000
BANK_FORWARD_ADMIT epoch=1 profile=0 index=25 fast_cycle=114431 time_ns=653894.318409 interval_cycles=4540
BANK_FORWARD_ADMIT epoch=1 profile=0 index=25 fast_cycle=114431 time_ns=653894.318409 interval_cycles=4540
BANK_CAPTURE_START epoch=1 profile=0 block=26 time_ns=656866.300000
BANK_CAPTURE_START epoch=1 profile=0 block=26 time_ns=656866.300000
BANK_CAPTURE_COMMIT epoch=1 profile=0 block=26 time_ns=661976.300000
BANK_CAPTURE_COMMIT epoch=1 profile=0 block=26 time_ns=661976.300000
BANK_JOB epoch=1 inverse=0 admit=114431 config_delta=2 input_span=513 input_last_to_output_first=781 commit_delta=1809
BANK_JOB epoch=1 inverse=0 admit=114431 config_delta=2 input_span=513 input_last_to_output_first=781 commit_delta=1809
BANK_JOB epoch=1 inverse=1 admit=116253 config_delta=2 input_span=513 input_last_to_output_first=781 commit_delta=1809
BANK_JOB epoch=1 inverse=1 admit=116253 config_delta=2 input_span=513 input_last_to_output_first=781 commit_delta=1809
BANK_OUTPUT_START epoch=1 profile=0 block=25 time_ns=674686.300000
BANK_OUTPUT_START epoch=1 profile=0 block=25 time_ns=674686.300000
BANK_OUTPUT epoch=1 profile=0 block=25 time_ns=679796.300000
BANK_OUTPUT epoch=1 profile=0 block=25 time_ns=679796.300000
BANK_FORWARD_ADMIT epoch=1 profile=0 index=26 fast_cycle=118970 time_ns=679831.462563 interval_cycles=4539
BANK_FORWARD_ADMIT epoch=1 profile=0 index=26 fast_cycle=118970 time_ns=679831.462563 interval_cycles=4539
BANK_CAPTURE_START epoch=1 profile=0 block=27 time_ns=682806.300000
BANK_CAPTURE_START epoch=1 profile=0 block=27 time_ns=682806.300000
BANK_CAPTURE_COMMIT epoch=1 profile=0 block=27 time_ns=687916.300000
BANK_CAPTURE_COMMIT epoch=1 profile=0 block=27 time_ns=687916.300000
BANK_JOB epoch=1 inverse=0 admit=118970 config_delta=2 input_span=513 input_last_to_output_first=781 commit_delta=1809
BANK_JOB epoch=1 inverse=0 admit=118970 config_delta=2 input_span=513 input_last_to_output_first=781 commit_delta=1809
BANK_JOB epoch=1 inverse=1 admit=120792 config_delta=2 input_span=513 input_last_to_output_first=781 commit_delta=1809
BANK_JOB epoch=1 inverse=1 admit=120792 config_delta=2 input_span=513 input_last_to_output_first=781 commit_delta=1809
BANK_OUTPUT_START epoch=1 profile=0 block=26 time_ns=700626.300000
BANK_OUTPUT_START epoch=1 profile=0 block=26 time_ns=700626.300000
BANK_OUTPUT epoch=1 profile=0 block=26 time_ns=705736.300000
BANK_OUTPUT epoch=1 profile=0 block=26 time_ns=705736.300000
BANK_FORWARD_ADMIT epoch=1 profile=0 index=27 fast_cycle=123510 time_ns=705774.321003 interval_cycles=4540
BANK_FORWARD_ADMIT epoch=1 profile=0 index=27 fast_cycle=123510 time_ns=705774.321003 interval_cycles=4540
BANK_CAPTURE_START epoch=1 profile=0 block=28 time_ns=708746.300000
BANK_CAPTURE_START epoch=1 profile=0 block=28 time_ns=708746.300000
BANK_CAPTURE_COMMIT epoch=1 profile=0 block=28 time_ns=713856.300000
BANK_CAPTURE_COMMIT epoch=1 profile=0 block=28 time_ns=713856.300000
BANK_JOB epoch=1 inverse=0 admit=123510 config_delta=2 input_span=513 input_last_to_output_first=781 commit_delta=1809
BANK_JOB epoch=1 inverse=0 admit=123510 config_delta=2 input_span=513 input_last_to_output_first=781 commit_delta=1809
BANK_JOB epoch=1 inverse=1 admit=125332 config_delta=2 input_span=513 input_last_to_output_first=781 commit_delta=1809
BANK_JOB epoch=1 inverse=1 admit=125332 config_delta=2 input_span=513 input_last_to_output_first=781 commit_delta=1809
BANK_OUTPUT_START epoch=1 profile=0 block=27 time_ns=726566.300000
BANK_OUTPUT_START epoch=1 profile=0 block=27 time_ns=726566.300000
BANK_OUTPUT epoch=1 profile=0 block=27 time_ns=731676.300000
BANK_OUTPUT epoch=1 profile=0 block=27 time_ns=731676.300000
BANK_FORWARD_ADMIT epoch=1 profile=0 index=28 fast_cycle=128049 time_ns=731711.465157 interval_cycles=4539
BANK_FORWARD_ADMIT epoch=1 profile=0 index=28 fast_cycle=128049 time_ns=731711.465157 interval_cycles=4539
BANK_CAPTURE_START epoch=1 profile=0 block=29 time_ns=734686.300000
BANK_CAPTURE_START epoch=1 profile=0 block=29 time_ns=734686.300000
BANK_CAPTURE_COMMIT epoch=1 profile=0 block=29 time_ns=739796.300000
BANK_CAPTURE_COMMIT epoch=1 profile=0 block=29 time_ns=739796.300000
BANK_JOB epoch=1 inverse=0 admit=128049 config_delta=2 input_span=513 input_last_to_output_first=781 commit_delta=1809
BANK_JOB epoch=1 inverse=0 admit=128049 config_delta=2 input_span=513 input_last_to_output_first=781 commit_delta=1809
BANK_JOB epoch=1 inverse=1 admit=129871 config_delta=2 input_span=513 input_last_to_output_first=781 commit_delta=1809
BANK_JOB epoch=1 inverse=1 admit=129871 config_delta=2 input_span=513 input_last_to_output_first=781 commit_delta=1809
BANK_OUTPUT_START epoch=1 profile=0 block=28 time_ns=752506.300000
BANK_OUTPUT_START epoch=1 profile=0 block=28 time_ns=752506.300000
BANK_OUTPUT epoch=1 profile=0 block=28 time_ns=757616.300000
BANK_OUTPUT epoch=1 profile=0 block=28 time_ns=757616.300000
BANK_FORWARD_ADMIT epoch=1 profile=0 index=29 fast_cycle=132589 time_ns=757654.323597 interval_cycles=4540
BANK_FORWARD_ADMIT epoch=1 profile=0 index=29 fast_cycle=132589 time_ns=757654.323597 interval_cycles=4540
BANK_CAPTURE_START epoch=1 profile=0 block=30 time_ns=760626.300000
BANK_CAPTURE_START epoch=1 profile=0 block=30 time_ns=760626.300000
BANK_CAPTURE_COMMIT epoch=1 profile=0 block=30 time_ns=765736.300000
BANK_CAPTURE_COMMIT epoch=1 profile=0 block=30 time_ns=765736.300000
BANK_JOB epoch=1 inverse=0 admit=132589 config_delta=2 input_span=513 input_last_to_output_first=781 commit_delta=1809
BANK_JOB epoch=1 inverse=0 admit=132589 config_delta=2 input_span=513 input_last_to_output_first=781 commit_delta=1809
BANK_JOB epoch=1 inverse=1 admit=134411 config_delta=2 input_span=513 input_last_to_output_first=781 commit_delta=1809
BANK_JOB epoch=1 inverse=1 admit=134411 config_delta=2 input_span=513 input_last_to_output_first=781 commit_delta=1809
BANK_OUTPUT_START epoch=1 profile=0 block=29 time_ns=778446.300000
BANK_OUTPUT_START epoch=1 profile=0 block=29 time_ns=778446.300000
BANK_OUTPUT epoch=1 profile=0 block=29 time_ns=783556.300000
BANK_OUTPUT epoch=1 profile=0 block=29 time_ns=783556.300000
BANK_FORWARD_ADMIT epoch=1 profile=0 index=30 fast_cycle=137128 time_ns=783591.467751 interval_cycles=4539
BANK_FORWARD_ADMIT epoch=1 profile=0 index=30 fast_cycle=137128 time_ns=783591.467751 interval_cycles=4539
BANK_CAPTURE_START epoch=1 profile=0 block=31 time_ns=786566.300000
BANK_CAPTURE_START epoch=1 profile=0 block=31 time_ns=786566.300000
BANK_CAPTURE_COMMIT epoch=1 profile=0 block=31 time_ns=791676.300000
BANK_CAPTURE_COMMIT epoch=1 profile=0 block=31 time_ns=791676.300000
BANK_JOB epoch=1 inverse=0 admit=137128 config_delta=2 input_span=513 input_last_to_output_first=781 commit_delta=1809
BANK_JOB epoch=1 inverse=0 admit=137128 config_delta=2 input_span=513 input_last_to_output_first=781 commit_delta=1809
BANK_JOB epoch=1 inverse=1 admit=138950 config_delta=2 input_span=513 input_last_to_output_first=781 commit_delta=1809
BANK_JOB epoch=1 inverse=1 admit=138950 config_delta=2 input_span=513 input_last_to_output_first=781 commit_delta=1809
BANK_OUTPUT_START epoch=1 profile=0 block=30 time_ns=804386.300000
BANK_OUTPUT_START epoch=1 profile=0 block=30 time_ns=804386.300000
BANK_OUTPUT epoch=1 profile=0 block=30 time_ns=809496.300000
BANK_OUTPUT epoch=1 profile=0 block=30 time_ns=809496.300000
BANK_FORWARD_ADMIT epoch=1 profile=0 index=31 fast_cycle=141668 time_ns=809534.326191 interval_cycles=4540
BANK_FORWARD_ADMIT epoch=1 profile=0 index=31 fast_cycle=141668 time_ns=809534.326191 interval_cycles=4540
BANK_JOB epoch=1 inverse=0 admit=141668 config_delta=2 input_span=513 input_last_to_output_first=781 commit_delta=1809
BANK_JOB epoch=1 inverse=0 admit=141668 config_delta=2 input_span=513 input_last_to_output_first=781 commit_delta=1809
BANK_JOB epoch=1 inverse=1 admit=143490 config_delta=2 input_span=513 input_last_to_output_first=781 commit_delta=1809
BANK_JOB epoch=1 inverse=1 admit=143490 config_delta=2 input_span=513 input_last_to_output_first=781 commit_delta=1809
BANK_OUTPUT_START epoch=1 profile=0 block=31 time_ns=830326.300000
BANK_OUTPUT_START epoch=1 profile=0 block=31 time_ns=830326.300000
BANK_OUTPUT epoch=1 profile=0 block=31 time_ns=835436.300000
BANK_OUTPUT epoch=1 profile=0 block=31 time_ns=835436.300000
BANK_CAPTURE_START epoch=2 profile=1 block=0 time_ns=835706.300000
BANK_CAPTURE_START epoch=2 profile=1 block=0 time_ns=835706.300000
BANK_CAPTURE_COMMIT epoch=2 profile=1 block=0 time_ns=842016.300000
BANK_CAPTURE_COMMIT epoch=2 profile=1 block=0 time_ns=842016.300000
BANK_FORWARD_ADMIT epoch=2 profile=1 index=0 fast_cycle=147357 time_ns=842042.899245 interval_cycles=0
BANK_FORWARD_ADMIT epoch=2 profile=1 index=0 fast_cycle=147357 time_ns=842042.899245 interval_cycles=0
BANK_CAPTURE_START epoch=2 profile=1 block=1 time_ns=845016.300000
BANK_CAPTURE_START epoch=2 profile=1 block=1 time_ns=845016.300000
BANK_CAPTURE_COMMIT epoch=2 profile=1 block=1 time_ns=851326.300000
BANK_CAPTURE_COMMIT epoch=2 profile=1 block=1 time_ns=851326.300000
BANK_JOB epoch=2 inverse=0 admit=147357 config_delta=2 input_span=513 input_last_to_output_first=781 commit_delta=1809
BANK_JOB epoch=2 inverse=0 admit=147357 config_delta=2 input_span=513 input_last_to_output_first=781 commit_delta=1809
BANK_JOB epoch=2 inverse=1 admit=149179 config_delta=2 input_span=513 input_last_to_output_first=781 commit_delta=1809
BANK_JOB epoch=2 inverse=1 admit=149179 config_delta=2 input_span=513 input_last_to_output_first=781 commit_delta=1809
BANK_OUTPUT_START epoch=2 profile=1 block=0 time_ns=862836.300000
BANK_OUTPUT_START epoch=2 profile=1 block=0 time_ns=862836.300000
BANK_OUTPUT epoch=2 profile=1 block=0 time_ns=869506.300000
BANK_OUTPUT epoch=2 profile=1 block=0 time_ns=869506.300000
BANK_FORWARD_ADMIT epoch=2 profile=1 index=1 fast_cycle=152170 time_ns=869545.757763 interval_cycles=4813
BANK_FORWARD_ADMIT epoch=2 profile=1 index=1 fast_cycle=152170 time_ns=869545.757763 interval_cycles=4813
BANK_CAPTURE_START epoch=2 profile=1 block=2 time_ns=872516.300000
BANK_CAPTURE_START epoch=2 profile=1 block=2 time_ns=872516.300000
BANK_CAPTURE_COMMIT epoch=2 profile=1 block=2 time_ns=878826.300000
BANK_CAPTURE_COMMIT epoch=2 profile=1 block=2 time_ns=878826.300000
BANK_JOB epoch=2 inverse=0 admit=152170 config_delta=2 input_span=513 input_last_to_output_first=781 commit_delta=1809
BANK_JOB epoch=2 inverse=0 admit=152170 config_delta=2 input_span=513 input_last_to_output_first=781 commit_delta=1809
BANK_JOB epoch=2 inverse=1 admit=153992 config_delta=2 input_span=513 input_last_to_output_first=781 commit_delta=1809
BANK_JOB epoch=2 inverse=1 admit=153992 config_delta=2 input_span=513 input_last_to_output_first=781 commit_delta=1809
BANK_OUTPUT_START epoch=2 profile=1 block=1 time_ns=890336.300000
BANK_OUTPUT_START epoch=2 profile=1 block=1 time_ns=890336.300000
BANK_OUTPUT epoch=2 profile=1 block=1 time_ns=897006.300000
BANK_OUTPUT epoch=2 profile=1 block=1 time_ns=897006.300000
BANK_FORWARD_ADMIT epoch=2 profile=1 index=2 fast_cycle=156982 time_ns=897042.901995 interval_cycles=4812
BANK_FORWARD_ADMIT epoch=2 profile=1 index=2 fast_cycle=156982 time_ns=897042.901995 interval_cycles=4812
BANK_CAPTURE_START epoch=2 profile=1 block=3 time_ns=900016.300000
BANK_CAPTURE_START epoch=2 profile=1 block=3 time_ns=900016.300000
BANK_CAPTURE_COMMIT epoch=2 profile=1 block=3 time_ns=906326.300000
BANK_CAPTURE_COMMIT epoch=2 profile=1 block=3 time_ns=906326.300000
BANK_JOB epoch=2 inverse=0 admit=156982 config_delta=2 input_span=513 input_last_to_output_first=781 commit_delta=1809
BANK_JOB epoch=2 inverse=0 admit=156982 config_delta=2 input_span=513 input_last_to_output_first=781 commit_delta=1809
BANK_JOB epoch=2 inverse=1 admit=158804 config_delta=2 input_span=513 input_last_to_output_first=781 commit_delta=1809
BANK_JOB epoch=2 inverse=1 admit=158804 config_delta=2 input_span=513 input_last_to_output_first=781 commit_delta=1809
BANK_OUTPUT_START epoch=2 profile=1 block=2 time_ns=917836.300000
BANK_OUTPUT_START epoch=2 profile=1 block=2 time_ns=917836.300000
BANK_OUTPUT epoch=2 profile=1 block=2 time_ns=924506.300000
BANK_OUTPUT epoch=2 profile=1 block=2 time_ns=924506.300000
BANK_FORWARD_ADMIT epoch=2 profile=1 index=3 fast_cycle=161795 time_ns=924545.760513 interval_cycles=4813
BANK_FORWARD_ADMIT epoch=2 profile=1 index=3 fast_cycle=161795 time_ns=924545.760513 interval_cycles=4813
BANK_CAPTURE_START epoch=2 profile=1 block=4 time_ns=927516.300000
BANK_CAPTURE_START epoch=2 profile=1 block=4 time_ns=927516.300000
BANK_CAPTURE_COMMIT epoch=2 profile=1 block=4 time_ns=933826.300000
BANK_CAPTURE_COMMIT epoch=2 profile=1 block=4 time_ns=933826.300000
BANK_JOB epoch=2 inverse=0 admit=161795 config_delta=2 input_span=513 input_last_to_output_first=781 commit_delta=1809
BANK_JOB epoch=2 inverse=0 admit=161795 config_delta=2 input_span=513 input_last_to_output_first=781 commit_delta=1809
BANK_JOB epoch=2 inverse=1 admit=163617 config_delta=2 input_span=513 input_last_to_output_first=781 commit_delta=1809
BANK_JOB epoch=2 inverse=1 admit=163617 config_delta=2 input_span=513 input_last_to_output_first=781 commit_delta=1809
BANK_OUTPUT_START epoch=2 profile=1 block=3 time_ns=945376.300000
BANK_OUTPUT_START epoch=2 profile=1 block=3 time_ns=945376.300000
BANK_OUTPUT epoch=2 profile=1 block=3 time_ns=952046.300000
BANK_OUTPUT epoch=2 profile=1 block=3 time_ns=952046.300000
BANK_FORWARD_ADMIT epoch=2 profile=1 index=4 fast_cycle=166614 time_ns=952082.904747 interval_cycles=4819
BANK_FORWARD_ADMIT epoch=2 profile=1 index=4 fast_cycle=166614 time_ns=952082.904747 interval_cycles=4819
BANK_CAPTURE_START epoch=2 profile=1 block=5 time_ns=955056.300000
BANK_CAPTURE_START epoch=2 profile=1 block=5 time_ns=955056.300000
BANK_CAPTURE_COMMIT epoch=2 profile=1 block=5 time_ns=961366.300000
BANK_CAPTURE_COMMIT epoch=2 profile=1 block=5 time_ns=961366.300000
BANK_JOB epoch=2 inverse=0 admit=166614 config_delta=2 input_span=513 input_last_to_output_first=781 commit_delta=1809
BANK_JOB epoch=2 inverse=0 admit=166614 config_delta=2 input_span=513 input_last_to_output_first=781 commit_delta=1809
BANK_JOB epoch=2 inverse=1 admit=168436 config_delta=2 input_span=513 input_last_to_output_first=781 commit_delta=1809
BANK_JOB epoch=2 inverse=1 admit=168436 config_delta=2 input_span=513 input_last_to_output_first=781 commit_delta=1809
BANK_OUTPUT_START epoch=2 profile=1 block=4 time_ns=972916.300000
BANK_OUTPUT_START epoch=2 profile=1 block=4 time_ns=972916.300000
BANK_OUTPUT epoch=2 profile=1 block=4 time_ns=979586.300000
BANK_OUTPUT epoch=2 profile=1 block=4 time_ns=979586.300000
BANK_FORWARD_ADMIT epoch=2 profile=1 index=5 fast_cycle=171434 time_ns=979625.763267 interval_cycles=4820
BANK_FORWARD_ADMIT epoch=2 profile=1 index=5 fast_cycle=171434 time_ns=979625.763267 interval_cycles=4820
BANK_JOB epoch=2 inverse=0 admit=171434 config_delta=2 input_span=513 input_last_to_output_first=781 commit_delta=1809
BANK_JOB epoch=2 inverse=0 admit=171434 config_delta=2 input_span=513 input_last_to_output_first=781 commit_delta=1809
BANK_JOB epoch=2 inverse=1 admit=173256 config_delta=2 input_span=513 input_last_to_output_first=781 commit_delta=1809
BANK_JOB epoch=2 inverse=1 admit=173256 config_delta=2 input_span=513 input_last_to_output_first=781 commit_delta=1809
BANK_OUTPUT_START epoch=2 profile=1 block=5 time_ns=1000456.300000
BANK_OUTPUT_START epoch=2 profile=1 block=5 time_ns=1000456.300000
BANK_OUTPUT epoch=2 profile=1 block=5 time_ns=1007126.300000
BANK_OUTPUT epoch=2 profile=1 block=5 time_ns=1007126.300000
BANK_CAPTURE_START epoch=3 profile=0 block=0 time_ns=1007406.300000
BANK_CAPTURE_START epoch=3 profile=0 block=0 time_ns=1007406.300000
BANK_CAPTURE_START epoch=4 profile=0 block=0 time_ns=1008936.300000
BANK_CAPTURE_START epoch=4 profile=0 block=0 time_ns=1008936.300000
BANK_CAPTURE_COMMIT epoch=4 profile=0 block=0 time_ns=1014046.300000
BANK_CAPTURE_COMMIT epoch=4 profile=0 block=0 time_ns=1014046.300000
BANK_FORWARD_ADMIT epoch=4 profile=0 index=0 fast_cycle=177462 time_ns=1014071.479275 interval_cycles=0
BANK_FORWARD_ADMIT epoch=4 profile=0 index=0 fast_cycle=177462 time_ns=1014071.479275 interval_cycles=0
BANK_JOB epoch=4 inverse=0 admit=177462 config_delta=2 input_span=513 input_last_to_output_first=781 commit_delta=1809
BANK_JOB epoch=4 inverse=0 admit=177462 config_delta=2 input_span=513 input_last_to_output_first=781 commit_delta=1809
BANK_JOB epoch=4 inverse=1 admit=179284 config_delta=2 input_span=513 input_last_to_output_first=781 commit_delta=1809
BANK_JOB epoch=4 inverse=1 admit=179284 config_delta=2 input_span=513 input_last_to_output_first=781 commit_delta=1809
BANK_OUTPUT_START epoch=4 profile=0 block=0 time_ns=1034866.300000
BANK_OUTPUT_START epoch=4 profile=0 block=0 time_ns=1034866.300000
BANK_OUTPUT epoch=4 profile=0 block=0 time_ns=1039976.300000
BANK_OUTPUT epoch=4 profile=0 block=0 time_ns=1039976.300000
BANK_CAPTURE_START epoch=5 profile=0 block=0 time_ns=1040256.300000
BANK_CAPTURE_START epoch=5 profile=0 block=0 time_ns=1040256.300000
BANK_CAPTURE_COMMIT epoch=5 profile=0 block=0 time_ns=1045366.300000
BANK_CAPTURE_COMMIT epoch=5 profile=0 block=0 time_ns=1045366.300000
BANK_FORWARD_ADMIT epoch=5 profile=0 index=0 fast_cycle=182943 time_ns=1045391.480841 interval_cycles=0
BANK_FORWARD_ADMIT epoch=5 profile=0 index=0 fast_cycle=182943 time_ns=1045391.480841 interval_cycles=0
BANK_CAPTURE_START epoch=6 profile=0 block=0 time_ns=1046386.300000
BANK_CAPTURE_START epoch=6 profile=0 block=0 time_ns=1046386.300000
BANK_CAPTURE_COMMIT epoch=6 profile=0 block=0 time_ns=1051496.300000
BANK_CAPTURE_COMMIT epoch=6 profile=0 block=0 time_ns=1051496.300000
BANK_FORWARD_ADMIT epoch=6 profile=0 index=0 fast_cycle=184016 time_ns=1051522.909719 interval_cycles=0
BANK_FORWARD_ADMIT epoch=6 profile=0 index=0 fast_cycle=184016 time_ns=1051522.909719 interval_cycles=0
BANK_JOB epoch=6 inverse=0 admit=184016 config_delta=2 input_span=513 input_last_to_output_first=781 commit_delta=1809
BANK_JOB epoch=6 inverse=0 admit=184016 config_delta=2 input_span=513 input_last_to_output_first=781 commit_delta=1809
BANK_JOB epoch=6 inverse=1 admit=185838 config_delta=2 input_span=513 input_last_to_output_first=781 commit_delta=1809
BANK_JOB epoch=6 inverse=1 admit=185838 config_delta=2 input_span=513 input_last_to_output_first=781 commit_delta=1809
BANK_OUTPUT_START epoch=6 profile=0 block=0 time_ns=1072316.300000
BANK_OUTPUT_START epoch=6 profile=0 block=0 time_ns=1072316.300000
BANK_OUTPUT epoch=6 profile=0 block=0 time_ns=1077426.300000
BANK_OUTPUT epoch=6 profile=0 block=0 time_ns=1077426.300000
BANK_CAPTURE_START epoch=7 profile=0 block=0 time_ns=1077706.300000
BANK_CAPTURE_START epoch=7 profile=0 block=0 time_ns=1077706.300000
BANK_CAPTURE_COMMIT epoch=7 profile=0 block=0 time_ns=1082816.300000
BANK_CAPTURE_COMMIT epoch=7 profile=0 block=0 time_ns=1082816.300000
BANK_FORWARD_ADMIT epoch=7 profile=0 index=0 fast_cycle=189497 time_ns=1082842.911285 interval_cycles=0
BANK_FORWARD_ADMIT epoch=7 profile=0 index=0 fast_cycle=189497 time_ns=1082842.911285 interval_cycles=0
BANK_JOB epoch=7 inverse=0 admit=189497 config_delta=2 input_span=513 input_last_to_output_first=781 commit_delta=1809
BANK_JOB epoch=7 inverse=0 admit=189497 config_delta=2 input_span=513 input_last_to_output_first=781 commit_delta=1809
BANK_CAPTURE_START epoch=8 profile=0 block=0 time_ns=1094256.300000
BANK_CAPTURE_START epoch=8 profile=0 block=0 time_ns=1094256.300000
BANK_CAPTURE_COMMIT epoch=8 profile=0 block=0 time_ns=1099366.300000
BANK_CAPTURE_COMMIT epoch=8 profile=0 block=0 time_ns=1099366.300000
BANK_FORWARD_ADMIT epoch=8 profile=0 index=0 fast_cycle=192393 time_ns=1099391.483541 interval_cycles=0
BANK_FORWARD_ADMIT epoch=8 profile=0 index=0 fast_cycle=192393 time_ns=1099391.483541 interval_cycles=0
BANK_JOB epoch=8 inverse=0 admit=192393 config_delta=2 input_span=513 input_last_to_output_first=781 commit_delta=1809
BANK_JOB epoch=8 inverse=0 admit=192393 config_delta=2 input_span=513 input_last_to_output_first=781 commit_delta=1809
BANK_JOB epoch=8 inverse=1 admit=194215 config_delta=2 input_span=513 input_last_to_output_first=781 commit_delta=1809
BANK_JOB epoch=8 inverse=1 admit=194215 config_delta=2 input_span=513 input_last_to_output_first=781 commit_delta=1809
BANK_OUTPUT_START epoch=8 profile=0 block=0 time_ns=1120186.300000
BANK_OUTPUT_START epoch=8 profile=0 block=0 time_ns=1120186.300000
BANK_OUTPUT epoch=8 profile=0 block=0 time_ns=1125296.300000
BANK_OUTPUT epoch=8 profile=0 block=0 time_ns=1125296.300000
BANK_CAPTURE_START epoch=9 profile=0 block=0 time_ns=1125576.300000
BANK_CAPTURE_START epoch=9 profile=0 block=0 time_ns=1125576.300000
BANK_CAPTURE_COMMIT epoch=9 profile=0 block=0 time_ns=1130686.300000
BANK_CAPTURE_COMMIT epoch=9 profile=0 block=0 time_ns=1130686.300000
BANK_FORWARD_ADMIT epoch=9 profile=0 index=0 fast_cycle=197874 time_ns=1130711.485107 interval_cycles=0
BANK_FORWARD_ADMIT epoch=9 profile=0 index=0 fast_cycle=197874 time_ns=1130711.485107 interval_cycles=0
BANK_JOB epoch=9 inverse=0 admit=197874 config_delta=2 input_span=513 input_last_to_output_first=781 commit_delta=1809
BANK_JOB epoch=9 inverse=0 admit=197874 config_delta=2 input_span=513 input_last_to_output_first=781 commit_delta=1809
BANK_JOB epoch=9 inverse=1 admit=199696 config_delta=2 input_span=513 input_last_to_output_first=781 commit_delta=1809
BANK_JOB epoch=9 inverse=1 admit=199696 config_delta=2 input_span=513 input_last_to_output_first=781 commit_delta=1809
BANK_CAPTURE_START epoch=10 profile=0 block=0 time_ns=1151706.300000
BANK_CAPTURE_START epoch=10 profile=0 block=0 time_ns=1151706.300000
BANK_CAPTURE_COMMIT epoch=10 profile=0 block=0 time_ns=1156816.300000
BANK_CAPTURE_COMMIT epoch=10 profile=0 block=0 time_ns=1156816.300000
BANK_FORWARD_ADMIT epoch=10 profile=0 index=0 fast_cycle=202447 time_ns=1156842.914985 interval_cycles=0
BANK_FORWARD_ADMIT epoch=10 profile=0 index=0 fast_cycle=202447 time_ns=1156842.914985 interval_cycles=0
BANK_JOB epoch=10 inverse=0 admit=202447 config_delta=2 input_span=513 input_last_to_output_first=781 commit_delta=1809
BANK_JOB epoch=10 inverse=0 admit=202447 config_delta=2 input_span=513 input_last_to_output_first=781 commit_delta=1809
BANK_JOB epoch=10 inverse=1 admit=204269 config_delta=2 input_span=513 input_last_to_output_first=781 commit_delta=1809
BANK_JOB epoch=10 inverse=1 admit=204269 config_delta=2 input_span=513 input_last_to_output_first=781 commit_delta=1809
BANK_OUTPUT_START epoch=10 profile=0 block=0 time_ns=1177636.300000
BANK_OUTPUT_START epoch=10 profile=0 block=0 time_ns=1177636.300000
BANK_OUTPUT epoch=10 profile=0 block=0 time_ns=1182746.300000
BANK_OUTPUT epoch=10 profile=0 block=0 time_ns=1182746.300000
BANK_CAPTURE_START epoch=11 profile=0 block=0 time_ns=1183026.300000
BANK_CAPTURE_START epoch=11 profile=0 block=0 time_ns=1183026.300000
BANK_CAPTURE_COMMIT epoch=11 profile=0 block=0 time_ns=1188136.300000
BANK_CAPTURE_COMMIT epoch=11 profile=0 block=0 time_ns=1188136.300000
BANK_FORWARD_ADMIT epoch=11 profile=0 index=0 fast_cycle=207928 time_ns=1188162.916551 interval_cycles=0
BANK_FORWARD_ADMIT epoch=11 profile=0 index=0 fast_cycle=207928 time_ns=1188162.916551 interval_cycles=0
EXACT_DIAGNOSTIC_CONTEXT time=1198594347644 fields=217
EXACT_DIAGNOSTIC_CONTEXT injected_status candidate_hex=05 reference_hex=05 candidate_fourstate=00000101 reference_fourstate=00000101
EXACT_DIAGNOSTIC_CONTEXT test_kind candidate_hex=00000004 reference_hex=00000004 candidate_fourstate=00000000000000000000000000000100 reference_fourstate=00000000000000000000000000000100
EXACT_DIAGNOSTIC_CONTEXT clk candidate_hex=0 reference_hex=0 candidate_fourstate=0 reference_fourstate=0
EXACT_DIAGNOSTIC_CONTEXT fft_clk candidate_hex=0 reference_hex=0 candidate_fourstate=0 reference_fourstate=0
EXACT_DIAGNOSTIC_CONTEXT fast_cycle candidate_hex=0003335a reference_hex=0003335a candidate_fourstate=00000000000000110011001101011010 reference_fourstate=00000000000000110011001101011010
EXACT_DIAGNOSTIC_CONTEXT slow_cycle candidate_hex=0001d433 reference_hex=0001d433 candidate_fourstate=00000000000000011101010000110011 reference_fourstate=00000000000000011101010000110011
EXACT_DIAGNOSTIC_CONTEXT epoch candidate_hex=0000000b reference_hex=0000000b candidate_fourstate=00000000000000000000000000001011 reference_fourstate=00000000000000000000000000001011
EXACT_DIAGNOSTIC_CONTEXT resetn candidate_hex=1 reference_hex=1 candidate_fourstate=1 reference_fourstate=1
EXACT_DIAGNOSTIC_CONTEXT fft_resetn candidate_hex=1 reference_hex=1 candidate_fourstate=1 reference_fourstate=1
EXACT_DIAGNOSTIC_FIELD name=dut.core_status_data candidate_width=8 reference_width=8 candidate_hex=X5 reference_hex=05 candidate_fourstate=xx100101 reference_fourstate=00000101
EXACT_DIAGNOSTIC_TERMINAL mismatches=1 original_equal=0 fresh_equal=0
Fatal: EXACT_ACTUAL_PUBLIC_REASON_OWNERSHIP_MISMATCH actual=0 old=1
Time: 1198594347644 fs  Iteration: 0  Process: /tb_starlink_pss_fft_bank_owned_slice(FAST_MHZ=175,EXACT_EXTRA_EPOCHS=1)/exact_compare/Always35_107  Scope: \tb_starlink_pss_fft_bank_owned_slice(FAST_MHZ=175,EXACT_EXTRA_EPOCHS=1) .exact_compare  File: /tmp/starlink-completed-input.5EaJuD/exact-control-diagnostic-actual-v1/frozen_sources/starlink_pss_exact_control_actual_compare.sv Line: 41
$finish called at time : 1198594347644 fs
INFO: xsimkernel Simulation Memory Usage: 148196 KB (Peak: 197680 KB), Simulation CPU Usage: 186720 ms
