Copyright 1986-2022 Xilinx, Inc. All Rights Reserved.
-------------------------------------------------------------------------------------------------------------------------------------------------------------------------------------------------------
| Tool Version : Vivado v.2022.2 (lin64) Build 3671981 Fri Oct 14 04:59:54 MDT 2022
| Date         : Thu Sep 10 03:09:56 2026
| Host         : gauss running 64-bit Ubuntu 26.04 LTS
| Command      : report_timing -from [get_clocks source_100] -to [get_clocks source_100] -delay_type max -max_paths 20 -file /tmp/starlink-completed-input.5EaJuD/balanced-route-v1/source_100_max.rpt
| Design       : starlink_pss_fft_bank_owned_slice
| Device       : 7z010-clg400
| Speed File   : -1  PRODUCTION 1.12 2019-11-22
-------------------------------------------------------------------------------------------------------------------------------------------------------------------------------------------------------

Timing Report

Slack (MET) :             2.426ns  (required time - arrival time)
  Source:                 source_bank/metadata_in_hold_reg[44]/C
                            (rising edge-triggered cell FDRE clocked by source_100  {rise@0.000ns fall@5.000ns period=10.000ns})
  Destination:            source_bank/write_position_reg[0]/CE
                            (rising edge-triggered cell FDRE clocked by source_100  {rise@0.000ns fall@5.000ns period=10.000ns})
  Path Group:             source_100
  Path Type:              Setup (Max at Slow Process Corner)
  Requirement:            10.000ns  (source_100 rise@10.000ns - source_100 rise@0.000ns)
  Data Path Delay:        7.113ns  (logic 2.215ns (31.142%)  route 4.898ns (68.858%))
  Logic Levels:           6  (CARRY4=3 LUT4=1 LUT5=1 LUT6=1)
  Clock Path Skew:        -0.049ns (DCD - SCD + CPR)
    Destination Clock Delay (DCD):    0.924ns = ( 10.924 - 10.000 ) 
    Source Clock Delay      (SCD):    0.973ns
    Clock Pessimism Removal (CPR):    0.000ns
  Clock Uncertainty:      0.035ns  ((TSJ^2 + TIJ^2)^1/2 + DJ) / 2 + PE
    Total System Jitter     (TSJ):    0.071ns
    Total Input Jitter      (TIJ):    0.000ns
    Discrete Jitter          (DJ):    0.000ns
    Phase Error              (PE):    0.000ns

    Location             Delay type                Incr(ns)  Path(ns)    Netlist Resource(s)
  -------------------------------------------------------------------    -------------------
                         (clock source_100 rise edge)
                                                      0.000     0.000 r  
                                                      0.000     0.000 r  clk (IN)
                         net (fo=183, unset)          0.973     0.973    source_bank/clk
    SLICE_X28Y11         FDRE                                         r  source_bank/metadata_in_hold_reg[44]/C
  -------------------------------------------------------------------    -------------------
    SLICE_X28Y11         FDRE (Prop_fdre_C_Q)         0.478     1.451 r  source_bank/metadata_in_hold_reg[44]/Q
                         net (fo=2, routed)           1.659     3.110    source_bank/metadata_in_hold[44]
    SLICE_X41Y5          LUT6 (Prop_lut6_I4_O)        0.295     3.405 r  source_bank/metadata_matches__0_carry__2_i_4/O
                         net (fo=1, routed)           0.000     3.405    source_bank/metadata_matches__0_carry__2_i_4_n_0
    SLICE_X41Y5          CARRY4 (Prop_carry4_S[0]_CO[3])
                                                      0.532     3.937 r  source_bank/metadata_matches__0_carry__2/CO[3]
                         net (fo=1, routed)           0.000     3.937    source_bank/metadata_matches__0_carry__2_n_0
    SLICE_X41Y6          CARRY4 (Prop_carry4_CI_CO[3])
                                                      0.114     4.051 r  source_bank/metadata_matches__0_carry__3/CO[3]
                         net (fo=1, routed)           0.000     4.051    source_bank/metadata_matches__0_carry__3_n_0
    SLICE_X41Y7          CARRY4 (Prop_carry4_CI_CO[0])
                                                      0.271     4.322 r  source_bank/metadata_matches__0_carry__4/CO[0]
                         net (fo=1, routed)           1.825     6.147    source_bank/metadata_matches
    SLICE_X7Y4           LUT5 (Prop_lut5_I2_O)        0.373     6.520 r  source_bank/write_position[8]_i_3/O
                         net (fo=3, routed)           0.679     7.199    source_bank/input_framing_valid__2
    SLICE_X7Y4           LUT4 (Prop_lut4_I3_O)        0.152     7.351 r  source_bank/write_position[8]_i_1__1/O
                         net (fo=9, routed)           0.735     8.086    source_bank/write_position[8]_i_1__1_n_0
    SLICE_X6Y4           FDRE                                         r  source_bank/write_position_reg[0]/CE
  -------------------------------------------------------------------    -------------------

                         (clock source_100 rise edge)
                                                     10.000    10.000 r  
                                                      0.000    10.000 r  clk (IN)
                         net (fo=183, unset)          0.924    10.924    source_bank/clk
    SLICE_X6Y4           FDRE                                         r  source_bank/write_position_reg[0]/C
                         clock pessimism              0.000    10.924    
                         clock uncertainty           -0.035    10.889    
    SLICE_X6Y4           FDRE (Setup_fdre_C_CE)      -0.377    10.512    source_bank/write_position_reg[0]
  -------------------------------------------------------------------
                         required time                         10.512    
                         arrival time                          -8.086    
  -------------------------------------------------------------------
                         slack                                  2.426    

Slack (MET) :             2.426ns  (required time - arrival time)
  Source:                 source_bank/metadata_in_hold_reg[44]/C
                            (rising edge-triggered cell FDRE clocked by source_100  {rise@0.000ns fall@5.000ns period=10.000ns})
  Destination:            source_bank/write_position_reg[5]/CE
                            (rising edge-triggered cell FDRE clocked by source_100  {rise@0.000ns fall@5.000ns period=10.000ns})
  Path Group:             source_100
  Path Type:              Setup (Max at Slow Process Corner)
  Requirement:            10.000ns  (source_100 rise@10.000ns - source_100 rise@0.000ns)
  Data Path Delay:        7.113ns  (logic 2.215ns (31.142%)  route 4.898ns (68.858%))
  Logic Levels:           6  (CARRY4=3 LUT4=1 LUT5=1 LUT6=1)
  Clock Path Skew:        -0.049ns (DCD - SCD + CPR)
    Destination Clock Delay (DCD):    0.924ns = ( 10.924 - 10.000 ) 
    Source Clock Delay      (SCD):    0.973ns
    Clock Pessimism Removal (CPR):    0.000ns
  Clock Uncertainty:      0.035ns  ((TSJ^2 + TIJ^2)^1/2 + DJ) / 2 + PE
    Total System Jitter     (TSJ):    0.071ns
    Total Input Jitter      (TIJ):    0.000ns
    Discrete Jitter          (DJ):    0.000ns
    Phase Error              (PE):    0.000ns

    Location             Delay type                Incr(ns)  Path(ns)    Netlist Resource(s)
  -------------------------------------------------------------------    -------------------
                         (clock source_100 rise edge)
                                                      0.000     0.000 r  
                                                      0.000     0.000 r  clk (IN)
                         net (fo=183, unset)          0.973     0.973    source_bank/clk
    SLICE_X28Y11         FDRE                                         r  source_bank/metadata_in_hold_reg[44]/C
  -------------------------------------------------------------------    -------------------
    SLICE_X28Y11         FDRE (Prop_fdre_C_Q)         0.478     1.451 r  source_bank/metadata_in_hold_reg[44]/Q
                         net (fo=2, routed)           1.659     3.110    source_bank/metadata_in_hold[44]
    SLICE_X41Y5          LUT6 (Prop_lut6_I4_O)        0.295     3.405 r  source_bank/metadata_matches__0_carry__2_i_4/O
                         net (fo=1, routed)           0.000     3.405    source_bank/metadata_matches__0_carry__2_i_4_n_0
    SLICE_X41Y5          CARRY4 (Prop_carry4_S[0]_CO[3])
                                                      0.532     3.937 r  source_bank/metadata_matches__0_carry__2/CO[3]
                         net (fo=1, routed)           0.000     3.937    source_bank/metadata_matches__0_carry__2_n_0
    SLICE_X41Y6          CARRY4 (Prop_carry4_CI_CO[3])
                                                      0.114     4.051 r  source_bank/metadata_matches__0_carry__3/CO[3]
                         net (fo=1, routed)           0.000     4.051    source_bank/metadata_matches__0_carry__3_n_0
    SLICE_X41Y7          CARRY4 (Prop_carry4_CI_CO[0])
                                                      0.271     4.322 r  source_bank/metadata_matches__0_carry__4/CO[0]
                         net (fo=1, routed)           1.825     6.147    source_bank/metadata_matches
    SLICE_X7Y4           LUT5 (Prop_lut5_I2_O)        0.373     6.520 r  source_bank/write_position[8]_i_3/O
                         net (fo=3, routed)           0.679     7.199    source_bank/input_framing_valid__2
    SLICE_X7Y4           LUT4 (Prop_lut4_I3_O)        0.152     7.351 r  source_bank/write_position[8]_i_1__1/O
                         net (fo=9, routed)           0.735     8.086    source_bank/write_position[8]_i_1__1_n_0
    SLICE_X6Y4           FDRE                                         r  source_bank/write_position_reg[5]/CE
  -------------------------------------------------------------------    -------------------

                         (clock source_100 rise edge)
                                                     10.000    10.000 r  
                                                      0.000    10.000 r  clk (IN)
                         net (fo=183, unset)          0.924    10.924    source_bank/clk
    SLICE_X6Y4           FDRE                                         r  source_bank/write_position_reg[5]/C
                         clock pessimism              0.000    10.924    
                         clock uncertainty           -0.035    10.889    
    SLICE_X6Y4           FDRE (Setup_fdre_C_CE)      -0.377    10.512    source_bank/write_position_reg[5]
  -------------------------------------------------------------------
                         required time                         10.512    
                         arrival time                          -8.086    
  -------------------------------------------------------------------
                         slack                                  2.426    

Slack (MET) :             2.426ns  (required time - arrival time)
  Source:                 source_bank/metadata_in_hold_reg[44]/C
                            (rising edge-triggered cell FDRE clocked by source_100  {rise@0.000ns fall@5.000ns period=10.000ns})
  Destination:            source_bank/write_position_reg[6]/CE
                            (rising edge-triggered cell FDRE clocked by source_100  {rise@0.000ns fall@5.000ns period=10.000ns})
  Path Group:             source_100
  Path Type:              Setup (Max at Slow Process Corner)
  Requirement:            10.000ns  (source_100 rise@10.000ns - source_100 rise@0.000ns)
  Data Path Delay:        7.113ns  (logic 2.215ns (31.142%)  route 4.898ns (68.858%))
  Logic Levels:           6  (CARRY4=3 LUT4=1 LUT5=1 LUT6=1)
  Clock Path Skew:        -0.049ns (DCD - SCD + CPR)
    Destination Clock Delay (DCD):    0.924ns = ( 10.924 - 10.000 ) 
    Source Clock Delay      (SCD):    0.973ns
    Clock Pessimism Removal (CPR):    0.000ns
  Clock Uncertainty:      0.035ns  ((TSJ^2 + TIJ^2)^1/2 + DJ) / 2 + PE
    Total System Jitter     (TSJ):    0.071ns
    Total Input Jitter      (TIJ):    0.000ns
    Discrete Jitter          (DJ):    0.000ns
    Phase Error              (PE):    0.000ns

    Location             Delay type                Incr(ns)  Path(ns)    Netlist Resource(s)
  -------------------------------------------------------------------    -------------------
                         (clock source_100 rise edge)
                                                      0.000     0.000 r  
                                                      0.000     0.000 r  clk (IN)
                         net (fo=183, unset)          0.973     0.973    source_bank/clk
    SLICE_X28Y11         FDRE                                         r  source_bank/metadata_in_hold_reg[44]/C
  -------------------------------------------------------------------    -------------------
    SLICE_X28Y11         FDRE (Prop_fdre_C_Q)         0.478     1.451 r  source_bank/metadata_in_hold_reg[44]/Q
                         net (fo=2, routed)           1.659     3.110    source_bank/metadata_in_hold[44]
    SLICE_X41Y5          LUT6 (Prop_lut6_I4_O)        0.295     3.405 r  source_bank/metadata_matches__0_carry__2_i_4/O
                         net (fo=1, routed)           0.000     3.405    source_bank/metadata_matches__0_carry__2_i_4_n_0
    SLICE_X41Y5          CARRY4 (Prop_carry4_S[0]_CO[3])
                                                      0.532     3.937 r  source_bank/metadata_matches__0_carry__2/CO[3]
                         net (fo=1, routed)           0.000     3.937    source_bank/metadata_matches__0_carry__2_n_0
    SLICE_X41Y6          CARRY4 (Prop_carry4_CI_CO[3])
                                                      0.114     4.051 r  source_bank/metadata_matches__0_carry__3/CO[3]
                         net (fo=1, routed)           0.000     4.051    source_bank/metadata_matches__0_carry__3_n_0
    SLICE_X41Y7          CARRY4 (Prop_carry4_CI_CO[0])
                                                      0.271     4.322 r  source_bank/metadata_matches__0_carry__4/CO[0]
                         net (fo=1, routed)           1.825     6.147    source_bank/metadata_matches
    SLICE_X7Y4           LUT5 (Prop_lut5_I2_O)        0.373     6.520 r  source_bank/write_position[8]_i_3/O
                         net (fo=3, routed)           0.679     7.199    source_bank/input_framing_valid__2
    SLICE_X7Y4           LUT4 (Prop_lut4_I3_O)        0.152     7.351 r  source_bank/write_position[8]_i_1__1/O
                         net (fo=9, routed)           0.735     8.086    source_bank/write_position[8]_i_1__1_n_0
    SLICE_X6Y4           FDRE                                         r  source_bank/write_position_reg[6]/CE
  -------------------------------------------------------------------    -------------------

                         (clock source_100 rise edge)
                                                     10.000    10.000 r  
                                                      0.000    10.000 r  clk (IN)
                         net (fo=183, unset)          0.924    10.924    source_bank/clk
    SLICE_X6Y4           FDRE                                         r  source_bank/write_position_reg[6]/C
                         clock pessimism              0.000    10.924    
                         clock uncertainty           -0.035    10.889    
    SLICE_X6Y4           FDRE (Setup_fdre_C_CE)      -0.377    10.512    source_bank/write_position_reg[6]
  -------------------------------------------------------------------
                         required time                         10.512    
                         arrival time                          -8.086    
  -------------------------------------------------------------------
                         slack                                  2.426    

Slack (MET) :             2.426ns  (required time - arrival time)
  Source:                 source_bank/metadata_in_hold_reg[44]/C
                            (rising edge-triggered cell FDRE clocked by source_100  {rise@0.000ns fall@5.000ns period=10.000ns})
  Destination:            source_bank/write_position_reg[7]/CE
                            (rising edge-triggered cell FDRE clocked by source_100  {rise@0.000ns fall@5.000ns period=10.000ns})
  Path Group:             source_100
  Path Type:              Setup (Max at Slow Process Corner)
  Requirement:            10.000ns  (source_100 rise@10.000ns - source_100 rise@0.000ns)
  Data Path Delay:        7.113ns  (logic 2.215ns (31.142%)  route 4.898ns (68.858%))
  Logic Levels:           6  (CARRY4=3 LUT4=1 LUT5=1 LUT6=1)
  Clock Path Skew:        -0.049ns (DCD - SCD + CPR)
    Destination Clock Delay (DCD):    0.924ns = ( 10.924 - 10.000 ) 
    Source Clock Delay      (SCD):    0.973ns
    Clock Pessimism Removal (CPR):    0.000ns
  Clock Uncertainty:      0.035ns  ((TSJ^2 + TIJ^2)^1/2 + DJ) / 2 + PE
    Total System Jitter     (TSJ):    0.071ns
    Total Input Jitter      (TIJ):    0.000ns
    Discrete Jitter          (DJ):    0.000ns
    Phase Error              (PE):    0.000ns

    Location             Delay type                Incr(ns)  Path(ns)    Netlist Resource(s)
  -------------------------------------------------------------------    -------------------
                         (clock source_100 rise edge)
                                                      0.000     0.000 r  
                                                      0.000     0.000 r  clk (IN)
                         net (fo=183, unset)          0.973     0.973    source_bank/clk
    SLICE_X28Y11         FDRE                                         r  source_bank/metadata_in_hold_reg[44]/C
  -------------------------------------------------------------------    -------------------
    SLICE_X28Y11         FDRE (Prop_fdre_C_Q)         0.478     1.451 r  source_bank/metadata_in_hold_reg[44]/Q
                         net (fo=2, routed)           1.659     3.110    source_bank/metadata_in_hold[44]
    SLICE_X41Y5          LUT6 (Prop_lut6_I4_O)        0.295     3.405 r  source_bank/metadata_matches__0_carry__2_i_4/O
                         net (fo=1, routed)           0.000     3.405    source_bank/metadata_matches__0_carry__2_i_4_n_0
    SLICE_X41Y5          CARRY4 (Prop_carry4_S[0]_CO[3])
                                                      0.532     3.937 r  source_bank/metadata_matches__0_carry__2/CO[3]
                         net (fo=1, routed)           0.000     3.937    source_bank/metadata_matches__0_carry__2_n_0
    SLICE_X41Y6          CARRY4 (Prop_carry4_CI_CO[3])
                                                      0.114     4.051 r  source_bank/metadata_matches__0_carry__3/CO[3]
                         net (fo=1, routed)           0.000     4.051    source_bank/metadata_matches__0_carry__3_n_0
    SLICE_X41Y7          CARRY4 (Prop_carry4_CI_CO[0])
                                                      0.271     4.322 r  source_bank/metadata_matches__0_carry__4/CO[0]
                         net (fo=1, routed)           1.825     6.147    source_bank/metadata_matches
    SLICE_X7Y4           LUT5 (Prop_lut5_I2_O)        0.373     6.520 r  source_bank/write_position[8]_i_3/O
                         net (fo=3, routed)           0.679     7.199    source_bank/input_framing_valid__2
    SLICE_X7Y4           LUT4 (Prop_lut4_I3_O)        0.152     7.351 r  source_bank/write_position[8]_i_1__1/O
                         net (fo=9, routed)           0.735     8.086    source_bank/write_position[8]_i_1__1_n_0
    SLICE_X6Y4           FDRE                                         r  source_bank/write_position_reg[7]/CE
  -------------------------------------------------------------------    -------------------

                         (clock source_100 rise edge)
                                                     10.000    10.000 r  
                                                      0.000    10.000 r  clk (IN)
                         net (fo=183, unset)          0.924    10.924    source_bank/clk
    SLICE_X6Y4           FDRE                                         r  source_bank/write_position_reg[7]/C
                         clock pessimism              0.000    10.924    
                         clock uncertainty           -0.035    10.889    
    SLICE_X6Y4           FDRE (Setup_fdre_C_CE)      -0.377    10.512    source_bank/write_position_reg[7]
  -------------------------------------------------------------------
                         required time                         10.512    
                         arrival time                          -8.086    
  -------------------------------------------------------------------
                         slack                                  2.426    

Slack (MET) :             2.573ns  (required time - arrival time)
  Source:                 source_bank/metadata_in_hold_reg[44]/C
                            (rising edge-triggered cell FDRE clocked by source_100  {rise@0.000ns fall@5.000ns period=10.000ns})
  Destination:            source_bank/write_position_reg[1]/CE
                            (rising edge-triggered cell FDRE clocked by source_100  {rise@0.000ns fall@5.000ns period=10.000ns})
  Path Group:             source_100
  Path Type:              Setup (Max at Slow Process Corner)
  Requirement:            10.000ns  (source_100 rise@10.000ns - source_100 rise@0.000ns)
  Data Path Delay:        6.930ns  (logic 2.215ns (31.963%)  route 4.715ns (68.037%))
  Logic Levels:           6  (CARRY4=3 LUT4=1 LUT5=1 LUT6=1)
  Clock Path Skew:        -0.049ns (DCD - SCD + CPR)
    Destination Clock Delay (DCD):    0.924ns = ( 10.924 - 10.000 ) 
    Source Clock Delay      (SCD):    0.973ns
    Clock Pessimism Removal (CPR):    0.000ns
  Clock Uncertainty:      0.035ns  ((TSJ^2 + TIJ^2)^1/2 + DJ) / 2 + PE
    Total System Jitter     (TSJ):    0.071ns
    Total Input Jitter      (TIJ):    0.000ns
    Discrete Jitter          (DJ):    0.000ns
    Phase Error              (PE):    0.000ns

    Location             Delay type                Incr(ns)  Path(ns)    Netlist Resource(s)
  -------------------------------------------------------------------    -------------------
                         (clock source_100 rise edge)
                                                      0.000     0.000 r  
                                                      0.000     0.000 r  clk (IN)
                         net (fo=183, unset)          0.973     0.973    source_bank/clk
    SLICE_X28Y11         FDRE                                         r  source_bank/metadata_in_hold_reg[44]/C
  -------------------------------------------------------------------    -------------------
    SLICE_X28Y11         FDRE (Prop_fdre_C_Q)         0.478     1.451 r  source_bank/metadata_in_hold_reg[44]/Q
                         net (fo=2, routed)           1.659     3.110    source_bank/metadata_in_hold[44]
    SLICE_X41Y5          LUT6 (Prop_lut6_I4_O)        0.295     3.405 r  source_bank/metadata_matches__0_carry__2_i_4/O
                         net (fo=1, routed)           0.000     3.405    source_bank/metadata_matches__0_carry__2_i_4_n_0
    SLICE_X41Y5          CARRY4 (Prop_carry4_S[0]_CO[3])
                                                      0.532     3.937 r  source_bank/metadata_matches__0_carry__2/CO[3]
                         net (fo=1, routed)           0.000     3.937    source_bank/metadata_matches__0_carry__2_n_0
    SLICE_X41Y6          CARRY4 (Prop_carry4_CI_CO[3])
                                                      0.114     4.051 r  source_bank/metadata_matches__0_carry__3/CO[3]
                         net (fo=1, routed)           0.000     4.051    source_bank/metadata_matches__0_carry__3_n_0
    SLICE_X41Y7          CARRY4 (Prop_carry4_CI_CO[0])
                                                      0.271     4.322 r  source_bank/metadata_matches__0_carry__4/CO[0]
                         net (fo=1, routed)           1.825     6.147    source_bank/metadata_matches
    SLICE_X7Y4           LUT5 (Prop_lut5_I2_O)        0.373     6.520 r  source_bank/write_position[8]_i_3/O
                         net (fo=3, routed)           0.679     7.199    source_bank/input_framing_valid__2
    SLICE_X7Y4           LUT4 (Prop_lut4_I3_O)        0.152     7.351 r  source_bank/write_position[8]_i_1__1/O
                         net (fo=9, routed)           0.552     7.903    source_bank/write_position[8]_i_1__1_n_0
    SLICE_X7Y4           FDRE                                         r  source_bank/write_position_reg[1]/CE
  -------------------------------------------------------------------    -------------------

                         (clock source_100 rise edge)
                                                     10.000    10.000 r  
                                                      0.000    10.000 r  clk (IN)
                         net (fo=183, unset)          0.924    10.924    source_bank/clk
    SLICE_X7Y4           FDRE                                         r  source_bank/write_position_reg[1]/C
                         clock pessimism              0.000    10.924    
                         clock uncertainty           -0.035    10.889    
    SLICE_X7Y4           FDRE (Setup_fdre_C_CE)      -0.413    10.476    source_bank/write_position_reg[1]
  -------------------------------------------------------------------
                         required time                         10.476    
                         arrival time                          -7.903    
  -------------------------------------------------------------------
                         slack                                  2.573    

Slack (MET) :             2.573ns  (required time - arrival time)
  Source:                 source_bank/metadata_in_hold_reg[44]/C
                            (rising edge-triggered cell FDRE clocked by source_100  {rise@0.000ns fall@5.000ns period=10.000ns})
  Destination:            source_bank/write_position_reg[8]/CE
                            (rising edge-triggered cell FDRE clocked by source_100  {rise@0.000ns fall@5.000ns period=10.000ns})
  Path Group:             source_100
  Path Type:              Setup (Max at Slow Process Corner)
  Requirement:            10.000ns  (source_100 rise@10.000ns - source_100 rise@0.000ns)
  Data Path Delay:        6.930ns  (logic 2.215ns (31.963%)  route 4.715ns (68.037%))
  Logic Levels:           6  (CARRY4=3 LUT4=1 LUT5=1 LUT6=1)
  Clock Path Skew:        -0.049ns (DCD - SCD + CPR)
    Destination Clock Delay (DCD):    0.924ns = ( 10.924 - 10.000 ) 
    Source Clock Delay      (SCD):    0.973ns
    Clock Pessimism Removal (CPR):    0.000ns
  Clock Uncertainty:      0.035ns  ((TSJ^2 + TIJ^2)^1/2 + DJ) / 2 + PE
    Total System Jitter     (TSJ):    0.071ns
    Total Input Jitter      (TIJ):    0.000ns
    Discrete Jitter          (DJ):    0.000ns
    Phase Error              (PE):    0.000ns

    Location             Delay type                Incr(ns)  Path(ns)    Netlist Resource(s)
  -------------------------------------------------------------------    -------------------
                         (clock source_100 rise edge)
                                                      0.000     0.000 r  
                                                      0.000     0.000 r  clk (IN)
                         net (fo=183, unset)          0.973     0.973    source_bank/clk
    SLICE_X28Y11         FDRE                                         r  source_bank/metadata_in_hold_reg[44]/C
  -------------------------------------------------------------------    -------------------
    SLICE_X28Y11         FDRE (Prop_fdre_C_Q)         0.478     1.451 r  source_bank/metadata_in_hold_reg[44]/Q
                         net (fo=2, routed)           1.659     3.110    source_bank/metadata_in_hold[44]
    SLICE_X41Y5          LUT6 (Prop_lut6_I4_O)        0.295     3.405 r  source_bank/metadata_matches__0_carry__2_i_4/O
                         net (fo=1, routed)           0.000     3.405    source_bank/metadata_matches__0_carry__2_i_4_n_0
    SLICE_X41Y5          CARRY4 (Prop_carry4_S[0]_CO[3])
                                                      0.532     3.937 r  source_bank/metadata_matches__0_carry__2/CO[3]
                         net (fo=1, routed)           0.000     3.937    source_bank/metadata_matches__0_carry__2_n_0
    SLICE_X41Y6          CARRY4 (Prop_carry4_CI_CO[3])
                                                      0.114     4.051 r  source_bank/metadata_matches__0_carry__3/CO[3]
                         net (fo=1, routed)           0.000     4.051    source_bank/metadata_matches__0_carry__3_n_0
    SLICE_X41Y7          CARRY4 (Prop_carry4_CI_CO[0])
                                                      0.271     4.322 r  source_bank/metadata_matches__0_carry__4/CO[0]
                         net (fo=1, routed)           1.825     6.147    source_bank/metadata_matches
    SLICE_X7Y4           LUT5 (Prop_lut5_I2_O)        0.373     6.520 r  source_bank/write_position[8]_i_3/O
                         net (fo=3, routed)           0.679     7.199    source_bank/input_framing_valid__2
    SLICE_X7Y4           LUT4 (Prop_lut4_I3_O)        0.152     7.351 r  source_bank/write_position[8]_i_1__1/O
                         net (fo=9, routed)           0.552     7.903    source_bank/write_position[8]_i_1__1_n_0
    SLICE_X7Y4           FDRE                                         r  source_bank/write_position_reg[8]/CE
  -------------------------------------------------------------------    -------------------

                         (clock source_100 rise edge)
                                                     10.000    10.000 r  
                                                      0.000    10.000 r  clk (IN)
                         net (fo=183, unset)          0.924    10.924    source_bank/clk
    SLICE_X7Y4           FDRE                                         r  source_bank/write_position_reg[8]/C
                         clock pessimism              0.000    10.924    
                         clock uncertainty           -0.035    10.889    
    SLICE_X7Y4           FDRE (Setup_fdre_C_CE)      -0.413    10.476    source_bank/write_position_reg[8]
  -------------------------------------------------------------------
                         required time                         10.476    
                         arrival time                          -7.903    
  -------------------------------------------------------------------
                         slack                                  2.573    

Slack (MET) :             2.810ns  (required time - arrival time)
  Source:                 source_bank/metadata_in_hold_reg[44]/C
                            (rising edge-triggered cell FDRE clocked by source_100  {rise@0.000ns fall@5.000ns period=10.000ns})
  Destination:            source_bank/write_position_reg[2]/CE
                            (rising edge-triggered cell FDRE clocked by source_100  {rise@0.000ns fall@5.000ns period=10.000ns})
  Path Group:             source_100
  Path Type:              Setup (Max at Slow Process Corner)
  Requirement:            10.000ns  (source_100 rise@10.000ns - source_100 rise@0.000ns)
  Data Path Delay:        6.729ns  (logic 2.215ns (32.919%)  route 4.514ns (67.081%))
  Logic Levels:           6  (CARRY4=3 LUT4=1 LUT5=1 LUT6=1)
  Clock Path Skew:        -0.049ns (DCD - SCD + CPR)
    Destination Clock Delay (DCD):    0.924ns = ( 10.924 - 10.000 ) 
    Source Clock Delay      (SCD):    0.973ns
    Clock Pessimism Removal (CPR):    0.000ns
  Clock Uncertainty:      0.035ns  ((TSJ^2 + TIJ^2)^1/2 + DJ) / 2 + PE
    Total System Jitter     (TSJ):    0.071ns
    Total Input Jitter      (TIJ):    0.000ns
    Discrete Jitter          (DJ):    0.000ns
    Phase Error              (PE):    0.000ns

    Location             Delay type                Incr(ns)  Path(ns)    Netlist Resource(s)
  -------------------------------------------------------------------    -------------------
                         (clock source_100 rise edge)
                                                      0.000     0.000 r  
                                                      0.000     0.000 r  clk (IN)
                         net (fo=183, unset)          0.973     0.973    source_bank/clk
    SLICE_X28Y11         FDRE                                         r  source_bank/metadata_in_hold_reg[44]/C
  -------------------------------------------------------------------    -------------------
    SLICE_X28Y11         FDRE (Prop_fdre_C_Q)         0.478     1.451 r  source_bank/metadata_in_hold_reg[44]/Q
                         net (fo=2, routed)           1.659     3.110    source_bank/metadata_in_hold[44]
    SLICE_X41Y5          LUT6 (Prop_lut6_I4_O)        0.295     3.405 r  source_bank/metadata_matches__0_carry__2_i_4/O
                         net (fo=1, routed)           0.000     3.405    source_bank/metadata_matches__0_carry__2_i_4_n_0
    SLICE_X41Y5          CARRY4 (Prop_carry4_S[0]_CO[3])
                                                      0.532     3.937 r  source_bank/metadata_matches__0_carry__2/CO[3]
                         net (fo=1, routed)           0.000     3.937    source_bank/metadata_matches__0_carry__2_n_0
    SLICE_X41Y6          CARRY4 (Prop_carry4_CI_CO[3])
                                                      0.114     4.051 r  source_bank/metadata_matches__0_carry__3/CO[3]
                         net (fo=1, routed)           0.000     4.051    source_bank/metadata_matches__0_carry__3_n_0
    SLICE_X41Y7          CARRY4 (Prop_carry4_CI_CO[0])
                                                      0.271     4.322 r  source_bank/metadata_matches__0_carry__4/CO[0]
                         net (fo=1, routed)           1.825     6.147    source_bank/metadata_matches
    SLICE_X7Y4           LUT5 (Prop_lut5_I2_O)        0.373     6.520 r  source_bank/write_position[8]_i_3/O
                         net (fo=3, routed)           0.679     7.199    source_bank/input_framing_valid__2
    SLICE_X7Y4           LUT4 (Prop_lut4_I3_O)        0.152     7.351 r  source_bank/write_position[8]_i_1__1/O
                         net (fo=9, routed)           0.351     7.702    source_bank/write_position[8]_i_1__1_n_0
    SLICE_X6Y5           FDRE                                         r  source_bank/write_position_reg[2]/CE
  -------------------------------------------------------------------    -------------------

                         (clock source_100 rise edge)
                                                     10.000    10.000 r  
                                                      0.000    10.000 r  clk (IN)
                         net (fo=183, unset)          0.924    10.924    source_bank/clk
    SLICE_X6Y5           FDRE                                         r  source_bank/write_position_reg[2]/C
                         clock pessimism              0.000    10.924    
                         clock uncertainty           -0.035    10.889    
    SLICE_X6Y5           FDRE (Setup_fdre_C_CE)      -0.377    10.512    source_bank/write_position_reg[2]
  -------------------------------------------------------------------
                         required time                         10.512    
                         arrival time                          -7.702    
  -------------------------------------------------------------------
                         slack                                  2.810    

Slack (MET) :             2.810ns  (required time - arrival time)
  Source:                 source_bank/metadata_in_hold_reg[44]/C
                            (rising edge-triggered cell FDRE clocked by source_100  {rise@0.000ns fall@5.000ns period=10.000ns})
  Destination:            source_bank/write_position_reg[3]/CE
                            (rising edge-triggered cell FDRE clocked by source_100  {rise@0.000ns fall@5.000ns period=10.000ns})
  Path Group:             source_100
  Path Type:              Setup (Max at Slow Process Corner)
  Requirement:            10.000ns  (source_100 rise@10.000ns - source_100 rise@0.000ns)
  Data Path Delay:        6.729ns  (logic 2.215ns (32.919%)  route 4.514ns (67.081%))
  Logic Levels:           6  (CARRY4=3 LUT4=1 LUT5=1 LUT6=1)
  Clock Path Skew:        -0.049ns (DCD - SCD + CPR)
    Destination Clock Delay (DCD):    0.924ns = ( 10.924 - 10.000 ) 
    Source Clock Delay      (SCD):    0.973ns
    Clock Pessimism Removal (CPR):    0.000ns
  Clock Uncertainty:      0.035ns  ((TSJ^2 + TIJ^2)^1/2 + DJ) / 2 + PE
    Total System Jitter     (TSJ):    0.071ns
    Total Input Jitter      (TIJ):    0.000ns
    Discrete Jitter          (DJ):    0.000ns
    Phase Error              (PE):    0.000ns

    Location             Delay type                Incr(ns)  Path(ns)    Netlist Resource(s)
  -------------------------------------------------------------------    -------------------
                         (clock source_100 rise edge)
                                                      0.000     0.000 r  
                                                      0.000     0.000 r  clk (IN)
                         net (fo=183, unset)          0.973     0.973    source_bank/clk
    SLICE_X28Y11         FDRE                                         r  source_bank/metadata_in_hold_reg[44]/C
  -------------------------------------------------------------------    -------------------
    SLICE_X28Y11         FDRE (Prop_fdre_C_Q)         0.478     1.451 r  source_bank/metadata_in_hold_reg[44]/Q
                         net (fo=2, routed)           1.659     3.110    source_bank/metadata_in_hold[44]
    SLICE_X41Y5          LUT6 (Prop_lut6_I4_O)        0.295     3.405 r  source_bank/metadata_matches__0_carry__2_i_4/O
                         net (fo=1, routed)           0.000     3.405    source_bank/metadata_matches__0_carry__2_i_4_n_0
    SLICE_X41Y5          CARRY4 (Prop_carry4_S[0]_CO[3])
                                                      0.532     3.937 r  source_bank/metadata_matches__0_carry__2/CO[3]
                         net (fo=1, routed)           0.000     3.937    source_bank/metadata_matches__0_carry__2_n_0
    SLICE_X41Y6          CARRY4 (Prop_carry4_CI_CO[3])
                                                      0.114     4.051 r  source_bank/metadata_matches__0_carry__3/CO[3]
                         net (fo=1, routed)           0.000     4.051    source_bank/metadata_matches__0_carry__3_n_0
    SLICE_X41Y7          CARRY4 (Prop_carry4_CI_CO[0])
                                                      0.271     4.322 r  source_bank/metadata_matches__0_carry__4/CO[0]
                         net (fo=1, routed)           1.825     6.147    source_bank/metadata_matches
    SLICE_X7Y4           LUT5 (Prop_lut5_I2_O)        0.373     6.520 r  source_bank/write_position[8]_i_3/O
                         net (fo=3, routed)           0.679     7.199    source_bank/input_framing_valid__2
    SLICE_X7Y4           LUT4 (Prop_lut4_I3_O)        0.152     7.351 r  source_bank/write_position[8]_i_1__1/O
                         net (fo=9, routed)           0.351     7.702    source_bank/write_position[8]_i_1__1_n_0
    SLICE_X6Y5           FDRE                                         r  source_bank/write_position_reg[3]/CE
  -------------------------------------------------------------------    -------------------

                         (clock source_100 rise edge)
                                                     10.000    10.000 r  
                                                      0.000    10.000 r  clk (IN)
                         net (fo=183, unset)          0.924    10.924    source_bank/clk
    SLICE_X6Y5           FDRE                                         r  source_bank/write_position_reg[3]/C
                         clock pessimism              0.000    10.924    
                         clock uncertainty           -0.035    10.889    
    SLICE_X6Y5           FDRE (Setup_fdre_C_CE)      -0.377    10.512    source_bank/write_position_reg[3]
  -------------------------------------------------------------------
                         required time                         10.512    
                         arrival time                          -7.702    
  -------------------------------------------------------------------
                         slack                                  2.810    

Slack (MET) :             2.810ns  (required time - arrival time)
  Source:                 source_bank/metadata_in_hold_reg[44]/C
                            (rising edge-triggered cell FDRE clocked by source_100  {rise@0.000ns fall@5.000ns period=10.000ns})
  Destination:            source_bank/write_position_reg[4]/CE
                            (rising edge-triggered cell FDRE clocked by source_100  {rise@0.000ns fall@5.000ns period=10.000ns})
  Path Group:             source_100
  Path Type:              Setup (Max at Slow Process Corner)
  Requirement:            10.000ns  (source_100 rise@10.000ns - source_100 rise@0.000ns)
  Data Path Delay:        6.729ns  (logic 2.215ns (32.919%)  route 4.514ns (67.081%))
  Logic Levels:           6  (CARRY4=3 LUT4=1 LUT5=1 LUT6=1)
  Clock Path Skew:        -0.049ns (DCD - SCD + CPR)
    Destination Clock Delay (DCD):    0.924ns = ( 10.924 - 10.000 ) 
    Source Clock Delay      (SCD):    0.973ns
    Clock Pessimism Removal (CPR):    0.000ns
  Clock Uncertainty:      0.035ns  ((TSJ^2 + TIJ^2)^1/2 + DJ) / 2 + PE
    Total System Jitter     (TSJ):    0.071ns
    Total Input Jitter      (TIJ):    0.000ns
    Discrete Jitter          (DJ):    0.000ns
    Phase Error              (PE):    0.000ns

    Location             Delay type                Incr(ns)  Path(ns)    Netlist Resource(s)
  -------------------------------------------------------------------    -------------------
                         (clock source_100 rise edge)
                                                      0.000     0.000 r  
                                                      0.000     0.000 r  clk (IN)
                         net (fo=183, unset)          0.973     0.973    source_bank/clk
    SLICE_X28Y11         FDRE                                         r  source_bank/metadata_in_hold_reg[44]/C
  -------------------------------------------------------------------    -------------------
    SLICE_X28Y11         FDRE (Prop_fdre_C_Q)         0.478     1.451 r  source_bank/metadata_in_hold_reg[44]/Q
                         net (fo=2, routed)           1.659     3.110    source_bank/metadata_in_hold[44]
    SLICE_X41Y5          LUT6 (Prop_lut6_I4_O)        0.295     3.405 r  source_bank/metadata_matches__0_carry__2_i_4/O
                         net (fo=1, routed)           0.000     3.405    source_bank/metadata_matches__0_carry__2_i_4_n_0
    SLICE_X41Y5          CARRY4 (Prop_carry4_S[0]_CO[3])
                                                      0.532     3.937 r  source_bank/metadata_matches__0_carry__2/CO[3]
                         net (fo=1, routed)           0.000     3.937    source_bank/metadata_matches__0_carry__2_n_0
    SLICE_X41Y6          CARRY4 (Prop_carry4_CI_CO[3])
                                                      0.114     4.051 r  source_bank/metadata_matches__0_carry__3/CO[3]
                         net (fo=1, routed)           0.000     4.051    source_bank/metadata_matches__0_carry__3_n_0
    SLICE_X41Y7          CARRY4 (Prop_carry4_CI_CO[0])
                                                      0.271     4.322 r  source_bank/metadata_matches__0_carry__4/CO[0]
                         net (fo=1, routed)           1.825     6.147    source_bank/metadata_matches
    SLICE_X7Y4           LUT5 (Prop_lut5_I2_O)        0.373     6.520 r  source_bank/write_position[8]_i_3/O
                         net (fo=3, routed)           0.679     7.199    source_bank/input_framing_valid__2
    SLICE_X7Y4           LUT4 (Prop_lut4_I3_O)        0.152     7.351 r  source_bank/write_position[8]_i_1__1/O
                         net (fo=9, routed)           0.351     7.702    source_bank/write_position[8]_i_1__1_n_0
    SLICE_X6Y5           FDRE                                         r  source_bank/write_position_reg[4]/CE
  -------------------------------------------------------------------    -------------------

                         (clock source_100 rise edge)
                                                     10.000    10.000 r  
                                                      0.000    10.000 r  clk (IN)
                         net (fo=183, unset)          0.924    10.924    source_bank/clk
    SLICE_X6Y5           FDRE                                         r  source_bank/write_position_reg[4]/C
                         clock pessimism              0.000    10.924    
                         clock uncertainty           -0.035    10.889    
    SLICE_X6Y5           FDRE (Setup_fdre_C_CE)      -0.377    10.512    source_bank/write_position_reg[4]
  -------------------------------------------------------------------
                         required time                         10.512    
                         arrival time                          -7.702    
  -------------------------------------------------------------------
                         slack                                  2.810    

Slack (MET) :             2.813ns  (required time - arrival time)
  Source:                 slow_reset_slow_reg[1]/C
                            (rising edge-triggered cell FDCE clocked by source_100  {rise@0.000ns fall@5.000ns period=10.000ns})
  Destination:            output_bank/metadata_out_hold_reg[47]/CE
                            (rising edge-triggered cell FDRE clocked by source_100  {rise@0.000ns fall@5.000ns period=10.000ns})
  Path Group:             source_100
  Path Type:              Setup (Max at Slow Process Corner)
  Requirement:            10.000ns  (source_100 rise@10.000ns - source_100 rise@0.000ns)
  Data Path Delay:        6.690ns  (logic 0.925ns (13.826%)  route 5.765ns (86.174%))
  Logic Levels:           2  (LUT2=1 LUT4=1)
  Clock Path Skew:        -0.049ns (DCD - SCD + CPR)
    Destination Clock Delay (DCD):    0.924ns = ( 10.924 - 10.000 ) 
    Source Clock Delay      (SCD):    0.973ns
    Clock Pessimism Removal (CPR):    0.000ns
  Clock Uncertainty:      0.035ns  ((TSJ^2 + TIJ^2)^1/2 + DJ) / 2 + PE
    Total System Jitter     (TSJ):    0.071ns
    Total Input Jitter      (TIJ):    0.000ns
    Discrete Jitter          (DJ):    0.000ns
    Phase Error              (PE):    0.000ns

    Location             Delay type                Incr(ns)  Path(ns)    Netlist Resource(s)
  -------------------------------------------------------------------    -------------------
                         (clock source_100 rise edge)
                                                      0.000     0.000 r  
                                                      0.000     0.000 r  clk (IN)
                         net (fo=183, unset)          0.973     0.973    clk
    SLICE_X4Y0           FDCE                                         r  slow_reset_slow_reg[1]/C
  -------------------------------------------------------------------    -------------------
    SLICE_X4Y0           FDCE (Prop_fdce_C_Q)         0.478     1.451 r  slow_reset_slow_reg[1]/Q
                         net (fo=1, routed)           0.647     2.098    output_bank/out[0]
    SLICE_X5Y0           LUT2 (Prop_lut2_I0_O)        0.295     2.393 f  output_bank/input_ready_INST_0_i_2/O
                         net (fo=36, routed)          1.595     3.987    output_bank/slow_reset_slow_reg[1]
    SLICE_X9Y1           LUT4 (Prop_lut4_I1_O)        0.152     4.139 r  output_bank/metadata_out_hold[74]_i_1/O
                         net (fo=75, routed)          3.524     7.663    output_bank/metadata_out_hold
    SLICE_X29Y11         FDRE                                         r  output_bank/metadata_out_hold_reg[47]/CE
  -------------------------------------------------------------------    -------------------

                         (clock source_100 rise edge)
                                                     10.000    10.000 r  
                                                      0.000    10.000 r  clk (IN)
                         net (fo=183, unset)          0.924    10.924    output_bank/clk
    SLICE_X29Y11         FDRE                                         r  output_bank/metadata_out_hold_reg[47]/C
                         clock pessimism              0.000    10.924    
                         clock uncertainty           -0.035    10.889    
    SLICE_X29Y11         FDRE (Setup_fdre_C_CE)      -0.413    10.476    output_bank/metadata_out_hold_reg[47]
  -------------------------------------------------------------------
                         required time                         10.476    
                         arrival time                          -7.663    
  -------------------------------------------------------------------
                         slack                                  2.813    

Slack (MET) :             2.851ns  (required time - arrival time)
  Source:                 slow_reset_slow_reg[1]/C
                            (rising edge-triggered cell FDCE clocked by source_100  {rise@0.000ns fall@5.000ns period=10.000ns})
  Destination:            output_bank/metadata_out_hold_reg[19]/CE
                            (rising edge-triggered cell FDRE clocked by source_100  {rise@0.000ns fall@5.000ns period=10.000ns})
  Path Group:             source_100
  Path Type:              Setup (Max at Slow Process Corner)
  Requirement:            10.000ns  (source_100 rise@10.000ns - source_100 rise@0.000ns)
  Data Path Delay:        6.652ns  (logic 0.925ns (13.905%)  route 5.727ns (86.095%))
  Logic Levels:           2  (LUT2=1 LUT4=1)
  Clock Path Skew:        -0.049ns (DCD - SCD + CPR)
    Destination Clock Delay (DCD):    0.924ns = ( 10.924 - 10.000 ) 
    Source Clock Delay      (SCD):    0.973ns
    Clock Pessimism Removal (CPR):    0.000ns
  Clock Uncertainty:      0.035ns  ((TSJ^2 + TIJ^2)^1/2 + DJ) / 2 + PE
    Total System Jitter     (TSJ):    0.071ns
    Total Input Jitter      (TIJ):    0.000ns
    Discrete Jitter          (DJ):    0.000ns
    Phase Error              (PE):    0.000ns

    Location             Delay type                Incr(ns)  Path(ns)    Netlist Resource(s)
  -------------------------------------------------------------------    -------------------
                         (clock source_100 rise edge)
                                                      0.000     0.000 r  
                                                      0.000     0.000 r  clk (IN)
                         net (fo=183, unset)          0.973     0.973    clk
    SLICE_X4Y0           FDCE                                         r  slow_reset_slow_reg[1]/C
  -------------------------------------------------------------------    -------------------
    SLICE_X4Y0           FDCE (Prop_fdce_C_Q)         0.478     1.451 r  slow_reset_slow_reg[1]/Q
                         net (fo=1, routed)           0.647     2.098    output_bank/out[0]
    SLICE_X5Y0           LUT2 (Prop_lut2_I0_O)        0.295     2.393 f  output_bank/input_ready_INST_0_i_2/O
                         net (fo=36, routed)          1.595     3.987    output_bank/slow_reset_slow_reg[1]
    SLICE_X9Y1           LUT4 (Prop_lut4_I1_O)        0.152     4.139 r  output_bank/metadata_out_hold[74]_i_1/O
                         net (fo=75, routed)          3.486     7.625    output_bank/metadata_out_hold
    SLICE_X25Y10         FDRE                                         r  output_bank/metadata_out_hold_reg[19]/CE
  -------------------------------------------------------------------    -------------------

                         (clock source_100 rise edge)
                                                     10.000    10.000 r  
                                                      0.000    10.000 r  clk (IN)
                         net (fo=183, unset)          0.924    10.924    output_bank/clk
    SLICE_X25Y10         FDRE                                         r  output_bank/metadata_out_hold_reg[19]/C
                         clock pessimism              0.000    10.924    
                         clock uncertainty           -0.035    10.889    
    SLICE_X25Y10         FDRE (Setup_fdre_C_CE)      -0.413    10.476    output_bank/metadata_out_hold_reg[19]
  -------------------------------------------------------------------
                         required time                         10.476    
                         arrival time                          -7.625    
  -------------------------------------------------------------------
                         slack                                  2.851    

Slack (MET) :             2.851ns  (required time - arrival time)
  Source:                 slow_reset_slow_reg[1]/C
                            (rising edge-triggered cell FDCE clocked by source_100  {rise@0.000ns fall@5.000ns period=10.000ns})
  Destination:            output_bank/metadata_out_hold_reg[39]/CE
                            (rising edge-triggered cell FDRE clocked by source_100  {rise@0.000ns fall@5.000ns period=10.000ns})
  Path Group:             source_100
  Path Type:              Setup (Max at Slow Process Corner)
  Requirement:            10.000ns  (source_100 rise@10.000ns - source_100 rise@0.000ns)
  Data Path Delay:        6.652ns  (logic 0.925ns (13.905%)  route 5.727ns (86.095%))
  Logic Levels:           2  (LUT2=1 LUT4=1)
  Clock Path Skew:        -0.049ns (DCD - SCD + CPR)
    Destination Clock Delay (DCD):    0.924ns = ( 10.924 - 10.000 ) 
    Source Clock Delay      (SCD):    0.973ns
    Clock Pessimism Removal (CPR):    0.000ns
  Clock Uncertainty:      0.035ns  ((TSJ^2 + TIJ^2)^1/2 + DJ) / 2 + PE
    Total System Jitter     (TSJ):    0.071ns
    Total Input Jitter      (TIJ):    0.000ns
    Discrete Jitter          (DJ):    0.000ns
    Phase Error              (PE):    0.000ns

    Location             Delay type                Incr(ns)  Path(ns)    Netlist Resource(s)
  -------------------------------------------------------------------    -------------------
                         (clock source_100 rise edge)
                                                      0.000     0.000 r  
                                                      0.000     0.000 r  clk (IN)
                         net (fo=183, unset)          0.973     0.973    clk
    SLICE_X4Y0           FDCE                                         r  slow_reset_slow_reg[1]/C
  -------------------------------------------------------------------    -------------------
    SLICE_X4Y0           FDCE (Prop_fdce_C_Q)         0.478     1.451 r  slow_reset_slow_reg[1]/Q
                         net (fo=1, routed)           0.647     2.098    output_bank/out[0]
    SLICE_X5Y0           LUT2 (Prop_lut2_I0_O)        0.295     2.393 f  output_bank/input_ready_INST_0_i_2/O
                         net (fo=36, routed)          1.595     3.987    output_bank/slow_reset_slow_reg[1]
    SLICE_X9Y1           LUT4 (Prop_lut4_I1_O)        0.152     4.139 r  output_bank/metadata_out_hold[74]_i_1/O
                         net (fo=75, routed)          3.486     7.625    output_bank/metadata_out_hold
    SLICE_X25Y10         FDRE                                         r  output_bank/metadata_out_hold_reg[39]/CE
  -------------------------------------------------------------------    -------------------

                         (clock source_100 rise edge)
                                                     10.000    10.000 r  
                                                      0.000    10.000 r  clk (IN)
                         net (fo=183, unset)          0.924    10.924    output_bank/clk
    SLICE_X25Y10         FDRE                                         r  output_bank/metadata_out_hold_reg[39]/C
                         clock pessimism              0.000    10.924    
                         clock uncertainty           -0.035    10.889    
    SLICE_X25Y10         FDRE (Setup_fdre_C_CE)      -0.413    10.476    output_bank/metadata_out_hold_reg[39]
  -------------------------------------------------------------------
                         required time                         10.476    
                         arrival time                          -7.625    
  -------------------------------------------------------------------
                         slack                                  2.851    

Slack (MET) :             2.851ns  (required time - arrival time)
  Source:                 slow_reset_slow_reg[1]/C
                            (rising edge-triggered cell FDCE clocked by source_100  {rise@0.000ns fall@5.000ns period=10.000ns})
  Destination:            output_bank/metadata_out_hold_reg[40]/CE
                            (rising edge-triggered cell FDRE clocked by source_100  {rise@0.000ns fall@5.000ns period=10.000ns})
  Path Group:             source_100
  Path Type:              Setup (Max at Slow Process Corner)
  Requirement:            10.000ns  (source_100 rise@10.000ns - source_100 rise@0.000ns)
  Data Path Delay:        6.652ns  (logic 0.925ns (13.905%)  route 5.727ns (86.095%))
  Logic Levels:           2  (LUT2=1 LUT4=1)
  Clock Path Skew:        -0.049ns (DCD - SCD + CPR)
    Destination Clock Delay (DCD):    0.924ns = ( 10.924 - 10.000 ) 
    Source Clock Delay      (SCD):    0.973ns
    Clock Pessimism Removal (CPR):    0.000ns
  Clock Uncertainty:      0.035ns  ((TSJ^2 + TIJ^2)^1/2 + DJ) / 2 + PE
    Total System Jitter     (TSJ):    0.071ns
    Total Input Jitter      (TIJ):    0.000ns
    Discrete Jitter          (DJ):    0.000ns
    Phase Error              (PE):    0.000ns

    Location             Delay type                Incr(ns)  Path(ns)    Netlist Resource(s)
  -------------------------------------------------------------------    -------------------
                         (clock source_100 rise edge)
                                                      0.000     0.000 r  
                                                      0.000     0.000 r  clk (IN)
                         net (fo=183, unset)          0.973     0.973    clk
    SLICE_X4Y0           FDCE                                         r  slow_reset_slow_reg[1]/C
  -------------------------------------------------------------------    -------------------
    SLICE_X4Y0           FDCE (Prop_fdce_C_Q)         0.478     1.451 r  slow_reset_slow_reg[1]/Q
                         net (fo=1, routed)           0.647     2.098    output_bank/out[0]
    SLICE_X5Y0           LUT2 (Prop_lut2_I0_O)        0.295     2.393 f  output_bank/input_ready_INST_0_i_2/O
                         net (fo=36, routed)          1.595     3.987    output_bank/slow_reset_slow_reg[1]
    SLICE_X9Y1           LUT4 (Prop_lut4_I1_O)        0.152     4.139 r  output_bank/metadata_out_hold[74]_i_1/O
                         net (fo=75, routed)          3.486     7.625    output_bank/metadata_out_hold
    SLICE_X25Y10         FDRE                                         r  output_bank/metadata_out_hold_reg[40]/CE
  -------------------------------------------------------------------    -------------------

                         (clock source_100 rise edge)
                                                     10.000    10.000 r  
                                                      0.000    10.000 r  clk (IN)
                         net (fo=183, unset)          0.924    10.924    output_bank/clk
    SLICE_X25Y10         FDRE                                         r  output_bank/metadata_out_hold_reg[40]/C
                         clock pessimism              0.000    10.924    
                         clock uncertainty           -0.035    10.889    
    SLICE_X25Y10         FDRE (Setup_fdre_C_CE)      -0.413    10.476    output_bank/metadata_out_hold_reg[40]
  -------------------------------------------------------------------
                         required time                         10.476    
                         arrival time                          -7.625    
  -------------------------------------------------------------------
                         slack                                  2.851    

Slack (MET) :             2.851ns  (required time - arrival time)
  Source:                 slow_reset_slow_reg[1]/C
                            (rising edge-triggered cell FDCE clocked by source_100  {rise@0.000ns fall@5.000ns period=10.000ns})
  Destination:            output_bank/metadata_out_hold_reg[41]/CE
                            (rising edge-triggered cell FDRE clocked by source_100  {rise@0.000ns fall@5.000ns period=10.000ns})
  Path Group:             source_100
  Path Type:              Setup (Max at Slow Process Corner)
  Requirement:            10.000ns  (source_100 rise@10.000ns - source_100 rise@0.000ns)
  Data Path Delay:        6.652ns  (logic 0.925ns (13.905%)  route 5.727ns (86.095%))
  Logic Levels:           2  (LUT2=1 LUT4=1)
  Clock Path Skew:        -0.049ns (DCD - SCD + CPR)
    Destination Clock Delay (DCD):    0.924ns = ( 10.924 - 10.000 ) 
    Source Clock Delay      (SCD):    0.973ns
    Clock Pessimism Removal (CPR):    0.000ns
  Clock Uncertainty:      0.035ns  ((TSJ^2 + TIJ^2)^1/2 + DJ) / 2 + PE
    Total System Jitter     (TSJ):    0.071ns
    Total Input Jitter      (TIJ):    0.000ns
    Discrete Jitter          (DJ):    0.000ns
    Phase Error              (PE):    0.000ns

    Location             Delay type                Incr(ns)  Path(ns)    Netlist Resource(s)
  -------------------------------------------------------------------    -------------------
                         (clock source_100 rise edge)
                                                      0.000     0.000 r  
                                                      0.000     0.000 r  clk (IN)
                         net (fo=183, unset)          0.973     0.973    clk
    SLICE_X4Y0           FDCE                                         r  slow_reset_slow_reg[1]/C
  -------------------------------------------------------------------    -------------------
    SLICE_X4Y0           FDCE (Prop_fdce_C_Q)         0.478     1.451 r  slow_reset_slow_reg[1]/Q
                         net (fo=1, routed)           0.647     2.098    output_bank/out[0]
    SLICE_X5Y0           LUT2 (Prop_lut2_I0_O)        0.295     2.393 f  output_bank/input_ready_INST_0_i_2/O
                         net (fo=36, routed)          1.595     3.987    output_bank/slow_reset_slow_reg[1]
    SLICE_X9Y1           LUT4 (Prop_lut4_I1_O)        0.152     4.139 r  output_bank/metadata_out_hold[74]_i_1/O
                         net (fo=75, routed)          3.486     7.625    output_bank/metadata_out_hold
    SLICE_X25Y10         FDRE                                         r  output_bank/metadata_out_hold_reg[41]/CE
  -------------------------------------------------------------------    -------------------

                         (clock source_100 rise edge)
                                                     10.000    10.000 r  
                                                      0.000    10.000 r  clk (IN)
                         net (fo=183, unset)          0.924    10.924    output_bank/clk
    SLICE_X25Y10         FDRE                                         r  output_bank/metadata_out_hold_reg[41]/C
                         clock pessimism              0.000    10.924    
                         clock uncertainty           -0.035    10.889    
    SLICE_X25Y10         FDRE (Setup_fdre_C_CE)      -0.413    10.476    output_bank/metadata_out_hold_reg[41]
  -------------------------------------------------------------------
                         required time                         10.476    
                         arrival time                          -7.625    
  -------------------------------------------------------------------
                         slack                                  2.851    

Slack (MET) :             2.851ns  (required time - arrival time)
  Source:                 slow_reset_slow_reg[1]/C
                            (rising edge-triggered cell FDCE clocked by source_100  {rise@0.000ns fall@5.000ns period=10.000ns})
  Destination:            output_bank/metadata_out_hold_reg[46]/CE
                            (rising edge-triggered cell FDRE clocked by source_100  {rise@0.000ns fall@5.000ns period=10.000ns})
  Path Group:             source_100
  Path Type:              Setup (Max at Slow Process Corner)
  Requirement:            10.000ns  (source_100 rise@10.000ns - source_100 rise@0.000ns)
  Data Path Delay:        6.652ns  (logic 0.925ns (13.905%)  route 5.727ns (86.095%))
  Logic Levels:           2  (LUT2=1 LUT4=1)
  Clock Path Skew:        -0.049ns (DCD - SCD + CPR)
    Destination Clock Delay (DCD):    0.924ns = ( 10.924 - 10.000 ) 
    Source Clock Delay      (SCD):    0.973ns
    Clock Pessimism Removal (CPR):    0.000ns
  Clock Uncertainty:      0.035ns  ((TSJ^2 + TIJ^2)^1/2 + DJ) / 2 + PE
    Total System Jitter     (TSJ):    0.071ns
    Total Input Jitter      (TIJ):    0.000ns
    Discrete Jitter          (DJ):    0.000ns
    Phase Error              (PE):    0.000ns

    Location             Delay type                Incr(ns)  Path(ns)    Netlist Resource(s)
  -------------------------------------------------------------------    -------------------
                         (clock source_100 rise edge)
                                                      0.000     0.000 r  
                                                      0.000     0.000 r  clk (IN)
                         net (fo=183, unset)          0.973     0.973    clk
    SLICE_X4Y0           FDCE                                         r  slow_reset_slow_reg[1]/C
  -------------------------------------------------------------------    -------------------
    SLICE_X4Y0           FDCE (Prop_fdce_C_Q)         0.478     1.451 r  slow_reset_slow_reg[1]/Q
                         net (fo=1, routed)           0.647     2.098    output_bank/out[0]
    SLICE_X5Y0           LUT2 (Prop_lut2_I0_O)        0.295     2.393 f  output_bank/input_ready_INST_0_i_2/O
                         net (fo=36, routed)          1.595     3.987    output_bank/slow_reset_slow_reg[1]
    SLICE_X9Y1           LUT4 (Prop_lut4_I1_O)        0.152     4.139 r  output_bank/metadata_out_hold[74]_i_1/O
                         net (fo=75, routed)          3.486     7.625    output_bank/metadata_out_hold
    SLICE_X25Y10         FDRE                                         r  output_bank/metadata_out_hold_reg[46]/CE
  -------------------------------------------------------------------    -------------------

                         (clock source_100 rise edge)
                                                     10.000    10.000 r  
                                                      0.000    10.000 r  clk (IN)
                         net (fo=183, unset)          0.924    10.924    output_bank/clk
    SLICE_X25Y10         FDRE                                         r  output_bank/metadata_out_hold_reg[46]/C
                         clock pessimism              0.000    10.924    
                         clock uncertainty           -0.035    10.889    
    SLICE_X25Y10         FDRE (Setup_fdre_C_CE)      -0.413    10.476    output_bank/metadata_out_hold_reg[46]
  -------------------------------------------------------------------
                         required time                         10.476    
                         arrival time                          -7.625    
  -------------------------------------------------------------------
                         slack                                  2.851    

Slack (MET) :             2.944ns  (required time - arrival time)
  Source:                 slow_reset_slow_reg[1]/C
                            (rising edge-triggered cell FDCE clocked by source_100  {rise@0.000ns fall@5.000ns period=10.000ns})
  Destination:            source_bank/metadata_in_hold_reg[24]/CE
                            (rising edge-triggered cell FDRE clocked by source_100  {rise@0.000ns fall@5.000ns period=10.000ns})
  Path Group:             source_100
  Path Type:              Setup (Max at Slow Process Corner)
  Requirement:            10.000ns  (source_100 rise@10.000ns - source_100 rise@0.000ns)
  Data Path Delay:        6.767ns  (logic 1.254ns (18.531%)  route 5.513ns (81.469%))
  Logic Levels:           3  (LUT2=1 LUT4=1 LUT5=1)
  Clock Path Skew:        -0.049ns (DCD - SCD + CPR)
    Destination Clock Delay (DCD):    0.924ns = ( 10.924 - 10.000 ) 
    Source Clock Delay      (SCD):    0.973ns
    Clock Pessimism Removal (CPR):    0.000ns
  Clock Uncertainty:      0.035ns  ((TSJ^2 + TIJ^2)^1/2 + DJ) / 2 + PE
    Total System Jitter     (TSJ):    0.071ns
    Total Input Jitter      (TIJ):    0.000ns
    Discrete Jitter          (DJ):    0.000ns
    Phase Error              (PE):    0.000ns

    Location             Delay type                Incr(ns)  Path(ns)    Netlist Resource(s)
  -------------------------------------------------------------------    -------------------
                         (clock source_100 rise edge)
                                                      0.000     0.000 r  
                                                      0.000     0.000 r  clk (IN)
                         net (fo=183, unset)          0.973     0.973    clk
    SLICE_X4Y0           FDCE                                         r  slow_reset_slow_reg[1]/C
  -------------------------------------------------------------------    -------------------
    SLICE_X4Y0           FDCE (Prop_fdce_C_Q)         0.478     1.451 r  slow_reset_slow_reg[1]/Q
                         net (fo=1, routed)           0.647     2.098    output_bank/out[0]
    SLICE_X5Y0           LUT2 (Prop_lut2_I0_O)        0.295     2.393 f  output_bank/input_ready_INST_0_i_2/O
                         net (fo=36, routed)          1.376     3.769    source_bank/request_toggle_reg_0
    SLICE_X7Y2           LUT4 (Prop_lut4_I1_O)        0.149     3.918 r  source_bank/input_ready_INST_0_i_1/O
                         net (fo=9, routed)           0.510     4.428    source_bank/input_ready_INST_0_i_1_n_0
    SLICE_X7Y1           LUT5 (Prop_lut5_I1_O)        0.332     4.760 r  source_bank/metadata_in_hold[68]_i_1/O
                         net (fo=64, routed)          2.980     7.740    source_bank/metadata_load
    SLICE_X43Y3          FDRE                                         r  source_bank/metadata_in_hold_reg[24]/CE
  -------------------------------------------------------------------    -------------------

                         (clock source_100 rise edge)
                                                     10.000    10.000 r  
                                                      0.000    10.000 r  clk (IN)
                         net (fo=183, unset)          0.924    10.924    source_bank/clk
    SLICE_X43Y3          FDRE                                         r  source_bank/metadata_in_hold_reg[24]/C
                         clock pessimism              0.000    10.924    
                         clock uncertainty           -0.035    10.889    
    SLICE_X43Y3          FDRE (Setup_fdre_C_CE)      -0.205    10.684    source_bank/metadata_in_hold_reg[24]
  -------------------------------------------------------------------
                         required time                         10.684    
                         arrival time                          -7.740    
  -------------------------------------------------------------------
                         slack                                  2.944    

Slack (MET) :             2.944ns  (required time - arrival time)
  Source:                 slow_reset_slow_reg[1]/C
                            (rising edge-triggered cell FDCE clocked by source_100  {rise@0.000ns fall@5.000ns period=10.000ns})
  Destination:            source_bank/metadata_in_hold_reg[25]/CE
                            (rising edge-triggered cell FDRE clocked by source_100  {rise@0.000ns fall@5.000ns period=10.000ns})
  Path Group:             source_100
  Path Type:              Setup (Max at Slow Process Corner)
  Requirement:            10.000ns  (source_100 rise@10.000ns - source_100 rise@0.000ns)
  Data Path Delay:        6.767ns  (logic 1.254ns (18.531%)  route 5.513ns (81.469%))
  Logic Levels:           3  (LUT2=1 LUT4=1 LUT5=1)
  Clock Path Skew:        -0.049ns (DCD - SCD + CPR)
    Destination Clock Delay (DCD):    0.924ns = ( 10.924 - 10.000 ) 
    Source Clock Delay      (SCD):    0.973ns
    Clock Pessimism Removal (CPR):    0.000ns
  Clock Uncertainty:      0.035ns  ((TSJ^2 + TIJ^2)^1/2 + DJ) / 2 + PE
    Total System Jitter     (TSJ):    0.071ns
    Total Input Jitter      (TIJ):    0.000ns
    Discrete Jitter          (DJ):    0.000ns
    Phase Error              (PE):    0.000ns

    Location             Delay type                Incr(ns)  Path(ns)    Netlist Resource(s)
  -------------------------------------------------------------------    -------------------
                         (clock source_100 rise edge)
                                                      0.000     0.000 r  
                                                      0.000     0.000 r  clk (IN)
                         net (fo=183, unset)          0.973     0.973    clk
    SLICE_X4Y0           FDCE                                         r  slow_reset_slow_reg[1]/C
  -------------------------------------------------------------------    -------------------
    SLICE_X4Y0           FDCE (Prop_fdce_C_Q)         0.478     1.451 r  slow_reset_slow_reg[1]/Q
                         net (fo=1, routed)           0.647     2.098    output_bank/out[0]
    SLICE_X5Y0           LUT2 (Prop_lut2_I0_O)        0.295     2.393 f  output_bank/input_ready_INST_0_i_2/O
                         net (fo=36, routed)          1.376     3.769    source_bank/request_toggle_reg_0
    SLICE_X7Y2           LUT4 (Prop_lut4_I1_O)        0.149     3.918 r  source_bank/input_ready_INST_0_i_1/O
                         net (fo=9, routed)           0.510     4.428    source_bank/input_ready_INST_0_i_1_n_0
    SLICE_X7Y1           LUT5 (Prop_lut5_I1_O)        0.332     4.760 r  source_bank/metadata_in_hold[68]_i_1/O
                         net (fo=64, routed)          2.980     7.740    source_bank/metadata_load
    SLICE_X43Y3          FDRE                                         r  source_bank/metadata_in_hold_reg[25]/CE
  -------------------------------------------------------------------    -------------------

                         (clock source_100 rise edge)
                                                     10.000    10.000 r  
                                                      0.000    10.000 r  clk (IN)
                         net (fo=183, unset)          0.924    10.924    source_bank/clk
    SLICE_X43Y3          FDRE                                         r  source_bank/metadata_in_hold_reg[25]/C
                         clock pessimism              0.000    10.924    
                         clock uncertainty           -0.035    10.889    
    SLICE_X43Y3          FDRE (Setup_fdre_C_CE)      -0.205    10.684    source_bank/metadata_in_hold_reg[25]
  -------------------------------------------------------------------
                         required time                         10.684    
                         arrival time                          -7.740    
  -------------------------------------------------------------------
                         slack                                  2.944    

Slack (MET) :             3.007ns  (required time - arrival time)
  Source:                 slow_reset_slow_reg[1]/C
                            (rising edge-triggered cell FDCE clocked by source_100  {rise@0.000ns fall@5.000ns period=10.000ns})
  Destination:            source_bank/metadata_in_hold_reg[56]/CE
                            (rising edge-triggered cell FDRE clocked by source_100  {rise@0.000ns fall@5.000ns period=10.000ns})
  Path Group:             source_100
  Path Type:              Setup (Max at Slow Process Corner)
  Requirement:            10.000ns  (source_100 rise@10.000ns - source_100 rise@0.000ns)
  Data Path Delay:        6.740ns  (logic 1.254ns (18.604%)  route 5.486ns (81.396%))
  Logic Levels:           3  (LUT2=1 LUT4=1 LUT5=1)
  Clock Path Skew:        -0.049ns (DCD - SCD + CPR)
    Destination Clock Delay (DCD):    0.924ns = ( 10.924 - 10.000 ) 
    Source Clock Delay      (SCD):    0.973ns
    Clock Pessimism Removal (CPR):    0.000ns
  Clock Uncertainty:      0.035ns  ((TSJ^2 + TIJ^2)^1/2 + DJ) / 2 + PE
    Total System Jitter     (TSJ):    0.071ns
    Total Input Jitter      (TIJ):    0.000ns
    Discrete Jitter          (DJ):    0.000ns
    Phase Error              (PE):    0.000ns

    Location             Delay type                Incr(ns)  Path(ns)    Netlist Resource(s)
  -------------------------------------------------------------------    -------------------
                         (clock source_100 rise edge)
                                                      0.000     0.000 r  
                                                      0.000     0.000 r  clk (IN)
                         net (fo=183, unset)          0.973     0.973    clk
    SLICE_X4Y0           FDCE                                         r  slow_reset_slow_reg[1]/C
  -------------------------------------------------------------------    -------------------
    SLICE_X4Y0           FDCE (Prop_fdce_C_Q)         0.478     1.451 r  slow_reset_slow_reg[1]/Q
                         net (fo=1, routed)           0.647     2.098    output_bank/out[0]
    SLICE_X5Y0           LUT2 (Prop_lut2_I0_O)        0.295     2.393 f  output_bank/input_ready_INST_0_i_2/O
                         net (fo=36, routed)          1.376     3.769    source_bank/request_toggle_reg_0
    SLICE_X7Y2           LUT4 (Prop_lut4_I1_O)        0.149     3.918 r  source_bank/input_ready_INST_0_i_1/O
                         net (fo=9, routed)           0.510     4.428    source_bank/input_ready_INST_0_i_1_n_0
    SLICE_X7Y1           LUT5 (Prop_lut5_I1_O)        0.332     4.760 r  source_bank/metadata_in_hold[68]_i_1/O
                         net (fo=64, routed)          2.953     7.713    source_bank/metadata_load
    SLICE_X28Y10         FDRE                                         r  source_bank/metadata_in_hold_reg[56]/CE
  -------------------------------------------------------------------    -------------------

                         (clock source_100 rise edge)
                                                     10.000    10.000 r  
                                                      0.000    10.000 r  clk (IN)
                         net (fo=183, unset)          0.924    10.924    source_bank/clk
    SLICE_X28Y10         FDRE                                         r  source_bank/metadata_in_hold_reg[56]/C
                         clock pessimism              0.000    10.924    
                         clock uncertainty           -0.035    10.889    
    SLICE_X28Y10         FDRE (Setup_fdre_C_CE)      -0.169    10.720    source_bank/metadata_in_hold_reg[56]
  -------------------------------------------------------------------
                         required time                         10.720    
                         arrival time                          -7.713    
  -------------------------------------------------------------------
                         slack                                  3.007    

Slack (MET) :             3.048ns  (required time - arrival time)
  Source:                 slow_reset_slow_reg[1]/C
                            (rising edge-triggered cell FDCE clocked by source_100  {rise@0.000ns fall@5.000ns period=10.000ns})
  Destination:            output_bank/metadata_out_hold_reg[37]/CE
                            (rising edge-triggered cell FDRE clocked by source_100  {rise@0.000ns fall@5.000ns period=10.000ns})
  Path Group:             source_100
  Path Type:              Setup (Max at Slow Process Corner)
  Requirement:            10.000ns  (source_100 rise@10.000ns - source_100 rise@0.000ns)
  Data Path Delay:        6.455ns  (logic 0.925ns (14.329%)  route 5.530ns (85.671%))
  Logic Levels:           2  (LUT2=1 LUT4=1)
  Clock Path Skew:        -0.049ns (DCD - SCD + CPR)
    Destination Clock Delay (DCD):    0.924ns = ( 10.924 - 10.000 ) 
    Source Clock Delay      (SCD):    0.973ns
    Clock Pessimism Removal (CPR):    0.000ns
  Clock Uncertainty:      0.035ns  ((TSJ^2 + TIJ^2)^1/2 + DJ) / 2 + PE
    Total System Jitter     (TSJ):    0.071ns
    Total Input Jitter      (TIJ):    0.000ns
    Discrete Jitter          (DJ):    0.000ns
    Phase Error              (PE):    0.000ns

    Location             Delay type                Incr(ns)  Path(ns)    Netlist Resource(s)
  -------------------------------------------------------------------    -------------------
                         (clock source_100 rise edge)
                                                      0.000     0.000 r  
                                                      0.000     0.000 r  clk (IN)
                         net (fo=183, unset)          0.973     0.973    clk
    SLICE_X4Y0           FDCE                                         r  slow_reset_slow_reg[1]/C
  -------------------------------------------------------------------    -------------------
    SLICE_X4Y0           FDCE (Prop_fdce_C_Q)         0.478     1.451 r  slow_reset_slow_reg[1]/Q
                         net (fo=1, routed)           0.647     2.098    output_bank/out[0]
    SLICE_X5Y0           LUT2 (Prop_lut2_I0_O)        0.295     2.393 f  output_bank/input_ready_INST_0_i_2/O
                         net (fo=36, routed)          1.595     3.987    output_bank/slow_reset_slow_reg[1]
    SLICE_X9Y1           LUT4 (Prop_lut4_I1_O)        0.152     4.139 r  output_bank/metadata_out_hold[74]_i_1/O
                         net (fo=75, routed)          3.289     7.428    output_bank/metadata_out_hold
    SLICE_X23Y10         FDRE                                         r  output_bank/metadata_out_hold_reg[37]/CE
  -------------------------------------------------------------------    -------------------

                         (clock source_100 rise edge)
                                                     10.000    10.000 r  
                                                      0.000    10.000 r  clk (IN)
                         net (fo=183, unset)          0.924    10.924    output_bank/clk
    SLICE_X23Y10         FDRE                                         r  output_bank/metadata_out_hold_reg[37]/C
                         clock pessimism              0.000    10.924    
                         clock uncertainty           -0.035    10.889    
    SLICE_X23Y10         FDRE (Setup_fdre_C_CE)      -0.413    10.476    output_bank/metadata_out_hold_reg[37]
  -------------------------------------------------------------------
                         required time                         10.476    
                         arrival time                          -7.428    
  -------------------------------------------------------------------
                         slack                                  3.048    

Slack (MET) :             3.048ns  (required time - arrival time)
  Source:                 slow_reset_slow_reg[1]/C
                            (rising edge-triggered cell FDCE clocked by source_100  {rise@0.000ns fall@5.000ns period=10.000ns})
  Destination:            output_bank/metadata_out_hold_reg[51]/CE
                            (rising edge-triggered cell FDRE clocked by source_100  {rise@0.000ns fall@5.000ns period=10.000ns})
  Path Group:             source_100
  Path Type:              Setup (Max at Slow Process Corner)
  Requirement:            10.000ns  (source_100 rise@10.000ns - source_100 rise@0.000ns)
  Data Path Delay:        6.455ns  (logic 0.925ns (14.329%)  route 5.530ns (85.671%))
  Logic Levels:           2  (LUT2=1 LUT4=1)
  Clock Path Skew:        -0.049ns (DCD - SCD + CPR)
    Destination Clock Delay (DCD):    0.924ns = ( 10.924 - 10.000 ) 
    Source Clock Delay      (SCD):    0.973ns
    Clock Pessimism Removal (CPR):    0.000ns
  Clock Uncertainty:      0.035ns  ((TSJ^2 + TIJ^2)^1/2 + DJ) / 2 + PE
    Total System Jitter     (TSJ):    0.071ns
    Total Input Jitter      (TIJ):    0.000ns
    Discrete Jitter          (DJ):    0.000ns
    Phase Error              (PE):    0.000ns

    Location             Delay type                Incr(ns)  Path(ns)    Netlist Resource(s)
  -------------------------------------------------------------------    -------------------
                         (clock source_100 rise edge)
                                                      0.000     0.000 r  
                                                      0.000     0.000 r  clk (IN)
                         net (fo=183, unset)          0.973     0.973    clk
    SLICE_X4Y0           FDCE                                         r  slow_reset_slow_reg[1]/C
  -------------------------------------------------------------------    -------------------
    SLICE_X4Y0           FDCE (Prop_fdce_C_Q)         0.478     1.451 r  slow_reset_slow_reg[1]/Q
                         net (fo=1, routed)           0.647     2.098    output_bank/out[0]
    SLICE_X5Y0           LUT2 (Prop_lut2_I0_O)        0.295     2.393 f  output_bank/input_ready_INST_0_i_2/O
                         net (fo=36, routed)          1.595     3.987    output_bank/slow_reset_slow_reg[1]
    SLICE_X9Y1           LUT4 (Prop_lut4_I1_O)        0.152     4.139 r  output_bank/metadata_out_hold[74]_i_1/O
                         net (fo=75, routed)          3.289     7.428    output_bank/metadata_out_hold
    SLICE_X23Y10         FDRE                                         r  output_bank/metadata_out_hold_reg[51]/CE
  -------------------------------------------------------------------    -------------------

                         (clock source_100 rise edge)
                                                     10.000    10.000 r  
                                                      0.000    10.000 r  clk (IN)
                         net (fo=183, unset)          0.924    10.924    output_bank/clk
    SLICE_X23Y10         FDRE                                         r  output_bank/metadata_out_hold_reg[51]/C
                         clock pessimism              0.000    10.924    
                         clock uncertainty           -0.035    10.889    
    SLICE_X23Y10         FDRE (Setup_fdre_C_CE)      -0.413    10.476    output_bank/metadata_out_hold_reg[51]
  -------------------------------------------------------------------
                         required time                         10.476    
                         arrival time                          -7.428    
  -------------------------------------------------------------------
                         slack                                  3.048    




