Copyright 1986-2022 Xilinx, Inc. All Rights Reserved.
-------------------------------------------------------------------------------------------------------------------------------------------------------------------------------------------------------
| Tool Version : Vivado v.2022.2 (lin64) Build 3671981 Fri Oct 14 04:59:54 MDT 2022
| Date         : Thu Sep 10 03:09:56 2026
| Host         : gauss running 64-bit Ubuntu 26.04 LTS
| Command      : report_timing -from [get_clocks source_100] -to [get_clocks source_100] -delay_type min -max_paths 20 -file /tmp/starlink-completed-input.5EaJuD/balanced-route-v1/source_100_min.rpt
| Design       : starlink_pss_fft_bank_owned_slice
| Device       : 7z010-clg400
| Speed File   : -1  PRODUCTION 1.12 2019-11-22
-------------------------------------------------------------------------------------------------------------------------------------------------------------------------------------------------------

Timing Report

Slack (MET) :             0.100ns  (arrival time - required time)
  Source:                 fast_reset_slow_reg[0]/C
                            (rising edge-triggered cell FDCE clocked by source_100  {rise@0.000ns fall@5.000ns period=10.000ns})
  Destination:            fast_reset_slow_reg[1]/D
                            (rising edge-triggered cell FDCE clocked by source_100  {rise@0.000ns fall@5.000ns period=10.000ns})
  Path Group:             source_100
  Path Type:              Hold (Min at Fast Process Corner)
  Requirement:            0.000ns  (source_100 rise@0.000ns - source_100 rise@0.000ns)
  Data Path Delay:        0.197ns  (logic 0.141ns (71.611%)  route 0.056ns (28.389%))
  Logic Levels:           0  
  Clock Path Skew:        0.022ns (DCD - SCD - CPR)
    Destination Clock Delay (DCD):    0.432ns
    Source Clock Delay      (SCD):    0.410ns
    Clock Pessimism Removal (CPR):    -0.000ns

    Location             Delay type                Incr(ns)  Path(ns)    Netlist Resource(s)
  -------------------------------------------------------------------    -------------------
                         (clock source_100 rise edge)
                                                      0.000     0.000 r  
                                                      0.000     0.000 r  clk (IN)
                         net (fo=183, unset)          0.410     0.410    clk
    SLICE_X5Y0           FDCE                                         r  fast_reset_slow_reg[0]/C
  -------------------------------------------------------------------    -------------------
    SLICE_X5Y0           FDCE (Prop_fdce_C_Q)         0.141     0.551 r  fast_reset_slow_reg[0]/Q
                         net (fo=1, routed)           0.056     0.607    fast_reset_slow[0]
    SLICE_X5Y0           FDCE                                         r  fast_reset_slow_reg[1]/D
  -------------------------------------------------------------------    -------------------

                         (clock source_100 rise edge)
                                                      0.000     0.000 r  
                                                      0.000     0.000 r  clk (IN)
                         net (fo=183, unset)          0.432     0.432    clk
    SLICE_X5Y0           FDCE                                         r  fast_reset_slow_reg[1]/C
                         clock pessimism              0.000     0.432    
    SLICE_X5Y0           FDCE (Hold_fdce_C_D)         0.075     0.507    fast_reset_slow_reg[1]
  -------------------------------------------------------------------
                         required time                         -0.507    
                         arrival time                           0.607    
  -------------------------------------------------------------------
                         slack                                  0.100    

Slack (MET) :             0.138ns  (arrival time - required time)
  Source:                 slow_reset_slow_reg[0]/C
                            (rising edge-triggered cell FDCE clocked by source_100  {rise@0.000ns fall@5.000ns period=10.000ns})
  Destination:            slow_reset_slow_reg[1]/D
                            (rising edge-triggered cell FDCE clocked by source_100  {rise@0.000ns fall@5.000ns period=10.000ns})
  Path Group:             source_100
  Path Type:              Hold (Min at Fast Process Corner)
  Requirement:            0.000ns  (source_100 rise@0.000ns - source_100 rise@0.000ns)
  Data Path Delay:        0.220ns  (logic 0.164ns (74.580%)  route 0.056ns (25.420%))
  Logic Levels:           0  
  Clock Path Skew:        0.022ns (DCD - SCD - CPR)
    Destination Clock Delay (DCD):    0.432ns
    Source Clock Delay      (SCD):    0.410ns
    Clock Pessimism Removal (CPR):    -0.000ns

    Location             Delay type                Incr(ns)  Path(ns)    Netlist Resource(s)
  -------------------------------------------------------------------    -------------------
                         (clock source_100 rise edge)
                                                      0.000     0.000 r  
                                                      0.000     0.000 r  clk (IN)
                         net (fo=183, unset)          0.410     0.410    clk
    SLICE_X4Y0           FDCE                                         r  slow_reset_slow_reg[0]/C
  -------------------------------------------------------------------    -------------------
    SLICE_X4Y0           FDCE (Prop_fdce_C_Q)         0.164     0.574 r  slow_reset_slow_reg[0]/Q
                         net (fo=1, routed)           0.056     0.630    slow_reset_slow[0]
    SLICE_X4Y0           FDCE                                         r  slow_reset_slow_reg[1]/D
  -------------------------------------------------------------------    -------------------

                         (clock source_100 rise edge)
                                                      0.000     0.000 r  
                                                      0.000     0.000 r  clk (IN)
                         net (fo=183, unset)          0.432     0.432    clk
    SLICE_X4Y0           FDCE                                         r  slow_reset_slow_reg[1]/C
                         clock pessimism              0.000     0.432    
    SLICE_X4Y0           FDCE (Hold_fdce_C_D)         0.060     0.492    slow_reset_slow_reg[1]
  -------------------------------------------------------------------
                         required time                         -0.492    
                         arrival time                           0.630    
  -------------------------------------------------------------------
                         slack                                  0.138    

Slack (MET) :             0.158ns  (arrival time - required time)
  Source:                 output_bank/read_address_reg[5]/C
                            (rising edge-triggered cell FDRE clocked by source_100  {rise@0.000ns fall@5.000ns period=10.000ns})
  Destination:            output_bank/payload_memory_reg/ADDRARDADDR[10]
                            (rising edge-triggered cell RAMB18E1 clocked by source_100  {rise@0.000ns fall@5.000ns period=10.000ns})
  Path Group:             source_100
  Path Type:              Hold (Min at Fast Process Corner)
  Requirement:            0.000ns  (source_100 rise@0.000ns - source_100 rise@0.000ns)
  Data Path Delay:        0.363ns  (logic 0.164ns (45.177%)  route 0.199ns (54.823%))
  Logic Levels:           0  
  Clock Path Skew:        0.022ns (DCD - SCD - CPR)
    Destination Clock Delay (DCD):    0.432ns
    Source Clock Delay      (SCD):    0.410ns
    Clock Pessimism Removal (CPR):    -0.000ns

    Location             Delay type                Incr(ns)  Path(ns)    Netlist Resource(s)
  -------------------------------------------------------------------    -------------------
                         (clock source_100 rise edge)
                                                      0.000     0.000 r  
                                                      0.000     0.000 r  clk (IN)
                         net (fo=183, unset)          0.410     0.410    output_bank/clk
    SLICE_X8Y1           FDRE                                         r  output_bank/read_address_reg[5]/C
  -------------------------------------------------------------------    -------------------
    SLICE_X8Y1           FDRE (Prop_fdre_C_Q)         0.164     0.574 r  output_bank/read_address_reg[5]/Q
                         net (fo=8, routed)           0.199     0.773    output_bank/read_address[5]
    RAMB18_X0Y1          RAMB18E1                                     r  output_bank/payload_memory_reg/ADDRARDADDR[10]
  -------------------------------------------------------------------    -------------------

                         (clock source_100 rise edge)
                                                      0.000     0.000 r  
                                                      0.000     0.000 r  clk (IN)
                         net (fo=183, unset)          0.432     0.432    output_bank/clk
    RAMB18_X0Y1          RAMB18E1                                     r  output_bank/payload_memory_reg/CLKARDCLK
                         clock pessimism              0.000     0.432    
    RAMB18_X0Y1          RAMB18E1 (Hold_ramb18e1_CLKARDCLK_ADDRARDADDR[10])
                                                      0.183     0.615    output_bank/payload_memory_reg
  -------------------------------------------------------------------
                         required time                         -0.615    
                         arrival time                           0.773    
  -------------------------------------------------------------------
                         slack                                  0.158    

Slack (MET) :             0.185ns  (arrival time - required time)
  Source:                 output_bank/request_sync_reg[1]/C
                            (rising edge-triggered cell FDRE clocked by source_100  {rise@0.000ns fall@5.000ns period=10.000ns})
  Destination:            output_bank/acknowledge_toggle_reg/D
                            (rising edge-triggered cell FDRE clocked by source_100  {rise@0.000ns fall@5.000ns period=10.000ns})
  Path Group:             source_100
  Path Type:              Hold (Min at Fast Process Corner)
  Requirement:            0.000ns  (source_100 rise@0.000ns - source_100 rise@0.000ns)
  Data Path Delay:        0.299ns  (logic 0.227ns (75.907%)  route 0.072ns (24.093%))
  Logic Levels:           1  (LUT3=1)
  Clock Path Skew:        0.022ns (DCD - SCD - CPR)
    Destination Clock Delay (DCD):    0.432ns
    Source Clock Delay      (SCD):    0.410ns
    Clock Pessimism Removal (CPR):    -0.000ns

    Location             Delay type                Incr(ns)  Path(ns)    Netlist Resource(s)
  -------------------------------------------------------------------    -------------------
                         (clock source_100 rise edge)
                                                      0.000     0.000 r  
                                                      0.000     0.000 r  clk (IN)
                         net (fo=183, unset)          0.410     0.410    output_bank/clk
    SLICE_X13Y3          FDRE                                         r  output_bank/request_sync_reg[1]/C
  -------------------------------------------------------------------    -------------------
    SLICE_X13Y3          FDRE (Prop_fdre_C_Q)         0.128     0.538 r  output_bank/request_sync_reg[1]/Q
                         net (fo=5, routed)           0.072     0.610    output_bank/request_sync[1]
    SLICE_X13Y3          LUT3 (Prop_lut3_I2_O)        0.099     0.709 r  output_bank/acknowledge_toggle_i_1__1/O
                         net (fo=1, routed)           0.000     0.709    output_bank/acknowledge_toggle_i_1__1_n_0
    SLICE_X13Y3          FDRE                                         r  output_bank/acknowledge_toggle_reg/D
  -------------------------------------------------------------------    -------------------

                         (clock source_100 rise edge)
                                                      0.000     0.000 r  
                                                      0.000     0.000 r  clk (IN)
                         net (fo=183, unset)          0.432     0.432    output_bank/clk
    SLICE_X13Y3          FDRE                                         r  output_bank/acknowledge_toggle_reg/C
                         clock pessimism              0.000     0.432    
    SLICE_X13Y3          FDRE (Hold_fdre_C_D)         0.092     0.524    output_bank/acknowledge_toggle_reg
  -------------------------------------------------------------------
                         required time                         -0.524    
                         arrival time                           0.709    
  -------------------------------------------------------------------
                         slack                                  0.185    

Slack (MET) :             0.204ns  (arrival time - required time)
  Source:                 output_bank/read_address_reg[4]/C
                            (rising edge-triggered cell FDRE clocked by source_100  {rise@0.000ns fall@5.000ns period=10.000ns})
  Destination:            output_bank/read_output_position_reg[4]/D
                            (rising edge-triggered cell FDRE clocked by source_100  {rise@0.000ns fall@5.000ns period=10.000ns})
  Path Group:             source_100
  Path Type:              Hold (Min at Fast Process Corner)
  Requirement:            0.000ns  (source_100 rise@0.000ns - source_100 rise@0.000ns)
  Data Path Delay:        0.302ns  (logic 0.164ns (54.367%)  route 0.138ns (45.633%))
  Logic Levels:           0  
  Clock Path Skew:        0.022ns (DCD - SCD - CPR)
    Destination Clock Delay (DCD):    0.432ns
    Source Clock Delay      (SCD):    0.410ns
    Clock Pessimism Removal (CPR):    -0.000ns

    Location             Delay type                Incr(ns)  Path(ns)    Netlist Resource(s)
  -------------------------------------------------------------------    -------------------
                         (clock source_100 rise edge)
                                                      0.000     0.000 r  
                                                      0.000     0.000 r  clk (IN)
                         net (fo=183, unset)          0.410     0.410    output_bank/clk
    SLICE_X8Y1           FDRE                                         r  output_bank/read_address_reg[4]/C
  -------------------------------------------------------------------    -------------------
    SLICE_X8Y1           FDRE (Prop_fdre_C_Q)         0.164     0.574 r  output_bank/read_address_reg[4]/Q
                         net (fo=4, routed)           0.138     0.712    output_bank/read_address[4]
    SLICE_X8Y0           FDRE                                         r  output_bank/read_output_position_reg[4]/D
  -------------------------------------------------------------------    -------------------

                         (clock source_100 rise edge)
                                                      0.000     0.000 r  
                                                      0.000     0.000 r  clk (IN)
                         net (fo=183, unset)          0.432     0.432    output_bank/clk
    SLICE_X8Y0           FDRE                                         r  output_bank/read_output_position_reg[4]/C
                         clock pessimism              0.000     0.432    
    SLICE_X8Y0           FDRE (Hold_fdre_C_D)         0.076     0.508    output_bank/read_output_position_reg[4]
  -------------------------------------------------------------------
                         required time                         -0.508    
                         arrival time                           0.712    
  -------------------------------------------------------------------
                         slack                                  0.204    

Slack (MET) :             0.207ns  (arrival time - required time)
  Source:                 source_bank/write_position_reg[3]/C
                            (rising edge-triggered cell FDRE clocked by source_100  {rise@0.000ns fall@5.000ns period=10.000ns})
  Destination:            source_bank/write_position_reg[4]/D
                            (rising edge-triggered cell FDRE clocked by source_100  {rise@0.000ns fall@5.000ns period=10.000ns})
  Path Group:             source_100
  Path Type:              Hold (Min at Fast Process Corner)
  Requirement:            0.000ns  (source_100 rise@0.000ns - source_100 rise@0.000ns)
  Data Path Delay:        0.350ns  (logic 0.246ns (70.287%)  route 0.104ns (29.713%))
  Logic Levels:           1  (LUT6=1)
  Clock Path Skew:        0.022ns (DCD - SCD - CPR)
    Destination Clock Delay (DCD):    0.432ns
    Source Clock Delay      (SCD):    0.410ns
    Clock Pessimism Removal (CPR):    -0.000ns

    Location             Delay type                Incr(ns)  Path(ns)    Netlist Resource(s)
  -------------------------------------------------------------------    -------------------
                         (clock source_100 rise edge)
                                                      0.000     0.000 r  
                                                      0.000     0.000 r  clk (IN)
                         net (fo=183, unset)          0.410     0.410    source_bank/clk
    SLICE_X6Y5           FDRE                                         r  source_bank/write_position_reg[3]/C
  -------------------------------------------------------------------    -------------------
    SLICE_X6Y5           FDRE (Prop_fdre_C_Q)         0.148     0.558 r  source_bank/write_position_reg[3]/Q
                         net (fo=6, routed)           0.104     0.662    source_bank/write_position[3]
    SLICE_X6Y5           LUT6 (Prop_lut6_I1_O)        0.098     0.760 r  source_bank/write_position[4]_i_1/O
                         net (fo=1, routed)           0.000     0.760    source_bank/write_position__0[4]
    SLICE_X6Y5           FDRE                                         r  source_bank/write_position_reg[4]/D
  -------------------------------------------------------------------    -------------------

                         (clock source_100 rise edge)
                                                      0.000     0.000 r  
                                                      0.000     0.000 r  clk (IN)
                         net (fo=183, unset)          0.432     0.432    source_bank/clk
    SLICE_X6Y5           FDRE                                         r  source_bank/write_position_reg[4]/C
                         clock pessimism              0.000     0.432    
    SLICE_X6Y5           FDRE (Hold_fdre_C_D)         0.121     0.553    source_bank/write_position_reg[4]
  -------------------------------------------------------------------
                         required time                         -0.553    
                         arrival time                           0.760    
  -------------------------------------------------------------------
                         slack                                  0.207    

Slack (MET) :             0.215ns  (arrival time - required time)
  Source:                 output_bank/read_address_reg[2]/C
                            (rising edge-triggered cell FDRE clocked by source_100  {rise@0.000ns fall@5.000ns period=10.000ns})
  Destination:            output_bank/payload_memory_reg/ADDRARDADDR[7]
                            (rising edge-triggered cell RAMB18E1 clocked by source_100  {rise@0.000ns fall@5.000ns period=10.000ns})
  Path Group:             source_100
  Path Type:              Hold (Min at Fast Process Corner)
  Requirement:            0.000ns  (source_100 rise@0.000ns - source_100 rise@0.000ns)
  Data Path Delay:        0.419ns  (logic 0.164ns (39.119%)  route 0.255ns (60.881%))
  Logic Levels:           0  
  Clock Path Skew:        0.022ns (DCD - SCD - CPR)
    Destination Clock Delay (DCD):    0.432ns
    Source Clock Delay      (SCD):    0.410ns
    Clock Pessimism Removal (CPR):    -0.000ns

    Location             Delay type                Incr(ns)  Path(ns)    Netlist Resource(s)
  -------------------------------------------------------------------    -------------------
                         (clock source_100 rise edge)
                                                      0.000     0.000 r  
                                                      0.000     0.000 r  clk (IN)
                         net (fo=183, unset)          0.410     0.410    output_bank/clk
    SLICE_X8Y2           FDRE                                         r  output_bank/read_address_reg[2]/C
  -------------------------------------------------------------------    -------------------
    SLICE_X8Y2           FDRE (Prop_fdre_C_Q)         0.164     0.574 r  output_bank/read_address_reg[2]/Q
                         net (fo=6, routed)           0.255     0.829    output_bank/read_address[2]
    RAMB18_X0Y1          RAMB18E1                                     r  output_bank/payload_memory_reg/ADDRARDADDR[7]
  -------------------------------------------------------------------    -------------------

                         (clock source_100 rise edge)
                                                      0.000     0.000 r  
                                                      0.000     0.000 r  clk (IN)
                         net (fo=183, unset)          0.432     0.432    output_bank/clk
    RAMB18_X0Y1          RAMB18E1                                     r  output_bank/payload_memory_reg/CLKARDCLK
                         clock pessimism              0.000     0.432    
    RAMB18_X0Y1          RAMB18E1 (Hold_ramb18e1_CLKARDCLK_ADDRARDADDR[7])
                                                      0.183     0.615    output_bank/payload_memory_reg
  -------------------------------------------------------------------
                         required time                         -0.615    
                         arrival time                           0.829    
  -------------------------------------------------------------------
                         slack                                  0.215    

Slack (MET) :             0.217ns  (arrival time - required time)
  Source:                 output_bank/read_address_reg[5]/C
                            (rising edge-triggered cell FDRE clocked by source_100  {rise@0.000ns fall@5.000ns period=10.000ns})
  Destination:            output_bank/read_address_reg[5]/D
                            (rising edge-triggered cell FDRE clocked by source_100  {rise@0.000ns fall@5.000ns period=10.000ns})
  Path Group:             source_100
  Path Type:              Hold (Min at Fast Process Corner)
  Requirement:            0.000ns  (source_100 rise@0.000ns - source_100 rise@0.000ns)
  Data Path Delay:        0.359ns  (logic 0.209ns (58.186%)  route 0.150ns (41.814%))
  Logic Levels:           1  (LUT3=1)
  Clock Path Skew:        0.022ns (DCD - SCD - CPR)
    Destination Clock Delay (DCD):    0.432ns
    Source Clock Delay      (SCD):    0.410ns
    Clock Pessimism Removal (CPR):    -0.000ns

    Location             Delay type                Incr(ns)  Path(ns)    Netlist Resource(s)
  -------------------------------------------------------------------    -------------------
                         (clock source_100 rise edge)
                                                      0.000     0.000 r  
                                                      0.000     0.000 r  clk (IN)
                         net (fo=183, unset)          0.410     0.410    output_bank/clk
    SLICE_X8Y1           FDRE                                         r  output_bank/read_address_reg[5]/C
  -------------------------------------------------------------------    -------------------
    SLICE_X8Y1           FDRE (Prop_fdre_C_Q)         0.164     0.574 r  output_bank/read_address_reg[5]/Q
                         net (fo=8, routed)           0.150     0.724    output_bank/read_address[5]
    SLICE_X8Y1           LUT3 (Prop_lut3_I2_O)        0.045     0.769 r  output_bank/read_address[5]_i_1/O
                         net (fo=1, routed)           0.000     0.769    output_bank/read_address[5]_i_1_n_0
    SLICE_X8Y1           FDRE                                         r  output_bank/read_address_reg[5]/D
  -------------------------------------------------------------------    -------------------

                         (clock source_100 rise edge)
                                                      0.000     0.000 r  
                                                      0.000     0.000 r  clk (IN)
                         net (fo=183, unset)          0.432     0.432    output_bank/clk
    SLICE_X8Y1           FDRE                                         r  output_bank/read_address_reg[5]/C
                         clock pessimism              0.000     0.432    
    SLICE_X8Y1           FDRE (Hold_fdre_C_D)         0.121     0.553    output_bank/read_address_reg[5]
  -------------------------------------------------------------------
                         required time                         -0.553    
                         arrival time                           0.769    
  -------------------------------------------------------------------
                         slack                                  0.217    

Slack (MET) :             0.222ns  (arrival time - required time)
  Source:                 output_bank/read_address_reg[5]/C
                            (rising edge-triggered cell FDRE clocked by source_100  {rise@0.000ns fall@5.000ns period=10.000ns})
  Destination:            output_bank/read_output_position_reg[5]/D
                            (rising edge-triggered cell FDRE clocked by source_100  {rise@0.000ns fall@5.000ns period=10.000ns})
  Path Group:             source_100
  Path Type:              Hold (Min at Fast Process Corner)
  Requirement:            0.000ns  (source_100 rise@0.000ns - source_100 rise@0.000ns)
  Data Path Delay:        0.307ns  (logic 0.164ns (53.415%)  route 0.143ns (46.585%))
  Logic Levels:           0  
  Clock Path Skew:        0.022ns (DCD - SCD - CPR)
    Destination Clock Delay (DCD):    0.432ns
    Source Clock Delay      (SCD):    0.410ns
    Clock Pessimism Removal (CPR):    -0.000ns

    Location             Delay type                Incr(ns)  Path(ns)    Netlist Resource(s)
  -------------------------------------------------------------------    -------------------
                         (clock source_100 rise edge)
                                                      0.000     0.000 r  
                                                      0.000     0.000 r  clk (IN)
                         net (fo=183, unset)          0.410     0.410    output_bank/clk
    SLICE_X8Y1           FDRE                                         r  output_bank/read_address_reg[5]/C
  -------------------------------------------------------------------    -------------------
    SLICE_X8Y1           FDRE (Prop_fdre_C_Q)         0.164     0.574 r  output_bank/read_address_reg[5]/Q
                         net (fo=8, routed)           0.143     0.717    output_bank/read_address[5]
    SLICE_X8Y0           FDRE                                         r  output_bank/read_output_position_reg[5]/D
  -------------------------------------------------------------------    -------------------

                         (clock source_100 rise edge)
                                                      0.000     0.000 r  
                                                      0.000     0.000 r  clk (IN)
                         net (fo=183, unset)          0.432     0.432    output_bank/clk
    SLICE_X8Y0           FDRE                                         r  output_bank/read_output_position_reg[5]/C
                         clock pessimism              0.000     0.432    
    SLICE_X8Y0           FDRE (Hold_fdre_C_D)         0.063     0.495    output_bank/read_output_position_reg[5]
  -------------------------------------------------------------------
                         required time                         -0.495    
                         arrival time                           0.717    
  -------------------------------------------------------------------
                         slack                                  0.222    

Slack (MET) :             0.225ns  (arrival time - required time)
  Source:                 output_bank/read_address_reg[7]/C
                            (rising edge-triggered cell FDRE clocked by source_100  {rise@0.000ns fall@5.000ns period=10.000ns})
  Destination:            output_bank/payload_memory_reg/ADDRARDADDR[12]
                            (rising edge-triggered cell RAMB18E1 clocked by source_100  {rise@0.000ns fall@5.000ns period=10.000ns})
  Path Group:             source_100
  Path Type:              Hold (Min at Fast Process Corner)
  Requirement:            0.000ns  (source_100 rise@0.000ns - source_100 rise@0.000ns)
  Data Path Delay:        0.377ns  (logic 0.148ns (39.277%)  route 0.229ns (60.723%))
  Logic Levels:           0  
  Clock Path Skew:        0.022ns (DCD - SCD - CPR)
    Destination Clock Delay (DCD):    0.432ns
    Source Clock Delay      (SCD):    0.410ns
    Clock Pessimism Removal (CPR):    -0.000ns

    Location             Delay type                Incr(ns)  Path(ns)    Netlist Resource(s)
  -------------------------------------------------------------------    -------------------
                         (clock source_100 rise edge)
                                                      0.000     0.000 r  
                                                      0.000     0.000 r  clk (IN)
                         net (fo=183, unset)          0.410     0.410    output_bank/clk
    SLICE_X8Y1           FDRE                                         r  output_bank/read_address_reg[7]/C
  -------------------------------------------------------------------    -------------------
    SLICE_X8Y1           FDRE (Prop_fdre_C_Q)         0.148     0.558 r  output_bank/read_address_reg[7]/Q
                         net (fo=6, routed)           0.229     0.787    output_bank/read_address[7]
    RAMB18_X0Y1          RAMB18E1                                     r  output_bank/payload_memory_reg/ADDRARDADDR[12]
  -------------------------------------------------------------------    -------------------

                         (clock source_100 rise edge)
                                                      0.000     0.000 r  
                                                      0.000     0.000 r  clk (IN)
                         net (fo=183, unset)          0.432     0.432    output_bank/clk
    RAMB18_X0Y1          RAMB18E1                                     r  output_bank/payload_memory_reg/CLKARDCLK
                         clock pessimism              0.000     0.432    
    RAMB18_X0Y1          RAMB18E1 (Hold_ramb18e1_CLKARDCLK_ADDRARDADDR[12])
                                                      0.130     0.562    output_bank/payload_memory_reg
  -------------------------------------------------------------------
                         required time                         -0.562    
                         arrival time                           0.787    
  -------------------------------------------------------------------
                         slack                                  0.225    

Slack (MET) :             0.227ns  (arrival time - required time)
  Source:                 output_bank/read_address_reg[0]/C
                            (rising edge-triggered cell FDRE clocked by source_100  {rise@0.000ns fall@5.000ns period=10.000ns})
  Destination:            output_bank/payload_memory_reg/ADDRARDADDR[5]
                            (rising edge-triggered cell RAMB18E1 clocked by source_100  {rise@0.000ns fall@5.000ns period=10.000ns})
  Path Group:             source_100
  Path Type:              Hold (Min at Fast Process Corner)
  Requirement:            0.000ns  (source_100 rise@0.000ns - source_100 rise@0.000ns)
  Data Path Delay:        0.432ns  (logic 0.164ns (37.976%)  route 0.268ns (62.024%))
  Logic Levels:           0  
  Clock Path Skew:        0.022ns (DCD - SCD - CPR)
    Destination Clock Delay (DCD):    0.432ns
    Source Clock Delay      (SCD):    0.410ns
    Clock Pessimism Removal (CPR):    -0.000ns

    Location             Delay type                Incr(ns)  Path(ns)    Netlist Resource(s)
  -------------------------------------------------------------------    -------------------
                         (clock source_100 rise edge)
                                                      0.000     0.000 r  
                                                      0.000     0.000 r  clk (IN)
                         net (fo=183, unset)          0.410     0.410    output_bank/clk
    SLICE_X8Y2           FDRE                                         r  output_bank/read_address_reg[0]/C
  -------------------------------------------------------------------    -------------------
    SLICE_X8Y2           FDRE (Prop_fdre_C_Q)         0.164     0.574 r  output_bank/read_address_reg[0]/Q
                         net (fo=8, routed)           0.268     0.842    output_bank/read_address[0]
    RAMB18_X0Y1          RAMB18E1                                     r  output_bank/payload_memory_reg/ADDRARDADDR[5]
  -------------------------------------------------------------------    -------------------

                         (clock source_100 rise edge)
                                                      0.000     0.000 r  
                                                      0.000     0.000 r  clk (IN)
                         net (fo=183, unset)          0.432     0.432    output_bank/clk
    RAMB18_X0Y1          RAMB18E1                                     r  output_bank/payload_memory_reg/CLKARDCLK
                         clock pessimism              0.000     0.432    
    RAMB18_X0Y1          RAMB18E1 (Hold_ramb18e1_CLKARDCLK_ADDRARDADDR[5])
                                                      0.183     0.615    output_bank/payload_memory_reg
  -------------------------------------------------------------------
                         required time                         -0.615    
                         arrival time                           0.842    
  -------------------------------------------------------------------
                         slack                                  0.227    

Slack (MET) :             0.233ns  (arrival time - required time)
  Source:                 output_bank/read_address_reg[0]/C
                            (rising edge-triggered cell FDRE clocked by source_100  {rise@0.000ns fall@5.000ns period=10.000ns})
  Destination:            output_bank/read_address_reg[4]/D
                            (rising edge-triggered cell FDRE clocked by source_100  {rise@0.000ns fall@5.000ns period=10.000ns})
  Path Group:             source_100
  Path Type:              Hold (Min at Fast Process Corner)
  Requirement:            0.000ns  (source_100 rise@0.000ns - source_100 rise@0.000ns)
  Data Path Delay:        0.376ns  (logic 0.209ns (55.646%)  route 0.167ns (44.354%))
  Logic Levels:           1  (LUT6=1)
  Clock Path Skew:        0.022ns (DCD - SCD - CPR)
    Destination Clock Delay (DCD):    0.432ns
    Source Clock Delay      (SCD):    0.410ns
    Clock Pessimism Removal (CPR):    -0.000ns

    Location             Delay type                Incr(ns)  Path(ns)    Netlist Resource(s)
  -------------------------------------------------------------------    -------------------
                         (clock source_100 rise edge)
                                                      0.000     0.000 r  
                                                      0.000     0.000 r  clk (IN)
                         net (fo=183, unset)          0.410     0.410    output_bank/clk
    SLICE_X8Y2           FDRE                                         r  output_bank/read_address_reg[0]/C
  -------------------------------------------------------------------    -------------------
    SLICE_X8Y2           FDRE (Prop_fdre_C_Q)         0.164     0.574 r  output_bank/read_address_reg[0]/Q
                         net (fo=8, routed)           0.167     0.741    output_bank/read_address[0]
    SLICE_X8Y1           LUT6 (Prop_lut6_I2_O)        0.045     0.786 r  output_bank/read_address[4]_i_1/O
                         net (fo=1, routed)           0.000     0.786    output_bank/read_address[4]_i_1_n_0
    SLICE_X8Y1           FDRE                                         r  output_bank/read_address_reg[4]/D
  -------------------------------------------------------------------    -------------------

                         (clock source_100 rise edge)
                                                      0.000     0.000 r  
                                                      0.000     0.000 r  clk (IN)
                         net (fo=183, unset)          0.432     0.432    output_bank/clk
    SLICE_X8Y1           FDRE                                         r  output_bank/read_address_reg[4]/C
                         clock pessimism              0.000     0.432    
    SLICE_X8Y1           FDRE (Hold_fdre_C_D)         0.121     0.553    output_bank/read_address_reg[4]
  -------------------------------------------------------------------
                         required time                         -0.553    
                         arrival time                           0.786    
  -------------------------------------------------------------------
                         slack                                  0.233    

Slack (MET) :             0.236ns  (arrival time - required time)
  Source:                 source_bank/write_position_reg[1]/C
                            (rising edge-triggered cell FDRE clocked by source_100  {rise@0.000ns fall@5.000ns period=10.000ns})
  Destination:            source_bank/write_position_reg[1]/D
                            (rising edge-triggered cell FDRE clocked by source_100  {rise@0.000ns fall@5.000ns period=10.000ns})
  Path Group:             source_100
  Path Type:              Hold (Min at Fast Process Corner)
  Requirement:            0.000ns  (source_100 rise@0.000ns - source_100 rise@0.000ns)
  Data Path Delay:        0.362ns  (logic 0.183ns (50.505%)  route 0.179ns (49.495%))
  Logic Levels:           1  (LUT3=1)
  Clock Path Skew:        0.022ns (DCD - SCD - CPR)
    Destination Clock Delay (DCD):    0.432ns
    Source Clock Delay      (SCD):    0.410ns
    Clock Pessimism Removal (CPR):    -0.000ns

    Location             Delay type                Incr(ns)  Path(ns)    Netlist Resource(s)
  -------------------------------------------------------------------    -------------------
                         (clock source_100 rise edge)
                                                      0.000     0.000 r  
                                                      0.000     0.000 r  clk (IN)
                         net (fo=183, unset)          0.410     0.410    source_bank/clk
    SLICE_X7Y4           FDRE                                         r  source_bank/write_position_reg[1]/C
  -------------------------------------------------------------------    -------------------
    SLICE_X7Y4           FDRE (Prop_fdre_C_Q)         0.141     0.551 r  source_bank/write_position_reg[1]/Q
                         net (fo=8, routed)           0.179     0.730    source_bank/write_position[1]
    SLICE_X7Y4           LUT3 (Prop_lut3_I2_O)        0.042     0.772 r  source_bank/write_position[1]_i_1/O
                         net (fo=1, routed)           0.000     0.772    source_bank/write_position__0[1]
    SLICE_X7Y4           FDRE                                         r  source_bank/write_position_reg[1]/D
  -------------------------------------------------------------------    -------------------

                         (clock source_100 rise edge)
                                                      0.000     0.000 r  
                                                      0.000     0.000 r  clk (IN)
                         net (fo=183, unset)          0.432     0.432    source_bank/clk
    SLICE_X7Y4           FDRE                                         r  source_bank/write_position_reg[1]/C
                         clock pessimism              0.000     0.432    
    SLICE_X7Y4           FDRE (Hold_fdre_C_D)         0.105     0.537    source_bank/write_position_reg[1]
  -------------------------------------------------------------------
                         required time                         -0.537    
                         arrival time                           0.772    
  -------------------------------------------------------------------
                         slack                                  0.236    

Slack (MET) :             0.242ns  (arrival time - required time)
  Source:                 output_bank/read_all_loaded_reg/C
                            (rising edge-triggered cell FDRE clocked by source_100  {rise@0.000ns fall@5.000ns period=10.000ns})
  Destination:            output_bank/read_all_loaded_reg/D
                            (rising edge-triggered cell FDRE clocked by source_100  {rise@0.000ns fall@5.000ns period=10.000ns})
  Path Group:             source_100
  Path Type:              Hold (Min at Fast Process Corner)
  Requirement:            0.000ns  (source_100 rise@0.000ns - source_100 rise@0.000ns)
  Data Path Delay:        0.354ns  (logic 0.186ns (52.507%)  route 0.168ns (47.493%))
  Logic Levels:           1  (LUT5=1)
  Clock Path Skew:        0.022ns (DCD - SCD - CPR)
    Destination Clock Delay (DCD):    0.432ns
    Source Clock Delay      (SCD):    0.410ns
    Clock Pessimism Removal (CPR):    -0.000ns

    Location             Delay type                Incr(ns)  Path(ns)    Netlist Resource(s)
  -------------------------------------------------------------------    -------------------
                         (clock source_100 rise edge)
                                                      0.000     0.000 r  
                                                      0.000     0.000 r  clk (IN)
                         net (fo=183, unset)          0.410     0.410    output_bank/clk
    SLICE_X9Y1           FDRE                                         r  output_bank/read_all_loaded_reg/C
  -------------------------------------------------------------------    -------------------
    SLICE_X9Y1           FDRE (Prop_fdre_C_Q)         0.141     0.551 r  output_bank/read_all_loaded_reg/Q
                         net (fo=2, routed)           0.168     0.719    output_bank/read_all_loaded_reg_n_0
    SLICE_X9Y1           LUT5 (Prop_lut5_I4_O)        0.045     0.764 r  output_bank/read_all_loaded_i_1__1/O
                         net (fo=1, routed)           0.000     0.764    output_bank/read_all_loaded_i_1__1_n_0
    SLICE_X9Y1           FDRE                                         r  output_bank/read_all_loaded_reg/D
  -------------------------------------------------------------------    -------------------

                         (clock source_100 rise edge)
                                                      0.000     0.000 r  
                                                      0.000     0.000 r  clk (IN)
                         net (fo=183, unset)          0.432     0.432    output_bank/clk
    SLICE_X9Y1           FDRE                                         r  output_bank/read_all_loaded_reg/C
                         clock pessimism              0.000     0.432    
    SLICE_X9Y1           FDRE (Hold_fdre_C_D)         0.091     0.523    output_bank/read_all_loaded_reg
  -------------------------------------------------------------------
                         required time                         -0.523    
                         arrival time                           0.764    
  -------------------------------------------------------------------
                         slack                                  0.242    

Slack (MET) :             0.242ns  (arrival time - required time)
  Source:                 output_bank/read_valid_reg/C
                            (rising edge-triggered cell FDRE clocked by source_100  {rise@0.000ns fall@5.000ns period=10.000ns})
  Destination:            output_bank/read_valid_reg/D
                            (rising edge-triggered cell FDRE clocked by source_100  {rise@0.000ns fall@5.000ns period=10.000ns})
  Path Group:             source_100
  Path Type:              Hold (Min at Fast Process Corner)
  Requirement:            0.000ns  (source_100 rise@0.000ns - source_100 rise@0.000ns)
  Data Path Delay:        0.354ns  (logic 0.186ns (52.507%)  route 0.168ns (47.493%))
  Logic Levels:           1  (LUT4=1)
  Clock Path Skew:        0.022ns (DCD - SCD - CPR)
    Destination Clock Delay (DCD):    0.432ns
    Source Clock Delay      (SCD):    0.410ns
    Clock Pessimism Removal (CPR):    -0.000ns

    Location             Delay type                Incr(ns)  Path(ns)    Netlist Resource(s)
  -------------------------------------------------------------------    -------------------
                         (clock source_100 rise edge)
                                                      0.000     0.000 r  
                                                      0.000     0.000 r  clk (IN)
                         net (fo=183, unset)          0.410     0.410    output_bank/clk
    SLICE_X5Y2           FDRE                                         r  output_bank/read_valid_reg/C
  -------------------------------------------------------------------    -------------------
    SLICE_X5Y2           FDRE (Prop_fdre_C_Q)         0.141     0.551 r  output_bank/read_valid_reg/Q
                         net (fo=4, routed)           0.168     0.719    output_bank/read_valid
    SLICE_X5Y2           LUT4 (Prop_lut4_I1_O)        0.045     0.764 r  output_bank/read_valid_i_1/O
                         net (fo=1, routed)           0.000     0.764    output_bank/read_valid_i_1_n_0
    SLICE_X5Y2           FDRE                                         r  output_bank/read_valid_reg/D
  -------------------------------------------------------------------    -------------------

                         (clock source_100 rise edge)
                                                      0.000     0.000 r  
                                                      0.000     0.000 r  clk (IN)
                         net (fo=183, unset)          0.432     0.432    output_bank/clk
    SLICE_X5Y2           FDRE                                         r  output_bank/read_valid_reg/C
                         clock pessimism              0.000     0.432    
    SLICE_X5Y2           FDRE (Hold_fdre_C_D)         0.091     0.523    output_bank/read_valid_reg
  -------------------------------------------------------------------
                         required time                         -0.523    
                         arrival time                           0.764    
  -------------------------------------------------------------------
                         slack                                  0.242    

Slack (MET) :             0.242ns  (arrival time - required time)
  Source:                 output_bank/read_address_reg[6]/C
                            (rising edge-triggered cell FDRE clocked by source_100  {rise@0.000ns fall@5.000ns period=10.000ns})
  Destination:            output_bank/read_output_position_reg[6]/D
                            (rising edge-triggered cell FDRE clocked by source_100  {rise@0.000ns fall@5.000ns period=10.000ns})
  Path Group:             source_100
  Path Type:              Hold (Min at Fast Process Corner)
  Requirement:            0.000ns  (source_100 rise@0.000ns - source_100 rise@0.000ns)
  Data Path Delay:        0.327ns  (logic 0.164ns (50.186%)  route 0.163ns (49.814%))
  Logic Levels:           0  
  Clock Path Skew:        0.022ns (DCD - SCD - CPR)
    Destination Clock Delay (DCD):    0.432ns
    Source Clock Delay      (SCD):    0.410ns
    Clock Pessimism Removal (CPR):    -0.000ns

    Location             Delay type                Incr(ns)  Path(ns)    Netlist Resource(s)
  -------------------------------------------------------------------    -------------------
                         (clock source_100 rise edge)
                                                      0.000     0.000 r  
                                                      0.000     0.000 r  clk (IN)
                         net (fo=183, unset)          0.410     0.410    output_bank/clk
    SLICE_X8Y1           FDRE                                         r  output_bank/read_address_reg[6]/C
  -------------------------------------------------------------------    -------------------
    SLICE_X8Y1           FDRE (Prop_fdre_C_Q)         0.164     0.574 r  output_bank/read_address_reg[6]/Q
                         net (fo=7, routed)           0.163     0.737    output_bank/read_address[6]
    SLICE_X8Y0           FDRE                                         r  output_bank/read_output_position_reg[6]/D
  -------------------------------------------------------------------    -------------------

                         (clock source_100 rise edge)
                                                      0.000     0.000 r  
                                                      0.000     0.000 r  clk (IN)
                         net (fo=183, unset)          0.432     0.432    output_bank/clk
    SLICE_X8Y0           FDRE                                         r  output_bank/read_output_position_reg[6]/C
                         clock pessimism              0.000     0.432    
    SLICE_X8Y0           FDRE (Hold_fdre_C_D)         0.063     0.495    output_bank/read_output_position_reg[6]
  -------------------------------------------------------------------
                         required time                         -0.495    
                         arrival time                           0.737    
  -------------------------------------------------------------------
                         slack                                  0.242    

Slack (MET) :             0.253ns  (arrival time - required time)
  Source:                 output_bank/reading_reg/C
                            (rising edge-triggered cell FDRE clocked by source_100  {rise@0.000ns fall@5.000ns period=10.000ns})
  Destination:            output_bank/reading_reg/D
                            (rising edge-triggered cell FDRE clocked by source_100  {rise@0.000ns fall@5.000ns period=10.000ns})
  Path Group:             source_100
  Path Type:              Hold (Min at Fast Process Corner)
  Requirement:            0.000ns  (source_100 rise@0.000ns - source_100 rise@0.000ns)
  Data Path Delay:        0.365ns  (logic 0.186ns (50.911%)  route 0.179ns (49.089%))
  Logic Levels:           1  (LUT5=1)
  Clock Path Skew:        0.022ns (DCD - SCD - CPR)
    Destination Clock Delay (DCD):    0.432ns
    Source Clock Delay      (SCD):    0.410ns
    Clock Pessimism Removal (CPR):    -0.000ns

    Location             Delay type                Incr(ns)  Path(ns)    Netlist Resource(s)
  -------------------------------------------------------------------    -------------------
                         (clock source_100 rise edge)
                                                      0.000     0.000 r  
                                                      0.000     0.000 r  clk (IN)
                         net (fo=183, unset)          0.410     0.410    output_bank/clk
    SLICE_X7Y1           FDRE                                         r  output_bank/reading_reg/C
  -------------------------------------------------------------------    -------------------
    SLICE_X7Y1           FDRE (Prop_fdre_C_Q)         0.141     0.551 r  output_bank/reading_reg/Q
                         net (fo=5, routed)           0.179     0.730    output_bank/reading
    SLICE_X7Y1           LUT5 (Prop_lut5_I3_O)        0.045     0.775 r  output_bank/reading_i_1/O
                         net (fo=1, routed)           0.000     0.775    output_bank/reading_i_1_n_0
    SLICE_X7Y1           FDRE                                         r  output_bank/reading_reg/D
  -------------------------------------------------------------------    -------------------

                         (clock source_100 rise edge)
                                                      0.000     0.000 r  
                                                      0.000     0.000 r  clk (IN)
                         net (fo=183, unset)          0.432     0.432    output_bank/clk
    SLICE_X7Y1           FDRE                                         r  output_bank/reading_reg/C
                         clock pessimism              0.000     0.432    
    SLICE_X7Y1           FDRE (Hold_fdre_C_D)         0.091     0.523    output_bank/reading_reg
  -------------------------------------------------------------------
                         required time                         -0.523    
                         arrival time                           0.775    
  -------------------------------------------------------------------
                         slack                                  0.253    

Slack (MET) :             0.256ns  (arrival time - required time)
  Source:                 output_bank/read_address_reg[4]/C
                            (rising edge-triggered cell FDRE clocked by source_100  {rise@0.000ns fall@5.000ns period=10.000ns})
  Destination:            output_bank/payload_memory_reg/ADDRARDADDR[9]
                            (rising edge-triggered cell RAMB18E1 clocked by source_100  {rise@0.000ns fall@5.000ns period=10.000ns})
  Path Group:             source_100
  Path Type:              Hold (Min at Fast Process Corner)
  Requirement:            0.000ns  (source_100 rise@0.000ns - source_100 rise@0.000ns)
  Data Path Delay:        0.461ns  (logic 0.164ns (35.579%)  route 0.297ns (64.421%))
  Logic Levels:           0  
  Clock Path Skew:        0.022ns (DCD - SCD - CPR)
    Destination Clock Delay (DCD):    0.432ns
    Source Clock Delay      (SCD):    0.410ns
    Clock Pessimism Removal (CPR):    -0.000ns

    Location             Delay type                Incr(ns)  Path(ns)    Netlist Resource(s)
  -------------------------------------------------------------------    -------------------
                         (clock source_100 rise edge)
                                                      0.000     0.000 r  
                                                      0.000     0.000 r  clk (IN)
                         net (fo=183, unset)          0.410     0.410    output_bank/clk
    SLICE_X8Y1           FDRE                                         r  output_bank/read_address_reg[4]/C
  -------------------------------------------------------------------    -------------------
    SLICE_X8Y1           FDRE (Prop_fdre_C_Q)         0.164     0.574 r  output_bank/read_address_reg[4]/Q
                         net (fo=4, routed)           0.297     0.871    output_bank/read_address[4]
    RAMB18_X0Y1          RAMB18E1                                     r  output_bank/payload_memory_reg/ADDRARDADDR[9]
  -------------------------------------------------------------------    -------------------

                         (clock source_100 rise edge)
                                                      0.000     0.000 r  
                                                      0.000     0.000 r  clk (IN)
                         net (fo=183, unset)          0.432     0.432    output_bank/clk
    RAMB18_X0Y1          RAMB18E1                                     r  output_bank/payload_memory_reg/CLKARDCLK
                         clock pessimism              0.000     0.432    
    RAMB18_X0Y1          RAMB18E1 (Hold_ramb18e1_CLKARDCLK_ADDRARDADDR[9])
                                                      0.183     0.615    output_bank/payload_memory_reg
  -------------------------------------------------------------------
                         required time                         -0.615    
                         arrival time                           0.871    
  -------------------------------------------------------------------
                         slack                                  0.256    

Slack (MET) :             0.257ns  (arrival time - required time)
  Source:                 source_bank/write_position_reg[0]/C
                            (rising edge-triggered cell FDRE clocked by source_100  {rise@0.000ns fall@5.000ns period=10.000ns})
  Destination:            source_bank/write_position_reg[0]/D
                            (rising edge-triggered cell FDRE clocked by source_100  {rise@0.000ns fall@5.000ns period=10.000ns})
  Path Group:             source_100
  Path Type:              Hold (Min at Fast Process Corner)
  Requirement:            0.000ns  (source_100 rise@0.000ns - source_100 rise@0.000ns)
  Data Path Delay:        0.399ns  (logic 0.209ns (52.433%)  route 0.190ns (47.567%))
  Logic Levels:           1  (LUT2=1)
  Clock Path Skew:        0.022ns (DCD - SCD - CPR)
    Destination Clock Delay (DCD):    0.432ns
    Source Clock Delay      (SCD):    0.410ns
    Clock Pessimism Removal (CPR):    -0.000ns

    Location             Delay type                Incr(ns)  Path(ns)    Netlist Resource(s)
  -------------------------------------------------------------------    -------------------
                         (clock source_100 rise edge)
                                                      0.000     0.000 r  
                                                      0.000     0.000 r  clk (IN)
                         net (fo=183, unset)          0.410     0.410    source_bank/clk
    SLICE_X6Y4           FDRE                                         r  source_bank/write_position_reg[0]/C
  -------------------------------------------------------------------    -------------------
    SLICE_X6Y4           FDRE (Prop_fdre_C_Q)         0.164     0.574 f  source_bank/write_position_reg[0]/Q
                         net (fo=9, routed)           0.190     0.764    source_bank/write_position[0]
    SLICE_X6Y4           LUT2 (Prop_lut2_I1_O)        0.045     0.809 r  source_bank/write_position[0]_i_1/O
                         net (fo=1, routed)           0.000     0.809    source_bank/write_position__0[0]
    SLICE_X6Y4           FDRE                                         r  source_bank/write_position_reg[0]/D
  -------------------------------------------------------------------    -------------------

                         (clock source_100 rise edge)
                                                      0.000     0.000 r  
                                                      0.000     0.000 r  clk (IN)
                         net (fo=183, unset)          0.432     0.432    source_bank/clk
    SLICE_X6Y4           FDRE                                         r  source_bank/write_position_reg[0]/C
                         clock pessimism              0.000     0.432    
    SLICE_X6Y4           FDRE (Hold_fdre_C_D)         0.120     0.552    source_bank/write_position_reg[0]
  -------------------------------------------------------------------
                         required time                         -0.552    
                         arrival time                           0.809    
  -------------------------------------------------------------------
                         slack                                  0.257    

Slack (MET) :             0.258ns  (arrival time - required time)
  Source:                 output_bank/read_address_reg[3]/C
                            (rising edge-triggered cell FDRE clocked by source_100  {rise@0.000ns fall@5.000ns period=10.000ns})
  Destination:            output_bank/payload_memory_reg/ADDRARDADDR[8]
                            (rising edge-triggered cell RAMB18E1 clocked by source_100  {rise@0.000ns fall@5.000ns period=10.000ns})
  Path Group:             source_100
  Path Type:              Hold (Min at Fast Process Corner)
  Requirement:            0.000ns  (source_100 rise@0.000ns - source_100 rise@0.000ns)
  Data Path Delay:        0.408ns  (logic 0.148ns (36.239%)  route 0.260ns (63.761%))
  Logic Levels:           0  
  Clock Path Skew:        0.022ns (DCD - SCD - CPR)
    Destination Clock Delay (DCD):    0.432ns
    Source Clock Delay      (SCD):    0.410ns
    Clock Pessimism Removal (CPR):    -0.000ns

    Location             Delay type                Incr(ns)  Path(ns)    Netlist Resource(s)
  -------------------------------------------------------------------    -------------------
                         (clock source_100 rise edge)
                                                      0.000     0.000 r  
                                                      0.000     0.000 r  clk (IN)
                         net (fo=183, unset)          0.410     0.410    output_bank/clk
    SLICE_X8Y2           FDRE                                         r  output_bank/read_address_reg[3]/C
  -------------------------------------------------------------------    -------------------
    SLICE_X8Y2           FDRE (Prop_fdre_C_Q)         0.148     0.558 r  output_bank/read_address_reg[3]/Q
                         net (fo=5, routed)           0.260     0.819    output_bank/read_address[3]
    RAMB18_X0Y1          RAMB18E1                                     r  output_bank/payload_memory_reg/ADDRARDADDR[8]
  -------------------------------------------------------------------    -------------------

                         (clock source_100 rise edge)
                                                      0.000     0.000 r  
                                                      0.000     0.000 r  clk (IN)
                         net (fo=183, unset)          0.432     0.432    output_bank/clk
    RAMB18_X0Y1          RAMB18E1                                     r  output_bank/payload_memory_reg/CLKARDCLK
                         clock pessimism              0.000     0.432    
    RAMB18_X0Y1          RAMB18E1 (Hold_ramb18e1_CLKARDCLK_ADDRARDADDR[8])
                                                      0.129     0.561    output_bank/payload_memory_reg
  -------------------------------------------------------------------
                         required time                         -0.561    
                         arrival time                           0.819    
  -------------------------------------------------------------------
                         slack                                  0.258    




