
****** Vivado v2022.2 (64-bit)
  **** SW Build 3671981 on Fri Oct 14 04:59:54 MDT 2022
  **** IP Build 3669848 on Fri Oct 14 08:30:02 MDT 2022
    ** Copyright 1986-2022 Xilinx, Inc. All Rights Reserved.

source /tmp/starlink-completed-input.5EaJuD/exact-control-physical-prepared-v1/route_completed_input_fence.tcl
# if {$argc != 3 || [version -short] ne "2022.2"} {
#   error "expected Vivado2022.2 SOURCE_DCP EXPECTED_SHA256 NEW_OUTPUT"
# }
# set source_dcp [file normalize [lindex $argv 0]]
# set expected [lindex $argv 1]
# set output_dir [file normalize [lindex $argv 2]]
# if {[file exists $output_dir]} { error "refusing to overwrite evidence" }
# if {![regexp {^[0-9a-f]{64}$} $expected] ||
#     [lindex [exec sha256sum $source_dcp] 0] ne $expected} {
#   error "unexpected synthesized input"
# }
# file mkdir $output_dir
# file copy [info script] [file join $output_dir probe.tcl]
# set_param general.maxThreads 2
# open_checkpoint $source_dcp
Command: open_checkpoint /tmp/starlink-completed-input.5EaJuD/exact-control-combined-synth-v1/synthesis/fft_bank_owned_synth.dcp

Starting open_checkpoint Task

Time (s): cpu = 00:00:00.02 ; elapsed = 00:00:00.02 . Memory (MB): peak = 1324.156 ; gain = 60.484 ; free physical = 3764 ; free virtual = 163537
INFO: [Device 21-403] Loading part xc7z010clg400-1
Netlist sorting complete. Time (s): cpu = 00:00:00.03 ; elapsed = 00:00:00.03 . Memory (MB): peak = 1557.527 ; gain = 0.000 ; free physical = 3159 ; free virtual = 162932
INFO: [Netlist 29-17] Analyzing 191 Unisim elements for replacement
INFO: [Netlist 29-28] Unisim Transformation completed in 0 CPU seconds
INFO: [Project 1-479] Netlist was created with Vivado 2022.2
INFO: [Project 1-570] Preparing netlist for logic optimization
INFO: [Timing 38-478] Restoring timing data from binary archive.
INFO: [Timing 38-479] Binary timing data restore complete.
INFO: [Project 1-856] Restoring constraints from binary archive.
INFO: [Project 1-853] Binary constraint restore complete.
Netlist sorting complete. Time (s): cpu = 00:00:00 ; elapsed = 00:00:00 . Memory (MB): peak = 2132.801 ; gain = 0.000 ; free physical = 2877 ; free virtual = 162649
INFO: [Project 1-111] Unisim Transformation Summary:
No Unisim elements were transformed.

INFO: [Project 1-604] Checkpoint was created with Vivado v2022.2 (64-bit) build 3671981
OpenCheckpoint Checksum | Checksum: d77afc32
----- Checksum: PlaceDB: 00000000 ShapeSum: d77afc32 RouteDB: 00000000 
open_checkpoint: Time (s): cpu = 00:00:07 ; elapsed = 00:00:07 . Memory (MB): peak = 2132.801 ; gain = 929.613 ; free physical = 2877 ; free virtual = 162649
# if {[llength [get_cells -quiet -hier -filter {IS_BLACKBOX == 1}]]} {
#   error "black box in supposedly complete slice"
# }
# foreach {name period} {source_100 10.0 island_175 5.714} {
#   set clock [get_clocks -quiet $name]
#   if {[llength $clock] != 1 || abs([get_property PERIOD $clock]-$period) > 0.00001} {
#     error "unexpected diagnostic clock $name"
#   }
# }
# report_clocks -file [file join $output_dir clocks_before.rpt]
# write_xdc [file join $output_dir inherited_constraints.xdc]
# opt_design
Command: opt_design
Attempting to get a license for feature 'Implementation' and/or device 'xc7z010'
INFO: [Common 17-349] Got license for feature 'Implementation' and/or device 'xc7z010'
Running DRC as a precondition to command opt_design

Starting DRC Task
INFO: [DRC 23-27] Running DRC with 2 threads
INFO: [Project 1-461] DRC finished with 0 Errors
INFO: [Project 1-462] Please refer to the DRC report (report_drc) for more information.

Time (s): cpu = 00:00:00.52 ; elapsed = 00:00:00.34 . Memory (MB): peak = 2179.527 ; gain = 42.758 ; free physical = 2701 ; free virtual = 162473

Starting Cache Timing Information Task
Ending Cache Timing Information Task | Checksum: 13e7261fa

Time (s): cpu = 00:00:00 ; elapsed = 00:00:00 . Memory (MB): peak = 2179.527 ; gain = 0.000 ; free physical = 2701 ; free virtual = 162473

Starting Logic Optimization Task

Phase 1 Retarget
INFO: [Opt 31-1287] Pulled Inverter registered_scheduling.engine_metadata[69]_i_1 into driver instance product_bank/payload_memory_reg_i_4, which resulted in an inversion of 78 pins
INFO: [Opt 31-1287] Pulled Inverter registered_scheduling.preparation_age[5]_i_1 into driver instance result_guard/epoch_preflight_reasons[5]_i_3, which resulted in an inversion of 8 pins
INFO: [Opt 31-1287] Pulled Inverter shared_xfft/U0/i_synth/axi_wrapper/data_out_channel/gen_real_time.data_out[36]_i_1 into driver instance shared_xfft_i_1, which resulted in an inversion of 3 pins
INFO: [Opt 31-1287] Pulled Inverter shared_xfft/U0/i_synth/xfft_inst/non_floating_point.arch_b.xfft_inst/control/control/xn_index_counter/cnt_async/i_baseblox.i_baseblox_addsub/no_pipelining.the_addsub/i_lut6.i_lut6_addsub/i_simple_model.carryxor0_i_1 into driver instance shared_xfft/U0/i_synth/xfft_inst/non_floating_point.arch_b.xfft_inst/control/control/xn_index_counter/cnt_async_i_9, which resulted in an inversion of 1 pins
INFO: [Opt 31-1287] Pulled Inverter shared_xfft/U0/i_synth/xfft_inst/non_floating_point.arch_b.xfft_inst/control/control/nat_out_xk_index.no_cyclic_prefix.xk_index_counter/cnt_async/i_baseblox.i_baseblox_addsub/no_pipelining.the_addsub/i_lut6.i_lut6_addsub/i_simple_model.carryxor0_i_1 into driver instance shared_xfft/U0/i_synth/xfft_inst/non_floating_point.arch_b.xfft_inst/control/control/nat_out_xk_index.no_cyclic_prefix.xk_index_counter/cnt_async_i_9__0, which resulted in an inversion of 1 pins
INFO: [Opt 31-1287] Pulled Inverter shared_xfft/U0/i_synth/xfft_inst/non_floating_point.arch_b.xfft_inst/control/control/pe_cnt/cnt_async/i_baseblox.i_baseblox_addsub/no_pipelining.the_addsub/i_lut6.i_lut6_addsub/i_simple_model.carryxor0_i_1 into driver instance shared_xfft/U0/i_synth/xfft_inst/non_floating_point.arch_b.xfft_inst/control/control/pe_cnt/cnt_async_i_5__2, which resulted in an inversion of 1 pins
INFO: [Opt 31-1287] Pulled Inverter shared_xfft/U0/i_synth/xfft_inst/non_floating_point.arch_b.xfft_inst/control/control/rank_0_cnt/cnt_async/i_baseblox.i_baseblox_addsub/no_pipelining.the_addsub/i_lut6.i_lut6_addsub/i_simple_model.carryxor0_i_1 into driver instance shared_xfft/U0/i_synth/xfft_inst/non_floating_point.arch_b.xfft_inst/control/control/rank_0_cnt/cnt_async_i_3__3, which resulted in an inversion of 1 pins
INFO: [Opt 31-1287] Pulled Inverter shared_xfft/U0/i_synth/xfft_inst/non_floating_point.arch_b.xfft_inst/control/control/rn_0_cnt/cnt_async/i_baseblox.i_baseblox_addsub/no_pipelining.the_addsub/i_lut6.i_lut6_addsub/i_simple_model.carryxor0_i_1 into driver instance shared_xfft/U0/i_synth/xfft_inst/non_floating_point.arch_b.xfft_inst/control/control/rn_0_cnt/cnt_async_i_7__1, which resulted in an inversion of 1 pins
INFO: [Opt 31-1287] Pulled Inverter shared_xfft/U0/i_synth/xfft_inst/non_floating_point.arch_b.xfft_inst/control/processing_address_generator/u2_bypass/use_lut6_2.gen_full_lut6_2s[0].mlut1_i_2 into driver instance shared_xfft/U0/i_synth/xfft_inst/non_floating_point.arch_b.xfft_inst/control/processing_address_generator/u2_bypass/use_lut6_2.gen_full_lut6_2s[0].mlut1_i_1, which resulted in an inversion of 3 pins
INFO: [Opt 31-138] Pushed 11 inverter(s) to 14 load pin(s).
INFO: [Opt 31-49] Retargeted 0 cell(s).
Phase 1 Retarget | Checksum: d71183fc

Time (s): cpu = 00:00:00.16 ; elapsed = 00:00:00.13 . Memory (MB): peak = 2432.410 ; gain = 0.000 ; free physical = 2674 ; free virtual = 162447
INFO: [Opt 31-389] Phase Retarget created 79 cells and removed 121 cells

Phase 2 Constant propagation
INFO: [Opt 31-138] Pushed 0 inverter(s) to 0 load pin(s).
Phase 2 Constant propagation | Checksum: dadd8e2c

Time (s): cpu = 00:00:00.17 ; elapsed = 00:00:00.15 . Memory (MB): peak = 2432.410 ; gain = 0.000 ; free physical = 2656 ; free virtual = 162429
INFO: [Opt 31-389] Phase Constant propagation created 3 cells and removed 9 cells

Phase 3 Sweep
Phase 3 Sweep | Checksum: 8b856773

Time (s): cpu = 00:00:00.21 ; elapsed = 00:00:00.19 . Memory (MB): peak = 2432.410 ; gain = 0.000 ; free physical = 2638 ; free virtual = 162411
INFO: [Opt 31-389] Phase Sweep created 0 cells and removed 1 cells

Phase 4 BUFG optimization
Phase 4 BUFG optimization | Checksum: 8b856773

Time (s): cpu = 00:00:00.23 ; elapsed = 00:00:00.21 . Memory (MB): peak = 2456.422 ; gain = 24.012 ; free physical = 2624 ; free virtual = 162397
INFO: [Opt 31-662] Phase BUFG optimization created 0 cells of which 0 are BUFGs and removed 0 cells.

Phase 5 Shift Register Optimization
INFO: [Opt 31-1064] SRL Remap converted 0 SRLs to 0 registers and converted 0 registers of register chains to 0 SRLs
Phase 5 Shift Register Optimization | Checksum: f20e1e6f

Time (s): cpu = 00:00:00.24 ; elapsed = 00:00:00.22 . Memory (MB): peak = 2456.422 ; gain = 24.012 ; free physical = 2612 ; free virtual = 162385
INFO: [Opt 31-389] Phase Shift Register Optimization created 1 cells and removed 0 cells

Phase 6 Post Processing Netlist
Phase 6 Post Processing Netlist | Checksum: f20e1e6f

Time (s): cpu = 00:00:00.25 ; elapsed = 00:00:00.23 . Memory (MB): peak = 2456.422 ; gain = 24.012 ; free physical = 2612 ; free virtual = 162385
INFO: [Opt 31-389] Phase Post Processing Netlist created 0 cells and removed 0 cells
Opt_design Change Summary
=========================


-------------------------------------------------------------------------------------------------------------------------
|  Phase                        |  #Cells created  |  #Cells Removed  |  #Constrained objects preventing optimizations  |
-------------------------------------------------------------------------------------------------------------------------
|  Retarget                     |              79  |             121  |                                              0  |
|  Constant propagation         |               3  |               9  |                                              0  |
|  Sweep                        |               0  |               1  |                                              0  |
|  BUFG optimization            |               0  |               0  |                                              0  |
|  Shift Register Optimization  |               1  |               0  |                                              0  |
|  Post Processing Netlist      |               0  |               0  |                                              0  |
-------------------------------------------------------------------------------------------------------------------------



Starting Connectivity Check Task

Time (s): cpu = 00:00:00 ; elapsed = 00:00:00.01 . Memory (MB): peak = 2456.422 ; gain = 0.000 ; free physical = 2604 ; free virtual = 162377
Ending Logic Optimization Task | Checksum: 179c57382

Time (s): cpu = 00:00:00.29 ; elapsed = 00:00:00.26 . Memory (MB): peak = 2456.422 ; gain = 24.012 ; free physical = 2604 ; free virtual = 162377

Starting Power Optimization Task
INFO: [Pwropt 34-132] Skipping clock gating for clocks with a period < 2.00 ns.
INFO: [Timing 38-35] Done setting XDC timing constraints.
INFO: [Pwropt 34-9] Applying IDT optimizations ...
INFO: [Pwropt 34-10] Applying ODC optimizations ...
Running Vector-less Activity Propagation...

Finished Running Vector-less Activity Propagation


Starting PowerOpt Patch Enables Task
INFO: [Pwropt 34-162] WRITE_MODE attribute of 0 BRAM(s) out of a total of 15 has been updated to save power. Run report_power_opt to get a complete listing of the BRAMs updated.
INFO: [Pwropt 34-201] Structural ODC has moved 0 WE to EN ports
Number of BRAM Ports augmented: 4 newly gated: 4 Total Ports: 30
Ending PowerOpt Patch Enables Task | Checksum: 4fc4a109

Time (s): cpu = 00:00:00.02 ; elapsed = 00:00:00.02 . Memory (MB): peak = 2613.301 ; gain = 0.000 ; free physical = 2274 ; free virtual = 162047
Ending Power Optimization Task | Checksum: 4fc4a109

Time (s): cpu = 00:00:01 ; elapsed = 00:00:00.72 . Memory (MB): peak = 2613.301 ; gain = 156.879 ; free physical = 2270 ; free virtual = 162043

Starting Final Cleanup Task
Ending Final Cleanup Task | Checksum: 4fc4a109

Time (s): cpu = 00:00:00 ; elapsed = 00:00:00 . Memory (MB): peak = 2613.301 ; gain = 0.000 ; free physical = 2261 ; free virtual = 162034

Starting Netlist Obfuscation Task
Netlist sorting complete. Time (s): cpu = 00:00:00 ; elapsed = 00:00:00 . Memory (MB): peak = 2613.301 ; gain = 0.000 ; free physical = 2260 ; free virtual = 162033
Ending Netlist Obfuscation Task | Checksum: dfe0ce15

Time (s): cpu = 00:00:00 ; elapsed = 00:00:00 . Memory (MB): peak = 2613.301 ; gain = 0.000 ; free physical = 2260 ; free virtual = 162033
INFO: [Common 17-83] Releasing license: Implementation
30 Infos, 0 Warnings, 0 Critical Warnings and 0 Errors encountered.
opt_design completed successfully
INFO: [Common 17-600] The following parameters have non-default value.
general.maxThreads
# place_design
Command: place_design
Attempting to get a license for feature 'Implementation' and/or device 'xc7z010'
INFO: [Common 17-349] Got license for feature 'Implementation' and/or device 'xc7z010'
INFO: [DRC 23-27] Running DRC with 2 threads
INFO: [Vivado_Tcl 4-198] DRC finished with 0 Errors
INFO: [Vivado_Tcl 4-199] Please refer to the DRC report (report_drc) for more information.
Running DRC as a precondition to command place_design
INFO: [DRC 23-27] Running DRC with 2 threads
INFO: [Vivado_Tcl 4-198] DRC finished with 0 Errors, 21 Warnings
INFO: [Vivado_Tcl 4-199] Please refer to the DRC report (report_drc) for more information.

Starting Placer Task
INFO: [Place 30-611] Multithreading enabled for place_design using a maximum of 2 CPUs

Phase 1 Placer Initialization

Phase 1.1 Placer Initialization Netlist Sorting
Netlist sorting complete. Time (s): cpu = 00:00:00 ; elapsed = 00:00:00 . Memory (MB): peak = 2613.301 ; gain = 0.000 ; free physical = 2173 ; free virtual = 161946
Phase 1.1 Placer Initialization Netlist Sorting | Checksum: 205d1f10

Time (s): cpu = 00:00:00 ; elapsed = 00:00:00.01 . Memory (MB): peak = 2613.301 ; gain = 0.000 ; free physical = 2173 ; free virtual = 161946
Netlist sorting complete. Time (s): cpu = 00:00:00 ; elapsed = 00:00:00 . Memory (MB): peak = 2613.301 ; gain = 0.000 ; free physical = 2173 ; free virtual = 161946

Phase 1.2 IO Placement/ Clock Placement/ Build Placer Device
INFO: [Timing 38-35] Done setting XDC timing constraints.
Phase 1.2 IO Placement/ Clock Placement/ Build Placer Device | Checksum: f5b8c955

Time (s): cpu = 00:00:00.42 ; elapsed = 00:00:00.37 . Memory (MB): peak = 2613.301 ; gain = 0.000 ; free physical = 2338 ; free virtual = 162111

Phase 1.3 Build Placer Netlist Model
Phase 1.3 Build Placer Netlist Model | Checksum: 14454c9e8

Time (s): cpu = 00:00:00.92 ; elapsed = 00:00:00.73 . Memory (MB): peak = 2613.301 ; gain = 0.000 ; free physical = 2346 ; free virtual = 162119

Phase 1.4 Constrain Clocks/Macros
Phase 1.4 Constrain Clocks/Macros | Checksum: 14454c9e8

Time (s): cpu = 00:00:00.92 ; elapsed = 00:00:00.73 . Memory (MB): peak = 2613.301 ; gain = 0.000 ; free physical = 2346 ; free virtual = 162119
Phase 1 Placer Initialization | Checksum: 14454c9e8

Time (s): cpu = 00:00:00.92 ; elapsed = 00:00:00.73 . Memory (MB): peak = 2613.301 ; gain = 0.000 ; free physical = 2346 ; free virtual = 162119

Phase 2 Global Placement

Phase 2.1 Floorplanning
Phase 2.1 Floorplanning | Checksum: 1104b7c99

Time (s): cpu = 00:00:01 ; elapsed = 00:00:00.84 . Memory (MB): peak = 2613.301 ; gain = 0.000 ; free physical = 2323 ; free virtual = 162096

Phase 2.2 Update Timing before SLR Path Opt
Phase 2.2 Update Timing before SLR Path Opt | Checksum: 1010c9555

Time (s): cpu = 00:00:01 ; elapsed = 00:00:00.91 . Memory (MB): peak = 2613.301 ; gain = 0.000 ; free physical = 2331 ; free virtual = 162104

Phase 2.3 Post-Processing in Floorplanning
Phase 2.3 Post-Processing in Floorplanning | Checksum: 1010c9555

Time (s): cpu = 00:00:01 ; elapsed = 00:00:00.92 . Memory (MB): peak = 2613.301 ; gain = 0.000 ; free physical = 2331 ; free virtual = 162104

Phase 2.4 Global Placement Core

Phase 2.4.1 UpdateTiming Before Physical Synthesis
Phase 2.4.1 UpdateTiming Before Physical Synthesis | Checksum: 240c05d74

Time (s): cpu = 00:00:04 ; elapsed = 00:00:02 . Memory (MB): peak = 2613.301 ; gain = 0.000 ; free physical = 2418 ; free virtual = 162191

Phase 2.4.2 Physical Synthesis In Placer
INFO: [Physopt 32-1035] Found 62 LUTNM shape to break, 46 LUT instances to create LUTNM shape
INFO: [Physopt 32-1044] Break lutnm for timing: one critical 15, two critical 47, total 62, new lutff created 4
INFO: [Physopt 32-1138] End 1 Pass. Optimized 81 nets or LUTs. Breaked 62 LUTs, combined 19 existing LUTs and moved 0 existing LUT
INFO: [Physopt 32-65] No nets found for high-fanout optimization.
INFO: [Physopt 32-232] Optimized 0 net. Created 0 new instance.
INFO: [Physopt 32-775] End 1 Pass. Optimized 0 net or cell. Created 0 new cell, deleted 0 existing cell and moved 0 existing cell
INFO: [Physopt 32-457] Pass 1. Identified 2 candidate cells for DSP register optimization.
INFO: [Physopt 32-665] Processed cell product/sum_imag_reg. 37 registers were pushed out.
INFO: [Physopt 32-665] Processed cell product/sum_real_reg. 37 registers were pushed out.
INFO: [Physopt 32-775] End 2 Pass. Optimized 2 nets or cells. Created 74 new cells, deleted 0 existing cell and moved 0 existing cell
Netlist sorting complete. Time (s): cpu = 00:00:00.01 ; elapsed = 00:00:00.01 . Memory (MB): peak = 2613.301 ; gain = 0.000 ; free physical = 2362 ; free virtual = 162135
INFO: [Physopt 32-1123] No candidate cells found for Shift Register to Pipeline optimization
INFO: [Physopt 32-775] End 2 Pass. Optimized 0 net or cell. Created 0 new cell, deleted 0 existing cell and moved 0 existing cell
INFO: [Physopt 32-677] No candidate cells for Shift Register optimization found in the design
INFO: [Physopt 32-775] End 1 Pass. Optimized 0 net or cell. Created 0 new cell, deleted 0 existing cell and moved 0 existing cell
INFO: [Physopt 32-526] No candidate cells for BRAM register optimization found in the design
INFO: [Physopt 32-775] End 1 Pass. Optimized 0 net or cell. Created 0 new cell, deleted 0 existing cell and moved 0 existing cell
INFO: [Physopt 32-846] No candidate cells for URAM register optimization found in the design
INFO: [Physopt 32-775] End 2 Pass. Optimized 0 net or cell. Created 0 new cell, deleted 0 existing cell and moved 0 existing cell
INFO: [Physopt 32-949] No candidate nets found for dynamic/static region interface net replication
INFO: [Physopt 32-775] End 1 Pass. Optimized 0 net or cell. Created 0 new cell, deleted 0 existing cell and moved 0 existing cell
Netlist sorting complete. Time (s): cpu = 00:00:00 ; elapsed = 00:00:00 . Memory (MB): peak = 2613.301 ; gain = 0.000 ; free physical = 2362 ; free virtual = 162135

Summary of Physical Synthesis Optimizations
============================================


-----------------------------------------------------------------------------------------------------------------------------------------------------------
|  Optimization                                     |  Added Cells  |  Removed Cells  |  Optimized Cells/Nets  |  Dont Touch  |  Iterations  |  Elapsed   |
-----------------------------------------------------------------------------------------------------------------------------------------------------------
|  LUT Combining                                    |           62  |             19  |                    81  |           0  |           1  |  00:00:00  |
|  Retime                                           |            0  |              0  |                     0  |           0  |           1  |  00:00:00  |
|  Very High Fanout                                 |            0  |              0  |                     0  |           0  |           1  |  00:00:00  |
|  DSP Register                                     |           74  |              0  |                     2  |           0  |           1  |  00:00:00  |
|  Shift Register to Pipeline                       |            0  |              0  |                     0  |           0  |           1  |  00:00:00  |
|  Shift Register                                   |            0  |              0  |                     0  |           0  |           1  |  00:00:00  |
|  BRAM Register                                    |            0  |              0  |                     0  |           0  |           1  |  00:00:00  |
|  URAM Register                                    |            0  |              0  |                     0  |           0  |           1  |  00:00:00  |
|  Dynamic/Static Region Interface Net Replication  |            0  |              0  |                     0  |           0  |           1  |  00:00:00  |
|  Total                                            |          136  |             19  |                    83  |           0  |           9  |  00:00:00  |
-----------------------------------------------------------------------------------------------------------------------------------------------------------


Phase 2.4.2 Physical Synthesis In Placer | Checksum: 200b3621f

Time (s): cpu = 00:00:04 ; elapsed = 00:00:03 . Memory (MB): peak = 2613.301 ; gain = 0.000 ; free physical = 2362 ; free virtual = 162135
Phase 2.4 Global Placement Core | Checksum: 213626f87

Time (s): cpu = 00:00:04 ; elapsed = 00:00:03 . Memory (MB): peak = 2613.301 ; gain = 0.000 ; free physical = 2364 ; free virtual = 162138
Phase 2 Global Placement | Checksum: 213626f87

Time (s): cpu = 00:00:04 ; elapsed = 00:00:03 . Memory (MB): peak = 2613.301 ; gain = 0.000 ; free physical = 2364 ; free virtual = 162138

Phase 3 Detail Placement

Phase 3.1 Commit Multi Column Macros
Phase 3.1 Commit Multi Column Macros | Checksum: 24bd5addd

Time (s): cpu = 00:00:04 ; elapsed = 00:00:03 . Memory (MB): peak = 2613.301 ; gain = 0.000 ; free physical = 2645 ; free virtual = 162418

Phase 3.2 Commit Most Macros & LUTRAMs
Phase 3.2 Commit Most Macros & LUTRAMs | Checksum: f004574c

Time (s): cpu = 00:00:05 ; elapsed = 00:00:03 . Memory (MB): peak = 2613.301 ; gain = 0.000 ; free physical = 2653 ; free virtual = 162426

Phase 3.3 Area Swap Optimization
Phase 3.3 Area Swap Optimization | Checksum: 179d593d4

Time (s): cpu = 00:00:05 ; elapsed = 00:00:03 . Memory (MB): peak = 2613.301 ; gain = 0.000 ; free physical = 2653 ; free virtual = 162426

Phase 3.4 Pipeline Register Optimization
Phase 3.4 Pipeline Register Optimization | Checksum: daababe6

Time (s): cpu = 00:00:05 ; elapsed = 00:00:03 . Memory (MB): peak = 2613.301 ; gain = 0.000 ; free physical = 2653 ; free virtual = 162426

Phase 3.5 Fast Optimization
Phase 3.5 Fast Optimization | Checksum: 1171ab3bd

Time (s): cpu = 00:00:06 ; elapsed = 00:00:04 . Memory (MB): peak = 2613.301 ; gain = 0.000 ; free physical = 2576 ; free virtual = 162349

Phase 3.6 Small Shape Detail Placement
Phase 3.6 Small Shape Detail Placement | Checksum: 1f923ccec

Time (s): cpu = 00:00:06 ; elapsed = 00:00:04 . Memory (MB): peak = 2613.301 ; gain = 0.000 ; free physical = 2427 ; free virtual = 162200

Phase 3.7 Re-assign LUT pins
Phase 3.7 Re-assign LUT pins | Checksum: 219e67a9f

Time (s): cpu = 00:00:06 ; elapsed = 00:00:04 . Memory (MB): peak = 2613.301 ; gain = 0.000 ; free physical = 2411 ; free virtual = 162184

Phase 3.8 Pipeline Register Optimization
Phase 3.8 Pipeline Register Optimization | Checksum: 191a75b28

Time (s): cpu = 00:00:06 ; elapsed = 00:00:04 . Memory (MB): peak = 2613.301 ; gain = 0.000 ; free physical = 2399 ; free virtual = 162172

Phase 3.9 Fast Optimization
Phase 3.9 Fast Optimization | Checksum: 14c41ca3b

Time (s): cpu = 00:00:09 ; elapsed = 00:00:07 . Memory (MB): peak = 2613.301 ; gain = 0.000 ; free physical = 2213 ; free virtual = 161986
Phase 3 Detail Placement | Checksum: 14c41ca3b

Time (s): cpu = 00:00:09 ; elapsed = 00:00:07 . Memory (MB): peak = 2613.301 ; gain = 0.000 ; free physical = 2380 ; free virtual = 162154

Phase 4 Post Placement Optimization and Clean-Up

Phase 4.1 Post Commit Optimization
INFO: [Timing 38-35] Done setting XDC timing constraints.

Phase 4.1.1 Post Placement Optimization
Post Placement Optimization Initialization | Checksum: 196ef20dc

Phase 4.1.1.1 BUFG Insertion

Starting Physical Synthesis Task

Phase 1 Physical Synthesis Initialization
INFO: [Physopt 32-721] Multithreading enabled for phys_opt_design using a maximum of 2 CPUs
INFO: [Physopt 32-619] Estimated Timing Summary | WNS=-2.636 | TNS=-757.843 |
Phase 1 Physical Synthesis Initialization | Checksum: 191ddaf7f

Time (s): cpu = 00:00:00.12 ; elapsed = 00:00:00.07 . Memory (MB): peak = 2613.301 ; gain = 0.000 ; free physical = 2492 ; free virtual = 162265
INFO: [Place 46-56] BUFG insertion identified 0 candidate nets. Inserted BUFG: 0, Replicated BUFG Driver: 0, Skipped due to Placement/Routing Conflicts: 0, Skipped due to Timing Degradation: 0, Skipped due to Illegal Netlist: 0.
Ending Physical Synthesis Task | Checksum: 12a2212ad

Time (s): cpu = 00:00:00.14 ; elapsed = 00:00:00.1 . Memory (MB): peak = 2613.301 ; gain = 0.000 ; free physical = 2484 ; free virtual = 162258
Phase 4.1.1.1 BUFG Insertion | Checksum: 196ef20dc

Time (s): cpu = 00:00:10 ; elapsed = 00:00:08 . Memory (MB): peak = 2613.301 ; gain = 0.000 ; free physical = 2476 ; free virtual = 162249

Phase 4.1.1.2 Post Placement Timing Optimization
INFO: [Place 30-746] Post Placement Timing Summary WNS=-1.815. For the most accurate timing information please run report_timing.
Phase 4.1.1.2 Post Placement Timing Optimization | Checksum: 1ffc0ce84

Time (s): cpu = 00:00:16 ; elapsed = 00:00:14 . Memory (MB): peak = 2613.301 ; gain = 0.000 ; free physical = 1897 ; free virtual = 161671

Time (s): cpu = 00:00:16 ; elapsed = 00:00:14 . Memory (MB): peak = 2613.301 ; gain = 0.000 ; free physical = 1897 ; free virtual = 161671
Phase 4.1 Post Commit Optimization | Checksum: 1ffc0ce84

Time (s): cpu = 00:00:16 ; elapsed = 00:00:14 . Memory (MB): peak = 2613.301 ; gain = 0.000 ; free physical = 1893 ; free virtual = 161667

Phase 4.2 Post Placement Cleanup
Phase 4.2 Post Placement Cleanup | Checksum: 1ffc0ce84

Time (s): cpu = 00:00:16 ; elapsed = 00:00:14 . Memory (MB): peak = 2613.301 ; gain = 0.000 ; free physical = 1882 ; free virtual = 161655

Phase 4.3 Placer Reporting

Phase 4.3.1 Print Estimated Congestion
INFO: [Place 30-612] Post-Placement Estimated Congestion 
 ____________________________________________________
|           | Global Congestion | Short Congestion  |
| Direction | Region Size       | Region Size       |
|___________|___________________|___________________|
|      North|                1x1|                4x4|
|___________|___________________|___________________|
|      South|                1x1|                2x2|
|___________|___________________|___________________|
|       East|                1x1|                2x2|
|___________|___________________|___________________|
|       West|                1x1|                2x2|
|___________|___________________|___________________|

Phase 4.3.1 Print Estimated Congestion | Checksum: 1ffc0ce84

Time (s): cpu = 00:00:16 ; elapsed = 00:00:14 . Memory (MB): peak = 2613.301 ; gain = 0.000 ; free physical = 1866 ; free virtual = 161640
Phase 4.3 Placer Reporting | Checksum: 1ffc0ce84

Time (s): cpu = 00:00:16 ; elapsed = 00:00:14 . Memory (MB): peak = 2613.301 ; gain = 0.000 ; free physical = 1856 ; free virtual = 161630

Phase 4.4 Final Placement Cleanup
Netlist sorting complete. Time (s): cpu = 00:00:00 ; elapsed = 00:00:00 . Memory (MB): peak = 2613.301 ; gain = 0.000 ; free physical = 1856 ; free virtual = 161629

Time (s): cpu = 00:00:16 ; elapsed = 00:00:14 . Memory (MB): peak = 2613.301 ; gain = 0.000 ; free physical = 1856 ; free virtual = 161629
Phase 4 Post Placement Optimization and Clean-Up | Checksum: 26a1c705b

Time (s): cpu = 00:00:16 ; elapsed = 00:00:14 . Memory (MB): peak = 2613.301 ; gain = 0.000 ; free physical = 1850 ; free virtual = 161623
Ending Placer Task | Checksum: 1724f1878

Time (s): cpu = 00:00:16 ; elapsed = 00:00:14 . Memory (MB): peak = 2613.301 ; gain = 0.000 ; free physical = 1850 ; free virtual = 161623
INFO: [Common 17-83] Releasing license: Implementation
36 Infos, 0 Warnings, 0 Critical Warnings and 0 Errors encountered.
place_design completed successfully
place_design: Time (s): cpu = 00:00:17 ; elapsed = 00:00:14 . Memory (MB): peak = 2613.301 ; gain = 0.000 ; free physical = 1858 ; free virtual = 161631
INFO: [Common 17-600] The following parameters have non-default value.
general.maxThreads
# phys_opt_design
Command: phys_opt_design
Attempting to get a license for feature 'Implementation' and/or device 'xc7z010'
INFO: [Common 17-349] Got license for feature 'Implementation' and/or device 'xc7z010'

Starting Initial Update Timing Task
WARNING: [Timing 38-242] The property HD.CLK_SRC of clock port "clk" is not set. In out-of-context mode, this prevents timing estimation for clock delay/skew
Resolution: Set the HD.CLK_SRC property of the out-of-context port to the location of the clock buffer instance in the top-level design
WARNING: [Timing 38-242] The property HD.CLK_SRC of clock port "fft_clk" is not set. In out-of-context mode, this prevents timing estimation for clock delay/skew
Resolution: Set the HD.CLK_SRC property of the out-of-context port to the location of the clock buffer instance in the top-level design

Time (s): cpu = 00:00:00.61 ; elapsed = 00:00:00.4 . Memory (MB): peak = 2613.301 ; gain = 0.000 ; free physical = 2171 ; free virtual = 161944
INFO: [Vivado_Tcl 4-1435] PhysOpt_Tcl_Interface Runtime Before Starting Physical Synthesis Task | CPU: 0.63s |  WALL: 0.41s
Netlist sorting complete. Time (s): cpu = 00:00:00 ; elapsed = 00:00:00 . Memory (MB): peak = 2613.301 ; gain = 0.000 ; free physical = 2171 ; free virtual = 161944

Starting Physical Synthesis Task

Phase 1 Physical Synthesis Initialization
INFO: [Physopt 32-721] Multithreading enabled for phys_opt_design using a maximum of 2 CPUs
INFO: [Physopt 32-619] Estimated Timing Summary | WNS=-1.815 | TNS=-523.041 |
Phase 1 Physical Synthesis Initialization | Checksum: 117e89e1e

Time (s): cpu = 00:00:00.37 ; elapsed = 00:00:00.21 . Memory (MB): peak = 2613.301 ; gain = 0.000 ; free physical = 2271 ; free virtual = 162044
INFO: [Physopt 32-619] Estimated Timing Summary | WNS=-1.815 | TNS=-523.041 |

Phase 2 DSP Register Optimization
INFO: [Physopt 32-456] No candidate cells for DSP register optimization found in the design.
INFO: [Physopt 32-775] End 2 Pass. Optimized 0 net or cell. Created 0 new cell, deleted 0 existing cell and moved 0 existing cell
Phase 2 DSP Register Optimization | Checksum: 117e89e1e

Time (s): cpu = 00:00:00.41 ; elapsed = 00:00:00.24 . Memory (MB): peak = 2613.301 ; gain = 0.000 ; free physical = 2263 ; free virtual = 162036

Phase 3 Critical Path Optimization
INFO: [Physopt 32-619] Estimated Timing Summary | WNS=-1.815 | TNS=-523.041 |
INFO: [Physopt 32-702] Processed net fast_fault_slow[0]. Optimizations did not improve timing on the net.
INFO: [Physopt 32-81] Processed net distributed_fast_fault.cause_sticky[4]. Replicated 1 times.
INFO: [Physopt 32-735] Processed net distributed_fast_fault.cause_sticky[4]. Optimization improves timing on the net.
INFO: [Physopt 32-619] Estimated Timing Summary | WNS=-1.806 | TNS=-522.924 |
INFO: [Physopt 32-702] Processed net distributed_fast_fault.cause_sticky[4]_repN. Optimizations did not improve timing on the net.
INFO: [Physopt 32-702] Processed net result_guard/fast_fault_slow[0]_i_2_n_0. Optimizations did not improve timing on the net.
INFO: [Physopt 32-702] Processed net result_guard/fast_fault. Optimizations did not improve timing on the net.
INFO: [Physopt 32-702] Processed net joiner/kernel_rom/output_kernel_word_reg_0[16]. Optimizations did not improve timing on the net.
INFO: [Physopt 32-702] Processed net slow_reset_fast[1]. Optimizations did not improve timing on the net.
INFO: [Physopt 32-702] Processed net result_guard/input_accept. Optimizations did not improve timing on the net.
INFO: [Physopt 32-710] Processed net result_guard/input_accept. Critical path length was reduced through logic transformation on cell result_guard/output_kernel_word_reg_i_2_comp.
INFO: [Physopt 32-735] Processed net result_guard/fault_reasons[6]_i_2_n_0. Optimization improves timing on the net.
INFO: [Physopt 32-619] Estimated Timing Summary | WNS=-1.806 | TNS=-495.712 |
INFO: [Physopt 32-702] Processed net result_guard/active_private_reg_n_0. Optimizations did not improve timing on the net.
INFO: [Physopt 32-702] Processed net held_phase. Optimizations did not improve timing on the net.
INFO: [Physopt 32-710] Processed net result_guard/active_private_i_1_n_0. Critical path length was reduced through logic transformation on cell result_guard/active_private_i_1_comp.
INFO: [Physopt 32-735] Processed net output_bank/active_private. Optimization improves timing on the net.
INFO: [Physopt 32-619] Estimated Timing Summary | WNS=-1.806 | TNS=-495.471 |
INFO: [Physopt 32-702] Processed net product/product_iq_reg_n_153. Optimizations did not improve timing on the net.
INFO: [Physopt 32-702] Processed net fast_fault_slow[0]. Optimizations did not improve timing on the net.
INFO: [Physopt 32-702] Processed net distributed_fast_fault.cause_sticky[4]_repN. Optimizations did not improve timing on the net.
INFO: [Physopt 32-702] Processed net result_guard/fast_fault_slow[0]_i_2_n_0. Optimizations did not improve timing on the net.
INFO: [Physopt 32-702] Processed net result_guard/fast_fault. Optimizations did not improve timing on the net.
INFO: [Physopt 32-702] Processed net joiner/kernel_rom/output_kernel_word_reg_0[16]. Optimizations did not improve timing on the net.
INFO: [Physopt 32-619] Estimated Timing Summary | WNS=-1.806 | TNS=-495.471 |
Phase 3 Critical Path Optimization | Checksum: 117e89e1e

Time (s): cpu = 00:00:01 ; elapsed = 00:00:01 . Memory (MB): peak = 2613.301 ; gain = 0.000 ; free physical = 2049 ; free virtual = 161823

Phase 4 Critical Path Optimization
INFO: [Physopt 32-619] Estimated Timing Summary | WNS=-1.806 | TNS=-495.471 |
INFO: [Physopt 32-702] Processed net fast_fault_slow[0]. Optimizations did not improve timing on the net.
INFO: [Physopt 32-702] Processed net distributed_fast_fault.cause_sticky[4]_repN. Optimizations did not improve timing on the net.
INFO: [Physopt 32-702] Processed net result_guard/fast_fault_slow[0]_i_2_n_0. Optimizations did not improve timing on the net.
INFO: [Physopt 32-702] Processed net result_guard/fast_fault. Optimizations did not improve timing on the net.
INFO: [Physopt 32-702] Processed net product/product_iq_reg_n_153. Optimizations did not improve timing on the net.
INFO: [Physopt 32-702] Processed net joiner/kernel_rom/output_kernel_word_reg_0[16]. Optimizations did not improve timing on the net.
INFO: [Physopt 32-702] Processed net fast_fault_slow[0]. Optimizations did not improve timing on the net.
INFO: [Physopt 32-702] Processed net distributed_fast_fault.cause_sticky[4]_repN. Optimizations did not improve timing on the net.
INFO: [Physopt 32-702] Processed net result_guard/fast_fault_slow[0]_i_2_n_0. Optimizations did not improve timing on the net.
INFO: [Physopt 32-702] Processed net result_guard/fast_fault. Optimizations did not improve timing on the net.
INFO: [Physopt 32-702] Processed net joiner/kernel_rom/output_kernel_word_reg_0[16]. Optimizations did not improve timing on the net.
INFO: [Physopt 32-619] Estimated Timing Summary | WNS=-1.806 | TNS=-495.471 |
Phase 4 Critical Path Optimization | Checksum: 117e89e1e

Time (s): cpu = 00:00:02 ; elapsed = 00:00:01 . Memory (MB): peak = 2613.301 ; gain = 0.000 ; free physical = 2049 ; free virtual = 161823
Netlist sorting complete. Time (s): cpu = 00:00:00.01 ; elapsed = 00:00:00.01 . Memory (MB): peak = 2613.301 ; gain = 0.000 ; free physical = 2049 ; free virtual = 161823
INFO: [Physopt 32-603] Post Physical Optimization Timing Summary | WNS=-1.806 | TNS=-495.471 |

Summary of Physical Synthesis Optimizations
============================================


-------------------------------------------------------------------------------------------------------------------------------------------------------------
|  Optimization   |  WNS Gain (ns)  |  TNS Gain (ns)  |  Added Cells  |  Removed Cells  |  Optimized Cells/Nets  |  Dont Touch  |  Iterations  |  Elapsed   |
-------------------------------------------------------------------------------------------------------------------------------------------------------------
|  DSP Register   |          0.000  |          0.000  |            0  |              0  |                     0  |           0  |           1  |  00:00:00  |
|  Critical Path  |          0.009  |         27.570  |            1  |              0  |                     3  |           0  |           2  |  00:00:01  |
|  Total          |          0.009  |         27.570  |            1  |              0  |                     3  |           0  |           3  |  00:00:01  |
-------------------------------------------------------------------------------------------------------------------------------------------------------------


Netlist sorting complete. Time (s): cpu = 00:00:00 ; elapsed = 00:00:00.01 . Memory (MB): peak = 2613.301 ; gain = 0.000 ; free physical = 2049 ; free virtual = 161823
Ending Physical Synthesis Task | Checksum: 141a1db7f

Time (s): cpu = 00:00:02 ; elapsed = 00:00:01 . Memory (MB): peak = 2613.301 ; gain = 0.000 ; free physical = 2049 ; free virtual = 161823
INFO: [Common 17-83] Releasing license: Implementation
48 Infos, 2 Warnings, 0 Critical Warnings and 0 Errors encountered.
phys_opt_design completed successfully
INFO: [Common 17-600] The following parameters have non-default value.
general.maxThreads
# route_design
Command: route_design
Attempting to get a license for feature 'Implementation' and/or device 'xc7z010'
INFO: [Common 17-349] Got license for feature 'Implementation' and/or device 'xc7z010'
INFO: [DRC 23-27] Running DRC with 2 threads
INFO: [Vivado_Tcl 4-198] DRC finished with 0 Errors
INFO: [Vivado_Tcl 4-199] Please refer to the DRC report (report_drc) for more information.
Running DRC as a precondition to command route_design
INFO: [DRC 23-27] Running DRC with 2 threads
INFO: [Vivado_Tcl 4-198] DRC finished with 0 Errors
INFO: [Vivado_Tcl 4-199] Please refer to the DRC report (report_drc) for more information.


Starting Routing Task
INFO: [Route 35-254] Multithreading enabled for route_design using a maximum of 2 CPUs

Phase 1 Build RT Design
Checksum: PlaceDB: 50328964 ConstDB: 0 ShapeSum: e553bc71 RouteDB: 0
WARNING: [Route 35-197] Clock port "fft_clk" does not have an associated HD.CLK_SRC. Without this constraint, timing analysis may not be accurate and upstream checks cannot be done to ensure correct clock placement.
WARNING: [Route 35-197] Clock port "clk" does not have an associated HD.CLK_SRC. Without this constraint, timing analysis may not be accurate and upstream checks cannot be done to ensure correct clock placement.
WARNING: [Route 35-198] Port "input_data[15]" does not have an associated HD.PARTPIN_LOCS, which will prevent the partial routing of the signal "input_data[15]". Without this partial route, timing analysis to/from this port will not be accurate, and no routing information for this port can be exported.
WARNING: [Route 35-198] Port "input_data[14]" does not have an associated HD.PARTPIN_LOCS, which will prevent the partial routing of the signal "input_data[14]". Without this partial route, timing analysis to/from this port will not be accurate, and no routing information for this port can be exported.
WARNING: [Route 35-198] Port "input_data[13]" does not have an associated HD.PARTPIN_LOCS, which will prevent the partial routing of the signal "input_data[13]". Without this partial route, timing analysis to/from this port will not be accurate, and no routing information for this port can be exported.
WARNING: [Route 35-198] Port "input_data[12]" does not have an associated HD.PARTPIN_LOCS, which will prevent the partial routing of the signal "input_data[12]". Without this partial route, timing analysis to/from this port will not be accurate, and no routing information for this port can be exported.
WARNING: [Route 35-198] Port "input_data[11]" does not have an associated HD.PARTPIN_LOCS, which will prevent the partial routing of the signal "input_data[11]". Without this partial route, timing analysis to/from this port will not be accurate, and no routing information for this port can be exported.
WARNING: [Route 35-198] Port "input_data[10]" does not have an associated HD.PARTPIN_LOCS, which will prevent the partial routing of the signal "input_data[10]". Without this partial route, timing analysis to/from this port will not be accurate, and no routing information for this port can be exported.
WARNING: [Route 35-198] Port "input_data[9]" does not have an associated HD.PARTPIN_LOCS, which will prevent the partial routing of the signal "input_data[9]". Without this partial route, timing analysis to/from this port will not be accurate, and no routing information for this port can be exported.
WARNING: [Route 35-198] Port "input_data[8]" does not have an associated HD.PARTPIN_LOCS, which will prevent the partial routing of the signal "input_data[8]". Without this partial route, timing analysis to/from this port will not be accurate, and no routing information for this port can be exported.
WARNING: [Route 35-198] Port "input_data[7]" does not have an associated HD.PARTPIN_LOCS, which will prevent the partial routing of the signal "input_data[7]". Without this partial route, timing analysis to/from this port will not be accurate, and no routing information for this port can be exported.
WARNING: [Route 35-198] Port "input_data[6]" does not have an associated HD.PARTPIN_LOCS, which will prevent the partial routing of the signal "input_data[6]". Without this partial route, timing analysis to/from this port will not be accurate, and no routing information for this port can be exported.
WARNING: [Route 35-198] Port "input_data[5]" does not have an associated HD.PARTPIN_LOCS, which will prevent the partial routing of the signal "input_data[5]". Without this partial route, timing analysis to/from this port will not be accurate, and no routing information for this port can be exported.
WARNING: [Route 35-198] Port "input_data[4]" does not have an associated HD.PARTPIN_LOCS, which will prevent the partial routing of the signal "input_data[4]". Without this partial route, timing analysis to/from this port will not be accurate, and no routing information for this port can be exported.
WARNING: [Route 35-198] Port "input_data[3]" does not have an associated HD.PARTPIN_LOCS, which will prevent the partial routing of the signal "input_data[3]". Without this partial route, timing analysis to/from this port will not be accurate, and no routing information for this port can be exported.
WARNING: [Route 35-198] Port "input_data[2]" does not have an associated HD.PARTPIN_LOCS, which will prevent the partial routing of the signal "input_data[2]". Without this partial route, timing analysis to/from this port will not be accurate, and no routing information for this port can be exported.
WARNING: [Route 35-198] Port "input_data[1]" does not have an associated HD.PARTPIN_LOCS, which will prevent the partial routing of the signal "input_data[1]". Without this partial route, timing analysis to/from this port will not be accurate, and no routing information for this port can be exported.
WARNING: [Route 35-198] Port "input_data[0]" does not have an associated HD.PARTPIN_LOCS, which will prevent the partial routing of the signal "input_data[0]". Without this partial route, timing analysis to/from this port will not be accurate, and no routing information for this port can be exported.
WARNING: [Route 35-198] Port "input_data[31]" does not have an associated HD.PARTPIN_LOCS, which will prevent the partial routing of the signal "input_data[31]". Without this partial route, timing analysis to/from this port will not be accurate, and no routing information for this port can be exported.
WARNING: [Route 35-198] Port "input_data[30]" does not have an associated HD.PARTPIN_LOCS, which will prevent the partial routing of the signal "input_data[30]". Without this partial route, timing analysis to/from this port will not be accurate, and no routing information for this port can be exported.
WARNING: [Route 35-198] Port "input_data[29]" does not have an associated HD.PARTPIN_LOCS, which will prevent the partial routing of the signal "input_data[29]". Without this partial route, timing analysis to/from this port will not be accurate, and no routing information for this port can be exported.
WARNING: [Route 35-198] Port "input_data[28]" does not have an associated HD.PARTPIN_LOCS, which will prevent the partial routing of the signal "input_data[28]". Without this partial route, timing analysis to/from this port will not be accurate, and no routing information for this port can be exported.
WARNING: [Route 35-198] Port "input_data[27]" does not have an associated HD.PARTPIN_LOCS, which will prevent the partial routing of the signal "input_data[27]". Without this partial route, timing analysis to/from this port will not be accurate, and no routing information for this port can be exported.
WARNING: [Route 35-198] Port "input_data[26]" does not have an associated HD.PARTPIN_LOCS, which will prevent the partial routing of the signal "input_data[26]". Without this partial route, timing analysis to/from this port will not be accurate, and no routing information for this port can be exported.
WARNING: [Route 35-198] Port "input_data[25]" does not have an associated HD.PARTPIN_LOCS, which will prevent the partial routing of the signal "input_data[25]". Without this partial route, timing analysis to/from this port will not be accurate, and no routing information for this port can be exported.
WARNING: [Route 35-198] Port "input_data[24]" does not have an associated HD.PARTPIN_LOCS, which will prevent the partial routing of the signal "input_data[24]". Without this partial route, timing analysis to/from this port will not be accurate, and no routing information for this port can be exported.
WARNING: [Route 35-198] Port "input_data[23]" does not have an associated HD.PARTPIN_LOCS, which will prevent the partial routing of the signal "input_data[23]". Without this partial route, timing analysis to/from this port will not be accurate, and no routing information for this port can be exported.
WARNING: [Route 35-198] Port "input_data[22]" does not have an associated HD.PARTPIN_LOCS, which will prevent the partial routing of the signal "input_data[22]". Without this partial route, timing analysis to/from this port will not be accurate, and no routing information for this port can be exported.
WARNING: [Route 35-198] Port "input_data[21]" does not have an associated HD.PARTPIN_LOCS, which will prevent the partial routing of the signal "input_data[21]". Without this partial route, timing analysis to/from this port will not be accurate, and no routing information for this port can be exported.
WARNING: [Route 35-198] Port "input_data[20]" does not have an associated HD.PARTPIN_LOCS, which will prevent the partial routing of the signal "input_data[20]". Without this partial route, timing analysis to/from this port will not be accurate, and no routing information for this port can be exported.
WARNING: [Route 35-198] Port "input_data[19]" does not have an associated HD.PARTPIN_LOCS, which will prevent the partial routing of the signal "input_data[19]". Without this partial route, timing analysis to/from this port will not be accurate, and no routing information for this port can be exported.
WARNING: [Route 35-198] Port "input_data[18]" does not have an associated HD.PARTPIN_LOCS, which will prevent the partial routing of the signal "input_data[18]". Without this partial route, timing analysis to/from this port will not be accurate, and no routing information for this port can be exported.
WARNING: [Route 35-198] Port "input_data[17]" does not have an associated HD.PARTPIN_LOCS, which will prevent the partial routing of the signal "input_data[17]". Without this partial route, timing analysis to/from this port will not be accurate, and no routing information for this port can be exported.
WARNING: [Route 35-198] Port "input_data[16]" does not have an associated HD.PARTPIN_LOCS, which will prevent the partial routing of the signal "input_data[16]". Without this partial route, timing analysis to/from this port will not be accurate, and no routing information for this port can be exported.
WARNING: [Route 35-198] Port "input_data[33]" does not have an associated HD.PARTPIN_LOCS, which will prevent the partial routing of the signal "input_data[33]". Without this partial route, timing analysis to/from this port will not be accurate, and no routing information for this port can be exported.
WARNING: [Route 35-198] Port "input_data[32]" does not have an associated HD.PARTPIN_LOCS, which will prevent the partial routing of the signal "input_data[32]". Without this partial route, timing analysis to/from this port will not be accurate, and no routing information for this port can be exported.
WARNING: [Route 35-198] Port "input_data[35]" does not have an associated HD.PARTPIN_LOCS, which will prevent the partial routing of the signal "input_data[35]". Without this partial route, timing analysis to/from this port will not be accurate, and no routing information for this port can be exported.
WARNING: [Route 35-198] Port "input_data[34]" does not have an associated HD.PARTPIN_LOCS, which will prevent the partial routing of the signal "input_data[34]". Without this partial route, timing analysis to/from this port will not be accurate, and no routing information for this port can be exported.
WARNING: [Route 35-198] Port "input_block_start[27]" does not have an associated HD.PARTPIN_LOCS, which will prevent the partial routing of the signal "input_block_start[27]". Without this partial route, timing analysis to/from this port will not be accurate, and no routing information for this port can be exported.
WARNING: [Route 35-198] Port "input_block_start[36]" does not have an associated HD.PARTPIN_LOCS, which will prevent the partial routing of the signal "input_block_start[36]". Without this partial route, timing analysis to/from this port will not be accurate, and no routing information for this port can be exported.
WARNING: [Route 35-198] Port "input_block_start[44]" does not have an associated HD.PARTPIN_LOCS, which will prevent the partial routing of the signal "input_block_start[44]". Without this partial route, timing analysis to/from this port will not be accurate, and no routing information for this port can be exported.
WARNING: [Route 35-198] Port "input_block_start[49]" does not have an associated HD.PARTPIN_LOCS, which will prevent the partial routing of the signal "input_block_start[49]". Without this partial route, timing analysis to/from this port will not be accurate, and no routing information for this port can be exported.
WARNING: [Route 35-198] Port "input_block_start[32]" does not have an associated HD.PARTPIN_LOCS, which will prevent the partial routing of the signal "input_block_start[32]". Without this partial route, timing analysis to/from this port will not be accurate, and no routing information for this port can be exported.
WARNING: [Route 35-198] Port "input_block_start[51]" does not have an associated HD.PARTPIN_LOCS, which will prevent the partial routing of the signal "input_block_start[51]". Without this partial route, timing analysis to/from this port will not be accurate, and no routing information for this port can be exported.
WARNING: [Route 35-198] Port "input_block_start[57]" does not have an associated HD.PARTPIN_LOCS, which will prevent the partial routing of the signal "input_block_start[57]". Without this partial route, timing analysis to/from this port will not be accurate, and no routing information for this port can be exported.
WARNING: [Route 35-198] Port "input_block_start[60]" does not have an associated HD.PARTPIN_LOCS, which will prevent the partial routing of the signal "input_block_start[60]". Without this partial route, timing analysis to/from this port will not be accurate, and no routing information for this port can be exported.
WARNING: [Route 35-198] Port "input_block_start[19]" does not have an associated HD.PARTPIN_LOCS, which will prevent the partial routing of the signal "input_block_start[19]". Without this partial route, timing analysis to/from this port will not be accurate, and no routing information for this port can be exported.
WARNING: [Route 35-198] Port "input_block_start[23]" does not have an associated HD.PARTPIN_LOCS, which will prevent the partial routing of the signal "input_block_start[23]". Without this partial route, timing analysis to/from this port will not be accurate, and no routing information for this port can be exported.
WARNING: [Route 35-198] Port "input_block_start[28]" does not have an associated HD.PARTPIN_LOCS, which will prevent the partial routing of the signal "input_block_start[28]". Without this partial route, timing analysis to/from this port will not be accurate, and no routing information for this port can be exported.
WARNING: [Route 35-198] Port "input_block_start[30]" does not have an associated HD.PARTPIN_LOCS, which will prevent the partial routing of the signal "input_block_start[30]". Without this partial route, timing analysis to/from this port will not be accurate, and no routing information for this port can be exported.
WARNING: [Route 35-198] Port "input_block_start[31]" does not have an associated HD.PARTPIN_LOCS, which will prevent the partial routing of the signal "input_block_start[31]". Without this partial route, timing analysis to/from this port will not be accurate, and no routing information for this port can be exported.
WARNING: [Route 35-198] Port "input_block_start[34]" does not have an associated HD.PARTPIN_LOCS, which will prevent the partial routing of the signal "input_block_start[34]". Without this partial route, timing analysis to/from this port will not be accurate, and no routing information for this port can be exported.
WARNING: [Route 35-198] Port "input_block_start[8]" does not have an associated HD.PARTPIN_LOCS, which will prevent the partial routing of the signal "input_block_start[8]". Without this partial route, timing analysis to/from this port will not be accurate, and no routing information for this port can be exported.
WARNING: [Route 35-198] Port "input_block_start[11]" does not have an associated HD.PARTPIN_LOCS, which will prevent the partial routing of the signal "input_block_start[11]". Without this partial route, timing analysis to/from this port will not be accurate, and no routing information for this port can be exported.
WARNING: [Route 35-198] Port "input_block_start[13]" does not have an associated HD.PARTPIN_LOCS, which will prevent the partial routing of the signal "input_block_start[13]". Without this partial route, timing analysis to/from this port will not be accurate, and no routing information for this port can be exported.
WARNING: [Route 35-198] Port "input_block_start[1]" does not have an associated HD.PARTPIN_LOCS, which will prevent the partial routing of the signal "input_block_start[1]". Without this partial route, timing analysis to/from this port will not be accurate, and no routing information for this port can be exported.
WARNING: [Route 35-198] Port "input_block_start[2]" does not have an associated HD.PARTPIN_LOCS, which will prevent the partial routing of the signal "input_block_start[2]". Without this partial route, timing analysis to/from this port will not be accurate, and no routing information for this port can be exported.
WARNING: [Route 35-198] Port "input_block_start[3]" does not have an associated HD.PARTPIN_LOCS, which will prevent the partial routing of the signal "input_block_start[3]". Without this partial route, timing analysis to/from this port will not be accurate, and no routing information for this port can be exported.
WARNING: [Route 35-198] Port "input_block_start[4]" does not have an associated HD.PARTPIN_LOCS, which will prevent the partial routing of the signal "input_block_start[4]". Without this partial route, timing analysis to/from this port will not be accurate, and no routing information for this port can be exported.
WARNING: [Route 35-198] Port "input_block_start[5]" does not have an associated HD.PARTPIN_LOCS, which will prevent the partial routing of the signal "input_block_start[5]". Without this partial route, timing analysis to/from this port will not be accurate, and no routing information for this port can be exported.
WARNING: [Route 35-198] Port "input_block_start[6]" does not have an associated HD.PARTPIN_LOCS, which will prevent the partial routing of the signal "input_block_start[6]". Without this partial route, timing analysis to/from this port will not be accurate, and no routing information for this port can be exported.
WARNING: [Route 35-198] Port "input_block_start[7]" does not have an associated HD.PARTPIN_LOCS, which will prevent the partial routing of the signal "input_block_start[7]". Without this partial route, timing analysis to/from this port will not be accurate, and no routing information for this port can be exported.
WARNING: [Route 35-198] Port "input_block_start[9]" does not have an associated HD.PARTPIN_LOCS, which will prevent the partial routing of the signal "input_block_start[9]". Without this partial route, timing analysis to/from this port will not be accurate, and no routing information for this port can be exported.
WARNING: [Route 35-198] Port "input_block_start[10]" does not have an associated HD.PARTPIN_LOCS, which will prevent the partial routing of the signal "input_block_start[10]". Without this partial route, timing analysis to/from this port will not be accurate, and no routing information for this port can be exported.
WARNING: [Route 35-198] Port "input_block_start[12]" does not have an associated HD.PARTPIN_LOCS, which will prevent the partial routing of the signal "input_block_start[12]". Without this partial route, timing analysis to/from this port will not be accurate, and no routing information for this port can be exported.
WARNING: [Route 35-198] Port "input_block_start[29]" does not have an associated HD.PARTPIN_LOCS, which will prevent the partial routing of the signal "input_block_start[29]". Without this partial route, timing analysis to/from this port will not be accurate, and no routing information for this port can be exported.
WARNING: [Route 35-198] Port "input_block_start[0]" does not have an associated HD.PARTPIN_LOCS, which will prevent the partial routing of the signal "input_block_start[0]". Without this partial route, timing analysis to/from this port will not be accurate, and no routing information for this port can be exported.
WARNING: [Route 35-198] Port "input_block_start[14]" does not have an associated HD.PARTPIN_LOCS, which will prevent the partial routing of the signal "input_block_start[14]". Without this partial route, timing analysis to/from this port will not be accurate, and no routing information for this port can be exported.
WARNING: [Route 35-198] Port "input_block_start[15]" does not have an associated HD.PARTPIN_LOCS, which will prevent the partial routing of the signal "input_block_start[15]". Without this partial route, timing analysis to/from this port will not be accurate, and no routing information for this port can be exported.
WARNING: [Route 35-198] Port "input_block_start[16]" does not have an associated HD.PARTPIN_LOCS, which will prevent the partial routing of the signal "input_block_start[16]". Without this partial route, timing analysis to/from this port will not be accurate, and no routing information for this port can be exported.
WARNING: [Route 35-198] Port "input_block_start[18]" does not have an associated HD.PARTPIN_LOCS, which will prevent the partial routing of the signal "input_block_start[18]". Without this partial route, timing analysis to/from this port will not be accurate, and no routing information for this port can be exported.
WARNING: [Route 35-198] Port "input_block_start[20]" does not have an associated HD.PARTPIN_LOCS, which will prevent the partial routing of the signal "input_block_start[20]". Without this partial route, timing analysis to/from this port will not be accurate, and no routing information for this port can be exported.
WARNING: [Route 35-198] Port "input_block_start[21]" does not have an associated HD.PARTPIN_LOCS, which will prevent the partial routing of the signal "input_block_start[21]". Without this partial route, timing analysis to/from this port will not be accurate, and no routing information for this port can be exported.
WARNING: [Route 35-198] Port "input_block_start[22]" does not have an associated HD.PARTPIN_LOCS, which will prevent the partial routing of the signal "input_block_start[22]". Without this partial route, timing analysis to/from this port will not be accurate, and no routing information for this port can be exported.
WARNING: [Route 35-198] Port "input_block_start[24]" does not have an associated HD.PARTPIN_LOCS, which will prevent the partial routing of the signal "input_block_start[24]". Without this partial route, timing analysis to/from this port will not be accurate, and no routing information for this port can be exported.
WARNING: [Route 35-198] Port "input_block_start[17]" does not have an associated HD.PARTPIN_LOCS, which will prevent the partial routing of the signal "input_block_start[17]". Without this partial route, timing analysis to/from this port will not be accurate, and no routing information for this port can be exported.
WARNING: [Route 35-198] Port "input_block_start[25]" does not have an associated HD.PARTPIN_LOCS, which will prevent the partial routing of the signal "input_block_start[25]". Without this partial route, timing analysis to/from this port will not be accurate, and no routing information for this port can be exported.
WARNING: [Route 35-198] Port "input_block_start[26]" does not have an associated HD.PARTPIN_LOCS, which will prevent the partial routing of the signal "input_block_start[26]". Without this partial route, timing analysis to/from this port will not be accurate, and no routing information for this port can be exported.
WARNING: [Route 35-198] Port "input_block_start[33]" does not have an associated HD.PARTPIN_LOCS, which will prevent the partial routing of the signal "input_block_start[33]". Without this partial route, timing analysis to/from this port will not be accurate, and no routing information for this port can be exported.
WARNING: [Route 35-198] Port "input_block_start[35]" does not have an associated HD.PARTPIN_LOCS, which will prevent the partial routing of the signal "input_block_start[35]". Without this partial route, timing analysis to/from this port will not be accurate, and no routing information for this port can be exported.
WARNING: [Route 35-198] Port "input_block_start[39]" does not have an associated HD.PARTPIN_LOCS, which will prevent the partial routing of the signal "input_block_start[39]". Without this partial route, timing analysis to/from this port will not be accurate, and no routing information for this port can be exported.
WARNING: [Route 35-198] Port "input_block_start[46]" does not have an associated HD.PARTPIN_LOCS, which will prevent the partial routing of the signal "input_block_start[46]". Without this partial route, timing analysis to/from this port will not be accurate, and no routing information for this port can be exported.
WARNING: [Route 35-198] Port "input_block_start[48]" does not have an associated HD.PARTPIN_LOCS, which will prevent the partial routing of the signal "input_block_start[48]". Without this partial route, timing analysis to/from this port will not be accurate, and no routing information for this port can be exported.
WARNING: [Route 35-198] Port "input_block_start[37]" does not have an associated HD.PARTPIN_LOCS, which will prevent the partial routing of the signal "input_block_start[37]". Without this partial route, timing analysis to/from this port will not be accurate, and no routing information for this port can be exported.
WARNING: [Route 35-198] Port "input_block_start[38]" does not have an associated HD.PARTPIN_LOCS, which will prevent the partial routing of the signal "input_block_start[38]". Without this partial route, timing analysis to/from this port will not be accurate, and no routing information for this port can be exported.
WARNING: [Route 35-198] Port "input_block_start[41]" does not have an associated HD.PARTPIN_LOCS, which will prevent the partial routing of the signal "input_block_start[41]". Without this partial route, timing analysis to/from this port will not be accurate, and no routing information for this port can be exported.
WARNING: [Route 35-198] Port "input_block_start[43]" does not have an associated HD.PARTPIN_LOCS, which will prevent the partial routing of the signal "input_block_start[43]". Without this partial route, timing analysis to/from this port will not be accurate, and no routing information for this port can be exported.
WARNING: [Route 35-198] Port "input_block_start[55]" does not have an associated HD.PARTPIN_LOCS, which will prevent the partial routing of the signal "input_block_start[55]". Without this partial route, timing analysis to/from this port will not be accurate, and no routing information for this port can be exported.
WARNING: [Route 35-198] Port "input_block_start[56]" does not have an associated HD.PARTPIN_LOCS, which will prevent the partial routing of the signal "input_block_start[56]". Without this partial route, timing analysis to/from this port will not be accurate, and no routing information for this port can be exported.
WARNING: [Route 35-198] Port "input_block_start[58]" does not have an associated HD.PARTPIN_LOCS, which will prevent the partial routing of the signal "input_block_start[58]". Without this partial route, timing analysis to/from this port will not be accurate, and no routing information for this port can be exported.
WARNING: [Route 35-198] Port "input_block_start[59]" does not have an associated HD.PARTPIN_LOCS, which will prevent the partial routing of the signal "input_block_start[59]". Without this partial route, timing analysis to/from this port will not be accurate, and no routing information for this port can be exported.
WARNING: [Route 35-198] Port "input_block_start[50]" does not have an associated HD.PARTPIN_LOCS, which will prevent the partial routing of the signal "input_block_start[50]". Without this partial route, timing analysis to/from this port will not be accurate, and no routing information for this port can be exported.
WARNING: [Route 35-198] Port "input_block_start[53]" does not have an associated HD.PARTPIN_LOCS, which will prevent the partial routing of the signal "input_block_start[53]". Without this partial route, timing analysis to/from this port will not be accurate, and no routing information for this port can be exported.
WARNING: [Route 35-198] Port "input_block_start[62]" does not have an associated HD.PARTPIN_LOCS, which will prevent the partial routing of the signal "input_block_start[62]". Without this partial route, timing analysis to/from this port will not be accurate, and no routing information for this port can be exported.
WARNING: [Route 35-198] Port "input_block_start[42]" does not have an associated HD.PARTPIN_LOCS, which will prevent the partial routing of the signal "input_block_start[42]". Without this partial route, timing analysis to/from this port will not be accurate, and no routing information for this port can be exported.
WARNING: [Route 35-198] Port "input_block_start[45]" does not have an associated HD.PARTPIN_LOCS, which will prevent the partial routing of the signal "input_block_start[45]". Without this partial route, timing analysis to/from this port will not be accurate, and no routing information for this port can be exported.
WARNING: [Route 35-198] Port "input_block_start[47]" does not have an associated HD.PARTPIN_LOCS, which will prevent the partial routing of the signal "input_block_start[47]". Without this partial route, timing analysis to/from this port will not be accurate, and no routing information for this port can be exported.
WARNING: [Route 35-198] Port "input_block_start[54]" does not have an associated HD.PARTPIN_LOCS, which will prevent the partial routing of the signal "input_block_start[54]". Without this partial route, timing analysis to/from this port will not be accurate, and no routing information for this port can be exported.
WARNING: [Route 35-198] Port "input_block_start[63]" does not have an associated HD.PARTPIN_LOCS, which will prevent the partial routing of the signal "input_block_start[63]". Without this partial route, timing analysis to/from this port will not be accurate, and no routing information for this port can be exported.
WARNING: [Route 35-198] Port "input_block_start[40]" does not have an associated HD.PARTPIN_LOCS, which will prevent the partial routing of the signal "input_block_start[40]". Without this partial route, timing analysis to/from this port will not be accurate, and no routing information for this port can be exported.
WARNING: [Route 35-198] Port "input_block_start[52]" does not have an associated HD.PARTPIN_LOCS, which will prevent the partial routing of the signal "input_block_start[52]". Without this partial route, timing analysis to/from this port will not be accurate, and no routing information for this port can be exported.
WARNING: [Route 35-198] Port "input_block_start[61]" does not have an associated HD.PARTPIN_LOCS, which will prevent the partial routing of the signal "input_block_start[61]". Without this partial route, timing analysis to/from this port will not be accurate, and no routing information for this port can be exported.
INFO: [Common 17-14] Message 'Route 35-198' appears 100 times and further instances of the messages will be disabled. Use the Tcl command set_msg_config to change the current settings.
Post Restoration Checksum: NetGraph: ee225dd NumContArr: d442ac76 Constraints: 0 Timing: 0
Phase 1 Build RT Design | Checksum: e324d253

Time (s): cpu = 00:00:04 ; elapsed = 00:00:03 . Memory (MB): peak = 2613.301 ; gain = 0.000 ; free physical = 2274 ; free virtual = 162049

Phase 2 Router Initialization

Phase 2.1 Fix Topology Constraints
Phase 2.1 Fix Topology Constraints | Checksum: e324d253

Time (s): cpu = 00:00:04 ; elapsed = 00:00:03 . Memory (MB): peak = 2613.301 ; gain = 0.000 ; free physical = 2266 ; free virtual = 162041

Phase 2.2 Pre Route Cleanup
Phase 2.2 Pre Route Cleanup | Checksum: e324d253

Time (s): cpu = 00:00:04 ; elapsed = 00:00:03 . Memory (MB): peak = 2613.301 ; gain = 0.000 ; free physical = 2266 ; free virtual = 162041
 Number of Nodes with overlaps = 0

Phase 2.3 Update Timing
Phase 2.3 Update Timing | Checksum: 1fe61b452

Time (s): cpu = 00:00:05 ; elapsed = 00:00:04 . Memory (MB): peak = 2613.301 ; gain = 0.000 ; free physical = 2130 ; free virtual = 161907
INFO: [Route 35-416] Intermediate Timing Summary | WNS=-1.806 | TNS=-433.197| WHS=0.073  | THS=0.000  |


Router Utilization Summary
  Global Vertical Routing Utilization    = 0 %
  Global Horizontal Routing Utilization  = 0 %
  Routable Net Status*
  *Does not include unroutable nets such as driverless and loadless.
  Run report_route_status for detailed report.
  Number of Failed Nets               = 6628
    (Failed Nets is the sum of unrouted and partially routed nets)
  Number of Unrouted Nets             = 6628
  Number of Partially Routed Nets     = 0
  Number of Node Overlaps             = 0

Phase 2 Router Initialization | Checksum: 1ce3df493

Time (s): cpu = 00:00:05 ; elapsed = 00:00:04 . Memory (MB): peak = 2613.301 ; gain = 0.000 ; free physical = 2124 ; free virtual = 161902

Phase 3 Initial Routing

Phase 3.1 Global Routing
Phase 3.1 Global Routing | Checksum: 1ce3df493

Time (s): cpu = 00:00:05 ; elapsed = 00:00:04 . Memory (MB): peak = 2613.301 ; gain = 0.000 ; free physical = 2124 ; free virtual = 161902
Phase 3 Initial Routing | Checksum: 9dd87229

Time (s): cpu = 00:00:06 ; elapsed = 00:00:05 . Memory (MB): peak = 2613.301 ; gain = 0.000 ; free physical = 1869 ; free virtual = 161647

Phase 4 Rip-up And Reroute

Phase 4.1 Global Iteration 0
 Number of Nodes with overlaps = 959
 Number of Nodes with overlaps = 393
 Number of Nodes with overlaps = 199
 Number of Nodes with overlaps = 102
 Number of Nodes with overlaps = 59
 Number of Nodes with overlaps = 30
 Number of Nodes with overlaps = 10
 Number of Nodes with overlaps = 0
INFO: [Route 35-416] Intermediate Timing Summary | WNS=-2.118 | TNS=-699.515| WHS=N/A    | THS=N/A    |

Phase 4.1 Global Iteration 0 | Checksum: 1560aacf7

Time (s): cpu = 00:00:12 ; elapsed = 00:00:09 . Memory (MB): peak = 2613.301 ; gain = 0.000 ; free physical = 2346 ; free virtual = 162129

Phase 4.2 Global Iteration 1
 Number of Nodes with overlaps = 503
 Number of Nodes with overlaps = 210
 Number of Nodes with overlaps = 78
 Number of Nodes with overlaps = 38
 Number of Nodes with overlaps = 13
 Number of Nodes with overlaps = 7
 Number of Nodes with overlaps = 4
 Number of Nodes with overlaps = 2
 Number of Nodes with overlaps = 0
INFO: [Route 35-416] Intermediate Timing Summary | WNS=-2.094 | TNS=-675.730| WHS=N/A    | THS=N/A    |

Phase 4.2 Global Iteration 1 | Checksum: 185695b49

Time (s): cpu = 00:00:16 ; elapsed = 00:00:12 . Memory (MB): peak = 2613.301 ; gain = 0.000 ; free physical = 1578 ; free virtual = 161360

Phase 4.3 Global Iteration 2
 Number of Nodes with overlaps = 68
 Number of Nodes with overlaps = 43
 Number of Nodes with overlaps = 27
 Number of Nodes with overlaps = 27
 Number of Nodes with overlaps = 13
 Number of Nodes with overlaps = 4
 Number of Nodes with overlaps = 5
 Number of Nodes with overlaps = 7
 Number of Nodes with overlaps = 3
 Number of Nodes with overlaps = 0
INFO: [Route 35-416] Intermediate Timing Summary | WNS=-1.862 | TNS=-629.136| WHS=N/A    | THS=N/A    |

Phase 4.3 Global Iteration 2 | Checksum: 18051c66c

Time (s): cpu = 00:00:18 ; elapsed = 00:00:14 . Memory (MB): peak = 2613.301 ; gain = 0.000 ; free physical = 1650 ; free virtual = 161432

Phase 4.4 Global Iteration 3
 Number of Nodes with overlaps = 22
 Number of Nodes with overlaps = 8
 Number of Nodes with overlaps = 5
 Number of Nodes with overlaps = 3
 Number of Nodes with overlaps = 5
 Number of Nodes with overlaps = 2
 Number of Nodes with overlaps = 1
 Number of Nodes with overlaps = 1
 Number of Nodes with overlaps = 1
 Number of Nodes with overlaps = 0
INFO: [Route 35-416] Intermediate Timing Summary | WNS=-1.862 | TNS=-617.872| WHS=N/A    | THS=N/A    |

Phase 4.4 Global Iteration 3 | Checksum: 11fb7792e

Time (s): cpu = 00:00:19 ; elapsed = 00:00:15 . Memory (MB): peak = 2613.301 ; gain = 0.000 ; free physical = 1957 ; free virtual = 161739
Phase 4 Rip-up And Reroute | Checksum: 11fb7792e

Time (s): cpu = 00:00:19 ; elapsed = 00:00:15 . Memory (MB): peak = 2613.301 ; gain = 0.000 ; free physical = 1957 ; free virtual = 161739

Phase 5 Delay and Skew Optimization

Phase 5.1 Delay CleanUp

Phase 5.1.1 Update Timing
Phase 5.1.1 Update Timing | Checksum: 11fb7792e

Time (s): cpu = 00:00:19 ; elapsed = 00:00:15 . Memory (MB): peak = 2613.301 ; gain = 0.000 ; free physical = 1957 ; free virtual = 161739
INFO: [Route 35-416] Intermediate Timing Summary | WNS=-1.862 | TNS=-617.872| WHS=N/A    | THS=N/A    |

 Number of Nodes with overlaps = 0
Phase 5.1 Delay CleanUp | Checksum: 19919532e

Time (s): cpu = 00:00:19 ; elapsed = 00:00:15 . Memory (MB): peak = 2613.301 ; gain = 0.000 ; free physical = 1962 ; free virtual = 161745

Phase 5.2 Clock Skew Optimization
Phase 5.2 Clock Skew Optimization | Checksum: 19919532e

Time (s): cpu = 00:00:19 ; elapsed = 00:00:15 . Memory (MB): peak = 2613.301 ; gain = 0.000 ; free physical = 1961 ; free virtual = 161743
Phase 5 Delay and Skew Optimization | Checksum: 19919532e

Time (s): cpu = 00:00:19 ; elapsed = 00:00:15 . Memory (MB): peak = 2613.301 ; gain = 0.000 ; free physical = 1960 ; free virtual = 161742

Phase 6 Post Hold Fix

Phase 6.1 Hold Fix Iter

Phase 6.1.1 Update Timing
Phase 6.1.1 Update Timing | Checksum: 2436759aa

Time (s): cpu = 00:00:19 ; elapsed = 00:00:15 . Memory (MB): peak = 2613.301 ; gain = 0.000 ; free physical = 1950 ; free virtual = 161732
INFO: [Route 35-416] Intermediate Timing Summary | WNS=-1.862 | TNS=-615.687| WHS=0.071  | THS=0.000  |

Phase 6.1 Hold Fix Iter | Checksum: 2436759aa

Time (s): cpu = 00:00:19 ; elapsed = 00:00:15 . Memory (MB): peak = 2613.301 ; gain = 0.000 ; free physical = 1949 ; free virtual = 161732
Phase 6 Post Hold Fix | Checksum: 2436759aa

Time (s): cpu = 00:00:19 ; elapsed = 00:00:15 . Memory (MB): peak = 2613.301 ; gain = 0.000 ; free physical = 1949 ; free virtual = 161732

Phase 7 Route finalize

Router Utilization Summary
  Global Vertical Routing Utilization    = 3.56208 %
  Global Horizontal Routing Utilization  = 5.49035 %
  Routable Net Status*
  *Does not include unroutable nets such as driverless and loadless.
  Run report_route_status for detailed report.
  Number of Failed Nets               = 0
    (Failed Nets is the sum of unrouted and partially routed nets)
  Number of Unrouted Nets             = 0
  Number of Partially Routed Nets     = 0
  Number of Node Overlaps             = 0

Congestion Report
North Dir 1x1 Area, Max Cong = 54.0541%, No Congested Regions.
South Dir 1x1 Area, Max Cong = 54.955%, No Congested Regions.
East Dir 1x1 Area, Max Cong = 79.4118%, No Congested Regions.
West Dir 1x1 Area, Max Cong = 80.8824%, No Congested Regions.

------------------------------
Reporting congestion hotspots
------------------------------
Direction: North
----------------
Congested clusters found at Level 0
Effective congestion level: 0 Aspect Ratio: 1 Sparse Ratio: 0
Direction: South
----------------
Congested clusters found at Level 0
Effective congestion level: 0 Aspect Ratio: 1 Sparse Ratio: 0
Direction: East
----------------
Congested clusters found at Level 0
Effective congestion level: 0 Aspect Ratio: 1 Sparse Ratio: 0
Direction: West
----------------
Congested clusters found at Level 0
Effective congestion level: 0 Aspect Ratio: 1 Sparse Ratio: 0

Phase 7 Route finalize | Checksum: 194173a6a

Time (s): cpu = 00:00:19 ; elapsed = 00:00:15 . Memory (MB): peak = 2613.301 ; gain = 0.000 ; free physical = 1948 ; free virtual = 161730

Phase 8 Verifying routed nets

 Verification completed successfully
Phase 8 Verifying routed nets | Checksum: 194173a6a

Time (s): cpu = 00:00:19 ; elapsed = 00:00:15 . Memory (MB): peak = 2613.301 ; gain = 0.000 ; free physical = 1948 ; free virtual = 161730

Phase 9 Depositing Routes
Phase 9 Depositing Routes | Checksum: c5ac3557

Time (s): cpu = 00:00:20 ; elapsed = 00:00:16 . Memory (MB): peak = 2613.301 ; gain = 0.000 ; free physical = 1918 ; free virtual = 161700

Phase 10 Post Router Timing
INFO: [Route 35-57] Estimated Timing Summary | WNS=-1.862 | TNS=-615.687| WHS=0.071  | THS=0.000  |

WARNING: [Route 35-328] Router estimated timing not met.
Resolution: For a complete and accurate timing signoff, report_timing_summary must be run after route_design. Alternatively, route_design can be run with the -timing_summary option to enable a complete timing signoff at the end of route_design.
Phase 10 Post Router Timing | Checksum: c5ac3557

Time (s): cpu = 00:00:20 ; elapsed = 00:00:16 . Memory (MB): peak = 2613.301 ; gain = 0.000 ; free physical = 1884 ; free virtual = 161667
INFO: [Route 35-16] Router Completed Successfully

Time (s): cpu = 00:00:20 ; elapsed = 00:00:16 . Memory (MB): peak = 2613.301 ; gain = 0.000 ; free physical = 1883 ; free virtual = 161665

Routing Is Done.
INFO: [Common 17-83] Releasing license: Implementation
19 Infos, 103 Warnings, 0 Critical Warnings and 0 Errors encountered.
route_design completed successfully
route_design: Time (s): cpu = 00:00:21 ; elapsed = 00:00:16 . Memory (MB): peak = 2613.301 ; gain = 0.000 ; free physical = 1882 ; free virtual = 161664
INFO: [Common 17-600] The following parameters have non-default value.
general.maxThreads
# report_route_status -file [file join $output_dir route_status.rpt]
# report_utilization -file [file join $output_dir utilization.rpt]
# report_utilization -hierarchical -hierarchical_depth 6 -file [file join $output_dir hierarchy.rpt]
# report_timing_summary -delay_type min_max -report_unconstrained -max_paths 20 \
#   -file [file join $output_dir timing_unqualified.rpt]
INFO: [Timing 38-91] UpdateTimingParams: Speed grade: -1, Delay Type: min_max.
INFO: [Timing 38-191] Multithreading enabled for timing update using a maximum of 2 CPUs
WARNING: [Timing 38-242] The property HD.CLK_SRC of clock port "clk" is not set. In out-of-context mode, this prevents timing estimation for clock delay/skew
Resolution: Set the HD.CLK_SRC property of the out-of-context port to the location of the clock buffer instance in the top-level design
WARNING: [Timing 38-242] The property HD.CLK_SRC of clock port "fft_clk" is not set. In out-of-context mode, this prevents timing estimation for clock delay/skew
Resolution: Set the HD.CLK_SRC property of the out-of-context port to the location of the clock buffer instance in the top-level design
# check_timing -verbose -file [file join $output_dir check_timing_unqualified.rpt]
# report_cdc -details -file [file join $output_dir cdc_unqualified.rpt]
INFO: [Timing 38-91] UpdateTimingParams: No interconnect No Cell Dly, Speed grade: -1, Delay Type: min_max.
INFO: [Timing 38-191] Multithreading enabled for timing update using a maximum of 2 CPUs
INFO: [Timing 38-433] Consider using Xilinx recommended XPM_CDC modules to avoid Critical severities
INFO: [Timing 38-314] The report_cdc command only analyzes and reports clock domain crossing paths where clocks have been defined on both source and destination sides. Ports with no input delay constraint are skipped. Please run check_timing to verify there are no missing clock definitions in your design, nor any unconstrained input port.
# set receipt [open [file join $output_dir receipt.txt] w]
# puts $receipt "source_dcp_sha256=$expected"
# puts $receipt "scope=isolated_completed_input_bank_owned_100_175_diagnostic_not_receiver"
# foreach name {source_100 island_175} {
#   foreach kind {max min} {
#     set paths [get_timing_paths -quiet -from [get_clocks $name] \
#       -to [get_clocks $name] -delay_type $kind -max_paths 1]
#     if {[llength $paths] != 1} { error "missing internal timing path $name $kind" }
#     set path [lindex $paths 0]
#     puts $receipt "$name.$kind.slack=[get_property SLACK $path]"
#     puts $receipt "$name.$kind.start=[get_property STARTPOINT_PIN $path]"
#     puts $receipt "$name.$kind.end=[get_property ENDPOINT_PIN $path]"
#     report_timing -from [get_clocks $name] -to [get_clocks $name] \
#       -delay_type $kind -max_paths 20 -file [file join $output_dir ${name}_${kind}.rpt]
#   }
# }
INFO: [Timing 38-78] ReportTimingParams: -from_pins  -to_pins  -max_paths 20 -nworst 1 -delay_type max -sort_by slack.
INFO: [Timing 38-78] ReportTimingParams: -from_pins  -to_pins  -max_paths 20 -nworst 1 -delay_type min -sort_by slack.
INFO: [Timing 38-78] ReportTimingParams: -from_pins  -to_pins  -max_paths 20 -nworst 1 -delay_type max -sort_by slack.
INFO: [Timing 38-78] ReportTimingParams: -from_pins  -to_pins  -max_paths 20 -nworst 1 -delay_type min -sort_by slack.
# puts $receipt "external_IO_CDC_and_full_receiver_unqualified=true"
# puts $receipt "deployment_eligible=false"
# close $receipt
# write_checkpoint [file join $output_dir completed_input_diagnostic_routed.dcp]
INFO: [Timing 38-480] Writing timing data to binary archive.
Writing XDEF routing.
Writing XDEF routing logical nets.
Writing XDEF routing special nets.
Write XDEF Complete: Time (s): cpu = 00:00:00.68 ; elapsed = 00:00:00.28 . Memory (MB): peak = 2645.316 ; gain = 32.016 ; free physical = 2245 ; free virtual = 162039
INFO: [Common 17-1381] The checkpoint '/tmp/starlink-completed-input.5EaJuD/exact-control-combined-route-v1/completed_input_diagnostic_routed.dcp' has been generated.
# close_design
# if {[lindex [exec sha256sum $source_dcp] 0] ne $expected} {
#   error "source checkpoint changed during observation"
# }
# puts "COMPLETED_INPUT_DIAGNOSTIC_RECORDED_NOT_A_PHYSICAL_RELEASE_PASS"
COMPLETED_INPUT_DIAGNOSTIC_RECORDED_NOT_A_PHYSICAL_RELEASE_PASS
INFO: [Common 17-206] Exiting Vivado at Thu Sep 10 09:51:23 2026...
