Copyright 1986-2022 Xilinx, Inc. All Rights Reserved.
--------------------------------------------------------------------------------------------------------------------------------------------------------------------------------------------------------------
| Tool Version : Vivado v.2022.2 (lin64) Build 3671981 Fri Oct 14 04:59:54 MDT 2022
| Date         : Thu Sep 10 04:34:34 2026
| Host         : gauss running 64-bit Ubuntu 26.04 LTS
| Command      : report_timing -from [get_clocks source_100] -to [get_clocks source_100] -delay_type max -max_paths 20 -file /tmp/starlink-completed-input.5EaJuD/payload-bubbles-route-v1/source_100_max.rpt
| Design       : starlink_pss_fft_bank_owned_slice
| Device       : 7z010-clg400
| Speed File   : -1  PRODUCTION 1.12 2019-11-22
--------------------------------------------------------------------------------------------------------------------------------------------------------------------------------------------------------------

Timing Report

Slack (MET) :             1.851ns  (required time - arrival time)
  Source:                 slow_reset_slow_reg[1]/C
                            (rising edge-triggered cell FDCE clocked by source_100  {rise@0.000ns fall@5.000ns period=10.000ns})
  Destination:            source_bank/metadata_in_hold_reg[40]/CE
                            (rising edge-triggered cell FDRE clocked by source_100  {rise@0.000ns fall@5.000ns period=10.000ns})
  Path Group:             source_100
  Path Type:              Setup (Max at Slow Process Corner)
  Requirement:            10.000ns  (source_100 rise@10.000ns - source_100 rise@0.000ns)
  Data Path Delay:        7.860ns  (logic 1.198ns (15.241%)  route 6.662ns (84.759%))
  Logic Levels:           3  (LUT2=1 LUT4=1 LUT5=1)
  Clock Path Skew:        -0.049ns (DCD - SCD + CPR)
    Destination Clock Delay (DCD):    0.924ns = ( 10.924 - 10.000 ) 
    Source Clock Delay      (SCD):    0.973ns
    Clock Pessimism Removal (CPR):    0.000ns
  Clock Uncertainty:      0.035ns  ((TSJ^2 + TIJ^2)^1/2 + DJ) / 2 + PE
    Total System Jitter     (TSJ):    0.071ns
    Total Input Jitter      (TIJ):    0.000ns
    Discrete Jitter          (DJ):    0.000ns
    Phase Error              (PE):    0.000ns

    Location             Delay type                Incr(ns)  Path(ns)    Netlist Resource(s)
  -------------------------------------------------------------------    -------------------
                         (clock source_100 rise edge)
                                                      0.000     0.000 r  
                                                      0.000     0.000 r  clk (IN)
                         net (fo=183, unset)          0.973     0.973    clk
    SLICE_X17Y0          FDCE                                         r  slow_reset_slow_reg[1]/C
  -------------------------------------------------------------------    -------------------
    SLICE_X17Y0          FDCE (Prop_fdce_C_Q)         0.419     1.392 r  slow_reset_slow_reg[1]/Q
                         net (fo=1, routed)           0.597     1.989    output_bank/out[0]
    SLICE_X16Y0          LUT2 (Prop_lut2_I0_O)        0.299     2.288 f  output_bank/output_valid_INST_0_i_1/O
                         net (fo=35, routed)          2.183     4.470    source_bank/SR[0]
    SLICE_X5Y4           LUT4 (Prop_lut4_I1_O)        0.153     4.623 r  source_bank/input_ready_INST_0_i_1/O
                         net (fo=9, routed)           0.707     5.330    source_bank/input_ready_INST_0_i_1_n_0
    SLICE_X4Y4           LUT5 (Prop_lut5_I0_O)        0.327     5.657 r  source_bank/metadata_in_hold[68]_i_1__0/O
                         net (fo=64, routed)          3.176     8.833    source_bank/metadata_load
    SLICE_X40Y9          FDRE                                         r  source_bank/metadata_in_hold_reg[40]/CE
  -------------------------------------------------------------------    -------------------

                         (clock source_100 rise edge)
                                                     10.000    10.000 r  
                                                      0.000    10.000 r  clk (IN)
                         net (fo=183, unset)          0.924    10.924    source_bank/clk
    SLICE_X40Y9          FDRE                                         r  source_bank/metadata_in_hold_reg[40]/C
                         clock pessimism              0.000    10.924    
                         clock uncertainty           -0.035    10.889    
    SLICE_X40Y9          FDRE (Setup_fdre_C_CE)      -0.205    10.684    source_bank/metadata_in_hold_reg[40]
  -------------------------------------------------------------------
                         required time                         10.684    
                         arrival time                          -8.833    
  -------------------------------------------------------------------
                         slack                                  1.851    

Slack (MET) :             1.851ns  (required time - arrival time)
  Source:                 slow_reset_slow_reg[1]/C
                            (rising edge-triggered cell FDCE clocked by source_100  {rise@0.000ns fall@5.000ns period=10.000ns})
  Destination:            source_bank/metadata_in_hold_reg[63]/CE
                            (rising edge-triggered cell FDRE clocked by source_100  {rise@0.000ns fall@5.000ns period=10.000ns})
  Path Group:             source_100
  Path Type:              Setup (Max at Slow Process Corner)
  Requirement:            10.000ns  (source_100 rise@10.000ns - source_100 rise@0.000ns)
  Data Path Delay:        7.860ns  (logic 1.198ns (15.241%)  route 6.662ns (84.759%))
  Logic Levels:           3  (LUT2=1 LUT4=1 LUT5=1)
  Clock Path Skew:        -0.049ns (DCD - SCD + CPR)
    Destination Clock Delay (DCD):    0.924ns = ( 10.924 - 10.000 ) 
    Source Clock Delay      (SCD):    0.973ns
    Clock Pessimism Removal (CPR):    0.000ns
  Clock Uncertainty:      0.035ns  ((TSJ^2 + TIJ^2)^1/2 + DJ) / 2 + PE
    Total System Jitter     (TSJ):    0.071ns
    Total Input Jitter      (TIJ):    0.000ns
    Discrete Jitter          (DJ):    0.000ns
    Phase Error              (PE):    0.000ns

    Location             Delay type                Incr(ns)  Path(ns)    Netlist Resource(s)
  -------------------------------------------------------------------    -------------------
                         (clock source_100 rise edge)
                                                      0.000     0.000 r  
                                                      0.000     0.000 r  clk (IN)
                         net (fo=183, unset)          0.973     0.973    clk
    SLICE_X17Y0          FDCE                                         r  slow_reset_slow_reg[1]/C
  -------------------------------------------------------------------    -------------------
    SLICE_X17Y0          FDCE (Prop_fdce_C_Q)         0.419     1.392 r  slow_reset_slow_reg[1]/Q
                         net (fo=1, routed)           0.597     1.989    output_bank/out[0]
    SLICE_X16Y0          LUT2 (Prop_lut2_I0_O)        0.299     2.288 f  output_bank/output_valid_INST_0_i_1/O
                         net (fo=35, routed)          2.183     4.470    source_bank/SR[0]
    SLICE_X5Y4           LUT4 (Prop_lut4_I1_O)        0.153     4.623 r  source_bank/input_ready_INST_0_i_1/O
                         net (fo=9, routed)           0.707     5.330    source_bank/input_ready_INST_0_i_1_n_0
    SLICE_X4Y4           LUT5 (Prop_lut5_I0_O)        0.327     5.657 r  source_bank/metadata_in_hold[68]_i_1__0/O
                         net (fo=64, routed)          3.176     8.833    source_bank/metadata_load
    SLICE_X40Y9          FDRE                                         r  source_bank/metadata_in_hold_reg[63]/CE
  -------------------------------------------------------------------    -------------------

                         (clock source_100 rise edge)
                                                     10.000    10.000 r  
                                                      0.000    10.000 r  clk (IN)
                         net (fo=183, unset)          0.924    10.924    source_bank/clk
    SLICE_X40Y9          FDRE                                         r  source_bank/metadata_in_hold_reg[63]/C
                         clock pessimism              0.000    10.924    
                         clock uncertainty           -0.035    10.889    
    SLICE_X40Y9          FDRE (Setup_fdre_C_CE)      -0.205    10.684    source_bank/metadata_in_hold_reg[63]
  -------------------------------------------------------------------
                         required time                         10.684    
                         arrival time                          -8.833    
  -------------------------------------------------------------------
                         slack                                  1.851    

Slack (MET) :             1.851ns  (required time - arrival time)
  Source:                 slow_reset_slow_reg[1]/C
                            (rising edge-triggered cell FDCE clocked by source_100  {rise@0.000ns fall@5.000ns period=10.000ns})
  Destination:            source_bank/metadata_in_hold_reg[44]/CE
                            (rising edge-triggered cell FDRE clocked by source_100  {rise@0.000ns fall@5.000ns period=10.000ns})
  Path Group:             source_100
  Path Type:              Setup (Max at Slow Process Corner)
  Requirement:            10.000ns  (source_100 rise@10.000ns - source_100 rise@0.000ns)
  Data Path Delay:        7.860ns  (logic 1.198ns (15.242%)  route 6.662ns (84.758%))
  Logic Levels:           3  (LUT2=1 LUT4=1 LUT5=1)
  Clock Path Skew:        -0.049ns (DCD - SCD + CPR)
    Destination Clock Delay (DCD):    0.924ns = ( 10.924 - 10.000 ) 
    Source Clock Delay      (SCD):    0.973ns
    Clock Pessimism Removal (CPR):    0.000ns
  Clock Uncertainty:      0.035ns  ((TSJ^2 + TIJ^2)^1/2 + DJ) / 2 + PE
    Total System Jitter     (TSJ):    0.071ns
    Total Input Jitter      (TIJ):    0.000ns
    Discrete Jitter          (DJ):    0.000ns
    Phase Error              (PE):    0.000ns

    Location             Delay type                Incr(ns)  Path(ns)    Netlist Resource(s)
  -------------------------------------------------------------------    -------------------
                         (clock source_100 rise edge)
                                                      0.000     0.000 r  
                                                      0.000     0.000 r  clk (IN)
                         net (fo=183, unset)          0.973     0.973    clk
    SLICE_X17Y0          FDCE                                         r  slow_reset_slow_reg[1]/C
  -------------------------------------------------------------------    -------------------
    SLICE_X17Y0          FDCE (Prop_fdce_C_Q)         0.419     1.392 r  slow_reset_slow_reg[1]/Q
                         net (fo=1, routed)           0.597     1.989    output_bank/out[0]
    SLICE_X16Y0          LUT2 (Prop_lut2_I0_O)        0.299     2.288 f  output_bank/output_valid_INST_0_i_1/O
                         net (fo=35, routed)          2.183     4.470    source_bank/SR[0]
    SLICE_X5Y4           LUT4 (Prop_lut4_I1_O)        0.153     4.623 r  source_bank/input_ready_INST_0_i_1/O
                         net (fo=9, routed)           0.707     5.330    source_bank/input_ready_INST_0_i_1_n_0
    SLICE_X4Y4           LUT5 (Prop_lut5_I0_O)        0.327     5.657 r  source_bank/metadata_in_hold[68]_i_1__0/O
                         net (fo=64, routed)          3.176     8.833    source_bank/metadata_load
    SLICE_X41Y10         FDRE                                         r  source_bank/metadata_in_hold_reg[44]/CE
  -------------------------------------------------------------------    -------------------

                         (clock source_100 rise edge)
                                                     10.000    10.000 r  
                                                      0.000    10.000 r  clk (IN)
                         net (fo=183, unset)          0.924    10.924    source_bank/clk
    SLICE_X41Y10         FDRE                                         r  source_bank/metadata_in_hold_reg[44]/C
                         clock pessimism              0.000    10.924    
                         clock uncertainty           -0.035    10.889    
    SLICE_X41Y10         FDRE (Setup_fdre_C_CE)      -0.205    10.684    source_bank/metadata_in_hold_reg[44]
  -------------------------------------------------------------------
                         required time                         10.684    
                         arrival time                          -8.833    
  -------------------------------------------------------------------
                         slack                                  1.851    

Slack (MET) :             1.991ns  (required time - arrival time)
  Source:                 slow_reset_slow_reg[1]/C
                            (rising edge-triggered cell FDCE clocked by source_100  {rise@0.000ns fall@5.000ns period=10.000ns})
  Destination:            source_bank/metadata_in_hold_reg[27]/CE
                            (rising edge-triggered cell FDRE clocked by source_100  {rise@0.000ns fall@5.000ns period=10.000ns})
  Path Group:             source_100
  Path Type:              Setup (Max at Slow Process Corner)
  Requirement:            10.000ns  (source_100 rise@10.000ns - source_100 rise@0.000ns)
  Data Path Delay:        7.720ns  (logic 1.198ns (15.518%)  route 6.522ns (84.482%))
  Logic Levels:           3  (LUT2=1 LUT4=1 LUT5=1)
  Clock Path Skew:        -0.049ns (DCD - SCD + CPR)
    Destination Clock Delay (DCD):    0.924ns = ( 10.924 - 10.000 ) 
    Source Clock Delay      (SCD):    0.973ns
    Clock Pessimism Removal (CPR):    0.000ns
  Clock Uncertainty:      0.035ns  ((TSJ^2 + TIJ^2)^1/2 + DJ) / 2 + PE
    Total System Jitter     (TSJ):    0.071ns
    Total Input Jitter      (TIJ):    0.000ns
    Discrete Jitter          (DJ):    0.000ns
    Phase Error              (PE):    0.000ns

    Location             Delay type                Incr(ns)  Path(ns)    Netlist Resource(s)
  -------------------------------------------------------------------    -------------------
                         (clock source_100 rise edge)
                                                      0.000     0.000 r  
                                                      0.000     0.000 r  clk (IN)
                         net (fo=183, unset)          0.973     0.973    clk
    SLICE_X17Y0          FDCE                                         r  slow_reset_slow_reg[1]/C
  -------------------------------------------------------------------    -------------------
    SLICE_X17Y0          FDCE (Prop_fdce_C_Q)         0.419     1.392 r  slow_reset_slow_reg[1]/Q
                         net (fo=1, routed)           0.597     1.989    output_bank/out[0]
    SLICE_X16Y0          LUT2 (Prop_lut2_I0_O)        0.299     2.288 f  output_bank/output_valid_INST_0_i_1/O
                         net (fo=35, routed)          2.183     4.470    source_bank/SR[0]
    SLICE_X5Y4           LUT4 (Prop_lut4_I1_O)        0.153     4.623 r  source_bank/input_ready_INST_0_i_1/O
                         net (fo=9, routed)           0.707     5.330    source_bank/input_ready_INST_0_i_1_n_0
    SLICE_X4Y4           LUT5 (Prop_lut5_I0_O)        0.327     5.657 r  source_bank/metadata_in_hold[68]_i_1__0/O
                         net (fo=64, routed)          3.036     8.693    source_bank/metadata_load
    SLICE_X40Y8          FDRE                                         r  source_bank/metadata_in_hold_reg[27]/CE
  -------------------------------------------------------------------    -------------------

                         (clock source_100 rise edge)
                                                     10.000    10.000 r  
                                                      0.000    10.000 r  clk (IN)
                         net (fo=183, unset)          0.924    10.924    source_bank/clk
    SLICE_X40Y8          FDRE                                         r  source_bank/metadata_in_hold_reg[27]/C
                         clock pessimism              0.000    10.924    
                         clock uncertainty           -0.035    10.889    
    SLICE_X40Y8          FDRE (Setup_fdre_C_CE)      -0.205    10.684    source_bank/metadata_in_hold_reg[27]
  -------------------------------------------------------------------
                         required time                         10.684    
                         arrival time                          -8.693    
  -------------------------------------------------------------------
                         slack                                  1.991    

Slack (MET) :             1.991ns  (required time - arrival time)
  Source:                 slow_reset_slow_reg[1]/C
                            (rising edge-triggered cell FDCE clocked by source_100  {rise@0.000ns fall@5.000ns period=10.000ns})
  Destination:            source_bank/metadata_in_hold_reg[46]/CE
                            (rising edge-triggered cell FDRE clocked by source_100  {rise@0.000ns fall@5.000ns period=10.000ns})
  Path Group:             source_100
  Path Type:              Setup (Max at Slow Process Corner)
  Requirement:            10.000ns  (source_100 rise@10.000ns - source_100 rise@0.000ns)
  Data Path Delay:        7.720ns  (logic 1.198ns (15.518%)  route 6.522ns (84.482%))
  Logic Levels:           3  (LUT2=1 LUT4=1 LUT5=1)
  Clock Path Skew:        -0.049ns (DCD - SCD + CPR)
    Destination Clock Delay (DCD):    0.924ns = ( 10.924 - 10.000 ) 
    Source Clock Delay      (SCD):    0.973ns
    Clock Pessimism Removal (CPR):    0.000ns
  Clock Uncertainty:      0.035ns  ((TSJ^2 + TIJ^2)^1/2 + DJ) / 2 + PE
    Total System Jitter     (TSJ):    0.071ns
    Total Input Jitter      (TIJ):    0.000ns
    Discrete Jitter          (DJ):    0.000ns
    Phase Error              (PE):    0.000ns

    Location             Delay type                Incr(ns)  Path(ns)    Netlist Resource(s)
  -------------------------------------------------------------------    -------------------
                         (clock source_100 rise edge)
                                                      0.000     0.000 r  
                                                      0.000     0.000 r  clk (IN)
                         net (fo=183, unset)          0.973     0.973    clk
    SLICE_X17Y0          FDCE                                         r  slow_reset_slow_reg[1]/C
  -------------------------------------------------------------------    -------------------
    SLICE_X17Y0          FDCE (Prop_fdce_C_Q)         0.419     1.392 r  slow_reset_slow_reg[1]/Q
                         net (fo=1, routed)           0.597     1.989    output_bank/out[0]
    SLICE_X16Y0          LUT2 (Prop_lut2_I0_O)        0.299     2.288 f  output_bank/output_valid_INST_0_i_1/O
                         net (fo=35, routed)          2.183     4.470    source_bank/SR[0]
    SLICE_X5Y4           LUT4 (Prop_lut4_I1_O)        0.153     4.623 r  source_bank/input_ready_INST_0_i_1/O
                         net (fo=9, routed)           0.707     5.330    source_bank/input_ready_INST_0_i_1_n_0
    SLICE_X4Y4           LUT5 (Prop_lut5_I0_O)        0.327     5.657 r  source_bank/metadata_in_hold[68]_i_1__0/O
                         net (fo=64, routed)          3.036     8.693    source_bank/metadata_load
    SLICE_X40Y8          FDRE                                         r  source_bank/metadata_in_hold_reg[46]/CE
  -------------------------------------------------------------------    -------------------

                         (clock source_100 rise edge)
                                                     10.000    10.000 r  
                                                      0.000    10.000 r  clk (IN)
                         net (fo=183, unset)          0.924    10.924    source_bank/clk
    SLICE_X40Y8          FDRE                                         r  source_bank/metadata_in_hold_reg[46]/C
                         clock pessimism              0.000    10.924    
                         clock uncertainty           -0.035    10.889    
    SLICE_X40Y8          FDRE (Setup_fdre_C_CE)      -0.205    10.684    source_bank/metadata_in_hold_reg[46]
  -------------------------------------------------------------------
                         required time                         10.684    
                         arrival time                          -8.693    
  -------------------------------------------------------------------
                         slack                                  1.991    

Slack (MET) :             2.014ns  (required time - arrival time)
  Source:                 slow_reset_slow_reg[1]/C
                            (rising edge-triggered cell FDCE clocked by source_100  {rise@0.000ns fall@5.000ns period=10.000ns})
  Destination:            source_bank/metadata_in_hold_reg[30]/CE
                            (rising edge-triggered cell FDRE clocked by source_100  {rise@0.000ns fall@5.000ns period=10.000ns})
  Path Group:             source_100
  Path Type:              Setup (Max at Slow Process Corner)
  Requirement:            10.000ns  (source_100 rise@10.000ns - source_100 rise@0.000ns)
  Data Path Delay:        7.733ns  (logic 1.198ns (15.492%)  route 6.535ns (84.508%))
  Logic Levels:           3  (LUT2=1 LUT4=1 LUT5=1)
  Clock Path Skew:        -0.049ns (DCD - SCD + CPR)
    Destination Clock Delay (DCD):    0.924ns = ( 10.924 - 10.000 ) 
    Source Clock Delay      (SCD):    0.973ns
    Clock Pessimism Removal (CPR):    0.000ns
  Clock Uncertainty:      0.035ns  ((TSJ^2 + TIJ^2)^1/2 + DJ) / 2 + PE
    Total System Jitter     (TSJ):    0.071ns
    Total Input Jitter      (TIJ):    0.000ns
    Discrete Jitter          (DJ):    0.000ns
    Phase Error              (PE):    0.000ns

    Location             Delay type                Incr(ns)  Path(ns)    Netlist Resource(s)
  -------------------------------------------------------------------    -------------------
                         (clock source_100 rise edge)
                                                      0.000     0.000 r  
                                                      0.000     0.000 r  clk (IN)
                         net (fo=183, unset)          0.973     0.973    clk
    SLICE_X17Y0          FDCE                                         r  slow_reset_slow_reg[1]/C
  -------------------------------------------------------------------    -------------------
    SLICE_X17Y0          FDCE (Prop_fdce_C_Q)         0.419     1.392 r  slow_reset_slow_reg[1]/Q
                         net (fo=1, routed)           0.597     1.989    output_bank/out[0]
    SLICE_X16Y0          LUT2 (Prop_lut2_I0_O)        0.299     2.288 f  output_bank/output_valid_INST_0_i_1/O
                         net (fo=35, routed)          2.183     4.470    source_bank/SR[0]
    SLICE_X5Y4           LUT4 (Prop_lut4_I1_O)        0.153     4.623 r  source_bank/input_ready_INST_0_i_1/O
                         net (fo=9, routed)           0.707     5.330    source_bank/input_ready_INST_0_i_1_n_0
    SLICE_X4Y4           LUT5 (Prop_lut5_I0_O)        0.327     5.657 r  source_bank/metadata_in_hold[68]_i_1__0/O
                         net (fo=64, routed)          3.049     8.706    source_bank/metadata_load
    SLICE_X38Y7          FDRE                                         r  source_bank/metadata_in_hold_reg[30]/CE
  -------------------------------------------------------------------    -------------------

                         (clock source_100 rise edge)
                                                     10.000    10.000 r  
                                                      0.000    10.000 r  clk (IN)
                         net (fo=183, unset)          0.924    10.924    source_bank/clk
    SLICE_X38Y7          FDRE                                         r  source_bank/metadata_in_hold_reg[30]/C
                         clock pessimism              0.000    10.924    
                         clock uncertainty           -0.035    10.889    
    SLICE_X38Y7          FDRE (Setup_fdre_C_CE)      -0.169    10.720    source_bank/metadata_in_hold_reg[30]
  -------------------------------------------------------------------
                         required time                         10.720    
                         arrival time                          -8.706    
  -------------------------------------------------------------------
                         slack                                  2.014    

Slack (MET) :             2.014ns  (required time - arrival time)
  Source:                 slow_reset_slow_reg[1]/C
                            (rising edge-triggered cell FDCE clocked by source_100  {rise@0.000ns fall@5.000ns period=10.000ns})
  Destination:            source_bank/metadata_in_hold_reg[32]/CE
                            (rising edge-triggered cell FDRE clocked by source_100  {rise@0.000ns fall@5.000ns period=10.000ns})
  Path Group:             source_100
  Path Type:              Setup (Max at Slow Process Corner)
  Requirement:            10.000ns  (source_100 rise@10.000ns - source_100 rise@0.000ns)
  Data Path Delay:        7.733ns  (logic 1.198ns (15.492%)  route 6.535ns (84.508%))
  Logic Levels:           3  (LUT2=1 LUT4=1 LUT5=1)
  Clock Path Skew:        -0.049ns (DCD - SCD + CPR)
    Destination Clock Delay (DCD):    0.924ns = ( 10.924 - 10.000 ) 
    Source Clock Delay      (SCD):    0.973ns
    Clock Pessimism Removal (CPR):    0.000ns
  Clock Uncertainty:      0.035ns  ((TSJ^2 + TIJ^2)^1/2 + DJ) / 2 + PE
    Total System Jitter     (TSJ):    0.071ns
    Total Input Jitter      (TIJ):    0.000ns
    Discrete Jitter          (DJ):    0.000ns
    Phase Error              (PE):    0.000ns

    Location             Delay type                Incr(ns)  Path(ns)    Netlist Resource(s)
  -------------------------------------------------------------------    -------------------
                         (clock source_100 rise edge)
                                                      0.000     0.000 r  
                                                      0.000     0.000 r  clk (IN)
                         net (fo=183, unset)          0.973     0.973    clk
    SLICE_X17Y0          FDCE                                         r  slow_reset_slow_reg[1]/C
  -------------------------------------------------------------------    -------------------
    SLICE_X17Y0          FDCE (Prop_fdce_C_Q)         0.419     1.392 r  slow_reset_slow_reg[1]/Q
                         net (fo=1, routed)           0.597     1.989    output_bank/out[0]
    SLICE_X16Y0          LUT2 (Prop_lut2_I0_O)        0.299     2.288 f  output_bank/output_valid_INST_0_i_1/O
                         net (fo=35, routed)          2.183     4.470    source_bank/SR[0]
    SLICE_X5Y4           LUT4 (Prop_lut4_I1_O)        0.153     4.623 r  source_bank/input_ready_INST_0_i_1/O
                         net (fo=9, routed)           0.707     5.330    source_bank/input_ready_INST_0_i_1_n_0
    SLICE_X4Y4           LUT5 (Prop_lut5_I0_O)        0.327     5.657 r  source_bank/metadata_in_hold[68]_i_1__0/O
                         net (fo=64, routed)          3.049     8.706    source_bank/metadata_load
    SLICE_X38Y7          FDRE                                         r  source_bank/metadata_in_hold_reg[32]/CE
  -------------------------------------------------------------------    -------------------

                         (clock source_100 rise edge)
                                                     10.000    10.000 r  
                                                      0.000    10.000 r  clk (IN)
                         net (fo=183, unset)          0.924    10.924    source_bank/clk
    SLICE_X38Y7          FDRE                                         r  source_bank/metadata_in_hold_reg[32]/C
                         clock pessimism              0.000    10.924    
                         clock uncertainty           -0.035    10.889    
    SLICE_X38Y7          FDRE (Setup_fdre_C_CE)      -0.169    10.720    source_bank/metadata_in_hold_reg[32]
  -------------------------------------------------------------------
                         required time                         10.720    
                         arrival time                          -8.706    
  -------------------------------------------------------------------
                         slack                                  2.014    

Slack (MET) :             2.014ns  (required time - arrival time)
  Source:                 slow_reset_slow_reg[1]/C
                            (rising edge-triggered cell FDCE clocked by source_100  {rise@0.000ns fall@5.000ns period=10.000ns})
  Destination:            source_bank/metadata_in_hold_reg[34]/CE
                            (rising edge-triggered cell FDRE clocked by source_100  {rise@0.000ns fall@5.000ns period=10.000ns})
  Path Group:             source_100
  Path Type:              Setup (Max at Slow Process Corner)
  Requirement:            10.000ns  (source_100 rise@10.000ns - source_100 rise@0.000ns)
  Data Path Delay:        7.733ns  (logic 1.198ns (15.492%)  route 6.535ns (84.508%))
  Logic Levels:           3  (LUT2=1 LUT4=1 LUT5=1)
  Clock Path Skew:        -0.049ns (DCD - SCD + CPR)
    Destination Clock Delay (DCD):    0.924ns = ( 10.924 - 10.000 ) 
    Source Clock Delay      (SCD):    0.973ns
    Clock Pessimism Removal (CPR):    0.000ns
  Clock Uncertainty:      0.035ns  ((TSJ^2 + TIJ^2)^1/2 + DJ) / 2 + PE
    Total System Jitter     (TSJ):    0.071ns
    Total Input Jitter      (TIJ):    0.000ns
    Discrete Jitter          (DJ):    0.000ns
    Phase Error              (PE):    0.000ns

    Location             Delay type                Incr(ns)  Path(ns)    Netlist Resource(s)
  -------------------------------------------------------------------    -------------------
                         (clock source_100 rise edge)
                                                      0.000     0.000 r  
                                                      0.000     0.000 r  clk (IN)
                         net (fo=183, unset)          0.973     0.973    clk
    SLICE_X17Y0          FDCE                                         r  slow_reset_slow_reg[1]/C
  -------------------------------------------------------------------    -------------------
    SLICE_X17Y0          FDCE (Prop_fdce_C_Q)         0.419     1.392 r  slow_reset_slow_reg[1]/Q
                         net (fo=1, routed)           0.597     1.989    output_bank/out[0]
    SLICE_X16Y0          LUT2 (Prop_lut2_I0_O)        0.299     2.288 f  output_bank/output_valid_INST_0_i_1/O
                         net (fo=35, routed)          2.183     4.470    source_bank/SR[0]
    SLICE_X5Y4           LUT4 (Prop_lut4_I1_O)        0.153     4.623 r  source_bank/input_ready_INST_0_i_1/O
                         net (fo=9, routed)           0.707     5.330    source_bank/input_ready_INST_0_i_1_n_0
    SLICE_X4Y4           LUT5 (Prop_lut5_I0_O)        0.327     5.657 r  source_bank/metadata_in_hold[68]_i_1__0/O
                         net (fo=64, routed)          3.049     8.706    source_bank/metadata_load
    SLICE_X38Y7          FDRE                                         r  source_bank/metadata_in_hold_reg[34]/CE
  -------------------------------------------------------------------    -------------------

                         (clock source_100 rise edge)
                                                     10.000    10.000 r  
                                                      0.000    10.000 r  clk (IN)
                         net (fo=183, unset)          0.924    10.924    source_bank/clk
    SLICE_X38Y7          FDRE                                         r  source_bank/metadata_in_hold_reg[34]/C
                         clock pessimism              0.000    10.924    
                         clock uncertainty           -0.035    10.889    
    SLICE_X38Y7          FDRE (Setup_fdre_C_CE)      -0.169    10.720    source_bank/metadata_in_hold_reg[34]
  -------------------------------------------------------------------
                         required time                         10.720    
                         arrival time                          -8.706    
  -------------------------------------------------------------------
                         slack                                  2.014    

Slack (MET) :             2.014ns  (required time - arrival time)
  Source:                 slow_reset_slow_reg[1]/C
                            (rising edge-triggered cell FDCE clocked by source_100  {rise@0.000ns fall@5.000ns period=10.000ns})
  Destination:            source_bank/metadata_in_hold_reg[36]/CE
                            (rising edge-triggered cell FDRE clocked by source_100  {rise@0.000ns fall@5.000ns period=10.000ns})
  Path Group:             source_100
  Path Type:              Setup (Max at Slow Process Corner)
  Requirement:            10.000ns  (source_100 rise@10.000ns - source_100 rise@0.000ns)
  Data Path Delay:        7.733ns  (logic 1.198ns (15.492%)  route 6.535ns (84.508%))
  Logic Levels:           3  (LUT2=1 LUT4=1 LUT5=1)
  Clock Path Skew:        -0.049ns (DCD - SCD + CPR)
    Destination Clock Delay (DCD):    0.924ns = ( 10.924 - 10.000 ) 
    Source Clock Delay      (SCD):    0.973ns
    Clock Pessimism Removal (CPR):    0.000ns
  Clock Uncertainty:      0.035ns  ((TSJ^2 + TIJ^2)^1/2 + DJ) / 2 + PE
    Total System Jitter     (TSJ):    0.071ns
    Total Input Jitter      (TIJ):    0.000ns
    Discrete Jitter          (DJ):    0.000ns
    Phase Error              (PE):    0.000ns

    Location             Delay type                Incr(ns)  Path(ns)    Netlist Resource(s)
  -------------------------------------------------------------------    -------------------
                         (clock source_100 rise edge)
                                                      0.000     0.000 r  
                                                      0.000     0.000 r  clk (IN)
                         net (fo=183, unset)          0.973     0.973    clk
    SLICE_X17Y0          FDCE                                         r  slow_reset_slow_reg[1]/C
  -------------------------------------------------------------------    -------------------
    SLICE_X17Y0          FDCE (Prop_fdce_C_Q)         0.419     1.392 r  slow_reset_slow_reg[1]/Q
                         net (fo=1, routed)           0.597     1.989    output_bank/out[0]
    SLICE_X16Y0          LUT2 (Prop_lut2_I0_O)        0.299     2.288 f  output_bank/output_valid_INST_0_i_1/O
                         net (fo=35, routed)          2.183     4.470    source_bank/SR[0]
    SLICE_X5Y4           LUT4 (Prop_lut4_I1_O)        0.153     4.623 r  source_bank/input_ready_INST_0_i_1/O
                         net (fo=9, routed)           0.707     5.330    source_bank/input_ready_INST_0_i_1_n_0
    SLICE_X4Y4           LUT5 (Prop_lut5_I0_O)        0.327     5.657 r  source_bank/metadata_in_hold[68]_i_1__0/O
                         net (fo=64, routed)          3.049     8.706    source_bank/metadata_load
    SLICE_X38Y7          FDRE                                         r  source_bank/metadata_in_hold_reg[36]/CE
  -------------------------------------------------------------------    -------------------

                         (clock source_100 rise edge)
                                                     10.000    10.000 r  
                                                      0.000    10.000 r  clk (IN)
                         net (fo=183, unset)          0.924    10.924    source_bank/clk
    SLICE_X38Y7          FDRE                                         r  source_bank/metadata_in_hold_reg[36]/C
                         clock pessimism              0.000    10.924    
                         clock uncertainty           -0.035    10.889    
    SLICE_X38Y7          FDRE (Setup_fdre_C_CE)      -0.169    10.720    source_bank/metadata_in_hold_reg[36]
  -------------------------------------------------------------------
                         required time                         10.720    
                         arrival time                          -8.706    
  -------------------------------------------------------------------
                         slack                                  2.014    

Slack (MET) :             2.132ns  (required time - arrival time)
  Source:                 slow_reset_slow_reg[1]/C
                            (rising edge-triggered cell FDCE clocked by source_100  {rise@0.000ns fall@5.000ns period=10.000ns})
  Destination:            source_bank/metadata_in_hold_reg[17]/CE
                            (rising edge-triggered cell FDRE clocked by source_100  {rise@0.000ns fall@5.000ns period=10.000ns})
  Path Group:             source_100
  Path Type:              Setup (Max at Slow Process Corner)
  Requirement:            10.000ns  (source_100 rise@10.000ns - source_100 rise@0.000ns)
  Data Path Delay:        7.579ns  (logic 1.198ns (15.807%)  route 6.381ns (84.193%))
  Logic Levels:           3  (LUT2=1 LUT4=1 LUT5=1)
  Clock Path Skew:        -0.049ns (DCD - SCD + CPR)
    Destination Clock Delay (DCD):    0.924ns = ( 10.924 - 10.000 ) 
    Source Clock Delay      (SCD):    0.973ns
    Clock Pessimism Removal (CPR):    0.000ns
  Clock Uncertainty:      0.035ns  ((TSJ^2 + TIJ^2)^1/2 + DJ) / 2 + PE
    Total System Jitter     (TSJ):    0.071ns
    Total Input Jitter      (TIJ):    0.000ns
    Discrete Jitter          (DJ):    0.000ns
    Phase Error              (PE):    0.000ns

    Location             Delay type                Incr(ns)  Path(ns)    Netlist Resource(s)
  -------------------------------------------------------------------    -------------------
                         (clock source_100 rise edge)
                                                      0.000     0.000 r  
                                                      0.000     0.000 r  clk (IN)
                         net (fo=183, unset)          0.973     0.973    clk
    SLICE_X17Y0          FDCE                                         r  slow_reset_slow_reg[1]/C
  -------------------------------------------------------------------    -------------------
    SLICE_X17Y0          FDCE (Prop_fdce_C_Q)         0.419     1.392 r  slow_reset_slow_reg[1]/Q
                         net (fo=1, routed)           0.597     1.989    output_bank/out[0]
    SLICE_X16Y0          LUT2 (Prop_lut2_I0_O)        0.299     2.288 f  output_bank/output_valid_INST_0_i_1/O
                         net (fo=35, routed)          2.183     4.470    source_bank/SR[0]
    SLICE_X5Y4           LUT4 (Prop_lut4_I1_O)        0.153     4.623 r  source_bank/input_ready_INST_0_i_1/O
                         net (fo=9, routed)           0.707     5.330    source_bank/input_ready_INST_0_i_1_n_0
    SLICE_X4Y4           LUT5 (Prop_lut5_I0_O)        0.327     5.657 r  source_bank/metadata_in_hold[68]_i_1__0/O
                         net (fo=64, routed)          2.895     8.552    source_bank/metadata_load
    SLICE_X40Y7          FDRE                                         r  source_bank/metadata_in_hold_reg[17]/CE
  -------------------------------------------------------------------    -------------------

                         (clock source_100 rise edge)
                                                     10.000    10.000 r  
                                                      0.000    10.000 r  clk (IN)
                         net (fo=183, unset)          0.924    10.924    source_bank/clk
    SLICE_X40Y7          FDRE                                         r  source_bank/metadata_in_hold_reg[17]/C
                         clock pessimism              0.000    10.924    
                         clock uncertainty           -0.035    10.889    
    SLICE_X40Y7          FDRE (Setup_fdre_C_CE)      -0.205    10.684    source_bank/metadata_in_hold_reg[17]
  -------------------------------------------------------------------
                         required time                         10.684    
                         arrival time                          -8.552    
  -------------------------------------------------------------------
                         slack                                  2.132    

Slack (MET) :             2.132ns  (required time - arrival time)
  Source:                 slow_reset_slow_reg[1]/C
                            (rising edge-triggered cell FDCE clocked by source_100  {rise@0.000ns fall@5.000ns period=10.000ns})
  Destination:            source_bank/metadata_in_hold_reg[33]/CE
                            (rising edge-triggered cell FDRE clocked by source_100  {rise@0.000ns fall@5.000ns period=10.000ns})
  Path Group:             source_100
  Path Type:              Setup (Max at Slow Process Corner)
  Requirement:            10.000ns  (source_100 rise@10.000ns - source_100 rise@0.000ns)
  Data Path Delay:        7.579ns  (logic 1.198ns (15.807%)  route 6.381ns (84.193%))
  Logic Levels:           3  (LUT2=1 LUT4=1 LUT5=1)
  Clock Path Skew:        -0.049ns (DCD - SCD + CPR)
    Destination Clock Delay (DCD):    0.924ns = ( 10.924 - 10.000 ) 
    Source Clock Delay      (SCD):    0.973ns
    Clock Pessimism Removal (CPR):    0.000ns
  Clock Uncertainty:      0.035ns  ((TSJ^2 + TIJ^2)^1/2 + DJ) / 2 + PE
    Total System Jitter     (TSJ):    0.071ns
    Total Input Jitter      (TIJ):    0.000ns
    Discrete Jitter          (DJ):    0.000ns
    Phase Error              (PE):    0.000ns

    Location             Delay type                Incr(ns)  Path(ns)    Netlist Resource(s)
  -------------------------------------------------------------------    -------------------
                         (clock source_100 rise edge)
                                                      0.000     0.000 r  
                                                      0.000     0.000 r  clk (IN)
                         net (fo=183, unset)          0.973     0.973    clk
    SLICE_X17Y0          FDCE                                         r  slow_reset_slow_reg[1]/C
  -------------------------------------------------------------------    -------------------
    SLICE_X17Y0          FDCE (Prop_fdce_C_Q)         0.419     1.392 r  slow_reset_slow_reg[1]/Q
                         net (fo=1, routed)           0.597     1.989    output_bank/out[0]
    SLICE_X16Y0          LUT2 (Prop_lut2_I0_O)        0.299     2.288 f  output_bank/output_valid_INST_0_i_1/O
                         net (fo=35, routed)          2.183     4.470    source_bank/SR[0]
    SLICE_X5Y4           LUT4 (Prop_lut4_I1_O)        0.153     4.623 r  source_bank/input_ready_INST_0_i_1/O
                         net (fo=9, routed)           0.707     5.330    source_bank/input_ready_INST_0_i_1_n_0
    SLICE_X4Y4           LUT5 (Prop_lut5_I0_O)        0.327     5.657 r  source_bank/metadata_in_hold[68]_i_1__0/O
                         net (fo=64, routed)          2.895     8.552    source_bank/metadata_load
    SLICE_X40Y7          FDRE                                         r  source_bank/metadata_in_hold_reg[33]/CE
  -------------------------------------------------------------------    -------------------

                         (clock source_100 rise edge)
                                                     10.000    10.000 r  
                                                      0.000    10.000 r  clk (IN)
                         net (fo=183, unset)          0.924    10.924    source_bank/clk
    SLICE_X40Y7          FDRE                                         r  source_bank/metadata_in_hold_reg[33]/C
                         clock pessimism              0.000    10.924    
                         clock uncertainty           -0.035    10.889    
    SLICE_X40Y7          FDRE (Setup_fdre_C_CE)      -0.205    10.684    source_bank/metadata_in_hold_reg[33]
  -------------------------------------------------------------------
                         required time                         10.684    
                         arrival time                          -8.552    
  -------------------------------------------------------------------
                         slack                                  2.132    

Slack (MET) :             2.132ns  (required time - arrival time)
  Source:                 slow_reset_slow_reg[1]/C
                            (rising edge-triggered cell FDCE clocked by source_100  {rise@0.000ns fall@5.000ns period=10.000ns})
  Destination:            source_bank/metadata_in_hold_reg[35]/CE
                            (rising edge-triggered cell FDRE clocked by source_100  {rise@0.000ns fall@5.000ns period=10.000ns})
  Path Group:             source_100
  Path Type:              Setup (Max at Slow Process Corner)
  Requirement:            10.000ns  (source_100 rise@10.000ns - source_100 rise@0.000ns)
  Data Path Delay:        7.579ns  (logic 1.198ns (15.807%)  route 6.381ns (84.193%))
  Logic Levels:           3  (LUT2=1 LUT4=1 LUT5=1)
  Clock Path Skew:        -0.049ns (DCD - SCD + CPR)
    Destination Clock Delay (DCD):    0.924ns = ( 10.924 - 10.000 ) 
    Source Clock Delay      (SCD):    0.973ns
    Clock Pessimism Removal (CPR):    0.000ns
  Clock Uncertainty:      0.035ns  ((TSJ^2 + TIJ^2)^1/2 + DJ) / 2 + PE
    Total System Jitter     (TSJ):    0.071ns
    Total Input Jitter      (TIJ):    0.000ns
    Discrete Jitter          (DJ):    0.000ns
    Phase Error              (PE):    0.000ns

    Location             Delay type                Incr(ns)  Path(ns)    Netlist Resource(s)
  -------------------------------------------------------------------    -------------------
                         (clock source_100 rise edge)
                                                      0.000     0.000 r  
                                                      0.000     0.000 r  clk (IN)
                         net (fo=183, unset)          0.973     0.973    clk
    SLICE_X17Y0          FDCE                                         r  slow_reset_slow_reg[1]/C
  -------------------------------------------------------------------    -------------------
    SLICE_X17Y0          FDCE (Prop_fdce_C_Q)         0.419     1.392 r  slow_reset_slow_reg[1]/Q
                         net (fo=1, routed)           0.597     1.989    output_bank/out[0]
    SLICE_X16Y0          LUT2 (Prop_lut2_I0_O)        0.299     2.288 f  output_bank/output_valid_INST_0_i_1/O
                         net (fo=35, routed)          2.183     4.470    source_bank/SR[0]
    SLICE_X5Y4           LUT4 (Prop_lut4_I1_O)        0.153     4.623 r  source_bank/input_ready_INST_0_i_1/O
                         net (fo=9, routed)           0.707     5.330    source_bank/input_ready_INST_0_i_1_n_0
    SLICE_X4Y4           LUT5 (Prop_lut5_I0_O)        0.327     5.657 r  source_bank/metadata_in_hold[68]_i_1__0/O
                         net (fo=64, routed)          2.895     8.552    source_bank/metadata_load
    SLICE_X40Y7          FDRE                                         r  source_bank/metadata_in_hold_reg[35]/CE
  -------------------------------------------------------------------    -------------------

                         (clock source_100 rise edge)
                                                     10.000    10.000 r  
                                                      0.000    10.000 r  clk (IN)
                         net (fo=183, unset)          0.924    10.924    source_bank/clk
    SLICE_X40Y7          FDRE                                         r  source_bank/metadata_in_hold_reg[35]/C
                         clock pessimism              0.000    10.924    
                         clock uncertainty           -0.035    10.889    
    SLICE_X40Y7          FDRE (Setup_fdre_C_CE)      -0.205    10.684    source_bank/metadata_in_hold_reg[35]
  -------------------------------------------------------------------
                         required time                         10.684    
                         arrival time                          -8.552    
  -------------------------------------------------------------------
                         slack                                  2.132    

Slack (MET) :             2.132ns  (required time - arrival time)
  Source:                 slow_reset_slow_reg[1]/C
                            (rising edge-triggered cell FDCE clocked by source_100  {rise@0.000ns fall@5.000ns period=10.000ns})
  Destination:            source_bank/metadata_in_hold_reg[37]/CE
                            (rising edge-triggered cell FDRE clocked by source_100  {rise@0.000ns fall@5.000ns period=10.000ns})
  Path Group:             source_100
  Path Type:              Setup (Max at Slow Process Corner)
  Requirement:            10.000ns  (source_100 rise@10.000ns - source_100 rise@0.000ns)
  Data Path Delay:        7.579ns  (logic 1.198ns (15.807%)  route 6.381ns (84.193%))
  Logic Levels:           3  (LUT2=1 LUT4=1 LUT5=1)
  Clock Path Skew:        -0.049ns (DCD - SCD + CPR)
    Destination Clock Delay (DCD):    0.924ns = ( 10.924 - 10.000 ) 
    Source Clock Delay      (SCD):    0.973ns
    Clock Pessimism Removal (CPR):    0.000ns
  Clock Uncertainty:      0.035ns  ((TSJ^2 + TIJ^2)^1/2 + DJ) / 2 + PE
    Total System Jitter     (TSJ):    0.071ns
    Total Input Jitter      (TIJ):    0.000ns
    Discrete Jitter          (DJ):    0.000ns
    Phase Error              (PE):    0.000ns

    Location             Delay type                Incr(ns)  Path(ns)    Netlist Resource(s)
  -------------------------------------------------------------------    -------------------
                         (clock source_100 rise edge)
                                                      0.000     0.000 r  
                                                      0.000     0.000 r  clk (IN)
                         net (fo=183, unset)          0.973     0.973    clk
    SLICE_X17Y0          FDCE                                         r  slow_reset_slow_reg[1]/C
  -------------------------------------------------------------------    -------------------
    SLICE_X17Y0          FDCE (Prop_fdce_C_Q)         0.419     1.392 r  slow_reset_slow_reg[1]/Q
                         net (fo=1, routed)           0.597     1.989    output_bank/out[0]
    SLICE_X16Y0          LUT2 (Prop_lut2_I0_O)        0.299     2.288 f  output_bank/output_valid_INST_0_i_1/O
                         net (fo=35, routed)          2.183     4.470    source_bank/SR[0]
    SLICE_X5Y4           LUT4 (Prop_lut4_I1_O)        0.153     4.623 r  source_bank/input_ready_INST_0_i_1/O
                         net (fo=9, routed)           0.707     5.330    source_bank/input_ready_INST_0_i_1_n_0
    SLICE_X4Y4           LUT5 (Prop_lut5_I0_O)        0.327     5.657 r  source_bank/metadata_in_hold[68]_i_1__0/O
                         net (fo=64, routed)          2.895     8.552    source_bank/metadata_load
    SLICE_X40Y7          FDRE                                         r  source_bank/metadata_in_hold_reg[37]/CE
  -------------------------------------------------------------------    -------------------

                         (clock source_100 rise edge)
                                                     10.000    10.000 r  
                                                      0.000    10.000 r  clk (IN)
                         net (fo=183, unset)          0.924    10.924    source_bank/clk
    SLICE_X40Y7          FDRE                                         r  source_bank/metadata_in_hold_reg[37]/C
                         clock pessimism              0.000    10.924    
                         clock uncertainty           -0.035    10.889    
    SLICE_X40Y7          FDRE (Setup_fdre_C_CE)      -0.205    10.684    source_bank/metadata_in_hold_reg[37]
  -------------------------------------------------------------------
                         required time                         10.684    
                         arrival time                          -8.552    
  -------------------------------------------------------------------
                         slack                                  2.132    

Slack (MET) :             2.132ns  (required time - arrival time)
  Source:                 slow_reset_slow_reg[1]/C
                            (rising edge-triggered cell FDCE clocked by source_100  {rise@0.000ns fall@5.000ns period=10.000ns})
  Destination:            source_bank/metadata_in_hold_reg[38]/CE
                            (rising edge-triggered cell FDRE clocked by source_100  {rise@0.000ns fall@5.000ns period=10.000ns})
  Path Group:             source_100
  Path Type:              Setup (Max at Slow Process Corner)
  Requirement:            10.000ns  (source_100 rise@10.000ns - source_100 rise@0.000ns)
  Data Path Delay:        7.579ns  (logic 1.198ns (15.807%)  route 6.381ns (84.193%))
  Logic Levels:           3  (LUT2=1 LUT4=1 LUT5=1)
  Clock Path Skew:        -0.049ns (DCD - SCD + CPR)
    Destination Clock Delay (DCD):    0.924ns = ( 10.924 - 10.000 ) 
    Source Clock Delay      (SCD):    0.973ns
    Clock Pessimism Removal (CPR):    0.000ns
  Clock Uncertainty:      0.035ns  ((TSJ^2 + TIJ^2)^1/2 + DJ) / 2 + PE
    Total System Jitter     (TSJ):    0.071ns
    Total Input Jitter      (TIJ):    0.000ns
    Discrete Jitter          (DJ):    0.000ns
    Phase Error              (PE):    0.000ns

    Location             Delay type                Incr(ns)  Path(ns)    Netlist Resource(s)
  -------------------------------------------------------------------    -------------------
                         (clock source_100 rise edge)
                                                      0.000     0.000 r  
                                                      0.000     0.000 r  clk (IN)
                         net (fo=183, unset)          0.973     0.973    clk
    SLICE_X17Y0          FDCE                                         r  slow_reset_slow_reg[1]/C
  -------------------------------------------------------------------    -------------------
    SLICE_X17Y0          FDCE (Prop_fdce_C_Q)         0.419     1.392 r  slow_reset_slow_reg[1]/Q
                         net (fo=1, routed)           0.597     1.989    output_bank/out[0]
    SLICE_X16Y0          LUT2 (Prop_lut2_I0_O)        0.299     2.288 f  output_bank/output_valid_INST_0_i_1/O
                         net (fo=35, routed)          2.183     4.470    source_bank/SR[0]
    SLICE_X5Y4           LUT4 (Prop_lut4_I1_O)        0.153     4.623 r  source_bank/input_ready_INST_0_i_1/O
                         net (fo=9, routed)           0.707     5.330    source_bank/input_ready_INST_0_i_1_n_0
    SLICE_X4Y4           LUT5 (Prop_lut5_I0_O)        0.327     5.657 r  source_bank/metadata_in_hold[68]_i_1__0/O
                         net (fo=64, routed)          2.895     8.552    source_bank/metadata_load
    SLICE_X40Y7          FDRE                                         r  source_bank/metadata_in_hold_reg[38]/CE
  -------------------------------------------------------------------    -------------------

                         (clock source_100 rise edge)
                                                     10.000    10.000 r  
                                                      0.000    10.000 r  clk (IN)
                         net (fo=183, unset)          0.924    10.924    source_bank/clk
    SLICE_X40Y7          FDRE                                         r  source_bank/metadata_in_hold_reg[38]/C
                         clock pessimism              0.000    10.924    
                         clock uncertainty           -0.035    10.889    
    SLICE_X40Y7          FDRE (Setup_fdre_C_CE)      -0.205    10.684    source_bank/metadata_in_hold_reg[38]
  -------------------------------------------------------------------
                         required time                         10.684    
                         arrival time                          -8.552    
  -------------------------------------------------------------------
                         slack                                  2.132    

Slack (MET) :             2.132ns  (required time - arrival time)
  Source:                 slow_reset_slow_reg[1]/C
                            (rising edge-triggered cell FDCE clocked by source_100  {rise@0.000ns fall@5.000ns period=10.000ns})
  Destination:            source_bank/metadata_in_hold_reg[53]/CE
                            (rising edge-triggered cell FDRE clocked by source_100  {rise@0.000ns fall@5.000ns period=10.000ns})
  Path Group:             source_100
  Path Type:              Setup (Max at Slow Process Corner)
  Requirement:            10.000ns  (source_100 rise@10.000ns - source_100 rise@0.000ns)
  Data Path Delay:        7.579ns  (logic 1.198ns (15.807%)  route 6.381ns (84.193%))
  Logic Levels:           3  (LUT2=1 LUT4=1 LUT5=1)
  Clock Path Skew:        -0.049ns (DCD - SCD + CPR)
    Destination Clock Delay (DCD):    0.924ns = ( 10.924 - 10.000 ) 
    Source Clock Delay      (SCD):    0.973ns
    Clock Pessimism Removal (CPR):    0.000ns
  Clock Uncertainty:      0.035ns  ((TSJ^2 + TIJ^2)^1/2 + DJ) / 2 + PE
    Total System Jitter     (TSJ):    0.071ns
    Total Input Jitter      (TIJ):    0.000ns
    Discrete Jitter          (DJ):    0.000ns
    Phase Error              (PE):    0.000ns

    Location             Delay type                Incr(ns)  Path(ns)    Netlist Resource(s)
  -------------------------------------------------------------------    -------------------
                         (clock source_100 rise edge)
                                                      0.000     0.000 r  
                                                      0.000     0.000 r  clk (IN)
                         net (fo=183, unset)          0.973     0.973    clk
    SLICE_X17Y0          FDCE                                         r  slow_reset_slow_reg[1]/C
  -------------------------------------------------------------------    -------------------
    SLICE_X17Y0          FDCE (Prop_fdce_C_Q)         0.419     1.392 r  slow_reset_slow_reg[1]/Q
                         net (fo=1, routed)           0.597     1.989    output_bank/out[0]
    SLICE_X16Y0          LUT2 (Prop_lut2_I0_O)        0.299     2.288 f  output_bank/output_valid_INST_0_i_1/O
                         net (fo=35, routed)          2.183     4.470    source_bank/SR[0]
    SLICE_X5Y4           LUT4 (Prop_lut4_I1_O)        0.153     4.623 r  source_bank/input_ready_INST_0_i_1/O
                         net (fo=9, routed)           0.707     5.330    source_bank/input_ready_INST_0_i_1_n_0
    SLICE_X4Y4           LUT5 (Prop_lut5_I0_O)        0.327     5.657 r  source_bank/metadata_in_hold[68]_i_1__0/O
                         net (fo=64, routed)          2.895     8.552    source_bank/metadata_load
    SLICE_X40Y7          FDRE                                         r  source_bank/metadata_in_hold_reg[53]/CE
  -------------------------------------------------------------------    -------------------

                         (clock source_100 rise edge)
                                                     10.000    10.000 r  
                                                      0.000    10.000 r  clk (IN)
                         net (fo=183, unset)          0.924    10.924    source_bank/clk
    SLICE_X40Y7          FDRE                                         r  source_bank/metadata_in_hold_reg[53]/C
                         clock pessimism              0.000    10.924    
                         clock uncertainty           -0.035    10.889    
    SLICE_X40Y7          FDRE (Setup_fdre_C_CE)      -0.205    10.684    source_bank/metadata_in_hold_reg[53]
  -------------------------------------------------------------------
                         required time                         10.684    
                         arrival time                          -8.552    
  -------------------------------------------------------------------
                         slack                                  2.132    

Slack (MET) :             2.143ns  (required time - arrival time)
  Source:                 slow_reset_slow_reg[1]/C
                            (rising edge-triggered cell FDCE clocked by source_100  {rise@0.000ns fall@5.000ns period=10.000ns})
  Destination:            source_bank/metadata_in_hold_reg[18]/CE
                            (rising edge-triggered cell FDRE clocked by source_100  {rise@0.000ns fall@5.000ns period=10.000ns})
  Path Group:             source_100
  Path Type:              Setup (Max at Slow Process Corner)
  Requirement:            10.000ns  (source_100 rise@10.000ns - source_100 rise@0.000ns)
  Data Path Delay:        7.568ns  (logic 1.198ns (15.830%)  route 6.370ns (84.170%))
  Logic Levels:           3  (LUT2=1 LUT4=1 LUT5=1)
  Clock Path Skew:        -0.049ns (DCD - SCD + CPR)
    Destination Clock Delay (DCD):    0.924ns = ( 10.924 - 10.000 ) 
    Source Clock Delay      (SCD):    0.973ns
    Clock Pessimism Removal (CPR):    0.000ns
  Clock Uncertainty:      0.035ns  ((TSJ^2 + TIJ^2)^1/2 + DJ) / 2 + PE
    Total System Jitter     (TSJ):    0.071ns
    Total Input Jitter      (TIJ):    0.000ns
    Discrete Jitter          (DJ):    0.000ns
    Phase Error              (PE):    0.000ns

    Location             Delay type                Incr(ns)  Path(ns)    Netlist Resource(s)
  -------------------------------------------------------------------    -------------------
                         (clock source_100 rise edge)
                                                      0.000     0.000 r  
                                                      0.000     0.000 r  clk (IN)
                         net (fo=183, unset)          0.973     0.973    clk
    SLICE_X17Y0          FDCE                                         r  slow_reset_slow_reg[1]/C
  -------------------------------------------------------------------    -------------------
    SLICE_X17Y0          FDCE (Prop_fdce_C_Q)         0.419     1.392 r  slow_reset_slow_reg[1]/Q
                         net (fo=1, routed)           0.597     1.989    output_bank/out[0]
    SLICE_X16Y0          LUT2 (Prop_lut2_I0_O)        0.299     2.288 f  output_bank/output_valid_INST_0_i_1/O
                         net (fo=35, routed)          2.183     4.470    source_bank/SR[0]
    SLICE_X5Y4           LUT4 (Prop_lut4_I1_O)        0.153     4.623 r  source_bank/input_ready_INST_0_i_1/O
                         net (fo=9, routed)           0.707     5.330    source_bank/input_ready_INST_0_i_1_n_0
    SLICE_X4Y4           LUT5 (Prop_lut5_I0_O)        0.327     5.657 r  source_bank/metadata_in_hold[68]_i_1__0/O
                         net (fo=64, routed)          2.884     8.541    source_bank/metadata_load
    SLICE_X40Y6          FDRE                                         r  source_bank/metadata_in_hold_reg[18]/CE
  -------------------------------------------------------------------    -------------------

                         (clock source_100 rise edge)
                                                     10.000    10.000 r  
                                                      0.000    10.000 r  clk (IN)
                         net (fo=183, unset)          0.924    10.924    source_bank/clk
    SLICE_X40Y6          FDRE                                         r  source_bank/metadata_in_hold_reg[18]/C
                         clock pessimism              0.000    10.924    
                         clock uncertainty           -0.035    10.889    
    SLICE_X40Y6          FDRE (Setup_fdre_C_CE)      -0.205    10.684    source_bank/metadata_in_hold_reg[18]
  -------------------------------------------------------------------
                         required time                         10.684    
                         arrival time                          -8.541    
  -------------------------------------------------------------------
                         slack                                  2.143    

Slack (MET) :             2.143ns  (required time - arrival time)
  Source:                 slow_reset_slow_reg[1]/C
                            (rising edge-triggered cell FDCE clocked by source_100  {rise@0.000ns fall@5.000ns period=10.000ns})
  Destination:            source_bank/metadata_in_hold_reg[19]/CE
                            (rising edge-triggered cell FDRE clocked by source_100  {rise@0.000ns fall@5.000ns period=10.000ns})
  Path Group:             source_100
  Path Type:              Setup (Max at Slow Process Corner)
  Requirement:            10.000ns  (source_100 rise@10.000ns - source_100 rise@0.000ns)
  Data Path Delay:        7.568ns  (logic 1.198ns (15.830%)  route 6.370ns (84.170%))
  Logic Levels:           3  (LUT2=1 LUT4=1 LUT5=1)
  Clock Path Skew:        -0.049ns (DCD - SCD + CPR)
    Destination Clock Delay (DCD):    0.924ns = ( 10.924 - 10.000 ) 
    Source Clock Delay      (SCD):    0.973ns
    Clock Pessimism Removal (CPR):    0.000ns
  Clock Uncertainty:      0.035ns  ((TSJ^2 + TIJ^2)^1/2 + DJ) / 2 + PE
    Total System Jitter     (TSJ):    0.071ns
    Total Input Jitter      (TIJ):    0.000ns
    Discrete Jitter          (DJ):    0.000ns
    Phase Error              (PE):    0.000ns

    Location             Delay type                Incr(ns)  Path(ns)    Netlist Resource(s)
  -------------------------------------------------------------------    -------------------
                         (clock source_100 rise edge)
                                                      0.000     0.000 r  
                                                      0.000     0.000 r  clk (IN)
                         net (fo=183, unset)          0.973     0.973    clk
    SLICE_X17Y0          FDCE                                         r  slow_reset_slow_reg[1]/C
  -------------------------------------------------------------------    -------------------
    SLICE_X17Y0          FDCE (Prop_fdce_C_Q)         0.419     1.392 r  slow_reset_slow_reg[1]/Q
                         net (fo=1, routed)           0.597     1.989    output_bank/out[0]
    SLICE_X16Y0          LUT2 (Prop_lut2_I0_O)        0.299     2.288 f  output_bank/output_valid_INST_0_i_1/O
                         net (fo=35, routed)          2.183     4.470    source_bank/SR[0]
    SLICE_X5Y4           LUT4 (Prop_lut4_I1_O)        0.153     4.623 r  source_bank/input_ready_INST_0_i_1/O
                         net (fo=9, routed)           0.707     5.330    source_bank/input_ready_INST_0_i_1_n_0
    SLICE_X4Y4           LUT5 (Prop_lut5_I0_O)        0.327     5.657 r  source_bank/metadata_in_hold[68]_i_1__0/O
                         net (fo=64, routed)          2.884     8.541    source_bank/metadata_load
    SLICE_X40Y6          FDRE                                         r  source_bank/metadata_in_hold_reg[19]/CE
  -------------------------------------------------------------------    -------------------

                         (clock source_100 rise edge)
                                                     10.000    10.000 r  
                                                      0.000    10.000 r  clk (IN)
                         net (fo=183, unset)          0.924    10.924    source_bank/clk
    SLICE_X40Y6          FDRE                                         r  source_bank/metadata_in_hold_reg[19]/C
                         clock pessimism              0.000    10.924    
                         clock uncertainty           -0.035    10.889    
    SLICE_X40Y6          FDRE (Setup_fdre_C_CE)      -0.205    10.684    source_bank/metadata_in_hold_reg[19]
  -------------------------------------------------------------------
                         required time                         10.684    
                         arrival time                          -8.541    
  -------------------------------------------------------------------
                         slack                                  2.143    

Slack (MET) :             2.143ns  (required time - arrival time)
  Source:                 slow_reset_slow_reg[1]/C
                            (rising edge-triggered cell FDCE clocked by source_100  {rise@0.000ns fall@5.000ns period=10.000ns})
  Destination:            source_bank/metadata_in_hold_reg[23]/CE
                            (rising edge-triggered cell FDRE clocked by source_100  {rise@0.000ns fall@5.000ns period=10.000ns})
  Path Group:             source_100
  Path Type:              Setup (Max at Slow Process Corner)
  Requirement:            10.000ns  (source_100 rise@10.000ns - source_100 rise@0.000ns)
  Data Path Delay:        7.568ns  (logic 1.198ns (15.830%)  route 6.370ns (84.170%))
  Logic Levels:           3  (LUT2=1 LUT4=1 LUT5=1)
  Clock Path Skew:        -0.049ns (DCD - SCD + CPR)
    Destination Clock Delay (DCD):    0.924ns = ( 10.924 - 10.000 ) 
    Source Clock Delay      (SCD):    0.973ns
    Clock Pessimism Removal (CPR):    0.000ns
  Clock Uncertainty:      0.035ns  ((TSJ^2 + TIJ^2)^1/2 + DJ) / 2 + PE
    Total System Jitter     (TSJ):    0.071ns
    Total Input Jitter      (TIJ):    0.000ns
    Discrete Jitter          (DJ):    0.000ns
    Phase Error              (PE):    0.000ns

    Location             Delay type                Incr(ns)  Path(ns)    Netlist Resource(s)
  -------------------------------------------------------------------    -------------------
                         (clock source_100 rise edge)
                                                      0.000     0.000 r  
                                                      0.000     0.000 r  clk (IN)
                         net (fo=183, unset)          0.973     0.973    clk
    SLICE_X17Y0          FDCE                                         r  slow_reset_slow_reg[1]/C
  -------------------------------------------------------------------    -------------------
    SLICE_X17Y0          FDCE (Prop_fdce_C_Q)         0.419     1.392 r  slow_reset_slow_reg[1]/Q
                         net (fo=1, routed)           0.597     1.989    output_bank/out[0]
    SLICE_X16Y0          LUT2 (Prop_lut2_I0_O)        0.299     2.288 f  output_bank/output_valid_INST_0_i_1/O
                         net (fo=35, routed)          2.183     4.470    source_bank/SR[0]
    SLICE_X5Y4           LUT4 (Prop_lut4_I1_O)        0.153     4.623 r  source_bank/input_ready_INST_0_i_1/O
                         net (fo=9, routed)           0.707     5.330    source_bank/input_ready_INST_0_i_1_n_0
    SLICE_X4Y4           LUT5 (Prop_lut5_I0_O)        0.327     5.657 r  source_bank/metadata_in_hold[68]_i_1__0/O
                         net (fo=64, routed)          2.884     8.541    source_bank/metadata_load
    SLICE_X40Y6          FDRE                                         r  source_bank/metadata_in_hold_reg[23]/CE
  -------------------------------------------------------------------    -------------------

                         (clock source_100 rise edge)
                                                     10.000    10.000 r  
                                                      0.000    10.000 r  clk (IN)
                         net (fo=183, unset)          0.924    10.924    source_bank/clk
    SLICE_X40Y6          FDRE                                         r  source_bank/metadata_in_hold_reg[23]/C
                         clock pessimism              0.000    10.924    
                         clock uncertainty           -0.035    10.889    
    SLICE_X40Y6          FDRE (Setup_fdre_C_CE)      -0.205    10.684    source_bank/metadata_in_hold_reg[23]
  -------------------------------------------------------------------
                         required time                         10.684    
                         arrival time                          -8.541    
  -------------------------------------------------------------------
                         slack                                  2.143    

Slack (MET) :             2.143ns  (required time - arrival time)
  Source:                 slow_reset_slow_reg[1]/C
                            (rising edge-triggered cell FDCE clocked by source_100  {rise@0.000ns fall@5.000ns period=10.000ns})
  Destination:            source_bank/metadata_in_hold_reg[25]/CE
                            (rising edge-triggered cell FDRE clocked by source_100  {rise@0.000ns fall@5.000ns period=10.000ns})
  Path Group:             source_100
  Path Type:              Setup (Max at Slow Process Corner)
  Requirement:            10.000ns  (source_100 rise@10.000ns - source_100 rise@0.000ns)
  Data Path Delay:        7.568ns  (logic 1.198ns (15.830%)  route 6.370ns (84.170%))
  Logic Levels:           3  (LUT2=1 LUT4=1 LUT5=1)
  Clock Path Skew:        -0.049ns (DCD - SCD + CPR)
    Destination Clock Delay (DCD):    0.924ns = ( 10.924 - 10.000 ) 
    Source Clock Delay      (SCD):    0.973ns
    Clock Pessimism Removal (CPR):    0.000ns
  Clock Uncertainty:      0.035ns  ((TSJ^2 + TIJ^2)^1/2 + DJ) / 2 + PE
    Total System Jitter     (TSJ):    0.071ns
    Total Input Jitter      (TIJ):    0.000ns
    Discrete Jitter          (DJ):    0.000ns
    Phase Error              (PE):    0.000ns

    Location             Delay type                Incr(ns)  Path(ns)    Netlist Resource(s)
  -------------------------------------------------------------------    -------------------
                         (clock source_100 rise edge)
                                                      0.000     0.000 r  
                                                      0.000     0.000 r  clk (IN)
                         net (fo=183, unset)          0.973     0.973    clk
    SLICE_X17Y0          FDCE                                         r  slow_reset_slow_reg[1]/C
  -------------------------------------------------------------------    -------------------
    SLICE_X17Y0          FDCE (Prop_fdce_C_Q)         0.419     1.392 r  slow_reset_slow_reg[1]/Q
                         net (fo=1, routed)           0.597     1.989    output_bank/out[0]
    SLICE_X16Y0          LUT2 (Prop_lut2_I0_O)        0.299     2.288 f  output_bank/output_valid_INST_0_i_1/O
                         net (fo=35, routed)          2.183     4.470    source_bank/SR[0]
    SLICE_X5Y4           LUT4 (Prop_lut4_I1_O)        0.153     4.623 r  source_bank/input_ready_INST_0_i_1/O
                         net (fo=9, routed)           0.707     5.330    source_bank/input_ready_INST_0_i_1_n_0
    SLICE_X4Y4           LUT5 (Prop_lut5_I0_O)        0.327     5.657 r  source_bank/metadata_in_hold[68]_i_1__0/O
                         net (fo=64, routed)          2.884     8.541    source_bank/metadata_load
    SLICE_X40Y6          FDRE                                         r  source_bank/metadata_in_hold_reg[25]/CE
  -------------------------------------------------------------------    -------------------

                         (clock source_100 rise edge)
                                                     10.000    10.000 r  
                                                      0.000    10.000 r  clk (IN)
                         net (fo=183, unset)          0.924    10.924    source_bank/clk
    SLICE_X40Y6          FDRE                                         r  source_bank/metadata_in_hold_reg[25]/C
                         clock pessimism              0.000    10.924    
                         clock uncertainty           -0.035    10.889    
    SLICE_X40Y6          FDRE (Setup_fdre_C_CE)      -0.205    10.684    source_bank/metadata_in_hold_reg[25]
  -------------------------------------------------------------------
                         required time                         10.684    
                         arrival time                          -8.541    
  -------------------------------------------------------------------
                         slack                                  2.143    

Slack (MET) :             2.143ns  (required time - arrival time)
  Source:                 slow_reset_slow_reg[1]/C
                            (rising edge-triggered cell FDCE clocked by source_100  {rise@0.000ns fall@5.000ns period=10.000ns})
  Destination:            source_bank/metadata_in_hold_reg[26]/CE
                            (rising edge-triggered cell FDRE clocked by source_100  {rise@0.000ns fall@5.000ns period=10.000ns})
  Path Group:             source_100
  Path Type:              Setup (Max at Slow Process Corner)
  Requirement:            10.000ns  (source_100 rise@10.000ns - source_100 rise@0.000ns)
  Data Path Delay:        7.568ns  (logic 1.198ns (15.830%)  route 6.370ns (84.170%))
  Logic Levels:           3  (LUT2=1 LUT4=1 LUT5=1)
  Clock Path Skew:        -0.049ns (DCD - SCD + CPR)
    Destination Clock Delay (DCD):    0.924ns = ( 10.924 - 10.000 ) 
    Source Clock Delay      (SCD):    0.973ns
    Clock Pessimism Removal (CPR):    0.000ns
  Clock Uncertainty:      0.035ns  ((TSJ^2 + TIJ^2)^1/2 + DJ) / 2 + PE
    Total System Jitter     (TSJ):    0.071ns
    Total Input Jitter      (TIJ):    0.000ns
    Discrete Jitter          (DJ):    0.000ns
    Phase Error              (PE):    0.000ns

    Location             Delay type                Incr(ns)  Path(ns)    Netlist Resource(s)
  -------------------------------------------------------------------    -------------------
                         (clock source_100 rise edge)
                                                      0.000     0.000 r  
                                                      0.000     0.000 r  clk (IN)
                         net (fo=183, unset)          0.973     0.973    clk
    SLICE_X17Y0          FDCE                                         r  slow_reset_slow_reg[1]/C
  -------------------------------------------------------------------    -------------------
    SLICE_X17Y0          FDCE (Prop_fdce_C_Q)         0.419     1.392 r  slow_reset_slow_reg[1]/Q
                         net (fo=1, routed)           0.597     1.989    output_bank/out[0]
    SLICE_X16Y0          LUT2 (Prop_lut2_I0_O)        0.299     2.288 f  output_bank/output_valid_INST_0_i_1/O
                         net (fo=35, routed)          2.183     4.470    source_bank/SR[0]
    SLICE_X5Y4           LUT4 (Prop_lut4_I1_O)        0.153     4.623 r  source_bank/input_ready_INST_0_i_1/O
                         net (fo=9, routed)           0.707     5.330    source_bank/input_ready_INST_0_i_1_n_0
    SLICE_X4Y4           LUT5 (Prop_lut5_I0_O)        0.327     5.657 r  source_bank/metadata_in_hold[68]_i_1__0/O
                         net (fo=64, routed)          2.884     8.541    source_bank/metadata_load
    SLICE_X40Y6          FDRE                                         r  source_bank/metadata_in_hold_reg[26]/CE
  -------------------------------------------------------------------    -------------------

                         (clock source_100 rise edge)
                                                     10.000    10.000 r  
                                                      0.000    10.000 r  clk (IN)
                         net (fo=183, unset)          0.924    10.924    source_bank/clk
    SLICE_X40Y6          FDRE                                         r  source_bank/metadata_in_hold_reg[26]/C
                         clock pessimism              0.000    10.924    
                         clock uncertainty           -0.035    10.889    
    SLICE_X40Y6          FDRE (Setup_fdre_C_CE)      -0.205    10.684    source_bank/metadata_in_hold_reg[26]
  -------------------------------------------------------------------
                         required time                         10.684    
                         arrival time                          -8.541    
  -------------------------------------------------------------------
                         slack                                  2.143    




