Time resolution is 1 fs
BANK_CAPTURE_START epoch=1 profile=0 block=0 time_ns=256.300000
BANK_CAPTURE_COMMIT epoch=1 profile=0 block=0 time_ns=5366.300000
BANK_FORWARD_ADMIT epoch=1 profile=0 index=0 fast_cycle=943 time_ns=5391.428841 interval_cycles=0
BANK_CAPTURE_START epoch=1 profile=0 block=1 time_ns=8366.300000
BANK_CAPTURE_COMMIT epoch=1 profile=0 block=1 time_ns=13476.300000
BANK_JOB epoch=1 inverse=0 admit=943 config_delta=2 input_span=513 input_last_to_output_first=781 commit_delta=1809
BANK_JOB epoch=1 inverse=1 admit=2765 config_delta=2 input_span=513 input_last_to_output_first=781 commit_delta=1809
BANK_OUTPUT_START epoch=1 profile=0 block=0 time_ns=26186.300000
BANK_OUTPUT epoch=1 profile=0 block=0 time_ns=31296.300000
BANK_FORWARD_ADMIT epoch=1 profile=0 index=1 fast_cycle=5483 time_ns=31334.287281 interval_cycles=4540
BANK_CAPTURE_START epoch=1 profile=0 block=2 time_ns=34306.300000
BANK_CAPTURE_COMMIT epoch=1 profile=0 block=2 time_ns=39416.300000
BANK_JOB epoch=1 inverse=0 admit=5483 config_delta=2 input_span=513 input_last_to_output_first=781 commit_delta=1809
BANK_JOB epoch=1 inverse=1 admit=7305 config_delta=2 input_span=513 input_last_to_output_first=781 commit_delta=1809
BANK_OUTPUT_START epoch=1 profile=0 block=1 time_ns=52126.300000
BANK_OUTPUT epoch=1 profile=0 block=1 time_ns=57236.300000
BANK_FORWARD_ADMIT epoch=1 profile=0 index=2 fast_cycle=10022 time_ns=57271.431435 interval_cycles=4539
BANK_CAPTURE_START epoch=1 profile=0 block=3 time_ns=60246.300000
BANK_CAPTURE_COMMIT epoch=1 profile=0 block=3 time_ns=65356.300000
BANK_JOB epoch=1 inverse=0 admit=10022 config_delta=2 input_span=513 input_last_to_output_first=781 commit_delta=1809
BANK_JOB epoch=1 inverse=1 admit=11844 config_delta=2 input_span=513 input_last_to_output_first=781 commit_delta=1809
BANK_OUTPUT_START epoch=1 profile=0 block=2 time_ns=78066.300000
BANK_OUTPUT epoch=1 profile=0 block=2 time_ns=83176.300000
BANK_FORWARD_ADMIT epoch=1 profile=0 index=3 fast_cycle=14562 time_ns=83214.289875 interval_cycles=4540
BANK_CAPTURE_START epoch=1 profile=0 block=4 time_ns=86186.300000
BANK_CAPTURE_COMMIT epoch=1 profile=0 block=4 time_ns=91296.300000
BANK_JOB epoch=1 inverse=0 admit=14562 config_delta=2 input_span=513 input_last_to_output_first=781 commit_delta=1809
BANK_JOB epoch=1 inverse=1 admit=16384 config_delta=2 input_span=513 input_last_to_output_first=781 commit_delta=1809
BANK_OUTPUT_START epoch=1 profile=0 block=3 time_ns=104006.300000
BANK_OUTPUT epoch=1 profile=0 block=3 time_ns=109116.300000
BANK_FORWARD_ADMIT epoch=1 profile=0 index=4 fast_cycle=19101 time_ns=109151.434029 interval_cycles=4539
BANK_CAPTURE_START epoch=1 profile=0 block=5 time_ns=112126.300000
BANK_CAPTURE_COMMIT epoch=1 profile=0 block=5 time_ns=117236.300000
BANK_JOB epoch=1 inverse=0 admit=19101 config_delta=2 input_span=513 input_last_to_output_first=781 commit_delta=1809
BANK_JOB epoch=1 inverse=1 admit=20923 config_delta=2 input_span=513 input_last_to_output_first=781 commit_delta=1809
BANK_OUTPUT_START epoch=1 profile=0 block=4 time_ns=129946.300000
BANK_OUTPUT epoch=1 profile=0 block=4 time_ns=135056.300000
BANK_FORWARD_ADMIT epoch=1 profile=0 index=5 fast_cycle=23641 time_ns=135094.292469 interval_cycles=4540
BANK_CAPTURE_START epoch=1 profile=0 block=6 time_ns=138066.300000
BANK_CAPTURE_COMMIT epoch=1 profile=0 block=6 time_ns=143176.300000
BANK_JOB epoch=1 inverse=0 admit=23641 config_delta=2 input_span=513 input_last_to_output_first=781 commit_delta=1809
BANK_JOB epoch=1 inverse=1 admit=25463 config_delta=2 input_span=513 input_last_to_output_first=781 commit_delta=1809
BANK_OUTPUT_START epoch=1 profile=0 block=5 time_ns=155886.300000
BANK_OUTPUT epoch=1 profile=0 block=5 time_ns=160996.300000
BANK_FORWARD_ADMIT epoch=1 profile=0 index=6 fast_cycle=28180 time_ns=161031.436623 interval_cycles=4539
BANK_CAPTURE_START epoch=1 profile=0 block=7 time_ns=164006.300000
BANK_CAPTURE_COMMIT epoch=1 profile=0 block=7 time_ns=169116.300000
BANK_JOB epoch=1 inverse=0 admit=28180 config_delta=2 input_span=513 input_last_to_output_first=781 commit_delta=1809
BANK_JOB epoch=1 inverse=1 admit=30002 config_delta=2 input_span=513 input_last_to_output_first=781 commit_delta=1809
BANK_OUTPUT_START epoch=1 profile=0 block=6 time_ns=181826.300000
BANK_OUTPUT epoch=1 profile=0 block=6 time_ns=186936.300000
BANK_FORWARD_ADMIT epoch=1 profile=0 index=7 fast_cycle=32720 time_ns=186974.295063 interval_cycles=4540
BANK_CAPTURE_START epoch=1 profile=0 block=8 time_ns=189946.300000
BANK_CAPTURE_COMMIT epoch=1 profile=0 block=8 time_ns=195056.300000
BANK_JOB epoch=1 inverse=0 admit=32720 config_delta=2 input_span=513 input_last_to_output_first=781 commit_delta=1809
BANK_JOB epoch=1 inverse=1 admit=34542 config_delta=2 input_span=513 input_last_to_output_first=781 commit_delta=1809
BANK_OUTPUT_START epoch=1 profile=0 block=7 time_ns=207766.300000
BANK_OUTPUT epoch=1 profile=0 block=7 time_ns=212876.300000
BANK_FORWARD_ADMIT epoch=1 profile=0 index=8 fast_cycle=37259 time_ns=212911.439217 interval_cycles=4539
BANK_CAPTURE_START epoch=1 profile=0 block=9 time_ns=215886.300000
BANK_CAPTURE_COMMIT epoch=1 profile=0 block=9 time_ns=220996.300000
BANK_JOB epoch=1 inverse=0 admit=37259 config_delta=2 input_span=513 input_last_to_output_first=781 commit_delta=1809
BANK_JOB epoch=1 inverse=1 admit=39081 config_delta=2 input_span=513 input_last_to_output_first=781 commit_delta=1809
BANK_OUTPUT_START epoch=1 profile=0 block=8 time_ns=233706.300000
BANK_OUTPUT epoch=1 profile=0 block=8 time_ns=238816.300000
BANK_FORWARD_ADMIT epoch=1 profile=0 index=9 fast_cycle=41799 time_ns=238854.297657 interval_cycles=4540
BANK_CAPTURE_START epoch=1 profile=0 block=10 time_ns=241826.300000
BANK_CAPTURE_COMMIT epoch=1 profile=0 block=10 time_ns=246936.300000
BANK_JOB epoch=1 inverse=0 admit=41799 config_delta=2 input_span=513 input_last_to_output_first=781 commit_delta=1809
BANK_JOB epoch=1 inverse=1 admit=43621 config_delta=2 input_span=513 input_last_to_output_first=781 commit_delta=1809
BANK_OUTPUT_START epoch=1 profile=0 block=9 time_ns=259646.300000
BANK_OUTPUT epoch=1 profile=0 block=9 time_ns=264756.300000
BANK_FORWARD_ADMIT epoch=1 profile=0 index=10 fast_cycle=46338 time_ns=264791.441811 interval_cycles=4539
BANK_CAPTURE_START epoch=1 profile=0 block=11 time_ns=267766.300000
BANK_CAPTURE_COMMIT epoch=1 profile=0 block=11 time_ns=272876.300000
BANK_JOB epoch=1 inverse=0 admit=46338 config_delta=2 input_span=513 input_last_to_output_first=781 commit_delta=1809
BANK_JOB epoch=1 inverse=1 admit=48160 config_delta=2 input_span=513 input_last_to_output_first=781 commit_delta=1809
BANK_OUTPUT_START epoch=1 profile=0 block=10 time_ns=285586.300000
BANK_OUTPUT epoch=1 profile=0 block=10 time_ns=290696.300000
BANK_FORWARD_ADMIT epoch=1 profile=0 index=11 fast_cycle=50878 time_ns=290734.300251 interval_cycles=4540
BANK_CAPTURE_START epoch=1 profile=0 block=12 time_ns=293706.300000
BANK_CAPTURE_COMMIT epoch=1 profile=0 block=12 time_ns=298816.300000
BANK_JOB epoch=1 inverse=0 admit=50878 config_delta=2 input_span=513 input_last_to_output_first=781 commit_delta=1809
BANK_JOB epoch=1 inverse=1 admit=52700 config_delta=2 input_span=513 input_last_to_output_first=781 commit_delta=1809
BANK_OUTPUT_START epoch=1 profile=0 block=11 time_ns=311526.300000
BANK_OUTPUT epoch=1 profile=0 block=11 time_ns=316636.300000
BANK_FORWARD_ADMIT epoch=1 profile=0 index=12 fast_cycle=55417 time_ns=316671.444405 interval_cycles=4539
BANK_CAPTURE_START epoch=1 profile=0 block=13 time_ns=319646.300000
BANK_CAPTURE_COMMIT epoch=1 profile=0 block=13 time_ns=324756.300000
BANK_JOB epoch=1 inverse=0 admit=55417 config_delta=2 input_span=513 input_last_to_output_first=781 commit_delta=1809
BANK_JOB epoch=1 inverse=1 admit=57239 config_delta=2 input_span=513 input_last_to_output_first=781 commit_delta=1809
BANK_OUTPUT_START epoch=1 profile=0 block=12 time_ns=337466.300000
BANK_OUTPUT epoch=1 profile=0 block=12 time_ns=342576.300000
BANK_FORWARD_ADMIT epoch=1 profile=0 index=13 fast_cycle=59957 time_ns=342614.302845 interval_cycles=4540
BANK_CAPTURE_START epoch=1 profile=0 block=14 time_ns=345586.300000
BANK_CAPTURE_COMMIT epoch=1 profile=0 block=14 time_ns=350696.300000
BANK_JOB epoch=1 inverse=0 admit=59957 config_delta=2 input_span=513 input_last_to_output_first=781 commit_delta=1809
BANK_JOB epoch=1 inverse=1 admit=61779 config_delta=2 input_span=513 input_last_to_output_first=781 commit_delta=1809
BANK_OUTPUT_START epoch=1 profile=0 block=13 time_ns=363406.300000
BANK_OUTPUT epoch=1 profile=0 block=13 time_ns=368516.300000
BANK_FORWARD_ADMIT epoch=1 profile=0 index=14 fast_cycle=64496 time_ns=368551.446999 interval_cycles=4539
BANK_CAPTURE_START epoch=1 profile=0 block=15 time_ns=371526.300000
BANK_CAPTURE_COMMIT epoch=1 profile=0 block=15 time_ns=376636.300000
BANK_JOB epoch=1 inverse=0 admit=64496 config_delta=2 input_span=513 input_last_to_output_first=781 commit_delta=1809
BANK_JOB epoch=1 inverse=1 admit=66318 config_delta=2 input_span=513 input_last_to_output_first=781 commit_delta=1809
BANK_OUTPUT_START epoch=1 profile=0 block=14 time_ns=389346.300000
BANK_OUTPUT epoch=1 profile=0 block=14 time_ns=394456.300000
BANK_FORWARD_ADMIT epoch=1 profile=0 index=15 fast_cycle=69036 time_ns=394494.305439 interval_cycles=4540
BANK_CAPTURE_START epoch=1 profile=0 block=16 time_ns=397466.300000
BANK_CAPTURE_COMMIT epoch=1 profile=0 block=16 time_ns=402576.300000
BANK_JOB epoch=1 inverse=0 admit=69036 config_delta=2 input_span=513 input_last_to_output_first=781 commit_delta=1809
BANK_JOB epoch=1 inverse=1 admit=70858 config_delta=2 input_span=513 input_last_to_output_first=781 commit_delta=1809
BANK_OUTPUT_START epoch=1 profile=0 block=15 time_ns=415286.300000
BANK_OUTPUT epoch=1 profile=0 block=15 time_ns=420396.300000
BANK_FORWARD_ADMIT epoch=1 profile=0 index=16 fast_cycle=73575 time_ns=420431.449593 interval_cycles=4539
BANK_CAPTURE_START epoch=1 profile=0 block=17 time_ns=423406.300000
BANK_CAPTURE_COMMIT epoch=1 profile=0 block=17 time_ns=428516.300000
BANK_JOB epoch=1 inverse=0 admit=73575 config_delta=2 input_span=513 input_last_to_output_first=781 commit_delta=1809
BANK_JOB epoch=1 inverse=1 admit=75397 config_delta=2 input_span=513 input_last_to_output_first=781 commit_delta=1809
BANK_OUTPUT_START epoch=1 profile=0 block=16 time_ns=441226.300000
BANK_OUTPUT epoch=1 profile=0 block=16 time_ns=446336.300000
BANK_FORWARD_ADMIT epoch=1 profile=0 index=17 fast_cycle=78115 time_ns=446374.308033 interval_cycles=4540
BANK_CAPTURE_START epoch=1 profile=0 block=18 time_ns=449346.300000
BANK_CAPTURE_COMMIT epoch=1 profile=0 block=18 time_ns=454456.300000
BANK_JOB epoch=1 inverse=0 admit=78115 config_delta=2 input_span=513 input_last_to_output_first=781 commit_delta=1809
BANK_JOB epoch=1 inverse=1 admit=79937 config_delta=2 input_span=513 input_last_to_output_first=781 commit_delta=1809
BANK_OUTPUT_START epoch=1 profile=0 block=17 time_ns=467166.300000
BANK_OUTPUT epoch=1 profile=0 block=17 time_ns=472276.300000
BANK_FORWARD_ADMIT epoch=1 profile=0 index=18 fast_cycle=82654 time_ns=472311.452187 interval_cycles=4539
BANK_CAPTURE_START epoch=1 profile=0 block=19 time_ns=475286.300000
BANK_CAPTURE_COMMIT epoch=1 profile=0 block=19 time_ns=480396.300000
BANK_JOB epoch=1 inverse=0 admit=82654 config_delta=2 input_span=513 input_last_to_output_first=781 commit_delta=1809
BANK_JOB epoch=1 inverse=1 admit=84476 config_delta=2 input_span=513 input_last_to_output_first=781 commit_delta=1809
BANK_OUTPUT_START epoch=1 profile=0 block=18 time_ns=493106.300000
BANK_OUTPUT epoch=1 profile=0 block=18 time_ns=498216.300000
BANK_FORWARD_ADMIT epoch=1 profile=0 index=19 fast_cycle=87194 time_ns=498254.310627 interval_cycles=4540
BANK_CAPTURE_START epoch=1 profile=0 block=20 time_ns=501226.300000
BANK_CAPTURE_COMMIT epoch=1 profile=0 block=20 time_ns=506336.300000
BANK_JOB epoch=1 inverse=0 admit=87194 config_delta=2 input_span=513 input_last_to_output_first=781 commit_delta=1809
BANK_JOB epoch=1 inverse=1 admit=89016 config_delta=2 input_span=513 input_last_to_output_first=781 commit_delta=1809
BANK_OUTPUT_START epoch=1 profile=0 block=19 time_ns=519046.300000
BANK_OUTPUT epoch=1 profile=0 block=19 time_ns=524156.300000
BANK_FORWARD_ADMIT epoch=1 profile=0 index=20 fast_cycle=91733 time_ns=524191.454781 interval_cycles=4539
BANK_CAPTURE_START epoch=1 profile=0 block=21 time_ns=527166.300000
BANK_CAPTURE_COMMIT epoch=1 profile=0 block=21 time_ns=532276.300000
BANK_JOB epoch=1 inverse=0 admit=91733 config_delta=2 input_span=513 input_last_to_output_first=781 commit_delta=1809
BANK_JOB epoch=1 inverse=1 admit=93555 config_delta=2 input_span=513 input_last_to_output_first=781 commit_delta=1809
BANK_OUTPUT_START epoch=1 profile=0 block=20 time_ns=544986.300000
BANK_OUTPUT epoch=1 profile=0 block=20 time_ns=550096.300000
BANK_FORWARD_ADMIT epoch=1 profile=0 index=21 fast_cycle=96273 time_ns=550134.313221 interval_cycles=4540
BANK_CAPTURE_START epoch=1 profile=0 block=22 time_ns=553106.300000
BANK_CAPTURE_COMMIT epoch=1 profile=0 block=22 time_ns=558216.300000
BANK_JOB epoch=1 inverse=0 admit=96273 config_delta=2 input_span=513 input_last_to_output_first=781 commit_delta=1809
BANK_JOB epoch=1 inverse=1 admit=98095 config_delta=2 input_span=513 input_last_to_output_first=781 commit_delta=1809
BANK_OUTPUT_START epoch=1 profile=0 block=21 time_ns=570926.300000
BANK_OUTPUT epoch=1 profile=0 block=21 time_ns=576036.300000
BANK_FORWARD_ADMIT epoch=1 profile=0 index=22 fast_cycle=100812 time_ns=576071.457375 interval_cycles=4539
BANK_CAPTURE_START epoch=1 profile=0 block=23 time_ns=579046.300000
BANK_CAPTURE_COMMIT epoch=1 profile=0 block=23 time_ns=584156.300000
BANK_JOB epoch=1 inverse=0 admit=100812 config_delta=2 input_span=513 input_last_to_output_first=781 commit_delta=1809
BANK_JOB epoch=1 inverse=1 admit=102634 config_delta=2 input_span=513 input_last_to_output_first=781 commit_delta=1809
BANK_OUTPUT_START epoch=1 profile=0 block=22 time_ns=596866.300000
BANK_OUTPUT epoch=1 profile=0 block=22 time_ns=601976.300000
BANK_FORWARD_ADMIT epoch=1 profile=0 index=23 fast_cycle=105352 time_ns=602014.315815 interval_cycles=4540
BANK_CAPTURE_START epoch=1 profile=0 block=24 time_ns=604986.300000
BANK_CAPTURE_COMMIT epoch=1 profile=0 block=24 time_ns=610096.300000
BANK_JOB epoch=1 inverse=0 admit=105352 config_delta=2 input_span=513 input_last_to_output_first=781 commit_delta=1809
BANK_JOB epoch=1 inverse=1 admit=107174 config_delta=2 input_span=513 input_last_to_output_first=781 commit_delta=1809
BANK_OUTPUT_START epoch=1 profile=0 block=23 time_ns=622806.300000
BANK_OUTPUT epoch=1 profile=0 block=23 time_ns=627916.300000
BANK_FORWARD_ADMIT epoch=1 profile=0 index=24 fast_cycle=109891 time_ns=627951.459969 interval_cycles=4539
BANK_CAPTURE_START epoch=1 profile=0 block=25 time_ns=630926.300000
BANK_CAPTURE_COMMIT epoch=1 profile=0 block=25 time_ns=636036.300000
BANK_JOB epoch=1 inverse=0 admit=109891 config_delta=2 input_span=513 input_last_to_output_first=781 commit_delta=1809
BANK_JOB epoch=1 inverse=1 admit=111713 config_delta=2 input_span=513 input_last_to_output_first=781 commit_delta=1809
BANK_OUTPUT_START epoch=1 profile=0 block=24 time_ns=648746.300000
BANK_OUTPUT epoch=1 profile=0 block=24 time_ns=653856.300000
BANK_FORWARD_ADMIT epoch=1 profile=0 index=25 fast_cycle=114431 time_ns=653894.318409 interval_cycles=4540
BANK_CAPTURE_START epoch=1 profile=0 block=26 time_ns=656866.300000
BANK_CAPTURE_COMMIT epoch=1 profile=0 block=26 time_ns=661976.300000
BANK_JOB epoch=1 inverse=0 admit=114431 config_delta=2 input_span=513 input_last_to_output_first=781 commit_delta=1809
BANK_JOB epoch=1 inverse=1 admit=116253 config_delta=2 input_span=513 input_last_to_output_first=781 commit_delta=1809
BANK_OUTPUT_START epoch=1 profile=0 block=25 time_ns=674686.300000
BANK_OUTPUT epoch=1 profile=0 block=25 time_ns=679796.300000
BANK_FORWARD_ADMIT epoch=1 profile=0 index=26 fast_cycle=118970 time_ns=679831.462563 interval_cycles=4539
BANK_CAPTURE_START epoch=1 profile=0 block=27 time_ns=682806.300000
BANK_CAPTURE_COMMIT epoch=1 profile=0 block=27 time_ns=687916.300000
BANK_JOB epoch=1 inverse=0 admit=118970 config_delta=2 input_span=513 input_last_to_output_first=781 commit_delta=1809
BANK_JOB epoch=1 inverse=1 admit=120792 config_delta=2 input_span=513 input_last_to_output_first=781 commit_delta=1809
BANK_OUTPUT_START epoch=1 profile=0 block=26 time_ns=700626.300000
BANK_OUTPUT epoch=1 profile=0 block=26 time_ns=705736.300000
BANK_FORWARD_ADMIT epoch=1 profile=0 index=27 fast_cycle=123510 time_ns=705774.321003 interval_cycles=4540
BANK_CAPTURE_START epoch=1 profile=0 block=28 time_ns=708746.300000
BANK_CAPTURE_COMMIT epoch=1 profile=0 block=28 time_ns=713856.300000
BANK_JOB epoch=1 inverse=0 admit=123510 config_delta=2 input_span=513 input_last_to_output_first=781 commit_delta=1809
BANK_JOB epoch=1 inverse=1 admit=125332 config_delta=2 input_span=513 input_last_to_output_first=781 commit_delta=1809
BANK_OUTPUT_START epoch=1 profile=0 block=27 time_ns=726566.300000
BANK_OUTPUT epoch=1 profile=0 block=27 time_ns=731676.300000
BANK_FORWARD_ADMIT epoch=1 profile=0 index=28 fast_cycle=128049 time_ns=731711.465157 interval_cycles=4539
BANK_CAPTURE_START epoch=1 profile=0 block=29 time_ns=734686.300000
BANK_CAPTURE_COMMIT epoch=1 profile=0 block=29 time_ns=739796.300000
BANK_JOB epoch=1 inverse=0 admit=128049 config_delta=2 input_span=513 input_last_to_output_first=781 commit_delta=1809
BANK_JOB epoch=1 inverse=1 admit=129871 config_delta=2 input_span=513 input_last_to_output_first=781 commit_delta=1809
BANK_OUTPUT_START epoch=1 profile=0 block=28 time_ns=752506.300000
BANK_OUTPUT epoch=1 profile=0 block=28 time_ns=757616.300000
BANK_FORWARD_ADMIT epoch=1 profile=0 index=29 fast_cycle=132589 time_ns=757654.323597 interval_cycles=4540
BANK_CAPTURE_START epoch=1 profile=0 block=30 time_ns=760626.300000
BANK_CAPTURE_COMMIT epoch=1 profile=0 block=30 time_ns=765736.300000
BANK_JOB epoch=1 inverse=0 admit=132589 config_delta=2 input_span=513 input_last_to_output_first=781 commit_delta=1809
BANK_JOB epoch=1 inverse=1 admit=134411 config_delta=2 input_span=513 input_last_to_output_first=781 commit_delta=1809
BANK_OUTPUT_START epoch=1 profile=0 block=29 time_ns=778446.300000
BANK_OUTPUT epoch=1 profile=0 block=29 time_ns=783556.300000
BANK_FORWARD_ADMIT epoch=1 profile=0 index=30 fast_cycle=137128 time_ns=783591.467751 interval_cycles=4539
BANK_CAPTURE_START epoch=1 profile=0 block=31 time_ns=786566.300000
BANK_CAPTURE_COMMIT epoch=1 profile=0 block=31 time_ns=791676.300000
BANK_JOB epoch=1 inverse=0 admit=137128 config_delta=2 input_span=513 input_last_to_output_first=781 commit_delta=1809
BANK_JOB epoch=1 inverse=1 admit=138950 config_delta=2 input_span=513 input_last_to_output_first=781 commit_delta=1809
BANK_OUTPUT_START epoch=1 profile=0 block=30 time_ns=804386.300000
BANK_OUTPUT epoch=1 profile=0 block=30 time_ns=809496.300000
BANK_FORWARD_ADMIT epoch=1 profile=0 index=31 fast_cycle=141668 time_ns=809534.326191 interval_cycles=4540
BANK_JOB epoch=1 inverse=0 admit=141668 config_delta=2 input_span=513 input_last_to_output_first=781 commit_delta=1809
BANK_JOB epoch=1 inverse=1 admit=143490 config_delta=2 input_span=513 input_last_to_output_first=781 commit_delta=1809
BANK_OUTPUT_START epoch=1 profile=0 block=31 time_ns=830326.300000
BANK_OUTPUT epoch=1 profile=0 block=31 time_ns=835436.300000
BANK_CAPTURE_START epoch=2 profile=1 block=0 time_ns=835706.300000
BANK_CAPTURE_COMMIT epoch=2 profile=1 block=0 time_ns=842016.300000
BANK_FORWARD_ADMIT epoch=2 profile=1 index=0 fast_cycle=147357 time_ns=842042.899245 interval_cycles=0
BANK_CAPTURE_START epoch=2 profile=1 block=1 time_ns=845016.300000
BANK_CAPTURE_COMMIT epoch=2 profile=1 block=1 time_ns=851326.300000
BANK_JOB epoch=2 inverse=0 admit=147357 config_delta=2 input_span=513 input_last_to_output_first=781 commit_delta=1809
BANK_JOB epoch=2 inverse=1 admit=149179 config_delta=2 input_span=513 input_last_to_output_first=781 commit_delta=1809
BANK_OUTPUT_START epoch=2 profile=1 block=0 time_ns=862836.300000
BANK_OUTPUT epoch=2 profile=1 block=0 time_ns=869506.300000
BANK_FORWARD_ADMIT epoch=2 profile=1 index=1 fast_cycle=152170 time_ns=869545.757763 interval_cycles=4813
BANK_CAPTURE_START epoch=2 profile=1 block=2 time_ns=872516.300000
BANK_CAPTURE_COMMIT epoch=2 profile=1 block=2 time_ns=878826.300000
BANK_JOB epoch=2 inverse=0 admit=152170 config_delta=2 input_span=513 input_last_to_output_first=781 commit_delta=1809
BANK_JOB epoch=2 inverse=1 admit=153992 config_delta=2 input_span=513 input_last_to_output_first=781 commit_delta=1809
BANK_OUTPUT_START epoch=2 profile=1 block=1 time_ns=890336.300000
BANK_OUTPUT epoch=2 profile=1 block=1 time_ns=897006.300000
BANK_FORWARD_ADMIT epoch=2 profile=1 index=2 fast_cycle=156982 time_ns=897042.901995 interval_cycles=4812
BANK_CAPTURE_START epoch=2 profile=1 block=3 time_ns=900016.300000
BANK_CAPTURE_COMMIT epoch=2 profile=1 block=3 time_ns=906326.300000
BANK_JOB epoch=2 inverse=0 admit=156982 config_delta=2 input_span=513 input_last_to_output_first=781 commit_delta=1809
BANK_JOB epoch=2 inverse=1 admit=158804 config_delta=2 input_span=513 input_last_to_output_first=781 commit_delta=1809
BANK_OUTPUT_START epoch=2 profile=1 block=2 time_ns=917836.300000
BANK_OUTPUT epoch=2 profile=1 block=2 time_ns=924506.300000
BANK_FORWARD_ADMIT epoch=2 profile=1 index=3 fast_cycle=161795 time_ns=924545.760513 interval_cycles=4813
BANK_CAPTURE_START epoch=2 profile=1 block=4 time_ns=927516.300000
BANK_CAPTURE_COMMIT epoch=2 profile=1 block=4 time_ns=933826.300000
BANK_JOB epoch=2 inverse=0 admit=161795 config_delta=2 input_span=513 input_last_to_output_first=781 commit_delta=1809
BANK_JOB epoch=2 inverse=1 admit=163617 config_delta=2 input_span=513 input_last_to_output_first=781 commit_delta=1809
BANK_OUTPUT_START epoch=2 profile=1 block=3 time_ns=945376.300000
BANK_OUTPUT epoch=2 profile=1 block=3 time_ns=952046.300000
BANK_FORWARD_ADMIT epoch=2 profile=1 index=4 fast_cycle=166614 time_ns=952082.904747 interval_cycles=4819
BANK_CAPTURE_START epoch=2 profile=1 block=5 time_ns=955056.300000
BANK_CAPTURE_COMMIT epoch=2 profile=1 block=5 time_ns=961366.300000
BANK_JOB epoch=2 inverse=0 admit=166614 config_delta=2 input_span=513 input_last_to_output_first=781 commit_delta=1809
BANK_JOB epoch=2 inverse=1 admit=168436 config_delta=2 input_span=513 input_last_to_output_first=781 commit_delta=1809
BANK_OUTPUT_START epoch=2 profile=1 block=4 time_ns=972916.300000
BANK_OUTPUT epoch=2 profile=1 block=4 time_ns=979586.300000
BANK_FORWARD_ADMIT epoch=2 profile=1 index=5 fast_cycle=171434 time_ns=979625.763267 interval_cycles=4820
BANK_JOB epoch=2 inverse=0 admit=171434 config_delta=2 input_span=513 input_last_to_output_first=781 commit_delta=1809
BANK_JOB epoch=2 inverse=1 admit=173256 config_delta=2 input_span=513 input_last_to_output_first=781 commit_delta=1809
BANK_OUTPUT_START epoch=2 profile=1 block=5 time_ns=1000456.300000
BANK_OUTPUT epoch=2 profile=1 block=5 time_ns=1007126.300000
BANK_CAPTURE_START epoch=3 profile=0 block=0 time_ns=1007406.300000
BANK_CAPTURE_START epoch=4 profile=0 block=0 time_ns=1008936.300000
BANK_CAPTURE_COMMIT epoch=4 profile=0 block=0 time_ns=1014046.300000
BANK_FORWARD_ADMIT epoch=4 profile=0 index=0 fast_cycle=177462 time_ns=1014071.479275 interval_cycles=0
BANK_JOB epoch=4 inverse=0 admit=177462 config_delta=2 input_span=513 input_last_to_output_first=781 commit_delta=1809
BANK_JOB epoch=4 inverse=1 admit=179284 config_delta=2 input_span=513 input_last_to_output_first=781 commit_delta=1809
BANK_OUTPUT_START epoch=4 profile=0 block=0 time_ns=1034866.300000
BANK_OUTPUT epoch=4 profile=0 block=0 time_ns=1039976.300000
BANK_CAPTURE_START epoch=5 profile=0 block=0 time_ns=1040256.300000
BANK_CAPTURE_COMMIT epoch=5 profile=0 block=0 time_ns=1045366.300000
BANK_FORWARD_ADMIT epoch=5 profile=0 index=0 fast_cycle=182943 time_ns=1045391.480841 interval_cycles=0
BANK_CAPTURE_START epoch=6 profile=0 block=0 time_ns=1046386.300000
BANK_CAPTURE_COMMIT epoch=6 profile=0 block=0 time_ns=1051496.300000
BANK_FORWARD_ADMIT epoch=6 profile=0 index=0 fast_cycle=184016 time_ns=1051522.909719 interval_cycles=0
BANK_JOB epoch=6 inverse=0 admit=184016 config_delta=2 input_span=513 input_last_to_output_first=781 commit_delta=1809
BANK_JOB epoch=6 inverse=1 admit=185838 config_delta=2 input_span=513 input_last_to_output_first=781 commit_delta=1809
BANK_OUTPUT_START epoch=6 profile=0 block=0 time_ns=1072316.300000
BANK_OUTPUT epoch=6 profile=0 block=0 time_ns=1077426.300000
BANK_CAPTURE_START epoch=7 profile=0 block=0 time_ns=1077706.300000
BANK_CAPTURE_COMMIT epoch=7 profile=0 block=0 time_ns=1082816.300000
BANK_FORWARD_ADMIT epoch=7 profile=0 index=0 fast_cycle=189497 time_ns=1082842.911285 interval_cycles=0
BANK_JOB epoch=7 inverse=0 admit=189497 config_delta=2 input_span=513 input_last_to_output_first=781 commit_delta=1809
BANK_CAPTURE_START epoch=8 profile=0 block=0 time_ns=1094256.300000
BANK_CAPTURE_COMMIT epoch=8 profile=0 block=0 time_ns=1099366.300000
BANK_FORWARD_ADMIT epoch=8 profile=0 index=0 fast_cycle=192393 time_ns=1099391.483541 interval_cycles=0
BANK_JOB epoch=8 inverse=0 admit=192393 config_delta=2 input_span=513 input_last_to_output_first=781 commit_delta=1809
BANK_JOB epoch=8 inverse=1 admit=194215 config_delta=2 input_span=513 input_last_to_output_first=781 commit_delta=1809
BANK_OUTPUT_START epoch=8 profile=0 block=0 time_ns=1120186.300000
BANK_OUTPUT epoch=8 profile=0 block=0 time_ns=1125296.300000
BANK_CAPTURE_START epoch=9 profile=0 block=0 time_ns=1125576.300000
BANK_CAPTURE_COMMIT epoch=9 profile=0 block=0 time_ns=1130686.300000
BANK_FORWARD_ADMIT epoch=9 profile=0 index=0 fast_cycle=197874 time_ns=1130711.485107 interval_cycles=0
BANK_JOB epoch=9 inverse=0 admit=197874 config_delta=2 input_span=513 input_last_to_output_first=781 commit_delta=1809
BANK_JOB epoch=9 inverse=1 admit=199696 config_delta=2 input_span=513 input_last_to_output_first=781 commit_delta=1809
BANK_CAPTURE_START epoch=10 profile=0 block=0 time_ns=1151706.300000
BANK_CAPTURE_COMMIT epoch=10 profile=0 block=0 time_ns=1156816.300000
BANK_FORWARD_ADMIT epoch=10 profile=0 index=0 fast_cycle=202447 time_ns=1156842.914985 interval_cycles=0
BANK_JOB epoch=10 inverse=0 admit=202447 config_delta=2 input_span=513 input_last_to_output_first=781 commit_delta=1809
BANK_JOB epoch=10 inverse=1 admit=204269 config_delta=2 input_span=513 input_last_to_output_first=781 commit_delta=1809
BANK_OUTPUT_START epoch=10 profile=0 block=0 time_ns=1177636.300000
BANK_OUTPUT epoch=10 profile=0 block=0 time_ns=1182746.300000
BANK_CAPTURE_START epoch=11 profile=0 block=0 time_ns=1183026.300000
BANK_CAPTURE_COMMIT epoch=11 profile=0 block=0 time_ns=1188136.300000
BANK_FORWARD_ADMIT epoch=11 profile=0 index=0 fast_cycle=207928 time_ns=1188162.916551 interval_cycles=0
BANK_JOB epoch=11 inverse=0 admit=207928 config_delta=2 input_span=513 input_last_to_output_first=781 commit_delta=1829
BANK_JOB epoch=11 inverse=1 admit=209770 config_delta=2 input_span=513 input_last_to_output_first=781 commit_delta=1809
BANK_OUTPUT_START epoch=11 profile=0 block=0 time_ns=1209066.300000
BANK_OUTPUT epoch=11 profile=0 block=0 time_ns=1214176.300000
BANK_CAPTURE_START epoch=12 profile=0 block=0 time_ns=1214456.300000
BANK_CAPTURE_COMMIT epoch=12 profile=0 block=0 time_ns=1219566.300000
BANK_FORWARD_ADMIT epoch=12 profile=0 index=0 fast_cycle=213428 time_ns=1219591.489551 interval_cycles=0
BANK_JOB epoch=12 inverse=0 admit=213428 config_delta=2 input_span=513 input_last_to_output_first=781 commit_delta=1809
BANK_CAPTURE_START epoch=13 profile=0 block=0 time_ns=1230506.300000
BANK_CAPTURE_COMMIT epoch=13 profile=0 block=0 time_ns=1235616.300000
BANK_FORWARD_ADMIT epoch=13 profile=0 index=0 fast_cycle=216237 time_ns=1235642.918925 interval_cycles=0
BANK_JOB epoch=13 inverse=0 admit=216237 config_delta=2 input_span=513 input_last_to_output_first=781 commit_delta=1809
BANK_CAPTURE_START epoch=14 profile=0 block=0 time_ns=1246606.300000
BANK_CAPTURE_COMMIT epoch=14 profile=0 block=0 time_ns=1251716.300000
BANK_FORWARD_ADMIT epoch=14 profile=0 index=0 fast_cycle=219054 time_ns=1251740.062587 interval_cycles=0
BANK_CAPTURE_START epoch=15 profile=0 block=0 time_ns=1260106.300000
BANK_CAPTURE_COMMIT epoch=15 profile=0 block=0 time_ns=1265216.300000
BANK_FORWARD_ADMIT epoch=15 profile=0 index=0 fast_cycle=221417 time_ns=1265242.920405 interval_cycles=0
BANK_CAPTURE_START epoch=16 profile=0 block=0 time_ns=1273616.300000
BANK_CAPTURE_COMMIT epoch=16 profile=0 block=0 time_ns=1278726.300000
BANK_FORWARD_ADMIT epoch=16 profile=0 index=0 fast_cycle=223781 time_ns=1278751.492509 interval_cycles=0
BANK_CAPTURE_START epoch=17 profile=0 block=0 time_ns=1287126.300000
BANK_CAPTURE_COMMIT epoch=17 profile=0 block=0 time_ns=1292236.300000
BANK_FORWARD_ADMIT epoch=17 profile=0 index=0 fast_cycle=226145 time_ns=1292260.064613 interval_cycles=0
BANK_CAPTURE_START epoch=18 profile=0 block=0 time_ns=1293586.300000
BANK_CAPTURE_COMMIT epoch=18 profile=0 block=0 time_ns=1298696.300000
BANK_FORWARD_ADMIT epoch=18 profile=0 index=0 fast_cycle=227276 time_ns=1298722.922079 interval_cycles=0
BANK_CAPTURE_START epoch=19 profile=0 block=0 time_ns=1306706.300000
BANK_CAPTURE_COMMIT epoch=19 profile=0 block=0 time_ns=1311816.300000
BANK_FORWARD_ADMIT epoch=19 profile=0 index=0 fast_cycle=229572 time_ns=1311842.922735 interval_cycles=0
BANK_JOB epoch=19 inverse=0 admit=229572 config_delta=2 input_span=513 input_last_to_output_first=781 commit_delta=1809
BANK_CAPTURE_START epoch=20 profile=0 block=0 time_ns=1333166.300000
BANK_CAPTURE_COMMIT epoch=20 profile=0 block=0 time_ns=1338276.300000
BANK_FORWARD_ADMIT epoch=20 profile=0 index=0 fast_cycle=234202 time_ns=1338300.066915 interval_cycles=0
BANK_JOB epoch=20 inverse=0 admit=234202 config_delta=2 input_span=513 input_last_to_output_first=781 commit_delta=1809
BANK_JOB epoch=20 inverse=1 admit=236024 config_delta=2 input_span=513 input_last_to_output_first=781 commit_delta=1809
BANK_CAPTURE_START epoch=21 profile=0 block=0 time_ns=1359626.300000
BANK_CAPTURE_COMMIT epoch=21 profile=0 block=0 time_ns=1364736.300000
BANK_FORWARD_ADMIT epoch=21 profile=0 index=0 fast_cycle=238833 time_ns=1364762.925381 interval_cycles=0
BANK_CAPTURE_START epoch=21 profile=0 block=1 time_ns=1367736.300000
BANK_CAPTURE_COMMIT epoch=21 profile=0 block=1 time_ns=1372846.300000
BANK_JOB epoch=21 inverse=0 admit=238833 config_delta=2 input_span=513 input_last_to_output_first=781 commit_delta=1809
BANK_JOB epoch=21 inverse=1 admit=240655 config_delta=2 input_span=513 input_last_to_output_first=781 commit_delta=1809
BANK_OUTPUT_START epoch=21 profile=0 block=0 time_ns=1385556.300000
BANK_PREFIX_FAULT_INJECT fast_cycle=242695 slow_cycle=138682 accepted_words=128 time_ns=1386828.640770
BANK_PREFIX_FAULT_QUARANTINED accepted_words=130 complete_blocks=0 queued_source_blocks=1
BANK_CAPTURE_START epoch=22 profile=0 block=0 time_ns=1387406.300000
BANK_CAPTURE_COMMIT epoch=22 profile=0 block=0 time_ns=1392516.300000
BANK_FORWARD_ADMIT epoch=22 profile=0 index=0 fast_cycle=243694 time_ns=1392540.069627 interval_cycles=0
BANK_JOB epoch=22 inverse=0 admit=243694 config_delta=2 input_span=513 input_last_to_output_first=781 commit_delta=1809
BANK_JOB epoch=22 inverse=1 admit=245516 config_delta=2 input_span=513 input_last_to_output_first=781 commit_delta=1809
BANK_OUTPUT_START epoch=22 profile=0 block=0 time_ns=1413336.300000
BANK_OUTPUT epoch=22 profile=0 block=0 time_ns=1418446.300000
COMPLETED_INPUT_ACTUAL_CORE_EQ_PASS return_checks=101832 full_shadow_checks=495484
FFT_BANK_OWNED_SLICE_PASS fast_mhz=175 healthy_blocks=44 inverse_words=22658 forward_words=24064 product_words=24064 purge_cases=4 fault_cases=10 overlap_loads=37 acceptance_equality_witnesses=2 closed_input_prefetch_witnesses=13454 held_final_ready_witnesses=3 provisional_prefix_words=130 nominal_max_forward_interval_cycles=4540
BANK_CAPTURE_START epoch=23 profile=0 block=0 time_ns=1418726.300000
BANK_CAPTURE_COMMIT epoch=23 profile=0 block=0 time_ns=1423836.300000
BANK_FORWARD_ADMIT epoch=23 profile=0 index=0 fast_cycle=249175 time_ns=1423860.071193 interval_cycles=0
BANK_JOB epoch=23 inverse=0 admit=249175 config_delta=2 input_span=513 input_last_to_output_first=781 commit_delta=1809
BANK_CAPTURE_START epoch=24 profile=0 block=0 time_ns=1434816.300000
BANK_CAPTURE_COMMIT epoch=24 profile=0 block=0 time_ns=1439926.300000
BANK_FORWARD_ADMIT epoch=24 profile=0 index=0 fast_cycle=251991 time_ns=1439951.500569 interval_cycles=0
BANK_JOB epoch=24 inverse=0 admit=251991 config_delta=2 input_span=513 input_last_to_output_first=781 commit_delta=1809
BANK_CAPTURE_START epoch=25 profile=0 block=0 time_ns=1450906.300000
BANK_CAPTURE_COMMIT epoch=25 profile=0 block=0 time_ns=1456016.300000
BANK_FORWARD_ADMIT epoch=25 profile=0 index=0 fast_cycle=254807 time_ns=1456042.929945 interval_cycles=0
BANK_JOB epoch=25 inverse=0 admit=254807 config_delta=2 input_span=513 input_last_to_output_first=781 commit_delta=1809
BANK_CAPTURE_START epoch=26 profile=0 block=0 time_ns=1467006.300000
BANK_CAPTURE_COMMIT epoch=26 profile=0 block=0 time_ns=1472116.300000
BANK_FORWARD_ADMIT epoch=26 profile=0 index=0 fast_cycle=257624 time_ns=1472140.073607 interval_cycles=0
BANK_JOB epoch=26 inverse=0 admit=257624 config_delta=2 input_span=513 input_last_to_output_first=781 commit_delta=1809
BANK_CAPTURE_START epoch=27 profile=0 block=0 time_ns=1483096.300000
BANK_CAPTURE_COMMIT epoch=27 profile=0 block=0 time_ns=1488206.300000
BANK_FORWARD_ADMIT epoch=27 profile=0 index=0 fast_cycle=260440 time_ns=1488231.502983 interval_cycles=0
BANK_JOB epoch=27 inverse=0 admit=260440 config_delta=2 input_span=513 input_last_to_output_first=781 commit_delta=1809
BANK_CAPTURE_START epoch=28 profile=0 block=0 time_ns=1499186.300000
BANK_CAPTURE_COMMIT epoch=28 profile=0 block=0 time_ns=1504296.300000
BANK_FORWARD_ADMIT epoch=28 profile=0 index=0 fast_cycle=263256 time_ns=1504322.932359 interval_cycles=0
BANK_JOB epoch=28 inverse=0 admit=263256 config_delta=2 input_span=513 input_last_to_output_first=781 commit_delta=1809
BANK_CAPTURE_START epoch=29 profile=0 block=0 time_ns=1515286.300000
BANK_CAPTURE_COMMIT epoch=29 profile=0 block=0 time_ns=1520396.300000
BANK_FORWARD_ADMIT epoch=29 profile=0 index=0 fast_cycle=266073 time_ns=1520420.076021 interval_cycles=0
BANK_JOB epoch=29 inverse=0 admit=266073 config_delta=2 input_span=513 input_last_to_output_first=781 commit_delta=1809
BANK_CAPTURE_START epoch=30 profile=0 block=0 time_ns=1531376.300000
BANK_CAPTURE_COMMIT epoch=30 profile=0 block=0 time_ns=1536486.300000
BANK_FORWARD_ADMIT epoch=30 profile=0 index=0 fast_cycle=268889 time_ns=1536511.505397 interval_cycles=0
BANK_JOB epoch=30 inverse=0 admit=268889 config_delta=2 input_span=513 input_last_to_output_first=781 commit_delta=1809
BANK_CAPTURE_START epoch=31 profile=0 block=0 time_ns=1547466.300000
BANK_CAPTURE_COMMIT epoch=31 profile=0 block=0 time_ns=1552576.300000
BANK_FORWARD_ADMIT epoch=31 profile=0 index=0 fast_cycle=271705 time_ns=1552602.934773 interval_cycles=0
BANK_JOB epoch=31 inverse=0 admit=271705 config_delta=2 input_span=513 input_last_to_output_first=781 commit_delta=1809
BANK_CAPTURE_START epoch=32 profile=0 block=0 time_ns=1563566.300000
BANK_CAPTURE_COMMIT epoch=32 profile=0 block=0 time_ns=1568676.300000
BANK_FORWARD_ADMIT epoch=32 profile=0 index=0 fast_cycle=274522 time_ns=1568700.078435 interval_cycles=0
BANK_JOB epoch=32 inverse=0 admit=274522 config_delta=2 input_span=513 input_last_to_output_first=781 commit_delta=1809
BANK_CAPTURE_START epoch=33 profile=0 block=0 time_ns=1579666.300000
BANK_CAPTURE_COMMIT epoch=33 profile=0 block=0 time_ns=1584776.300000
BANK_FORWARD_ADMIT epoch=33 profile=0 index=0 fast_cycle=277340 time_ns=1584802.936383 interval_cycles=0
BANK_JOB epoch=33 inverse=0 admit=277340 config_delta=2 input_span=513 input_last_to_output_first=781 commit_delta=1809
BANK_CAPTURE_START epoch=34 profile=0 block=0 time_ns=1595766.300000
BANK_CAPTURE_COMMIT epoch=34 profile=0 block=0 time_ns=1600876.300000
BANK_FORWARD_ADMIT epoch=34 profile=0 index=0 fast_cycle=280157 time_ns=1600900.080045 interval_cycles=0
BANK_JOB epoch=34 inverse=0 admit=280157 config_delta=2 input_span=513 input_last_to_output_first=781 commit_delta=1809
BANK_CAPTURE_START epoch=35 profile=0 block=0 time_ns=1611536.300000
BANK_CAPTURE_COMMIT epoch=35 profile=0 block=0 time_ns=1616646.300000
BANK_FORWARD_ADMIT epoch=35 profile=0 index=0 fast_cycle=282917 time_ns=1616671.509405 interval_cycles=0
BANK_JOB epoch=35 inverse=0 admit=282917 config_delta=2 input_span=513 input_last_to_output_first=781 commit_delta=1809
BANK_JOB epoch=35 inverse=1 admit=284739 config_delta=2 input_span=513 input_last_to_output_first=781 commit_delta=1809
BANK_OUTPUT_START epoch=35 profile=0 block=0 time_ns=1637466.300000
BANK_OUTPUT epoch=35 profile=0 block=0 time_ns=1642576.300000
RAW_READY_CERTIFIED_ACK_PASS handoff_fault_cases=11 raw_ready_differences=1039 late_ack_witnesses=4 late_orphan_private_advances=3 handoff_reset_recovery=1 full_shadow_checks=573353
BANK_CAPTURE_START epoch=36 profile=0 block=0 time_ns=1642856.300000
BANK_CAPTURE_COMMIT epoch=36 profile=0 block=0 time_ns=1647966.300000
BANK_FORWARD_ADMIT epoch=36 profile=0 index=0 fast_cycle=288398 time_ns=1647991.510971 interval_cycles=0
BANK_CAPTURE_START epoch=37 profile=0 block=0 time_ns=1648806.300000
BANK_CAPTURE_COMMIT epoch=37 profile=0 block=0 time_ns=1653916.300000
BANK_FORWARD_ADMIT epoch=37 profile=0 index=0 fast_cycle=289439 time_ns=1653940.082697 interval_cycles=0
BANK_CAPTURE_START epoch=38 profile=0 block=0 time_ns=1654746.300000
BANK_CAPTURE_COMMIT epoch=38 profile=0 block=0 time_ns=1659856.300000
BANK_FORWARD_ADMIT epoch=38 profile=0 index=0 fast_cycle=290479 time_ns=1659882.940137 interval_cycles=0
BANK_CAPTURE_START epoch=39 profile=0 block=0 time_ns=1660696.300000
BANK_CAPTURE_COMMIT epoch=39 profile=0 block=0 time_ns=1665806.300000
BANK_FORWARD_ADMIT epoch=39 profile=0 index=0 fast_cycle=291520 time_ns=1665831.511863 interval_cycles=0
BANK_CAPTURE_START epoch=40 profile=0 block=0 time_ns=1666646.300000
BANK_CAPTURE_COMMIT epoch=40 profile=0 block=0 time_ns=1671756.300000
BANK_FORWARD_ADMIT epoch=40 profile=0 index=0 fast_cycle=292561 time_ns=1671780.083589 interval_cycles=0
BANK_CAPTURE_START epoch=41 profile=0 block=0 time_ns=1672586.300000
BANK_CAPTURE_COMMIT epoch=41 profile=0 block=0 time_ns=1677696.300000
BANK_FORWARD_ADMIT epoch=41 profile=0 index=0 fast_cycle=293601 time_ns=1677722.941029 interval_cycles=0
BANK_CAPTURE_START epoch=42 profile=0 block=0 time_ns=1678536.300000
BANK_CAPTURE_COMMIT epoch=42 profile=0 block=0 time_ns=1683646.300000
BANK_FORWARD_ADMIT epoch=42 profile=0 index=0 fast_cycle=294642 time_ns=1683671.512755 interval_cycles=0
BANK_JOB epoch=42 inverse=0 admit=294642 config_delta=2 input_span=513 input_last_to_output_first=781 commit_delta=1809
BANK_CAPTURE_START epoch=43 profile=0 block=0 time_ns=1694896.300000
BANK_CAPTURE_COMMIT epoch=43 profile=0 block=0 time_ns=1700006.300000
BANK_FORWARD_ADMIT epoch=43 profile=0 index=0 fast_cycle=297505 time_ns=1700031.513573 interval_cycles=0
BANK_JOB epoch=43 inverse=0 admit=297505 config_delta=2 input_span=513 input_last_to_output_first=781 commit_delta=1809
BANK_CAPTURE_START epoch=44 profile=0 block=0 time_ns=1711256.300000
BANK_CAPTURE_COMMIT epoch=44 profile=0 block=0 time_ns=1716366.300000
BANK_FORWARD_ADMIT epoch=44 profile=0 index=0 fast_cycle=300368 time_ns=1716391.514391 interval_cycles=0
BANK_JOB epoch=44 inverse=0 admit=300368 config_delta=2 input_span=513 input_last_to_output_first=781 commit_delta=1809
BANK_CAPTURE_START epoch=45 profile=0 block=0 time_ns=1727616.300000
BANK_CAPTURE_COMMIT epoch=45 profile=0 block=0 time_ns=1732726.300000
BANK_FORWARD_ADMIT epoch=45 profile=0 index=0 fast_cycle=303231 time_ns=1732751.515209 interval_cycles=0
BANK_JOB epoch=45 inverse=0 admit=303231 config_delta=2 input_span=513 input_last_to_output_first=781 commit_delta=1809
BANK_CAPTURE_START epoch=46 profile=0 block=0 time_ns=1743976.300000
BANK_CAPTURE_COMMIT epoch=46 profile=0 block=0 time_ns=1749086.300000
BANK_FORWARD_ADMIT epoch=46 profile=0 index=0 fast_cycle=306094 time_ns=1749111.516027 interval_cycles=0
BANK_JOB epoch=46 inverse=0 admit=306094 config_delta=2 input_span=513 input_last_to_output_first=781 commit_delta=1809
BANK_CAPTURE_START epoch=47 profile=0 block=0 time_ns=1760336.300000
BANK_CAPTURE_COMMIT epoch=47 profile=0 block=0 time_ns=1765446.300000
BANK_FORWARD_ADMIT epoch=47 profile=0 index=0 fast_cycle=308957 time_ns=1765471.516845 interval_cycles=0
BANK_JOB epoch=47 inverse=0 admit=308957 config_delta=2 input_span=513 input_last_to_output_first=781 commit_delta=1809
BANK_CAPTURE_START epoch=48 profile=0 block=0 time_ns=1776696.300000
BANK_CAPTURE_COMMIT epoch=48 profile=0 block=0 time_ns=1781806.300000
BANK_FORWARD_ADMIT epoch=48 profile=0 index=0 fast_cycle=311820 time_ns=1781831.517663 interval_cycles=0
BANK_CAPTURE_START epoch=49 profile=0 block=0 time_ns=1782656.300000
BANK_CAPTURE_COMMIT epoch=49 profile=0 block=0 time_ns=1787766.300000
BANK_FORWARD_ADMIT epoch=49 profile=0 index=0 fast_cycle=312863 time_ns=1787791.517961 interval_cycles=0
BANK_JOB epoch=49 inverse=0 admit=312863 config_delta=2 input_span=513 input_last_to_output_first=781 commit_delta=1809
BANK_CAPTURE_START epoch=50 profile=0 block=0 time_ns=1799026.300000
BANK_CAPTURE_COMMIT epoch=50 profile=0 block=0 time_ns=1804136.300000
BANK_FORWARD_ADMIT epoch=50 profile=0 index=0 fast_cycle=315728 time_ns=1804162.947351 interval_cycles=0
BANK_JOB epoch=50 inverse=0 admit=315728 config_delta=2 input_span=513 input_last_to_output_first=781 commit_delta=1809
BANK_JOB epoch=50 inverse=1 admit=317550 config_delta=2 input_span=513 input_last_to_output_first=781 commit_delta=1809
BANK_OUTPUT_START epoch=50 profile=0 block=0 time_ns=1824956.300000
BANK_OUTPUT epoch=50 profile=0 block=0 time_ns=1830066.300000
BANK_CAPTURE_START epoch=51 profile=0 block=0 time_ns=1830346.300000
BANK_CAPTURE_COMMIT epoch=51 profile=0 block=0 time_ns=1835456.300000
BANK_FORWARD_ADMIT epoch=51 profile=0 index=0 fast_cycle=321209 time_ns=1835482.948917 interval_cycles=0
BANK_JOB epoch=51 inverse=0 admit=321209 config_delta=2 input_span=513 input_last_to_output_first=781 commit_delta=1809
BANK_JOB epoch=51 inverse=1 admit=323031 config_delta=2 input_span=513 input_last_to_output_first=781 commit_delta=1809
BANK_OUTPUT_START epoch=51 profile=0 block=0 time_ns=1856276.300000
BANK_OUTPUT epoch=51 profile=0 block=0 time_ns=1861386.300000
HELD_PHASE_INPUT_PASS registered=0 active_fault_cases=12 vendor_open_quarantine_cases=2 reset_recoveries=2 input_shadow_checks=649219 full_open_tuple_checks=133790 quarantine_open_checks=16 exact_certified_and_bank_reads=1
BALANCED_IDENTITY_ACTUAL_PASS enabled=0 legacy_input_shadow_checks=649219 exact_per_beat_fault_reasons=1
HELD_PREFLIGHT_ACTUAL_PASS registered=0 global_current_cause_checks=651496 preparing_tuple_checks=0 expected_cache_cases=0 raw_bank_boundary_rows=0 independent_old_reason_shadow=1
$finish called at time : 1861420094071 fs : File "/tmp/starlink-completed-input.5EaJuD/held-preflight-default-v1/frozen_sources/tb_starlink_pss_fft_bank_owned_slice.sv" Line 858
INFO: xsimkernel Simulation Memory Usage: 135568 KB (Peak: 184720 KB), Simulation CPU Usage: 135970 ms
