cdc-passing111-SHA256SUMS: OK
combined-origin-SHA256SUMS: OK
frozen_sources/create_shared_realtime_xfft_ip.tcl: OK
frozen_sources/fault_cdc_contract.py: OK
frozen_sources/forward_exponents.mem: OK
frozen_sources/forward_q17.mem: OK
frozen_sources/inverse_exponents.mem: OK
frozen_sources/inverse_q17.mem: OK
frozen_sources/prepare_exact_control_actual.py: OK
frozen_sources/prepare_exact_control_diagnostic.py: OK
frozen_sources/prepare_exact_control_extra_edge.py: OK
frozen_sources/prepare_exact_control_physical.py: OK
frozen_sources/prepare_exact_control_status_qualified.py: OK
frozen_sources/prepare_fault_cdc_actual.py: OK
frozen_sources/product_q17.mem: OK
frozen_sources/samples_ci16.mem: OK
frozen_sources/simulate_exact_control_prepared.tcl: OK
frozen_sources/starlink_pss_block_mailbox.v: OK
frozen_sources/starlink_pss_block_mailbox_dec20d63_golden.v: OK
frozen_sources/starlink_pss_exact_control_actual_compare.sv: OK
frozen_sources/starlink_pss_exact_control_extra_epochs.svh: OK
frozen_sources/starlink_pss_fault_cdc_actual_observer.svh: OK
frozen_sources/starlink_pss_fft_bank_owned_slice.v: OK
frozen_sources/starlink_pss_fft_bank_owned_slice_dec20d63_golden.v: OK
frozen_sources/starlink_pss_forward_kernel_join.v: OK
frozen_sources/starlink_pss_forward_kernel_join_7ee87258_golden.v: OK
frozen_sources/starlink_pss_forward_kernel_join_dec20d63_golden.v: OK
frozen_sources/starlink_pss_forward_retirement_shadow.sv: OK
frozen_sources/starlink_pss_kernel_rom.v: OK
frozen_sources/starlink_pss_kernel_rom_7ee87258_golden.v: OK
frozen_sources/starlink_pss_kernel_rom_dec20d63_golden.v: OK
frozen_sources/starlink_pss_payload_bubble_shadow.sv: OK
frozen_sources/starlink_pss_realtime_input_guard.v: OK
frozen_sources/starlink_pss_realtime_input_guard_dec20d63_golden.v: OK
frozen_sources/starlink_pss_realtime_result_guard.v: OK
frozen_sources/starlink_pss_realtime_result_guard_ce6a885e_golden.v: OK
frozen_sources/starlink_pss_realtime_result_guard_dec20d63_golden.v: OK
frozen_sources/starlink_pss_spectrum_product.v: OK
frozen_sources/starlink_pss_spectrum_product_7ee87258_golden.v: OK
frozen_sources/starlink_pss_spectrum_product_dec20d63_golden.v: OK
frozen_sources/tb_starlink_pss_exact_control_reference.sv: OK
frozen_sources/tb_starlink_pss_fft_bank_owned_slice.sv: OK
frozen_sources/upper_edge_pss_kernel_q17.mem: OK
original-SHA256SUMS: OK
preparation.json: OK
qualified-baseline-SHA256SUMS: OK
settings.tcl: OK
strict-diagnostic-SHA256SUMS: OK
