WDB_AVAILABILITY fields=217 candidate=23 reference=0 both=0
WDB_COUNTER exact_checks=419508
WDB_COUNTER exact_active_checks=318945
WDB_COUNTER exact_consumed=36
WDB_COUNTER exact_private_differences=0
WDB_COUNTER exact_final_faults=0
WDB_COUNTER exact_owned_stalls=62414
WDB_COUNTER exact_reset_owned=3
WDB_COUNTER epoch=11
WDB_COUNTER fast_cycle=209754
WDB_COUNTER injected_status=5
WDB_COUNTER held_final_ready_witnesses=0
WDB_AVAILABILITY fields=217 candidate=23 reference=0 both=0
WDB_COUNTER exact_checks=420224
WDB_COUNTER exact_active_checks=319125
WDB_COUNTER exact_consumed=36
WDB_COUNTER exact_private_differences=33
WDB_COUNTER exact_final_faults=0
WDB_COUNTER exact_owned_stalls=62589
WDB_COUNTER exact_reset_owned=3
WDB_COUNTER epoch=11
WDB_COUNTER fast_cycle=210112
WDB_COUNTER injected_status=5
WDB_COUNTER held_final_ready_witnesses=0
