Time resolution is 1 fs
BANK_CAPTURE_START epoch=1 profile=0 block=0 time_ns=256.300000
BANK_CAPTURE_COMMIT epoch=1 profile=0 block=0 time_ns=5366.300000
BANK_FORWARD_ADMIT epoch=1 profile=0 index=0 fast_cycle=945 time_ns=5402.857413 interval_cycles=0
BANK_CAPTURE_START epoch=1 profile=0 block=1 time_ns=8386.300000
BANK_CAPTURE_COMMIT epoch=1 profile=0 block=1 time_ns=13496.300000
BANK_JOB epoch=1 inverse=0 admit=945 config_delta=3 input_span=513 input_last_to_output_first=781 commit_delta=1810
BANK_JOB epoch=1 inverse=1 admit=2771 config_delta=3 input_span=513 input_last_to_output_first=781 commit_delta=1810
BANK_OUTPUT_START epoch=1 profile=0 block=0 time_ns=26226.300000
BANK_OUTPUT epoch=1 profile=0 block=0 time_ns=31336.300000
BANK_FORWARD_ADMIT epoch=1 profile=0 index=1 fast_cycle=5493 time_ns=31391.430141 interval_cycles=4548
BANK_CAPTURE_START epoch=1 profile=0 block=2 time_ns=34366.300000
BANK_CAPTURE_COMMIT epoch=1 profile=0 block=2 time_ns=39476.300000
BANK_JOB epoch=1 inverse=0 admit=5493 config_delta=3 input_span=513 input_last_to_output_first=781 commit_delta=1810
BANK_JOB epoch=1 inverse=1 admit=7319 config_delta=3 input_span=513 input_last_to_output_first=781 commit_delta=1810
BANK_OUTPUT_START epoch=1 profile=0 block=1 time_ns=52216.300000
BANK_OUTPUT epoch=1 profile=0 block=1 time_ns=57326.300000
BANK_FORWARD_ADMIT epoch=1 profile=0 index=2 fast_cycle=10041 time_ns=57380.002869 interval_cycles=4548
BANK_CAPTURE_START epoch=1 profile=0 block=3 time_ns=60356.300000
BANK_CAPTURE_COMMIT epoch=1 profile=0 block=3 time_ns=65466.300000
BANK_JOB epoch=1 inverse=0 admit=10041 config_delta=3 input_span=513 input_last_to_output_first=781 commit_delta=1810
BANK_JOB epoch=1 inverse=1 admit=11867 config_delta=3 input_span=513 input_last_to_output_first=781 commit_delta=1810
BANK_OUTPUT_START epoch=1 profile=0 block=2 time_ns=78206.300000
BANK_OUTPUT epoch=1 profile=0 block=2 time_ns=83316.300000
BANK_FORWARD_ADMIT epoch=1 profile=0 index=3 fast_cycle=14589 time_ns=83368.575597 interval_cycles=4548
BANK_CAPTURE_START epoch=1 profile=0 block=4 time_ns=86346.300000
BANK_CAPTURE_COMMIT epoch=1 profile=0 block=4 time_ns=91456.300000
BANK_JOB epoch=1 inverse=0 admit=14589 config_delta=3 input_span=513 input_last_to_output_first=781 commit_delta=1810
BANK_JOB epoch=1 inverse=1 admit=16415 config_delta=3 input_span=513 input_last_to_output_first=781 commit_delta=1810
BANK_OUTPUT_START epoch=1 profile=0 block=3 time_ns=104186.300000
BANK_OUTPUT epoch=1 profile=0 block=3 time_ns=109296.300000
BANK_FORWARD_ADMIT epoch=1 profile=0 index=4 fast_cycle=19136 time_ns=109351.434039 interval_cycles=4547
BANK_CAPTURE_START epoch=1 profile=0 block=5 time_ns=112326.300000
BANK_CAPTURE_COMMIT epoch=1 profile=0 block=5 time_ns=117436.300000
BANK_JOB epoch=1 inverse=0 admit=19136 config_delta=3 input_span=513 input_last_to_output_first=781 commit_delta=1810
BANK_JOB epoch=1 inverse=1 admit=20962 config_delta=3 input_span=513 input_last_to_output_first=781 commit_delta=1810
BANK_OUTPUT_START epoch=1 profile=0 block=4 time_ns=130176.300000
BANK_OUTPUT epoch=1 profile=0 block=4 time_ns=135286.300000
BANK_FORWARD_ADMIT epoch=1 profile=0 index=5 fast_cycle=23684 time_ns=135340.006767 interval_cycles=4548
BANK_CAPTURE_START epoch=1 profile=0 block=6 time_ns=138316.300000
BANK_CAPTURE_COMMIT epoch=1 profile=0 block=6 time_ns=143426.300000
BANK_JOB epoch=1 inverse=0 admit=23684 config_delta=3 input_span=513 input_last_to_output_first=781 commit_delta=1810
BANK_JOB epoch=1 inverse=1 admit=25510 config_delta=3 input_span=513 input_last_to_output_first=781 commit_delta=1810
BANK_OUTPUT_START epoch=1 profile=0 block=5 time_ns=156166.300000
BANK_OUTPUT epoch=1 profile=0 block=5 time_ns=161276.300000
BANK_FORWARD_ADMIT epoch=1 profile=0 index=6 fast_cycle=28232 time_ns=161328.579495 interval_cycles=4548
BANK_CAPTURE_START epoch=1 profile=0 block=7 time_ns=164306.300000
BANK_CAPTURE_COMMIT epoch=1 profile=0 block=7 time_ns=169416.300000
BANK_JOB epoch=1 inverse=0 admit=28232 config_delta=3 input_span=513 input_last_to_output_first=781 commit_delta=1810
BANK_JOB epoch=1 inverse=1 admit=30058 config_delta=3 input_span=513 input_last_to_output_first=781 commit_delta=1810
BANK_OUTPUT_START epoch=1 profile=0 block=6 time_ns=182146.300000
BANK_OUTPUT epoch=1 profile=0 block=6 time_ns=187256.300000
BANK_FORWARD_ADMIT epoch=1 profile=0 index=7 fast_cycle=32779 time_ns=187311.437937 interval_cycles=4547
BANK_CAPTURE_START epoch=1 profile=0 block=8 time_ns=190286.300000
BANK_CAPTURE_COMMIT epoch=1 profile=0 block=8 time_ns=195396.300000
BANK_JOB epoch=1 inverse=0 admit=32779 config_delta=3 input_span=513 input_last_to_output_first=781 commit_delta=1810
BANK_JOB epoch=1 inverse=1 admit=34605 config_delta=3 input_span=513 input_last_to_output_first=781 commit_delta=1810
BANK_OUTPUT_START epoch=1 profile=0 block=7 time_ns=208136.300000
BANK_OUTPUT epoch=1 profile=0 block=7 time_ns=213246.300000
BANK_FORWARD_ADMIT epoch=1 profile=0 index=8 fast_cycle=37327 time_ns=213300.010665 interval_cycles=4548
BANK_CAPTURE_START epoch=1 profile=0 block=9 time_ns=216276.300000
BANK_CAPTURE_COMMIT epoch=1 profile=0 block=9 time_ns=221386.300000
BANK_JOB epoch=1 inverse=0 admit=37327 config_delta=3 input_span=513 input_last_to_output_first=781 commit_delta=1810
BANK_JOB epoch=1 inverse=1 admit=39153 config_delta=3 input_span=513 input_last_to_output_first=781 commit_delta=1810
BANK_OUTPUT_START epoch=1 profile=0 block=8 time_ns=234126.300000
BANK_OUTPUT epoch=1 profile=0 block=8 time_ns=239236.300000
BANK_FORWARD_ADMIT epoch=1 profile=0 index=9 fast_cycle=41875 time_ns=239288.583393 interval_cycles=4548
BANK_CAPTURE_START epoch=1 profile=0 block=10 time_ns=242266.300000
BANK_CAPTURE_COMMIT epoch=1 profile=0 block=10 time_ns=247376.300000
BANK_JOB epoch=1 inverse=0 admit=41875 config_delta=3 input_span=513 input_last_to_output_first=781 commit_delta=1810
BANK_JOB epoch=1 inverse=1 admit=43701 config_delta=3 input_span=513 input_last_to_output_first=781 commit_delta=1810
BANK_OUTPUT_START epoch=1 profile=0 block=9 time_ns=260106.300000
BANK_OUTPUT epoch=1 profile=0 block=9 time_ns=265216.300000
BANK_FORWARD_ADMIT epoch=1 profile=0 index=10 fast_cycle=46422 time_ns=265271.441835 interval_cycles=4547
BANK_CAPTURE_START epoch=1 profile=0 block=11 time_ns=268246.300000
BANK_CAPTURE_COMMIT epoch=1 profile=0 block=11 time_ns=273356.300000
BANK_JOB epoch=1 inverse=0 admit=46422 config_delta=3 input_span=513 input_last_to_output_first=781 commit_delta=1810
BANK_JOB epoch=1 inverse=1 admit=48248 config_delta=3 input_span=513 input_last_to_output_first=781 commit_delta=1810
BANK_OUTPUT_START epoch=1 profile=0 block=10 time_ns=286096.300000
BANK_OUTPUT epoch=1 profile=0 block=10 time_ns=291206.300000
BANK_FORWARD_ADMIT epoch=1 profile=0 index=11 fast_cycle=50970 time_ns=291260.014563 interval_cycles=4548
BANK_CAPTURE_START epoch=1 profile=0 block=12 time_ns=294236.300000
BANK_CAPTURE_COMMIT epoch=1 profile=0 block=12 time_ns=299346.300000
BANK_JOB epoch=1 inverse=0 admit=50970 config_delta=3 input_span=513 input_last_to_output_first=781 commit_delta=1810
BANK_JOB epoch=1 inverse=1 admit=52796 config_delta=3 input_span=513 input_last_to_output_first=781 commit_delta=1810
BANK_OUTPUT_START epoch=1 profile=0 block=11 time_ns=312086.300000
BANK_OUTPUT epoch=1 profile=0 block=11 time_ns=317196.300000
BANK_FORWARD_ADMIT epoch=1 profile=0 index=12 fast_cycle=55518 time_ns=317248.587291 interval_cycles=4548
BANK_CAPTURE_START epoch=1 profile=0 block=13 time_ns=320226.300000
BANK_CAPTURE_COMMIT epoch=1 profile=0 block=13 time_ns=325336.300000
BANK_JOB epoch=1 inverse=0 admit=55518 config_delta=3 input_span=513 input_last_to_output_first=781 commit_delta=1810
BANK_JOB epoch=1 inverse=1 admit=57344 config_delta=3 input_span=513 input_last_to_output_first=781 commit_delta=1810
BANK_OUTPUT_START epoch=1 profile=0 block=12 time_ns=338066.300000
BANK_OUTPUT epoch=1 profile=0 block=12 time_ns=343176.300000
BANK_FORWARD_ADMIT epoch=1 profile=0 index=13 fast_cycle=60065 time_ns=343231.445733 interval_cycles=4547
BANK_CAPTURE_START epoch=1 profile=0 block=14 time_ns=346206.300000
BANK_CAPTURE_COMMIT epoch=1 profile=0 block=14 time_ns=351316.300000
BANK_JOB epoch=1 inverse=0 admit=60065 config_delta=3 input_span=513 input_last_to_output_first=781 commit_delta=1810
BANK_JOB epoch=1 inverse=1 admit=61891 config_delta=3 input_span=513 input_last_to_output_first=781 commit_delta=1810
BANK_OUTPUT_START epoch=1 profile=0 block=13 time_ns=364056.300000
BANK_OUTPUT epoch=1 profile=0 block=13 time_ns=369166.300000
BANK_FORWARD_ADMIT epoch=1 profile=0 index=14 fast_cycle=64613 time_ns=369220.018461 interval_cycles=4548
BANK_CAPTURE_START epoch=1 profile=0 block=15 time_ns=372196.300000
BANK_CAPTURE_COMMIT epoch=1 profile=0 block=15 time_ns=377306.300000
BANK_JOB epoch=1 inverse=0 admit=64613 config_delta=3 input_span=513 input_last_to_output_first=781 commit_delta=1810
BANK_JOB epoch=1 inverse=1 admit=66439 config_delta=3 input_span=513 input_last_to_output_first=781 commit_delta=1810
BANK_OUTPUT_START epoch=1 profile=0 block=14 time_ns=390046.300000
BANK_OUTPUT epoch=1 profile=0 block=14 time_ns=395156.300000
BANK_FORWARD_ADMIT epoch=1 profile=0 index=15 fast_cycle=69161 time_ns=395208.591189 interval_cycles=4548
BANK_CAPTURE_START epoch=1 profile=0 block=16 time_ns=398186.300000
BANK_CAPTURE_COMMIT epoch=1 profile=0 block=16 time_ns=403296.300000
BANK_JOB epoch=1 inverse=0 admit=69161 config_delta=3 input_span=513 input_last_to_output_first=781 commit_delta=1810
BANK_JOB epoch=1 inverse=1 admit=70987 config_delta=3 input_span=513 input_last_to_output_first=781 commit_delta=1810
BANK_OUTPUT_START epoch=1 profile=0 block=15 time_ns=416026.300000
BANK_OUTPUT epoch=1 profile=0 block=15 time_ns=421136.300000
BANK_FORWARD_ADMIT epoch=1 profile=0 index=16 fast_cycle=73708 time_ns=421191.449631 interval_cycles=4547
BANK_CAPTURE_START epoch=1 profile=0 block=17 time_ns=424166.300000
BANK_CAPTURE_COMMIT epoch=1 profile=0 block=17 time_ns=429276.300000
BANK_JOB epoch=1 inverse=0 admit=73708 config_delta=3 input_span=513 input_last_to_output_first=781 commit_delta=1810
BANK_JOB epoch=1 inverse=1 admit=75534 config_delta=3 input_span=513 input_last_to_output_first=781 commit_delta=1810
BANK_OUTPUT_START epoch=1 profile=0 block=16 time_ns=442016.300000
BANK_OUTPUT epoch=1 profile=0 block=16 time_ns=447126.300000
BANK_FORWARD_ADMIT epoch=1 profile=0 index=17 fast_cycle=78256 time_ns=447180.022359 interval_cycles=4548
BANK_CAPTURE_START epoch=1 profile=0 block=18 time_ns=450156.300000
BANK_CAPTURE_COMMIT epoch=1 profile=0 block=18 time_ns=455266.300000
BANK_JOB epoch=1 inverse=0 admit=78256 config_delta=3 input_span=513 input_last_to_output_first=781 commit_delta=1810
BANK_JOB epoch=1 inverse=1 admit=80082 config_delta=3 input_span=513 input_last_to_output_first=781 commit_delta=1810
BANK_OUTPUT_START epoch=1 profile=0 block=17 time_ns=468006.300000
BANK_OUTPUT epoch=1 profile=0 block=17 time_ns=473116.300000
BANK_FORWARD_ADMIT epoch=1 profile=0 index=18 fast_cycle=82804 time_ns=473168.595087 interval_cycles=4548
BANK_CAPTURE_START epoch=1 profile=0 block=19 time_ns=476146.300000
BANK_CAPTURE_COMMIT epoch=1 profile=0 block=19 time_ns=481256.300000
BANK_JOB epoch=1 inverse=0 admit=82804 config_delta=3 input_span=513 input_last_to_output_first=781 commit_delta=1810
BANK_JOB epoch=1 inverse=1 admit=84630 config_delta=3 input_span=513 input_last_to_output_first=781 commit_delta=1810
BANK_OUTPUT_START epoch=1 profile=0 block=18 time_ns=493986.300000
BANK_OUTPUT epoch=1 profile=0 block=18 time_ns=499096.300000
BANK_FORWARD_ADMIT epoch=1 profile=0 index=19 fast_cycle=87351 time_ns=499151.453529 interval_cycles=4547
BANK_CAPTURE_START epoch=1 profile=0 block=20 time_ns=502126.300000
BANK_CAPTURE_COMMIT epoch=1 profile=0 block=20 time_ns=507236.300000
BANK_JOB epoch=1 inverse=0 admit=87351 config_delta=3 input_span=513 input_last_to_output_first=781 commit_delta=1810
BANK_JOB epoch=1 inverse=1 admit=89177 config_delta=3 input_span=513 input_last_to_output_first=781 commit_delta=1810
BANK_OUTPUT_START epoch=1 profile=0 block=19 time_ns=519976.300000
BANK_OUTPUT epoch=1 profile=0 block=19 time_ns=525086.300000
BANK_FORWARD_ADMIT epoch=1 profile=0 index=20 fast_cycle=91899 time_ns=525140.026257 interval_cycles=4548
BANK_CAPTURE_START epoch=1 profile=0 block=21 time_ns=528116.300000
BANK_CAPTURE_COMMIT epoch=1 profile=0 block=21 time_ns=533226.300000
BANK_JOB epoch=1 inverse=0 admit=91899 config_delta=3 input_span=513 input_last_to_output_first=781 commit_delta=1810
BANK_JOB epoch=1 inverse=1 admit=93725 config_delta=3 input_span=513 input_last_to_output_first=781 commit_delta=1810
BANK_OUTPUT_START epoch=1 profile=0 block=20 time_ns=545966.300000
BANK_OUTPUT epoch=1 profile=0 block=20 time_ns=551076.300000
BANK_FORWARD_ADMIT epoch=1 profile=0 index=21 fast_cycle=96447 time_ns=551128.598985 interval_cycles=4548
BANK_CAPTURE_START epoch=1 profile=0 block=22 time_ns=554106.300000
BANK_CAPTURE_COMMIT epoch=1 profile=0 block=22 time_ns=559216.300000
BANK_JOB epoch=1 inverse=0 admit=96447 config_delta=3 input_span=513 input_last_to_output_first=781 commit_delta=1810
BANK_JOB epoch=1 inverse=1 admit=98273 config_delta=3 input_span=513 input_last_to_output_first=781 commit_delta=1810
BANK_OUTPUT_START epoch=1 profile=0 block=21 time_ns=571946.300000
BANK_OUTPUT epoch=1 profile=0 block=21 time_ns=577056.300000
BANK_FORWARD_ADMIT epoch=1 profile=0 index=22 fast_cycle=100994 time_ns=577111.457427 interval_cycles=4547
BANK_CAPTURE_START epoch=1 profile=0 block=23 time_ns=580086.300000
BANK_CAPTURE_COMMIT epoch=1 profile=0 block=23 time_ns=585196.300000
BANK_JOB epoch=1 inverse=0 admit=100994 config_delta=3 input_span=513 input_last_to_output_first=781 commit_delta=1810
BANK_JOB epoch=1 inverse=1 admit=102820 config_delta=3 input_span=513 input_last_to_output_first=781 commit_delta=1810
BANK_OUTPUT_START epoch=1 profile=0 block=22 time_ns=597936.300000
BANK_OUTPUT epoch=1 profile=0 block=22 time_ns=603046.300000
BANK_FORWARD_ADMIT epoch=1 profile=0 index=23 fast_cycle=105542 time_ns=603100.030155 interval_cycles=4548
BANK_CAPTURE_START epoch=1 profile=0 block=24 time_ns=606076.300000
BANK_CAPTURE_COMMIT epoch=1 profile=0 block=24 time_ns=611186.300000
BANK_JOB epoch=1 inverse=0 admit=105542 config_delta=3 input_span=513 input_last_to_output_first=781 commit_delta=1810
BANK_JOB epoch=1 inverse=1 admit=107368 config_delta=3 input_span=513 input_last_to_output_first=781 commit_delta=1810
BANK_OUTPUT_START epoch=1 profile=0 block=23 time_ns=623926.300000
BANK_OUTPUT epoch=1 profile=0 block=23 time_ns=629036.300000
BANK_FORWARD_ADMIT epoch=1 profile=0 index=24 fast_cycle=110090 time_ns=629088.602883 interval_cycles=4548
BANK_CAPTURE_START epoch=1 profile=0 block=25 time_ns=632066.300000
BANK_CAPTURE_COMMIT epoch=1 profile=0 block=25 time_ns=637176.300000
BANK_JOB epoch=1 inverse=0 admit=110090 config_delta=3 input_span=513 input_last_to_output_first=781 commit_delta=1810
BANK_JOB epoch=1 inverse=1 admit=111916 config_delta=3 input_span=513 input_last_to_output_first=781 commit_delta=1810
BANK_OUTPUT_START epoch=1 profile=0 block=24 time_ns=649906.300000
BANK_OUTPUT epoch=1 profile=0 block=24 time_ns=655016.300000
BANK_FORWARD_ADMIT epoch=1 profile=0 index=25 fast_cycle=114637 time_ns=655071.461325 interval_cycles=4547
BANK_CAPTURE_START epoch=1 profile=0 block=26 time_ns=658046.300000
BANK_CAPTURE_COMMIT epoch=1 profile=0 block=26 time_ns=663156.300000
BANK_JOB epoch=1 inverse=0 admit=114637 config_delta=3 input_span=513 input_last_to_output_first=781 commit_delta=1810
BANK_JOB epoch=1 inverse=1 admit=116463 config_delta=3 input_span=513 input_last_to_output_first=781 commit_delta=1810
BANK_OUTPUT_START epoch=1 profile=0 block=25 time_ns=675896.300000
BANK_OUTPUT epoch=1 profile=0 block=25 time_ns=681006.300000
BANK_FORWARD_ADMIT epoch=1 profile=0 index=26 fast_cycle=119185 time_ns=681060.034053 interval_cycles=4548
BANK_CAPTURE_START epoch=1 profile=0 block=27 time_ns=684036.300000
BANK_CAPTURE_COMMIT epoch=1 profile=0 block=27 time_ns=689146.300000
BANK_JOB epoch=1 inverse=0 admit=119185 config_delta=3 input_span=513 input_last_to_output_first=781 commit_delta=1810
BANK_JOB epoch=1 inverse=1 admit=121011 config_delta=3 input_span=513 input_last_to_output_first=781 commit_delta=1810
BANK_OUTPUT_START epoch=1 profile=0 block=26 time_ns=701886.300000
BANK_OUTPUT epoch=1 profile=0 block=26 time_ns=706996.300000
BANK_FORWARD_ADMIT epoch=1 profile=0 index=27 fast_cycle=123733 time_ns=707048.606781 interval_cycles=4548
BANK_CAPTURE_START epoch=1 profile=0 block=28 time_ns=710026.300000
BANK_CAPTURE_COMMIT epoch=1 profile=0 block=28 time_ns=715136.300000
BANK_JOB epoch=1 inverse=0 admit=123733 config_delta=3 input_span=513 input_last_to_output_first=781 commit_delta=1810
BANK_JOB epoch=1 inverse=1 admit=125559 config_delta=3 input_span=513 input_last_to_output_first=781 commit_delta=1810
BANK_OUTPUT_START epoch=1 profile=0 block=27 time_ns=727866.300000
BANK_OUTPUT epoch=1 profile=0 block=27 time_ns=732976.300000
BANK_FORWARD_ADMIT epoch=1 profile=0 index=28 fast_cycle=128280 time_ns=733031.465223 interval_cycles=4547
BANK_CAPTURE_START epoch=1 profile=0 block=29 time_ns=736006.300000
BANK_CAPTURE_COMMIT epoch=1 profile=0 block=29 time_ns=741116.300000
BANK_JOB epoch=1 inverse=0 admit=128280 config_delta=3 input_span=513 input_last_to_output_first=781 commit_delta=1810
BANK_JOB epoch=1 inverse=1 admit=130106 config_delta=3 input_span=513 input_last_to_output_first=781 commit_delta=1810
BANK_OUTPUT_START epoch=1 profile=0 block=28 time_ns=753856.300000
BANK_OUTPUT epoch=1 profile=0 block=28 time_ns=758966.300000
BANK_FORWARD_ADMIT epoch=1 profile=0 index=29 fast_cycle=132828 time_ns=759020.037951 interval_cycles=4548
BANK_CAPTURE_START epoch=1 profile=0 block=30 time_ns=761996.300000
BANK_CAPTURE_COMMIT epoch=1 profile=0 block=30 time_ns=767106.300000
BANK_JOB epoch=1 inverse=0 admit=132828 config_delta=3 input_span=513 input_last_to_output_first=781 commit_delta=1810
BANK_JOB epoch=1 inverse=1 admit=134654 config_delta=3 input_span=513 input_last_to_output_first=781 commit_delta=1810
BANK_OUTPUT_START epoch=1 profile=0 block=29 time_ns=779846.300000
BANK_OUTPUT epoch=1 profile=0 block=29 time_ns=784956.300000
BANK_FORWARD_ADMIT epoch=1 profile=0 index=30 fast_cycle=137376 time_ns=785008.610679 interval_cycles=4548
BANK_CAPTURE_START epoch=1 profile=0 block=31 time_ns=787986.300000
BANK_CAPTURE_COMMIT epoch=1 profile=0 block=31 time_ns=793096.300000
BANK_JOB epoch=1 inverse=0 admit=137376 config_delta=3 input_span=513 input_last_to_output_first=781 commit_delta=1810
BANK_JOB epoch=1 inverse=1 admit=139202 config_delta=3 input_span=513 input_last_to_output_first=781 commit_delta=1810
BANK_OUTPUT_START epoch=1 profile=0 block=30 time_ns=805826.300000
BANK_OUTPUT epoch=1 profile=0 block=30 time_ns=810936.300000
BANK_FORWARD_ADMIT epoch=1 profile=0 index=31 fast_cycle=141923 time_ns=810991.469121 interval_cycles=4547
BANK_JOB epoch=1 inverse=0 admit=141923 config_delta=3 input_span=513 input_last_to_output_first=781 commit_delta=1810
BANK_JOB epoch=1 inverse=1 admit=143749 config_delta=3 input_span=513 input_last_to_output_first=781 commit_delta=1810
BANK_OUTPUT_START epoch=1 profile=0 block=31 time_ns=831816.300000
BANK_OUTPUT epoch=1 profile=0 block=31 time_ns=836926.300000
BANK_CAPTURE_START epoch=2 profile=1 block=0 time_ns=837216.300000
BANK_CAPTURE_COMMIT epoch=2 profile=1 block=0 time_ns=843526.300000
BANK_FORWARD_ADMIT epoch=2 profile=1 index=0 fast_cycle=147623 time_ns=843562.899321 interval_cycles=0
BANK_CAPTURE_START epoch=2 profile=1 block=1 time_ns=846546.300000
BANK_CAPTURE_COMMIT epoch=2 profile=1 block=1 time_ns=852856.300000
BANK_JOB epoch=2 inverse=0 admit=147623 config_delta=3 input_span=513 input_last_to_output_first=781 commit_delta=1810
BANK_JOB epoch=2 inverse=1 admit=149449 config_delta=3 input_span=513 input_last_to_output_first=781 commit_delta=1810
BANK_OUTPUT_START epoch=2 profile=1 block=0 time_ns=864386.300000
BANK_OUTPUT epoch=2 profile=1 block=0 time_ns=871096.300000
BANK_FORWARD_ADMIT epoch=2 profile=1 index=1 fast_cycle=152451 time_ns=871151.472129 interval_cycles=4828
BANK_CAPTURE_START epoch=2 profile=1 block=2 time_ns=874126.300000
BANK_CAPTURE_COMMIT epoch=2 profile=1 block=2 time_ns=880436.300000
BANK_JOB epoch=2 inverse=0 admit=152451 config_delta=3 input_span=513 input_last_to_output_first=781 commit_delta=1810
BANK_JOB epoch=2 inverse=1 admit=154277 config_delta=3 input_span=513 input_last_to_output_first=781 commit_delta=1810
BANK_OUTPUT_START epoch=2 profile=1 block=1 time_ns=891996.300000
BANK_OUTPUT epoch=2 profile=1 block=1 time_ns=898666.300000
BANK_FORWARD_ADMIT epoch=2 profile=1 index=2 fast_cycle=157276 time_ns=898722.902079 interval_cycles=4825
BANK_CAPTURE_START epoch=2 profile=1 block=3 time_ns=901706.300000
BANK_CAPTURE_COMMIT epoch=2 profile=1 block=3 time_ns=908016.300000
BANK_JOB epoch=2 inverse=0 admit=157276 config_delta=3 input_span=513 input_last_to_output_first=781 commit_delta=1810
BANK_JOB epoch=2 inverse=1 admit=159102 config_delta=3 input_span=513 input_last_to_output_first=781 commit_delta=1810
BANK_OUTPUT_START epoch=2 profile=1 block=2 time_ns=919546.300000
BANK_OUTPUT epoch=2 profile=1 block=2 time_ns=926216.300000
BANK_FORWARD_ADMIT epoch=2 profile=1 index=3 fast_cycle=162097 time_ns=926271.474885 interval_cycles=4821
BANK_CAPTURE_START epoch=2 profile=1 block=4 time_ns=929246.300000
BANK_CAPTURE_COMMIT epoch=2 profile=1 block=4 time_ns=935556.300000
BANK_JOB epoch=2 inverse=0 admit=162097 config_delta=3 input_span=513 input_last_to_output_first=781 commit_delta=1810
BANK_JOB epoch=2 inverse=1 admit=163923 config_delta=3 input_span=513 input_last_to_output_first=781 commit_delta=1810
BANK_OUTPUT_START epoch=2 profile=1 block=3 time_ns=947096.300000
BANK_OUTPUT epoch=2 profile=1 block=3 time_ns=953766.300000
BANK_FORWARD_ADMIT epoch=2 profile=1 index=4 fast_cycle=166918 time_ns=953820.047691 interval_cycles=4821
BANK_CAPTURE_START epoch=2 profile=1 block=5 time_ns=956796.300000
BANK_CAPTURE_COMMIT epoch=2 profile=1 block=5 time_ns=963106.300000
BANK_JOB epoch=2 inverse=0 admit=166918 config_delta=3 input_span=513 input_last_to_output_first=781 commit_delta=1810
BANK_JOB epoch=2 inverse=1 admit=168744 config_delta=3 input_span=513 input_last_to_output_first=781 commit_delta=1810
BANK_OUTPUT_START epoch=2 profile=1 block=4 time_ns=974646.300000
BANK_OUTPUT epoch=2 profile=1 block=4 time_ns=981316.300000
BANK_FORWARD_ADMIT epoch=2 profile=1 index=5 fast_cycle=171739 time_ns=981368.620497 interval_cycles=4821
BANK_JOB epoch=2 inverse=0 admit=171739 config_delta=3 input_span=513 input_last_to_output_first=781 commit_delta=1810
BANK_JOB epoch=2 inverse=1 admit=173565 config_delta=3 input_span=513 input_last_to_output_first=781 commit_delta=1810
BANK_OUTPUT_START epoch=2 profile=1 block=5 time_ns=1002186.300000
BANK_OUTPUT epoch=2 profile=1 block=5 time_ns=1008856.300000
BANK_CAPTURE_START epoch=3 profile=0 block=0 time_ns=1009146.300000
BANK_CAPTURE_START epoch=4 profile=0 block=0 time_ns=1010666.300000
BANK_CAPTURE_COMMIT epoch=4 profile=0 block=0 time_ns=1015776.300000
BANK_FORWARD_ADMIT epoch=4 profile=0 index=0 fast_cycle=177767 time_ns=1015814.336505 interval_cycles=0
BANK_JOB epoch=4 inverse=0 admit=177767 config_delta=3 input_span=513 input_last_to_output_first=781 commit_delta=1810
BANK_JOB epoch=4 inverse=1 admit=179593 config_delta=3 input_span=513 input_last_to_output_first=781 commit_delta=1810
BANK_OUTPUT_START epoch=4 profile=0 block=0 time_ns=1036636.300000
BANK_OUTPUT epoch=4 profile=0 block=0 time_ns=1041746.300000
BANK_CAPTURE_START epoch=5 profile=0 block=0 time_ns=1042026.300000
BANK_CAPTURE_COMMIT epoch=5 profile=0 block=0 time_ns=1047136.300000
BANK_FORWARD_ADMIT epoch=5 profile=0 index=0 fast_cycle=183255 time_ns=1047174.338073 interval_cycles=0
BANK_CAPTURE_START epoch=6 profile=0 block=0 time_ns=1048176.300000
BANK_CAPTURE_COMMIT epoch=6 profile=0 block=0 time_ns=1053286.300000
BANK_FORWARD_ADMIT epoch=6 profile=0 index=0 fast_cycle=184331 time_ns=1053322.909809 interval_cycles=0
BANK_JOB epoch=6 inverse=0 admit=184331 config_delta=3 input_span=513 input_last_to_output_first=781 commit_delta=1810
BANK_JOB epoch=6 inverse=1 admit=186157 config_delta=3 input_span=513 input_last_to_output_first=781 commit_delta=1810
BANK_OUTPUT_START epoch=6 profile=0 block=0 time_ns=1074146.300000
BANK_OUTPUT epoch=6 profile=0 block=0 time_ns=1079256.300000
BANK_CAPTURE_START epoch=7 profile=0 block=0 time_ns=1079546.300000
BANK_CAPTURE_COMMIT epoch=7 profile=0 block=0 time_ns=1084656.300000
BANK_FORWARD_ADMIT epoch=7 profile=0 index=0 fast_cycle=189821 time_ns=1084694.339949 interval_cycles=0
BANK_JOB epoch=7 inverse=0 admit=189821 config_delta=3 input_span=513 input_last_to_output_first=781 commit_delta=1810
BANK_CAPTURE_START epoch=8 profile=0 block=0 time_ns=1096136.300000
BANK_CAPTURE_COMMIT epoch=8 profile=0 block=0 time_ns=1101246.300000
BANK_FORWARD_ADMIT epoch=8 profile=0 index=0 fast_cycle=192724 time_ns=1101282.912207 interval_cycles=0
BANK_JOB epoch=8 inverse=0 admit=192724 config_delta=3 input_span=513 input_last_to_output_first=781 commit_delta=1810
BANK_JOB epoch=8 inverse=1 admit=194550 config_delta=3 input_span=513 input_last_to_output_first=781 commit_delta=1810
BANK_OUTPUT_START epoch=8 profile=0 block=0 time_ns=1122106.300000
BANK_OUTPUT epoch=8 profile=0 block=0 time_ns=1127216.300000
BANK_CAPTURE_START epoch=9 profile=0 block=0 time_ns=1127506.300000
BANK_CAPTURE_COMMIT epoch=9 profile=0 block=0 time_ns=1132616.300000
BANK_FORWARD_ADMIT epoch=9 profile=0 index=0 fast_cycle=198214 time_ns=1132654.342347 interval_cycles=0
BANK_JOB epoch=9 inverse=0 admit=198214 config_delta=3 input_span=513 input_last_to_output_first=781 commit_delta=1810
BANK_JOB epoch=9 inverse=1 admit=200040 config_delta=3 input_span=513 input_last_to_output_first=781 commit_delta=1810
BANK_CAPTURE_START epoch=10 profile=0 block=0 time_ns=1153686.300000
BANK_CAPTURE_COMMIT epoch=10 profile=0 block=0 time_ns=1158796.300000
BANK_FORWARD_ADMIT epoch=10 profile=0 index=0 fast_cycle=202795 time_ns=1158831.486513 interval_cycles=0
BANK_JOB epoch=10 inverse=0 admit=202795 config_delta=3 input_span=513 input_last_to_output_first=781 commit_delta=1810
BANK_JOB epoch=10 inverse=1 admit=204621 config_delta=3 input_span=513 input_last_to_output_first=781 commit_delta=1810
BANK_OUTPUT_START epoch=10 profile=0 block=0 time_ns=1179656.300000
BANK_OUTPUT epoch=10 profile=0 block=0 time_ns=1184766.300000
BANK_CAPTURE_START epoch=11 profile=0 block=0 time_ns=1185056.300000
BANK_CAPTURE_COMMIT epoch=11 profile=0 block=0 time_ns=1190166.300000
BANK_FORWARD_ADMIT epoch=11 profile=0 index=0 fast_cycle=208285 time_ns=1190202.916653 interval_cycles=0
BANK_JOB epoch=11 inverse=0 admit=208285 config_delta=3 input_span=513 input_last_to_output_first=781 commit_delta=1830
BANK_JOB epoch=11 inverse=1 admit=210131 config_delta=3 input_span=513 input_last_to_output_first=781 commit_delta=1810
BANK_OUTPUT_START epoch=11 profile=0 block=0 time_ns=1211136.300000
BANK_OUTPUT epoch=11 profile=0 block=0 time_ns=1216246.300000
BANK_CAPTURE_START epoch=12 profile=0 block=0 time_ns=1216536.300000
BANK_CAPTURE_COMMIT epoch=12 profile=0 block=0 time_ns=1221646.300000
BANK_FORWARD_ADMIT epoch=12 profile=0 index=0 fast_cycle=213794 time_ns=1221682.918227 interval_cycles=0
BANK_JOB epoch=12 inverse=0 admit=213794 config_delta=3 input_span=513 input_last_to_output_first=781 commit_delta=1810
BANK_CAPTURE_START epoch=13 profile=0 block=0 time_ns=1232606.300000
BANK_CAPTURE_COMMIT epoch=13 profile=0 block=0 time_ns=1237716.300000
BANK_FORWARD_ADMIT epoch=13 profile=0 index=0 fast_cycle=216606 time_ns=1237751.490459 interval_cycles=0
BANK_JOB epoch=13 inverse=0 admit=216606 config_delta=3 input_span=513 input_last_to_output_first=781 commit_delta=1810
BANK_CAPTURE_START epoch=14 profile=0 block=0 time_ns=1248706.300000
BANK_CAPTURE_COMMIT epoch=14 profile=0 block=0 time_ns=1253816.300000
BANK_FORWARD_ADMIT epoch=14 profile=0 index=0 fast_cycle=219424 time_ns=1253854.348407 interval_cycles=0
BANK_CAPTURE_START epoch=15 profile=0 block=0 time_ns=1262226.300000
BANK_CAPTURE_COMMIT epoch=15 profile=0 block=0 time_ns=1267336.300000
BANK_FORWARD_ADMIT epoch=15 profile=0 index=0 fast_cycle=221790 time_ns=1267374.349083 interval_cycles=0
BANK_CAPTURE_START epoch=16 profile=0 block=0 time_ns=1275746.300000
BANK_CAPTURE_COMMIT epoch=16 profile=0 block=0 time_ns=1280856.300000
BANK_FORWARD_ADMIT epoch=16 profile=0 index=0 fast_cycle=224156 time_ns=1280894.349759 interval_cycles=0
BANK_CAPTURE_START epoch=17 profile=0 block=0 time_ns=1289266.300000
BANK_CAPTURE_COMMIT epoch=17 profile=0 block=0 time_ns=1294376.300000
BANK_FORWARD_ADMIT epoch=17 profile=0 index=0 fast_cycle=226522 time_ns=1294414.350435 interval_cycles=0
BANK_CAPTURE_START epoch=18 profile=0 block=0 time_ns=1295746.300000
BANK_CAPTURE_COMMIT epoch=18 profile=0 block=0 time_ns=1300856.300000
BANK_FORWARD_ADMIT epoch=18 profile=0 index=0 fast_cycle=227656 time_ns=1300894.350759 interval_cycles=0
BANK_CAPTURE_START epoch=19 profile=0 block=0 time_ns=1308886.300000
BANK_CAPTURE_COMMIT epoch=19 profile=0 block=0 time_ns=1313996.300000
BANK_FORWARD_ADMIT epoch=19 profile=0 index=0 fast_cycle=229955 time_ns=1314031.494273 interval_cycles=0
BANK_JOB epoch=19 inverse=0 admit=229955 config_delta=3 input_span=513 input_last_to_output_first=781 commit_delta=1810
BANK_CAPTURE_START epoch=20 profile=0 block=0 time_ns=1335376.300000
BANK_CAPTURE_COMMIT epoch=20 profile=0 block=0 time_ns=1340486.300000
BANK_FORWARD_ADMIT epoch=20 profile=0 index=0 fast_cycle=234591 time_ns=1340522.924169 interval_cycles=0
BANK_JOB epoch=20 inverse=0 admit=234591 config_delta=3 input_span=513 input_last_to_output_first=781 commit_delta=1810
BANK_JOB epoch=20 inverse=1 admit=236417 config_delta=3 input_span=513 input_last_to_output_first=781 commit_delta=1810
BANK_CAPTURE_START epoch=21 profile=0 block=0 time_ns=1361866.300000
BANK_CAPTURE_COMMIT epoch=21 profile=0 block=0 time_ns=1366976.300000
BANK_FORWARD_ADMIT epoch=21 profile=0 index=0 fast_cycle=239227 time_ns=1367014.354065 interval_cycles=0
BANK_CAPTURE_START epoch=21 profile=0 block=1 time_ns=1369996.300000
BANK_CAPTURE_COMMIT epoch=21 profile=0 block=1 time_ns=1375106.300000
BANK_JOB epoch=21 inverse=0 admit=239227 config_delta=3 input_span=513 input_last_to_output_first=781 commit_delta=1810
BANK_JOB epoch=21 inverse=1 admit=241053 config_delta=3 input_span=513 input_last_to_output_first=781 commit_delta=1810
BANK_OUTPUT_START epoch=21 profile=0 block=0 time_ns=1387836.300000
BANK_PREFIX_FAULT_INJECT fast_cycle=243094 slow_cycle=138910 accepted_words=128 time_ns=1389108.640884
BANK_PREFIX_FAULT_QUARANTINED accepted_words=130 complete_blocks=0 queued_source_blocks=1
BANK_CAPTURE_START epoch=22 profile=0 block=0 time_ns=1389686.300000
BANK_CAPTURE_COMMIT epoch=22 profile=0 block=0 time_ns=1394796.300000
BANK_FORWARD_ADMIT epoch=22 profile=0 index=0 fast_cycle=244095 time_ns=1394831.498313 interval_cycles=0
BANK_JOB epoch=22 inverse=0 admit=244095 config_delta=3 input_span=513 input_last_to_output_first=781 commit_delta=1810
BANK_JOB epoch=22 inverse=1 admit=245921 config_delta=3 input_span=513 input_last_to_output_first=781 commit_delta=1810
BANK_OUTPUT_START epoch=22 profile=0 block=0 time_ns=1415656.300000
BANK_OUTPUT epoch=22 profile=0 block=0 time_ns=1420766.300000
COMPLETED_INPUT_ACTUAL_CORE_EQ_PASS return_checks=101832 full_shadow_checks=496312
FFT_BANK_OWNED_SLICE_PASS fast_mhz=175 healthy_blocks=44 inverse_words=22658 forward_words=24064 product_words=24064 purge_cases=4 fault_cases=10 overlap_loads=37 acceptance_equality_witnesses=2 closed_input_prefetch_witnesses=13462 held_final_ready_witnesses=3 provisional_prefix_words=130 nominal_max_forward_interval_cycles=4548
BANK_CAPTURE_START epoch=23 profile=0 block=0 time_ns=1421056.300000
BANK_CAPTURE_COMMIT epoch=23 profile=0 block=0 time_ns=1426166.300000
BANK_FORWARD_ADMIT epoch=23 profile=0 index=0 fast_cycle=249585 time_ns=1426202.928453 interval_cycles=0
BANK_JOB epoch=23 inverse=0 admit=249585 config_delta=3 input_span=513 input_last_to_output_first=781 commit_delta=1810
BANK_CAPTURE_START epoch=24 profile=0 block=0 time_ns=1437166.300000
BANK_CAPTURE_COMMIT epoch=24 profile=0 block=0 time_ns=1442276.300000
BANK_FORWARD_ADMIT epoch=24 profile=0 index=0 fast_cycle=252404 time_ns=1442311.500687 interval_cycles=0
BANK_JOB epoch=24 inverse=0 admit=252404 config_delta=3 input_span=513 input_last_to_output_first=781 commit_delta=1810
BANK_CAPTURE_START epoch=25 profile=0 block=0 time_ns=1453266.300000
BANK_CAPTURE_COMMIT epoch=25 profile=0 block=0 time_ns=1458376.300000
BANK_FORWARD_ADMIT epoch=25 profile=0 index=0 fast_cycle=255222 time_ns=1458414.358635 interval_cycles=0
BANK_JOB epoch=25 inverse=0 admit=255222 config_delta=3 input_span=513 input_last_to_output_first=781 commit_delta=1810
BANK_CAPTURE_START epoch=26 profile=0 block=0 time_ns=1469376.300000
BANK_CAPTURE_COMMIT epoch=26 profile=0 block=0 time_ns=1474486.300000
BANK_FORWARD_ADMIT epoch=26 profile=0 index=0 fast_cycle=258041 time_ns=1474522.930869 interval_cycles=0
BANK_JOB epoch=26 inverse=0 admit=258041 config_delta=3 input_span=513 input_last_to_output_first=781 commit_delta=1810
BANK_CAPTURE_START epoch=27 profile=0 block=0 time_ns=1485486.300000
BANK_CAPTURE_COMMIT epoch=27 profile=0 block=0 time_ns=1490596.300000
BANK_FORWARD_ADMIT epoch=27 profile=0 index=0 fast_cycle=260860 time_ns=1490631.503103 interval_cycles=0
BANK_JOB epoch=27 inverse=0 admit=260860 config_delta=3 input_span=513 input_last_to_output_first=781 commit_delta=1810
BANK_CAPTURE_START epoch=28 profile=0 block=0 time_ns=1501586.300000
BANK_CAPTURE_COMMIT epoch=28 profile=0 block=0 time_ns=1506696.300000
BANK_FORWARD_ADMIT epoch=28 profile=0 index=0 fast_cycle=263678 time_ns=1506734.361051 interval_cycles=0
BANK_JOB epoch=28 inverse=0 admit=263678 config_delta=3 input_span=513 input_last_to_output_first=781 commit_delta=1810
BANK_CAPTURE_START epoch=29 profile=0 block=0 time_ns=1517696.300000
BANK_CAPTURE_COMMIT epoch=29 profile=0 block=0 time_ns=1522806.300000
BANK_FORWARD_ADMIT epoch=29 profile=0 index=0 fast_cycle=266497 time_ns=1522842.933285 interval_cycles=0
BANK_JOB epoch=29 inverse=0 admit=266497 config_delta=3 input_span=513 input_last_to_output_first=781 commit_delta=1810
BANK_CAPTURE_START epoch=30 profile=0 block=0 time_ns=1533806.300000
BANK_CAPTURE_COMMIT epoch=30 profile=0 block=0 time_ns=1538916.300000
BANK_FORWARD_ADMIT epoch=30 profile=0 index=0 fast_cycle=269316 time_ns=1538951.505519 interval_cycles=0
BANK_JOB epoch=30 inverse=0 admit=269316 config_delta=3 input_span=513 input_last_to_output_first=781 commit_delta=1810
BANK_CAPTURE_START epoch=31 profile=0 block=0 time_ns=1549926.300000
BANK_CAPTURE_COMMIT epoch=31 profile=0 block=0 time_ns=1555036.300000
BANK_FORWARD_ADMIT epoch=31 profile=0 index=0 fast_cycle=272137 time_ns=1555071.506325 interval_cycles=0
BANK_JOB epoch=31 inverse=0 admit=272137 config_delta=3 input_span=513 input_last_to_output_first=781 commit_delta=1810
BANK_CAPTURE_START epoch=32 profile=0 block=0 time_ns=1566046.300000
BANK_CAPTURE_COMMIT epoch=32 profile=0 block=0 time_ns=1571156.300000
BANK_FORWARD_ADMIT epoch=32 profile=0 index=0 fast_cycle=274958 time_ns=1571191.507131 interval_cycles=0
BANK_JOB epoch=32 inverse=0 admit=274958 config_delta=3 input_span=513 input_last_to_output_first=781 commit_delta=1810
BANK_CAPTURE_START epoch=33 profile=0 block=0 time_ns=1582166.300000
BANK_CAPTURE_COMMIT epoch=33 profile=0 block=0 time_ns=1587276.300000
BANK_FORWARD_ADMIT epoch=33 profile=0 index=0 fast_cycle=277779 time_ns=1587311.507937 interval_cycles=0
BANK_JOB epoch=33 inverse=0 admit=277779 config_delta=3 input_span=513 input_last_to_output_first=781 commit_delta=1810
BANK_CAPTURE_START epoch=34 profile=0 block=0 time_ns=1598286.300000
BANK_CAPTURE_COMMIT epoch=34 profile=0 block=0 time_ns=1603396.300000
BANK_FORWARD_ADMIT epoch=34 profile=0 index=0 fast_cycle=280600 time_ns=1603431.508743 interval_cycles=0
BANK_JOB epoch=34 inverse=0 admit=280600 config_delta=3 input_span=513 input_last_to_output_first=781 commit_delta=1810
BANK_CAPTURE_START epoch=35 profile=0 block=0 time_ns=1614066.300000
BANK_CAPTURE_COMMIT epoch=35 profile=0 block=0 time_ns=1619176.300000
BANK_FORWARD_ADMIT epoch=35 profile=0 index=0 fast_cycle=283362 time_ns=1619214.366675 interval_cycles=0
BANK_JOB epoch=35 inverse=0 admit=283362 config_delta=3 input_span=513 input_last_to_output_first=781 commit_delta=1810
BANK_JOB epoch=35 inverse=1 admit=285188 config_delta=3 input_span=513 input_last_to_output_first=781 commit_delta=1810
BANK_OUTPUT_START epoch=35 profile=0 block=0 time_ns=1640036.300000
BANK_OUTPUT epoch=35 profile=0 block=0 time_ns=1645146.300000
RAW_READY_CERTIFIED_ACK_PASS handoff_fault_cases=11 raw_ready_differences=1386 late_ack_witnesses=4 late_orphan_private_advances=0 handoff_reset_recovery=1 full_shadow_checks=574274
BANK_CAPTURE_START epoch=36 profile=0 block=0 time_ns=1645426.300000
BANK_CAPTURE_COMMIT epoch=36 profile=0 block=0 time_ns=1650536.300000
BANK_CAPTURE_START epoch=37 profile=0 block=0 time_ns=1651136.300000
BANK_CAPTURE_COMMIT epoch=37 profile=0 block=0 time_ns=1656246.300000
BANK_CAPTURE_START epoch=38 profile=0 block=0 time_ns=1656846.300000
BANK_CAPTURE_COMMIT epoch=38 profile=0 block=0 time_ns=1661956.300000
BANK_CAPTURE_START epoch=39 profile=0 block=0 time_ns=1662566.300000
BANK_CAPTURE_COMMIT epoch=39 profile=0 block=0 time_ns=1667676.300000
BANK_FORWARD_ADMIT epoch=39 profile=0 index=0 fast_cycle=291849 time_ns=1667711.511957 interval_cycles=0
BANK_CAPTURE_START epoch=40 profile=0 block=0 time_ns=1668286.300000
BANK_CAPTURE_COMMIT epoch=40 profile=0 block=0 time_ns=1673396.300000
BANK_FORWARD_ADMIT epoch=40 profile=0 index=0 fast_cycle=292850 time_ns=1673431.512243 interval_cycles=0
Fatal: fault was not sticky/fail closed
Time: 1673574370393 fs  Iteration: 0  Process: /tb_starlink_pss_fft_bank_owned_slice(FAST_MHZ=175,REGISTERED_SCHEDULING=1)/await_fault  Scope: \tb_starlink_pss_fft_bank_owned_slice(FAST_MHZ=175,REGISTERED_SCHEDULING=1) .await_fault  File: /tmp/starlink-completed-input.5EaJuD/registered-actual-v2/frozen_sources/tb_starlink_pss_fft_bank_owned_slice.sv Line: 321
$finish called at time : 1673574370393 fs
INFO: xsimkernel Simulation Memory Usage: 135448 KB (Peak: 184612 KB), Simulation CPU Usage: 123600 ms
